
ExaChem Git Information
{
 WARNING: Failed to retrieve the current git state.
}


TAMM Git Information
{
 Branch: main
 Commit Hash: e71357ad [e71357ad54f38748b4a7e175aa6760820d5ce96f]
 Commit Date: 2026-02-02 23:14:56 -0800
 Commit Message: add GitHub Actions workflow for releases
}


date: Wed Aug  5 20:58:37 2026
program: "/global/cfs/cdirs/m3196/heindelj/cavity_qed/software/install_gpu/bin/bin/ExaChem"
nnodes: 1, nproc_per_node: 4, nproc_total: 4, ngpus_per_node: 1, ngpus_total: 1

Memory information
{
[AMD EPYC 7763 64-Core Processor                ] : 
  CPU memory per node (GiB): 251
  Total CPU memory (GiB): 251
[NVIDIA A100-SXM4-40GB, CUDA v12.9] : 
  GPU memory per device (GiB): 39
  GPU memory per node (GiB): 39
  Total GPU memory (GiB): 39
}

------------------------------------------------------------

Input file provided: /global/cfs/cdirs/m4262/heindelj/cavity_qed/mlip/lambda_scans/grid_scans_optimized_geoms/runs_grid_no_freq/para_th54_ph126/para_th54_ph126_qed_ccsd_input.json

{
  "geometry": {
    "coordinates": [
      "C    -0.471814608700    1.228791083000    0.718112820900",
      "C     0.878733092300    1.246491286400    0.744968512700",
      "C     1.527444922900    0.008239590400    0.724972596900",
      "H    -1.030512324300    2.149403055400    0.762168343200",
      "H     1.459215277300    2.156705647000    0.762919520800",
      "N     3.005407507300    0.041145956600    0.757576284800",
      "O     3.520584117000   -0.756623705300    1.492473981700",
      "O     3.515360548400    0.878434095700    0.063392559900",
      "C    -0.453789474500   -1.257555530100    0.572408730000",
      "H    -0.995769593300   -2.190611303200    0.484333671300",
      "C     0.900808933000   -1.238094383100    0.670473238900",
      "H     1.492477821100   -2.137783534100    0.678017675500",
      "C    -1.237418810400   -0.020110183300    0.640348137000",
      "H    -1.918044385500   -0.099298218900    1.490475808600",
      "Br   -2.426763754600    0.138386621300   -0.897202240900"
    ],
    "units": "angstrom",
    "noorient": true
  },
  "common": {
    "maxiter": 100,
    "debug": false
  },
  "basis": {
    "basisset": "6-311G*"
  },
  "SCF": {
    "charge": 1,
    "multiplicity": 1,
    "lshift": 0,
    "tol_lindep": 1e-10,
    "conve": 1e-07,
    "convd": 1e-05,
    "diis_hist": 10,
    "writem": 10,
    "restart": false,
    "noscf": false,
    "scf_type": "restricted",
    "debug": false,
    "qed_omegas": [
      0.06615
    ],
    "qed_volumes": [],
    "qed_lambdas": [
      0.1
    ],
    "qed_polvecs": [
      [
        -0.47552825814757677,
        0.6545084971874738,
        0.5877852522924732
      ]
    ],
    "direct_df": false
  },
  "CD": {
    "debug": false,
    "diagtol": 1e-06
  },
  "CC": {
    "threshold": 1e-06,
    "ndiis": 5,
    "ccsd_maxiter": 200,
    "tilesize": 40,
    "freeze": {
      "atomic": true
    },
    "readt": false,
    "writet": true,
    "writet_iter": 5,
    "debug": false,
    "profile_ccsd": false,
    "balance_tiles": true
  },
  "TASK": {
    "scf": false,
    "ccsd": true
  }
}

Output folder & files prefix: para_th54_ph126_qed_ccsd_input.6-311g*

  C (carbon)
  ----------
          Exponent        Coefficients
      ----------------  --------------------
  1 S  4.56324000E+03      0.778202
  1 S  6.82024000E+02      1.448695
  1 S  1.54973000E+02      2.383089
  1 S  4.44553000E+01      3.200089
  1 S  1.30290000E+01      3.013004
  1 S  1.82773000E+00      0.247599

  2 S  2.09642000E+01      0.800629
  2 S  4.80331000E+00      2.127420
  2 S  1.45933000E+00     -0.002868

  3 P  2.09642000E+01      2.573592
  3 P  4.80331000E+00      2.408248
  3 P  1.45933000E+00      1.865281

  4 S  4.83456000E-01      0.413217

  5 P  4.83456000E-01      0.574627

  6 S  1.45585000E-01      0.167976

  7 P  1.45585000E-01      0.128185

  8 D  6.26000000E-01      0.725128


  H (hydrogen)
  ------------
          Exponent        Coefficients
      ----------------  --------------------
  1 S  3.38650000E+01      0.255069
  1 S  5.09479000E+00      0.460109
  1 S  1.15879000E+00      0.678321

  2 S  3.25840000E-01      0.307371

  3 S  1.02741000E-01      0.129336


  N (nitrogen)
  ------------
          Exponent        Coefficients
      ----------------  --------------------
  1 S  6.29348000E+03      0.991968
  1 S  9.49044000E+02      1.823240
  1 S  2.18776000E+02      2.979891
  1 S  6.36916000E+01      4.000007
  1 S  1.88282000E+01      3.881008
  1 S  2.72023000E+00      0.386764

  2 S  3.06331000E+01      1.038501
  2 S  7.02614000E+00      2.834794
  2 S  2.11205000E+00     -0.003208

  3 P  3.06331000E+01      3.935616
  3 P  7.02614000E+00      3.870994
  3 P  2.11205000E+00      2.967271

  4 S  6.84009000E-01      0.536051

  5 P  6.84009000E-01      0.886681

  6 S  2.00878000E-01      0.213850

  7 P  2.00878000E-01      0.191693

  8 D  9.13000000E-01      1.403568


  O (oxygen)
  ----------
          Exponent        Coefficients
      ----------------  --------------------
  1 S  8.58850000E+03      1.205013
  1 S  1.29723000E+03      2.216205
  1 S  2.99296000E+02      3.627452
  1 S  8.73771000E+01      4.888452
  1 S  2.56789000E+01      4.835721
  1 S  3.74004000E+00      0.538229

  2 S  4.21175000E+01      1.341958
  2 S  9.62837000E+00      3.587114
  2 S  2.85332000E+00     -0.005123

  3 P  4.21175000E+01      5.584018
  3 P  9.62837000E+00      5.733366
  3 P  2.85332000E+00      4.332955

  4 S  9.05661000E-01      0.661659

  5 P  9.05661000E-01      1.259352

  6 S  2.55611000E-01      0.256209

  7 P  2.55611000E-01      0.259068

  8 D  1.29200000E+00      2.577026


  Br (bromine)
  ------------
          Exponent        Coefficients
      ----------------  --------------------
  1 S  4.39700000E+05      9.893706
  1 S  6.60300000E+04     18.450679
  1 S  1.51400000E+04     31.049770
  1 S  4.31700000E+03     48.888138
  1 S  1.41400000E+03     64.847798
  1 S  5.23900000E+02     42.245010

  2 S  5.23900000E+02     14.290679
  2 S  2.07700000E+02     24.083128
  2 S  8.65400000E+01      5.132542

  3 S  3.05200000E+01      9.254405

  4 S  1.29800000E+01      4.873782

  5 S  4.41200000E+00      2.169635

  6 S  1.86200000E+00      1.136043

  7 S  3.93200000E-01      0.353892

  8 S  1.40000000E-01      0.163120

  9 P  2.95700000E+03    691.874478
  9 P  7.00300000E+02    925.332763
  9 P  2.24600000E+02   1068.830732

  10 P  8.25900000E+01    122.079275
  10 P  3.31900000E+01     57.580687
  10 P  1.42000000E+01     10.176170

  11 P  1.42000000E+01      3.129736
  11 P  7.43800000E+00      6.538168
  11 P  3.52600000E+00      4.166276

  12 P  1.59500000E+00      2.555000

  13 P  8.46200000E-01      1.156861

  14 P  3.18600000E-01      0.341191

  15 P  1.09600000E-01      0.089888

  16 D  1.34800000E+02    160.709187
  16 D  3.63900000E+01    119.797406
  16 D  1.21600000E+01     55.531619
  16 D  4.34100000E+00     12.984636

  17 D  1.53500000E+00      3.484168

  18 D  4.51000000E-01      0.408525



Printing Internal Coordinates

------------------------------------------------------------
                Bond Lengths

i      j        Length (Angstroms)     Length (Bohr)
0      1          1.3509306489         2.5528889415
0      3          1.0777803256         2.0367096392
0      12         1.4669531392         2.7721396727
1      2          1.3980322380         2.6418980450
1      4          1.0797092146         2.0403547112
2      5          1.4786883479         2.7943160031
2      10         1.3960627555         2.6381762625
5      6          1.2007988997         2.2691810527
5      7          1.2012470920         2.2700280133
8      9          1.0826323203         2.0458785803
8      10         1.3582828239         2.5667825387
8      12         1.4662747646         2.7708577305
10     11         1.0768331162         2.0349196729
12     13         1.0918969624         2.0633862166
12     14         1.9503137691         3.6855588832

Number of Bonds: 15

------------------------------------------------------------
           Bond Angles

i      j      k      Angle (degrees)
0      1      2        116.8719 
0      1      4        123.2883 
0      12     8        116.2333 
0      12     13       110.2302 
0      12     14       106.9101 
1      0      3        120.4128 
1      0      12       122.2735 
1      2      5        116.3443 
1      2      10       125.6616 
2      1      4        119.8307 
2      5      6        115.3107 
2      5      7        115.2824 
2      10     8        117.5971 
2      10     11       119.9330 
3      0      12       117.3118 
5      2      10       117.9932 
6      5      7        129.3913 
8      10     11       122.4455 
8      12     13       107.9391 
8      12     14       110.9754 
9      8      10       121.1632 
9      8      12       117.6173 
10     8      12       121.1680 
13     12     14       103.8609 

Number of Angles: 24

------------------------------------------------------------
              Torsional Angles

i      j      k      l      Angle (degrees)
3      0      1      2        178.1094 
4      1      0      3         -2.9952 
8      10     2      1          2.9065 
9      8      10     2        177.4079 
10     2      1      0          0.4731 
10     2      1      4       -178.4626 
11     10     2      1       -178.8441 
11     10     8      9         -0.7944 
12     8      10     2         -5.2659 
12     8      10     11       176.5318 
13     12     8      9         57.4144 
13     12     8      10      -120.0035 
14     12     8      9        -55.7763 
14     12     8      10       126.8058 

Number of Torsional Angles: 14


----------------------------------------------------------------------
                          Center of Mass

         x               y               z              Unit
   -0.1310039845   0.06442272796   0.08307078181      Angstrom
   -0.2475616521    0.1217413121    0.1569810267          Bohr

----------------------------------------------------------------------
                Moment of Inertia Tensor

            926.05             58.54          -1090.55
             58.54           4336.74           85.9326
          -1090.55           85.9326           4233.09

----------------------------------------------------------------------
                      Principal Moments of Inertia

           x                 y                 z                Unit
       167.1946489       1209.892139       1282.030333       amu * ang^2
       597.0629305       4320.603268       4578.213433      amu * bohr^2
  2.7763343565e-38  2.0090745350e-37  2.1288629050e-37          g * cm^2

 - Molecule is an asymmetric top.

----------------------------------------------------------------------

         Rotational constants (MHz)

    A = 3.0227e+03        B = 4.1771e+02        C = 3.9420e+02

----------------------------------------------------------------------

        Rotational constants (cm-1)

    A = 1.0083e-01        B = 1.3933e-02        C = 1.3149e-02

----------------------------------------------------------------------

                                Z-Matrix
C   
C        1       2.5528889
C        2        2.641898     1       116.87189
H        3      6.30418691     2     22.41778514     1         -1.3812
H        4      4.70492375     3     40.10393523     2         -0.1851
N        5      4.95177906     4    125.99364242     3         -0.8553
O        6      2.26918105     5    142.02546247     4        -85.8522
O        7      4.10367202     6     25.30941672     5       -113.4440
C        8      8.57188208     7     64.76727902     6        -11.2649
H        9      2.04587858     8    146.59021186     7        -61.4145
C       10      4.02602438     9     33.06209999     8         21.1831
H       11      2.03491967    10     96.67281699     9        179.3250
C       12      6.52935108    11     18.86819965    10         -4.2425
H       13      2.06338622    12    116.07562620    11       -118.6989
Br      14      4.63514648    13     50.53192807    12       -137.7506

----------------------------------------------------------------------

             Converted back to Cartesian

C        0.000000      0.000000      0.000000
C        0.000000      0.000000      2.552889
C        0.000000      0.094035     -0.087335
H        0.000018     -0.173372      6.211178
H       -0.000016      0.083607      1.513277
N        0.000139     -0.376374      6.443646
O        0.002573     -0.068096      4.195504
O       -0.001543     -0.656924      8.256709
C        0.006100      0.740152     -0.200553
H        0.006502      0.316961      1.801079
C        0.004462      1.189354     -2.129290
H        0.004067      0.690126     -0.156559
C        0.006278      2.328320     -6.477060
H        0.006386      1.740340     -4.499222
Br       0.008348      3.129364     -8.921348

----------------------------------------------------------------------
                       Geometry in bohr 

1     C      -0.8916003926    2.3220786128    1.3570365590
2     C       1.6605648822    2.3555271496    1.4077864614
3     C       2.8864525767    0.0155705692    1.3699996569
4     H      -1.9473860623    4.0617831089    1.4402894305
5     H       2.7575172328    4.0755830070    1.4417089504
6     N       5.6793970855    0.0777545892    1.4316116978
7     O       6.6529397844   -1.4298115834    2.8203670755
8     O       6.6430686703    1.6599998605    0.1197945766
9     C      -0.8575378256   -2.3764355400    1.0816957318
10    H      -1.8817318158   -4.1396554114    0.9152579923
11    C       1.7022821751   -2.3396593021    1.2670107963
12    H       2.8203743309   -4.0398253959    1.2812677152
13    C      -2.3383826547   -0.0380027388    1.2100826042
14    H      -3.6245785859   -0.1876464385    2.8165910755
15    Br     -4.5859188685    0.2615128137   -1.6954665149

 Number of nodes, processes per node used for SCF calculation: 1, 4

Common Options
{
  maxiter       = 100
  basis         = 6-311g* spherical
  geom_units    = angstrom
  ang2au factor = 1.889726126
  debug         = false
  file_prefix   = para_th54_ph126_qed_ccsd_input
}

SCF Options
{
  charge            = 1
  multiplicity      = 1
  level shift       = 0
  tol_int           = 1e-22
  tol_sch           = 1e-12
  tol_lindep        = 1e-10
  conve             = 1e-07
  convd             = 1e-05
  diis_hist         = 10
  AO_tilesize       = 30
  writem            = 10
  damp              = 100
  n_lindep          = 0
  scf_type          = restricted
  cuscf             = false
  qed_omegas        = [0.06615,]
  qed_lambdas       = [0.1,]
  qed_polvecs       = [[-0.4755282581,0.6545084972,0.5877852523,],]
  direct_df         = false
  restart_size      = 2000
  restart           = false
  debug             = false
}

Number of basis functions = 221

Total number of shells = 105

Total number of electrons = 98
  # of alpha electrons    = 49
  # of beta electons      = 49

Nuclear repulsion energy  = 731.55127017743

# of {all,non-negligible} shell-pairs = {5565,4879}
Number of AO tiles = 105

Time for initial setup: 0.01 secs
HF exch = 1.00

Time for computing 1-e integrals T, V, S: 0.01 secs
Time for computing orthogonalizer: 0.01 secs

Superposition of Atomic Density Guess ...
Time taken for SAD: 0.30 secs
Total Time to compute initial guess: 0.31 secs


 SCF iterations
-----------------------------------------------------------------------------
 Iter     Energy            E-Diff       RMSD        |[F,P]|^2       Time(s)
-----------------------------------------------------------------------------
   1  -3011.7663579437    -3.01e+03     1.67e-02     1.50e+03         0.6 
   2  -3005.8020929677     5.96e+00     6.97e-03     8.03e+00         2.1 
   3  -3006.0033123755    -2.01e-01     2.76e-03     3.68e+00         2.1 
   4  -3006.1073173886    -1.04e-01     1.15e-03     1.16e-01         2.1 
   5  -3006.1135243415    -6.21e-03     2.42e-04     1.24e-02         2.1 
   6  -3006.1141227210    -5.98e-04     1.48e-04     1.32e-03         2.1 
   7  -3006.1142537510    -1.31e-04     6.33e-05     1.97e-04         2.1 
   8  -3006.1142764550    -2.27e-05     1.95e-05     3.06e-05         2.1 
   9  -3006.1142795659    -3.11e-06     9.29e-06     6.91e-06         2.1 
  10  -3006.1142802529    -6.87e-07     4.17e-06     1.23e-06         2.1 
  11  -3006.1142803872    -1.34e-07     1.98e-06     1.89e-07         2.1 
  12  -3006.1142804159    -2.87e-08     1.01e-06     4.52e-08         2.1 

** Total SCF energy = -3006.1142804158821

Nuclear repulsion energy = 731.551270177429728
#electrons        = 98
1e energy kinetic = 3006.2059639435983627
1e energy N-e     = -8616.1270140663273196
1e energy         = -5608.1763556327023252
2e energy         = 1872.0696764016668112
QED energy        = 0.1858231277502944
QED eT energy     = 0.1639361326881168
QED eT energy from matrix = 0.1639361326881164

 Polarizability Matrix (QED energy = 0.5 * lambda.dot(matrix * lambda))
[43.27167759,  0.40882182,  2.06949953]
[ 0.40882182, 40.92093787, -2.40859695]
[ 2.06949953, -2.40859695, 37.95910833]

 Polarizability Matrix (QED eT energy = 0.5 * lambda.dot(matrix * lambda))
[39.96717234,  0.39662886,  2.46337704]
[ 0.39662886, 37.32911368, -2.84441911]
[ 2.46337704, -2.84441911, 33.49137158]


                      Electron        Nuclear        Total  
                  ------------------------------------------
    Monopole         -98.000000     99.000000      1.000000

      Dipole   X       2.054248     -3.288445     -1.234198
      Dipole   Y     -11.063570     10.943448     -0.120121
      Dipole   Z     -26.943318     28.258033      1.314715

  Quadrupole  XX   -1879.922129   1830.937865    -48.984265
  Quadrupole  XY      25.794196    -26.178045     -0.383849
  Quadrupole  XZ    -500.220757    499.269634     -0.951123
  Quadrupole  YY    -279.782331    239.818398    -39.963933
  Quadrupole  YZ      39.555653    -37.731022      1.824631
  Quadrupole  ZZ    -300.679860    252.913828    -47.766033

    Octupole XXX   -2849.849416   2706.166305   -143.683111
    Octupole XXY    -290.070318    285.364318     -4.706000
    Octupole XXZ    -386.718015    347.832554    -38.885461
    Octupole XYY    -349.983289    325.119535    -24.863754
    Octupole XYZ     139.951818   -129.065931     10.885887
    Octupole XZZ     -93.663811     52.435079    -41.228732
    Octupole YYY     -22.691542      7.843889    -14.847653
    Octupole YYZ    -312.055507    298.222594    -13.832913
    Octupole YZZ      45.458768    -43.771318      1.687450
    Octupole ZZZ    -225.244878    138.236599    -87.008279

writing orbitals and density to disk ... done.

Total Time taken for Hartree-Fock: 25.11 secs

CD Options
{
  debug             = false
  skip_cd           = [false, 100]
  write_cv          = [false, 5000]
  diagtol           = 1e-06
  itilesize         = 1000
  max_cvecs_factor  = 12
}

- #occupied, #virtual = 98, 344

- Tilesize for the MSO space: 40

-----------------------------------------------------
Begin 2-index transformation ... 

nAO, nMO, nelectrons = 221, 442, 98
n_occ_alpha, n_vir_alpha, n_occ_beta, n_vir_beta = 49,172,49,172

Time taken for Fao->Fmo transform: 0.00 secs

-----------------------------------------------------
Number of AO tiles = 105
# of {all,non-negligible} shell-pairs = {5565,4879}

    Begin Cholesky Decomposition
---------------------------------------------
Total # of mpi ranks used for Cholesky decomposition: 4
  --> Number of nodes, mpi ranks per node: 1, 4
- CPU memory required for computing cholesky vectors: 1.93 GiB

- Time for computing the diagonal: 0.01 secs

- Total number of cholesky vectors = 1633

- Time to compute cholesky vectors: 15.10 secs

- CPU memory required for resizing the ao cholesky tensor: 1.56 GiB
- CPU memory required for ao2mo transformation: 1.69 GiB
- CPU memory required for the 2-step contraction: 2.10 GiB

- Time for ao to mo transform: 1.58 secs

   End Cholesky Decomposition
---------------------------------------------

Total Time taken for Cholesky Decomposition: 18.52 secs

scf_type = restricted
Closed-Shell SCF
QED-HF Enabled
nbf = 203
nbf_orig = 221
n_lindep = 0
focc = 1
nmo = 406
nocc = 62
nvir = 344
n_occ_alpha = 31
n_vir_alpha = 172
n_occ_beta = 31
n_vir_beta = 172
nelectrons = 98
nelectrons_alpha = 49
nelectrons_beta = 49
freeze atomic = true
n_frozen_core = 18
n_frozen_virtual = 0
----------------------------
--------- QED-CCSD --------
lambda_x: -0.0476
lambda_y: 0.0655
lambda_z: 0.0588
omega: 0.066150
coupling_factor_x: -0.008648
coupling_factor_y: 0.011903
coupling_factor_z: 0.010690
----------------------------
# of {all,non-negligible} shell-pairs = {5565,4879}
Number of AO tiles = 105
----------------------------
Electronic dipole expectation value using SCF density: 
dipole_x_elec: 2.05431910
dipole_y_elec: -11.06366152
dipole_z_elec: -26.94331660

d_n/N value: d_n is nuclear dipole moment and N is the total number of electrons 
d_nuc_x: -0.03355557
d_nuc_y: 0.11166784
d_nuc_z: 0.28834728

<d_e+d_n> expectation values: 
dipole_total_x: -1.23412640
dipole_total_y: -0.12021333
dipole_total_z: 1.31471650
----------------------------


 CCSD iterations
------------------------------------------------------------
  Iter     Residuum          Correlation          Time(s)
------------------------------------------------------------
   1     1.1853673096821    0.0000000000000         86.43
   2     0.1675809560806   -1.6710002474937         85.44
   3     0.0684433167907   -1.6274115747604         85.15
   4     0.0225323333778   -1.6985275425829         84.77
   5     0.0188391183239   -1.6886469374818         85.21
 MICROCYCLE DIIS UPDATE:                    6
   6     0.0076048131309   -1.6990463758883         84.96
   7     0.0046751122381   -1.6988513571367         85.26
   8     0.0033115090515   -1.7001740321927         85.26
   9     0.0021253991508   -1.7003312082987         85.28
  10     0.0022650528061   -1.7006375785198         85.00
 MICROCYCLE DIIS UPDATE:                   11
  11     0.0006087040750   -1.7010623775061         85.10
  12     0.0005143063956   -1.7011354139673         84.88
  13     0.0003578225011   -1.7011303132792         85.10
  14     0.0003406851896   -1.7011081893996         85.10
  15     0.0002507023912   -1.7011235017759         84.91
 MICROCYCLE DIIS UPDATE:                   16
  16     0.0001022229510   -1.7010826283554         84.86
  17     0.0000656003611   -1.7011226516942         84.98
  18     0.0000535711268   -1.7011272653965         84.84
  19     0.0000451183289   -1.7011345672222         84.48
  20     0.0000454975598   -1.7011346431498         85.45
 MICROCYCLE DIIS UPDATE:                   21
  21     0.0000169958147   -1.7011407780806         84.30
  22     0.0000128640215   -1.7011409693039         84.30
  23     0.0000098374905   -1.7011405976896         85.85
  24     0.0000090375702   -1.7011395989472         85.97
  25     0.0000076836946   -1.7011398620485         85.93
 MICROCYCLE DIIS UPDATE:                   26
  26     0.0000032008644   -1.7011380157192         86.45
  27     0.0000019571444   -1.7011392205020         85.01
  28     0.0000015688844   -1.7011393882009         85.21
  29     0.0000012418359   -1.7011396261226         85.56
  30     0.0000012304257   -1.7011396412318         85.46
 MICROCYCLE DIIS UPDATE:                   31
  31     0.0000005344062   -1.7011398477105         85.39
------------------------------------------------------------------
 Iterations converged
 CCSD correlation energy / hartree =        -1.701139847710524
 CCSD total energy / hartree       =     -3007.815420263592841

Time taken for spin-orbital canonical QED-CCSD: 2711.74 secs
