
ExaChem Git Information
{
 WARNING: Failed to retrieve the current git state.
}


TAMM Git Information
{
 Branch: main
 Commit Hash: e71357ad [e71357ad54f38748b4a7e175aa6760820d5ce96f]
 Commit Date: 2026-02-02 23:14:56 -0800
 Commit Message: add GitHub Actions workflow for releases
}


date: Fri Aug  7 02:37:07 2026
program: "/global/cfs/cdirs/m3196/heindelj/cavity_qed/software/install_gpu/bin/bin/ExaChem"
nnodes: 1, nproc_per_node: 4, nproc_total: 4, ngpus_per_node: 1, ngpus_total: 1

Memory information
{
[AMD EPYC 7763 64-Core Processor                ] : 
  CPU memory per node (GiB): 251
  Total CPU memory (GiB): 251
[NVIDIA A100-SXM4-40GB, CUDA v12.9] : 
  GPU memory per device (GiB): 39
  GPU memory per node (GiB): 39
  Total GPU memory (GiB): 39
}

------------------------------------------------------------

Input file provided: /global/cfs/cdirs/m4262/heindelj/cavity_qed/mlip/lambda_scans/grid_scans_optimized_geoms/runs_grid_no_freq/ortho_th54_ph162/ortho_th54_ph162_qed_ccsd_input.json

{
  "geometry": {
    "coordinates": [
      "C    -1.776503889300    1.929723576200    0.684222668100",
      "C    -0.357277706300    1.979921230800    0.701818851700",
      "C     0.295922466400    0.814550704100    0.722783260000",
      "C    -2.497789448100    0.743665679000    0.749862499300",
      "H    -2.312069135700    2.868972675700    0.637434900600",
      "H     0.171993631700    2.921754928400    0.720889087000",
      "H    -3.573377587200    0.760691352000    0.781044997600",
      "N     1.777043908900    0.816054689800    0.808671993400",
      "O     2.268279594000   -0.229160835600    1.150238923000",
      "O     2.322377432500    1.859850809900    0.580679013800",
      "C    -1.822958561000   -0.442802795000    0.784021702000",
      "H    -2.347010615200   -1.390106688800    0.824106290600",
      "C    -0.363984701200   -0.495112280500    0.629726517100",
      "H     0.127635273800   -1.251406598000    1.238998227000",
      "Br   -0.265781588500   -1.102119670600   -1.224770917000"
    ],
    "units": "angstrom",
    "noorient": true
  },
  "common": {
    "maxiter": 100,
    "debug": false
  },
  "basis": {
    "basisset": "6-311G*"
  },
  "SCF": {
    "charge": 1,
    "multiplicity": 1,
    "lshift": 0,
    "tol_lindep": 1e-10,
    "conve": 1e-07,
    "convd": 1e-05,
    "diis_hist": 10,
    "writem": 10,
    "restart": false,
    "noscf": false,
    "scf_type": "restricted",
    "debug": false,
    "qed_omegas": [
      0.06615
    ],
    "qed_volumes": [],
    "qed_lambdas": [
      0.1
    ],
    "qed_polvecs": [
      [
        -0.7694208842938134,
        0.25000000000000006,
        0.5877852522924731
      ]
    ],
    "direct_df": false
  },
  "CD": {
    "debug": false,
    "diagtol": 1e-06
  },
  "CC": {
    "threshold": 1e-06,
    "ndiis": 5,
    "ccsd_maxiter": 200,
    "tilesize": 40,
    "freeze": {
      "atomic": true
    },
    "readt": false,
    "writet": true,
    "writet_iter": 5,
    "debug": false,
    "profile_ccsd": false,
    "balance_tiles": true
  },
  "TASK": {
    "scf": false,
    "ccsd": true
  }
}

Output folder & files prefix: ortho_th54_ph162_qed_ccsd_input.6-311g*

  C (carbon)
  ----------
          Exponent        Coefficients
      ----------------  --------------------
  1 S  4.56324000E+03      0.778202
  1 S  6.82024000E+02      1.448695
  1 S  1.54973000E+02      2.383089
  1 S  4.44553000E+01      3.200089
  1 S  1.30290000E+01      3.013004
  1 S  1.82773000E+00      0.247599

  2 S  2.09642000E+01      0.800629
  2 S  4.80331000E+00      2.127420
  2 S  1.45933000E+00     -0.002868

  3 P  2.09642000E+01      2.573592
  3 P  4.80331000E+00      2.408248
  3 P  1.45933000E+00      1.865281

  4 S  4.83456000E-01      0.413217

  5 P  4.83456000E-01      0.574627

  6 S  1.45585000E-01      0.167976

  7 P  1.45585000E-01      0.128185

  8 D  6.26000000E-01      0.725128


  H (hydrogen)
  ------------
          Exponent        Coefficients
      ----------------  --------------------
  1 S  3.38650000E+01      0.255069
  1 S  5.09479000E+00      0.460109
  1 S  1.15879000E+00      0.678321

  2 S  3.25840000E-01      0.307371

  3 S  1.02741000E-01      0.129336


  N (nitrogen)
  ------------
          Exponent        Coefficients
      ----------------  --------------------
  1 S  6.29348000E+03      0.991968
  1 S  9.49044000E+02      1.823240
  1 S  2.18776000E+02      2.979891
  1 S  6.36916000E+01      4.000007
  1 S  1.88282000E+01      3.881008
  1 S  2.72023000E+00      0.386764

  2 S  3.06331000E+01      1.038501
  2 S  7.02614000E+00      2.834794
  2 S  2.11205000E+00     -0.003208

  3 P  3.06331000E+01      3.935616
  3 P  7.02614000E+00      3.870994
  3 P  2.11205000E+00      2.967271

  4 S  6.84009000E-01      0.536051

  5 P  6.84009000E-01      0.886681

  6 S  2.00878000E-01      0.213850

  7 P  2.00878000E-01      0.191693

  8 D  9.13000000E-01      1.403568


  O (oxygen)
  ----------
          Exponent        Coefficients
      ----------------  --------------------
  1 S  8.58850000E+03      1.205013
  1 S  1.29723000E+03      2.216205
  1 S  2.99296000E+02      3.627452
  1 S  8.73771000E+01      4.888452
  1 S  2.56789000E+01      4.835721
  1 S  3.74004000E+00      0.538229

  2 S  4.21175000E+01      1.341958
  2 S  9.62837000E+00      3.587114
  2 S  2.85332000E+00     -0.005123

  3 P  4.21175000E+01      5.584018
  3 P  9.62837000E+00      5.733366
  3 P  2.85332000E+00      4.332955

  4 S  9.05661000E-01      0.661659

  5 P  9.05661000E-01      1.259352

  6 S  2.55611000E-01      0.256209

  7 P  2.55611000E-01      0.259068

  8 D  1.29200000E+00      2.577026


  Br (bromine)
  ------------
          Exponent        Coefficients
      ----------------  --------------------
  1 S  4.39700000E+05      9.893706
  1 S  6.60300000E+04     18.450679
  1 S  1.51400000E+04     31.049770
  1 S  4.31700000E+03     48.888138
  1 S  1.41400000E+03     64.847798
  1 S  5.23900000E+02     42.245010

  2 S  5.23900000E+02     14.290679
  2 S  2.07700000E+02     24.083128
  2 S  8.65400000E+01      5.132542

  3 S  3.05200000E+01      9.254405

  4 S  1.29800000E+01      4.873782

  5 S  4.41200000E+00      2.169635

  6 S  1.86200000E+00      1.136043

  7 S  3.93200000E-01      0.353892

  8 S  1.40000000E-01      0.163120

  9 P  2.95700000E+03    691.874478
  9 P  7.00300000E+02    925.332763
  9 P  2.24600000E+02   1068.830732

  10 P  8.25900000E+01    122.079275
  10 P  3.31900000E+01     57.580687
  10 P  1.42000000E+01     10.176170

  11 P  1.42000000E+01      3.129736
  11 P  7.43800000E+00      6.538168
  11 P  3.52600000E+00      4.166276

  12 P  1.59500000E+00      2.555000

  13 P  8.46200000E-01      1.156861

  14 P  3.18600000E-01      0.341191

  15 P  1.09600000E-01      0.089888

  16 D  1.34800000E+02    160.709187
  16 D  3.63900000E+01    119.797406
  16 D  1.21600000E+01     55.531619
  16 D  4.34100000E+00     12.984636

  17 D  1.53500000E+00      3.484168

  18 D  4.51000000E-01      0.408525



Printing Internal Coordinates

------------------------------------------------------------
                Bond Lengths

i      j        Length (Angstroms)     Length (Bohr)
0      1          1.4202226546         2.6838318551
0      3          1.3897103224         2.6261719038
0      4          1.0822236826         2.0451063671
1      2          1.3361131825         2.5248879882
1      5          1.0805288229         2.0419035464
2      7          1.4836104151         2.8036173622
2      12         1.4694741102         2.7769036173
3      6          1.0761747380         2.0336755184
3      10         1.3653831027         2.5802001210
7      8          1.2043487702         2.2758893357
7      9          1.1995331555         2.2667891428
10     11         1.0833383576         2.0472127975
10     12         1.4680422371         2.7741977694
12     13         1.0885234545         2.0570112106
12     14         1.9537816040         3.6921121414

Number of Bonds: 15

------------------------------------------------------------
           Bond Angles

i      j      k      Angle (degrees)
0      1      2        117.2519 
0      1      5        121.3664 
0      3      6        120.4378 
0      3      10       119.0966 
1      0      3        123.2460 
1      0      4        117.6706 
1      2      7        119.2148 
1      2      12       123.8358 
2      1      5        121.3665 
2      7      8        115.0077 
2      7      9        116.3426 
2      12     10       114.0724 
2      12     13       112.3933 
2      12     14       108.3265 
3      0      4        119.0713 
3      10     11       121.4457 
3      10     12       121.3003 
6      3      10       120.4639 
7      2      12       116.9295 
8      7      9        128.5842 
10     12     13       114.5053 
10     12     14        99.2524 
11     10     12       116.9672 
13     12     14       107.0209 

Number of Angles: 24

------------------------------------------------------------
              Torsional Angles

i      j      k      l      Angle (degrees)
3      0      1      2          3.0584 
4      0      1      2       -178.2200 
5      1      0      3       -175.5443 
5      1      0      4          3.1773 
6      3      0      1        177.0375 
6      3      0      4         -1.6670 
10     3      0      1         -2.4921 
10     3      0      4        178.8033 
11     10     3      0       -179.3084 
11     10     3      6          1.1620 

Number of Torsional Angles: 10


----------------------------------------------------------------------
                          Center of Mass

         x               y               z              Unit
  -0.04530766326   0.03809989801  -0.01658082595      Angstrom
  -0.08561907497   0.07199837266     -0.03133322          Bohr

----------------------------------------------------------------------
                Moment of Inertia Tensor

           1753.01           -149.53          -163.976
           -149.53           2123.54          -608.929
          -163.976          -608.929           2476.72

----------------------------------------------------------------------
                      Principal Moments of Inertia

           x                 y                 z                Unit
       416.3354357       540.7005982       822.0625751       amu * ang^2
       1486.760832        1930.87689       2935.638751      amu * bohr^2
  6.9134172758e-38  8.9785507943e-38  1.3650679528e-37          g * cm^2

 - Molecule is an asymmetric top.

----------------------------------------------------------------------

         Rotational constants (MHz)

    A = 1.2139e+03        B = 9.3467e+02        C = 6.1477e+02

----------------------------------------------------------------------

        Rotational constants (cm-1)

    A = 4.0491e-02        B = 3.1177e-02        C = 2.0507e-02

----------------------------------------------------------------------

                                Z-Matrix
C   
C        1       2.6838319
C        2        2.524888     1       117.25194
C        3      5.28129744     2     62.19744174     1         -1.4374
H        4      4.03714759     3     83.53230109     2          1.6638
H        5      4.69790567     4     96.09741808     3         -2.4773
H        6      8.17219051     5     28.89176763     4         -1.9034
N        7     10.11150733     6     29.41149748     5        176.5830
O        8      2.27588934     7    113.59958103     6        164.2550
O        9      4.09303281     8     25.65265938     7       -173.9237
C       10      8.96920884     9     59.93408378     8          0.2896
H       11      2.04721280    10    148.02733629     9        -16.1472
C       12      4.12773906    11     36.79887001    10         -4.4508
H       13      2.05701121    12     94.33169058    11        141.9352
Br      14      4.72326519    13     48.36972625    12         91.4970

----------------------------------------------------------------------

             Converted back to Cartesian

C        0.000000      0.000000      0.000000
C        0.000000      0.000000      2.683832
C        0.000000      0.090162      0.160554
C        0.000044     -0.198388      5.433963
H       -0.000087      0.124677      1.409763
H        0.000299     -0.388163      6.079593
H       -0.000452      0.575401     -2.035593
N       -0.004293     -0.706610      7.994313
O       -0.003221     -0.340124      5.748125
O       -0.003538     -1.030730      9.782475
C       -0.011100      0.643555      0.970925
H       -0.004270      0.171271      2.962904
C       -0.020534      1.168419     -1.042550
H       -0.011804      0.614361      0.938419
Br      -0.034518      1.953407     -3.591004

----------------------------------------------------------------------
                       Geometry in bohr 

1     C      -3.3571058124    3.6466490577    1.2929934518
2     C      -0.6751570158    3.7415088771    1.3262454197
3     C       0.5592124160    1.5392777464    1.3658624098
4     C      -4.7201379771    1.4053244625    1.4170347558
5     H      -4.3691774506    5.4215726198    1.2045773852
6     H       0.3250208593    5.5213166217    1.3622829416
7     H      -6.7527049843    1.4374983216    1.4759611375
8     N       3.3581263015    1.5421198675    1.5281685932
9     O       4.2864272096   -0.4330512181    2.1736365438
10    O       4.3886573084    3.5146086658    1.0973243031
11    C      -3.4448924192   -0.8367760103    1.4815862935
12    H      -4.4352072773   -2.6269209276    1.5573351879
13    C      -0.6878313993   -0.9356266117    1.1900106515
14    H       0.2411957115   -2.3648157424    2.3413673195
15    Br     -0.5022544116   -2.0827043354   -2.3144816001

 Number of nodes, processes per node used for SCF calculation: 1, 4

Common Options
{
  maxiter       = 100
  basis         = 6-311g* spherical
  geom_units    = angstrom
  ang2au factor = 1.889726126
  debug         = false
  file_prefix   = ortho_th54_ph162_qed_ccsd_input
}

SCF Options
{
  charge            = 1
  multiplicity      = 1
  level shift       = 0
  tol_int           = 1e-22
  tol_sch           = 1e-12
  tol_lindep        = 1e-10
  conve             = 1e-07
  convd             = 1e-05
  diis_hist         = 10
  AO_tilesize       = 30
  writem            = 10
  damp              = 100
  n_lindep          = 0
  scf_type          = restricted
  cuscf             = false
  qed_omegas        = [0.06615,]
  qed_lambdas       = [0.1,]
  qed_polvecs       = [[-0.7694208843,0.25,0.5877852523,],]
  direct_df         = false
  restart_size      = 2000
  restart           = false
  debug             = false
}

Number of basis functions = 221

Total number of shells = 105

Total number of electrons = 98
  # of alpha electrons    = 49
  # of beta electons      = 49

Nuclear repulsion energy  = 781.5797426703

# of {all,non-negligible} shell-pairs = {5565,4990}
Number of AO tiles = 105

Time for initial setup: 0.02 secs
HF exch = 1.00

Time for computing 1-e integrals T, V, S: 0.01 secs
Time for computing orthogonalizer: 0.01 secs

Superposition of Atomic Density Guess ...
Time taken for SAD: 0.34 secs
Total Time to compute initial guess: 0.34 secs


 SCF iterations
-----------------------------------------------------------------------------
 Iter     Energy            E-Diff       RMSD        |[F,P]|^2       Time(s)
-----------------------------------------------------------------------------
   1  -3011.9485345878    -3.01e+03     1.68e-02     1.51e+03         0.6 
   2  -3005.7766571627     6.17e+00     6.77e-03     7.99e+00         2.2 
   3  -3005.9900624294    -2.13e-01     2.79e-03     3.69e+00         2.2 
   4  -3006.0955299694    -1.05e-01     1.23e-03     1.58e-01         2.2 
   5  -3006.1044271488    -8.90e-03     3.20e-04     1.41e-02         2.2 
   6  -3006.1052412903    -8.14e-04     1.80e-04     2.17e-03         2.2 
   7  -3006.1054834072    -2.42e-04     8.61e-05     6.67e-04         2.2 
   8  -3006.1055530581    -6.97e-05     5.09e-05     1.61e-04         2.2 
   9  -3006.1055732551    -2.02e-05     2.49e-05     2.53e-05         2.2 
  10  -3006.1055773181    -4.06e-06     1.05e-05     5.48e-06         2.2 
  11  -3006.1055780591    -7.41e-07     5.47e-06     1.19e-06         2.3 
  12  -3006.1055782711    -2.12e-07     2.87e-06     3.60e-07         2.3 
  13  -3006.1055783360    -6.49e-08     1.95e-06     9.27e-08         2.3 

** Total SCF energy = -3006.1055783360339

Nuclear repulsion energy = 781.579742670299879
#electrons        = 98
1e energy kinetic = 3006.2194920475931212
1e energy N-e     = -8716.3663224784359045
1e energy         = -5707.0174746792426959
2e energy         = 1922.2668862700570571
QED energy        = 0.1946231544515702
QED eT energy     = 0.1741417700142976
QED eT energy from matrix = 0.1741417700142759

 Polarizability Matrix (QED energy = 0.5 * lambda.dot(matrix * lambda))
[39.29637146, -0.57518402,  0.02231900]
[-0.57518402, 44.84550194, -0.27071568]
[ 0.02231900, -0.27071568, 36.86478790]

 Polarizability Matrix (QED eT energy = 0.5 * lambda.dot(matrix * lambda))
[35.51216765, -0.61669869,  0.01302568]
[-0.61669869, 41.79855072, -0.38342715]
[ 0.01302568, -0.38342715, 32.06926167]


                      Electron        Nuclear        Total  
                  ------------------------------------------
    Monopole         -98.000000     99.000000      1.000000

      Dipole   X       9.956673    -13.617691     -3.661017
      Dipole   Y     -20.091454     21.303443      1.211989
      Dipole   Z     -11.016846     12.241933      1.225087

  Quadrupole  XX    -794.487966    753.314831    -41.173135
  Quadrupole  XY     -64.205023     58.799672     -5.405351
  Quadrupole  XZ     -71.787782     66.042320     -5.745462
  Quadrupole  YY    -580.089292    542.523910    -37.565382
  Quadrupole  YZ    -280.821608    283.586269      2.764662
  Quadrupole  ZZ    -376.185157    330.152380    -46.032777

    Octupole XXX     -51.289865    -17.629028    -68.918893
    Octupole XXY   -1097.101665   1084.382769    -12.718895
    Octupole XXZ   -1112.065603   1101.908408    -10.157196
    Octupole XYY      97.738650   -132.593454    -34.854804
    Octupole XYZ      80.721800    -84.020798     -3.298997
    Octupole XZZ      15.652089     -7.485021      8.167067
    Octupole YYY   -1020.458750    990.763740    -29.695010
    Octupole YYZ    -159.136216    152.829006     -6.307210
    Octupole YZZ     222.174721   -254.620807    -32.446086
    Octupole ZZZ     127.929705   -203.173801    -75.244095

writing orbitals and density to disk ... done.

Total Time taken for Hartree-Fock: 28.76 secs

CD Options
{
  debug             = false
  skip_cd           = [false, 100]
  write_cv          = [false, 5000]
  diagtol           = 1e-06
  itilesize         = 1000
  max_cvecs_factor  = 12
}

- #occupied, #virtual = 98, 344

- Tilesize for the MSO space: 40

-----------------------------------------------------
Begin 2-index transformation ... 

nAO, nMO, nelectrons = 221, 442, 98
n_occ_alpha, n_vir_alpha, n_occ_beta, n_vir_beta = 49,172,49,172

Time taken for Fao->Fmo transform: 0.00 secs

-----------------------------------------------------
Number of AO tiles = 105
# of {all,non-negligible} shell-pairs = {5565,4990}

    Begin Cholesky Decomposition
---------------------------------------------
Total # of mpi ranks used for Cholesky decomposition: 4
  --> Number of nodes, mpi ranks per node: 1, 4
- CPU memory required for computing cholesky vectors: 1.93 GiB

- Time for computing the diagonal: 0.01 secs

- Total number of cholesky vectors = 1650

- Time to compute cholesky vectors: 15.25 secs

- CPU memory required for resizing the ao cholesky tensor: 1.57 GiB
- CPU memory required for ao2mo transformation: 1.70 GiB
- CPU memory required for the 2-step contraction: 2.12 GiB

- Time for ao to mo transform: 1.55 secs

   End Cholesky Decomposition
---------------------------------------------

Total Time taken for Cholesky Decomposition: 18.77 secs

scf_type = restricted
Closed-Shell SCF
QED-HF Enabled
nbf = 203
nbf_orig = 221
n_lindep = 0
focc = 1
nmo = 406
nocc = 62
nvir = 344
n_occ_alpha = 31
n_vir_alpha = 172
n_occ_beta = 31
n_vir_beta = 172
nelectrons = 98
nelectrons_alpha = 49
nelectrons_beta = 49
freeze atomic = true
n_frozen_core = 18
n_frozen_virtual = 0
----------------------------
--------- QED-CCSD --------
lambda_x: -0.0769
lambda_y: 0.0250
lambda_z: 0.0588
omega: 0.066150
coupling_factor_x: -0.013993
coupling_factor_y: 0.004547
coupling_factor_z: 0.010690
----------------------------
# of {all,non-negligible} shell-pairs = {5565,4990}
Number of AO tiles = 105
----------------------------
Electronic dipole expectation value using SCF density: 
dipole_x_elec: 9.95637573
dipole_y_elec: -20.09162059
dipole_z_elec: -11.01691870

d_n/N value: d_n is nuclear dipole moment and N is the total number of electrons 
d_nuc_x: -0.13895603
d_nuc_y: 0.21738207
d_nuc_z: 0.12491768

<d_e+d_n> expectation values: 
dipole_total_x: -3.66131480
dipole_total_y: 1.21182235
dipole_total_z: 1.22501409
----------------------------


 CCSD iterations
------------------------------------------------------------
  Iter     Residuum          Correlation          Time(s)
------------------------------------------------------------
   1     1.1852637278117    0.0000000000000         86.21
   2     0.1744916740875   -1.6435857834512         85.53
   3     0.0719722673250   -1.6247123211470         85.75
   4     0.0279601326514   -1.6978524634815         86.62
   5     0.0257886143256   -1.6884134638131         86.55
 MICROCYCLE DIIS UPDATE:                    6
   6     0.0095142369758   -1.7006454848540         84.27
   7     0.0062023295737   -1.7001888408590         84.30
   8     0.0040616246446   -1.7020722023240         84.67
   9     0.0032905275467   -1.7021730870202         84.51
  10     0.0034700943425   -1.7027176996355         84.41
 MICROCYCLE DIIS UPDATE:                   11
  11     0.0008919336336   -1.7032895055652         84.62
  12     0.0006373103187   -1.7033753762574         84.33
  13     0.0005182669859   -1.7033907290660         84.50
  14     0.0005315473296   -1.7033850768300         84.27
  15     0.0005961055519   -1.7034067167770         84.21
 MICROCYCLE DIIS UPDATE:                   16
  16     0.0001326228009   -1.7033927045550         84.08
  17     0.0000771293207   -1.7034302714545         84.85
  18     0.0000825474182   -1.7034380924265         85.10
  19     0.0000566775176   -1.7034501926447         84.95
  20     0.0000747516090   -1.7034472297223         84.57
 MICROCYCLE DIIS UPDATE:                   21
  21     0.0000235353394   -1.7034624595109         84.99
  22     0.0000193848893   -1.7034589740858         84.61
  23     0.0000144727125   -1.7034589186125         84.73
  24     0.0000169382452   -1.7034573270011         84.58
  25     0.0000185304370   -1.7034581008186         84.51
 MICROCYCLE DIIS UPDATE:                   26
  26     0.0000048457964   -1.7034561223476         84.52
  27     0.0000027423646   -1.7034572026968         84.33
  28     0.0000024981943   -1.7034576469398         84.26
  29     0.0000018033887   -1.7034580176327         84.34
  30     0.0000022094054   -1.7034580245537         84.32
 MICROCYCLE DIIS UPDATE:                   31
  31     0.0000008216663   -1.7034585281294         83.82
------------------------------------------------------------------
 Iterations converged
 CCSD correlation energy / hartree =        -1.703458528129385
 CCSD total energy / hartree       =     -3007.809036864163318

Time taken for spin-orbital canonical QED-CCSD: 2700.89 secs
