
ExaChem Git Information
{
 WARNING: Failed to retrieve the current git state.
}


TAMM Git Information
{
 Branch: main
 Commit Hash: e71357ad [e71357ad54f38748b4a7e175aa6760820d5ce96f]
 Commit Date: 2026-02-02 23:14:56 -0800
 Commit Message: add GitHub Actions workflow for releases
}


date: Thu Aug  6 14:42:56 2026
program: "/global/cfs/cdirs/m3196/heindelj/cavity_qed/software/install_gpu/bin/bin/ExaChem"
nnodes: 1, nproc_per_node: 4, nproc_total: 4, ngpus_per_node: 1, ngpus_total: 1

Memory information
{
[AMD EPYC 7763 64-Core Processor                ] : 
  CPU memory per node (GiB): 251
  Total CPU memory (GiB): 251
[NVIDIA A100-SXM4-40GB, CUDA v12.9] : 
  GPU memory per device (GiB): 39
  GPU memory per node (GiB): 39
  Total GPU memory (GiB): 39
}

------------------------------------------------------------

Input file provided: /global/cfs/cdirs/m4262/heindelj/cavity_qed/mlip/lambda_scans/grid_scans_optimized_geoms/runs_grid_no_freq/meta_th81_ph144/meta_th81_ph144_qed_ccsd_input.json

{
  "geometry": {
    "coordinates": [
      "C    -0.910056073300    2.008343543500    0.804641268300",
      "C     0.481445370100    1.954739127500    0.690766501700",
      "C     1.151677515000    0.720591795600    0.652425433100",
      "C     0.485074413600   -0.447250089700    0.666282370700",
      "C    -1.617292381900    0.848573554300    0.814519732200",
      "H    -1.396582884800    2.964201010600    0.871443404500",
      "H     1.071691954600    2.863970325700    0.636845694500",
      "H     1.016421559400   -1.384874762400    0.653953934500",
      "H    -2.693528377900    0.854853686900    0.885650654700",
      "N     2.626251741400    0.724666065100    0.616715453200",
      "O     3.143138397800   -0.248932830000    1.085369631600",
      "O     3.154621193400    1.695331332400    0.141291119000",
      "C    -0.978238798100   -0.461507575400    0.674723387700",
      "H    -1.375697480100   -1.198929864600    1.373453947600",
      "Br   -1.550759426900   -1.092176369200   -1.096624872300"
    ],
    "units": "angstrom",
    "noorient": true
  },
  "common": {
    "maxiter": 100,
    "debug": false
  },
  "basis": {
    "basisset": "6-311G*"
  },
  "SCF": {
    "charge": 1,
    "multiplicity": 1,
    "lshift": 0,
    "tol_lindep": 1e-10,
    "conve": 1e-07,
    "convd": 1e-05,
    "diis_hist": 10,
    "writem": 10,
    "restart": false,
    "noscf": false,
    "scf_type": "restricted",
    "debug": false,
    "qed_omegas": [
      0.06615
    ],
    "qed_volumes": [],
    "qed_lambdas": [
      0.1
    ],
    "qed_polvecs": [
      [
        -0.7990566526874576,
        0.5805486404630473,
        0.15643446504023092
      ]
    ],
    "direct_df": false
  },
  "CD": {
    "debug": false,
    "diagtol": 1e-06
  },
  "CC": {
    "threshold": 1e-06,
    "ndiis": 5,
    "ccsd_maxiter": 200,
    "tilesize": 40,
    "freeze": {
      "atomic": true
    },
    "readt": false,
    "writet": true,
    "writet_iter": 5,
    "debug": false,
    "profile_ccsd": false,
    "balance_tiles": true
  },
  "TASK": {
    "scf": false,
    "ccsd": true
  }
}

Output folder & files prefix: meta_th81_ph144_qed_ccsd_input.6-311g*

  C (carbon)
  ----------
          Exponent        Coefficients
      ----------------  --------------------
  1 S  4.56324000E+03      0.778202
  1 S  6.82024000E+02      1.448695
  1 S  1.54973000E+02      2.383089
  1 S  4.44553000E+01      3.200089
  1 S  1.30290000E+01      3.013004
  1 S  1.82773000E+00      0.247599

  2 S  2.09642000E+01      0.800629
  2 S  4.80331000E+00      2.127420
  2 S  1.45933000E+00     -0.002868

  3 P  2.09642000E+01      2.573592
  3 P  4.80331000E+00      2.408248
  3 P  1.45933000E+00      1.865281

  4 S  4.83456000E-01      0.413217

  5 P  4.83456000E-01      0.574627

  6 S  1.45585000E-01      0.167976

  7 P  1.45585000E-01      0.128185

  8 D  6.26000000E-01      0.725128


  H (hydrogen)
  ------------
          Exponent        Coefficients
      ----------------  --------------------
  1 S  3.38650000E+01      0.255069
  1 S  5.09479000E+00      0.460109
  1 S  1.15879000E+00      0.678321

  2 S  3.25840000E-01      0.307371

  3 S  1.02741000E-01      0.129336


  N (nitrogen)
  ------------
          Exponent        Coefficients
      ----------------  --------------------
  1 S  6.29348000E+03      0.991968
  1 S  9.49044000E+02      1.823240
  1 S  2.18776000E+02      2.979891
  1 S  6.36916000E+01      4.000007
  1 S  1.88282000E+01      3.881008
  1 S  2.72023000E+00      0.386764

  2 S  3.06331000E+01      1.038501
  2 S  7.02614000E+00      2.834794
  2 S  2.11205000E+00     -0.003208

  3 P  3.06331000E+01      3.935616
  3 P  7.02614000E+00      3.870994
  3 P  2.11205000E+00      2.967271

  4 S  6.84009000E-01      0.536051

  5 P  6.84009000E-01      0.886681

  6 S  2.00878000E-01      0.213850

  7 P  2.00878000E-01      0.191693

  8 D  9.13000000E-01      1.403568


  O (oxygen)
  ----------
          Exponent        Coefficients
      ----------------  --------------------
  1 S  8.58850000E+03      1.205013
  1 S  1.29723000E+03      2.216205
  1 S  2.99296000E+02      3.627452
  1 S  8.73771000E+01      4.888452
  1 S  2.56789000E+01      4.835721
  1 S  3.74004000E+00      0.538229

  2 S  4.21175000E+01      1.341958
  2 S  9.62837000E+00      3.587114
  2 S  2.85332000E+00     -0.005123

  3 P  4.21175000E+01      5.584018
  3 P  9.62837000E+00      5.733366
  3 P  2.85332000E+00      4.332955

  4 S  9.05661000E-01      0.661659

  5 P  9.05661000E-01      1.259352

  6 S  2.55611000E-01      0.256209

  7 P  2.55611000E-01      0.259068

  8 D  1.29200000E+00      2.577026


  Br (bromine)
  ------------
          Exponent        Coefficients
      ----------------  --------------------
  1 S  4.39700000E+05      9.893706
  1 S  6.60300000E+04     18.450679
  1 S  1.51400000E+04     31.049770
  1 S  4.31700000E+03     48.888138
  1 S  1.41400000E+03     64.847798
  1 S  5.23900000E+02     42.245010

  2 S  5.23900000E+02     14.290679
  2 S  2.07700000E+02     24.083128
  2 S  8.65400000E+01      5.132542

  3 S  3.05200000E+01      9.254405

  4 S  1.29800000E+01      4.873782

  5 S  4.41200000E+00      2.169635

  6 S  1.86200000E+00      1.136043

  7 S  3.93200000E-01      0.353892

  8 S  1.40000000E-01      0.163120

  9 P  2.95700000E+03    691.874478
  9 P  7.00300000E+02    925.332763
  9 P  2.24600000E+02   1068.830732

  10 P  8.25900000E+01    122.079275
  10 P  3.31900000E+01     57.580687
  10 P  1.42000000E+01     10.176170

  11 P  1.42000000E+01      3.129736
  11 P  7.43800000E+00      6.538168
  11 P  3.52600000E+00      4.166276

  12 P  1.59500000E+00      2.555000

  13 P  8.46200000E-01      1.156861

  14 P  3.18600000E-01      0.341191

  15 P  1.09600000E-01      0.089888

  16 D  1.34800000E+02    160.709187
  16 D  3.63900000E+01    119.797406
  16 D  1.21600000E+01     55.531619
  16 D  4.34100000E+00     12.984636

  17 D  1.53500000E+00      3.484168

  18 D  4.51000000E-01      0.408525



Printing Internal Coordinates

------------------------------------------------------------
                Bond Lengths

i      j        Length (Angstroms)     Length (Bohr)
0      1          1.3971818646         2.6402910722
0      4          1.3584355738         2.5670711941
0      5          1.0746321981         2.0307605404
1      2          1.4049202121         2.6549144297
1      6          1.0853570176         2.0510275122
2      3          1.3447700095         2.5412470204
2      9          1.4750121869         2.7873690656
3      7          1.0777856032         2.0367196126
3      12         1.4634070118         2.7654384630
4      8          1.0786023212         2.0382629858
4      12         1.4643240991         2.7671715069
9      10         1.1977910348         2.2634970118
9      11         1.2030767376         2.2734855425
12     13         1.0908663675         2.0614386746
12     14         1.9655018840         3.7142602608

Number of Bonds: 15

------------------------------------------------------------
           Bond Angles

i      j      k      Angle (degrees)
0      1      2        120.7337 
0      1      6        120.8989 
0      4      8        120.9969 
0      4      12       122.4064 
1      0      4        119.1007 
1      0      5        119.3465 
1      2      3        121.7431 
1      2      9        118.3693 
2      1      6        118.3660 
2      3      7        120.7304 
2      3      12       120.2775 
2      9      10       114.8149 
2      9      11       116.7981 
3      2      9        119.8811 
3      12     4        115.3548 
3      12     13       112.0001 
3      12     14       106.8097 
4      0      5        121.5494 
4      12     13       112.6210 
4      12     14       104.2402 
7      3      12       118.9835 
8      4      12       116.5490 
10     9      11       128.3820 
13     12     14       104.7274 

Number of Angles: 24

------------------------------------------------------------
              Torsional Angles

i      j      k      l      Angle (degrees)
3      2      1      0          2.8470 
3      12     4      0          6.2242 
4      0      1      2         -3.0905 
4      12     3      2         -6.3977 
5      0      1      2        177.5740 
6      1      0      4        177.3457 
6      1      0      5         -1.9898 
6      1      2      3       -177.5783 
7      3      2      1       -178.9090 
7      3      12     4        174.6592 
8      4      0      1       -179.0420 
8      4      0      5          0.2784 
8      4      12     3       -176.2650 
12     3      2      1          2.1666 
12     4      0      1         -1.6398 
12     4      0      5        177.6806 
13     12     3      2       -136.9782 
13     12     3      7         44.0787 
13     12     4      0        136.5057 
13     12     4      8        -45.9835 
14     12     3      2        108.9123 
14     12     3      7        -70.0308 
14     12     4      0       -110.5468 
14     12     4      8         66.9639 

Number of Torsional Angles: 24


----------------------------------------------------------------------
                          Center of Mass

         x               y               z              Unit
  -0.03191147298   0.02765643179  -0.01619097649      Angstrom
  -0.06030394422   0.05226308171  -0.03059651127          Bohr

----------------------------------------------------------------------
                Moment of Inertia Tensor

           1596.28          -777.496          -715.533
          -777.496           3055.63          -522.897
          -715.533          -522.897           3493.51

----------------------------------------------------------------------
                      Principal Moments of Inertia

           x                 y                 z                Unit
       269.5622739       929.9058583        1081.48191       amu * ang^2
        962.624356       3320.754107       3862.042015      amu * bohr^2
  4.4761899219e-38  1.5441460600e-37  1.7958441875e-37          g * cm^2

 - Molecule is an asymmetric top.

----------------------------------------------------------------------

         Rotational constants (MHz)

    A = 1.8748e+03        B = 5.4347e+02        C = 4.6730e+02

----------------------------------------------------------------------

        Rotational constants (cm-1)

    A = 6.2537e-02        B = 1.8128e-02        C = 1.5588e-02

----------------------------------------------------------------------

                                Z-Matrix
C   
C        1       2.6402911
C        2       2.6549144     1       120.73366
C        3      2.54124702     2    121.74307168     1          2.8470
C        4      4.67533649     3     88.10845734     2         -1.2520
H        5      4.02109232     4    115.73499485     3         -0.7522
H        6      4.68921096     5     93.46761923     4          2.4555
H        7      8.02989796     6     91.55117598     5         -2.2517
H        8      8.20101850     7     59.68796227     6          1.7524
N        9     10.06877140     8     29.67729372     7         -1.5852
O       10      2.26349701     9    115.52887470     8        -28.3817
O       11      4.08442313    10     25.86998958     9       -176.8850
C       12      8.86703232    11     62.10694335    10         -6.8038
H       13      2.06143867    12    134.78625707    11         26.7319
Br      14      4.68382730    13     50.08025897    12       -134.4492

----------------------------------------------------------------------

             Converted back to Cartesian

C        0.000000      0.000000      0.000000
C        0.000000      0.000000      2.640291
C        0.000000      0.097619     -0.012828
C       -0.000082     -0.089913      2.521490
C        0.000225      0.380107     -2.130160
H       -0.000183     -0.164905      1.853826
H        0.000328      0.602666     -2.772137
H       -0.000452     -0.932117      5.109722
H        0.000202      0.781467     -2.910274
N       -0.000470     -1.411307      6.916826
O        0.000255     -0.840941      4.726369
O        0.000450     -1.901234      8.670769
C       -0.007455      0.562017      0.152753
H       -0.002534     -0.091395      2.107889
Br      -0.013388      1.460827     -2.311242

----------------------------------------------------------------------
                       Geometry in bohr 

1     C      -1.7197567378    3.7952192640    1.5205516267
2     C       0.9097998941    3.6939215986    1.3053595052
3     C       2.1763550887    1.3617211423    1.2329053861
4     C       0.9166577924   -0.8451801793    1.2590912031
5     C      -3.0562396673    1.6035716153    1.5392192180
6     H      -2.6391591644    5.6015280922    1.6467893687
7     H       2.0252042855    5.4121195483    1.2034639471
8     H       1.9207583757   -2.6170340196    1.2357938352
9     H      -5.0900309466    1.6154393460    1.6736371806
10    N       4.9628965289    1.3694203958    1.1654233042
11    O       5.9396707477   -0.4704148724    2.0510513491
12    O       5.9613700865    3.2037119109    0.2670015189
13    C      -1.8486034141   -0.8721229225    1.2750424135
14    H      -2.5996914695   -2.2656490883    2.5954518075
15    Br     -2.9305106040   -2.0639142190   -2.0723206715

 Number of nodes, processes per node used for SCF calculation: 1, 4

Common Options
{
  maxiter       = 100
  basis         = 6-311g* spherical
  geom_units    = angstrom
  ang2au factor = 1.889726126
  debug         = false
  file_prefix   = meta_th81_ph144_qed_ccsd_input
}

SCF Options
{
  charge            = 1
  multiplicity      = 1
  level shift       = 0
  tol_int           = 1e-22
  tol_sch           = 1e-12
  tol_lindep        = 1e-10
  conve             = 1e-07
  convd             = 1e-05
  diis_hist         = 10
  AO_tilesize       = 30
  writem            = 10
  damp              = 100
  n_lindep          = 0
  scf_type          = restricted
  cuscf             = false
  qed_omegas        = [0.06615,]
  qed_lambdas       = [0.1,]
  qed_polvecs       = [[-0.7990566527,0.5805486405,0.156434465,],]
  direct_df         = false
  restart_size      = 2000
  restart           = false
  debug             = false
}

Number of basis functions = 221

Total number of shells = 105

Total number of electrons = 98
  # of alpha electrons    = 49
  # of beta electons      = 49

Nuclear repulsion energy  = 746.85466801013

# of {all,non-negligible} shell-pairs = {5565,4918}
Number of AO tiles = 105

Time for initial setup: 0.01 secs
HF exch = 1.00

Time for computing 1-e integrals T, V, S: 0.01 secs
Time for computing orthogonalizer: 0.01 secs

Superposition of Atomic Density Guess ...
Time taken for SAD: 0.37 secs
Total Time to compute initial guess: 0.37 secs


 SCF iterations
-----------------------------------------------------------------------------
 Iter     Energy            E-Diff       RMSD        |[F,P]|^2       Time(s)
-----------------------------------------------------------------------------
   1  -3011.8401454113    -3.01e+03     1.67e-02     1.51e+03         0.6 
   2  -3005.7779212092     6.06e+00     6.67e-03     8.29e+00         2.1 
   3  -3006.0217075781    -2.44e-01     2.45e-03     2.96e+00         2.1 
   4  -3006.1065466611    -8.48e-02     1.20e-03     1.23e-01         2.1 
   5  -3006.1141801585    -7.63e-03     2.76e-04     1.11e-02         2.1 
   6  -3006.1148670482    -6.87e-04     1.75e-04     1.93e-03         2.1 
   7  -3006.1150613310    -1.94e-04     6.59e-05     2.57e-04         2.1 
   8  -3006.1150921640    -3.08e-05     2.28e-05     4.45e-05         2.1 
   9  -3006.1150966602    -4.50e-06     1.21e-05     7.39e-06         2.1 
  10  -3006.1150977101    -1.05e-06     5.43e-06     1.71e-06         2.1 
  11  -3006.1150979276    -2.18e-07     3.00e-06     3.59e-07         2.2 
  12  -3006.1150979921    -6.45e-08     1.68e-06     9.86e-08         2.2 

** Total SCF energy = -3006.1150979921035

Nuclear repulsion energy = 746.854668010130013
#electrons        = 98
1e energy kinetic = 3006.2399131575125466
1e energy N-e     = -8646.8850076440376142
1e energy         = -5637.4340580103225875
2e energy         = 1887.4820678904998204
QED energy        = 0.1932605937935428
QED eT energy     = 0.1741756576559583
QED eT energy from matrix = 0.1741756576559493

 Polarizability Matrix (QED energy = 0.5 * lambda.dot(matrix * lambda))
[40.03265092,  2.31852535,  0.84400338]
[ 2.31852535, 43.36148327, -0.43547818]
[ 0.84400338, -0.43547818, 37.52835645]

 Polarizability Matrix (QED eT energy = 0.5 * lambda.dot(matrix * lambda))
[36.29009274,  2.49504728,  0.92990573]
[ 2.49504728, 40.11147850, -0.60978291]
[ 0.92990573, -0.60978291, 32.82435728]


                      Electron        Nuclear        Total  
                  ------------------------------------------
    Monopole         -98.000000     99.000000      1.000000

      Dipole   X      -7.426124      5.267090     -2.159034
      Dipole   Y     -18.091567     19.384508      1.292941
      Dipole   Z      -9.938439     11.319315      1.380876

  Quadrupole  XX   -1270.089258   1219.672445    -50.416812
  Quadrupole  XY    -354.410499    352.922740     -1.487759
  Quadrupole  XZ    -323.109576    320.525879     -2.583697
  Quadrupole  YY    -562.418901    525.054868    -37.364033
  Quadrupole  YZ    -240.748626    244.703450      3.954823
  Quadrupole  ZZ    -322.154856    275.963120    -46.191736

    Octupole XXX   -3168.815562   3024.910844   -143.904718
    Octupole XXY    -690.185666    664.017493    -26.168174
    Octupole XXZ    -522.695902    501.962358    -20.733544
    Octupole XYY     -17.316684    -10.308372    -27.625055
    Octupole XYZ     455.088375   -454.223489      0.864886
    Octupole XZZ     242.569098   -270.523016    -27.953918
    Octupole YYY    -969.681694    944.140832    -25.540862
    Octupole YYZ    -133.098966    131.925248     -1.173718
    Octupole YZZ     164.597789   -193.829035    -29.231246
    Octupole ZZZ      40.568438   -108.980677    -68.412238

writing orbitals and density to disk ... done.

Total Time taken for Hartree-Fock: 25.51 secs

CD Options
{
  debug             = false
  skip_cd           = [false, 100]
  write_cv          = [false, 5000]
  diagtol           = 1e-06
  itilesize         = 1000
  max_cvecs_factor  = 12
}

- #occupied, #virtual = 98, 344

- Tilesize for the MSO space: 40

-----------------------------------------------------
Begin 2-index transformation ... 

nAO, nMO, nelectrons = 221, 442, 98
n_occ_alpha, n_vir_alpha, n_occ_beta, n_vir_beta = 49,172,49,172

Time taken for Fao->Fmo transform: 0.00 secs

-----------------------------------------------------
Number of AO tiles = 105
# of {all,non-negligible} shell-pairs = {5565,4918}

    Begin Cholesky Decomposition
---------------------------------------------
Total # of mpi ranks used for Cholesky decomposition: 4
  --> Number of nodes, mpi ranks per node: 1, 4
- CPU memory required for computing cholesky vectors: 1.93 GiB

- Time for computing the diagonal: 0.01 secs

- Total number of cholesky vectors = 1644

- Time to compute cholesky vectors: 15.88 secs

- CPU memory required for resizing the ao cholesky tensor: 1.56 GiB
- CPU memory required for ao2mo transformation: 1.70 GiB
- CPU memory required for the 2-step contraction: 2.11 GiB

- Time for ao to mo transform: 1.54 secs

   End Cholesky Decomposition
---------------------------------------------

Total Time taken for Cholesky Decomposition: 26.25 secs

scf_type = restricted
Closed-Shell SCF
QED-HF Enabled
nbf = 203
nbf_orig = 221
n_lindep = 0
focc = 1
nmo = 406
nocc = 62
nvir = 344
n_occ_alpha = 31
n_vir_alpha = 172
n_occ_beta = 31
n_vir_beta = 172
nelectrons = 98
nelectrons_alpha = 49
nelectrons_beta = 49
freeze atomic = true
n_frozen_core = 18
n_frozen_virtual = 0
----------------------------
--------- QED-CCSD --------
lambda_x: -0.0799
lambda_y: 0.0581
lambda_z: 0.0156
omega: 0.066150
coupling_factor_x: -0.014532
coupling_factor_y: 0.010558
coupling_factor_z: 0.002845
----------------------------
# of {all,non-negligible} shell-pairs = {5565,4918}
Number of AO tiles = 105
----------------------------
Electronic dipole expectation value using SCF density: 
dipole_x_elec: -7.42589613
dipole_y_elec: -18.09161028
dipole_z_elec: -9.93845490

d_n/N value: d_n is nuclear dipole moment and N is the total number of electrons 
d_nuc_x: 0.05374582
d_nuc_y: 0.19780111
d_nuc_z: 0.11550321

<d_e+d_n> expectation values: 
dipole_total_x: -2.15880608
dipole_total_y: 1.29289812
dipole_total_z: 1.38085992
----------------------------


 CCSD iterations
------------------------------------------------------------
  Iter     Residuum          Correlation          Time(s)
------------------------------------------------------------
   1     1.1840480997295    0.0000000000000         84.84
   2     0.1703420993161   -1.6189403439147         83.54
   3     0.0679017866364   -1.6208896747127         83.28
   4     0.0241932341460   -1.6856991719126         83.57
   5     0.0209616117227   -1.6814660843373         84.09
 MICROCYCLE DIIS UPDATE:                    6
   6     0.0091685485528   -1.6919837676026         83.74
   7     0.0067061990224   -1.6918149203363         83.42
   8     0.0055014075503   -1.6935721523142         83.17
   9     0.0058408008578   -1.6938311476639         83.17
  10     0.0075013540136   -1.6942902894445         83.00
 MICROCYCLE DIIS UPDATE:                   11
  11     0.0008142670166   -1.6950159066009         84.13
  12     0.0006161643275   -1.6949236816806         84.13
  13     0.0005511837494   -1.6950618613491         83.73
  14     0.0006731083854   -1.6950190542867         83.87
  15     0.0009855904789   -1.6950692348464         83.29
 MICROCYCLE DIIS UPDATE:                   16
  16     0.0001308868034   -1.6951027829204         84.08
  17     0.0000856663146   -1.6950713054767         83.56
  18     0.0000933692538   -1.6950899270202         84.24
  19     0.0001012904588   -1.6950905506167         83.52
  20     0.0001405593123   -1.6950933570784         83.53
 MICROCYCLE DIIS UPDATE:                   21
  21     0.0000263083922   -1.6951059603556         83.11
  22     0.0000199477192   -1.6950997221723         82.76
  23     0.0000166809484   -1.6951015249983         82.91
  24     0.0000214097107   -1.6950996368802         82.96
  25     0.0000319008163   -1.6951003986159         83.44
 MICROCYCLE DIIS UPDATE:                   26
  26     0.0000056692658   -1.6950998564047         82.69
  27     0.0000037937233   -1.6950990193668         82.76
  28     0.0000035388513   -1.6950998764177         82.76
  29     0.0000036290452   -1.6950999215745         82.38
  30     0.0000051173482   -1.6951000620038         82.42
 MICROCYCLE DIIS UPDATE:                   31
  31     0.0000012397446   -1.6951006533953         82.78
  32     0.0000009600638   -1.6951003276634         82.80
------------------------------------------------------------------
 Iterations converged
 CCSD correlation energy / hartree =        -1.695100327663369
 CCSD total energy / hartree       =     -3007.810198319767096

Time taken for spin-orbital canonical QED-CCSD: 2731.64 secs
