
ExaChem Git Information
{
 WARNING: Failed to retrieve the current git state.
}


TAMM Git Information
{
 Branch: main
 Commit Hash: e71357ad [e71357ad54f38748b4a7e175aa6760820d5ce96f]
 Commit Date: 2026-02-02 23:14:56 -0800
 Commit Message: add GitHub Actions workflow for releases
}


date: Mon Aug 10 16:30:34 2026
program: "/global/cfs/cdirs/m3196/heindelj/cavity_qed/software/install_gpu/bin/bin/ExaChem"
nnodes: 1, nproc_per_node: 4, nproc_total: 4, ngpus_per_node: 1, ngpus_total: 1

Memory information
{
[AMD EPYC 7763 64-Core Processor                ] : 
  CPU memory per node (GiB): 251
  Total CPU memory (GiB): 251
[NVIDIA A100-SXM4-80GB, CUDA v12.9] : 
  GPU memory per device (GiB): 79
  GPU memory per node (GiB): 79
  Total GPU memory (GiB): 79
}

------------------------------------------------------------

Input file provided: /global/cfs/cdirs/m4262/heindelj/cavity_qed/mlip/lambda_scans/grid_scans_optimized_geoms/runs_grid_no_freq/para_th9_ph126/para_th9_ph126_qed_ccsd_input.json

{
  "geometry": {
    "coordinates": [
      "C    -0.480669718400    1.241212510800    0.517336376900",
      "C     0.875642037300    1.253589080800    0.646712073900",
      "C     1.530374282200    0.024186758600    0.719168001100",
      "H    -1.044764297300    2.164743400000    0.465497108700",
      "H     1.449422193100    2.168703260500    0.683474171000",
      "N     3.023818395400    0.048578229700    0.889346539300",
      "O     3.551945511300   -1.018551360200    1.051672821400",
      "O     3.539347635300    1.133262484300    0.849613646300",
      "C    -0.441847700200   -1.253059029600    0.506190760600",
      "H    -0.977621186500   -2.192295558200    0.442961236800",
      "C     0.913702376400   -1.225041797300    0.643739939000",
      "H     1.514603297500   -2.122487076300    0.685544972600",
      "C    -1.228088991900   -0.017806150300    0.537498798000",
      "H    -1.638094902100   -0.035629888300    1.562576583100",
      "Br   -2.821849674800   -0.021884386200   -0.535893401600"
    ],
    "units": "angstrom",
    "noorient": true
  },
  "common": {
    "maxiter": 100,
    "debug": false
  },
  "basis": {
    "basisset": "6-311G*"
  },
  "SCF": {
    "charge": 1,
    "multiplicity": 1,
    "lshift": 0,
    "tol_lindep": 1e-10,
    "conve": 1e-07,
    "convd": 1e-05,
    "diis_hist": 10,
    "writem": 10,
    "restart": false,
    "noscf": false,
    "scf_type": "restricted",
    "debug": false,
    "qed_omegas": [
      0.06615
    ],
    "qed_volumes": [],
    "qed_lambdas": [
      0.1
    ],
    "qed_polvecs": [
      [
        -0.09194987150091015,
        0.12655814072350038,
        0.9876883405951378
      ]
    ],
    "direct_df": false
  },
  "CD": {
    "debug": false,
    "diagtol": 1e-06
  },
  "CC": {
    "threshold": 1e-06,
    "ndiis": 5,
    "ccsd_maxiter": 200,
    "tilesize": 40,
    "freeze": {
      "atomic": true
    },
    "readt": false,
    "writet": true,
    "writet_iter": 5,
    "debug": false,
    "profile_ccsd": false,
    "balance_tiles": true
  },
  "TASK": {
    "scf": false,
    "ccsd": true
  }
}

Output folder & files prefix: para_th9_ph126_qed_ccsd_input.6-311g*

  C (carbon)
  ----------
          Exponent        Coefficients
      ----------------  --------------------
  1 S  4.56324000E+03      0.778202
  1 S  6.82024000E+02      1.448695
  1 S  1.54973000E+02      2.383089
  1 S  4.44553000E+01      3.200089
  1 S  1.30290000E+01      3.013004
  1 S  1.82773000E+00      0.247599

  2 S  2.09642000E+01      0.800629
  2 S  4.80331000E+00      2.127420
  2 S  1.45933000E+00     -0.002868

  3 P  2.09642000E+01      2.573592
  3 P  4.80331000E+00      2.408248
  3 P  1.45933000E+00      1.865281

  4 S  4.83456000E-01      0.413217

  5 P  4.83456000E-01      0.574627

  6 S  1.45585000E-01      0.167976

  7 P  1.45585000E-01      0.128185

  8 D  6.26000000E-01      0.725128


  H (hydrogen)
  ------------
          Exponent        Coefficients
      ----------------  --------------------
  1 S  3.38650000E+01      0.255069
  1 S  5.09479000E+00      0.460109
  1 S  1.15879000E+00      0.678321

  2 S  3.25840000E-01      0.307371

  3 S  1.02741000E-01      0.129336


  N (nitrogen)
  ------------
          Exponent        Coefficients
      ----------------  --------------------
  1 S  6.29348000E+03      0.991968
  1 S  9.49044000E+02      1.823240
  1 S  2.18776000E+02      2.979891
  1 S  6.36916000E+01      4.000007
  1 S  1.88282000E+01      3.881008
  1 S  2.72023000E+00      0.386764

  2 S  3.06331000E+01      1.038501
  2 S  7.02614000E+00      2.834794
  2 S  2.11205000E+00     -0.003208

  3 P  3.06331000E+01      3.935616
  3 P  7.02614000E+00      3.870994
  3 P  2.11205000E+00      2.967271

  4 S  6.84009000E-01      0.536051

  5 P  6.84009000E-01      0.886681

  6 S  2.00878000E-01      0.213850

  7 P  2.00878000E-01      0.191693

  8 D  9.13000000E-01      1.403568


  O (oxygen)
  ----------
          Exponent        Coefficients
      ----------------  --------------------
  1 S  8.58850000E+03      1.205013
  1 S  1.29723000E+03      2.216205
  1 S  2.99296000E+02      3.627452
  1 S  8.73771000E+01      4.888452
  1 S  2.56789000E+01      4.835721
  1 S  3.74004000E+00      0.538229

  2 S  4.21175000E+01      1.341958
  2 S  9.62837000E+00      3.587114
  2 S  2.85332000E+00     -0.005123

  3 P  4.21175000E+01      5.584018
  3 P  9.62837000E+00      5.733366
  3 P  2.85332000E+00      4.332955

  4 S  9.05661000E-01      0.661659

  5 P  9.05661000E-01      1.259352

  6 S  2.55611000E-01      0.256209

  7 P  2.55611000E-01      0.259068

  8 D  1.29200000E+00      2.577026


  Br (bromine)
  ------------
          Exponent        Coefficients
      ----------------  --------------------
  1 S  4.39700000E+05      9.893706
  1 S  6.60300000E+04     18.450679
  1 S  1.51400000E+04     31.049770
  1 S  4.31700000E+03     48.888138
  1 S  1.41400000E+03     64.847798
  1 S  5.23900000E+02     42.245010

  2 S  5.23900000E+02     14.290679
  2 S  2.07700000E+02     24.083128
  2 S  8.65400000E+01      5.132542

  3 S  3.05200000E+01      9.254405

  4 S  1.29800000E+01      4.873782

  5 S  4.41200000E+00      2.169635

  6 S  1.86200000E+00      1.136043

  7 S  3.93200000E-01      0.353892

  8 S  1.40000000E-01      0.163120

  9 P  2.95700000E+03    691.874478
  9 P  7.00300000E+02    925.332763
  9 P  2.24600000E+02   1068.830732

  10 P  8.25900000E+01    122.079275
  10 P  3.31900000E+01     57.580687
  10 P  1.42000000E+01     10.176170

  11 P  1.42000000E+01      3.129736
  11 P  7.43800000E+00      6.538168
  11 P  3.52600000E+00      4.166276

  12 P  1.59500000E+00      2.555000

  13 P  8.46200000E-01      1.156861

  14 P  3.18600000E-01      0.341191

  15 P  1.09600000E-01      0.089888

  16 D  1.34800000E+02    160.709187
  16 D  3.63900000E+01    119.797406
  16 D  1.21600000E+01     55.531619
  16 D  4.34100000E+00     12.984636

  17 D  1.53500000E+00      3.484168

  18 D  4.51000000E-01      0.408525



Printing Internal Coordinates

------------------------------------------------------------
                Bond Lengths

i      j        Length (Angstroms)     Length (Bohr)
0      1          1.3625244325         2.5747980172
0      3          1.0834201895         2.0473674374
0      12         1.4642984951         2.7671231222
1      2          1.3947595648         2.6357135890
1      4          1.0807446881         2.0423114725
2      5          1.5033066879         2.8408379234
2      10         1.3951865885         2.6365205469
5      6          1.2016795055         2.2708451566
5      7          1.2016193375         2.2707314554
8      9          1.0831511704         2.0468590650
8      10         1.3627988670         2.5753166234
8      12         1.4645836397         2.7676619676
10     11         1.0808504090         2.0425112561
12     13         1.1041770680         2.0865922531
12     14         1.9215255815         3.6311570930

Number of Bonds: 15

------------------------------------------------------------
           Bond Angles

i      j      k      Angle (degrees)
0      1      2        117.6590 
0      1      4        122.6436 
0      12     8        116.7993 
0      12     13       102.4857 
0      12     14       114.6765 
1      0      3        121.0033 
1      0      12       120.9710 
1      2      5        117.2531 
1      2      10       125.3759 
2      1      4        119.6940 
2      5      6        115.9439 
2      5      7        115.9201 
2      10     8        117.6140 
2      10     11       119.7112 
3      0      12       117.8929 
5      2      10       117.3708 
6      5      7        128.1357 
8      10     11       122.6720 
8      12     13       101.8629 
8      12     14       115.5649 
9      8      10       121.0463 
9      8      12       117.8436 
10     8      12       120.9629 
13     12     14       102.1563 

Number of Angles: 24

------------------------------------------------------------
              Torsional Angles

i      j      k      l      Angle (degrees)
3      0      1      2        179.4173 
4      1      0      3         -1.2472 
8      10     2      1         -0.9494 
8      12     0      1         -8.6065 
8      12     0      3        175.5434 
9      8      10     2       -179.9518 
9      8      12     0       -175.3590 
10     2      1      0          1.3375 
10     2      1      4       -178.0184 
10     8      12     0          9.0050 
11     10     2      1        178.4610 
11     10     8      9          0.6566 
12     0      1      2          3.6966 
12     0      1      4       -176.9679 
12     8      10     2         -4.4560 
12     8      10     11       176.1523 
13     12     0      1        101.7424 
13     12     0      3        -74.1077 
13     12     8      9         73.9332 
13     12     8      10      -101.7028 
14     12     0      1       -148.4360 
14     12     0      3         35.7139 
14     12     8      9        -35.8834 
14     12     8      10       148.4806 

Number of Torsional Angles: 24


----------------------------------------------------------------------
                          Center of Mass

         x               y               z              Unit
   -0.2779895701  0.005055433705    0.2303816642      Angstrom
   -0.5253241534  0.009553385149    0.4353582498          Bohr

----------------------------------------------------------------------
                Moment of Inertia Tensor

           758.924          -47.7283          -1040.47
          -47.7283           4688.37         -0.121983
          -1040.47         -0.121983           4859.76

----------------------------------------------------------------------
                      Principal Moments of Inertia

           x                 y                 z                Unit
       142.6803439       1312.942061       1430.646823       amu * ang^2
       509.5207581       4688.601218       5108.932555      amu * bohr^2
  2.3692644675e-38  2.1801930719e-37  2.3756465615e-37          g * cm^2

 - Molecule is an asymmetric top.

----------------------------------------------------------------------

         Rotational constants (MHz)

    A = 3.5420e+03        B = 3.8492e+02        C = 3.5325e+02

----------------------------------------------------------------------

        Rotational constants (cm-1)

    A = 1.1815e-01        B = 1.2840e-02        C = 1.1783e-02

----------------------------------------------------------------------

                                Z-Matrix
C   
C        1        2.574798
C        2       2.6357136     1       117.65902
H        3      6.34612417     2     22.22226326     1         -0.4261
H        4      4.73130060     3     39.69357361     2          0.1280
N        5      5.00546930     4    126.70023844     3         -1.0738
O        6      2.27084516     5    169.27155350     4        -21.3566
O        7      4.08429644     6     25.93146246     5       -158.9476
C        8      8.79532743     7     60.09413889     6         -1.2912
H        9      2.04685907     8    150.69289820     7         -7.9671
C       10      4.03225080     9     33.17438465     8          2.0660
H       11      2.04251126    10     96.89408675     9       -179.4433
C       12      6.53909696    11     18.67897916    10         -4.0736
H       13      2.08659225    12    104.16860592    11       -103.9303
Br      14      4.55304033    13     51.22767998    12       -140.5177

----------------------------------------------------------------------

             Converted back to Cartesian

C        0.000000      0.000000      0.000000
C        0.000000      0.000000      2.574798
C        0.000000      0.094446     -0.059223
H        0.000006     -0.175882      6.281141
H       -0.000008      0.082799      1.556917
N        0.000102     -0.383518      6.540618
O        0.000756     -0.055715      4.293557
O        0.000948     -0.677172      8.330297
C       -0.006230      0.819861     -0.336688
H       -0.000389      0.379374      1.662204
C       -0.013728      1.286827     -2.266587
H       -0.000979      0.768927     -0.290867
C       -0.045443      2.462767     -6.606618
H       -0.022690      1.859157     -4.609369
Br      -0.078490      3.243835     -8.946388

----------------------------------------------------------------------
                       Geometry in bohr 

1     C      -0.9083341248    2.3455517095    0.9776240673
2     C       1.6547236348    2.3689400371    1.2221087020
3     C       2.8919882635    0.0457063496    1.3590305606
4     H      -1.9743183880    4.0907721589    0.8796620478
5     H       2.7390109858    4.0982552107    1.2915789973
6     N       5.7141886218    0.0917995498    1.6806213903
7     O       6.7122042305   -1.9247831159    1.9873736065
8     O       6.6883976951    2.1415557241    1.6055371043
9     C      -0.8349711427   -2.3679383855    0.9565619050
10    H      -1.8474362974   -4.1428381920    0.8370754219
11    C       1.7266472520   -2.3149934897    1.2164921810
12    H       2.8621854217   -4.0109192800    1.2954922452
13    C      -2.3207518529   -0.0336487474    1.0157255212
14    H      -3.0955507332   -0.0673307308    2.9528417928
15    Br     -5.3325230539   -0.0413554964   -1.0126917617

 Number of nodes, processes per node used for SCF calculation: 1, 4

Common Options
{
  maxiter       = 100
  basis         = 6-311g* spherical
  geom_units    = angstrom
  ang2au factor = 1.889726126
  debug         = false
  file_prefix   = para_th9_ph126_qed_ccsd_input
}

SCF Options
{
  charge            = 1
  multiplicity      = 1
  level shift       = 0
  tol_int           = 1e-22
  tol_sch           = 1e-12
  tol_lindep        = 1e-10
  conve             = 1e-07
  convd             = 1e-05
  diis_hist         = 10
  AO_tilesize       = 30
  writem            = 10
  damp              = 100
  n_lindep          = 0
  scf_type          = restricted
  cuscf             = false
  qed_omegas        = [0.06615,]
  qed_lambdas       = [0.1,]
  qed_polvecs       = [[-0.0919498715,0.1265581407,0.9876883406,],]
  direct_df         = false
  restart_size      = 2000
  restart           = false
  debug             = false
}

Number of basis functions = 221

Total number of shells = 105

Total number of electrons = 98
  # of alpha electrons    = 49
  # of beta electons      = 49

Nuclear repulsion energy  = 721.467129821936

# of {all,non-negligible} shell-pairs = {5565,4837}
Number of AO tiles = 105

Time for initial setup: 0.02 secs
HF exch = 1.00

Time for computing 1-e integrals T, V, S: 0.01 secs
Time for computing orthogonalizer: 0.01 secs

Superposition of Atomic Density Guess ...
Time taken for SAD: 0.30 secs
Total Time to compute initial guess: 0.30 secs


 SCF iterations
-----------------------------------------------------------------------------
 Iter     Energy            E-Diff       RMSD        |[F,P]|^2       Time(s)
-----------------------------------------------------------------------------
   1  -3011.6983474466    -3.01e+03     1.71e-02     1.50e+03         0.6 
   2  -3005.8390024613     5.86e+00     6.84e-03     7.44e+00         2.1 
   3  -3006.0065370255    -1.68e-01     2.86e-03     3.95e+00         2.0 
   4  -3006.1183438701    -1.12e-01     1.19e-03     1.02e-01         2.0 
   5  -3006.1236846199    -5.34e-03     2.61e-04     1.23e-02         2.0 
   6  -3006.1242756896    -5.91e-04     1.76e-04     1.22e-03         2.0 
   7  -3006.1244071753    -1.31e-04     8.25e-05     1.93e-04         2.1 
   8  -3006.1244343788    -2.72e-05     3.01e-05     3.21e-05         2.1 
   9  -3006.1244389259    -4.55e-06     1.15e-05     4.60e-06         2.1 
  10  -3006.1244395707    -6.45e-07     3.54e-06     6.08e-07         2.1 
  11  -3006.1244396274    -5.67e-08     1.32e-06     1.44e-07         2.1 

** Total SCF energy = -3006.1244396273605

Nuclear repulsion energy = 721.467129821936396
#electrons        = 98
1e energy kinetic = 3006.1446533786688633
1e energy N-e     = -8596.1585451164592087
1e energy         = -5589.4246449460442818
2e energy         = 1862.2487349125931360
QED energy        = 0.1735873759014509
QED eT energy     = 0.1469082571715694
QED eT energy from matrix = 0.1469082571715723

 Polarizability Matrix (QED energy = 0.5 * lambda.dot(matrix * lambda))
[43.82820578,  0.01718272,  1.76313936]
[ 0.01718272, 43.74948251, -0.47867209]
[ 1.76313936, -0.47867209, 34.94158179]

 Polarizability Matrix (QED eT energy = 0.5 * lambda.dot(matrix * lambda))
[40.62281297,  0.02121789,  2.28973413]
[ 0.02121789, 40.52826929, -0.56437555]
[ 2.28973413, -0.56437555, 29.67268198]


                      Electron        Nuclear        Total  
                  ------------------------------------------
    Monopole         -98.000000     99.000000      1.000000

      Dipole   X      26.233251    -27.494468     -1.261217
      Dipole   Y      -1.177302      1.158979     -0.018322
      Dipole   Z     -51.620707     52.805332      1.184625

  Quadrupole  XX   -2150.291113   2100.658129    -49.632984
  Quadrupole  XY     -22.237389     22.031404     -0.205985
  Quadrupole  XZ    -469.291210    467.731841     -1.559369
  Quadrupole  YY    -306.911425    265.730714    -41.180712
  Quadrupole  YZ       0.018672      0.288509      0.307181
  Quadrupole  ZZ    -215.017825    167.761905    -47.255920

    Octupole XXX   -1065.600215    932.290077   -133.310138
    Octupole XXY     -54.051599     51.957940     -2.093659
    Octupole XXZ    -930.329302    873.722311    -56.606991
    Octupole XYY    -548.507684    524.825483    -23.682201
    Octupole XYZ      25.085299    -23.560679      1.524621
    Octupole XZZ    -309.758711    289.195641    -20.563069
    Octupole YYY     -29.208123     26.277738     -2.930385
    Octupole YYZ    -362.415309    334.226089    -28.189220
    Octupole YZZ      15.335420    -15.121163      0.214257
    Octupole ZZZ    -279.355472    178.085037   -101.270434

writing orbitals and density to disk ... done.

Total Time taken for Hartree-Fock: 23.12 secs

CD Options
{
  debug             = false
  skip_cd           = [false, 100]
  write_cv          = [false, 5000]
  diagtol           = 1e-06
  itilesize         = 1000
  max_cvecs_factor  = 12
}

- #occupied, #virtual = 98, 344

- Tilesize for the MSO space: 40

-----------------------------------------------------
Begin 2-index transformation ... 

nAO, nMO, nelectrons = 221, 442, 98
n_occ_alpha, n_vir_alpha, n_occ_beta, n_vir_beta = 49,172,49,172

Time taken for Fao->Fmo transform: 0.00 secs

-----------------------------------------------------
Number of AO tiles = 105
# of {all,non-negligible} shell-pairs = {5565,4837}

    Begin Cholesky Decomposition
---------------------------------------------
Total # of mpi ranks used for Cholesky decomposition: 4
  --> Number of nodes, mpi ranks per node: 1, 4
- CPU memory required for computing cholesky vectors: 1.93 GiB

- Time for computing the diagonal: 0.01 secs

- Total number of cholesky vectors = 1647

- Time to compute cholesky vectors: 15.25 secs

- CPU memory required for resizing the ao cholesky tensor: 1.56 GiB
- CPU memory required for ao2mo transformation: 1.70 GiB
- CPU memory required for the 2-step contraction: 2.11 GiB

- Time for ao to mo transform: 1.57 secs

   End Cholesky Decomposition
---------------------------------------------

Total Time taken for Cholesky Decomposition: 18.66 secs

scf_type = restricted
Closed-Shell SCF
QED-HF Enabled
nbf = 203
nbf_orig = 221
n_lindep = 0
focc = 1
nmo = 406
nocc = 62
nvir = 344
n_occ_alpha = 31
n_vir_alpha = 172
n_occ_beta = 31
n_vir_beta = 172
nelectrons = 98
nelectrons_alpha = 49
nelectrons_beta = 49
freeze atomic = true
n_frozen_core = 18
n_frozen_virtual = 0
----------------------------
--------- QED-CCSD --------
lambda_x: -0.0092
lambda_y: 0.0127
lambda_z: 0.0988
omega: 0.066150
coupling_factor_x: -0.001672
coupling_factor_y: 0.002302
coupling_factor_z: 0.017963
----------------------------
# of {all,non-negligible} shell-pairs = {5565,4837}
Number of AO tiles = 105
----------------------------
Electronic dipole expectation value using SCF density: 
dipole_x_elec: 26.23344465
dipole_y_elec: -1.17698826
dipole_z_elec: -51.62067336

d_n/N value: d_n is nuclear dipole moment and N is the total number of electrons 
d_nuc_x: -0.28055580
d_nuc_y: 0.01182632
d_nuc_z: 0.53882992

<d_e+d_n> expectation values: 
dipole_total_x: -1.26102331
dipole_total_y: -0.01800891
dipole_total_z: 1.18465853
----------------------------


 CCSD iterations
------------------------------------------------------------
  Iter     Residuum          Correlation          Time(s)
------------------------------------------------------------
   1     1.1861323256487    0.0000000000000         85.02
   2     0.1672831171958   -1.7005983030546         84.42
   3     0.0670192723222   -1.6264509753657         84.15
   4     0.0201004295063   -1.6986333399782         84.17
   5     0.0147120133688   -1.6879221118243         83.89
 MICROCYCLE DIIS UPDATE:                    6
   6     0.0057234433575   -1.6970122766675         82.99
   7     0.0029228076769   -1.6968855043692         82.72
   8     0.0018320033703   -1.6976563627091         83.27
   9     0.0010573301242   -1.6976878820212         83.40
  10     0.0008461992908   -1.6978887066687         84.60
 MICROCYCLE DIIS UPDATE:                   11
  11     0.0002960477104   -1.6980210220154         83.68
  12     0.0002388191090   -1.6981151216956         84.00
  13     0.0001554880190   -1.6980897452040         83.70
  14     0.0001382407183   -1.6980924533211         83.82
  15     0.0000957095072   -1.6980897589822         83.86
 MICROCYCLE DIIS UPDATE:                   16
  16     0.0000303671827   -1.6980764367331         83.59
  17     0.0000176797234   -1.6980902389067         83.05
  18     0.0000133491314   -1.6980922090364         82.99
  19     0.0000104977881   -1.6980933099093         83.10
  20     0.0000093353256   -1.6980938464885         83.69
 MICROCYCLE DIIS UPDATE:                   21
  21     0.0000033845452   -1.6980941787274         83.92
  22     0.0000025356787   -1.6980948761390         84.18
  23     0.0000018209460   -1.6980947246404         83.34
  24     0.0000015403137   -1.6980946451972         83.31
  25     0.0000011768990   -1.6980946376699         83.20
 MICROCYCLE DIIS UPDATE:                   26
  26     0.0000004459577   -1.6980943566444         83.37
------------------------------------------------------------------
 Iterations converged
 CCSD correlation energy / hartree =        -1.698094356644363
 CCSD total energy / hartree       =     -3007.822533984005076

Time taken for spin-orbital canonical QED-CCSD: 2239.34 secs
