
ExaChem Git Information
{
 WARNING: Failed to retrieve the current git state.
}


TAMM Git Information
{
 Branch: main
 Commit Hash: e71357ad [e71357ad54f38748b4a7e175aa6760820d5ce96f]
 Commit Date: 2026-02-02 23:14:56 -0800
 Commit Message: add GitHub Actions workflow for releases
}


date: Wed Aug  5 22:27:07 2026
program: "/global/cfs/cdirs/m3196/heindelj/cavity_qed/software/install_gpu/bin/bin/ExaChem"
nnodes: 1, nproc_per_node: 4, nproc_total: 4, ngpus_per_node: 1, ngpus_total: 1

Memory information
{
[AMD EPYC 7763 64-Core Processor                ] : 
  CPU memory per node (GiB): 251
  Total CPU memory (GiB): 251
[NVIDIA A100-SXM4-40GB, CUDA v12.9] : 
  GPU memory per device (GiB): 39
  GPU memory per node (GiB): 39
  Total GPU memory (GiB): 39
}

------------------------------------------------------------

Input file provided: /global/cfs/cdirs/m4262/heindelj/cavity_qed/mlip/lambda_scans/grid_scans_optimized_geoms/runs_grid_no_freq/meta_th72_ph126/meta_th72_ph126_qed_ccsd_input.json

{
  "geometry": {
    "coordinates": [
      "C    -0.901243526500    1.988853753800    0.823290800800",
      "C     0.481314704400    1.929586188800    0.681944884600",
      "C     1.158842253000    0.693666729800    0.657684487900",
      "C     0.492118351700   -0.469981184900    0.664756283900",
      "C    -1.613888506600    0.828413603800    0.849505584100",
      "H    -1.388182342700    2.943344081300    0.896543583000",
      "H     1.071600861000    2.836038998400    0.606773819400",
      "H     1.016572892100   -1.411055524200    0.651819942600",
      "H    -2.690764988800    0.834245891000    0.944121251200",
      "N     2.629902580400    0.737809648900    0.638913799600",
      "O     3.184079307800   -0.021281672000    1.384330950000",
      "O     3.122185897700    1.552377698700   -0.099463254300",
      "C    -0.976647126200   -0.476213386400    0.651379033700",
      "H    -1.392690593900   -1.255259963600    1.289740252700",
      "Br   -1.585033039900   -0.908945908100   -1.169883753700"
    ],
    "units": "angstrom",
    "noorient": true
  },
  "common": {
    "maxiter": 100,
    "debug": false
  },
  "basis": {
    "basisset": "6-311G*"
  },
  "SCF": {
    "charge": 1,
    "multiplicity": 1,
    "lshift": 0,
    "tol_lindep": 1e-10,
    "conve": 1e-07,
    "convd": 1e-05,
    "diis_hist": 10,
    "writem": 10,
    "restart": false,
    "noscf": false,
    "scf_type": "restricted",
    "debug": false,
    "qed_omegas": [
      0.06615
    ],
    "qed_volumes": [],
    "qed_lambdas": [
      0.1
    ],
    "qed_polvecs": [
      [
        -0.5590169943749475,
        0.7694208842938135,
        0.3090169943749475
      ]
    ],
    "direct_df": false
  },
  "CD": {
    "debug": false,
    "diagtol": 1e-06
  },
  "CC": {
    "threshold": 1e-06,
    "ndiis": 5,
    "ccsd_maxiter": 200,
    "tilesize": 40,
    "freeze": {
      "atomic": true
    },
    "readt": false,
    "writet": true,
    "writet_iter": 5,
    "debug": false,
    "profile_ccsd": false,
    "balance_tiles": true
  },
  "TASK": {
    "scf": false,
    "ccsd": true
  }
}

Output folder & files prefix: meta_th72_ph126_qed_ccsd_input.6-311g*

  C (carbon)
  ----------
          Exponent        Coefficients
      ----------------  --------------------
  1 S  4.56324000E+03      0.778202
  1 S  6.82024000E+02      1.448695
  1 S  1.54973000E+02      2.383089
  1 S  4.44553000E+01      3.200089
  1 S  1.30290000E+01      3.013004
  1 S  1.82773000E+00      0.247599

  2 S  2.09642000E+01      0.800629
  2 S  4.80331000E+00      2.127420
  2 S  1.45933000E+00     -0.002868

  3 P  2.09642000E+01      2.573592
  3 P  4.80331000E+00      2.408248
  3 P  1.45933000E+00      1.865281

  4 S  4.83456000E-01      0.413217

  5 P  4.83456000E-01      0.574627

  6 S  1.45585000E-01      0.167976

  7 P  1.45585000E-01      0.128185

  8 D  6.26000000E-01      0.725128


  H (hydrogen)
  ------------
          Exponent        Coefficients
      ----------------  --------------------
  1 S  3.38650000E+01      0.255069
  1 S  5.09479000E+00      0.460109
  1 S  1.15879000E+00      0.678321

  2 S  3.25840000E-01      0.307371

  3 S  1.02741000E-01      0.129336


  N (nitrogen)
  ------------
          Exponent        Coefficients
      ----------------  --------------------
  1 S  6.29348000E+03      0.991968
  1 S  9.49044000E+02      1.823240
  1 S  2.18776000E+02      2.979891
  1 S  6.36916000E+01      4.000007
  1 S  1.88282000E+01      3.881008
  1 S  2.72023000E+00      0.386764

  2 S  3.06331000E+01      1.038501
  2 S  7.02614000E+00      2.834794
  2 S  2.11205000E+00     -0.003208

  3 P  3.06331000E+01      3.935616
  3 P  7.02614000E+00      3.870994
  3 P  2.11205000E+00      2.967271

  4 S  6.84009000E-01      0.536051

  5 P  6.84009000E-01      0.886681

  6 S  2.00878000E-01      0.213850

  7 P  2.00878000E-01      0.191693

  8 D  9.13000000E-01      1.403568


  O (oxygen)
  ----------
          Exponent        Coefficients
      ----------------  --------------------
  1 S  8.58850000E+03      1.205013
  1 S  1.29723000E+03      2.216205
  1 S  2.99296000E+02      3.627452
  1 S  8.73771000E+01      4.888452
  1 S  2.56789000E+01      4.835721
  1 S  3.74004000E+00      0.538229

  2 S  4.21175000E+01      1.341958
  2 S  9.62837000E+00      3.587114
  2 S  2.85332000E+00     -0.005123

  3 P  4.21175000E+01      5.584018
  3 P  9.62837000E+00      5.733366
  3 P  2.85332000E+00      4.332955

  4 S  9.05661000E-01      0.661659

  5 P  9.05661000E-01      1.259352

  6 S  2.55611000E-01      0.256209

  7 P  2.55611000E-01      0.259068

  8 D  1.29200000E+00      2.577026


  Br (bromine)
  ------------
          Exponent        Coefficients
      ----------------  --------------------
  1 S  4.39700000E+05      9.893706
  1 S  6.60300000E+04     18.450679
  1 S  1.51400000E+04     31.049770
  1 S  4.31700000E+03     48.888138
  1 S  1.41400000E+03     64.847798
  1 S  5.23900000E+02     42.245010

  2 S  5.23900000E+02     14.290679
  2 S  2.07700000E+02     24.083128
  2 S  8.65400000E+01      5.132542

  3 S  3.05200000E+01      9.254405

  4 S  1.29800000E+01      4.873782

  5 S  4.41200000E+00      2.169635

  6 S  1.86200000E+00      1.136043

  7 S  3.93200000E-01      0.353892

  8 S  1.40000000E-01      0.163120

  9 P  2.95700000E+03    691.874478
  9 P  7.00300000E+02    925.332763
  9 P  2.24600000E+02   1068.830732

  10 P  8.25900000E+01    122.079275
  10 P  3.31900000E+01     57.580687
  10 P  1.42000000E+01     10.176170

  11 P  1.42000000E+01      3.129736
  11 P  7.43800000E+00      6.538168
  11 P  3.52600000E+00      4.166276

  12 P  1.59500000E+00      2.555000

  13 P  8.46200000E-01      1.156861

  14 P  3.18600000E-01      0.341191

  15 P  1.09600000E-01      0.089888

  16 D  1.34800000E+02    160.709187
  16 D  3.63900000E+01    119.797406
  16 D  1.21600000E+01     55.531619
  16 D  4.34100000E+00     12.984636

  17 D  1.53500000E+00      3.484168

  18 D  4.51000000E-01      0.408525



Printing Internal Coordinates

------------------------------------------------------------
                Bond Lengths

i      j        Length (Angstroms)     Length (Bohr)
0      1          1.3910278840         2.6286617343
0      4          1.3620467776         2.5738953803
0      5          1.0740238201         2.0296108727
1      2          1.4096556512         2.6638631127
1      6          1.0843178186         2.0490637106
2      3          1.3411365480         2.5343807731
2      9          1.4718421868         2.7813786336
3      7          1.0774232344         2.0360348346
3      12         1.4688396169         2.7757045989
4      8          1.0810407476         2.0428709439
4      12         1.4653949264         2.7691950773
9      10         1.1995741773         2.2668666627
9      11         1.2046014469         2.2763668256
12     13         1.0897296832         2.0592906525
12     14         1.9683467672         3.7196363109

Number of Bonds: 15

------------------------------------------------------------
           Bond Angles

i      j      k      Angle (degrees)
0      1      2        121.1186 
0      1      6        120.8303 
0      4      8        121.2175 
0      4      12       121.8963 
1      0      4        119.0574 
1      0      5        119.6970 
1      2      3        121.4458 
1      2      9        117.0201 
2      1      6        118.0403 
2      3      7        121.0512 
2      3      12       120.0491 
2      9      10       115.7744 
2      9      11       115.8840 
3      2      9        121.5310 
3      12     4        115.4567 
3      12     13       112.3005 
3      12     14       108.5679 
4      0      5        121.2406 
4      12     13       113.0318 
4      12     14       100.7438 
7      3      12       118.8768 
8      4      12       116.7322 
10     9      11       128.3168 
13     12     14       105.4771 

Number of Angles: 24

------------------------------------------------------------
              Torsional Angles

i      j      k      l      Angle (degrees)
3      2      1      0          5.2611 
4      0      1      2         -4.3597 
5      0      1      2        176.4397 
6      1      0      4        176.8590 
6      1      0      5         -2.3415 
6      1      2      3       -175.9246 
7      3      2      1       -179.6443 
8      4      0      1       -179.1435 
8      4      0      5          0.0443 
12     4      0      1         -3.8011 
12     4      0      5        175.3867 
13     12     4      0        141.7258 
13     12     4      8        -42.7336 
14     12     4      0       -106.2001 
14     12     4      8         69.3405 

Number of Torsional Angles: 15


----------------------------------------------------------------------
                          Center of Mass

         x               y               z              Unit
  -0.04286517982   0.09899888804  -0.03759003372      Angstrom
   -0.0810034502    0.1870807852   -0.0710348688          Bohr

----------------------------------------------------------------------
                Moment of Inertia Tensor

           1537.81          -723.683          -773.656
          -723.683           3180.88          -478.208
          -773.656          -478.208           3377.69

----------------------------------------------------------------------
                      Principal Moments of Inertia

           x                 y                 z                Unit
       262.2361287       944.9865592       1059.997064       amu * ang^2
       936.4622165       3374.608267       3785.318235      amu * bohr^2
  4.3545363354e-38  1.5691881700e-37  1.7601677363e-37          g * cm^2

 - Molecule is an asymmetric top.

----------------------------------------------------------------------

         Rotational constants (MHz)

    A = 1.9272e+03        B = 5.3480e+02        C = 4.7677e+02

----------------------------------------------------------------------

        Rotational constants (cm-1)

    A = 6.4284e-02        B = 1.7839e-02        C = 1.5903e-02

----------------------------------------------------------------------

                                Z-Matrix
C   
C        1       2.6286617
C        2       2.6638631     1       121.11862
C        3      2.53438077     2    121.44580757     1          5.2611
C        4      4.68835919     3     88.18399454     2         -2.9417
H        5      4.02031706     4    115.58488021     3          0.2013
H        6      4.68484957     5     93.41981079     4          2.6738
H        7      8.02697050     6     91.67237066     5         -2.4900
H        8      8.20915227     7     59.66726524     6          1.9052
N        9     10.07278179     8     30.10773747     7         -3.0766
O       10      2.26686666     9    115.91339047     8        -48.0749
O       11      4.08892363    10     25.89962820     9       -173.9262
C       12      8.75809635    11     66.16314094    10         -9.1412
H       13      2.05929065    12    138.19970773    11          1.5840
Br      14      4.70791399    13     49.59052940    12       -130.6678

----------------------------------------------------------------------

             Converted back to Cartesian

C        0.000000      0.000000      0.000000
C        0.000000      0.000000      2.628662
C        0.000000      0.098261     -0.033389
C       -0.000150     -0.088833      2.494077
C        0.000442      0.382728     -2.170507
H       -0.000427     -0.162194      1.812709
H        0.000817      0.604613     -2.808960
H       -0.001532     -0.929815      5.069986
H        0.000927      0.785627     -2.957930
N       -0.002038     -1.409504      6.872753
O       -0.000244     -0.837707      4.679187
O       -0.002224     -1.900262      8.627639
C       -0.004361      0.545499      0.217972
H       -0.000769     -0.112229      2.169397
Br      -0.008682      1.458676     -2.268694

----------------------------------------------------------------------
                       Geometry in bohr 

1     C      -1.7031034378    3.7583888992    1.5557941355
2     C       0.9095529717    3.6463894332    1.2886890649
3     C       2.1898944813    1.3108401420    1.2428435594
4     C       0.9299689062   -0.8881357238    1.2562073170
5     C      -3.0498072752    1.5654748302    1.6053328964
6     H      -2.6232844405    5.5621142080    1.6942218318
7     H       2.0250321436    5.3593369894    1.1466363390
8     H       1.9210443531   -2.6665084892    1.2317611749
9     H      -5.0848088980    1.5764962557    1.7841305944
10    N       4.9697956148    1.3942581695    1.2073720993
11    O       6.0170378549   -0.0402165316    2.6160063631
12    O       5.9000762608    2.9335686945   -0.1879583102
13    C      -1.8455955902   -0.8999128778    1.2309279779
14    H      -2.6318038006   -2.3720975480    2.4372558512
15    Br     -2.9952783459   -1.7176588296   -2.2107598936

 Number of nodes, processes per node used for SCF calculation: 1, 4

Common Options
{
  maxiter       = 100
  basis         = 6-311g* spherical
  geom_units    = angstrom
  ang2au factor = 1.889726126
  debug         = false
  file_prefix   = meta_th72_ph126_qed_ccsd_input
}

SCF Options
{
  charge            = 1
  multiplicity      = 1
  level shift       = 0
  tol_int           = 1e-22
  tol_sch           = 1e-12
  tol_lindep        = 1e-10
  conve             = 1e-07
  convd             = 1e-05
  diis_hist         = 10
  AO_tilesize       = 30
  writem            = 10
  damp              = 100
  n_lindep          = 0
  scf_type          = restricted
  cuscf             = false
  qed_omegas        = [0.06615,]
  qed_lambdas       = [0.1,]
  qed_polvecs       = [[-0.5590169944,0.7694208843,0.3090169944,],]
  direct_df         = false
  restart_size      = 2000
  restart           = false
  debug             = false
}

Number of basis functions = 221

Total number of shells = 105

Total number of electrons = 98
  # of alpha electrons    = 49
  # of beta electons      = 49

Nuclear repulsion energy  = 748.272846211877

# of {all,non-negligible} shell-pairs = {5565,4919}
Number of AO tiles = 105

Time for initial setup: 0.01 secs
HF exch = 1.00

Time for computing 1-e integrals T, V, S: 0.01 secs
Time for computing orthogonalizer: 0.01 secs

Superposition of Atomic Density Guess ...
Time taken for SAD: 0.30 secs
Total Time to compute initial guess: 0.30 secs


 SCF iterations
-----------------------------------------------------------------------------
 Iter     Energy            E-Diff       RMSD        |[F,P]|^2       Time(s)
-----------------------------------------------------------------------------
   1  -3011.8370825121    -3.01e+03     1.67e-02     1.50e+03         0.6 
   2  -3005.7940988805     6.04e+00     6.95e-03     7.74e+00         2.1 
   3  -3006.0071295888    -2.13e-01     2.70e-03     3.38e+00         2.1 
   4  -3006.1033862292    -9.63e-02     1.22e-03     1.38e-01         2.1 
   5  -3006.1115040845    -8.12e-03     2.64e-04     1.07e-02         2.1 
   6  -3006.1121705270    -6.66e-04     1.68e-04     1.96e-03         2.1 
   7  -3006.1123736033    -2.03e-04     6.92e-05     3.46e-04         2.1 
   8  -3006.1124120072    -3.84e-05     2.84e-05     8.04e-05         2.1 
   9  -3006.1124192953    -7.29e-06     1.44e-05     1.24e-05         2.1 
  10  -3006.1124208169    -1.52e-06     6.52e-06     2.53e-06         2.1 
  11  -3006.1124211086    -2.92e-07     3.44e-06     4.15e-07         2.2 
  12  -3006.1124211845    -7.59e-08     1.71e-06     1.13e-07         2.1 

** Total SCF energy = -3006.1124211845081

Nuclear repulsion energy = 748.272846211876868
#electrons        = 98
1e energy kinetic = 3006.2304843461938617
1e energy N-e     = -8649.7075868409265240
1e energy         = -5641.3570681087549019
2e energy         = 1888.9006199442917477
QED energy        = 0.1912151540564491
QED eT energy     = 0.1714465813440230
QED eT energy from matrix = 0.1714465813440458

 Polarizability Matrix (QED energy = 0.5 * lambda.dot(matrix * lambda))
[40.59234102,  2.11134953,  0.99960883]
[ 2.11134953, 41.55593428, -1.24620151]
[ 0.99960883, -1.24620151, 38.85877689]

 Polarizability Matrix (QED eT energy = 0.5 * lambda.dot(matrix * lambda))
[36.91562673,  2.25230433,  1.10218035]
[ 2.25230433, 38.01996115, -1.54814529]
[ 1.10218035, -1.54814529, 34.55326273]


                      Electron        Nuclear        Total  
                  ------------------------------------------
    Monopole         -98.000000     99.000000      1.000000

      Dipole   X      -5.715942      3.482380     -2.233563
      Dipole   Y     -29.988516     31.206175      1.217659
      Dipole   Z      -6.508566      7.872168      1.363602

  Quadrupole  XX   -1285.123428   1235.056181    -50.067248
  Quadrupole  XY    -331.585549    329.551784     -2.033765
  Quadrupole  XZ    -349.839582    347.045583     -2.793999
  Quadrupole  YY    -496.682280    459.747317    -36.934963
  Quadrupole  YZ    -219.442818    223.544232      4.101414
  Quadrupole  ZZ    -365.936120    318.898840    -47.037280

    Octupole XXX   -3128.970015   2986.984378   -141.985637
    Octupole XXY    -799.038627    767.344110    -31.694517
    Octupole XXZ    -514.480692    494.314033    -20.166659
    Octupole XYY     -51.516230     29.210130    -22.306100
    Octupole XYZ     443.614433   -440.938290      2.676143
    Octupole XZZ     180.120059   -214.852818    -34.732759
    Octupole YYY   -1015.593546    978.579195    -37.014352
    Octupole YYZ    -167.307639    170.500807      3.193169
    Octupole YZZ     127.897655   -160.395015    -32.497360
    Octupole ZZZ      29.027175    -99.428907    -70.401732

writing orbitals and density to disk ... done.

Total Time taken for Hartree-Fock: 25.39 secs

CD Options
{
  debug             = false
  skip_cd           = [false, 100]
  write_cv          = [false, 5000]
  diagtol           = 1e-06
  itilesize         = 1000
  max_cvecs_factor  = 12
}

- #occupied, #virtual = 98, 344

- Tilesize for the MSO space: 40

-----------------------------------------------------
Begin 2-index transformation ... 

nAO, nMO, nelectrons = 221, 442, 98
n_occ_alpha, n_vir_alpha, n_occ_beta, n_vir_beta = 49,172,49,172

Time taken for Fao->Fmo transform: 0.00 secs

-----------------------------------------------------
Number of AO tiles = 105
# of {all,non-negligible} shell-pairs = {5565,4919}

    Begin Cholesky Decomposition
---------------------------------------------
Total # of mpi ranks used for Cholesky decomposition: 4
  --> Number of nodes, mpi ranks per node: 1, 4
- CPU memory required for computing cholesky vectors: 1.93 GiB

- Time for computing the diagonal: 0.01 secs

- Total number of cholesky vectors = 1636

- Time to compute cholesky vectors: 15.69 secs

- CPU memory required for resizing the ao cholesky tensor: 1.56 GiB
- CPU memory required for ao2mo transformation: 1.69 GiB
- CPU memory required for the 2-step contraction: 2.10 GiB

- Time for ao to mo transform: 1.54 secs

   End Cholesky Decomposition
---------------------------------------------

Total Time taken for Cholesky Decomposition: 19.30 secs

scf_type = restricted
Closed-Shell SCF
QED-HF Enabled
nbf = 203
nbf_orig = 221
n_lindep = 0
focc = 1
nmo = 406
nocc = 62
nvir = 344
n_occ_alpha = 31
n_vir_alpha = 172
n_occ_beta = 31
n_vir_beta = 172
nelectrons = 98
nelectrons_alpha = 49
nelectrons_beta = 49
freeze atomic = true
n_frozen_core = 18
n_frozen_virtual = 0
----------------------------
--------- QED-CCSD --------
lambda_x: -0.0559
lambda_y: 0.0769
lambda_z: 0.0309
omega: 0.066150
coupling_factor_x: -0.010167
coupling_factor_y: 0.013993
coupling_factor_z: 0.005620
----------------------------
# of {all,non-negligible} shell-pairs = {5565,4919}
Number of AO tiles = 105
----------------------------
Electronic dipole expectation value using SCF density: 
dipole_x_elec: -5.71571217
dipole_y_elec: -29.98857794
dipole_z_elec: -6.50857896

d_n/N value: d_n is nuclear dipole moment and N is the total number of electrons 
d_nuc_x: 0.03553449
d_nuc_y: 0.31843036
d_nuc_z: 0.08032825

<d_e+d_n> expectation values: 
dipole_total_x: -2.23333235
dipole_total_y: 1.21759715
dipole_total_z: 1.36358938
----------------------------


 CCSD iterations
------------------------------------------------------------
  Iter     Residuum          Correlation          Time(s)
------------------------------------------------------------
   1     1.1845263684604    0.0000000000000         85.35
   2     0.1719461762101   -1.6512553843726         84.39
   3     0.0722969178338   -1.6195757876790         84.25
   4     0.0252321327820   -1.6932256825862         84.33
   5     0.0225692309457   -1.6830901733076         84.65
 MICROCYCLE DIIS UPDATE:                    6
   6     0.0087957153057   -1.6947963192495         83.21
   7     0.0059402334600   -1.6945710939376         82.97
   8     0.0043578184082   -1.6962914199691         82.88
   9     0.0038541568032   -1.6964329295673         82.86
  10     0.0044735084786   -1.6969112169397         82.98
 MICROCYCLE DIIS UPDATE:                   11
  11     0.0007211625673   -1.6974719807867         83.22
  12     0.0005955074827   -1.6974988842285         83.58
  13     0.0004288083145   -1.6975543728480         83.05
  14     0.0004990575154   -1.6975278948759         82.98
  15     0.0005336498502   -1.6975609713850         82.95
 MICROCYCLE DIIS UPDATE:                   16
  16     0.0001123696998   -1.6975564867409         84.25
  17     0.0000692037972   -1.6975672684093         83.16
  18     0.0000651222410   -1.6975787315740         83.28
  19     0.0000522993632   -1.6975831121666         83.56
  20     0.0000649736351   -1.6975840022045         83.31
 MICROCYCLE DIIS UPDATE:                   21
  21     0.0000182835183   -1.6975932008175         83.18
  22     0.0000142157289   -1.6975903668408         83.37
  23     0.0000101961207   -1.6975904476891         83.40
  24     0.0000109193565   -1.6975893252776         83.41
  25     0.0000099708607   -1.6975897085928         83.38
 MICROCYCLE DIIS UPDATE:                   26
  26     0.0000031092729   -1.6975885921431         83.54
  27     0.0000019826895   -1.6975890901387         83.42
  28     0.0000018218073   -1.6975894232227         83.45
  29     0.0000017108289   -1.6975895845844         83.54
  30     0.0000020792157   -1.6975896189977         83.45
 MICROCYCLE DIIS UPDATE:                   31
  31     0.0000005672572   -1.6975899104143         83.52
------------------------------------------------------------------
 Iterations converged
 CCSD correlation energy / hartree =        -1.697589910414334
 CCSD total energy / hartree       =     -3007.810011094922629

Time taken for spin-orbital canonical QED-CCSD: 2653.42 secs
