
ExaChem Git Information
{
 WARNING: Failed to retrieve the current git state.
}


TAMM Git Information
{
 Branch: main
 Commit Hash: e71357ad [e71357ad54f38748b4a7e175aa6760820d5ce96f]
 Commit Date: 2026-02-02 23:14:56 -0800
 Commit Message: add GitHub Actions workflow for releases
}


date: Thu Aug  6 22:39:36 2026
program: "/global/cfs/cdirs/m3196/heindelj/cavity_qed/software/install_gpu/bin/bin/ExaChem"
nnodes: 1, nproc_per_node: 4, nproc_total: 4, ngpus_per_node: 1, ngpus_total: 1

Memory information
{
[AMD EPYC 7763 64-Core Processor                ] : 
  CPU memory per node (GiB): 251
  Total CPU memory (GiB): 251
[NVIDIA A100-SXM4-40GB, CUDA v12.9] : 
  GPU memory per device (GiB): 39
  GPU memory per node (GiB): 39
  Total GPU memory (GiB): 39
}

------------------------------------------------------------

Input file provided: /global/cfs/cdirs/m4262/heindelj/cavity_qed/mlip/lambda_scans/grid_scans_optimized_geoms/runs_grid_no_freq/meta_th36_ph18/meta_th36_ph18_qed_ccsd_input.json

{
  "geometry": {
    "coordinates": [
      "C    -0.931368212000    2.017626861000    0.774896425600",
      "C     0.463884785800    1.950266635800    0.666532026000",
      "C     1.144803180900    0.725124170700    0.669652015600",
      "C     0.487146716800   -0.450441478600    0.719299823200",
      "C    -1.637196078300    0.858284676500    0.810109355800",
      "H    -1.422426174600    2.979426006600    0.813853560000",
      "H     1.054946608100    2.856485063100    0.595605195100",
      "H     1.026202934900   -1.390075787100    0.701660268400",
      "H    -2.717419805600    0.866103686300    0.862900529700",
      "N     2.629977313600    0.726212437000    0.620470727700",
      "O     3.162280606100   -0.348791598500    0.682177969200",
      "O     3.146795868500    1.804683295900    0.500157417400",
      "C    -0.983369647500   -0.457955760900    0.690149803700",
      "H    -1.392592473300   -1.163499572800    1.417191228000",
      "Br   -1.423498906900   -1.171849707400   -1.053198706500"
    ],
    "units": "angstrom",
    "noorient": true
  },
  "common": {
    "maxiter": 100,
    "debug": false
  },
  "basis": {
    "basisset": "6-311G*"
  },
  "SCF": {
    "charge": 1,
    "multiplicity": 1,
    "lshift": 0,
    "tol_lindep": 1e-10,
    "conve": 1e-07,
    "convd": 1e-05,
    "diis_hist": 10,
    "writem": 10,
    "restart": false,
    "noscf": false,
    "scf_type": "restricted",
    "debug": false,
    "qed_omegas": [
      0.06615
    ],
    "qed_volumes": [],
    "qed_lambdas": [
      0.1
    ],
    "qed_polvecs": [
      [
        0.5590169943749475,
        0.1816356320013402,
        0.8090169943749475
      ]
    ],
    "direct_df": false
  },
  "CD": {
    "debug": false,
    "diagtol": 1e-06
  },
  "CC": {
    "threshold": 1e-06,
    "ndiis": 5,
    "ccsd_maxiter": 200,
    "tilesize": 40,
    "freeze": {
      "atomic": true
    },
    "readt": false,
    "writet": true,
    "writet_iter": 5,
    "debug": false,
    "profile_ccsd": false,
    "balance_tiles": true
  },
  "TASK": {
    "scf": false,
    "ccsd": true
  }
}

Output folder & files prefix: meta_th36_ph18_qed_ccsd_input.6-311g*

  C (carbon)
  ----------
          Exponent        Coefficients
      ----------------  --------------------
  1 S  4.56324000E+03      0.778202
  1 S  6.82024000E+02      1.448695
  1 S  1.54973000E+02      2.383089
  1 S  4.44553000E+01      3.200089
  1 S  1.30290000E+01      3.013004
  1 S  1.82773000E+00      0.247599

  2 S  2.09642000E+01      0.800629
  2 S  4.80331000E+00      2.127420
  2 S  1.45933000E+00     -0.002868

  3 P  2.09642000E+01      2.573592
  3 P  4.80331000E+00      2.408248
  3 P  1.45933000E+00      1.865281

  4 S  4.83456000E-01      0.413217

  5 P  4.83456000E-01      0.574627

  6 S  1.45585000E-01      0.167976

  7 P  1.45585000E-01      0.128185

  8 D  6.26000000E-01      0.725128


  H (hydrogen)
  ------------
          Exponent        Coefficients
      ----------------  --------------------
  1 S  3.38650000E+01      0.255069
  1 S  5.09479000E+00      0.460109
  1 S  1.15879000E+00      0.678321

  2 S  3.25840000E-01      0.307371

  3 S  1.02741000E-01      0.129336


  N (nitrogen)
  ------------
          Exponent        Coefficients
      ----------------  --------------------
  1 S  6.29348000E+03      0.991968
  1 S  9.49044000E+02      1.823240
  1 S  2.18776000E+02      2.979891
  1 S  6.36916000E+01      4.000007
  1 S  1.88282000E+01      3.881008
  1 S  2.72023000E+00      0.386764

  2 S  3.06331000E+01      1.038501
  2 S  7.02614000E+00      2.834794
  2 S  2.11205000E+00     -0.003208

  3 P  3.06331000E+01      3.935616
  3 P  7.02614000E+00      3.870994
  3 P  2.11205000E+00      2.967271

  4 S  6.84009000E-01      0.536051

  5 P  6.84009000E-01      0.886681

  6 S  2.00878000E-01      0.213850

  7 P  2.00878000E-01      0.191693

  8 D  9.13000000E-01      1.403568


  O (oxygen)
  ----------
          Exponent        Coefficients
      ----------------  --------------------
  1 S  8.58850000E+03      1.205013
  1 S  1.29723000E+03      2.216205
  1 S  2.99296000E+02      3.627452
  1 S  8.73771000E+01      4.888452
  1 S  2.56789000E+01      4.835721
  1 S  3.74004000E+00      0.538229

  2 S  4.21175000E+01      1.341958
  2 S  9.62837000E+00      3.587114
  2 S  2.85332000E+00     -0.005123

  3 P  4.21175000E+01      5.584018
  3 P  9.62837000E+00      5.733366
  3 P  2.85332000E+00      4.332955

  4 S  9.05661000E-01      0.661659

  5 P  9.05661000E-01      1.259352

  6 S  2.55611000E-01      0.256209

  7 P  2.55611000E-01      0.259068

  8 D  1.29200000E+00      2.577026


  Br (bromine)
  ------------
          Exponent        Coefficients
      ----------------  --------------------
  1 S  4.39700000E+05      9.893706
  1 S  6.60300000E+04     18.450679
  1 S  1.51400000E+04     31.049770
  1 S  4.31700000E+03     48.888138
  1 S  1.41400000E+03     64.847798
  1 S  5.23900000E+02     42.245010

  2 S  5.23900000E+02     14.290679
  2 S  2.07700000E+02     24.083128
  2 S  8.65400000E+01      5.132542

  3 S  3.05200000E+01      9.254405

  4 S  1.29800000E+01      4.873782

  5 S  4.41200000E+00      2.169635

  6 S  1.86200000E+00      1.136043

  7 S  3.93200000E-01      0.353892

  8 S  1.40000000E-01      0.163120

  9 P  2.95700000E+03    691.874478
  9 P  7.00300000E+02    925.332763
  9 P  2.24600000E+02   1068.830732

  10 P  8.25900000E+01    122.079275
  10 P  3.31900000E+01     57.580687
  10 P  1.42000000E+01     10.176170

  11 P  1.42000000E+01      3.129736
  11 P  7.43800000E+00      6.538168
  11 P  3.52600000E+00      4.166276

  12 P  1.59500000E+00      2.555000

  13 P  8.46200000E-01      1.156861

  14 P  3.18600000E-01      0.341191

  15 P  1.09600000E-01      0.089888

  16 D  1.34800000E+02    160.709187
  16 D  3.63900000E+01    119.797406
  16 D  1.21600000E+01     55.531619
  16 D  4.34100000E+00     12.984636

  17 D  1.53500000E+00      3.484168

  18 D  4.51000000E-01      0.408525



Printing Internal Coordinates

------------------------------------------------------------
                Bond Lengths

i      j        Length (Angstroms)     Length (Bohr)
0      1          1.4010750055         2.6476480422
0      4          1.3577581626         2.5657910725
0      5          1.0806077815         2.0420527566
1      2          1.4016538998         2.6487419940
1      6          1.0842585167         2.0489516463
2      3          1.3479360242         2.5472299210
2      9          1.4859886231         2.8081115238
3      7          1.0834229986         2.0473727458
3      12         1.4708244510         2.7794553917
4      8          1.0815411901         2.0438166433
4      12         1.4745738994         2.7865408223
9      10         1.2011612112         2.2698657222
9      11         1.2019467978         2.2713502658
12     13         1.0926319711         2.0647751818
12     14         1.9345858368         3.6558373986

Number of Bonds: 15

------------------------------------------------------------
           Bond Angles

i      j      k      Angle (degrees)
0      1      2        121.7106 
0      1      6        120.5135 
0      4      8        120.9512 
0      4      12       121.9764 
1      0      4        118.5967 
1      0      5        119.8756 
1      2      3        121.6924 
1      2      9        119.0004 
2      1      6        117.7663 
2      3      7        120.8655 
2      3      12       119.4407 
2      9      10       116.1395 
2      9      11       115.7038 
3      2      9        119.3070 
3      12     4        115.9212 
3      12     13       111.3807 
3      12     14       104.3121 
4      0      5        121.5214 
4      12     13       110.8667 
4      12     14       107.5674 
7      3      12       119.5176 
8      4      12       116.9546 
10     9      11       128.1427 
13     12     14       106.0297 

Number of Angles: 24

------------------------------------------------------------
              Torsional Angles

i      j      k      l      Angle (degrees)
3      2      1      0          2.8933 
4      0      1      2         -3.6235 
5      0      1      2        177.2662 
6      1      0      4        177.5302 
6      1      0      5         -1.5802 
6      1      2      3       -178.2299 
7      3      2      1        178.8037 
8      4      0      1       -178.1289 
8      4      0      5          0.9661 

Number of Torsional Angles: 9


----------------------------------------------------------------------
                          Center of Mass

         x               y               z              Unit
   0.01492166683 -0.001469854033-0.0008616268625      Angstrom
   0.02819786365 -0.002777621567 -0.001628238793          Bohr

----------------------------------------------------------------------
                Moment of Inertia Tensor

           1623.02          -764.274          -652.003
          -764.274           2905.18          -566.694
          -652.003          -566.694           3474.78

----------------------------------------------------------------------
                      Principal Moments of Inertia

           x                 y                 z                Unit
       276.2764497       889.3304855       1075.459578       amu * ang^2
       986.6011132        3175.85682       3840.535877      amu * bohr^2
  4.5876815106e-38  1.4767690223e-37  1.7858438631e-37          g * cm^2

 - Molecule is an asymmetric top.

----------------------------------------------------------------------

         Rotational constants (MHz)

    A = 1.8293e+03        B = 5.6827e+02        C = 4.6992e+02

----------------------------------------------------------------------

        Rotational constants (cm-1)

    A = 6.1017e-02        B = 1.8955e-02        C = 1.5675e-02

----------------------------------------------------------------------

                                Z-Matrix
C   
C        1        2.647648
C        2        2.648742     1       121.71057
C        3      2.54722992     2    121.69235187     1          2.8933
C        4      4.71820484     3     87.66874393     2         -1.0196
H        5      4.02887690     4    115.83967411     3         -1.3009
H        6      4.70542668     5     92.92044531     4          2.7729
H        7      8.02752298     6     92.31749528     5         -1.9997
H        8      8.26548482     7     59.40656408     6          1.7899
N        9     10.11894924     8     29.55599703     7         -1.3785
O       10      2.26986572     9    117.62007713     8         -4.3965
O       11      4.08409356    10     25.93776416     9        179.4845
C       12      8.90658612    11     61.61026704    10         -3.1873
H       13      2.06477518    12    131.68375995    11         54.6012
Br      14      4.66875240    13     48.81593254    12       -136.8677

----------------------------------------------------------------------

             Converted back to Cartesian

C        0.000000      0.000000      0.000000
C        0.000000      0.000000      2.647648
C        0.000000      0.098180      0.000726
C       -0.000083     -0.090511      2.540958
C        0.000221      0.384515     -2.153274
H       -0.000151     -0.162271      1.838327
H        0.000276      0.608016     -2.803623
H       -0.000303     -0.928257      5.075526
H        0.000112      0.800099     -3.007235
N       -0.000247     -1.404829      6.868565
O       -0.000190     -0.831184      4.672382
O       -0.002046     -1.894466      8.615635
C        0.011246      0.585062      0.061160
H        0.002214     -0.068615      2.019711
Br       0.030500      1.474695     -2.386494

----------------------------------------------------------------------
                       Geometry in bohr 

1     C      -1.7600308431    3.8127621916    1.4643420203
2     C       0.8766151991    3.6854698142    1.2595629833
3     C       2.1633644800    1.3702860899    1.2654589091
4     C       0.9205738779   -0.8512110303    1.3592796683
5     C      -3.0938522024    1.6219229766    1.5308848145
6     H      -2.6879959043    5.6302991649    1.5379603350
7     H       1.9935601668    5.3979744520    1.1255306979
8     H       1.9392424966   -2.6268625319    1.3259457407
9     H      -5.1351792017    1.6366987637    1.6306456750
10    N       4.9699368401    1.3723426152    1.1725197445
11    O       5.9758442788   -0.6591205962    1.2891295309
12    O       5.9465823656    3.4103571733    0.9451605387
13    C      -1.8582993143   -0.8654109659    1.3041941148
14    H      -2.6316183795   -2.1986955402    2.6781032890
15    Br     -2.6900230746   -2.2144750077   -1.9902571114

 Number of nodes, processes per node used for SCF calculation: 1, 4

Common Options
{
  maxiter       = 100
  basis         = 6-311g* spherical
  geom_units    = angstrom
  ang2au factor = 1.889726126
  debug         = false
  file_prefix   = meta_th36_ph18_qed_ccsd_input
}

SCF Options
{
  charge            = 1
  multiplicity      = 1
  level shift       = 0
  tol_int           = 1e-22
  tol_sch           = 1e-12
  tol_lindep        = 1e-10
  conve             = 1e-07
  convd             = 1e-05
  diis_hist         = 10
  AO_tilesize       = 30
  writem            = 10
  damp              = 100
  n_lindep          = 0
  scf_type          = restricted
  cuscf             = false
  qed_omegas        = [0.06615,]
  qed_lambdas       = [0.1,]
  qed_polvecs       = [[0.5590169944,0.181635632,0.8090169944,],]
  direct_df         = false
  restart_size      = 2000
  restart           = false
  debug             = false
}

Number of basis functions = 221

Total number of shells = 105

Total number of electrons = 98
  # of alpha electrons    = 49
  # of beta electons      = 49

Nuclear repulsion energy  = 749.773434849334

# of {all,non-negligible} shell-pairs = {5565,4924}
Number of AO tiles = 105

Time for initial setup: 0.05 secs
HF exch = 1.00

Time for computing 1-e integrals T, V, S: 0.01 secs
Time for computing orthogonalizer: 0.01 secs

Superposition of Atomic Density Guess ...
Time taken for SAD: 0.79 secs
Total Time to compute initial guess: 0.79 secs


 SCF iterations
-----------------------------------------------------------------------------
 Iter     Energy            E-Diff       RMSD        |[F,P]|^2       Time(s)
-----------------------------------------------------------------------------
   1  -3011.7081640662    -3.01e+03     1.67e-02     1.51e+03         0.6 
   2  -3005.7889687635     5.92e+00     6.57e-03     8.42e+00         2.1 
   3  -3006.0285338203    -2.40e-01     2.34e-03     2.94e+00         2.1 
   4  -3006.1132122558    -8.47e-02     1.16e-03     9.02e-02         2.1 
   5  -3006.1193675892    -6.16e-03     2.69e-04     6.93e-03         2.1 
   6  -3006.1198862021    -5.19e-04     1.69e-04     1.40e-03         2.1 
   7  -3006.1200277880    -1.42e-04     6.07e-05     1.98e-04         2.1 
   8  -3006.1200476652    -1.99e-05     1.74e-05     2.71e-05         2.1 
   9  -3006.1200499370    -2.27e-06     7.34e-06     3.30e-06         2.1 
  10  -3006.1200503025    -3.66e-07     3.26e-06     4.04e-07         2.1 
  11  -3006.1200503575    -5.50e-08     1.27e-06     8.56e-08         2.1 

** Total SCF energy = -3006.1200503574810

Nuclear repulsion energy = 749.773434849334080
#electrons        = 98
1e energy kinetic = 3006.2100949323621535
1e energy N-e     = -8652.7148800298709830
1e energy         = -5641.4651846161705180
2e energy         = 1890.4218707335674026
QED energy        = 0.1894291571282354
QED eT energy     = 0.1672104198617173
QED eT energy from matrix = 0.1672104198617129

 Polarizability Matrix (QED energy = 0.5 * lambda.dot(matrix * lambda))
[40.29849697,  1.08634011, -0.04847601]
[ 1.08634011, 44.45703813,  0.38842341]
[-0.04847601,  0.38842341, 35.95817411]

 Polarizability Matrix (QED eT energy = 0.5 * lambda.dot(matrix * lambda))
[36.49078605,  1.22710011,  0.00357416]
[ 1.22710011, 41.38116915,  0.51238377]
[ 0.00357416,  0.51238377, 30.97052929]


                      Electron        Nuclear        Total  
                  ------------------------------------------
    Monopole         -98.000000     99.000000      1.000000

      Dipole   X     -15.099650     12.986400     -2.113251
      Dipole   Y     -13.377579     14.591994      1.214416
      Dipole   Z     -12.367130     13.823481      1.456351

  Quadrupole  XX   -1228.079700   1177.519726    -50.559974
  Quadrupole  XY    -348.573059    346.628502     -1.944557
  Quadrupole  XZ    -294.716203    292.163866     -2.552337
  Quadrupole  YY    -599.633458    561.201357    -38.432101
  Quadrupole  YZ    -262.953470    265.482714      2.529244
  Quadrupole  ZZ    -296.664016    251.272046    -45.391970

    Octupole XXX   -3380.739472   3230.211031   -150.528442
    Octupole XXY    -754.876967    730.310907    -24.566060
    Octupole XXZ    -625.657704    606.863097    -18.794607
    Octupole XYY     -61.737913     26.777824    -34.960090
    Octupole XYZ     309.199942   -314.317697     -5.117755
    Octupole XZZ     256.752104   -281.898055    -25.145951
    Octupole YYY    -955.594118    930.788835    -24.805283
    Octupole YYZ    -162.726367    154.856590     -7.869777
    Octupole YZZ     141.815350   -172.236148    -30.420798
    Octupole ZZZ      49.433392   -116.917692    -67.484300

writing orbitals and density to disk ... done.

Total Time taken for Hartree-Fock: 27.13 secs

CD Options
{
  debug             = false
  skip_cd           = [false, 100]
  write_cv          = [false, 5000]
  diagtol           = 1e-06
  itilesize         = 1000
  max_cvecs_factor  = 12
}

- #occupied, #virtual = 98, 344

- Tilesize for the MSO space: 40

-----------------------------------------------------
Begin 2-index transformation ... 

nAO, nMO, nelectrons = 221, 442, 98
n_occ_alpha, n_vir_alpha, n_occ_beta, n_vir_beta = 49,172,49,172

Time taken for Fao->Fmo transform: 0.00 secs

-----------------------------------------------------
Number of AO tiles = 105
# of {all,non-negligible} shell-pairs = {5565,4924}

    Begin Cholesky Decomposition
---------------------------------------------
Total # of mpi ranks used for Cholesky decomposition: 4
  --> Number of nodes, mpi ranks per node: 1, 4
- CPU memory required for computing cholesky vectors: 1.93 GiB

- Time for computing the diagonal: 0.01 secs

- Total number of cholesky vectors = 1649

- Time to compute cholesky vectors: 16.00 secs

- CPU memory required for resizing the ao cholesky tensor: 1.57 GiB
- CPU memory required for ao2mo transformation: 1.70 GiB
- CPU memory required for the 2-step contraction: 2.12 GiB

- Time for ao to mo transform: 1.55 secs

   End Cholesky Decomposition
---------------------------------------------

Total Time taken for Cholesky Decomposition: 23.51 secs

scf_type = restricted
Closed-Shell SCF
QED-HF Enabled
nbf = 203
nbf_orig = 221
n_lindep = 0
focc = 1
nmo = 406
nocc = 62
nvir = 344
n_occ_alpha = 31
n_vir_alpha = 172
n_occ_beta = 31
n_vir_beta = 172
nelectrons = 98
nelectrons_alpha = 49
nelectrons_beta = 49
freeze atomic = true
n_frozen_core = 18
n_frozen_virtual = 0
----------------------------
--------- QED-CCSD --------
lambda_x: 0.0559
lambda_y: 0.0182
lambda_z: 0.0809
omega: 0.066150
coupling_factor_x: 0.010167
coupling_factor_y: 0.003303
coupling_factor_z: 0.014713
----------------------------
# of {all,non-negligible} shell-pairs = {5565,4924}
Number of AO tiles = 105
----------------------------
Electronic dipole expectation value using SCF density: 
dipole_x_elec: -15.09961420
dipole_y_elec: -13.37747330
dipole_z_elec: -12.36706273

d_n/N value: d_n is nuclear dipole moment and N is the total number of electrons 
d_nuc_x: 0.13251428
d_nuc_y: 0.14889790
d_nuc_z: 0.14105593

<d_e+d_n> expectation values: 
dipole_total_x: -2.11321441
dipole_total_y: 1.21452112
dipole_total_z: 1.45641794
----------------------------


 CCSD iterations
------------------------------------------------------------
  Iter     Residuum          Correlation          Time(s)
------------------------------------------------------------
   1     1.1847526039375    0.0000000000000         87.77
   2     0.1648505852081   -1.6153379423579         87.19
   3     0.0627623134520   -1.6261781360987         86.46
   4     0.0226453725394   -1.6853033304854         85.83
   5     0.0182169990100   -1.6836393889464         85.89
 MICROCYCLE DIIS UPDATE:                    6
   6     0.0085167294864   -1.6929581155824         85.28
   7     0.0059864781077   -1.6925227813134         85.37
   8     0.0040734146913   -1.6940432700070         85.21
   9     0.0036102170400   -1.6943357253689         85.42
  10     0.0037727911092   -1.6946684158867         85.01
 MICROCYCLE DIIS UPDATE:                   11
  11     0.0006762774428   -1.6953281118792         85.24
  12     0.0004986978493   -1.6952574589722         85.45
  13     0.0004590451610   -1.6953516387064         85.21
  14     0.0005947048274   -1.6953132062094         85.12
  15     0.0008375274724   -1.6953478770291         85.19
 MICROCYCLE DIIS UPDATE:                   16
  16     0.0000994340472   -1.6953546030536         85.49
  17     0.0000627118444   -1.6953431110009         85.29
  18     0.0000593846586   -1.6953506458571         85.10
  19     0.0000466660178   -1.6953540752107         85.01
  20     0.0000546902306   -1.6953543812027         85.08
 MICROCYCLE DIIS UPDATE:                   21
  21     0.0000189566609   -1.6953657242058         85.02
  22     0.0000130566911   -1.6953606828374         85.08
  23     0.0000109070314   -1.6953613367196         85.06
  24     0.0000134388796   -1.6953598448343         84.65
  25     0.0000180055536   -1.6953602183135         84.32
 MICROCYCLE DIIS UPDATE:                   26
  26     0.0000034336550   -1.6953594069780         85.33
  27     0.0000021652300   -1.6953591138544         85.34
  28     0.0000019803469   -1.6953595657005         85.14
  29     0.0000016280995   -1.6953596641575         85.05
  30     0.0000019104346   -1.6953597001145         85.26
 MICROCYCLE DIIS UPDATE:                   31
  31     0.0000006852643   -1.6953601100292         85.77
------------------------------------------------------------------
 Iterations converged
 CCSD correlation energy / hartree =        -1.695360110029193
 CCSD total energy / hartree       =     -3007.815410467509992

Time taken for spin-orbital canonical QED-CCSD: 2732.34 secs
