
ExaChem Git Information
{
 WARNING: Failed to retrieve the current git state.
}


TAMM Git Information
{
 Branch: main
 Commit Hash: e71357ad [e71357ad54f38748b4a7e175aa6760820d5ce96f]
 Commit Date: 2026-02-02 23:14:56 -0800
 Commit Message: add GitHub Actions workflow for releases
}


date: Thu Aug  6 03:36:18 2026
program: "/global/cfs/cdirs/m3196/heindelj/cavity_qed/software/install_gpu/bin/bin/ExaChem"
nnodes: 1, nproc_per_node: 4, nproc_total: 4, ngpus_per_node: 1, ngpus_total: 1

Memory information
{
[AMD EPYC 7763 64-Core Processor                ] : 
  CPU memory per node (GiB): 251
  Total CPU memory (GiB): 251
[NVIDIA A100-SXM4-40GB, CUDA v12.9] : 
  GPU memory per device (GiB): 39
  GPU memory per node (GiB): 39
  Total GPU memory (GiB): 39
}

------------------------------------------------------------

Input file provided: /global/cfs/cdirs/m4262/heindelj/cavity_qed/mlip/lambda_scans/grid_scans_optimized_geoms/runs_grid_no_freq/ortho_th90_ph54/ortho_th90_ph54_qed_ccsd_input.json

{
  "geometry": {
    "coordinates": [
      "C    -1.790463436400    1.940644788700    0.861379773900",
      "C    -0.383400961100    1.988998653800    0.859370373500",
      "C     0.287979254100    0.827339039900    0.736290771500",
      "C    -2.514937823500    0.743671872400    0.755021804000",
      "H    -2.341401008100    2.870276757800    0.943435180100",
      "H     0.134176696100    2.927578671800    0.942204635200",
      "H    -3.593047377900    0.769089654700    0.765693067000",
      "N     1.752651032900    0.789783772600    0.738659522700",
      "O     2.248794956200    0.448447249100    1.780761755400",
      "O     2.274161332900    1.053268427500   -0.308123441700",
      "C    -1.829583685200   -0.415706385600    0.631382980000",
      "H    -2.341396792000   -1.356683857900    0.533358149400",
      "C    -0.364717548900   -0.473051774500    0.559424179700",
      "H     0.062647776700   -1.215536775500    1.235878642500",
      "Br    0.045036715500   -1.113643382300   -1.245009443300"
    ],
    "units": "angstrom",
    "noorient": true
  },
  "common": {
    "maxiter": 100,
    "debug": false
  },
  "basis": {
    "basisset": "6-311G*"
  },
  "SCF": {
    "charge": 1,
    "multiplicity": 1,
    "lshift": 0,
    "tol_lindep": 1e-10,
    "conve": 1e-07,
    "convd": 1e-05,
    "diis_hist": 10,
    "writem": 10,
    "restart": false,
    "noscf": false,
    "scf_type": "restricted",
    "debug": false,
    "qed_omegas": [
      0.06615
    ],
    "qed_volumes": [],
    "qed_lambdas": [
      0.1
    ],
    "qed_polvecs": [
      [
        0.5877852522924731,
        0.8090169943749475,
        6.123233995736766e-17
      ]
    ],
    "direct_df": false
  },
  "CD": {
    "debug": false,
    "diagtol": 1e-06
  },
  "CC": {
    "threshold": 1e-06,
    "ndiis": 5,
    "ccsd_maxiter": 200,
    "tilesize": 40,
    "freeze": {
      "atomic": true
    },
    "readt": false,
    "writet": true,
    "writet_iter": 5,
    "debug": false,
    "profile_ccsd": false,
    "balance_tiles": true
  },
  "TASK": {
    "scf": false,
    "ccsd": true
  }
}

Output folder & files prefix: ortho_th90_ph54_qed_ccsd_input.6-311g*

  C (carbon)
  ----------
          Exponent        Coefficients
      ----------------  --------------------
  1 S  4.56324000E+03      0.778202
  1 S  6.82024000E+02      1.448695
  1 S  1.54973000E+02      2.383089
  1 S  4.44553000E+01      3.200089
  1 S  1.30290000E+01      3.013004
  1 S  1.82773000E+00      0.247599

  2 S  2.09642000E+01      0.800629
  2 S  4.80331000E+00      2.127420
  2 S  1.45933000E+00     -0.002868

  3 P  2.09642000E+01      2.573592
  3 P  4.80331000E+00      2.408248
  3 P  1.45933000E+00      1.865281

  4 S  4.83456000E-01      0.413217

  5 P  4.83456000E-01      0.574627

  6 S  1.45585000E-01      0.167976

  7 P  1.45585000E-01      0.128185

  8 D  6.26000000E-01      0.725128


  H (hydrogen)
  ------------
          Exponent        Coefficients
      ----------------  --------------------
  1 S  3.38650000E+01      0.255069
  1 S  5.09479000E+00      0.460109
  1 S  1.15879000E+00      0.678321

  2 S  3.25840000E-01      0.307371

  3 S  1.02741000E-01      0.129336


  N (nitrogen)
  ------------
          Exponent        Coefficients
      ----------------  --------------------
  1 S  6.29348000E+03      0.991968
  1 S  9.49044000E+02      1.823240
  1 S  2.18776000E+02      2.979891
  1 S  6.36916000E+01      4.000007
  1 S  1.88282000E+01      3.881008
  1 S  2.72023000E+00      0.386764

  2 S  3.06331000E+01      1.038501
  2 S  7.02614000E+00      2.834794
  2 S  2.11205000E+00     -0.003208

  3 P  3.06331000E+01      3.935616
  3 P  7.02614000E+00      3.870994
  3 P  2.11205000E+00      2.967271

  4 S  6.84009000E-01      0.536051

  5 P  6.84009000E-01      0.886681

  6 S  2.00878000E-01      0.213850

  7 P  2.00878000E-01      0.191693

  8 D  9.13000000E-01      1.403568


  O (oxygen)
  ----------
          Exponent        Coefficients
      ----------------  --------------------
  1 S  8.58850000E+03      1.205013
  1 S  1.29723000E+03      2.216205
  1 S  2.99296000E+02      3.627452
  1 S  8.73771000E+01      4.888452
  1 S  2.56789000E+01      4.835721
  1 S  3.74004000E+00      0.538229

  2 S  4.21175000E+01      1.341958
  2 S  9.62837000E+00      3.587114
  2 S  2.85332000E+00     -0.005123

  3 P  4.21175000E+01      5.584018
  3 P  9.62837000E+00      5.733366
  3 P  2.85332000E+00      4.332955

  4 S  9.05661000E-01      0.661659

  5 P  9.05661000E-01      1.259352

  6 S  2.55611000E-01      0.256209

  7 P  2.55611000E-01      0.259068

  8 D  1.29200000E+00      2.577026


  Br (bromine)
  ------------
          Exponent        Coefficients
      ----------------  --------------------
  1 S  4.39700000E+05      9.893706
  1 S  6.60300000E+04     18.450679
  1 S  1.51400000E+04     31.049770
  1 S  4.31700000E+03     48.888138
  1 S  1.41400000E+03     64.847798
  1 S  5.23900000E+02     42.245010

  2 S  5.23900000E+02     14.290679
  2 S  2.07700000E+02     24.083128
  2 S  8.65400000E+01      5.132542

  3 S  3.05200000E+01      9.254405

  4 S  1.29800000E+01      4.873782

  5 S  4.41200000E+00      2.169635

  6 S  1.86200000E+00      1.136043

  7 S  3.93200000E-01      0.353892

  8 S  1.40000000E-01      0.163120

  9 P  2.95700000E+03    691.874478
  9 P  7.00300000E+02    925.332763
  9 P  2.24600000E+02   1068.830732

  10 P  8.25900000E+01    122.079275
  10 P  3.31900000E+01     57.580687
  10 P  1.42000000E+01     10.176170

  11 P  1.42000000E+01      3.129736
  11 P  7.43800000E+00      6.538168
  11 P  3.52600000E+00      4.166276

  12 P  1.59500000E+00      2.555000

  13 P  8.46200000E-01      1.156861

  14 P  3.18600000E-01      0.341191

  15 P  1.09600000E-01      0.089888

  16 D  1.34800000E+02    160.709187
  16 D  3.63900000E+01    119.797406
  16 D  1.21600000E+01     55.531619
  16 D  4.34100000E+00     12.984636

  17 D  1.53500000E+00      3.484168

  18 D  4.51000000E-01      0.408525



Printing Internal Coordinates

------------------------------------------------------------
                Bond Lengths

i      j        Length (Angstroms)     Length (Bohr)
0      1          1.4078945072         2.6605350327
0      3          1.4031818548         2.6516294104
0      4          1.0837346980         2.0479617723
1      2          1.3473503777         2.5461232095
1      5          1.0750258584         2.0315044507
2      7          1.4651550869         2.7687418462
2      12         1.4657118332         2.7697939443
3      6          1.0784619376         2.0379976992
3      10         1.3524624944         2.5557837100
7      8          1.2035973074         2.2744692768
7      9          1.1988126338         2.2654275541
10     11         1.0756394038         2.0326638835
10     12         1.4677531672         2.7736515065
12     13         1.0915657280         2.0627602743
12     14         1.9581207483         3.7003119358

Number of Bonds: 15

------------------------------------------------------------
           Bond Angles

i      j      k      Angle (degrees)
0      1      2        117.9383 
0      1      5        120.7336 
0      3      6        119.6885 
0      3      10       118.4603 
1      0      3        123.0378 
1      0      4        118.6016 
1      2      7        121.3379 
1      2      12       123.6460 
2      1      5        121.3243 
2      7      8        114.8820 
2      7      9        115.3301 
2      12     10       113.8194 
2      12     13       110.7539 
2      12     14       107.9544 
3      0      4        118.3598 
3      10     11       121.1397 
3      10     12       122.9374 
6      3      10       121.8494 
7      2      12       115.0000 
8      7      9        129.7195 
10     12     13       112.7642 
10     12     14       105.4744 
11     10     12       115.8642 
13     12     14       105.4631 

Number of Angles: 24

------------------------------------------------------------
              Torsional Angles

i      j      k      l      Angle (degrees)
3      0      1      2          0.6504 
4      0      1      2       -179.0111 
5      1      0      3        179.9509 
5      1      0      4          0.2894 
6      3      0      1        179.7925 
6      3      0      4         -0.5453 
10     3      0      1         -0.6849 
10     3      0      4        178.9774 
11     10     3      0       -179.1605 
11     10     3      6          0.3513 
12     2      1      0          2.1523 
12     2      1      5       -177.1438 
13     12     2      1       -132.7687 
14     12     2      1        112.2384 

Number of Torsional Angles: 14


----------------------------------------------------------------------
                          Center of Mass

         x               y               z              Unit
   0.06505207046   0.02685144402  -0.04094131785      Angstrom
    0.1229305971   0.05074187529  -0.07736787797          Bohr

----------------------------------------------------------------------
                Moment of Inertia Tensor

           1746.59          -14.9698          -7.02681
          -14.9698           2200.41          -638.975
          -7.02681          -638.975           2323.77

----------------------------------------------------------------------
                      Principal Moments of Inertia

           x                 y                 z                Unit
       453.1418317       489.6329037       813.2184953       amu * ang^2
       1618.198859       1748.510842       2904.055968      amu * bohr^2
  7.5246022785e-38  8.1305511977e-38  1.3503820028e-37          g * cm^2

 - Molecule is an asymmetric top.

----------------------------------------------------------------------

         Rotational constants (MHz)

    A = 1.1153e+03        B = 1.0322e+03        C = 6.2146e+02

----------------------------------------------------------------------

        Rotational constants (cm-1)

    A = 3.7202e-02        B = 3.4429e-02        C = 2.0730e-02

----------------------------------------------------------------------

                                Z-Matrix
C   
C        1        2.660535
C        2       2.5461232     1       117.93834
C        3      5.29922309     2     61.77405474     1         -0.3096
H        4      4.04774879     3     83.68389569     2          0.6247
H        5      4.67941750     4     95.96531241     3         -0.3892
H        6      8.14610729     5     28.83966442     4         -0.1554
N        7     10.10211081     6     29.96259941     5        179.6684
O        8      2.27446928     7    113.99976634     6        102.9833
O        9      4.10983652     8     25.08670752     7        175.1752
C       10      8.42599245     9     72.25778675     8        -19.9827
H       11      2.03266388    10    134.98593960     9        -94.6084
C       12      4.09192078    11     37.58499349    10         17.3072
H       13      2.06276027    12     95.00753722    11        133.9172
Br      14      4.69226954    13     49.46879794    12         94.1633

----------------------------------------------------------------------

             Converted back to Cartesian

C        0.000000      0.000000      0.000000
C        0.000000      0.000000      2.660535
C        0.000000      0.091453      0.116055
C        0.000009     -0.198501      5.407339
H       -0.000027      0.125922      1.372613
H        0.000070     -0.385301      6.024021
H       -0.000125      0.575756     -2.065196
N       -0.004894     -0.707438      7.955085
O       -0.002005     -0.340396      5.710428
O       -0.009621     -1.034505      9.761220
C        0.021255      0.570373      1.489536
H        0.009343      0.101637      3.467379
C        0.035573      1.090710     -0.503120
H        0.017063      0.534638      1.483189
Br       0.063395      1.867376     -3.015595

----------------------------------------------------------------------
                       Geometry in bohr 

1     C      -3.3834855332    3.6672871583    1.6277718631
2     C      -0.7245228129    3.7586627205    1.6239746466
3     C       0.5442019202    1.5634441987    1.3913879072
4     C      -4.7525437101    1.4053361664    1.4267844286
5     H      -4.4246066562    5.4240369778    1.7828341079
6     H       0.2535572081    5.5323219018    1.7805087151
7     H      -6.7898755016    1.4533688137    1.4469501931
8     N       3.3120304465    1.4924750289    1.3958641982
9     O       4.2496065805    0.8474424827    3.3651520132
10    O       4.2975420853    1.9903888650   -0.5822689178
11    C      -3.4574120895   -0.7855712176    1.1931409128
12    H      -4.4245986890   -2.5637609309    1.0079008294
13    C      -0.6892162807   -0.8939382972    1.0571584878
14    H       0.1183871404   -2.2970316017    2.3354721592
15    Br      0.0851070579   -2.1044809945   -2.3527268720

 Number of nodes, processes per node used for SCF calculation: 1, 4

Common Options
{
  maxiter       = 100
  basis         = 6-311g* spherical
  geom_units    = angstrom
  ang2au factor = 1.889726126
  debug         = false
  file_prefix   = ortho_th90_ph54_qed_ccsd_input
}

SCF Options
{
  charge            = 1
  multiplicity      = 1
  level shift       = 0
  tol_int           = 1e-22
  tol_sch           = 1e-12
  tol_lindep        = 1e-10
  conve             = 1e-07
  convd             = 1e-05
  diis_hist         = 10
  AO_tilesize       = 30
  writem            = 10
  damp              = 100
  n_lindep          = 0
  scf_type          = restricted
  cuscf             = false
  qed_omegas        = [0.06615,]
  qed_lambdas       = [0.1,]
  qed_polvecs       = [[0.5877852523,0.8090169944,6.123233996e-17,],]
  direct_df         = false
  restart_size      = 2000
  restart           = false
  debug             = false
}

Number of basis functions = 221

Total number of shells = 105

Total number of electrons = 98
  # of alpha electrons    = 49
  # of beta electons      = 49

Nuclear repulsion energy  = 783.052289516303

# of {all,non-negligible} shell-pairs = {5565,5008}
Number of AO tiles = 105

Time for initial setup: 0.01 secs
HF exch = 1.00

Time for computing 1-e integrals T, V, S: 0.01 secs
Time for computing orthogonalizer: 0.01 secs

Superposition of Atomic Density Guess ...
Time taken for SAD: 0.34 secs
Total Time to compute initial guess: 0.34 secs


 SCF iterations
-----------------------------------------------------------------------------
 Iter     Energy            E-Diff       RMSD        |[F,P]|^2       Time(s)
-----------------------------------------------------------------------------
   1  -3011.7664970672    -3.01e+03     1.66e-02     1.49e+03         0.6 
   2  -3005.7570892867     6.01e+00     6.82e-03     8.82e+00         2.2 
   3  -3005.9785769561    -2.21e-01     2.84e-03     4.04e+00         2.2 
   4  -3006.0952760174    -1.17e-01     1.14e-03     1.28e-01         2.2 
   5  -3006.1028767842    -7.60e-03     2.79e-04     1.41e-02         2.2 
   6  -3006.1036310935    -7.54e-04     1.70e-04     1.65e-03         2.2 
   7  -3006.1038280879    -1.97e-04     6.73e-05     2.91e-04         2.2 
   8  -3006.1038628401    -3.48e-05     2.57e-05     6.07e-05         2.2 
   9  -3006.1038690125    -6.17e-06     1.56e-05     1.16e-05         2.2 
  10  -3006.1038710595    -2.05e-06     8.22e-06     3.63e-06         2.2 
  11  -3006.1038716239    -5.64e-07     5.02e-06     8.81e-07         2.3 
  12  -3006.1038717852    -1.61e-07     2.06e-06     1.45e-07         2.3 
  13  -3006.1038718130    -2.78e-08     9.34e-07     2.06e-08         2.2 

** Total SCF energy = -3006.1038718130221

Nuclear repulsion energy = 783.052289516303063
#electrons        = 98
1e energy kinetic = 3006.2242358948233232
1e energy N-e     = -8719.2680824922608736
1e energy         = -5710.0046417174889939
2e energy         = 1923.6965731444770427
QED energy        = 0.1911121236341318
QED eT energy     = 0.1719067563362724
QED eT energy from matrix = 0.1719067563362734

 Polarizability Matrix (QED energy = 0.5 * lambda.dot(matrix * lambda))
[40.04839305, -2.07464774, -1.03354360]
[-2.07464774, 40.27320133,  0.60593413]
[-1.03354360,  0.60593413, 41.04430505]

 Polarizability Matrix (QED eT energy = 0.5 * lambda.dot(matrix * lambda))
[36.40026689, -2.20229921, -1.17004365]
[-2.20229921, 36.51576637,  0.70698333]
[-1.17004365,  0.70698333, 37.15419631]


                      Electron        Nuclear        Total  
                  ------------------------------------------
    Monopole         -98.000000     99.000000      1.000000

      Dipole   X      -7.847128      4.495142     -3.351986
      Dipole   Y     -17.918769     19.333401      1.414631
      Dipole   Z      -6.664561      7.963649      1.299088

  Quadrupole  XX    -779.506415    738.306174    -41.200241
  Quadrupole  XY      -4.137517     -1.583521     -5.721038
  Quadrupole  XZ       1.658342     -7.074342     -5.416001
  Quadrupole  YY    -516.895090    482.501197    -34.393893
  Quadrupole  YZ    -296.524074    301.324603      4.800529
  Quadrupole  ZZ    -434.926972    386.393008    -48.533964

    Octupole XXX      28.913043   -110.712946    -81.799904
    Octupole XXY   -1059.064841   1051.981970     -7.082871
    Octupole XXZ   -1036.641011   1029.561821     -7.079190
    Octupole XYY     309.071647   -338.642433    -29.570786
    Octupole XYZ      91.894731    -98.057899     -6.163168
    Octupole XZZ    -280.262118    275.846281     -4.415837
    Octupole YYY    -728.088285    714.927469    -13.160817
    Octupole YYZ     -97.236851    102.708478      5.471626
    Octupole YZZ     111.183790   -142.098751    -30.914961
    Octupole ZZZ     -79.074281     -2.939200    -82.013481

writing orbitals and density to disk ... done.

Total Time taken for Hartree-Fock: 28.33 secs

CD Options
{
  debug             = false
  skip_cd           = [false, 100]
  write_cv          = [false, 5000]
  diagtol           = 1e-06
  itilesize         = 1000
  max_cvecs_factor  = 12
}

- #occupied, #virtual = 98, 344

- Tilesize for the MSO space: 40

-----------------------------------------------------
Begin 2-index transformation ... 

nAO, nMO, nelectrons = 221, 442, 98
n_occ_alpha, n_vir_alpha, n_occ_beta, n_vir_beta = 49,172,49,172

Time taken for Fao->Fmo transform: 0.00 secs

-----------------------------------------------------
Number of AO tiles = 105
# of {all,non-negligible} shell-pairs = {5565,5008}

    Begin Cholesky Decomposition
---------------------------------------------
Total # of mpi ranks used for Cholesky decomposition: 4
  --> Number of nodes, mpi ranks per node: 1, 4
- CPU memory required for computing cholesky vectors: 1.93 GiB

- Time for computing the diagonal: 0.01 secs

- Total number of cholesky vectors = 1637

- Time to compute cholesky vectors: 15.26 secs

- CPU memory required for resizing the ao cholesky tensor: 1.56 GiB
- CPU memory required for ao2mo transformation: 1.69 GiB
- CPU memory required for the 2-step contraction: 2.10 GiB

- Time for ao to mo transform: 1.53 secs

   End Cholesky Decomposition
---------------------------------------------

Total Time taken for Cholesky Decomposition: 18.67 secs

scf_type = restricted
Closed-Shell SCF
QED-HF Enabled
nbf = 203
nbf_orig = 221
n_lindep = 0
focc = 1
nmo = 406
nocc = 62
nvir = 344
n_occ_alpha = 31
n_vir_alpha = 172
n_occ_beta = 31
n_vir_beta = 172
nelectrons = 98
nelectrons_alpha = 49
nelectrons_beta = 49
freeze atomic = true
n_frozen_core = 18
n_frozen_virtual = 0
----------------------------
--------- QED-CCSD --------
lambda_x: 0.0588
lambda_y: 0.0809
lambda_z: 0.0000
omega: 0.066150
coupling_factor_x: 0.010690
coupling_factor_y: 0.014713
coupling_factor_z: 0.000000
----------------------------
# of {all,non-negligible} shell-pairs = {5565,5008}
Number of AO tiles = 105
----------------------------
Electronic dipole expectation value using SCF density: 
dipole_x_elec: -7.84721867
dipole_y_elec: -17.91884631
dipole_z_elec: -6.66464519

d_n/N value: d_n is nuclear dipole moment and N is the total number of electrons 
d_nuc_x: 0.04586880
d_nuc_y: 0.19727960
d_nuc_z: 0.08126173

<d_e+d_n> expectation values: 
dipole_total_x: -3.35207672
dipole_total_y: 1.41455440
dipole_total_z: 1.29900392
----------------------------


 CCSD iterations
------------------------------------------------------------
  Iter     Residuum          Correlation          Time(s)
------------------------------------------------------------
   1     1.1853454744213    0.0000000000000         86.08
   2     0.1680974538647   -1.6433118261167         85.28
   3     0.0690641514609   -1.6289059298941         84.87
   4     0.0245540698356   -1.6970496036476         84.98
   5     0.0214415202506   -1.6893729440699         85.05
 MICROCYCLE DIIS UPDATE:                    6
   6     0.0084072580626   -1.7005194139256         84.10
   7     0.0054995006753   -1.7002964347355         84.21
   8     0.0039490562875   -1.7018818846163         87.22
   9     0.0027932562664   -1.7021032435959         84.19
  10     0.0031464608312   -1.7025112139751         84.24
 MICROCYCLE DIIS UPDATE:                   11
  11     0.0008427735853   -1.7031788497040         84.36
  12     0.0006789282941   -1.7031868696644         83.68
  13     0.0005233888026   -1.7032317868930         84.18
  14     0.0005556790118   -1.7031925254685         84.06
  15     0.0005934628176   -1.7032287084697         83.97
 MICROCYCLE DIIS UPDATE:                   16
  16     0.0001477934403   -1.7032046279993         84.06
  17     0.0000913959204   -1.7032309406034         84.09
  18     0.0000937071405   -1.7032482233876         84.10
  19     0.0001096993913   -1.7032573917104         83.95
  20     0.0001479346813   -1.7032608638438         84.30
 MICROCYCLE DIIS UPDATE:                   21
  21     0.0000228970095   -1.7032744148509         84.01
  22     0.0000224190969   -1.7032713507390         84.50
  23     0.0000139293692   -1.7032717715321         84.16
  24     0.0000167858360   -1.7032706291247         84.06
  25     0.0000134993200   -1.7032714641235         84.01
 MICROCYCLE DIIS UPDATE:                   26
  26     0.0000048662843   -1.7032703605212         83.91
  27     0.0000029888023   -1.7032711110860         84.15
  28     0.0000029704925   -1.7032716640149         84.00
  29     0.0000034876372   -1.7032719426595         84.00
  30     0.0000047932204   -1.7032720965852         83.96
 MICROCYCLE DIIS UPDATE:                   31
  31     0.0000007709819   -1.7032724988956         83.94
------------------------------------------------------------------
 Iterations converged
 CCSD correlation energy / hartree =        -1.703272498895588
 CCSD total energy / hartree       =     -3007.807144311917909

Time taken for spin-orbital canonical QED-CCSD: 2681.63 secs
