
ExaChem Git Information
{
 WARNING: Failed to retrieve the current git state.
}


TAMM Git Information
{
 Branch: main
 Commit Hash: e71357ad [e71357ad54f38748b4a7e175aa6760820d5ce96f]
 Commit Date: 2026-02-02 23:14:56 -0800
 Commit Message: add GitHub Actions workflow for releases
}


date: Thu Aug  6 07:50:06 2026
program: "/global/cfs/cdirs/m3196/heindelj/cavity_qed/software/install_gpu/bin/bin/ExaChem"
nnodes: 1, nproc_per_node: 4, nproc_total: 4, ngpus_per_node: 1, ngpus_total: 1

Memory information
{
[AMD EPYC 7763 64-Core Processor                ] : 
  CPU memory per node (GiB): 251
  Total CPU memory (GiB): 251
[NVIDIA A100-SXM4-40GB, CUDA v12.9] : 
  GPU memory per device (GiB): 39
  GPU memory per node (GiB): 39
  Total GPU memory (GiB): 39
}

------------------------------------------------------------

Input file provided: /global/cfs/cdirs/m4262/heindelj/cavity_qed/mlip/lambda_scans/grid_scans_optimized_geoms/runs_grid_no_freq/ortho_th9_ph144/ortho_th9_ph144_qed_ccsd_input.json

{
  "geometry": {
    "coordinates": [
      "C    -1.794168434700    1.949235102600    0.745139477400",
      "C    -0.377464440800    1.990770434700    0.716031718400",
      "C     0.286103380300    0.822442230900    0.678840951000",
      "C    -2.522898027700    0.758423753100    0.756245672200",
      "H    -2.330411464300    2.891436556300    0.775944597300",
      "H     0.160095150400    2.928643351300    0.742089820300",
      "H    -3.602626424300    0.781190345700    0.800534073000",
      "N     1.775019082900    0.823839797900    0.730378894800",
      "O     2.290957973300   -0.250349317100    0.906552434000",
      "O     2.311086233500    1.892057088500    0.615004659000",
      "C    -1.846468689500   -0.424734684600    0.700768750500",
      "H    -2.375658531500   -1.370257756800    0.681774412100",
      "C    -0.379517123100   -0.485795610100    0.615424006300",
      "H     0.029337715900   -1.151491525600    1.377330357200",
      "Br    0.023112703400   -1.370933021600   -1.052331841200"
    ],
    "units": "angstrom",
    "noorient": true
  },
  "common": {
    "maxiter": 100,
    "debug": false
  },
  "basis": {
    "basisset": "6-311G*"
  },
  "SCF": {
    "charge": 1,
    "multiplicity": 1,
    "lshift": 0,
    "tol_lindep": 1e-10,
    "conve": 1e-07,
    "convd": 1e-05,
    "diis_hist": 10,
    "writem": 10,
    "restart": false,
    "noscf": false,
    "scf_type": "restricted",
    "debug": false,
    "qed_omegas": [
      0.06615
    ],
    "qed_volumes": [],
    "qed_lambdas": [
      0.1
    ],
    "qed_polvecs": [
      [
        -0.12655814072350036,
        0.09194987150091019,
        0.9876883405951378
      ]
    ],
    "direct_df": false
  },
  "CD": {
    "debug": false,
    "diagtol": 1e-06
  },
  "CC": {
    "threshold": 1e-06,
    "ndiis": 5,
    "ccsd_maxiter": 200,
    "tilesize": 40,
    "freeze": {
      "atomic": true
    },
    "readt": false,
    "writet": true,
    "writet_iter": 5,
    "debug": false,
    "profile_ccsd": false,
    "balance_tiles": true
  },
  "TASK": {
    "scf": false,
    "ccsd": true
  }
}

Output folder & files prefix: ortho_th9_ph144_qed_ccsd_input.6-311g*

  C (carbon)
  ----------
          Exponent        Coefficients
      ----------------  --------------------
  1 S  4.56324000E+03      0.778202
  1 S  6.82024000E+02      1.448695
  1 S  1.54973000E+02      2.383089
  1 S  4.44553000E+01      3.200089
  1 S  1.30290000E+01      3.013004
  1 S  1.82773000E+00      0.247599

  2 S  2.09642000E+01      0.800629
  2 S  4.80331000E+00      2.127420
  2 S  1.45933000E+00     -0.002868

  3 P  2.09642000E+01      2.573592
  3 P  4.80331000E+00      2.408248
  3 P  1.45933000E+00      1.865281

  4 S  4.83456000E-01      0.413217

  5 P  4.83456000E-01      0.574627

  6 S  1.45585000E-01      0.167976

  7 P  1.45585000E-01      0.128185

  8 D  6.26000000E-01      0.725128


  H (hydrogen)
  ------------
          Exponent        Coefficients
      ----------------  --------------------
  1 S  3.38650000E+01      0.255069
  1 S  5.09479000E+00      0.460109
  1 S  1.15879000E+00      0.678321

  2 S  3.25840000E-01      0.307371

  3 S  1.02741000E-01      0.129336


  N (nitrogen)
  ------------
          Exponent        Coefficients
      ----------------  --------------------
  1 S  6.29348000E+03      0.991968
  1 S  9.49044000E+02      1.823240
  1 S  2.18776000E+02      2.979891
  1 S  6.36916000E+01      4.000007
  1 S  1.88282000E+01      3.881008
  1 S  2.72023000E+00      0.386764

  2 S  3.06331000E+01      1.038501
  2 S  7.02614000E+00      2.834794
  2 S  2.11205000E+00     -0.003208

  3 P  3.06331000E+01      3.935616
  3 P  7.02614000E+00      3.870994
  3 P  2.11205000E+00      2.967271

  4 S  6.84009000E-01      0.536051

  5 P  6.84009000E-01      0.886681

  6 S  2.00878000E-01      0.213850

  7 P  2.00878000E-01      0.191693

  8 D  9.13000000E-01      1.403568


  O (oxygen)
  ----------
          Exponent        Coefficients
      ----------------  --------------------
  1 S  8.58850000E+03      1.205013
  1 S  1.29723000E+03      2.216205
  1 S  2.99296000E+02      3.627452
  1 S  8.73771000E+01      4.888452
  1 S  2.56789000E+01      4.835721
  1 S  3.74004000E+00      0.538229

  2 S  4.21175000E+01      1.341958
  2 S  9.62837000E+00      3.587114
  2 S  2.85332000E+00     -0.005123

  3 P  4.21175000E+01      5.584018
  3 P  9.62837000E+00      5.733366
  3 P  2.85332000E+00      4.332955

  4 S  9.05661000E-01      0.661659

  5 P  9.05661000E-01      1.259352

  6 S  2.55611000E-01      0.256209

  7 P  2.55611000E-01      0.259068

  8 D  1.29200000E+00      2.577026


  Br (bromine)
  ------------
          Exponent        Coefficients
      ----------------  --------------------
  1 S  4.39700000E+05      9.893706
  1 S  6.60300000E+04     18.450679
  1 S  1.51400000E+04     31.049770
  1 S  4.31700000E+03     48.888138
  1 S  1.41400000E+03     64.847798
  1 S  5.23900000E+02     42.245010

  2 S  5.23900000E+02     14.290679
  2 S  2.07700000E+02     24.083128
  2 S  8.65400000E+01      5.132542

  3 S  3.05200000E+01      9.254405

  4 S  1.29800000E+01      4.873782

  5 S  4.41200000E+00      2.169635

  6 S  1.86200000E+00      1.136043

  7 S  3.93200000E-01      0.353892

  8 S  1.40000000E-01      0.163120

  9 P  2.95700000E+03    691.874478
  9 P  7.00300000E+02    925.332763
  9 P  2.24600000E+02   1068.830732

  10 P  8.25900000E+01    122.079275
  10 P  3.31900000E+01     57.580687
  10 P  1.42000000E+01     10.176170

  11 P  1.42000000E+01      3.129736
  11 P  7.43800000E+00      6.538168
  11 P  3.52600000E+00      4.166276

  12 P  1.59500000E+00      2.555000

  13 P  8.46200000E-01      1.156861

  14 P  3.18600000E-01      0.341191

  15 P  1.09600000E-01      0.089888

  16 D  1.34800000E+02    160.709187
  16 D  3.63900000E+01    119.797406
  16 D  1.21600000E+01     55.531619
  16 D  4.34100000E+00     12.984636

  17 D  1.53500000E+00      3.484168

  18 D  4.51000000E-01      0.408525



Printing Internal Coordinates

------------------------------------------------------------
                Bond Lengths

i      j        Length (Angstroms)     Length (Bohr)
0      1          1.4176116012         2.6788976791
0      3          1.3961381871         2.6383188075
0      4          1.0845501932         2.0495028349
1      2          1.3441339956         2.5400451282
1      5          1.0813209267         2.0434004056
2      7          1.4898080689         2.8153292305
2      12         1.4692033937         2.7763920373
3      6          1.0808761218         2.0425598462
3      10         1.3640008164         2.5775879785
7      8          1.2046212306         2.2764042114
7      9          1.2007361843         2.2690625377
10     11         1.0837050124         2.0479056746
10     12         1.4707001938         2.7792205797
12     13         1.0912445275         2.0621532934
12     14         1.9305410074         3.6481937788

Number of Bonds: 15

------------------------------------------------------------
           Bond Angles

i      j      k      Angle (degrees)
0      1      2        117.9345 
0      1      5        121.4485 
0      3      6        120.2496 
0      3      10       118.7296 
1      0      3        123.1464 
1      0      4        117.9857 
1      2      7        119.4464 
1      2      12       123.4707 
2      1      5        120.6066 
2      7      8        115.6114 
2      7      9        116.3397 
2      12     10       114.3569 
2      12     13       110.0792 
2      12     14       110.5522 
3      0      4        118.8606 
3      10     11       121.0218 
3      10     12       122.2101 
6      3      10       121.0193 
7      2      12       117.0717 
8      7      9        128.0353 
10     12     13       111.0096 
10     12     14       106.0928 
11     10     12       116.7327 
13     12     14       104.2010 

Number of Angles: 24

------------------------------------------------------------
              Torsional Angles

i      j      k      l      Angle (degrees)
3      0      1      2          0.9470 
4      0      1      2        179.9528 
5      1      0      3       -177.8849 
5      1      0      4          1.1210 
6      3      0      1        178.6548 
6      3      0      4         -0.3428 
10     3      0      1         -1.8011 
10     3      0      4        179.2013 
11     10     3      0       -178.4308 
11     10     3      6          1.1096 

Number of Torsional Angles: 10


----------------------------------------------------------------------
                          Center of Mass

         x               y               z              Unit
    0.0616724341  -0.06075125246   0.02674261218      Angstrom
      0.11654401   -0.1148032289    0.0505362129          Bohr

----------------------------------------------------------------------
                Moment of Inertia Tensor

            1807.5          -50.2312          -26.5948
          -50.2312           1972.06           -651.83
          -26.5948           -651.83           2673.58

----------------------------------------------------------------------
                      Principal Moments of Inertia

           x                 y                 z                Unit
       439.3919935       509.9348894       857.7394949       amu * ang^2
       1569.097295        1821.01055       3063.043344      amu * bohr^2
  7.2962806883e-38  8.4676738319e-38  1.4243109124e-37          g * cm^2

 - Molecule is an asymmetric top.

----------------------------------------------------------------------

         Rotational constants (MHz)

    A = 1.1502e+03        B = 9.9107e+02        C = 5.8920e+02

----------------------------------------------------------------------

        Rotational constants (cm-1)

    A = 3.8366e-02        B = 3.3058e-02        C = 1.9654e-02

----------------------------------------------------------------------

                                Z-Matrix
C   
C        1       2.6788977
C        2       2.5400451     1       117.93448
C        3      5.31163619     2     61.68449171     1         -0.4473
H        4      4.04736049     3     83.55527043     2          0.2422
H        5      4.70733535     4     96.00438722     3         -0.8092
H        6      8.18778092     5     28.85557579     4         -0.8001
N        7     10.16346150     6     29.25716370     5       -179.9387
O        8      2.27640421     7    114.78855615     6        170.6263
O        9      4.08605393     8     25.93723262     7       -175.6900
C       10      8.99560104     9     60.47603983     8          0.0862
H       11      2.04790567    10    148.29970615     9        -11.9098
C       12      4.12776758    11     36.96541712    10         -0.6397
H       13      2.06215329    12     94.25360060    11        131.3675
Br      14      4.61009977    13     50.10000686    12         92.9277

----------------------------------------------------------------------

             Converted back to Cartesian

C        0.000000      0.000000      0.000000
C        0.000000      0.000000      2.678898
C        0.000000      0.091231      0.140491
C        0.000014     -0.199250      5.444179
H       -0.000018      0.124869      1.409817
H        0.000082     -0.389143      6.089005
H       -0.000108      0.576416     -2.041644
N        0.005109     -0.711892      8.039833
O       -0.004558     -0.345026      5.793207
O        0.017950     -1.034963      9.820528
C       -0.058062      0.644909      0.983498
H       -0.025683      0.173252      2.976087
C       -0.098492      1.168466     -1.029249
H       -0.054872      0.614494      0.956623
Br      -0.162938      1.919734     -3.463523

----------------------------------------------------------------------
                       Geometry in bohr 

1     C      -3.3904869653    3.6835204989    1.4081095379
2     C      -0.7133044154    3.7620109011    1.3531038452
3     C       0.5406570325    1.5541905708    1.2828234804
4     C      -4.7675863159    1.4332131807    1.4290972044
5     H      -4.4038394282    5.4640232018    1.4663227778
6     H       0.3025359883    5.5343338544    1.4023465212
7     H      -6.8079772759    1.4762358056    1.5127901524
8     N       3.3542999349    1.5568315897    1.3802160793
9     O       4.3292831355   -0.4730916451    1.7131358190
10    O       4.3673200347    3.5754697118    1.1621903717
11    C      -3.4893201232   -0.8026322301    1.3242610160
12    H      -4.4893439932   -2.5894118823    1.2883669185
13    C      -0.7171834228   -0.9180206563    1.1629828232
14    H       0.0554402482   -2.1760036197    2.6027771600
15    Br      0.0436766795   -2.5906879478   -1.9886189734

 Number of nodes, processes per node used for SCF calculation: 1, 4

Common Options
{
  maxiter       = 100
  basis         = 6-311g* spherical
  geom_units    = angstrom
  ang2au factor = 1.889726126
  debug         = false
  file_prefix   = ortho_th9_ph144_qed_ccsd_input
}

SCF Options
{
  charge            = 1
  multiplicity      = 1
  level shift       = 0
  tol_int           = 1e-22
  tol_sch           = 1e-12
  tol_lindep        = 1e-10
  conve             = 1e-07
  convd             = 1e-05
  diis_hist         = 10
  AO_tilesize       = 30
  writem            = 10
  damp              = 100
  n_lindep          = 0
  scf_type          = restricted
  cuscf             = false
  qed_omegas        = [0.06615,]
  qed_lambdas       = [0.1,]
  qed_polvecs       = [[-0.1265581407,0.0919498715,0.9876883406,],]
  direct_df         = false
  restart_size      = 2000
  restart           = false
  debug             = false
}

Number of basis functions = 221

Total number of shells = 105

Total number of electrons = 98
  # of alpha electrons    = 49
  # of beta electons      = 49

Nuclear repulsion energy  = 779.505164056572

# of {all,non-negligible} shell-pairs = {5565,4998}
Number of AO tiles = 105

Time for initial setup: 0.01 secs
HF exch = 1.00

Time for computing 1-e integrals T, V, S: 0.01 secs
Time for computing orthogonalizer: 0.01 secs

Superposition of Atomic Density Guess ...
Time taken for SAD: 0.30 secs
Total Time to compute initial guess: 0.30 secs


 SCF iterations
-----------------------------------------------------------------------------
 Iter     Energy            E-Diff       RMSD        |[F,P]|^2       Time(s)
-----------------------------------------------------------------------------
   1  -3011.7224646118    -3.01e+03     1.67e-02     1.49e+03         0.7 
   2  -3005.8232519696     5.90e+00     6.88e-03     7.56e+00         2.2 
   3  -3005.9910175013    -1.68e-01     2.99e-03     4.30e+00         2.2 
   4  -3006.1143843468    -1.23e-01     1.12e-03     1.10e-01         2.2 
   5  -3006.1207206693    -6.34e-03     2.51e-04     1.02e-02         2.2 
   6  -3006.1212532428    -5.33e-04     1.46e-04     1.36e-03         2.2 
   7  -3006.1213939129    -1.41e-04     6.79e-05     4.42e-04         2.2 
   8  -3006.1214319112    -3.80e-05     3.55e-05     8.68e-05         2.2 
   9  -3006.1214416754    -9.76e-06     1.46e-05     1.11e-05         2.2 
  10  -3006.1214434494    -1.77e-06     6.74e-06     2.82e-06         2.2 
  11  -3006.1214438218    -3.72e-07     4.53e-06     6.27e-07         2.2 
  12  -3006.1214439431    -1.21e-07     1.73e-06     1.20e-07         2.2 
  13  -3006.1214439653    -2.22e-08     9.27e-07     2.60e-08         2.2 

** Total SCF energy = -3006.1214439653045

Nuclear repulsion energy = 779.505164056572198
#electrons        = 98
1e energy kinetic = 3006.1753777505564358
1e energy N-e     = -8712.4339324986904103
1e energy         = -5704.4073300505169755
2e energy         = 1920.4512453356842343
QED energy        = 0.1807013905708943
QED eT energy     = 0.1561941736177763
QED eT energy from matrix = 0.1561941736177573

 Polarizability Matrix (QED energy = 0.5 * lambda.dot(matrix * lambda))
[40.71333593, -1.22081776, -0.56154966]
[-1.22081776, 45.43822280,  0.60864683]
[-0.56154966,  0.60864683, 35.69824965]

 Polarizability Matrix (QED eT energy = 0.5 * lambda.dot(matrix * lambda))
[36.96369769, -1.32327358, -0.67597136]
[-1.32327358, 42.48464947,  0.77580520]
[-0.67597136,  0.77580520, 30.69812216]


                      Electron        Nuclear        Total  
                  ------------------------------------------
    Monopole         -98.000000     99.000000      1.000000

      Dipole   X      -7.623610      4.015079     -3.608531
      Dipole   Y      -3.724278      5.025638      1.301361
      Dipole   Z     -17.734985     19.097329      1.362344

  Quadrupole  XX    -794.741469    753.643254    -41.098215
  Quadrupole  XY     -19.893846     13.960153     -5.933693
  Quadrupole  XZ      -9.311612      3.450417     -5.861194
  Quadrupole  YY    -669.479817    632.106256    -37.373561
  Quadrupole  YZ    -301.044957    304.254984      3.210027
  Quadrupole  ZZ    -310.437371    264.516764    -45.920607

    Octupole XXX     -35.217620    -54.068691    -89.286311
    Octupole XXY   -1127.604811   1122.046436     -5.558376
    Octupole XXZ   -1077.119437   1066.163842    -10.955595
    Octupole XYY       8.729537    -49.940126    -41.210589
    Octupole XYZ       5.254338    -10.610924     -5.356586
    Octupole XZZ     -18.718905     24.292224      5.573319
    Octupole YYY    -755.898465    742.631293    -13.267173
    Octupole YYZ     -75.706824     65.929493     -9.777331
    Octupole YZZ     175.095318   -201.160265    -26.064947
    Octupole ZZZ      15.388149    -89.752056    -74.363906

writing orbitals and density to disk ... done.

Total Time taken for Hartree-Fock: 28.23 secs

CD Options
{
  debug             = false
  skip_cd           = [false, 100]
  write_cv          = [false, 5000]
  diagtol           = 1e-06
  itilesize         = 1000
  max_cvecs_factor  = 12
}

- #occupied, #virtual = 98, 344

- Tilesize for the MSO space: 40

-----------------------------------------------------
Begin 2-index transformation ... 

nAO, nMO, nelectrons = 221, 442, 98
n_occ_alpha, n_vir_alpha, n_occ_beta, n_vir_beta = 49,172,49,172

Time taken for Fao->Fmo transform: 0.00 secs

-----------------------------------------------------
Number of AO tiles = 105
# of {all,non-negligible} shell-pairs = {5565,4998}

    Begin Cholesky Decomposition
---------------------------------------------
Total # of mpi ranks used for Cholesky decomposition: 4
  --> Number of nodes, mpi ranks per node: 1, 4
- CPU memory required for computing cholesky vectors: 1.93 GiB

- Time for computing the diagonal: 0.01 secs

- Total number of cholesky vectors = 1650

- Time to compute cholesky vectors: 17.89 secs

- CPU memory required for resizing the ao cholesky tensor: 1.57 GiB
- CPU memory required for ao2mo transformation: 1.70 GiB
- CPU memory required for the 2-step contraction: 2.12 GiB

- Time for ao to mo transform: 1.56 secs

   End Cholesky Decomposition
---------------------------------------------

Total Time taken for Cholesky Decomposition: 21.31 secs

scf_type = restricted
Closed-Shell SCF
QED-HF Enabled
nbf = 203
nbf_orig = 221
n_lindep = 0
focc = 1
nmo = 406
nocc = 62
nvir = 344
n_occ_alpha = 31
n_vir_alpha = 172
n_occ_beta = 31
n_vir_beta = 172
nelectrons = 98
nelectrons_alpha = 49
nelectrons_beta = 49
freeze atomic = true
n_frozen_core = 18
n_frozen_virtual = 0
----------------------------
--------- QED-CCSD --------
lambda_x: -0.0127
lambda_y: 0.0092
lambda_z: 0.0988
omega: 0.066150
coupling_factor_x: -0.002302
coupling_factor_y: 0.001672
coupling_factor_z: 0.017963
----------------------------
# of {all,non-negligible} shell-pairs = {5565,4998}
Number of AO tiles = 105
----------------------------
Electronic dipole expectation value using SCF density: 
dipole_x_elec: -7.62373576
dipole_y_elec: -3.72431305
dipole_z_elec: -17.73499718

d_n/N value: d_n is nuclear dipole moment and N is the total number of electrons 
d_nuc_x: 0.04097019
d_nuc_y: 0.05128202
d_nuc_z: 0.19487070

<d_e+d_n> expectation values: 
dipole_total_x: -3.60865679
dipole_total_y: 1.30132539
dipole_total_z: 1.36233180
----------------------------


 CCSD iterations
------------------------------------------------------------
  Iter     Residuum          Correlation          Time(s)
------------------------------------------------------------
   1     1.1862117972834    0.0000000000000         86.99
   2     0.1677816917837   -1.6819195921088         85.45
   3     0.0682681139016   -1.6269260513751         85.54
   4     0.0219065667045   -1.6988428827903         85.40
   5     0.0174092500549   -1.6884699670209         85.39
 MICROCYCLE DIIS UPDATE:                    6
   6     0.0068881885156   -1.6982608659783         84.73
   7     0.0042362495760   -1.6980408891627         84.83
   8     0.0027485294418   -1.6991651697511         85.02
   9     0.0018872545961   -1.6992743214656         84.89
  10     0.0017934431166   -1.6995125739453         84.98
 MICROCYCLE DIIS UPDATE:                   11
  11     0.0004448183054   -1.6998178754185         84.79
  12     0.0003083178967   -1.6998741189347         84.38
  13     0.0002177075911   -1.6998666461587         84.90
  14     0.0001763423529   -1.6998557425435         84.80
  15     0.0001372654847   -1.6998622147611         84.58
 MICROCYCLE DIIS UPDATE:                   16
  16     0.0000546862012   -1.6998439661755         84.81
  17     0.0000345771190   -1.6998629475652         84.47
  18     0.0000305579744   -1.6998648210402         84.59
  19     0.0000216081971   -1.6998683620827         85.03
  20     0.0000221052751   -1.6998679166997         84.27
 MICROCYCLE DIIS UPDATE:                   21
  21     0.0000085492742   -1.6998702128287         85.62
  22     0.0000054215020   -1.6998710949179         84.25
  23     0.0000040738609   -1.6998707332504         84.31
  24     0.0000032297236   -1.6998702518298         85.04
  25     0.0000027731490   -1.6998703275458         84.80
 MICROCYCLE DIIS UPDATE:                   26
  26     0.0000014130756   -1.6998693884179         85.01
  27     0.0000007967628   -1.6998700688204         84.83
------------------------------------------------------------------
 Iterations converged
 CCSD correlation energy / hartree =        -1.699870068820434
 CCSD total energy / hartree       =     -3007.821314034124953

Time taken for spin-orbital canonical QED-CCSD: 2348.61 secs
