
ExaChem Git Information
{
 WARNING: Failed to retrieve the current git state.
}


TAMM Git Information
{
 Branch: main
 Commit Hash: e71357ad [e71357ad54f38748b4a7e175aa6760820d5ce96f]
 Commit Date: 2026-02-02 23:14:56 -0800
 Commit Message: add GitHub Actions workflow for releases
}


date: Fri Aug  7 14:04:29 2026
program: "/global/cfs/cdirs/m3196/heindelj/cavity_qed/software/install_gpu/bin/bin/ExaChem"
nnodes: 1, nproc_per_node: 4, nproc_total: 4, ngpus_per_node: 1, ngpus_total: 1

Memory information
{
[AMD EPYC 7763 64-Core Processor                ] : 
  CPU memory per node (GiB): 251
  Total CPU memory (GiB): 251
[NVIDIA A100-SXM4-40GB, CUDA v12.9] : 
  GPU memory per device (GiB): 39
  GPU memory per node (GiB): 39
  Total GPU memory (GiB): 39
}

------------------------------------------------------------

Input file provided: /global/cfs/cdirs/m4262/heindelj/cavity_qed/mlip/lambda_scans/grid_scans_optimized_geoms/runs_grid_no_freq/ortho_th54_ph90/ortho_th54_ph90_qed_ccsd_input.json

{
  "geometry": {
    "coordinates": [
      "C    -1.783747991400    1.922096390200    0.741596153800",
      "C    -0.377109079500    1.976376597200    0.733102000200",
      "C     0.295007349000    0.810465985700    0.751705994500",
      "C    -2.513493265200    0.729499697100    0.796326720500",
      "H    -2.329777038400    2.855866515500    0.720015032100",
      "H     0.149754128000    2.916521240600    0.726151127500",
      "H    -3.592550022500    0.752299475600    0.845074651000",
      "N     1.766227019300    0.783092895000    0.810737215100",
      "O     2.219417385000   -0.006539779700    1.600500596100",
      "O     2.348567116000    1.535411964600    0.080786498300",
      "C    -1.834668124200   -0.442859131600    0.747903777600",
      "H    -2.357695279300   -1.386301516500    0.717803744400",
      "C    -0.369191508800   -0.489131681000    0.600032295600",
      "H     0.101429857800   -1.266588984400    1.200191038800",
      "Br   -0.075671454800   -0.905732909500   -1.282198849600"
    ],
    "units": "angstrom",
    "noorient": true
  },
  "common": {
    "maxiter": 100,
    "debug": false
  },
  "basis": {
    "basisset": "6-311G*"
  },
  "SCF": {
    "charge": 1,
    "multiplicity": 1,
    "lshift": 0,
    "tol_lindep": 1e-10,
    "conve": 1e-07,
    "convd": 1e-05,
    "diis_hist": 10,
    "writem": 10,
    "restart": false,
    "noscf": false,
    "scf_type": "restricted",
    "debug": false,
    "qed_omegas": [
      0.06615
    ],
    "qed_volumes": [],
    "qed_lambdas": [
      0.1
    ],
    "qed_polvecs": [
      [
        4.953800363085458e-17,
        0.8090169943749475,
        0.5877852522924731
      ]
    ],
    "direct_df": false
  },
  "CD": {
    "debug": false,
    "diagtol": 1e-06
  },
  "CC": {
    "threshold": 1e-06,
    "ndiis": 5,
    "ccsd_maxiter": 200,
    "tilesize": 40,
    "freeze": {
      "atomic": true
    },
    "readt": false,
    "writet": true,
    "writet_iter": 5,
    "debug": false,
    "profile_ccsd": false,
    "balance_tiles": true
  },
  "TASK": {
    "scf": false,
    "ccsd": true
  }
}

Output folder & files prefix: ortho_th54_ph90_qed_ccsd_input.6-311g*

  C (carbon)
  ----------
          Exponent        Coefficients
      ----------------  --------------------
  1 S  4.56324000E+03      0.778202
  1 S  6.82024000E+02      1.448695
  1 S  1.54973000E+02      2.383089
  1 S  4.44553000E+01      3.200089
  1 S  1.30290000E+01      3.013004
  1 S  1.82773000E+00      0.247599

  2 S  2.09642000E+01      0.800629
  2 S  4.80331000E+00      2.127420
  2 S  1.45933000E+00     -0.002868

  3 P  2.09642000E+01      2.573592
  3 P  4.80331000E+00      2.408248
  3 P  1.45933000E+00      1.865281

  4 S  4.83456000E-01      0.413217

  5 P  4.83456000E-01      0.574627

  6 S  1.45585000E-01      0.167976

  7 P  1.45585000E-01      0.128185

  8 D  6.26000000E-01      0.725128


  H (hydrogen)
  ------------
          Exponent        Coefficients
      ----------------  --------------------
  1 S  3.38650000E+01      0.255069
  1 S  5.09479000E+00      0.460109
  1 S  1.15879000E+00      0.678321

  2 S  3.25840000E-01      0.307371

  3 S  1.02741000E-01      0.129336


  N (nitrogen)
  ------------
          Exponent        Coefficients
      ----------------  --------------------
  1 S  6.29348000E+03      0.991968
  1 S  9.49044000E+02      1.823240
  1 S  2.18776000E+02      2.979891
  1 S  6.36916000E+01      4.000007
  1 S  1.88282000E+01      3.881008
  1 S  2.72023000E+00      0.386764

  2 S  3.06331000E+01      1.038501
  2 S  7.02614000E+00      2.834794
  2 S  2.11205000E+00     -0.003208

  3 P  3.06331000E+01      3.935616
  3 P  7.02614000E+00      3.870994
  3 P  2.11205000E+00      2.967271

  4 S  6.84009000E-01      0.536051

  5 P  6.84009000E-01      0.886681

  6 S  2.00878000E-01      0.213850

  7 P  2.00878000E-01      0.191693

  8 D  9.13000000E-01      1.403568


  O (oxygen)
  ----------
          Exponent        Coefficients
      ----------------  --------------------
  1 S  8.58850000E+03      1.205013
  1 S  1.29723000E+03      2.216205
  1 S  2.99296000E+02      3.627452
  1 S  8.73771000E+01      4.888452
  1 S  2.56789000E+01      4.835721
  1 S  3.74004000E+00      0.538229

  2 S  4.21175000E+01      1.341958
  2 S  9.62837000E+00      3.587114
  2 S  2.85332000E+00     -0.005123

  3 P  4.21175000E+01      5.584018
  3 P  9.62837000E+00      5.733366
  3 P  2.85332000E+00      4.332955

  4 S  9.05661000E-01      0.661659

  5 P  9.05661000E-01      1.259352

  6 S  2.55611000E-01      0.256209

  7 P  2.55611000E-01      0.259068

  8 D  1.29200000E+00      2.577026


  Br (bromine)
  ------------
          Exponent        Coefficients
      ----------------  --------------------
  1 S  4.39700000E+05      9.893706
  1 S  6.60300000E+04     18.450679
  1 S  1.51400000E+04     31.049770
  1 S  4.31700000E+03     48.888138
  1 S  1.41400000E+03     64.847798
  1 S  5.23900000E+02     42.245010

  2 S  5.23900000E+02     14.290679
  2 S  2.07700000E+02     24.083128
  2 S  8.65400000E+01      5.132542

  3 S  3.05200000E+01      9.254405

  4 S  1.29800000E+01      4.873782

  5 S  4.41200000E+00      2.169635

  6 S  1.86200000E+00      1.136043

  7 S  3.93200000E-01      0.353892

  8 S  1.40000000E-01      0.163120

  9 P  2.95700000E+03    691.874478
  9 P  7.00300000E+02    925.332763
  9 P  2.24600000E+02   1068.830732

  10 P  8.25900000E+01    122.079275
  10 P  3.31900000E+01     57.580687
  10 P  1.42000000E+01     10.176170

  11 P  1.42000000E+01      3.129736
  11 P  7.43800000E+00      6.538168
  11 P  3.52600000E+00      4.166276

  12 P  1.59500000E+00      2.555000

  13 P  8.46200000E-01      1.156861

  14 P  3.18600000E-01      0.341191

  15 P  1.09600000E-01      0.089888

  16 D  1.34800000E+02    160.709187
  16 D  3.63900000E+01    119.797406
  16 D  1.21600000E+01     55.531619
  16 D  4.34100000E+00     12.984636

  17 D  1.53500000E+00      3.484168

  18 D  4.51000000E-01      0.408525



Printing Internal Coordinates

------------------------------------------------------------
                Bond Lengths

i      j        Length (Angstroms)     Length (Bohr)
0      1          1.4077114477         2.6601891005
0      3          1.3992178072         2.6441384461
0      4          1.0819150206         2.0445230805
1      2          1.3458952991         2.5433735094
1      5          1.0777314622         2.0366173008
2      7          1.4726578996         2.7829201075
2      12         1.4673510585         2.7728916312
3      6          1.0803979249         2.0416561850
3      10         1.3555713101         2.5616585202
7      8          1.2052499602         2.2775923380
7      9          1.1991380319         2.2660424675
10     11         1.0791417658         2.0392823883
10     12         1.4736447449         2.7847849748
12     13         1.0890889984         2.0580799336
12     14         1.9500012025         3.6849682179

Number of Bonds: 15

------------------------------------------------------------
           Bond Angles

i      j      k      Angle (degrees)
0      1      2        117.7436 
0      1      5        121.4777 
0      3      6        120.3094 
0      3      10       118.3312 
1      0      3        123.6585 
1      0      4        118.0929 
1      2      7        121.0343 
1      2      12       122.6674 
2      1      5        120.7731 
2      7      8        114.4621 
2      7      9        116.6857 
2      12     10       114.3280 
2      12     13       112.3142 
2      12     14       102.7593 
3      0      4        118.2415 
3      10     11       120.9562 
3      10     12       121.9198 
6      3      10       121.3328 
7      2      12       116.0969 
8      7      9        128.8523 
10     12     13       113.3813 
10     12     14       104.6701 
11     10     12       116.8549 
13     12     14       108.3221 

Number of Angles: 24

------------------------------------------------------------
              Torsional Angles

i      j      k      l      Angle (degrees)
3      0      1      2          1.3863 
4      0      1      2       -179.5965 
5      1      0      3       -177.7585 
5      1      0      4          1.2586 
6      3      0      1        177.2362 
6      3      0      4         -1.7796 
10     3      0      1         -4.6163 
10     3      0      4        176.3679 
11     10     3      0       -175.7093 
11     10     3      6          2.4184 

Number of Torsional Angles: 10


----------------------------------------------------------------------
                          Center of Mass

         x               y               z              Unit
   0.02295955843     0.103555039  -0.03712184079      Angstrom
   0.04338727741    0.1956906627  -0.07015011238          Bohr

----------------------------------------------------------------------
                Moment of Inertia Tensor

           1660.18            -66.71          -78.3252
            -66.71           2205.25           -528.11
          -78.3252           -528.11           2268.43

----------------------------------------------------------------------
                      Principal Moments of Inertia

           x                 y                 z                Unit
        442.142858       500.9520571       774.5623719       amu * ang^2
        1578.92081       1788.932273       2766.012446      amu * bohr^2
  7.3419598981e-38  8.3185102907e-38  1.2861919559e-37          g * cm^2

 - Molecule is an asymmetric top.

----------------------------------------------------------------------

         Rotational constants (MHz)

    A = 1.1430e+03        B = 1.0088e+03        C = 6.5247e+02

----------------------------------------------------------------------

        Rotational constants (cm-1)

    A = 3.8127e-02        B = 3.3651e-02        C = 2.1764e-02

----------------------------------------------------------------------

                                Z-Matrix
C   
C        1       2.6601891
C        2       2.5433735     1       117.74361
C        3      5.31017152     2     61.71014158     1         -0.6525
H        4      4.03579805     3     83.38296874     2          0.5667
H        5      4.68705090     4     96.33016176     3         -1.0488
H        6      8.17245683     5     28.68812817     4         -1.4674
N        7     10.12699606     6     29.73175326     5        178.8423
O        8      2.27759234     7    111.59456814     6        137.5206
O        9      4.09849567     8     25.50416820     7       -178.9954
C       10      8.83496157     9     62.99305237     8        -11.7626
H       11      2.03928239    10    143.09293083     9        -59.9683
C       12      4.12849201    11     36.99768381    10          8.6778
H       13      2.05807993    12     94.04020268    11        139.3672
Br      14      4.75214142    13     47.40211696    12         97.4910

----------------------------------------------------------------------

             Converted back to Cartesian

C        0.000000      0.000000      0.000000
C        0.000000      0.000000      2.660189
C        0.000000      0.091203      0.118451
C        0.000020     -0.198932      5.420691
H       -0.000033      0.123848      1.397821
H        0.000123     -0.387933      6.056848
H       -0.000167      0.575377     -2.058637
N       -0.004779     -0.709214      7.986554
O       -0.002787     -0.343695      5.738484
O       -0.005028     -1.032822      9.778628
C       -0.006744      0.619412      1.099535
H       -0.001295      0.151254      3.084345
C       -0.015092      1.144175     -0.922944
H       -0.007216      0.592192      1.059717
Br      -0.028596      1.932625     -3.499409

----------------------------------------------------------------------
                       Geometry in bohr 

1     C      -3.3707951814    3.6322357651    1.4014136267
2     C      -0.7126328798    3.7348104904    1.3853620027
3     C       0.5574830947    1.5315587473    1.4205184568
4     C      -4.7498138905    1.3785546365    1.5048394085
5     H      -4.4026405370    5.3968055664    1.3606312172
6     H       0.2829942881    5.5114263851    1.3722267570
7     H      -6.7889356361    1.4216399735    1.5969596463
8     N       3.3376853427    1.4798311027    1.5320712966
9     O       4.1940910167   -0.0123583926    3.0245077910
10    O       4.4381486376    2.9015081035    0.1526643565
11    C      -3.4670202867   -0.8368824711    1.4133333082
12    H      -4.4553983662   -2.6197301941    1.3564524891
13    C      -0.6976708396   -0.9243249166    1.1338967054
14    H       0.1916746522   -2.3935062946    2.2680323621
15    Br     -0.1429983251   -1.7115871422   -2.4230046647

 Number of nodes, processes per node used for SCF calculation: 1, 4

Common Options
{
  maxiter       = 100
  basis         = 6-311g* spherical
  geom_units    = angstrom
  ang2au factor = 1.889726126
  debug         = false
  file_prefix   = ortho_th54_ph90_qed_ccsd_input
}

SCF Options
{
  charge            = 1
  multiplicity      = 1
  level shift       = 0
  tol_int           = 1e-22
  tol_sch           = 1e-12
  tol_lindep        = 1e-10
  conve             = 1e-07
  convd             = 1e-05
  diis_hist         = 10
  AO_tilesize       = 30
  writem            = 10
  damp              = 100
  n_lindep          = 0
  scf_type          = restricted
  cuscf             = false
  qed_omegas        = [0.06615,]
  qed_lambdas       = [0.1,]
  qed_polvecs       = [[4.953800363e-17,0.8090169944,0.5877852523,],]
  direct_df         = false
  restart_size      = 2000
  restart           = false
  debug             = false
}

Number of basis functions = 221

Total number of shells = 105

Total number of electrons = 98
  # of alpha electrons    = 49
  # of beta electons      = 49

Nuclear repulsion energy  = 786.935516514114

# of {all,non-negligible} shell-pairs = {5565,5002}
Number of AO tiles = 105

Time for initial setup: 0.02 secs
HF exch = 1.00

Time for computing 1-e integrals T, V, S: 0.01 secs
Time for computing orthogonalizer: 0.01 secs

Superposition of Atomic Density Guess ...
Time taken for SAD: 0.32 secs
Total Time to compute initial guess: 0.32 secs


 SCF iterations
-----------------------------------------------------------------------------
 Iter     Energy            E-Diff       RMSD        |[F,P]|^2       Time(s)
-----------------------------------------------------------------------------
   1  -3011.8267908517    -3.01e+03     1.67e-02     1.51e+03         0.6 
   2  -3005.7739380302     6.05e+00     7.04e-03     8.20e+00         2.3 
   3  -3005.9726458391    -1.99e-01     3.00e-03     4.18e+00         2.2 
   4  -3006.0933007420    -1.21e-01     1.22e-03     1.34e-01         2.2 
   5  -3006.1011829662    -7.88e-03     2.80e-04     1.02e-02         2.2 
   6  -3006.1018398508    -6.57e-04     1.81e-04     1.58e-03         2.3 
   7  -3006.1020579312    -2.18e-04     8.30e-05     3.50e-04         2.2 
   8  -3006.1021065801    -4.86e-05     3.32e-05     7.27e-05         2.2 
   9  -3006.1021160657    -9.49e-06     2.02e-05     2.28e-05         2.2 
  10  -3006.1021190371    -2.97e-06     1.04e-05     4.97e-06         2.3 
  11  -3006.1021197767    -7.40e-07     6.95e-06     1.28e-06         2.3 
  12  -3006.1021200417    -2.65e-07     3.22e-06     2.90e-07         2.3 
  13  -3006.1021201000    -5.83e-08     1.57e-06     5.51e-08         2.3 

** Total SCF energy = -3006.1021200999680

Nuclear repulsion energy = 786.935516514113715
#electrons        = 98
1e energy kinetic = 3006.2214923296864981
1e energy N-e     = -8726.8760965194996970
1e energy         = -5717.1982502490609477
2e energy         = 1927.4216539211679446
QED energy        = 0.1953136545631216
QED eT energy     = 0.1751413497091816
QED eT energy from matrix = 0.1751413497091582

 Polarizability Matrix (QED energy = 0.5 * lambda.dot(matrix * lambda))
[40.70204791, -0.88328084, -0.73600772]
[-0.88328084, 41.76775979, -1.75816609]
[-0.73600772, -1.75816609, 38.77806669]

 Polarizability Matrix (QED eT energy = 0.5 * lambda.dot(matrix * lambda))
[37.03282242, -0.93836635, -0.85574117]
[-0.93836635, 38.31774123, -2.08633357]
[-0.85574117, -2.08633357, 34.53978971]


                      Electron        Nuclear        Total  
                  ------------------------------------------
    Monopole         -98.000000     99.000000      1.000000

      Dipole   X      -1.007062     -2.398232     -3.405294
      Dipole   Y     -30.674743     31.978814      1.304071
      Dipole   Z      -7.637040      8.847197      1.210157

  Quadrupole  XX    -787.240562    745.929092    -41.311471
  Quadrupole  XY     -27.992006     22.789445     -5.202560
  Quadrupole  XZ     -31.704114     26.221957     -5.482156
  Quadrupole  YY    -493.345857    456.985016    -36.360842
  Quadrupole  YZ    -242.276327    246.162049      3.885722
  Quadrupole  ZZ    -424.568199    377.243182    -47.325017

    Octupole XXX     -12.515169    -62.888982    -75.404151
    Octupole XXY   -1088.653510   1073.536495    -15.117015
    Octupole XXZ   -1113.648818   1105.863752     -7.785066
    Octupole XYY     186.303373   -218.346142    -32.042769
    Octupole XYZ     131.614272   -132.046914     -0.432642
    Octupole XZZ    -146.399615    148.420726      2.021110
    Octupole YYY   -1001.940759    967.506445    -34.434314
    Octupole YYZ    -166.289227    167.955910      1.666682
    Octupole YZZ     182.085347   -214.966661    -32.881314
    Octupole ZZZ      51.269049   -132.212214    -80.943165

writing orbitals and density to disk ... done.

Total Time taken for Hartree-Fock: 30.17 secs

CD Options
{
  debug             = false
  skip_cd           = [false, 100]
  write_cv          = [false, 5000]
  diagtol           = 1e-06
  itilesize         = 1000
  max_cvecs_factor  = 12
}

- #occupied, #virtual = 98, 344

- Tilesize for the MSO space: 40

-----------------------------------------------------
Begin 2-index transformation ... 

nAO, nMO, nelectrons = 221, 442, 98
n_occ_alpha, n_vir_alpha, n_occ_beta, n_vir_beta = 49,172,49,172

Time taken for Fao->Fmo transform: 0.00 secs

-----------------------------------------------------
Number of AO tiles = 105
# of {all,non-negligible} shell-pairs = {5565,5002}

    Begin Cholesky Decomposition
---------------------------------------------
Total # of mpi ranks used for Cholesky decomposition: 4
  --> Number of nodes, mpi ranks per node: 1, 4
- CPU memory required for computing cholesky vectors: 1.93 GiB

- Time for computing the diagonal: 0.01 secs

- Total number of cholesky vectors = 1635

- Time to compute cholesky vectors: 15.05 secs

- CPU memory required for resizing the ao cholesky tensor: 1.56 GiB
- CPU memory required for ao2mo transformation: 1.69 GiB
- CPU memory required for the 2-step contraction: 2.10 GiB

- Time for ao to mo transform: 1.55 secs

   End Cholesky Decomposition
---------------------------------------------

Total Time taken for Cholesky Decomposition: 31.68 secs

scf_type = restricted
Closed-Shell SCF
QED-HF Enabled
nbf = 203
nbf_orig = 221
n_lindep = 0
focc = 1
nmo = 406
nocc = 62
nvir = 344
n_occ_alpha = 31
n_vir_alpha = 172
n_occ_beta = 31
n_vir_beta = 172
nelectrons = 98
nelectrons_alpha = 49
nelectrons_beta = 49
freeze atomic = true
n_frozen_core = 18
n_frozen_virtual = 0
----------------------------
--------- QED-CCSD --------
lambda_x: 0.0000
lambda_y: 0.0809
lambda_z: 0.0588
omega: 0.066150
coupling_factor_x: 0.000000
coupling_factor_y: 0.014713
coupling_factor_z: 0.010690
----------------------------
# of {all,non-negligible} shell-pairs = {5565,5002}
Number of AO tiles = 105
----------------------------
Electronic dipole expectation value using SCF density: 
dipole_x_elec: -1.00724604
dipole_y_elec: -30.67479107
dipole_z_elec: -7.63710370

d_n/N value: d_n is nuclear dipole moment and N is the total number of electrons 
d_nuc_x: -0.02447176
d_nuc_y: 0.32631443
d_nuc_z: 0.09027752

<d_e+d_n> expectation values: 
dipole_total_x: -3.40547828
dipole_total_y: 1.30402330
dipole_total_z: 1.21009282
----------------------------


 CCSD iterations
------------------------------------------------------------
  Iter     Residuum          Correlation          Time(s)
------------------------------------------------------------
   1     1.1860129937849    0.0000000000000         86.89
   2     0.1708102915643   -1.6623728926635         85.71
   3     0.0715426431342   -1.6292692841616         85.70
   4     0.0261106825156   -1.7041543158729         86.96
   5     0.0233958450081   -1.6927852056665         86.76
 MICROCYCLE DIIS UPDATE:                    6
   6     0.0086259114790   -1.7045880358698         85.44
   7     0.0058667777840   -1.7040750410919         85.56
   8     0.0040256365813   -1.7058458833482         85.38
   9     0.0034634163917   -1.7059617313555         85.15
  10     0.0037764523095   -1.7063705818203         85.35
 MICROCYCLE DIIS UPDATE:                   11
  11     0.0008685538556   -1.7069061992409         84.23
  12     0.0006285959253   -1.7069658241575         84.21
  13     0.0005111978035   -1.7069654722517         84.13
  14     0.0004379210180   -1.7069433065543         84.26
  15     0.0003832842690   -1.7069668272584         84.28
 MICROCYCLE DIIS UPDATE:                   16
  16     0.0001277097466   -1.7069364733554         84.26
  17     0.0000914104014   -1.7069758221002         84.42
  18     0.0000763113976   -1.7069840964634         84.25
  19     0.0000705950576   -1.7069936765237         84.15
  20     0.0000751573749   -1.7069923745875         84.27
 MICROCYCLE DIIS UPDATE:                   21
  21     0.0000219424521   -1.7070021685746         84.59
  22     0.0000157434243   -1.7070020464717         83.99
  23     0.0000127581737   -1.7070013046957         84.14
  24     0.0000109995449   -1.7070001930600         84.37
  25     0.0000102044448   -1.7070005808454         85.39
 MICROCYCLE DIIS UPDATE:                   26
  26     0.0000040990678   -1.7069984706734         85.46
  27     0.0000025969108   -1.7070001141236         85.37
  28     0.0000021271948   -1.7070002811234         85.45
  29     0.0000018612606   -1.7070006424901         85.76
  30     0.0000019091215   -1.7070006159646         85.03
 MICROCYCLE DIIS UPDATE:                   31
  31     0.0000007293130   -1.7070009387032         84.40
------------------------------------------------------------------
 Iterations converged
 CCSD correlation energy / hartree =        -1.707000938703161
 CCSD total energy / hartree       =     -3007.809121038671037

Time taken for spin-orbital canonical QED-CCSD: 2717.48 secs
