
ExaChem Git Information
{
 WARNING: Failed to retrieve the current git state.
}


TAMM Git Information
{
 Branch: main
 Commit Hash: e71357ad [e71357ad54f38748b4a7e175aa6760820d5ce96f]
 Commit Date: 2026-02-02 23:14:56 -0800
 Commit Message: add GitHub Actions workflow for releases
}


date: Thu Aug  6 15:28:23 2026
program: "/global/cfs/cdirs/m3196/heindelj/cavity_qed/software/install_gpu/bin/bin/ExaChem"
nnodes: 1, nproc_per_node: 4, nproc_total: 4, ngpus_per_node: 1, ngpus_total: 1

Memory information
{
[AMD EPYC 7763 64-Core Processor                ] : 
  CPU memory per node (GiB): 251
  Total CPU memory (GiB): 251
[NVIDIA A100-SXM4-40GB, CUDA v12.9] : 
  GPU memory per device (GiB): 39
  GPU memory per node (GiB): 39
  Total GPU memory (GiB): 39
}

------------------------------------------------------------

Input file provided: /global/cfs/cdirs/m4262/heindelj/cavity_qed/mlip/lambda_scans/grid_scans_optimized_geoms/runs_grid_no_freq/meta_th27_ph342/meta_th27_ph342_qed_ccsd_input.json

{
  "geometry": {
    "coordinates": [
      "C    -0.915879963900    2.034353456600    0.736528751700",
      "C     0.483018995600    1.966124495400    0.745197783000",
      "C     1.154601353500    0.740937453500    0.634585332900",
      "C     0.488088032400   -0.425945641600    0.499616446400",
      "C    -1.630111715300    0.881648802100    0.625412480200",
      "H    -1.405459085500    2.994917708100    0.813344810300",
      "H     1.078994510000    2.866096232600    0.850634876700",
      "H     1.025696952900   -1.359539150300    0.381379503600",
      "H    -2.711669804300    0.897307440800    0.613861396900",
      "N     2.641038623700    0.728721506700    0.678270013100",
      "O     3.167347520700   -0.333966405700    0.485028262900",
      "O     3.165943120900    1.789103035700    0.891978869900",
      "C    -0.974182542400   -0.430645770800    0.567822923100",
      "H    -1.185949179900   -0.844100492000    1.568695533300",
      "Br   -1.773310075300   -1.703413641400   -0.620899247000"
    ],
    "units": "angstrom",
    "noorient": true
  },
  "common": {
    "maxiter": 100,
    "debug": false
  },
  "basis": {
    "basisset": "6-311G*"
  },
  "SCF": {
    "charge": 1,
    "multiplicity": 1,
    "lshift": 0,
    "tol_lindep": 1e-10,
    "conve": 1e-07,
    "convd": 1e-05,
    "diis_hist": 10,
    "writem": 10,
    "restart": false,
    "noscf": false,
    "scf_type": "restricted",
    "debug": false,
    "qed_omegas": [
      0.06615
    ],
    "qed_volumes": [],
    "qed_lambdas": [
      0.1
    ],
    "qed_polvecs": [
      [
        0.43177062311338915,
        -0.14029077970429518,
        0.8910065241883679
      ]
    ],
    "direct_df": false
  },
  "CD": {
    "debug": false,
    "diagtol": 1e-06
  },
  "CC": {
    "threshold": 1e-06,
    "ndiis": 5,
    "ccsd_maxiter": 200,
    "tilesize": 40,
    "freeze": {
      "atomic": true
    },
    "readt": false,
    "writet": true,
    "writet_iter": 5,
    "debug": false,
    "profile_ccsd": false,
    "balance_tiles": true
  },
  "TASK": {
    "scf": false,
    "ccsd": true
  }
}

Output folder & files prefix: meta_th27_ph342_qed_ccsd_input.6-311g*

  C (carbon)
  ----------
          Exponent        Coefficients
      ----------------  --------------------
  1 S  4.56324000E+03      0.778202
  1 S  6.82024000E+02      1.448695
  1 S  1.54973000E+02      2.383089
  1 S  4.44553000E+01      3.200089
  1 S  1.30290000E+01      3.013004
  1 S  1.82773000E+00      0.247599

  2 S  2.09642000E+01      0.800629
  2 S  4.80331000E+00      2.127420
  2 S  1.45933000E+00     -0.002868

  3 P  2.09642000E+01      2.573592
  3 P  4.80331000E+00      2.408248
  3 P  1.45933000E+00      1.865281

  4 S  4.83456000E-01      0.413217

  5 P  4.83456000E-01      0.574627

  6 S  1.45585000E-01      0.167976

  7 P  1.45585000E-01      0.128185

  8 D  6.26000000E-01      0.725128


  H (hydrogen)
  ------------
          Exponent        Coefficients
      ----------------  --------------------
  1 S  3.38650000E+01      0.255069
  1 S  5.09479000E+00      0.460109
  1 S  1.15879000E+00      0.678321

  2 S  3.25840000E-01      0.307371

  3 S  1.02741000E-01      0.129336


  N (nitrogen)
  ------------
          Exponent        Coefficients
      ----------------  --------------------
  1 S  6.29348000E+03      0.991968
  1 S  9.49044000E+02      1.823240
  1 S  2.18776000E+02      2.979891
  1 S  6.36916000E+01      4.000007
  1 S  1.88282000E+01      3.881008
  1 S  2.72023000E+00      0.386764

  2 S  3.06331000E+01      1.038501
  2 S  7.02614000E+00      2.834794
  2 S  2.11205000E+00     -0.003208

  3 P  3.06331000E+01      3.935616
  3 P  7.02614000E+00      3.870994
  3 P  2.11205000E+00      2.967271

  4 S  6.84009000E-01      0.536051

  5 P  6.84009000E-01      0.886681

  6 S  2.00878000E-01      0.213850

  7 P  2.00878000E-01      0.191693

  8 D  9.13000000E-01      1.403568


  O (oxygen)
  ----------
          Exponent        Coefficients
      ----------------  --------------------
  1 S  8.58850000E+03      1.205013
  1 S  1.29723000E+03      2.216205
  1 S  2.99296000E+02      3.627452
  1 S  8.73771000E+01      4.888452
  1 S  2.56789000E+01      4.835721
  1 S  3.74004000E+00      0.538229

  2 S  4.21175000E+01      1.341958
  2 S  9.62837000E+00      3.587114
  2 S  2.85332000E+00     -0.005123

  3 P  4.21175000E+01      5.584018
  3 P  9.62837000E+00      5.733366
  3 P  2.85332000E+00      4.332955

  4 S  9.05661000E-01      0.661659

  5 P  9.05661000E-01      1.259352

  6 S  2.55611000E-01      0.256209

  7 P  2.55611000E-01      0.259068

  8 D  1.29200000E+00      2.577026


  Br (bromine)
  ------------
          Exponent        Coefficients
      ----------------  --------------------
  1 S  4.39700000E+05      9.893706
  1 S  6.60300000E+04     18.450679
  1 S  1.51400000E+04     31.049770
  1 S  4.31700000E+03     48.888138
  1 S  1.41400000E+03     64.847798
  1 S  5.23900000E+02     42.245010

  2 S  5.23900000E+02     14.290679
  2 S  2.07700000E+02     24.083128
  2 S  8.65400000E+01      5.132542

  3 S  3.05200000E+01      9.254405

  4 S  1.29800000E+01      4.873782

  5 S  4.41200000E+00      2.169635

  6 S  1.86200000E+00      1.136043

  7 S  3.93200000E-01      0.353892

  8 S  1.40000000E-01      0.163120

  9 P  2.95700000E+03    691.874478
  9 P  7.00300000E+02    925.332763
  9 P  2.24600000E+02   1068.830732

  10 P  8.25900000E+01    122.079275
  10 P  3.31900000E+01     57.580687
  10 P  1.42000000E+01     10.176170

  11 P  1.42000000E+01      3.129736
  11 P  7.43800000E+00      6.538168
  11 P  3.52600000E+00      4.166276

  12 P  1.59500000E+00      2.555000

  13 P  8.46200000E-01      1.156861

  14 P  3.18600000E-01      0.341191

  15 P  1.09600000E-01      0.089888

  16 D  1.34800000E+02    160.709187
  16 D  3.63900000E+01    119.797406
  16 D  1.21600000E+01     55.531619
  16 D  4.34100000E+00     12.984636

  17 D  1.53500000E+00      3.484168

  18 D  4.51000000E-01      0.408525



Printing Internal Coordinates

------------------------------------------------------------
                Bond Lengths

i      j        Length (Angstroms)     Length (Bohr)
0      1          1.4005886770         2.6467290146
0      4          1.3605887847         2.5711401730
0      5          1.0808663675         2.0425414133
1      2          1.4015495943         2.6485448850
1      6          1.0845519454         2.0495061461
2      3          1.3505823800         2.5522308087
2      9          1.4871292274         2.8102669536
3      7          1.0837897239         2.0480657562
3      12         1.4638679751         2.7663095575
4      8          1.0817331096         2.0441793184
4      12         1.4682222866         2.7745380137
9      10         1.2015194664         2.2705427265
9      11         1.2023332291         2.2720805150
12     13         1.1034200909         2.0851617737
12     14         1.9161428089         3.6209851269

Number of Bonds: 15

------------------------------------------------------------
           Bond Angles

i      j      k      Angle (degrees)
0      1      2        121.3785 
0      1      6        120.5991 
0      4      8        120.8950 
0      4      12       121.7302 
1      0      4        118.9171 
1      0      5        119.6867 
1      2      3        121.7815 
1      2      9        118.9346 
2      1      6        118.0183 
2      3      7        120.6874 
2      3      12       119.4116 
2      9      10       116.1277 
2      9      11       115.7436 
3      2      9        119.2821 
3      12     4        116.4375 
3      12     13       103.6020 
3      12     14       112.9435 
4      0      5        121.3957 
4      12     13       102.3328 
4      12     14       115.5760 
7      3      12       119.8560 
8      4      12       117.3353 
10     9      11       128.1254 
13     12     14       103.5202 

Number of Angles: 24

------------------------------------------------------------
              Torsional Angles

i      j      k      l      Angle (degrees)
3      2      1      0          0.7647 
4      0      1      2          0.3646 
5      0      1      2       -179.3739 
6      1      0      4       -178.8827 
6      1      0      5          1.3788 
6      1      2      3       -179.9692 
7      3      2      1        177.8880 
8      4      0      1       -179.9068 
8      4      0      5         -0.1729 
12     3      2      1         -4.5559 
13     12     3      2       -104.5224 
13     12     3      7         73.0542 
14     12     3      2        144.1548 
14     12     3      7        -38.2686 

Number of Torsional Angles: 14


----------------------------------------------------------------------
                          Center of Mass

         x               y               z              Unit
   -0.1152542366   -0.2013502927    0.1570538081      Angstrom
    -0.217798942   -0.3804969086    0.2967886843          Bohr

----------------------------------------------------------------------
                Moment of Inertia Tensor

           1799.31           -1135.4          -614.854
           -1135.4            2991.9           -595.44
          -614.854           -595.44           4200.55

----------------------------------------------------------------------
                      Principal Moments of Inertia

           x                 y                 z                Unit
       252.4093909       1017.755476       1247.784086       amu * ang^2
       901.3702988       3634.470787       4455.917868      amu * bohr^2
  4.1913594043e-38  1.6900238816e-37  2.0719956364e-37          g * cm^2

 - Molecule is an asymmetric top.

----------------------------------------------------------------------

         Rotational constants (MHz)

    A = 2.0022e+03        B = 4.9656e+02        C = 4.0502e+02

----------------------------------------------------------------------

        Rotational constants (cm-1)

    A = 6.6787e-02        B = 1.6564e-02        C = 1.3510e-02

----------------------------------------------------------------------

                                Z-Matrix
C   
C        1        2.646729
C        2       2.6485449     1        121.3785
C        3      2.55223081     2    121.78154488     1          0.7647
C        4      4.71008239     3     87.77009314     2         -0.9043
H        5      4.03167337     4    115.76043442     3          1.4161
H        6      4.70177197     5     93.16324041     4         -1.3617
H        7      8.03501141     6     92.13674410     5          1.3593
H        8      8.26208375     7     59.45922762     6         -0.9075
N        9     10.12090055     8     29.54784734     7         -1.2363
O       10      2.27054273     9    117.62570713     8          3.4117
O       11      4.08505931    10     25.94673968     9       -179.8845
C       12      8.89838350    11     61.61708917    10          2.4956
H       13      2.08516177    12    106.43535210    11         85.7439
Br      14      4.58146054    13     50.21521917    12       -147.7459

----------------------------------------------------------------------

             Converted back to Cartesian

C        0.000000      0.000000      0.000000
C        0.000000      0.000000      2.646729
C        0.000000      0.097905     -0.000006
C       -0.000022     -0.090968      2.545227
C        0.000083      0.383038     -2.140944
H       -0.000140     -0.163859      1.853464
H        0.000300      0.605861     -2.784875
H       -0.000850     -0.931464      5.101698
H        0.000637      0.795920     -2.977792
N       -0.001336     -1.409089      6.899989
O       -0.000843     -0.835346      4.703131
O        0.000019     -1.898760      8.647350
C       -0.011031      0.578248      0.100681
H       -0.006496     -0.066780      2.083563
Br      -0.015321      1.416923     -2.250988

----------------------------------------------------------------------
                       Geometry in bohr 

1     C      -1.7307622960    3.8443708763    1.3918376246
2     C       0.9127736153    3.7154368257    1.4082197195
3     C       2.1818803427    1.4001688635    1.1991924827
4     C       0.9223527066   -0.8049206071    0.9441382517
5     C      -3.0804646966    1.6660747752    1.1818583033
6     H      -2.6559327528    5.6595742379    1.5369989374
7     H       2.0390041153    5.4161369301    1.6074669501
8     H       1.9382863292   -2.5691566515    0.7207028118
9     H      -5.1243132740    1.6956653139    1.1600299194
10    N       4.9908396867    1.3770840697    1.2817445642
11    O       5.9854193597   -0.6311050420    0.9165705802
12    O       5.9827654287    3.3809147485    1.6855957742
13    C      -1.8409382018   -0.8138025641    1.0730298127
14    H      -2.2411191493   -1.5951187526    2.9644049329
15    Br     -3.3510703786   -3.2189852614   -1.1733295286

 Number of nodes, processes per node used for SCF calculation: 1, 4

Common Options
{
  maxiter       = 100
  basis         = 6-311g* spherical
  geom_units    = angstrom
  ang2au factor = 1.889726126
  debug         = false
  file_prefix   = meta_th27_ph342_qed_ccsd_input
}

SCF Options
{
  charge            = 1
  multiplicity      = 1
  level shift       = 0
  tol_int           = 1e-22
  tol_sch           = 1e-12
  tol_lindep        = 1e-10
  conve             = 1e-07
  convd             = 1e-05
  diis_hist         = 10
  AO_tilesize       = 30
  writem            = 10
  damp              = 100
  n_lindep          = 0
  scf_type          = restricted
  cuscf             = false
  qed_omegas        = [0.06615,]
  qed_lambdas       = [0.1,]
  qed_polvecs       = [[0.4317706231,-0.1402907797,0.8910065242,],]
  direct_df         = false
  restart_size      = 2000
  restart           = false
  debug             = false
}

Number of basis functions = 221

Total number of shells = 105

Total number of electrons = 98
  # of alpha electrons    = 49
  # of beta electons      = 49

Nuclear repulsion energy  = 732.485025503112

# of {all,non-negligible} shell-pairs = {5565,4871}
Number of AO tiles = 105

Time for initial setup: 0.03 secs
HF exch = 1.00

Time for computing 1-e integrals T, V, S: 0.01 secs
Time for computing orthogonalizer: 0.01 secs

Superposition of Atomic Density Guess ...
Time taken for SAD: 0.65 secs
Total Time to compute initial guess: 0.65 secs


 SCF iterations
-----------------------------------------------------------------------------
 Iter     Energy            E-Diff       RMSD        |[F,P]|^2       Time(s)
-----------------------------------------------------------------------------
   1  -3011.7126980196    -3.01e+03     1.70e-02     1.51e+03         0.6 
   2  -3005.8180662053     5.89e+00     6.84e-03     7.86e+00         2.1 
   3  -3006.0263209276    -2.08e-01     2.66e-03     3.33e+00         2.1 
   4  -3006.1220915843    -9.58e-02     1.18e-03     9.16e-02         2.1 
   5  -3006.1282469817    -6.16e-03     2.62e-04     7.11e-03         2.1 
   6  -3006.1287686382    -5.22e-04     1.87e-04     1.45e-03         2.1 
   7  -3006.1289282698    -1.60e-04     7.14e-05     2.25e-04         2.1 
   8  -3006.1289532636    -2.50e-05     2.26e-05     3.41e-05         2.1 
   9  -3006.1289566987    -3.44e-06     1.02e-05     4.70e-06         2.1 
  10  -3006.1289572413    -5.43e-07     3.88e-06     6.03e-07         2.1 
  11  -3006.1289573086    -6.73e-08     1.61e-06     1.38e-07         2.1 

** Total SCF energy = -3006.1289573085551

Nuclear repulsion energy = 732.485025503112411
#electrons        = 98
1e energy kinetic = 3006.1912290361597115
1e energy N-e     = -8618.3472024936545495
1e energy         = -5609.6335828531728112
2e energy         = 1873.3621432430868481
QED energy        = 0.1798474027397892
QED eT energy     = 0.1552620352379815
QED eT energy from matrix = 0.1552620352379860

 Polarizability Matrix (QED energy = 0.5 * lambda.dot(matrix * lambda))
[40.84834054,  1.66183489,  0.41056574]
[ 1.66183489, 45.02209495,  2.21360446]
[ 0.41056574,  2.21360446, 35.15213398]

 Polarizability Matrix (QED eT energy = 0.5 * lambda.dot(matrix * lambda))
[37.16531119,  1.93315977,  0.63464254]
[ 1.93315977, 42.12892711,  2.83888475]
[ 0.63464254,  2.83888475, 29.91623852]


                      Electron        Nuclear        Total  
                  ------------------------------------------
    Monopole         -98.000000     99.000000      1.000000

      Dipole   X       6.390472     -8.461133     -2.070661
      Dipole   Y      19.701126    -18.375348      1.325778
      Dipole   Z     -38.546983     39.902270      1.355287

  Quadrupole  XX   -1370.965335   1320.507476    -50.457859
  Quadrupole  XY    -517.385802    515.669334     -1.716468
  Quadrupole  XZ    -277.965829    275.451122     -2.514707
  Quadrupole  YY    -789.450140    751.737081    -37.713059
  Quadrupole  YZ    -271.266419    273.890171      2.623752
  Quadrupole  ZZ    -204.083984    157.522051    -46.561933

    Octupole XXX   -2788.848505   2660.559382   -128.289123
    Octupole XXY     -68.149181     53.331214    -14.817967
    Octupole XXZ    -769.724764    733.497686    -36.227078
    Octupole XYY     691.362243   -723.045648    -31.683405
    Octupole XYZ     169.451531   -180.567101    -11.115569
    Octupole XZZ     -36.394179     21.519042    -14.875137
    Octupole YYY    -161.162015    168.534285      7.372270
    Octupole YYZ    -164.023862    142.351948    -21.671914
    Octupole YZZ     -68.624905     52.641613    -15.983292
    Octupole ZZZ    -189.646611    104.095280    -85.551331

writing orbitals and density to disk ... done.

Total Time taken for Hartree-Fock: 23.26 secs

CD Options
{
  debug             = false
  skip_cd           = [false, 100]
  write_cv          = [false, 5000]
  diagtol           = 1e-06
  itilesize         = 1000
  max_cvecs_factor  = 12
}

- #occupied, #virtual = 98, 344

- Tilesize for the MSO space: 40

-----------------------------------------------------
Begin 2-index transformation ... 

nAO, nMO, nelectrons = 221, 442, 98
n_occ_alpha, n_vir_alpha, n_occ_beta, n_vir_beta = 49,172,49,172

Time taken for Fao->Fmo transform: 0.00 secs

-----------------------------------------------------
Number of AO tiles = 105
# of {all,non-negligible} shell-pairs = {5565,4871}

    Begin Cholesky Decomposition
---------------------------------------------
Total # of mpi ranks used for Cholesky decomposition: 4
  --> Number of nodes, mpi ranks per node: 1, 4
- CPU memory required for computing cholesky vectors: 1.93 GiB

- Time for computing the diagonal: 0.01 secs

- Total number of cholesky vectors = 1643

- Time to compute cholesky vectors: 18.41 secs

- CPU memory required for resizing the ao cholesky tensor: 1.56 GiB
- CPU memory required for ao2mo transformation: 1.70 GiB
- CPU memory required for the 2-step contraction: 2.11 GiB

- Time for ao to mo transform: 1.53 secs

   End Cholesky Decomposition
---------------------------------------------

Total Time taken for Cholesky Decomposition: 22.02 secs

scf_type = restricted
Closed-Shell SCF
QED-HF Enabled
nbf = 203
nbf_orig = 221
n_lindep = 0
focc = 1
nmo = 406
nocc = 62
nvir = 344
n_occ_alpha = 31
n_vir_alpha = 172
n_occ_beta = 31
n_vir_beta = 172
nelectrons = 98
nelectrons_alpha = 49
nelectrons_beta = 49
freeze atomic = true
n_frozen_core = 18
n_frozen_virtual = 0
----------------------------
--------- QED-CCSD --------
lambda_x: 0.0432
lambda_y: -0.0140
lambda_z: 0.0891
omega: 0.066150
coupling_factor_x: 0.007852
coupling_factor_y: -0.002551
coupling_factor_z: 0.016204
----------------------------
# of {all,non-negligible} shell-pairs = {5565,4871}
Number of AO tiles = 105
----------------------------
Electronic dipole expectation value using SCF density: 
dipole_x_elec: 6.39051912
dipole_y_elec: 19.70136913
dipole_z_elec: -38.54688320

d_n/N value: d_n is nuclear dipole moment and N is the total number of electrons 
d_nuc_x: -0.08633809
d_nuc_y: -0.18750355
d_nuc_z: 0.40716602

<d_e+d_n> expectation values: 
dipole_total_x: -2.07061393
dipole_total_y: 1.32602122
dipole_total_z: 1.35538680
----------------------------


 CCSD iterations
------------------------------------------------------------
  Iter     Residuum          Correlation          Time(s)
------------------------------------------------------------
   1     1.1851125810926    0.0000000000000         85.52
   2     0.1619553088902   -1.6501098229363         84.37
   3     0.0616558976532   -1.6249814052518         84.57
   4     0.0181481954479   -1.6855530389045         84.59
   5     0.0136938576929   -1.6822846928263         84.43
 MICROCYCLE DIIS UPDATE:                    6
   6     0.0067992420003   -1.6903282443951         83.23
   7     0.0042713597380   -1.6903175263775         83.20
   8     0.0027069267892   -1.6913079816090         83.03
   9     0.0018499627791   -1.6915120043400         83.29
  10     0.0015135287118   -1.6917534048238         83.01
 MICROCYCLE DIIS UPDATE:                   11
  11     0.0003826034236   -1.6921319836240         83.72
  12     0.0002819047659   -1.6921656826910         83.76
  13     0.0002068662098   -1.6921876783631         83.94
  14     0.0002002731762   -1.6921739921909         83.47
  15     0.0001885015159   -1.6921826486158         83.87
 MICROCYCLE DIIS UPDATE:                   16
  16     0.0000507404810   -1.6921718161202         83.91
  17     0.0000318048599   -1.6921815258396         83.78
  18     0.0000258394304   -1.6921851056231         84.38
  19     0.0000202829494   -1.6921865002248         83.80
  20     0.0000197462590   -1.6921872447334         84.24
 MICROCYCLE DIIS UPDATE:                   21
  21     0.0000070866843   -1.6921893869710         83.87
  22     0.0000050926915   -1.6921892853880         84.77
  23     0.0000036739499   -1.6921891592253         84.09
  24     0.0000036196943   -1.6921888296235         83.57
  25     0.0000032978383   -1.6921888372947         83.60
 MICROCYCLE DIIS UPDATE:                   26
  26     0.0000011077062   -1.6921883444639         83.85
  27     0.0000006823483   -1.6921886148216         83.72
------------------------------------------------------------------
 Iterations converged
 CCSD correlation energy / hartree =        -1.692188614821555
 CCSD total energy / hartree       =     -3007.821145923376662

Time taken for spin-orbital canonical QED-CCSD: 2321.20 secs
