
ExaChem Git Information
{
 Branch: qedgrad
 Commit Hash: 9026f44 [9026f44116d5480455486ce7ea5dde64bcef9cf4]
 Commit Date: 2026-07-23 13:25:44 -0700
 Commit Message: QED gradients
}


TAMM Git Information
{
 Branch: main
 Commit Hash: e71357a [e71357ad54f38748b4a7e175aa6760820d5ce96f]
 Commit Date: 2026-02-02 23:14:56 -0800
 Commit Message: add GitHub Actions workflow for releases
}


date: Thu Jul 23 17:32:22 2026
program: "/ravenfs/scratch/meji656/codes/release_gpu/bin/ExaChem"
nnodes: 3, nproc_per_node: 1, nproc_total: 3, ngpus_per_node: 1, ngpus_total: 3

Memory information
{
[AMD EPYC 9124 16-Core Processor                ] : 
  CPU memory per node (GiB): 1007
  Total CPU memory (GiB): 3021
[NVIDIA H100 NVL, CUDA v12.9] : 
  GPU memory per device (GiB): 93
  GPU memory per node (GiB): 93
  Total GPU memory (GiB): 279
}

------------------------------------------------------------

Input file provided: /ravenfs/scratch/meji656/runs/MAPOL/NITROBENZENE/CCSDSCANS/qed_ccsd_scans/relaxed_dir_65_78/para_lam0.04.json

{
  "geometry": {
    "coordinates": [
      "C   -0.498526420500   1.233921190500   0.787606611800",
      "C    0.862163354400   1.253637806000   0.781130312400",
      "C    1.524474172300   0.020971665600   0.720599423100",
      "H   -1.069255587000   2.154938682800   0.844053531300",
      "H    1.432841659400   2.172988882900   0.809407928800",
      "N    3.005588268300   0.049170420100   0.720667032300",
      "O    3.538409489600  -0.751908964300   1.442232064600",
      "O    3.506575607400   0.870298123900  -0.000801762000",
      "C   -0.453737419300  -1.262248836000   0.629273263800",
      "H   -0.990876643500  -2.202261408200   0.564823756000",
      "C    0.905794319700  -1.235989190500   0.659153555000",
      "H    1.509595218600  -2.134618200300   0.639949459700",
      "C   -1.250381300500  -0.025639221600   0.675278820700",
      "H   -2.042948543400  -0.091849571100   1.429038861000",
      "Br  -2.213796925800   0.096109098300  -1.036973240600"
    ],
    "units": "angstrom",
    "noorient": true
  },
  "common": {
    "maxiter": 100,
    "debug": false
  },
  "basis": {
    "basisset": "6-311G*"
  },
  "SCF": {
    "charge": 1,
    "multiplicity": 1,
    "lshift": 0,
    "tol_lindep": 1e-10,
    "conve": 1e-07,
    "convd": 1e-05,
    "diis_hist": 10,
    "writem": 10,
    "restart": false,
    "noscf": false,
    "scf_type": "restricted",
    "debug": false,
    "qed_omegas": [
      0.06615
    ],
    "qed_volumes": [],
    "qed_lambdas": [
      0.04
    ],
    "qed_polvecs": [
      [
        0.18843198440409173,
        0.8865027874162641,
        0.42261826174069944
      ]
    ],
    "direct_df": false
  },
  "CD": {
    "debug": false,
    "diagtol": 1e-06
  },
  "CC": {
    "threshold": 1e-06,
    "ndiis": 5,
    "ccsd_maxiter": 200,
    "tilesize": 40,
    "freeze": {
      "atomic": true
    },
    "readt": false,
    "writet": true,
    "writet_iter": 5,
    "debug": false,
    "profile_ccsd": false,
    "balance_tiles": true
  },
  "TASK": {
    "scf": false,
    "ccsd": true
  }
}

Output folder & files prefix: para_lam0.04.6-311g*

  C (carbon)
  ----------
          Exponent        Coefficients
      ----------------  --------------------
  1 S  4.56324000E+03      0.778202
  1 S  6.82024000E+02      1.448695
  1 S  1.54973000E+02      2.383089
  1 S  4.44553000E+01      3.200089
  1 S  1.30290000E+01      3.013004
  1 S  1.82773000E+00      0.247599

  2 S  2.09642000E+01      0.800629
  2 S  4.80331000E+00      2.127420
  2 S  1.45933000E+00     -0.002868

  3 P  2.09642000E+01      2.573592
  3 P  4.80331000E+00      2.408248
  3 P  1.45933000E+00      1.865281

  4 S  4.83456000E-01      0.413217

  5 P  4.83456000E-01      0.574627

  6 S  1.45585000E-01      0.167976

  7 P  1.45585000E-01      0.128185

  8 D  6.26000000E-01      0.725128


  H (hydrogen)
  ------------
          Exponent        Coefficients
      ----------------  --------------------
  1 S  3.38650000E+01      0.255069
  1 S  5.09479000E+00      0.460109
  1 S  1.15879000E+00      0.678321

  2 S  3.25840000E-01      0.307371

  3 S  1.02741000E-01      0.129336


  N (nitrogen)
  ------------
          Exponent        Coefficients
      ----------------  --------------------
  1 S  6.29348000E+03      0.991968
  1 S  9.49044000E+02      1.823240
  1 S  2.18776000E+02      2.979891
  1 S  6.36916000E+01      4.000007
  1 S  1.88282000E+01      3.881008
  1 S  2.72023000E+00      0.386764

  2 S  3.06331000E+01      1.038501
  2 S  7.02614000E+00      2.834794
  2 S  2.11205000E+00     -0.003208

  3 P  3.06331000E+01      3.935616
  3 P  7.02614000E+00      3.870994
  3 P  2.11205000E+00      2.967271

  4 S  6.84009000E-01      0.536051

  5 P  6.84009000E-01      0.886681

  6 S  2.00878000E-01      0.213850

  7 P  2.00878000E-01      0.191693

  8 D  9.13000000E-01      1.403568


  O (oxygen)
  ----------
          Exponent        Coefficients
      ----------------  --------------------
  1 S  8.58850000E+03      1.205013
  1 S  1.29723000E+03      2.216205
  1 S  2.99296000E+02      3.627452
  1 S  8.73771000E+01      4.888452
  1 S  2.56789000E+01      4.835721
  1 S  3.74004000E+00      0.538229

  2 S  4.21175000E+01      1.341958
  2 S  9.62837000E+00      3.587114
  2 S  2.85332000E+00     -0.005123

  3 P  4.21175000E+01      5.584018
  3 P  9.62837000E+00      5.733366
  3 P  2.85332000E+00      4.332955

  4 S  9.05661000E-01      0.661659

  5 P  9.05661000E-01      1.259352

  6 S  2.55611000E-01      0.256209

  7 P  2.55611000E-01      0.259068

  8 D  1.29200000E+00      2.577026


  Br (bromine)
  ------------
          Exponent        Coefficients
      ----------------  --------------------
  1 S  4.39700000E+05      9.893706
  1 S  6.60300000E+04     18.450679
  1 S  1.51400000E+04     31.049770
  1 S  4.31700000E+03     48.888138
  1 S  1.41400000E+03     64.847798
  1 S  5.23900000E+02     42.245010

  2 S  5.23900000E+02     14.290679
  2 S  2.07700000E+02     24.083128
  2 S  8.65400000E+01      5.132542

  3 S  3.05200000E+01      9.254405

  4 S  1.29800000E+01      4.873782

  5 S  4.41200000E+00      2.169635

  6 S  1.86200000E+00      1.136043

  7 S  3.93200000E-01      0.353892

  8 S  1.40000000E-01      0.163120

  9 P  2.95700000E+03    691.874478
  9 P  7.00300000E+02    925.332763
  9 P  2.24600000E+02   1068.830732

  10 P  8.25900000E+01    122.079275
  10 P  3.31900000E+01     57.580687
  10 P  1.42000000E+01     10.176170

  11 P  1.42000000E+01      3.129736
  11 P  7.43800000E+00      6.538168
  11 P  3.52600000E+00      4.166276

  12 P  1.59500000E+00      2.555000

  13 P  8.46200000E-01      1.156861

  14 P  3.18600000E-01      0.341191

  15 P  1.09600000E-01      0.089888

  16 D  1.34800000E+02    160.709187
  16 D  3.63900000E+01    119.797406
  16 D  1.21600000E+01     55.531619
  16 D  4.34100000E+00     12.984636

  17 D  1.53500000E+00      3.484168

  18 D  4.51000000E-01      0.408525



Printing Internal Coordinates

------------------------------------------------------------
                Bond Lengths

i      j        Length (Angstroms)     Length (Bohr)
0      1          1.3608480264         2.5716300688
0      3          1.0849844503         2.0503234619
0      12         1.4711885416         2.7801434232
1      2          1.4006375055         2.6468212870
1      4          1.0824415707         2.0455181159
2      5          1.4813825096         2.7994072308
2      10         1.4023162798         2.6499937107
5      6          1.2026149549         2.2726128997
5      7          1.2023960417         2.2721992136
8      9          1.0845717685         2.0495436064
8      10         1.3601135799         2.5702421661
8      12         1.4717205316         2.7811487386
10     11         1.0828104266         2.0462151526
12     13         1.0957649580         2.0706956690
12     14         1.9684510260         3.7198333315

Number of Bonds: 15

------------------------------------------------------------
           Bond Angles

i      j      k      Angle (degrees)
0      1      2        117.4041 
0      1      4        122.6383 
0      12     8        116.4318 
0      12     13       111.6450 
0      12     14       105.2829 
1      0      3        120.9248 
1      0      12       121.5360 
1      2      5        117.1308 
1      2      10       125.6002 
2      1      4        119.9539 
2      5      6        115.4878 
2      5      7        115.4393 
2      10     8        117.3396 
2      10     11       119.9103 
3      0      12       117.5106 
5      2      10       117.2690 
6      5      7        129.0729 
8      10     11       122.7499 
8      12     13       111.2388 
8      12     14       106.8404 
9      8      10       120.8693 
9      8      12       117.5181 
10     8      12       121.6117 
13     12     14       104.3644 

Number of Angles: 24

------------------------------------------------------------
              Torsional Angles

i      j      k      l      Angle (degrees)
3      0      1      2        179.3354 
4      1      0      3         -1.3608 
8      10     2      1          1.3683 
8      12     0      1          3.1897 
8      12     0      3       -178.7392 
9      8      10     2        178.9598 
9      8      12     0        178.9085 
10     2      1      0          0.3387 
10     2      1      4       -178.9847 
10     8      12     0         -1.4177 
11     10     2      1       -178.4786 
11     10     8      9         -1.1979 
12     0      1      2         -2.6589 
12     0      1      4        176.6449 
12     8      10     2         -0.7032 
12     8      10     11       179.1390 
13     12     0      1        132.4246 
13     12     0      3        -49.5043 
13     12     8      9         49.4788 
13     12     8      10      -130.8473 
14     12     0      1       -114.9237 
14     12     0      3         63.1474 
14     12     8      9        -63.8328 
14     12     8      10       115.8411 

Number of Torsional Angles: 24


----------------------------------------------------------------------
                          Center of Mass

         x               y               z              Unit
  -0.05045526937   0.04916081363   0.02775655773      Angstrom
  -0.09534664071   0.09290047389   0.05245229231          Bohr

----------------------------------------------------------------------
                Moment of Inertia Tensor

           1006.64           30.0758          -1083.96
           30.0758           4153.46           72.0645
          -1083.96           72.0645           3967.89

----------------------------------------------------------------------
                      Principal Moments of Inertia

           x                 y                 z                Unit
       182.4452041       1158.052119       1215.602743       amu * ang^2
       651.5236521       4135.479196       4340.996204      amu * bohr^2
  3.0295759577e-38  1.9229920978e-37  2.0185572219e-37          g * cm^2

 - Molecule is an asymmetric top.

----------------------------------------------------------------------

         Rotational constants (MHz)

    A = 2.7700e+03        B = 4.3640e+02        C = 4.1574e+02

----------------------------------------------------------------------

        Rotational constants (cm-1)

    A = 9.2398e-02        B = 1.4557e-02        C = 1.3868e-02

----------------------------------------------------------------------

                                Z-Matrix
C   
C        1       2.5716301
C        2       2.6468213     1       117.40412
H        3      6.35141708     2     22.29037187     1         -0.4852
H        4      4.72885481     3     39.86626636     2          0.1119
N        5      4.99689174     4    126.11305680     3         -0.5323
O        6      2.27261290     5    141.11409742     4        -86.7348
O        7      4.10332429     6     25.46107093     5       -115.5348
C        8      8.58294184     7     64.52066568     6        -12.6060
H        9      2.04954361     8    146.15427295     7        -61.0375
C       10      4.02646534     9     33.22375151     8         19.2028
H       11      2.04621515    10     96.84759824     9        178.9853
C       12      6.56431966    11     18.72094654    10         -1.4950
H       13      2.07069567    12    123.02470028    11       -124.0776
Br      14      4.68474248    13     50.28282755    12       -132.8888

----------------------------------------------------------------------

             Converted back to Cartesian

C        0.000000      0.000000      0.000000
C        0.000000      0.000000      2.571630
C        0.000000      0.094639     -0.073499
H        0.000006     -0.175554      6.272169
H       -0.000009      0.082973      1.550386
N        0.000073     -0.381633      6.525632
O        0.002582     -0.073319      4.274031
O       -0.001657     -0.661509      8.334977
C        0.006313      0.735508     -0.133504
H        0.006594      0.312265      1.871863
C        0.004829      1.183565     -2.059200
H        0.004233      0.682061     -0.075394
C        0.007090      2.327156     -6.430230
H        0.007167      1.733479     -4.446464
Br       0.008992      3.145170     -8.913447

----------------------------------------------------------------------
                            Geometry in angstrom

1     C      -0.4985264205    1.2339211905    0.7876066118
2     C       0.8621633544    1.2536378060    0.7811303124
3     C       1.5244741723    0.0209716656    0.7205994231
4     H      -1.0692555870    2.1549386828    0.8440535313
5     H       1.4328416594    2.1729888829    0.8094079288
6     N       3.0055882683    0.0491704201    0.7206670323
7     O       3.5384094896   -0.7519089643    1.4422320646
8     O       3.5065756074    0.8702981239   -0.0008017620
9     C      -0.4537374193   -1.2622488360    0.6292732638
10    H      -0.9908766435   -2.2022614082    0.5648237560
11    C       0.9057943197   -1.2359891905    0.6591535550
12    H       1.5095952186   -2.1346182003    0.6399494597
13    C      -1.2503813005   -0.0256392216    0.6752788207
14    H      -2.0429485434   -0.0918495711    1.4290388610
15    Br     -2.2137969258    0.0961090983   -1.0369732406

 Number of nodes, processes per node used for SCF calculation: 3, 1

Common Options
{
  maxiter       = 100
  basis         = 6-311g* spherical
  geom_units    = angstrom
  ang2au factor = 1.889726126
  debug         = false
  file_prefix   = para_lam0.04
}

SCF Options
{
  charge            = 1
  multiplicity      = 1
  level shift       = 0
  tol_int           = 1e-22
  tol_sch           = 1e-12
  tol_lindep        = 1e-10
  conve             = 1e-07
  convd             = 1e-05
  diis_hist         = 10
  AO_tilesize       = 30
  writem            = 10
  damp              = 100
  n_lindep          = 0
  scf_type          = restricted
  cuscf             = false
  qed_omegas        = [0.06615,]
  qed_lambdas       = [0.04,]
  qed_polvecs       = [[0.1884319844,0.8865027874,0.4226182617,],]
  direct_df         = false
  restart_size      = 2000
  restart           = false
  debug             = false
}

Number of basis functions = 221

Total number of shells = 105

Total number of electrons = 98
  # of alpha electrons    = 49
  # of beta electons      = 49

Nuclear repulsion energy  = 735.200007640809

Maximum angular momentum = 2
# of {all,non-negligible} shell-pairs = {5565,4890}
Number of AO tiles = 105

Time for initial setup: 0.01 secs
HF exch = 1.00

Time for computing 1-e integrals T, V, S: 0.04 secs
Time for computing orthogonalizer: 0.03 secs

Superposition of Atomic Density Guess ...
Time taken for SAD: 0.30 secs
Total Time to compute initial guess: 0.30 secs


 SCF iterations
-----------------------------------------------------------------------------
 Iter     Energy            E-Diff       RMSD        |[F,P]|^2       Time(s)
-----------------------------------------------------------------------------
   1  -3011.7525033980    -3.01e+03     1.66e-02     1.53e+02         0.7 
   2  -3005.9897747055     5.76e+00     6.97e-03     2.32e+00         2.2 
   3  -3006.1518100487    -1.62e-01     2.81e-03     1.35e+00         2.2 
   4  -3006.2657597073    -1.14e-01     1.03e-03     2.71e-02         2.2 
   5  -3006.2705363898    -4.78e-03     2.19e-04     3.43e-03         2.2 
   6  -3006.2710507797    -5.14e-04     1.08e-04     2.89e-04         2.2 
   7  -3006.2711353518    -8.46e-05     4.64e-05     4.23e-05         2.3 
   8  -3006.2711512524    -1.59e-05     1.57e-05     7.37e-06         2.3 
   9  -3006.2711537256    -2.47e-06     6.72e-06     1.16e-06         2.3 
  10  -3006.2711541764    -4.51e-07     2.71e-06     2.93e-07         2.3 
  11  -3006.2711542603    -8.39e-08     1.51e-06     5.09e-08         2.3 

** Total SCF energy = -3006.2711542602892

Nuclear repulsion energy = 735.200007640808849
#electrons        = 98
1e energy kinetic = 3005.8921393130694923
1e energy N-e     = -8622.6142665276765911
1e energy         = -5616.4114283060525850
2e energy         = 1875.2191369651047808
QED energy        = 0.0318283484041869
QED eT energy     = 0.0285514386944372


                      Electron        Nuclear        Total  
                  ------------------------------------------
    Monopole         -98.000000     99.000000      1.000000

      Dipole   X     -11.307425     10.004555     -1.302869
      Dipole   Y      -8.452994      8.432418     -0.020575
      Dipole   Z     -17.701568     19.062752      1.361184

  Quadrupole  XX   -1761.215468   1711.834012    -49.381457
  Quadrupole  XY      11.999956    -12.243285     -0.243329
  Quadrupole  XZ    -497.795077    496.865200     -0.929877
  Quadrupole  YY    -279.394335    239.262700    -40.131634
  Quadrupole  YZ      34.342626    -32.301240      2.041386
  Quadrupole  ZZ    -334.308584    286.640032    -47.668552

    Octupole XXX   -3676.967333   3521.715734   -155.251599
    Octupole XXY    -201.417838    197.361409     -4.056429
    Octupole XXZ    -354.061998    322.192926    -31.869072
    Octupole XYY    -353.277050    323.801766    -29.475284
    Octupole XYZ     159.839534   -148.961140     10.878394
    Octupole XZZ      42.540703    -89.696353    -47.155651
    Octupole YYY     -20.950997      9.864695    -11.086301
    Octupole YYZ    -320.975482    311.955263     -9.020219
    Octupole YZZ      33.916811    -30.808190      3.108621
    Octupole ZZZ    -115.925679     34.963538    -80.962141


writing orbitals and density to disk ... done.

Total Time taken for Hartree-Fock: 23.95 secs

CD Options
{
  debug             = false
  skip_cd           = [false, 100]
  write_cv          = [false, 5000]
  diagtol           = 1e-06
  itilesize         = 1000
  max_cvecs_factor  = 12
}

- #occupied, #virtual = 98, 344

- Tilesize for the MSO space: 40

Number of cholesky vectors to be read from disk = 1636

Total Time taken for Cholesky Decomposition: 2.13 secs

scf_type = restricted
Closed-Shell SCF
QED-HF Enabled
nbf = 203
nbf_orig = 221
n_lindep = 0
focc = 1
nmo = 406
nocc = 62
nvir = 344
n_occ_alpha = 31
n_vir_alpha = 172
n_occ_beta = 31
n_vir_beta = 172
nelectrons = 98
nelectrons_alpha = 49
nelectrons_beta = 49
freeze atomic = true
n_frozen_core = 18
n_frozen_virtual = 0
----------------------------
--------- QED-CCSD --------
lambda_x: 0.0075
lambda_y: 0.0355
lambda_z: 0.0169
omega: 0.066150
coupling_factor_x: 0.001371
coupling_factor_y: 0.006449
coupling_factor_z: 0.003074
----------------------------
# of {all,non-negligible} shell-pairs = {5565,4890}
Number of AO tiles = 105
----------------------------
Electronic dipole expectation value using SCF density: 
dipole_x_elec: -11.30724040
dipole_y_elec: -8.45283566
dipole_z_elec: -17.70157740

d_n/N value: d_n is nuclear dipole moment and N is the total number of electrons 
d_nuc_x: 0.10208730
d_nuc_y: 0.08604508
d_nuc_z: 0.19451787

<d_e+d_n> expectation values: 
dipole_total_x: -1.30268524
dipole_total_y: -0.02041749
dipole_total_z: 1.36117414
----------------------------


 CCSD iterations
------------------------------------------------------------
  Iter     Residuum          Correlation          Time(s)
------------------------------------------------------------
   1     0.0000004419748   -1.6608030551470         82.88
------------------------------------------------------------------
 Iterations converged
 CCSD correlation energy / hartree =        -1.660803055147007
 CCSD total energy / hartree       =     -3007.931957315436193

Time taken for spin-orbital canonical QED-CCSD: 91.08 secs
