
ExaChem Git Information
{
 WARNING: Failed to retrieve the current git state.
}


TAMM Git Information
{
 Branch: main
 Commit Hash: e71357ad [e71357ad54f38748b4a7e175aa6760820d5ce96f]
 Commit Date: 2026-02-02 23:14:56 -0800
 Commit Message: add GitHub Actions workflow for releases
}


date: Mon Aug 10 10:36:50 2026
program: "/global/cfs/cdirs/m3196/heindelj/cavity_qed/software/install_gpu/bin/bin/ExaChem"
nnodes: 1, nproc_per_node: 4, nproc_total: 4, ngpus_per_node: 1, ngpus_total: 1

Memory information
{
[AMD EPYC 7763 64-Core Processor                ] : 
  CPU memory per node (GiB): 251
  Total CPU memory (GiB): 251
[NVIDIA A100-SXM4-80GB, CUDA v12.9] : 
  GPU memory per device (GiB): 79
  GPU memory per node (GiB): 79
  Total GPU memory (GiB): 79
}

------------------------------------------------------------

Input file provided: /global/cfs/cdirs/m4262/heindelj/cavity_qed/mlip/lambda_scans/grid_scans_optimized_geoms/runs_grid_no_freq/para_th45_ph0/para_th45_ph0_qed_ccsd_input.json

{
  "geometry": {
    "coordinates": [
      "C    -0.504280919400    1.246079163300    0.747213803500",
      "C     0.851909413900    1.258091746000    0.717316980200",
      "C     1.500192987800    0.024609336600    0.702010323600",
      "H    -1.062708587700    2.173036841400    0.749854808800",
      "H     1.424796511400    2.173063165800    0.718684377300",
      "N     3.000604315900    0.045957931200    0.696229069300",
      "O     3.536104252400   -1.028811686700    0.688295219500",
      "O     3.506423861700    1.134857672900    0.682495273500",
      "C    -0.468391007100   -1.254256655500    0.757239609000",
      "H    -0.999735242600   -2.197111482800    0.766828084000",
      "C     0.887661924400   -1.226715240600    0.727242467400",
      "H     1.486561443100   -2.124713240000    0.735860335700",
      "C    -1.261725254000   -0.015641976100    0.672447002500",
      "H    -2.081091418600   -0.024491767900    1.395239250000",
      "Br   -2.050403045900   -0.036433329900   -1.091517004700"
    ],
    "units": "angstrom",
    "noorient": true
  },
  "common": {
    "maxiter": 100,
    "debug": false
  },
  "basis": {
    "basisset": "6-311G*"
  },
  "SCF": {
    "charge": 1,
    "multiplicity": 1,
    "lshift": 0,
    "tol_lindep": 1e-10,
    "conve": 1e-07,
    "convd": 1e-05,
    "diis_hist": 10,
    "writem": 10,
    "restart": false,
    "noscf": false,
    "scf_type": "restricted",
    "debug": false,
    "qed_omegas": [
      0.06615
    ],
    "qed_volumes": [],
    "qed_lambdas": [
      0.1
    ],
    "qed_polvecs": [
      [
        0.7071067811865475,
        0.0,
        0.7071067811865476
      ]
    ],
    "direct_df": false
  },
  "CD": {
    "debug": false,
    "diagtol": 1e-06
  },
  "CC": {
    "threshold": 1e-06,
    "ndiis": 5,
    "ccsd_maxiter": 200,
    "tilesize": 40,
    "freeze": {
      "atomic": true
    },
    "readt": false,
    "writet": true,
    "writet_iter": 5,
    "debug": false,
    "profile_ccsd": false,
    "balance_tiles": true
  },
  "TASK": {
    "scf": false,
    "ccsd": true
  }
}

Output folder & files prefix: para_th45_ph0_qed_ccsd_input.6-311g*

  C (carbon)
  ----------
          Exponent        Coefficients
      ----------------  --------------------
  1 S  4.56324000E+03      0.778202
  1 S  6.82024000E+02      1.448695
  1 S  1.54973000E+02      2.383089
  1 S  4.44553000E+01      3.200089
  1 S  1.30290000E+01      3.013004
  1 S  1.82773000E+00      0.247599

  2 S  2.09642000E+01      0.800629
  2 S  4.80331000E+00      2.127420
  2 S  1.45933000E+00     -0.002868

  3 P  2.09642000E+01      2.573592
  3 P  4.80331000E+00      2.408248
  3 P  1.45933000E+00      1.865281

  4 S  4.83456000E-01      0.413217

  5 P  4.83456000E-01      0.574627

  6 S  1.45585000E-01      0.167976

  7 P  1.45585000E-01      0.128185

  8 D  6.26000000E-01      0.725128


  H (hydrogen)
  ------------
          Exponent        Coefficients
      ----------------  --------------------
  1 S  3.38650000E+01      0.255069
  1 S  5.09479000E+00      0.460109
  1 S  1.15879000E+00      0.678321

  2 S  3.25840000E-01      0.307371

  3 S  1.02741000E-01      0.129336


  N (nitrogen)
  ------------
          Exponent        Coefficients
      ----------------  --------------------
  1 S  6.29348000E+03      0.991968
  1 S  9.49044000E+02      1.823240
  1 S  2.18776000E+02      2.979891
  1 S  6.36916000E+01      4.000007
  1 S  1.88282000E+01      3.881008
  1 S  2.72023000E+00      0.386764

  2 S  3.06331000E+01      1.038501
  2 S  7.02614000E+00      2.834794
  2 S  2.11205000E+00     -0.003208

  3 P  3.06331000E+01      3.935616
  3 P  7.02614000E+00      3.870994
  3 P  2.11205000E+00      2.967271

  4 S  6.84009000E-01      0.536051

  5 P  6.84009000E-01      0.886681

  6 S  2.00878000E-01      0.213850

  7 P  2.00878000E-01      0.191693

  8 D  9.13000000E-01      1.403568


  O (oxygen)
  ----------
          Exponent        Coefficients
      ----------------  --------------------
  1 S  8.58850000E+03      1.205013
  1 S  1.29723000E+03      2.216205
  1 S  2.99296000E+02      3.627452
  1 S  8.73771000E+01      4.888452
  1 S  2.56789000E+01      4.835721
  1 S  3.74004000E+00      0.538229

  2 S  4.21175000E+01      1.341958
  2 S  9.62837000E+00      3.587114
  2 S  2.85332000E+00     -0.005123

  3 P  4.21175000E+01      5.584018
  3 P  9.62837000E+00      5.733366
  3 P  2.85332000E+00      4.332955

  4 S  9.05661000E-01      0.661659

  5 P  9.05661000E-01      1.259352

  6 S  2.55611000E-01      0.256209

  7 P  2.55611000E-01      0.259068

  8 D  1.29200000E+00      2.577026


  Br (bromine)
  ------------
          Exponent        Coefficients
      ----------------  --------------------
  1 S  4.39700000E+05      9.893706
  1 S  6.60300000E+04     18.450679
  1 S  1.51400000E+04     31.049770
  1 S  4.31700000E+03     48.888138
  1 S  1.41400000E+03     64.847798
  1 S  5.23900000E+02     42.245010

  2 S  5.23900000E+02     14.290679
  2 S  2.07700000E+02     24.083128
  2 S  8.65400000E+01      5.132542

  3 S  3.05200000E+01      9.254405

  4 S  1.29800000E+01      4.873782

  5 S  4.41200000E+00      2.169635

  6 S  1.86200000E+00      1.136043

  7 S  3.93200000E-01      0.353892

  8 S  1.40000000E-01      0.163120

  9 P  2.95700000E+03    691.874478
  9 P  7.00300000E+02    925.332763
  9 P  2.24600000E+02   1068.830732

  10 P  8.25900000E+01    122.079275
  10 P  3.31900000E+01     57.580687
  10 P  1.42000000E+01     10.176170

  11 P  1.42000000E+01      3.129736
  11 P  7.43800000E+00      6.538168
  11 P  3.52600000E+00      4.166276

  12 P  1.59500000E+00      2.555000

  13 P  8.46200000E-01      1.156861

  14 P  3.18600000E-01      0.341191

  15 P  1.09600000E-01      0.089888

  16 D  1.34800000E+02    160.709187
  16 D  3.63900000E+01    119.797406
  16 D  1.21600000E+01     55.531619
  16 D  4.34100000E+00     12.984636

  17 D  1.53500000E+00      3.484168

  18 D  4.51000000E-01      0.408525



Printing Internal Coordinates

------------------------------------------------------------
                Bond Lengths

i      j        Length (Angstroms)     Length (Bohr)
0      1          1.3565730140         2.5635514663
0      3          1.0821732637         2.0450110891
0      12         1.4735169589         2.7845434942
1      2          1.3935511258         2.6334299702
1      4          1.0795249860         2.0400065695
2      5          1.5005743363         2.8356745272
2      10         1.3934289226         2.6331990395
5      6          1.2008134158         2.2692084841
5      7          1.2007267289         2.2690446697
8      9          1.0823095032         2.0452685446
8      10         1.3566642588         2.5637238939
8      12         1.4733415549         2.7842120287
10     11         1.0794235999         2.0398149777
12     13         1.0926426056         2.0647952781
12     14         1.9323596866         3.6516305845

Number of Bonds: 15

------------------------------------------------------------
           Bond Angles

i      j      k      Angle (degrees)
0      1      2        117.2243 
0      1      4        122.5484 
0      12     8        116.1128 
0      12     13       111.0292 
0      12     14       105.3867 
1      0      3        120.5538 
1      0      12       121.3562 
1      2      5        116.9107 
1      2      10       126.1693 
2      1      4        120.2220 
2      5      6        115.6702 
2      5      7        115.7319 
2      10     8        117.2593 
2      10     11       120.2206 
3      0      12       117.9252 
5      2      10       116.8967 
6      5      7        128.5899 
8      10     11       122.5148 
8      12     13       111.0331 
8      12     14       105.2635 
9      8      10       120.5703 
9      8      12       117.9385 
10     8      12       121.3240 
13     12     14       107.3201 

Number of Angles: 24

------------------------------------------------------------
              Torsional Angles

i      j      k      l      Angle (degrees)
3      0      1      2       -179.3587 
4      1      0      3          1.4755 
8      10     2      1          0.6477 
9      8      10     2        179.3266 
10     2      1      0         -0.6493 
10     2      1      4        178.5370 
11     10     2      1       -178.5365 
11     10     8      9         -1.5093 

Number of Torsional Angles: 8


----------------------------------------------------------------------
                          Center of Mass

         x               y               z              Unit
  0.008001178442-0.0009169703422  0.003582548732      Angstrom
   0.01512003594 -0.001732822812  0.006770035936          Bohr

----------------------------------------------------------------------
                Moment of Inertia Tensor

           1034.99          -47.2102          -1041.69
          -47.2102            3921.4          -16.3479
          -1041.69          -16.3479           3823.25

----------------------------------------------------------------------
                      Principal Moments of Inertia

           x                 y                 z                Unit
       192.6672629       1098.319059       1167.562429       amu * ang^2
       688.0272866       3922.168566        4169.44113      amu * bohr^2
  3.1993173524e-38  1.8238029504e-37  1.9387843500e-37          g * cm^2

 - Molecule is an asymmetric top.

----------------------------------------------------------------------

         Rotational constants (MHz)

    A = 2.6231e+03        B = 4.6014e+02        C = 4.3285e+02

----------------------------------------------------------------------

        Rotational constants (cm-1)

    A = 8.7496e-02        B = 1.5349e-02        C = 1.4438e-02

----------------------------------------------------------------------

                                Z-Matrix
C   
C        1       2.5635515
C        2         2.63343     1       117.22432
H        3      6.32041901     2     22.30143660     1          0.4709
H        4      4.70107241     3     39.96938824     2         -0.2001
N        5      5.00269120     4    126.53400002     3         -0.3465
O        6      2.26920848     5    169.95243592     4         -0.0397
O        7      4.08914188     6     25.70406238     5        179.5085
C        8      8.76486823     7     59.77898149     6         -0.2128
H        9      2.04526854     8    150.41138428     7         -0.2380
C       10      4.01116526     9     33.38822301     8         -0.1956
H       11      2.03981498    10     96.48073800     9        178.7191
C       12      6.54764404    11     18.80405860    10          3.0377
H       13      2.06479528    12    125.29381944    11       -122.8956
Br      14      4.69970026    13     47.88159489    12       -130.4860

----------------------------------------------------------------------

             Converted back to Cartesian

C        0.000000      0.000000      0.000000
C        0.000000      0.000000      2.563551
C        0.000000      0.094016     -0.068200
H       -0.000006     -0.174533      6.246511
H        0.000010      0.082381      1.552465
N       -0.000026     -0.383304      6.533434
O        0.000003     -0.055438      4.288036
O       -0.001803     -0.677872      8.329528
C        0.010818      0.813563     -0.307508
H        0.002749      0.373732      1.689893
C        0.020805      1.276059     -2.218422
H        0.005100      0.759342     -0.245201
C        0.059552      2.453996     -6.569505
H        0.036843      1.844076     -4.596979
Br       0.096044      3.297241     -9.065982

----------------------------------------------------------------------
                       Geometry in bohr 

1     C      -0.9529528282    2.3547483498    1.4120294461
2     C       1.6098754764    2.3774488412    1.3555326380
3     C       2.8349538829    0.0465049063    1.3266072492
4     H      -2.0082281824    4.1064444918    1.4170202228
5     H       2.6924751917    4.1064942377    1.3581166441
6     N       5.6703203693    0.0868479033    1.3156822619
7     O       6.6822685897   -1.9441723230    1.3006894586
8     O       6.6261807800    2.1445701937    1.2897291491
9     C      -0.8851307233   -2.3702015705    1.4309754727
10    H      -1.8892258069   -4.1519389706    1.4490950644
11    C       1.6774379295   -2.3181558392    1.3742890905
12    H       2.8091939968   -4.0151261197    1.3905745014
13    C      -2.3843151762   -0.0295590509    1.2707406689
14    H      -3.9326928241   -0.0462827337    2.6366200626
15    Br     -3.8747002045   -0.0688490154   -2.0626682007

 Number of nodes, processes per node used for SCF calculation: 1, 4

Common Options
{
  maxiter       = 100
  basis         = 6-311g* spherical
  geom_units    = angstrom
  ang2au factor = 1.889726126
  debug         = false
  file_prefix   = para_th45_ph0_qed_ccsd_input
}

SCF Options
{
  charge            = 1
  multiplicity      = 1
  level shift       = 0
  tol_int           = 1e-22
  tol_sch           = 1e-12
  tol_lindep        = 1e-10
  conve             = 1e-07
  convd             = 1e-05
  diis_hist         = 10
  AO_tilesize       = 30
  writem            = 10
  damp              = 100
  n_lindep          = 0
  scf_type          = restricted
  cuscf             = false
  qed_omegas        = [0.06615,]
  qed_lambdas       = [0.1,]
  qed_polvecs       = [[0.7071067812,0,0.7071067812,],]
  direct_df         = false
  restart_size      = 2000
  restart           = false
  debug             = false
}

Number of basis functions = 221

Total number of shells = 105

Total number of electrons = 98
  # of alpha electrons    = 49
  # of beta electons      = 49

Nuclear repulsion energy  = 743.266923376145

# of {all,non-negligible} shell-pairs = {5565,4913}
Number of AO tiles = 105

Time for initial setup: 0.02 secs
HF exch = 1.00

Time for computing 1-e integrals T, V, S: 0.01 secs
Time for computing orthogonalizer: 0.01 secs

Superposition of Atomic Density Guess ...
Time taken for SAD: 0.81 secs
Total Time to compute initial guess: 0.81 secs


 SCF iterations
-----------------------------------------------------------------------------
 Iter     Energy            E-Diff       RMSD        |[F,P]|^2       Time(s)
-----------------------------------------------------------------------------
   1  -3011.7278798444    -3.01e+03     1.68e-02     1.52e+03         0.6 
   2  -3005.7365131678     5.99e+00     6.58e-03     9.61e+00         2.1 
   3  -3006.0113710411    -2.75e-01     2.22e-03     2.87e+00         2.1 
   4  -3006.0931742316    -8.18e-02     1.19e-03     9.63e-02         2.1 
   5  -3006.0991854472    -6.01e-03     3.08e-04     1.27e-02         2.1 
   6  -3006.0999259969    -7.41e-04     2.35e-04     2.00e-03         2.1 
   7  -3006.1001388061    -2.13e-04     9.92e-05     2.68e-04         2.1 
   8  -3006.1001729735    -3.42e-05     2.31e-05     2.80e-05         2.1 
   9  -3006.1001760111    -3.04e-06     8.00e-06     5.33e-06         2.1 
  10  -3006.1001765361    -5.25e-07     3.80e-06     7.67e-07         2.1 
  11  -3006.1001766287    -9.26e-08     1.49e-06     9.26e-08         2.2 

** Total SCF energy = -3006.1001766287391

Nuclear repulsion energy = 743.266923376144973
#electrons        = 98
1e energy kinetic = 3006.2060007711197613
1e energy N-e     = -8639.5030109243962215
1e energy         = -5625.9667863924414632
2e energy         = 1883.7330783679462911
QED energy        = 0.1968317804451827
QED eT energy     = 0.1766956528172437
QED eT energy from matrix = 0.1766956528172491

 Polarizability Matrix (QED energy = 0.5 * lambda.dot(matrix * lambda))
[41.63049045, -0.00496098,  0.52086627]
[-0.00496098, 43.70399314, -0.00693624]
[ 0.52086627, -0.00693624, 36.06048918]

 Polarizability Matrix (QED eT energy = 0.5 * lambda.dot(matrix * lambda))
[38.06079887, -0.00775233,  0.74787173]
[-0.00775233, 40.46344621, -0.00840225]
[ 0.74787173, -0.00840225, 31.12171880]


                      Electron        Nuclear        Total  
                  ------------------------------------------
    Monopole         -98.000000     99.000000      1.000000

      Dipole   X     -21.017735     19.616064     -1.401671
      Dipole   Y      -0.181306      0.165707     -0.015598
      Dipole   Z     -13.591481     15.012212      1.420730

  Quadrupole  XX   -1672.524636   1622.128363    -50.396274
  Quadrupole  XY     -22.189470     22.062146     -0.127324
  Quadrupole  XZ    -478.325589    477.099192     -1.226397
  Quadrupole  YY    -308.624845    267.489809    -41.135036
  Quadrupole  YZ      -7.345602      7.307385     -0.038217
  Quadrupole  ZZ    -315.136113    269.561419    -45.574695

    Octupole XXX   -4188.955093   4020.084288   -168.870805
    Octupole XXY     -43.218079     42.015244     -1.202835
    Octupole XXZ    -396.181613    368.410075    -27.771538
    Octupole XYY    -559.601922    516.936812    -42.665110
    Octupole XYZ       3.832398     -4.141682     -0.309284
    Octupole XZZ     292.008835   -333.285044    -41.276209
    Octupole YYY     -28.388466     26.634849     -1.753617
    Octupole YYZ    -374.527990    366.229933     -8.298058
    Octupole YZZ       7.979154     -8.764023     -0.784869
    Octupole ZZZ      64.479727   -135.722574    -71.242847

writing orbitals and density to disk ... done.

Total Time taken for Hartree-Fock: 24.29 secs

CD Options
{
  debug             = false
  skip_cd           = [false, 100]
  write_cv          = [false, 5000]
  diagtol           = 1e-06
  itilesize         = 1000
  max_cvecs_factor  = 12
}

- #occupied, #virtual = 98, 344

- Tilesize for the MSO space: 40

-----------------------------------------------------
Begin 2-index transformation ... 

nAO, nMO, nelectrons = 221, 442, 98
n_occ_alpha, n_vir_alpha, n_occ_beta, n_vir_beta = 49,172,49,172

Time taken for Fao->Fmo transform: 0.00 secs

-----------------------------------------------------
Number of AO tiles = 105
# of {all,non-negligible} shell-pairs = {5565,4913}

    Begin Cholesky Decomposition
---------------------------------------------
Total # of mpi ranks used for Cholesky decomposition: 4
  --> Number of nodes, mpi ranks per node: 1, 4
- CPU memory required for computing cholesky vectors: 1.93 GiB

- Time for computing the diagonal: 0.01 secs

- Total number of cholesky vectors = 1651

- Time to compute cholesky vectors: 15.20 secs

- CPU memory required for resizing the ao cholesky tensor: 1.57 GiB
- CPU memory required for ao2mo transformation: 1.71 GiB
- CPU memory required for the 2-step contraction: 2.12 GiB

- Time for ao to mo transform: 1.59 secs

   End Cholesky Decomposition
---------------------------------------------

Total Time taken for Cholesky Decomposition: 19.67 secs

scf_type = restricted
Closed-Shell SCF
QED-HF Enabled
nbf = 203
nbf_orig = 221
n_lindep = 0
focc = 1
nmo = 406
nocc = 62
nvir = 344
n_occ_alpha = 31
n_vir_alpha = 172
n_occ_beta = 31
n_vir_beta = 172
nelectrons = 98
nelectrons_alpha = 49
nelectrons_beta = 49
freeze atomic = true
n_frozen_core = 18
n_frozen_virtual = 0
----------------------------
--------- QED-CCSD --------
lambda_x: 0.0707
lambda_y: 0.0000
lambda_z: 0.0707
omega: 0.066150
coupling_factor_x: 0.012860
coupling_factor_y: 0.000000
coupling_factor_z: 0.012860
----------------------------
# of {all,non-negligible} shell-pairs = {5565,4913}
Number of AO tiles = 105
----------------------------
Electronic dipole expectation value using SCF density: 
dipole_x_elec: -21.01745761
dipole_y_elec: -0.18129751
dipole_z_elec: -13.59132759

d_n/N value: d_n is nuclear dipole moment and N is the total number of electrons 
d_nuc_x: 0.20016392
d_nuc_y: 0.00169089
d_nuc_z: 0.15318583

<d_e+d_n> expectation values: 
dipole_total_x: -1.40139348
dipole_total_y: -0.01559003
dipole_total_z: 1.42088397
----------------------------


 CCSD iterations
------------------------------------------------------------
  Iter     Residuum          Correlation          Time(s)
------------------------------------------------------------
   1     1.1850279633951    0.0000000000000         86.17
   2     0.1732522157944   -1.5931320886631         84.99
   3     0.0649197615832   -1.6316057560981         85.41
   4     0.0262565935610   -1.6920944441229         85.50
   5     0.0207617334275   -1.6914245071570         85.33
 MICROCYCLE DIIS UPDATE:                    6
   6     0.0103582680270   -1.7020778985908         84.32
   7     0.0069769949490   -1.7013834048627         84.54
   8     0.0059306220643   -1.7030611079899         84.09
   9     0.0063120298839   -1.7034075879297         83.48
  10     0.0083276026893   -1.7037648820023         83.65
 MICROCYCLE DIIS UPDATE:                   11
  11     0.0010350919334   -1.7045643451151         83.85
  12     0.0007337090315   -1.7044490941591         83.77
  13     0.0007911010647   -1.7046158370691         83.71
  14     0.0012229199402   -1.7045504341845         83.27
  15     0.0020452518165   -1.7046123914731         83.22
 MICROCYCLE DIIS UPDATE:                   16
  16     0.0001613903744   -1.7046343031357         83.43
  17     0.0001024309044   -1.7045991329082         83.55
  18     0.0001104757315   -1.7046134907376         83.46
  19     0.0001259321542   -1.7046166804423         83.40
  20     0.0001688247618   -1.7046189056270         83.72
 MICROCYCLE DIIS UPDATE:                   21
  21     0.0000355936453   -1.7046355851703         84.11
  22     0.0000257770461   -1.7046293103943         83.95
  23     0.0000253623213   -1.7046318324358         84.42
  24     0.0000357930336   -1.7046290697811         83.96
  25     0.0000591441265   -1.7046299729823         83.22
 MICROCYCLE DIIS UPDATE:                   26
  26     0.0000082418670   -1.7046288673440         83.99
  27     0.0000055366204   -1.7046277867896         83.84
  28     0.0000059608650   -1.7046287728226         83.96
  29     0.0000071668365   -1.7046288930704         84.42
  30     0.0000101336844   -1.7046290301619         83.56
 MICROCYCLE DIIS UPDATE:                   31
  31     0.0000020611857   -1.7046300097767         84.56
  32     0.0000015034105   -1.7046294938681         84.05
  33     0.0000013732399   -1.7046295654016         84.27
  34     0.0000018712425   -1.7046294207130         83.91
  35     0.0000029754707   -1.7046294543997         83.99
 MICROCYCLE DIIS UPDATE:                   36
  36     0.0000005005726   -1.7046293792560         84.00
------------------------------------------------------------------
 Iterations converged
 CCSD correlation energy / hartree =        -1.704629379255967
 CCSD total energy / hartree       =     -3007.804806007995012

Time taken for spin-orbital canonical QED-CCSD: 3120.42 secs
