
ExaChem Git Information
{
 WARNING: Failed to retrieve the current git state.
}


TAMM Git Information
{
 Branch: main
 Commit Hash: e71357ad [e71357ad54f38748b4a7e175aa6760820d5ce96f]
 Commit Date: 2026-02-02 23:14:56 -0800
 Commit Message: add GitHub Actions workflow for releases
}


date: Sun Aug  9 14:24:20 2026
program: "/global/cfs/cdirs/m3196/heindelj/cavity_qed/software/install_gpu/bin/bin/ExaChem"
nnodes: 1, nproc_per_node: 4, nproc_total: 4, ngpus_per_node: 1, ngpus_total: 1

Memory information
{
[AMD EPYC 7763 64-Core Processor                ] : 
  CPU memory per node (GiB): 251
  Total CPU memory (GiB): 251
[NVIDIA A100-SXM4-80GB, CUDA v12.9] : 
  GPU memory per device (GiB): 79
  GPU memory per node (GiB): 79
  Total GPU memory (GiB): 79
}

------------------------------------------------------------

Input file provided: /global/cfs/cdirs/m4262/heindelj/cavity_qed/mlip/lambda_scans/grid_scans_optimized_geoms/runs_grid_no_freq/ortho_th63_ph180/ortho_th63_ph180_qed_ccsd_input.json

{
  "geometry": {
    "coordinates": [
      "C    -1.782224463600    1.943053221200    0.693683323700",
      "C    -0.359155726600    1.983944523800    0.712537623700",
      "C     0.292907994900    0.818756796200    0.709892112400",
      "C    -2.500143437700    0.756605983100    0.720950361900",
      "H    -2.314457547000    2.885828503900    0.672137208800",
      "H     0.169632833000    2.923758809500    0.746400714400",
      "H    -3.574780378700    0.774071295700    0.734060054500",
      "N     1.775598638600    0.824074308400    0.773256445800",
      "O     2.290940625200   -0.257251224500    0.895026619000",
      "O     2.298241942400    1.902721288500    0.735539219000",
      "C    -1.822095687300   -0.429460399100    0.764934618200",
      "H    -2.344237429200   -1.376297742700    0.809356485400",
      "C    -0.363084582400   -0.492858020200    0.653088182600",
      "H     0.103494661000   -1.220212106900    1.317266660600",
      "Br   -0.224138335600   -1.252258496200   -1.148401651900"
    ],
    "units": "angstrom",
    "noorient": true
  },
  "common": {
    "maxiter": 100,
    "debug": false
  },
  "basis": {
    "basisset": "6-311G*"
  },
  "SCF": {
    "charge": 1,
    "multiplicity": 1,
    "lshift": 0,
    "tol_lindep": 1e-10,
    "conve": 1e-07,
    "convd": 1e-05,
    "diis_hist": 10,
    "writem": 10,
    "restart": false,
    "noscf": false,
    "scf_type": "restricted",
    "debug": false,
    "qed_omegas": [
      0.06615
    ],
    "qed_volumes": [],
    "qed_lambdas": [
      0.1
    ],
    "qed_polvecs": [
      [
        -0.8910065241883679,
        1.0911682878666935e-16,
        0.45399049973954686
      ]
    ],
    "direct_df": false
  },
  "CD": {
    "debug": false,
    "diagtol": 1e-06
  },
  "CC": {
    "threshold": 1e-06,
    "ndiis": 5,
    "ccsd_maxiter": 200,
    "tilesize": 40,
    "freeze": {
      "atomic": true
    },
    "readt": false,
    "writet": true,
    "writet_iter": 5,
    "debug": false,
    "profile_ccsd": false,
    "balance_tiles": true
  },
  "TASK": {
    "scf": false,
    "ccsd": true
  }
}

Output folder & files prefix: ortho_th63_ph180_qed_ccsd_input.6-311g*

  C (carbon)
  ----------
          Exponent        Coefficients
      ----------------  --------------------
  1 S  4.56324000E+03      0.778202
  1 S  6.82024000E+02      1.448695
  1 S  1.54973000E+02      2.383089
  1 S  4.44553000E+01      3.200089
  1 S  1.30290000E+01      3.013004
  1 S  1.82773000E+00      0.247599

  2 S  2.09642000E+01      0.800629
  2 S  4.80331000E+00      2.127420
  2 S  1.45933000E+00     -0.002868

  3 P  2.09642000E+01      2.573592
  3 P  4.80331000E+00      2.408248
  3 P  1.45933000E+00      1.865281

  4 S  4.83456000E-01      0.413217

  5 P  4.83456000E-01      0.574627

  6 S  1.45585000E-01      0.167976

  7 P  1.45585000E-01      0.128185

  8 D  6.26000000E-01      0.725128


  H (hydrogen)
  ------------
          Exponent        Coefficients
      ----------------  --------------------
  1 S  3.38650000E+01      0.255069
  1 S  5.09479000E+00      0.460109
  1 S  1.15879000E+00      0.678321

  2 S  3.25840000E-01      0.307371

  3 S  1.02741000E-01      0.129336


  N (nitrogen)
  ------------
          Exponent        Coefficients
      ----------------  --------------------
  1 S  6.29348000E+03      0.991968
  1 S  9.49044000E+02      1.823240
  1 S  2.18776000E+02      2.979891
  1 S  6.36916000E+01      4.000007
  1 S  1.88282000E+01      3.881008
  1 S  2.72023000E+00      0.386764

  2 S  3.06331000E+01      1.038501
  2 S  7.02614000E+00      2.834794
  2 S  2.11205000E+00     -0.003208

  3 P  3.06331000E+01      3.935616
  3 P  7.02614000E+00      3.870994
  3 P  2.11205000E+00      2.967271

  4 S  6.84009000E-01      0.536051

  5 P  6.84009000E-01      0.886681

  6 S  2.00878000E-01      0.213850

  7 P  2.00878000E-01      0.191693

  8 D  9.13000000E-01      1.403568


  O (oxygen)
  ----------
          Exponent        Coefficients
      ----------------  --------------------
  1 S  8.58850000E+03      1.205013
  1 S  1.29723000E+03      2.216205
  1 S  2.99296000E+02      3.627452
  1 S  8.73771000E+01      4.888452
  1 S  2.56789000E+01      4.835721
  1 S  3.74004000E+00      0.538229

  2 S  4.21175000E+01      1.341958
  2 S  9.62837000E+00      3.587114
  2 S  2.85332000E+00     -0.005123

  3 P  4.21175000E+01      5.584018
  3 P  9.62837000E+00      5.733366
  3 P  2.85332000E+00      4.332955

  4 S  9.05661000E-01      0.661659

  5 P  9.05661000E-01      1.259352

  6 S  2.55611000E-01      0.256209

  7 P  2.55611000E-01      0.259068

  8 D  1.29200000E+00      2.577026


  Br (bromine)
  ------------
          Exponent        Coefficients
      ----------------  --------------------
  1 S  4.39700000E+05      9.893706
  1 S  6.60300000E+04     18.450679
  1 S  1.51400000E+04     31.049770
  1 S  4.31700000E+03     48.888138
  1 S  1.41400000E+03     64.847798
  1 S  5.23900000E+02     42.245010

  2 S  5.23900000E+02     14.290679
  2 S  2.07700000E+02     24.083128
  2 S  8.65400000E+01      5.132542

  3 S  3.05200000E+01      9.254405

  4 S  1.29800000E+01      4.873782

  5 S  4.41200000E+00      2.169635

  6 S  1.86200000E+00      1.136043

  7 S  3.93200000E-01      0.353892

  8 S  1.40000000E-01      0.163120

  9 P  2.95700000E+03    691.874478
  9 P  7.00300000E+02    925.332763
  9 P  2.24600000E+02   1068.830732

  10 P  8.25900000E+01    122.079275
  10 P  3.31900000E+01     57.580687
  10 P  1.42000000E+01     10.176170

  11 P  1.42000000E+01      3.129736
  11 P  7.43800000E+00      6.538168
  11 P  3.52600000E+00      4.166276

  12 P  1.59500000E+00      2.555000

  13 P  8.46200000E-01      1.156861

  14 P  3.18600000E-01      0.341191

  15 P  1.09600000E-01      0.089888

  16 D  1.34800000E+02    160.709187
  16 D  3.63900000E+01    119.797406
  16 D  1.21600000E+01     55.531619
  16 D  4.34100000E+00     12.984636

  17 D  1.53500000E+00      3.484168

  18 D  4.51000000E-01      0.408525



Printing Internal Coordinates

------------------------------------------------------------
                Bond Lengths

i      j        Length (Angstroms)     Length (Bohr)
0      1          1.4237809570         2.6905560720
0      3          1.3870141288         2.6210768362
0      4          1.0828488001         2.0462876679
1      2          1.3352365095         2.5232313162
1      5          1.0788952411         2.0388165242
2      7          1.4840535232         2.8044547150
2      12         1.4676124742         2.7733856353
3      6          1.0748588075         2.0311887703
3      10         1.3669077619         2.5830813094
7      8          1.2040225273         2.2752728261
7      9          1.1991905269         2.2661416687
10     11         1.0821766289         2.0450174485
10     12         1.4646645649         2.7678148940
12     13         1.0898959622         2.0596048743
12     14         1.9599389700         3.7037478769

Number of Bonds: 15

------------------------------------------------------------
           Bond Angles

i      j      k      Angle (degrees)
0      1      2        117.5820 
0      1      5        121.0181 
0      3      6        120.2540 
0      3      10       119.0851 
1      0      3        122.7959 
1      0      4        117.8089 
1      2      7        118.9922 
1      2      12       124.1722 
2      1      5        121.3902 
2      7      8        115.3866 
2      7      9        115.9324 
2      12     10       113.8043 
2      12     13       112.4259 
2      12     14       110.4974 
3      0      4        119.3886 
3      10     11       121.4106 
3      10     12       121.9535 
6      3      10       120.6405 
7      2      12       116.8351 
8      7      9        128.6422 
10     12     13       114.1291 
10     12     14        99.0665 
11     10     12       116.4805 
13     12     14       105.7360 

Number of Angles: 24

------------------------------------------------------------
              Torsional Angles

i      j      k      l      Angle (degrees)
3      0      1      2          2.3538 
4      0      1      2       -178.5867 
5      1      0      3       -176.5281 
5      1      0      4          2.5314 
6      3      0      1        178.2190 
6      3      0      4         -0.8262 
10     3      0      1         -0.1453 
10     3      0      4       -179.1906 
11     10     3      0        178.6325 
11     10     3      6          0.2747 
12     10     3      0         -6.0592 
12     10     3      6        175.5830 
13     12     10     3        140.1736 
13     12     10     11       -44.2995 
14     12     10     3       -107.9623 
14     12     10     11        67.5647 

Number of Torsional Angles: 16


----------------------------------------------------------------------
                          Center of Mass

         x               y               z              Unit
   -0.0299245626  -0.01595747989  0.002494317592      Angstrom
  -0.05654922775  -0.03015526664  0.004713577121          Bohr

----------------------------------------------------------------------
                Moment of Inertia Tensor

           1795.68          -139.469          -132.756
          -139.469           2045.82          -654.931
          -132.756          -654.931           2588.09

----------------------------------------------------------------------
                      Principal Moments of Inertia

           x                 y                 z                Unit
        417.260894       535.6473739       847.5590215       amu * ang^2
       1490.065704       1912.831499       3026.688214      amu * bohr^2
  6.9287848843e-38  8.8946399734e-38  1.4074058270e-37          g * cm^2

 - Molecule is an asymmetric top.

----------------------------------------------------------------------

         Rotational constants (MHz)

    A = 1.2112e+03        B = 9.4349e+02        C = 5.9628e+02

----------------------------------------------------------------------

        Rotational constants (cm-1)

    A = 4.0401e-02        B = 3.1472e-02        C = 1.9890e-02

----------------------------------------------------------------------

                                Z-Matrix
C   
C        1       2.6905561
C        2       2.5232313     1         117.582
C        3      5.27945018     2     62.04222092     1         -1.1119
H        4      4.03997217     3     83.73768791     2          1.2995
H        5      4.69689472     4     95.81540787     3         -1.9394
H        6      8.15914044     5     29.02204488     4         -1.2602
N        7     10.11146385     6     29.32561282     5        177.3302
O        8      2.27527283     7    114.85573057     6        174.2087
O        9      4.09289150     8     25.62349945     7       -175.4280
C       10      8.94723313     9     60.35491411     8          2.6227
H       11      2.04501745    10    148.33317726     9         -0.7509
C       12      4.10981856    11     37.07130124    10         -6.8619
H       13      2.05960487    12     94.30671289    11        140.2685
Br      14      4.70078275    13     49.32080612    12         89.6179

----------------------------------------------------------------------

             Converted back to Cartesian

C        0.000000      0.000000      0.000000
C        0.000000      0.000000      2.690556
C        0.000000      0.090357      0.168943
C        0.000034     -0.198373      5.440492
H       -0.000068      0.125384      1.413514
H        0.000232     -0.387486      6.082323
H       -0.000356      0.575104     -2.019836
N       -0.004420     -0.707335      8.009971
O       -0.003505     -0.339993      5.764548
O       -0.003444     -1.032252      9.798471
C       -0.012496      0.642679      1.009415
H       -0.005400      0.169637      2.998957
C       -0.022083      1.165325     -0.988390
H       -0.013164      0.609156      0.994681
Br      -0.036108      1.946346     -3.511843

----------------------------------------------------------------------
                       Geometry in bohr 

1     C      -3.3679161311    3.6718384361    1.3108714999
2     C      -0.6787059598    3.7491117990    1.3465009632
3     C       0.5535158904    1.5472261085    1.3415016714
4     C      -4.7245863727    1.4297780933    1.3623987344
5     H      -4.3736908939    5.4534255187    1.2701552437
6     H       0.3205595963    5.5251034082    1.4104929304
7     H      -6.7553558760    1.4627827508    1.3871724630
8     N       3.3553951365    1.5572747503    1.4612429077
9     O       4.3292503523   -0.4861343599    1.6913551853
10    O       4.3430478422    3.5956221292    1.3899676788
11    C      -3.4432618242   -0.8115625362    1.4455169326
12    H      -4.4299667153   -2.6008258014    1.5294620956
13    C      -0.6861304213   -0.9313666771    1.2341578012
14    H       0.1955765648   -2.3058666976    2.4892732233
15    Br     -0.4235600686   -2.3664255967   -2.1701646046

 Number of nodes, processes per node used for SCF calculation: 1, 4

Common Options
{
  maxiter       = 100
  basis         = 6-311g* spherical
  geom_units    = angstrom
  ang2au factor = 1.889726126
  debug         = false
  file_prefix   = ortho_th63_ph180_qed_ccsd_input
}

SCF Options
{
  charge            = 1
  multiplicity      = 1
  level shift       = 0
  tol_int           = 1e-22
  tol_sch           = 1e-12
  tol_lindep        = 1e-10
  conve             = 1e-07
  convd             = 1e-05
  diis_hist         = 10
  AO_tilesize       = 30
  writem            = 10
  damp              = 100
  n_lindep          = 0
  scf_type          = restricted
  cuscf             = false
  qed_omegas        = [0.06615,]
  qed_lambdas       = [0.1,]
  qed_polvecs       = [[-0.8910065242,1.091168288e-16,0.4539904997,],]
  direct_df         = false
  restart_size      = 2000
  restart           = false
  debug             = false
}

Number of basis functions = 221

Total number of shells = 105

Total number of electrons = 98
  # of alpha electrons    = 49
  # of beta electons      = 49

Nuclear repulsion energy  = 780.062068403975

# of {all,non-negligible} shell-pairs = {5565,4994}
Number of AO tiles = 105

Time for initial setup: 0.10 secs
HF exch = 1.00

Time for computing 1-e integrals T, V, S: 0.03 secs
Time for computing orthogonalizer: 0.14 secs

Superposition of Atomic Density Guess ...
Time taken for SAD: 0.42 secs
Total Time to compute initial guess: 0.42 secs


 SCF iterations
-----------------------------------------------------------------------------
 Iter     Energy            E-Diff       RMSD        |[F,P]|^2       Time(s)
-----------------------------------------------------------------------------
   1  -3011.9259722591    -3.01e+03     1.68e-02     1.51e+03         0.7 
   2  -3005.7673774311     6.16e+00     6.79e-03     8.34e+00         2.2 
   3  -3005.9985738185    -2.31e-01     2.69e-03     3.48e+00         2.2 
   4  -3006.0982716314    -9.97e-02     1.22e-03     1.51e-01         2.2 
   5  -3006.1070416564    -8.77e-03     3.33e-04     1.53e-02         2.2 
   6  -3006.1079211764    -8.80e-04     1.97e-04     2.06e-03         2.2 
   7  -3006.1081694725    -2.48e-04     7.87e-05     4.42e-04         2.2 
   8  -3006.1082206360    -5.12e-05     3.86e-05     1.02e-04         2.2 
   9  -3006.1082321175    -1.15e-05     1.84e-05     1.65e-05         2.2 
  10  -3006.1082343309    -2.21e-06     7.72e-06     3.34e-06         2.2 
  11  -3006.1082347160    -3.85e-07     3.73e-06     6.65e-07         2.3 
  12  -3006.1082348143    -9.83e-08     1.82e-06     1.75e-07         2.3 

** Total SCF energy = -3006.1082348143045

Nuclear repulsion energy = 780.062068403974536
#electrons        = 98
1e energy kinetic = 3006.2165928120271019
1e energy N-e     = -8713.4441182701175421
1e energy         = -5703.9688538080372382
2e energy         = 1920.8644047554962526
QED energy        = 0.1928174843160426
QED eT energy     = 0.1726257278939070
QED eT energy from matrix = 0.1726257278939143

 Polarizability Matrix (QED energy = 0.5 * lambda.dot(matrix * lambda))
[38.95176016, -1.08360301, -0.11373583]
[-1.08360301, 45.60661422,  0.99175214]
[-0.11373583,  0.99175214, 36.62153050]

 Polarizability Matrix (QED eT energy = 0.5 * lambda.dot(matrix * lambda))
[35.14054791, -1.15823626, -0.12427845]
[-1.15823626, 42.65662121,  1.11717421]
[-0.12427845,  1.11717421, 31.66689390]


                      Electron        Nuclear        Total  
                  ------------------------------------------
    Monopole         -98.000000     99.000000      1.000000

      Dipole   X       7.382573    -11.083837     -3.701264
      Dipole   Y     -11.197311     12.416700      1.219389
      Dipole   Z     -13.982177     15.255764      1.273586

  Quadrupole  XX    -792.189473    751.005794    -41.183679
  Quadrupole  XY     -60.315965     54.600286     -5.715679
  Quadrupole  XZ     -57.205001     51.519955     -5.685047
  Quadrupole  YY    -631.210477    593.795885    -37.414593
  Quadrupole  YZ    -302.983206    305.482954      2.499748
  Quadrupole  ZZ    -342.793637    296.986652    -45.806985

    Octupole XXX     -50.759072    -22.296948    -73.056021
    Octupole XXY   -1101.054301   1092.289230     -8.765072
    Octupole XXZ   -1077.877126   1066.915457    -10.961670
    Octupole XYY      91.634323   -129.208858    -37.574535
    Octupole XYZ      33.752029    -39.700989     -5.948961
    Octupole XZZ      29.341327    -20.217640      9.123686
    Octupole YYY    -903.641316    882.630871    -21.010445
    Octupole YYZ    -131.272540    121.510728     -9.761812
    Octupole YZZ     196.274205   -227.530414    -31.256210
    Octupole ZZZ      87.427835   -161.941103    -74.513268

writing orbitals and density to disk ... done.

Total Time taken for Hartree-Fock: 28.48 secs

CD Options
{
  debug             = false
  skip_cd           = [false, 100]
  write_cv          = [false, 5000]
  diagtol           = 1e-06
  itilesize         = 1000
  max_cvecs_factor  = 12
}

- #occupied, #virtual = 98, 344

- Tilesize for the MSO space: 40

-----------------------------------------------------
Begin 2-index transformation ... 

nAO, nMO, nelectrons = 221, 442, 98
n_occ_alpha, n_vir_alpha, n_occ_beta, n_vir_beta = 49,172,49,172

Time taken for Fao->Fmo transform: 0.00 secs

-----------------------------------------------------
Number of AO tiles = 105
# of {all,non-negligible} shell-pairs = {5565,4994}

    Begin Cholesky Decomposition
---------------------------------------------
Total # of mpi ranks used for Cholesky decomposition: 4
  --> Number of nodes, mpi ranks per node: 1, 4
- CPU memory required for computing cholesky vectors: 1.93 GiB

- Time for computing the diagonal: 0.01 secs

- Total number of cholesky vectors = 1648

- Time to compute cholesky vectors: 13.36 secs

- CPU memory required for resizing the ao cholesky tensor: 1.57 GiB
- CPU memory required for ao2mo transformation: 1.70 GiB
- CPU memory required for the 2-step contraction: 2.11 GiB

- Time for ao to mo transform: 1.81 secs

   End Cholesky Decomposition
---------------------------------------------

Total Time taken for Cholesky Decomposition: 17.07 secs

scf_type = restricted
Closed-Shell SCF
QED-HF Enabled
nbf = 203
nbf_orig = 221
n_lindep = 0
focc = 1
nmo = 406
nocc = 62
nvir = 344
n_occ_alpha = 31
n_vir_alpha = 172
n_occ_beta = 31
n_vir_beta = 172
nelectrons = 98
nelectrons_alpha = 49
nelectrons_beta = 49
freeze atomic = true
n_frozen_core = 18
n_frozen_virtual = 0
----------------------------
--------- QED-CCSD --------
lambda_x: -0.0891
lambda_y: 0.0000
lambda_z: 0.0454
omega: 0.066150
coupling_factor_x: -0.016204
coupling_factor_y: 0.000000
coupling_factor_z: 0.008257
----------------------------
# of {all,non-negligible} shell-pairs = {5565,4994}
Number of AO tiles = 105
----------------------------
Electronic dipole expectation value using SCF density: 
dipole_x_elec: 7.38238447
dipole_y_elec: -11.19752216
dipole_z_elec: -13.98208539

d_n/N value: d_n is nuclear dipole moment and N is the total number of electrons 
d_nuc_x: -0.11310038
d_nuc_y: 0.12670102
d_nuc_z: 0.15567106

<d_e+d_n> expectation values: 
dipole_total_x: -3.70145266
dipole_total_y: 1.21917788
dipole_total_z: 1.27367829
----------------------------


 CCSD iterations
------------------------------------------------------------
  Iter     Residuum          Correlation          Time(s)
------------------------------------------------------------
   1     1.1847932040114    0.0000000000000         86.89
   2     0.1729970913941   -1.6272001328696         84.88
   3     0.0689593099785   -1.6248090118154         84.96
   4     0.0259772729297   -1.6921959436668         84.97
   5     0.0231607017851   -1.6866265862107         84.84
 MICROCYCLE DIIS UPDATE:                    6
   6     0.0093215105741   -1.6979347663962         83.69
   7     0.0063814071164   -1.6976231213805         83.86
   8     0.0045839253496   -1.6993910375983         83.73
   9     0.0046807040909   -1.6995705301417         83.61
  10     0.0056993872941   -1.7000857967420         83.58
 MICROCYCLE DIIS UPDATE:                   11
  11     0.0009506098271   -1.7007227589879         83.57
  12     0.0007102246986   -1.7006990860697         83.66
  13     0.0005784740060   -1.7008156831075         84.12
  14     0.0006695419699   -1.7007797034675         83.80
  15     0.0009567729646   -1.7008353403475         83.81
 MICROCYCLE DIIS UPDATE:                   16
  16     0.0001490971623   -1.7008632326424         83.73
  17     0.0000943554152   -1.7008472712250         83.86
  18     0.0000907205480   -1.7008669933868         83.72
  19     0.0000838367510   -1.7008728100576         84.00
  20     0.0001058675799   -1.7008740317348         83.73
 MICROCYCLE DIIS UPDATE:                   21
  21     0.0000268126974   -1.7008884017975         83.77
  22     0.0000218422620   -1.7008835599308         83.84
  23     0.0000178583206   -1.7008846320803         83.89
  24     0.0000212548387   -1.7008830145815         83.83
  25     0.0000301231886   -1.7008839507309         83.93
 MICROCYCLE DIIS UPDATE:                   26
  26     0.0000056444736   -1.7008829033968         84.09
  27     0.0000036445962   -1.7008829976193         83.90
  28     0.0000030480159   -1.7008836887313         84.04
  29     0.0000029578712   -1.7008839179917         84.15
  30     0.0000034858616   -1.7008840192320         84.06
 MICROCYCLE DIIS UPDATE:                   31
  31     0.0000010995423   -1.7008845768885         84.07
  32     0.0000008837746   -1.7008843505346         84.22
------------------------------------------------------------------
 Iterations converged
 CCSD correlation energy / hartree =        -1.700884350534605
 CCSD total energy / hartree       =     -3007.809119164839103

Time taken for spin-orbital canonical QED-CCSD: 2759.61 secs
