
ExaChem Git Information
{
 WARNING: Failed to retrieve the current git state.
}


TAMM Git Information
{
 Branch: main
 Commit Hash: e71357ad [e71357ad54f38748b4a7e175aa6760820d5ce96f]
 Commit Date: 2026-02-02 23:14:56 -0800
 Commit Message: add GitHub Actions workflow for releases
}


date: Thu Aug  6 16:22:49 2026
program: "/global/cfs/cdirs/m3196/heindelj/cavity_qed/software/install_gpu/bin/bin/ExaChem"
nnodes: 1, nproc_per_node: 4, nproc_total: 4, ngpus_per_node: 1, ngpus_total: 1

Memory information
{
[AMD EPYC 7763 64-Core Processor                ] : 
  CPU memory per node (GiB): 251
  Total CPU memory (GiB): 251
[NVIDIA A100-SXM4-40GB, CUDA v12.9] : 
  GPU memory per device (GiB): 39
  GPU memory per node (GiB): 39
  Total GPU memory (GiB): 39
}

------------------------------------------------------------

Input file provided: /global/cfs/cdirs/m4262/heindelj/cavity_qed/mlip/lambda_scans/grid_scans_optimized_geoms/runs_grid_no_freq/ortho_th9_ph36/ortho_th9_ph36_qed_ccsd_input.json

{
  "geometry": {
    "coordinates": [
      "C    -1.795514843400    1.950832322400    0.748317543400",
      "C    -0.378252392400    1.992181494100    0.716235878100",
      "C     0.285324032500    0.824038544600    0.671448117700",
      "C    -2.523986706900    0.760200206900    0.756732788400",
      "H    -2.331221769400    2.893581364400    0.780326751000",
      "H     0.160750195700    2.929902228000    0.741328693400",
      "H    -3.603832927000    0.782537288100    0.801385235500",
      "N     1.773681129100    0.825031353700    0.730143048100",
      "O     2.287748559700   -0.252227731800    0.892094096300",
      "O     2.312059890200    1.893470168300    0.623792783200",
      "C    -1.847215263300   -0.423486915700    0.696751436800",
      "H    -2.374488461200   -1.369756282700    0.680018576600",
      "C    -0.381170937700   -0.484487060400    0.617307542700",
      "H     0.026920421400   -1.152749794100    1.376789191200",
      "Br    0.035698207700   -1.384590478100   -1.042943737000"
    ],
    "units": "angstrom",
    "noorient": true
  },
  "common": {
    "maxiter": 100,
    "debug": false
  },
  "basis": {
    "basisset": "6-311G*"
  },
  "SCF": {
    "charge": 1,
    "multiplicity": 1,
    "lshift": 0,
    "tol_lindep": 1e-10,
    "conve": 1e-07,
    "convd": 1e-05,
    "diis_hist": 10,
    "writem": 10,
    "restart": false,
    "noscf": false,
    "scf_type": "restricted",
    "debug": false,
    "qed_omegas": [
      0.06615
    ],
    "qed_volumes": [],
    "qed_lambdas": [
      0.1
    ],
    "qed_polvecs": [
      [
        0.12655814072350038,
        0.09194987150091018,
        0.9876883405951378
      ]
    ],
    "direct_df": false
  },
  "CD": {
    "debug": false,
    "diagtol": 1e-06
  },
  "CC": {
    "threshold": 1e-06,
    "ndiis": 5,
    "ccsd_maxiter": 200,
    "tilesize": 40,
    "freeze": {
      "atomic": true
    },
    "readt": false,
    "writet": true,
    "writet_iter": 5,
    "debug": false,
    "profile_ccsd": false,
    "balance_tiles": true
  },
  "TASK": {
    "scf": false,
    "ccsd": true
  }
}

Output folder & files prefix: ortho_th9_ph36_qed_ccsd_input.6-311g*

  C (carbon)
  ----------
          Exponent        Coefficients
      ----------------  --------------------
  1 S  4.56324000E+03      0.778202
  1 S  6.82024000E+02      1.448695
  1 S  1.54973000E+02      2.383089
  1 S  4.44553000E+01      3.200089
  1 S  1.30290000E+01      3.013004
  1 S  1.82773000E+00      0.247599

  2 S  2.09642000E+01      0.800629
  2 S  4.80331000E+00      2.127420
  2 S  1.45933000E+00     -0.002868

  3 P  2.09642000E+01      2.573592
  3 P  4.80331000E+00      2.408248
  3 P  1.45933000E+00      1.865281

  4 S  4.83456000E-01      0.413217

  5 P  4.83456000E-01      0.574627

  6 S  1.45585000E-01      0.167976

  7 P  1.45585000E-01      0.128185

  8 D  6.26000000E-01      0.725128


  H (hydrogen)
  ------------
          Exponent        Coefficients
      ----------------  --------------------
  1 S  3.38650000E+01      0.255069
  1 S  5.09479000E+00      0.460109
  1 S  1.15879000E+00      0.678321

  2 S  3.25840000E-01      0.307371

  3 S  1.02741000E-01      0.129336


  N (nitrogen)
  ------------
          Exponent        Coefficients
      ----------------  --------------------
  1 S  6.29348000E+03      0.991968
  1 S  9.49044000E+02      1.823240
  1 S  2.18776000E+02      2.979891
  1 S  6.36916000E+01      4.000007
  1 S  1.88282000E+01      3.881008
  1 S  2.72023000E+00      0.386764

  2 S  3.06331000E+01      1.038501
  2 S  7.02614000E+00      2.834794
  2 S  2.11205000E+00     -0.003208

  3 P  3.06331000E+01      3.935616
  3 P  7.02614000E+00      3.870994
  3 P  2.11205000E+00      2.967271

  4 S  6.84009000E-01      0.536051

  5 P  6.84009000E-01      0.886681

  6 S  2.00878000E-01      0.213850

  7 P  2.00878000E-01      0.191693

  8 D  9.13000000E-01      1.403568


  O (oxygen)
  ----------
          Exponent        Coefficients
      ----------------  --------------------
  1 S  8.58850000E+03      1.205013
  1 S  1.29723000E+03      2.216205
  1 S  2.99296000E+02      3.627452
  1 S  8.73771000E+01      4.888452
  1 S  2.56789000E+01      4.835721
  1 S  3.74004000E+00      0.538229

  2 S  4.21175000E+01      1.341958
  2 S  9.62837000E+00      3.587114
  2 S  2.85332000E+00     -0.005123

  3 P  4.21175000E+01      5.584018
  3 P  9.62837000E+00      5.733366
  3 P  2.85332000E+00      4.332955

  4 S  9.05661000E-01      0.661659

  5 P  9.05661000E-01      1.259352

  6 S  2.55611000E-01      0.256209

  7 P  2.55611000E-01      0.259068

  8 D  1.29200000E+00      2.577026


  Br (bromine)
  ------------
          Exponent        Coefficients
      ----------------  --------------------
  1 S  4.39700000E+05      9.893706
  1 S  6.60300000E+04     18.450679
  1 S  1.51400000E+04     31.049770
  1 S  4.31700000E+03     48.888138
  1 S  1.41400000E+03     64.847798
  1 S  5.23900000E+02     42.245010

  2 S  5.23900000E+02     14.290679
  2 S  2.07700000E+02     24.083128
  2 S  8.65400000E+01      5.132542

  3 S  3.05200000E+01      9.254405

  4 S  1.29800000E+01      4.873782

  5 S  4.41200000E+00      2.169635

  6 S  1.86200000E+00      1.136043

  7 S  3.93200000E-01      0.353892

  8 S  1.40000000E-01      0.163120

  9 P  2.95700000E+03    691.874478
  9 P  7.00300000E+02    925.332763
  9 P  2.24600000E+02   1068.830732

  10 P  8.25900000E+01    122.079275
  10 P  3.31900000E+01     57.580687
  10 P  1.42000000E+01     10.176170

  11 P  1.42000000E+01      3.129736
  11 P  7.43800000E+00      6.538168
  11 P  3.52600000E+00      4.166276

  12 P  1.59500000E+00      2.555000

  13 P  8.46200000E-01      1.156861

  14 P  3.18600000E-01      0.341191

  15 P  1.09600000E-01      0.089888

  16 D  1.34800000E+02    160.709187
  16 D  3.63900000E+01    119.797406
  16 D  1.21600000E+01     55.531619
  16 D  4.34100000E+00     12.984636

  17 D  1.53500000E+00      3.484168

  18 D  4.51000000E-01      0.408525



Printing Internal Coordinates

------------------------------------------------------------
                Bond Lengths

i      j        Length (Angstroms)     Length (Bohr)
0      1          1.4182284168         2.6800632918
0      3          1.3958319765         2.6377401534
0      4          1.0847959514         2.0499672506
1      2          1.3442088996         2.5401866762
1      5          1.0818842887         2.0444650056
2      7          1.4895143261         2.8147741369
2      12         1.4694849459         2.7769240938
3      6          1.0809998359         2.0427936321
3      10         1.3648196048         2.5791352643
7      8          1.2045665621         2.2763009028
7      9          1.2011342847         2.2698148385
10     11         1.0833848479         2.0473006516
10     12         1.4694619133         2.7768805686
12     13         1.0908372991         2.0613837432
12     14         1.9340114681         3.6547519990

Number of Bonds: 15

------------------------------------------------------------
           Bond Angles

i      j      k      Angle (degrees)
0      1      2        117.9523 
0      1      5        121.5077 
0      3      6        120.2622 
0      3      10       118.7332 
1      0      3        123.1300 
1      0      4        117.9581 
1      2      7        119.4313 
1      2      12       123.4465 
2      1      5        120.5340 
2      7      8        115.5397 
2      7      9        116.4221 
2      12     10       114.4277 
2      12     13       110.4984 
2      12     14       110.3831 
3      0      4        118.9073 
3      10     11       121.1221 
3      10     12       122.2148 
6      3      10       121.0025 
7      2      12       117.0810 
8      7      9        128.0341 
10     12     13       111.1634 
10     12     14       106.3065 
11     10     12       116.6453 
13     12     14       103.4108 

Number of Angles: 24

------------------------------------------------------------
              Torsional Angles

i      j      k      l      Angle (degrees)
3      0      1      2          1.0404 
4      0      1      2       -179.7526 
5      1      0      3       -178.0791 
5      1      0      4          1.1279 
6      3      0      1        178.7830 
6      3      0      4         -0.4169 
10     3      0      1         -1.7401 
10     3      0      4        179.0600 
11     10     3      0       -178.7106 
11     10     3      6          0.7622 

Number of Torsional Angles: 10


----------------------------------------------------------------------
                          Center of Mass

         x               y               z              Unit
    0.0659682554  -0.06553542249   0.02965257326      Angstrom
    0.1246619357   -0.1238440001   0.05603524239          Bohr

----------------------------------------------------------------------
                Moment of Inertia Tensor

           1812.06          -45.0558          -21.4166
          -45.0558           1964.78          -653.999
          -21.4166          -653.999            2684.7

----------------------------------------------------------------------
                      Principal Moments of Inertia

           x                 y                 z                Unit
       439.1147301       510.2577447       860.0447099       amu * ang^2
        1568.10717       1822.163487       3071.275416      amu * bohr^2
  7.2916766182e-38  8.4730349739e-38  1.4281388145e-37          g * cm^2

 - Molecule is an asymmetric top.

----------------------------------------------------------------------

         Rotational constants (MHz)

    A = 1.1509e+03        B = 9.9044e+02        C = 5.8762e+02

----------------------------------------------------------------------

        Rotational constants (cm-1)

    A = 3.8390e-02        B = 3.3037e-02        C = 1.9601e-02

----------------------------------------------------------------------

                                Z-Matrix
C   
C        1       2.6800633
C        2       2.5401867     1       117.95231
C        3      5.31264350     2     61.66807841     1         -0.4915
H        4      4.04817542     3     83.55786298     2          0.4006
H        5      4.71022125     4     95.98703381     3         -0.8532
H        6      8.19079528     5     28.86290614     4         -0.7469
N        7     10.16323780     6     29.24549487     5       -179.7189
O        8      2.27630090     7    114.70003121     6        171.4053
O        9      4.08661570     8     25.94310750     7       -175.9957
C       10      8.99818904     9     60.36197824     8         -0.0379
H       11      2.04730065    10    148.19979764     9        -10.8003
C       12      4.12330663    11     37.00884340    10         -0.8181
H       13      2.06138374    12     94.19798413    11        131.8734
Br      14      4.59360300    13     50.70748196    12         92.9387

----------------------------------------------------------------------

             Converted back to Cartesian

C        0.000000      0.000000      0.000000
C        0.000000      0.000000      2.680063
C        0.000000      0.091250      0.141516
C        0.000015     -0.199289      5.446209
H       -0.000024      0.124901      1.411036
H        0.000095     -0.389408      6.093094
H       -0.000134      0.576492     -2.040550
N        0.005131     -0.711733      8.040712
O       -0.004560     -0.344958      5.794175
O        0.018008     -1.034862      9.822072
C       -0.058154      0.644900      0.982389
H       -0.025768      0.173576      2.974434
C       -0.098537      1.167379     -1.026656
H       -0.054932      0.613812      0.958531
Br      -0.162727      1.914749     -3.445687

----------------------------------------------------------------------
                       Geometry in bohr 

1     C      -3.3930313090    3.6865388069    1.4141152122
2     C      -0.7147934281    3.7646774170    1.3534896512
3     C       0.5391842786    1.5572071665    1.2688530502
4     C      -4.7696436215    1.4365701919    1.4300177206
5     H      -4.4053706829    5.4680763017    1.4746038481
6     H       0.3037738446    5.5367127866    1.4009081998
7     H      -6.8102572356    1.4787811578    1.5143986164
8     N       3.3517715687    1.5590833038    1.3797703936
9     O       4.3232182228   -0.4766413345    1.6858135205
10    O       4.3691599792    3.5781400457    1.1787975196
11    C      -3.4907309432   -0.8002742886    1.3166693934
12    H      -4.4871328808   -2.5884642335    1.2850488703
13    C      -0.7203086794   -0.9155478557    1.1665421912
14    H       0.0508722236   -2.1783814025    2.6017545045
15    Br      0.0674598357   -2.6164968001   -1.9708780277

 Number of nodes, processes per node used for SCF calculation: 1, 4

Common Options
{
  maxiter       = 100
  basis         = 6-311g* spherical
  geom_units    = angstrom
  ang2au factor = 1.889726126
  debug         = false
  file_prefix   = ortho_th9_ph36_qed_ccsd_input
}

SCF Options
{
  charge            = 1
  multiplicity      = 1
  level shift       = 0
  tol_int           = 1e-22
  tol_sch           = 1e-12
  tol_lindep        = 1e-10
  conve             = 1e-07
  convd             = 1e-05
  diis_hist         = 10
  AO_tilesize       = 30
  writem            = 10
  damp              = 100
  n_lindep          = 0
  scf_type          = restricted
  cuscf             = false
  qed_omegas        = [0.06615,]
  qed_lambdas       = [0.1,]
  qed_polvecs       = [[0.1265581407,0.0919498715,0.9876883406,],]
  direct_df         = false
  restart_size      = 2000
  restart           = false
  debug             = false
}

Number of basis functions = 221

Total number of shells = 105

Total number of electrons = 98
  # of alpha electrons    = 49
  # of beta electons      = 49

Nuclear repulsion energy  = 779.302045559975

# of {all,non-negligible} shell-pairs = {5565,5000}
Number of AO tiles = 105

Time for initial setup: 0.01 secs
HF exch = 1.00

Time for computing 1-e integrals T, V, S: 0.01 secs
Time for computing orthogonalizer: 0.01 secs

Superposition of Atomic Density Guess ...
Time taken for SAD: 0.43 secs
Total Time to compute initial guess: 0.43 secs


 SCF iterations
-----------------------------------------------------------------------------
 Iter     Energy            E-Diff       RMSD        |[F,P]|^2       Time(s)
-----------------------------------------------------------------------------
   1  -3011.6664965438    -3.01e+03     1.67e-02     1.49e+03         0.6 
   2  -3005.8226495398     5.84e+00     6.90e-03     7.73e+00         2.2 
   3  -3005.9940144677    -1.71e-01     2.97e-03     4.27e+00         2.2 
   4  -3006.1166865898    -1.23e-01     1.09e-03     1.02e-01         2.2 
   5  -3006.1226338937    -5.95e-03     2.53e-04     1.09e-02         2.2 
   6  -3006.1231844146    -5.51e-04     1.52e-04     1.28e-03         2.2 
   7  -3006.1233228010    -1.38e-04     6.52e-05     3.50e-04         2.2 
   8  -3006.1233541221    -3.13e-05     3.05e-05     7.03e-05         2.2 
   9  -3006.1233614337    -7.31e-06     1.26e-05     9.13e-06         2.2 
  10  -3006.1233628170    -1.38e-06     6.24e-06     2.32e-06         2.2 
  11  -3006.1233631345    -3.18e-07     4.07e-06     5.34e-07         2.2 
  12  -3006.1233632314    -9.69e-08     1.51e-06     9.13e-08         2.2 

** Total SCF energy = -3006.1233632313993

Nuclear repulsion energy = 779.302045559974999
#electrons        = 98
1e energy kinetic = 3006.1681433654725879
1e energy N-e     = -8712.0309366124001826
1e energy         = -5704.0050677023664321
2e energy         = 1920.2583767217931836
QED energy        = 0.1790077337571219
QED eT energy     = 0.1541470163801223
QED eT energy from matrix = 0.1541470163801197

 Polarizability Matrix (QED energy = 0.5 * lambda.dot(matrix * lambda))
[40.78841628, -1.32451363, -0.82059304]
[-1.32451363, 45.53583509,  0.76160462]
[-0.82059304,  0.76160462, 35.73539255]

 Polarizability Matrix (QED eT energy = 0.5 * lambda.dot(matrix * lambda))
[37.04728284, -1.42989133, -0.93850093]
[-1.42989133, 42.59208631,  0.94563017]
[-0.93850093,  0.94563017, 30.72392399]


                      Electron        Nuclear        Total  
                  ------------------------------------------
    Monopole         -98.000000     99.000000      1.000000

      Dipole   X      -8.315267      4.718464     -3.596803
      Dipole   Y      -2.945553      4.239938      1.294385
      Dipole   Z     -18.216467     19.569387      1.352920

  Quadrupole  XX    -794.791750    753.661357    -41.130393
  Quadrupole  XY     -17.429866     11.458094     -5.971772
  Quadrupole  XZ      -7.019891      1.178119     -5.841772
  Quadrupole  YY    -674.752304    637.440602    -37.311702
  Quadrupole  YZ    -302.022002    305.228966      3.206964
  Quadrupole  ZZ    -307.411152    261.468301    -45.942850

    Octupole XXX     -31.299233    -58.540560    -89.839793
    Octupole XXY   -1129.487671   1124.093984     -5.393687
    Octupole XXZ   -1075.632977   1064.276373    -11.356604
    Octupole XYY       2.991686    -44.275139    -41.283452
    Octupole XYZ      -0.233356     -5.190659     -5.424015
    Octupole XZZ     -19.434857     24.960469      5.525611
    Octupole YYY    -740.195477    727.498764    -12.696712
    Octupole YYZ     -73.990596     63.839217    -10.151379
    Octupole YZZ     170.516367   -196.394278    -25.877911
    Octupole ZZZ       9.393630    -84.096440    -74.702810

writing orbitals and density to disk ... done.

Total Time taken for Hartree-Fock: 26.33 secs

CD Options
{
  debug             = false
  skip_cd           = [false, 100]
  write_cv          = [false, 5000]
  diagtol           = 1e-06
  itilesize         = 1000
  max_cvecs_factor  = 12
}

- #occupied, #virtual = 98, 344

- Tilesize for the MSO space: 40

-----------------------------------------------------
Begin 2-index transformation ... 

nAO, nMO, nelectrons = 221, 442, 98
n_occ_alpha, n_vir_alpha, n_occ_beta, n_vir_beta = 49,172,49,172

Time taken for Fao->Fmo transform: 0.00 secs

-----------------------------------------------------
Number of AO tiles = 105
# of {all,non-negligible} shell-pairs = {5565,5000}

    Begin Cholesky Decomposition
---------------------------------------------
Total # of mpi ranks used for Cholesky decomposition: 4
  --> Number of nodes, mpi ranks per node: 1, 4
- CPU memory required for computing cholesky vectors: 1.93 GiB

- Time for computing the diagonal: 0.01 secs

- Total number of cholesky vectors = 1650

- Time to compute cholesky vectors: 15.18 secs

- CPU memory required for resizing the ao cholesky tensor: 1.57 GiB
- CPU memory required for ao2mo transformation: 1.70 GiB
- CPU memory required for the 2-step contraction: 2.12 GiB

- Time for ao to mo transform: 1.56 secs

   End Cholesky Decomposition
---------------------------------------------

Total Time taken for Cholesky Decomposition: 18.43 secs

scf_type = restricted
Closed-Shell SCF
QED-HF Enabled
nbf = 203
nbf_orig = 221
n_lindep = 0
focc = 1
nmo = 406
nocc = 62
nvir = 344
n_occ_alpha = 31
n_vir_alpha = 172
n_occ_beta = 31
n_vir_beta = 172
nelectrons = 98
nelectrons_alpha = 49
nelectrons_beta = 49
freeze atomic = true
n_frozen_core = 18
n_frozen_virtual = 0
----------------------------
--------- QED-CCSD --------
lambda_x: 0.0127
lambda_y: 0.0092
lambda_z: 0.0988
omega: 0.066150
coupling_factor_x: 0.002302
coupling_factor_y: 0.001672
coupling_factor_z: 0.017963
----------------------------
# of {all,non-negligible} shell-pairs = {5565,5000}
Number of AO tiles = 105
----------------------------
Electronic dipole expectation value using SCF density: 
dipole_x_elec: -8.31562396
dipole_y_elec: -2.94570240
dipole_z_elec: -18.21641763

d_n/N value: d_n is nuclear dipole moment and N is the total number of electrons 
d_nuc_x: 0.04814759
d_nuc_y: 0.04326467
d_nuc_z: 0.19968763

<d_e+d_n> expectation values: 
dipole_total_x: -3.59716006
dipole_total_y: 1.29423565
dipole_total_z: 1.35296983
----------------------------


 CCSD iterations
------------------------------------------------------------
  Iter     Residuum          Correlation          Time(s)
------------------------------------------------------------
   1     1.1861698823898    0.0000000000000         84.82
   2     0.1651400789248   -1.6800468092163         84.76
   3     0.0652316943426   -1.6285635219040         84.92
   4     0.0194647321094   -1.6967585038111         84.81
   5     0.0149550654236   -1.6886697112313         85.00
 MICROCYCLE DIIS UPDATE:                    6
   6     0.0064285169434   -1.6975522755618         82.97
   7     0.0038540728654   -1.6973731103898         83.12
   8     0.0024291571489   -1.6983375273862         82.97
   9     0.0015748514460   -1.6984601023785         82.93
  10     0.0013440170109   -1.6986655580126         82.98
 MICROCYCLE DIIS UPDATE:                   11
  11     0.0003739960137   -1.6989356799519         83.33
  12     0.0002518941797   -1.6990004607891         83.24
  13     0.0001797705510   -1.6989883727589         83.03
  14     0.0001364083019   -1.6989808880514         83.14
  15     0.0001080689629   -1.6989833715416         83.09
 MICROCYCLE DIIS UPDATE:                   16
  16     0.0000440845630   -1.6989676085832         82.94
  17     0.0000268163117   -1.6989830526285         83.27
  18     0.0000228780023   -1.6989848967569         82.89
  19     0.0000157311699   -1.6989872578561         83.89
  20     0.0000154097038   -1.6989873142060         84.02
 MICROCYCLE DIIS UPDATE:                   21
  21     0.0000061494028   -1.6989883674615         84.20
  22     0.0000040475846   -1.6989895060700         84.52
  23     0.0000028954783   -1.6989892459949         83.78
  24     0.0000024085829   -1.6989889179247         83.64
  25     0.0000018758268   -1.6989889634823         83.58
 MICROCYCLE DIIS UPDATE:                   26
  26     0.0000009759005   -1.6989883269497         83.84
------------------------------------------------------------------
 Iterations converged
 CCSD correlation energy / hartree =        -1.698988326949698
 CCSD total energy / hartree       =     -3007.822351558349055

Time taken for spin-orbital canonical QED-CCSD: 2251.30 secs
