
ExaChem Git Information
{
 WARNING: Failed to retrieve the current git state.
}


TAMM Git Information
{
 Branch: main
 Commit Hash: e71357ad [e71357ad54f38748b4a7e175aa6760820d5ce96f]
 Commit Date: 2026-02-02 23:14:56 -0800
 Commit Message: add GitHub Actions workflow for releases
}


date: Mon Aug 10 17:18:18 2026
program: "/global/cfs/cdirs/m3196/heindelj/cavity_qed/software/install_gpu/bin/bin/ExaChem"
nnodes: 1, nproc_per_node: 4, nproc_total: 4, ngpus_per_node: 1, ngpus_total: 1

Memory information
{
[AMD EPYC 7763 64-Core Processor                ] : 
  CPU memory per node (GiB): 251
  Total CPU memory (GiB): 251
[NVIDIA A100-SXM4-80GB, CUDA v12.9] : 
  GPU memory per device (GiB): 79
  GPU memory per node (GiB): 79
  Total GPU memory (GiB): 79
}

------------------------------------------------------------

Input file provided: /global/cfs/cdirs/m4262/heindelj/cavity_qed/mlip/lambda_scans/grid_scans_optimized_geoms/runs_grid_no_freq/ortho_th81_ph0/ortho_th81_ph0_qed_ccsd_input.json

{
  "geometry": {
    "coordinates": [
      "C    -1.790210890300    1.944213665700    0.714916113700",
      "C    -0.366462862300    1.989113278500    0.705245325700",
      "C     0.282545783900    0.824082307000    0.693247232700",
      "C    -2.501911142700    0.754411111200    0.752941705700",
      "H    -2.325069660200    2.885538251000    0.707378807300",
      "H     0.159457123000    2.930561288600    0.719198781400",
      "H    -3.575023415200    0.769266074900    0.783092718500",
      "N     1.761933300200    0.822474593900    0.767501662800",
      "O     2.262633970100   -0.256083372100    0.954643184000",
      "O     2.295250070000    1.889492872900    0.649645036600",
      "C    -1.823857184100   -0.432764881500    0.742370313400",
      "H    -2.345079426500   -1.380526631100    0.770773915200",
      "C    -0.367499364300   -0.488211866800    0.648311901800",
      "H     0.080444918900   -1.209950241300    1.326797603500",
      "Br   -0.100652081800   -1.257139747800   -1.146336361100"
    ],
    "units": "angstrom",
    "noorient": true
  },
  "common": {
    "maxiter": 100,
    "debug": false
  },
  "basis": {
    "basisset": "6-311G*"
  },
  "SCF": {
    "charge": 1,
    "multiplicity": 1,
    "lshift": 0,
    "tol_lindep": 1e-10,
    "conve": 1e-07,
    "convd": 1e-05,
    "diis_hist": 10,
    "writem": 10,
    "restart": false,
    "noscf": false,
    "scf_type": "restricted",
    "debug": false,
    "qed_omegas": [
      0.06615
    ],
    "qed_volumes": [],
    "qed_lambdas": [
      0.1
    ],
    "qed_polvecs": [
      [
        0.9876883405951378,
        0.0,
        0.15643446504023092
      ]
    ],
    "direct_df": false
  },
  "CD": {
    "debug": false,
    "diagtol": 1e-06
  },
  "CC": {
    "threshold": 1e-06,
    "ndiis": 5,
    "ccsd_maxiter": 200,
    "tilesize": 40,
    "freeze": {
      "atomic": true
    },
    "readt": false,
    "writet": true,
    "writet_iter": 5,
    "debug": false,
    "profile_ccsd": false,
    "balance_tiles": true
  },
  "TASK": {
    "scf": false,
    "ccsd": true
  }
}

Output folder & files prefix: ortho_th81_ph0_qed_ccsd_input.6-311g*

  C (carbon)
  ----------
          Exponent        Coefficients
      ----------------  --------------------
  1 S  4.56324000E+03      0.778202
  1 S  6.82024000E+02      1.448695
  1 S  1.54973000E+02      2.383089
  1 S  4.44553000E+01      3.200089
  1 S  1.30290000E+01      3.013004
  1 S  1.82773000E+00      0.247599

  2 S  2.09642000E+01      0.800629
  2 S  4.80331000E+00      2.127420
  2 S  1.45933000E+00     -0.002868

  3 P  2.09642000E+01      2.573592
  3 P  4.80331000E+00      2.408248
  3 P  1.45933000E+00      1.865281

  4 S  4.83456000E-01      0.413217

  5 P  4.83456000E-01      0.574627

  6 S  1.45585000E-01      0.167976

  7 P  1.45585000E-01      0.128185

  8 D  6.26000000E-01      0.725128


  H (hydrogen)
  ------------
          Exponent        Coefficients
      ----------------  --------------------
  1 S  3.38650000E+01      0.255069
  1 S  5.09479000E+00      0.460109
  1 S  1.15879000E+00      0.678321

  2 S  3.25840000E-01      0.307371

  3 S  1.02741000E-01      0.129336


  N (nitrogen)
  ------------
          Exponent        Coefficients
      ----------------  --------------------
  1 S  6.29348000E+03      0.991968
  1 S  9.49044000E+02      1.823240
  1 S  2.18776000E+02      2.979891
  1 S  6.36916000E+01      4.000007
  1 S  1.88282000E+01      3.881008
  1 S  2.72023000E+00      0.386764

  2 S  3.06331000E+01      1.038501
  2 S  7.02614000E+00      2.834794
  2 S  2.11205000E+00     -0.003208

  3 P  3.06331000E+01      3.935616
  3 P  7.02614000E+00      3.870994
  3 P  2.11205000E+00      2.967271

  4 S  6.84009000E-01      0.536051

  5 P  6.84009000E-01      0.886681

  6 S  2.00878000E-01      0.213850

  7 P  2.00878000E-01      0.191693

  8 D  9.13000000E-01      1.403568


  O (oxygen)
  ----------
          Exponent        Coefficients
      ----------------  --------------------
  1 S  8.58850000E+03      1.205013
  1 S  1.29723000E+03      2.216205
  1 S  2.99296000E+02      3.627452
  1 S  8.73771000E+01      4.888452
  1 S  2.56789000E+01      4.835721
  1 S  3.74004000E+00      0.538229

  2 S  4.21175000E+01      1.341958
  2 S  9.62837000E+00      3.587114
  2 S  2.85332000E+00     -0.005123

  3 P  4.21175000E+01      5.584018
  3 P  9.62837000E+00      5.733366
  3 P  2.85332000E+00      4.332955

  4 S  9.05661000E-01      0.661659

  5 P  9.05661000E-01      1.259352

  6 S  2.55611000E-01      0.256209

  7 P  2.55611000E-01      0.259068

  8 D  1.29200000E+00      2.577026


  Br (bromine)
  ------------
          Exponent        Coefficients
      ----------------  --------------------
  1 S  4.39700000E+05      9.893706
  1 S  6.60300000E+04     18.450679
  1 S  1.51400000E+04     31.049770
  1 S  4.31700000E+03     48.888138
  1 S  1.41400000E+03     64.847798
  1 S  5.23900000E+02     42.245010

  2 S  5.23900000E+02     14.290679
  2 S  2.07700000E+02     24.083128
  2 S  8.65400000E+01      5.132542

  3 S  3.05200000E+01      9.254405

  4 S  1.29800000E+01      4.873782

  5 S  4.41200000E+00      2.169635

  6 S  1.86200000E+00      1.136043

  7 S  3.93200000E-01      0.353892

  8 S  1.40000000E-01      0.163120

  9 P  2.95700000E+03    691.874478
  9 P  7.00300000E+02    925.332763
  9 P  2.24600000E+02   1068.830732

  10 P  8.25900000E+01    122.079275
  10 P  3.31900000E+01     57.580687
  10 P  1.42000000E+01     10.176170

  11 P  1.42000000E+01      3.129736
  11 P  7.43800000E+00      6.538168
  11 P  3.52600000E+00      4.166276

  12 P  1.59500000E+00      2.555000

  13 P  8.46200000E-01      1.156861

  14 P  3.18600000E-01      0.341191

  15 P  1.09600000E-01      0.089888

  16 D  1.34800000E+02    160.709187
  16 D  3.63900000E+01    119.797406
  16 D  1.21600000E+01     55.531619
  16 D  4.34100000E+00     12.984636

  17 D  1.53500000E+00      3.484168

  18 D  4.51000000E-01      0.408525



Printing Internal Coordinates

------------------------------------------------------------
                Bond Lengths

i      j        Length (Angstroms)     Length (Bohr)
0      1          1.4244886615         2.6918934396
0      3          1.3869366653         2.6209304514
0      4          1.0826923338         2.0459919895
1      2          1.3336616294         2.5202552241
1      5          1.0784761868         2.0380246264
2      7          1.4812507311         2.7991582057
2      12         1.4651600176         2.7687511639
3      6          1.0736385346         2.0288827886
3      10         1.3672072859         2.5836473278
7      8          1.2037484770         2.2747549460
7      9          1.1986846829         2.2651857620
10     11         1.0820035696         2.0446904138
10     12         1.4604449501         2.7598409776
12     13         1.0871537193         2.0544227863
12     14         1.9705887308         3.7238730080

Number of Bonds: 15

------------------------------------------------------------
           Bond Angles

i      j      k      Angle (degrees)
0      1      2        117.3168 
0      1      5        120.9857 
0      3      6        120.1188 
0      3      10       119.3537 
1      0      3        122.6908 
1      0      4        117.7944 
1      2      7        119.1122 
1      2      12       124.5265 
2      1      5        121.6934 
2      7      8        115.0997 
2      7      9        116.0059 
2      12     10       113.9818 
2      12     13       113.1205 
2      12     14       108.5023 
3      0      4        119.5080 
3      10     11       121.4318 
3      10     12       121.8716 
6      3      10       120.5260 
7      2      12       116.3386 
8      7      9        128.8881 
10     12     13       113.3216 
10     12     14       102.0347 
11     10     12       116.6671 
13     12     14       104.6865 

Number of Angles: 24

------------------------------------------------------------
              Torsional Angles

i      j      k      l      Angle (degrees)
3      0      1      2          1.9964 
3      10     12     2          5.3511 
4      0      1      2       -178.9648 
5      1      0      3       -177.2845 
5      1      0      4          1.7543 
6      3      0      1        178.5046 
6      3      0      4         -0.5184 
10     3      0      1         -1.9386 
10     3      0      4        179.0385 
10     12     2      1         -5.4119 
11     10     3      0       -179.9820 
11     10     3      6         -0.4270 
11     10     12     2       -176.5960 
12     2      1      0          1.9502 
12     2      1      5       -178.7743 
12     10     3      0         -2.0214 
12     10     3      6        177.5337 
13     12     2      1       -136.7935 
13     12     10     3        136.6346 
13     12     10     11       -45.3126 
14     12     2      1        107.5119 
14     12     10     3       -111.3905 
14     12     10     11        66.6624 

Number of Torsional Angles: 23


----------------------------------------------------------------------
                          Center of Mass

         x               y               z              Unit
   0.01308212891  -0.01826339685   0.00109373808      Angstrom
   0.02472164079  -0.03451281817  0.002066865425          Bohr

----------------------------------------------------------------------
                Moment of Inertia Tensor

           1795.39          -92.5283          -80.8999
          -92.5283            2024.5          -647.665
          -80.8999          -647.665           2570.47

----------------------------------------------------------------------
                      Principal Moments of Inertia

           x                 y                 z                Unit
       430.4404118       518.8045343       840.2392619       amu * ang^2
       1537.130616       1852.684627       3000.548878      amu * bohr^2
  7.1476360743e-38  8.6149578517e-38  1.3952510721e-37          g * cm^2

 - Molecule is an asymmetric top.

----------------------------------------------------------------------

         Rotational constants (MHz)

    A = 1.1741e+03        B = 9.7412e+02        C = 6.0147e+02

----------------------------------------------------------------------

        Rotational constants (cm-1)

    A = 3.9164e-02        B = 3.2493e-02        C = 2.0063e-02

----------------------------------------------------------------------

                                Z-Matrix
C   
C        1       2.6918934
C        2       2.5202552     1       117.31682
C        3      5.26471658     2     62.30792177     1         -0.9445
H        4      4.04200526     3     83.79964942     2          1.0324
H        5      4.69589913     4     95.77449851     3         -1.5001
H        6      8.15469360     5     29.04234113     4         -0.9845
N        7     10.08593079     6     29.49499956     5        179.0701
O        8      2.27475495     7    113.98780394     6        171.5545
O        9      4.09577599     8     25.49817981     7       -175.8520
C       10      8.93753031     9     59.87191794     8          0.4113
H       11      2.04469041    10    148.22827840     9         -7.6623
C       12      4.10642552    11     36.91208834    10         -3.6722
H       13      2.05442279    12     93.85281356    11        139.1299
Br      14      4.68690732    13     50.22542884    12         91.8623

----------------------------------------------------------------------

             Converted back to Cartesian

C        0.000000      0.000000      0.000000
C        0.000000      0.000000      2.691893
C        0.000000      0.090047      0.173247
C        0.000029     -0.197878      5.430085
H       -0.000055      0.126119      1.401086
H        0.000187     -0.386673      6.068903
H       -0.000289      0.575495     -2.028829
N       -0.004572     -0.704346      7.975569
O       -0.003486     -0.337536      5.730584
O       -0.003786     -1.029323      9.767515
C       -0.011632      0.640430      0.987349
H       -0.004811      0.168289      2.976770
C       -0.020968      1.161306     -1.007748
H       -0.012249      0.607729      0.970667
Br      -0.034915      1.939496     -3.522993

----------------------------------------------------------------------
                       Geometry in bohr 

1     C      -3.3830082903    3.6740313584    1.3509956579
2     C      -0.6925144451    3.7588793298    1.3327205171
3     C       0.5339341496    1.5572898654    1.3100474073
4     C      -4.7279268511    1.4256303865    1.4228536125
5     H      -4.3937448814    5.4528770202    1.3367522131
6     H       0.3013302913    5.5379582306    1.3590887269
7     H      -6.7558151484    1.4537021995    1.4798307692
8     N       3.3295713895    1.5542517280    1.4503679439
9     O       4.2757585267   -0.4839274387    1.8040141657
10    O       4.3373940228    3.5706240466    1.2276511982
11    C      -3.4465905707   -0.8178071029    1.4028765763
12    H      -4.4315578596   -2.6088172423    1.4565516047
13    C      -0.6944731500   -0.9225867197    1.2251319386
14    H       0.1520188649   -2.2864745820    2.5072840951
15    Br     -0.1902048686   -2.3756498253   -2.1662617706

 Number of nodes, processes per node used for SCF calculation: 1, 4

Common Options
{
  maxiter       = 100
  basis         = 6-311g* spherical
  geom_units    = angstrom
  ang2au factor = 1.889726126
  debug         = false
  file_prefix   = ortho_th81_ph0_qed_ccsd_input
}

SCF Options
{
  charge            = 1
  multiplicity      = 1
  level shift       = 0
  tol_int           = 1e-22
  tol_sch           = 1e-12
  tol_lindep        = 1e-10
  conve             = 1e-07
  convd             = 1e-05
  diis_hist         = 10
  AO_tilesize       = 30
  writem            = 10
  damp              = 100
  n_lindep          = 0
  scf_type          = restricted
  cuscf             = false
  qed_omegas        = [0.06615,]
  qed_lambdas       = [0.1,]
  qed_polvecs       = [[0.9876883406,0,0.156434465,],]
  direct_df         = false
  restart_size      = 2000
  restart           = false
  debug             = false
}

Number of basis functions = 221

Total number of shells = 105

Total number of electrons = 98
  # of alpha electrons    = 49
  # of beta electons      = 49

Nuclear repulsion energy  = 780.698021045004

# of {all,non-negligible} shell-pairs = {5565,5001}
Number of AO tiles = 105

Time for initial setup: 0.02 secs
HF exch = 1.00

Time for computing 1-e integrals T, V, S: 0.01 secs
Time for computing orthogonalizer: 0.01 secs

Superposition of Atomic Density Guess ...
Time taken for SAD: 0.28 secs
Total Time to compute initial guess: 0.28 secs


 SCF iterations
-----------------------------------------------------------------------------
 Iter     Energy            E-Diff       RMSD        |[F,P]|^2       Time(s)
-----------------------------------------------------------------------------
   1  -3011.8698540028    -3.01e+03     1.68e-02     1.51e+03         0.7 
   2  -3005.7540991519     6.12e+00     6.84e-03     8.85e+00         2.2 
   3  -3006.0084483200    -2.54e-01     2.60e-03     3.18e+00         2.2 
   4  -3006.0997804969    -9.13e-02     1.20e-03     1.41e-01         2.2 
   5  -3006.1080469284    -8.27e-03     3.47e-04     1.79e-02         2.2 
   6  -3006.1090310788    -9.84e-04     2.08e-04     2.11e-03         2.2 
   7  -3006.1092840328    -2.53e-04     7.68e-05     3.68e-04         2.2 
   8  -3006.1093286295    -4.46e-05     3.24e-05     7.35e-05         2.2 
   9  -3006.1093368020    -8.17e-06     1.54e-05     1.14e-05         2.2 
  10  -3006.1093384957    -1.69e-06     6.67e-06     2.31e-06         2.2 
  11  -3006.1093387920    -2.96e-07     3.41e-06     5.02e-07         2.3 
  12  -3006.1093388745    -8.25e-08     1.61e-06     1.28e-07         2.2 

** Total SCF energy = -3006.1093388745035

Nuclear repulsion energy = 780.698021045004225
#electrons        = 98
1e energy kinetic = 3006.2205818073657611
1e energy N-e     = -8714.7350019109762798
1e energy         = -5704.6014821676253632
2e energy         = 1921.5145612092151168
QED energy        = 0.1924989748906683
QED eT energy     = 0.1732341745091423
QED eT energy from matrix = 0.1732341745091320

 Polarizability Matrix (QED energy = 0.5 * lambda.dot(matrix * lambda))
[38.79973697, -1.23623279, -0.82155196]
[-1.23623279, 45.70747270,  0.95287025]
[-0.82155196,  0.95287025, 36.91721959]

 Polarizability Matrix (QED eT energy = 0.5 * lambda.dot(matrix * lambda))
[34.99289152, -1.31872076, -0.88019472]
[-1.31872076, 42.75488454,  1.03191280]
[-0.88019472,  1.03191280, 31.96648293]


                      Electron        Nuclear        Total  
                  ------------------------------------------
    Monopole         -98.000000     99.000000      1.000000

      Dipole   X       0.340976     -4.036194     -3.695218
      Dipole   Y     -10.805306     12.027459      1.222153
      Dipole   Z     -13.734554     14.993998      1.259444

  Quadrupole  XX    -782.900268    741.871849    -41.028419
  Quadrupole  XY     -39.471426     33.596512     -5.874914
  Quadrupole  XZ     -33.611453     27.754738     -5.856715
  Quadrupole  YY    -631.730480    594.489512    -37.240968
  Quadrupole  YZ    -299.150921    302.002326      2.851405
  Quadrupole  ZZ    -342.092254    296.160308    -45.931946

    Octupole XXX     -21.635102    -59.022795    -80.657897
    Octupole XXY   -1109.359301   1101.070019     -8.289283
    Octupole XXZ   -1084.213628   1073.770896    -10.442732
    Octupole XYY      56.154592    -95.874674    -39.720082
    Octupole XYZ      26.950998    -31.941772     -4.990774
    Octupole XZZ      -0.131925      7.558087      7.426162
    Octupole YYY    -893.971559    873.914857    -20.056702
    Octupole YYZ    -112.269266    103.494724     -8.774543
    Octupole YZZ     207.562909   -237.920287    -30.357379
    Octupole ZZZ      83.886405   -158.306775    -74.420371

writing orbitals and density to disk ... done.

Total Time taken for Hartree-Fock: 26.65 secs

CD Options
{
  debug             = false
  skip_cd           = [false, 100]
  write_cv          = [false, 5000]
  diagtol           = 1e-06
  itilesize         = 1000
  max_cvecs_factor  = 12
}

- #occupied, #virtual = 98, 344

- Tilesize for the MSO space: 40

-----------------------------------------------------
Begin 2-index transformation ... 

nAO, nMO, nelectrons = 221, 442, 98
n_occ_alpha, n_vir_alpha, n_occ_beta, n_vir_beta = 49,172,49,172

Time taken for Fao->Fmo transform: 0.00 secs

-----------------------------------------------------
Number of AO tiles = 105
# of {all,non-negligible} shell-pairs = {5565,5001}

    Begin Cholesky Decomposition
---------------------------------------------
Total # of mpi ranks used for Cholesky decomposition: 4
  --> Number of nodes, mpi ranks per node: 1, 4
- CPU memory required for computing cholesky vectors: 1.93 GiB

- Time for computing the diagonal: 0.01 secs

- Total number of cholesky vectors = 1642

- Time to compute cholesky vectors: 15.03 secs

- CPU memory required for resizing the ao cholesky tensor: 1.56 GiB
- CPU memory required for ao2mo transformation: 1.70 GiB
- CPU memory required for the 2-step contraction: 2.11 GiB

- Time for ao to mo transform: 1.55 secs

   End Cholesky Decomposition
---------------------------------------------

Total Time taken for Cholesky Decomposition: 18.59 secs

scf_type = restricted
Closed-Shell SCF
QED-HF Enabled
nbf = 203
nbf_orig = 221
n_lindep = 0
focc = 1
nmo = 406
nocc = 62
nvir = 344
n_occ_alpha = 31
n_vir_alpha = 172
n_occ_beta = 31
n_vir_beta = 172
nelectrons = 98
nelectrons_alpha = 49
nelectrons_beta = 49
freeze atomic = true
n_frozen_core = 18
n_frozen_virtual = 0
----------------------------
--------- QED-CCSD --------
lambda_x: 0.0988
lambda_y: 0.0000
lambda_z: 0.0156
omega: 0.066150
coupling_factor_x: 0.017963
coupling_factor_y: 0.000000
coupling_factor_z: 0.002845
----------------------------
# of {all,non-negligible} shell-pairs = {5565,5001}
Number of AO tiles = 105
----------------------------
Electronic dipole expectation value using SCF density: 
dipole_x_elec: 0.34076271
dipole_y_elec: -10.80544329
dipole_z_elec: -13.73454920

d_n/N value: d_n is nuclear dipole moment and N is the total number of electrons 
d_nuc_x: -0.04118565
d_nuc_y: 0.12272918
d_nuc_z: 0.15299998

<d_e+d_n> expectation values: 
dipole_total_x: -3.69543125
dipole_total_y: 1.22201611
dipole_total_z: 1.25944901
----------------------------


 CCSD iterations
------------------------------------------------------------
  Iter     Residuum          Correlation          Time(s)
------------------------------------------------------------
   1     1.1843233278561    0.0000000000000         85.62
   2     0.1730887547684   -1.6062627316775         84.86
   3     0.0661945403050   -1.6252918466481         84.58
   4     0.0250881140947   -1.6872574575564         84.61
   5     0.0207980178807   -1.6853200844707         84.97
 MICROCYCLE DIIS UPDATE:                    6
   6     0.0095419495557   -1.6957465419050         83.60
   7     0.0069190096509   -1.6955367046625         83.44
   8     0.0057183189551   -1.6972147697303         83.10
   9     0.0066018564695   -1.6974880509145         83.15
  10     0.0086083178396   -1.6979396472479         83.23
 MICROCYCLE DIIS UPDATE:                   11
  11     0.0009978630529   -1.6986770738811         83.40
  12     0.0007063475519   -1.6985798121252         83.79
  13     0.0006207576447   -1.6987387153251         83.67
  14     0.0007983326188   -1.6986937646846         83.53
  15     0.0012024824769   -1.6987544406324         83.62
 MICROCYCLE DIIS UPDATE:                   16
  16     0.0001541867945   -1.6987968795703         84.25
  17     0.0001100059535   -1.6987632974037         84.15
  18     0.0001103513104   -1.6987840982646         83.31
  19     0.0001222209846   -1.6987882411819         83.23
  20     0.0001617793250   -1.6987902573049         83.20
 MICROCYCLE DIIS UPDATE:                   21
  21     0.0000304244734   -1.6988044449134         83.77
  22     0.0000227264695   -1.6987999421328         83.38
  23     0.0000234550540   -1.6988014407876         83.23
  24     0.0000330270349   -1.6987999936466         83.13
  25     0.0000514011812   -1.6988008591624         84.07
 MICROCYCLE DIIS UPDATE:                   26
  26     0.0000063646474   -1.6988002721542         84.10
  27     0.0000044504935   -1.6987999614396         84.35
  28     0.0000039534123   -1.6988005882479         84.16
  29     0.0000046144095   -1.6988008009132         83.40
  30     0.0000073335778   -1.6988008967467         83.41
 MICROCYCLE DIIS UPDATE:                   31
  31     0.0000014848244   -1.6988015047342         83.47
  32     0.0000011267223   -1.6988012439650         83.42
  33     0.0000010744368   -1.6988012567024         83.39
  34     0.0000012075635   -1.6988011829571         83.64
  35     0.0000017791258   -1.6988012048926         83.33
 MICROCYCLE DIIS UPDATE:                   36
  36     0.0000003504402   -1.6988011303083         83.46
------------------------------------------------------------------
 Iterations converged
 CCSD correlation energy / hartree =        -1.698801130308280
 CCSD total energy / hartree       =     -3007.808140004811776

Time taken for spin-orbital canonical QED-CCSD: 3102.71 secs
