
ExaChem Git Information
{
 WARNING: Failed to retrieve the current git state.
}


TAMM Git Information
{
 Branch: main
 Commit Hash: e71357ad [e71357ad54f38748b4a7e175aa6760820d5ce96f]
 Commit Date: 2026-02-02 23:14:56 -0800
 Commit Message: add GitHub Actions workflow for releases
}


date: Fri Aug  7 07:56:07 2026
program: "/global/cfs/cdirs/m3196/heindelj/cavity_qed/software/install_gpu/bin/bin/ExaChem"
nnodes: 1, nproc_per_node: 4, nproc_total: 4, ngpus_per_node: 1, ngpus_total: 1

Memory information
{
[AMD EPYC 7763 64-Core Processor                ] : 
  CPU memory per node (GiB): 251
  Total CPU memory (GiB): 251
[NVIDIA A100-SXM4-40GB, CUDA v12.9] : 
  GPU memory per device (GiB): 39
  GPU memory per node (GiB): 39
  Total GPU memory (GiB): 39
}

------------------------------------------------------------

Input file provided: /global/cfs/cdirs/m4262/heindelj/cavity_qed/mlip/lambda_scans/grid_scans_optimized_geoms/runs_grid_no_freq/meta_th90_ph36/meta_th90_ph36_qed_ccsd_input.json

{
  "geometry": {
    "coordinates": [
      "C    -0.928610115700    2.007878313700    0.849840441800",
      "C     0.461741687900    1.928709351500    0.749855833300",
      "C     1.139600013900    0.709940057600    0.740462227500",
      "C     0.490532672900   -0.469216031100    0.774823571500",
      "C    -1.631590207200    0.851716692900    0.825459851700",
      "H    -1.422546549900    2.967071871800    0.892599164600",
      "H     1.045167273900    2.832328290800    0.668424743700",
      "H     1.029088803600   -1.409295860500    0.769122807300",
      "H    -2.710383787600    0.866790777000    0.838966601200",
      "N     2.606844247000    0.714033351100    0.573817611600",
      "O     3.225417845200   -0.164959978800    1.109187242200",
      "O     3.014503559900    1.592499391200   -0.135478238800",
      "C    -0.975246012400   -0.460290362900    0.699340968600",
      "H    -1.436825212200   -1.234339358300    1.300793843900",
      "Br   -1.299527504200   -0.931267583000   -1.185759035800"
    ],
    "units": "angstrom",
    "noorient": true
  },
  "common": {
    "maxiter": 100,
    "debug": false
  },
  "basis": {
    "basisset": "6-311G*"
  },
  "SCF": {
    "charge": 1,
    "multiplicity": 1,
    "lshift": 0,
    "tol_lindep": 1e-10,
    "conve": 1e-07,
    "convd": 1e-05,
    "diis_hist": 10,
    "writem": 10,
    "restart": false,
    "noscf": false,
    "scf_type": "restricted",
    "debug": false,
    "qed_omegas": [
      0.06615
    ],
    "qed_volumes": [],
    "qed_lambdas": [
      0.1
    ],
    "qed_polvecs": [
      [
        0.8090169943749475,
        0.5877852522924731,
        6.123233995736766e-17
      ]
    ],
    "direct_df": false
  },
  "CD": {
    "debug": false,
    "diagtol": 1e-06
  },
  "CC": {
    "threshold": 1e-06,
    "ndiis": 5,
    "ccsd_maxiter": 200,
    "tilesize": 40,
    "freeze": {
      "atomic": true
    },
    "readt": false,
    "writet": true,
    "writet_iter": 5,
    "debug": false,
    "profile_ccsd": false,
    "balance_tiles": true
  },
  "TASK": {
    "scf": false,
    "ccsd": true
  }
}

Output folder & files prefix: meta_th90_ph36_qed_ccsd_input.6-311g*

  C (carbon)
  ----------
          Exponent        Coefficients
      ----------------  --------------------
  1 S  4.56324000E+03      0.778202
  1 S  6.82024000E+02      1.448695
  1 S  1.54973000E+02      2.383089
  1 S  4.44553000E+01      3.200089
  1 S  1.30290000E+01      3.013004
  1 S  1.82773000E+00      0.247599

  2 S  2.09642000E+01      0.800629
  2 S  4.80331000E+00      2.127420
  2 S  1.45933000E+00     -0.002868

  3 P  2.09642000E+01      2.573592
  3 P  4.80331000E+00      2.408248
  3 P  1.45933000E+00      1.865281

  4 S  4.83456000E-01      0.413217

  5 P  4.83456000E-01      0.574627

  6 S  1.45585000E-01      0.167976

  7 P  1.45585000E-01      0.128185

  8 D  6.26000000E-01      0.725128


  H (hydrogen)
  ------------
          Exponent        Coefficients
      ----------------  --------------------
  1 S  3.38650000E+01      0.255069
  1 S  5.09479000E+00      0.460109
  1 S  1.15879000E+00      0.678321

  2 S  3.25840000E-01      0.307371

  3 S  1.02741000E-01      0.129336


  N (nitrogen)
  ------------
          Exponent        Coefficients
      ----------------  --------------------
  1 S  6.29348000E+03      0.991968
  1 S  9.49044000E+02      1.823240
  1 S  2.18776000E+02      2.979891
  1 S  6.36916000E+01      4.000007
  1 S  1.88282000E+01      3.881008
  1 S  2.72023000E+00      0.386764

  2 S  3.06331000E+01      1.038501
  2 S  7.02614000E+00      2.834794
  2 S  2.11205000E+00     -0.003208

  3 P  3.06331000E+01      3.935616
  3 P  7.02614000E+00      3.870994
  3 P  2.11205000E+00      2.967271

  4 S  6.84009000E-01      0.536051

  5 P  6.84009000E-01      0.886681

  6 S  2.00878000E-01      0.213850

  7 P  2.00878000E-01      0.191693

  8 D  9.13000000E-01      1.403568


  O (oxygen)
  ----------
          Exponent        Coefficients
      ----------------  --------------------
  1 S  8.58850000E+03      1.205013
  1 S  1.29723000E+03      2.216205
  1 S  2.99296000E+02      3.627452
  1 S  8.73771000E+01      4.888452
  1 S  2.56789000E+01      4.835721
  1 S  3.74004000E+00      0.538229

  2 S  4.21175000E+01      1.341958
  2 S  9.62837000E+00      3.587114
  2 S  2.85332000E+00     -0.005123

  3 P  4.21175000E+01      5.584018
  3 P  9.62837000E+00      5.733366
  3 P  2.85332000E+00      4.332955

  4 S  9.05661000E-01      0.661659

  5 P  9.05661000E-01      1.259352

  6 S  2.55611000E-01      0.256209

  7 P  2.55611000E-01      0.259068

  8 D  1.29200000E+00      2.577026


  Br (bromine)
  ------------
          Exponent        Coefficients
      ----------------  --------------------
  1 S  4.39700000E+05      9.893706
  1 S  6.60300000E+04     18.450679
  1 S  1.51400000E+04     31.049770
  1 S  4.31700000E+03     48.888138
  1 S  1.41400000E+03     64.847798
  1 S  5.23900000E+02     42.245010

  2 S  5.23900000E+02     14.290679
  2 S  2.07700000E+02     24.083128
  2 S  8.65400000E+01      5.132542

  3 S  3.05200000E+01      9.254405

  4 S  1.29800000E+01      4.873782

  5 S  4.41200000E+00      2.169635

  6 S  1.86200000E+00      1.136043

  7 S  3.93200000E-01      0.353892

  8 S  1.40000000E-01      0.163120

  9 P  2.95700000E+03    691.874478
  9 P  7.00300000E+02    925.332763
  9 P  2.24600000E+02   1068.830732

  10 P  8.25900000E+01    122.079275
  10 P  3.31900000E+01     57.580687
  10 P  1.42000000E+01     10.176170

  11 P  1.42000000E+01      3.129736
  11 P  7.43800000E+00      6.538168
  11 P  3.52600000E+00      4.166276

  12 P  1.59500000E+00      2.555000

  13 P  8.46200000E-01      1.156861

  14 P  3.18600000E-01      0.341191

  15 P  1.09600000E-01      0.089888

  16 D  1.34800000E+02    160.709187
  16 D  3.63900000E+01    119.797406
  16 D  1.21600000E+01     55.531619
  16 D  4.34100000E+00     12.984636

  17 D  1.53500000E+00      3.484168

  18 D  4.51000000E-01      0.408525



Printing Internal Coordinates

------------------------------------------------------------
                Bond Lengths

i      j        Length (Angstroms)     Length (Bohr)
0      1          1.3961886636         2.6384141942
0      4          1.3533237291         2.5574112076
0      5          1.0797470960         2.0404262967
1      2          1.3946249466         2.6354591975
1      6          1.0786767932         2.0384037175
2      3          1.3464316532         2.5443870717
2      9          1.4766830474         2.7905265345
3      7          1.0834321807         2.0473900976
3      12         1.4677480864         2.7736419051
4      8          1.0789834333         2.0389831834
4      12         1.4724320661         2.7824933439
9      10         1.2007844152         2.2691536810
9      11         1.2004121386         2.2684501801
12     13         1.0834910088         2.0475012665
12     14         1.9699187939         3.7226070107

Number of Bonds: 15

------------------------------------------------------------
           Bond Angles

i      j      k      Angle (degrees)
0      1      2        122.2798 
0      1      6        119.7697 
0      4      8        120.4772 
0      4      12       122.0886 
1      0      4        117.8749 
1      0      5        120.5807 
1      2      3        122.0632 
1      2      9        118.7691 
2      1      6        117.9486 
2      3      7        121.3408 
2      3      12       118.3450 
2      9      10       117.3552 
2      9      11       113.9625 
3      2      9        118.9660 
3      12     4        116.4983 
3      12     13       113.1131 
3      12     14       102.2487 
4      0      5        121.4677 
4      12     13       113.5234 
4      12     14       102.8043 
7      3      12       120.0941 
8      4      12       117.3353 
10     9      11       128.6230 
13     12     14       106.8744 

Number of Angles: 24

------------------------------------------------------------
              Torsional Angles

i      j      k      l      Angle (degrees)
3      2      1      0          2.6469 
4      0      1      2         -5.4897 
5      0      1      2        177.6473 
6      1      0      4        174.0079 
6      1      0      5         -2.8551 
6      1      2      3       -176.8595 
7      3      2      1       -179.8721 
8      4      0      1       -176.2445 
8      4      0      5          0.5891 

Number of Torsional Angles: 9


----------------------------------------------------------------------
                          Center of Mass

         x               y               z              Unit
    0.0572135188   0.08518054987  -0.05405231474      Angstrom
    0.1081178812    0.1609679105   -0.1021440713          Bohr

----------------------------------------------------------------------
                Moment of Inertia Tensor

              1550          -609.665          -630.232
          -609.665           2905.05          -483.855
          -630.232          -483.855           3141.88

----------------------------------------------------------------------
                      Principal Moments of Inertia

           x                 y                 z                Unit
       290.4372778        847.535733        989.381962       amu * ang^2
       1037.170348       3026.605049       3533.147129      amu * bohr^2
  4.8228277537e-38  1.4073671556e-37  1.6429085210e-37          g * cm^2

 - Molecule is an asymmetric top.

----------------------------------------------------------------------

         Rotational constants (MHz)

    A = 1.7401e+03        B = 5.9629e+02        C = 5.1080e+02

----------------------------------------------------------------------

        Rotational constants (cm-1)

    A = 5.8042e-02        B = 1.9890e-02        C = 1.7039e-02

----------------------------------------------------------------------

                                Z-Matrix
C   
C        1       2.6384142
C        2       2.6354592     1       122.27982
C        3      2.54438707     2    122.06319382     1          2.6469
C        4      4.72463006     3     86.96136845     2          0.1317
H        5      4.01891680     4    116.27774484     3         -2.9711
H        6      4.68942364     5     92.34326322     4          4.8630
H        7      8.01782403     6     92.77249670     5         -3.6498
H        8      8.27370004     7     58.92923589     6          3.3694
N        9     10.06473045     8     29.72733391     7          2.0167
O       10      2.26915368     9    120.86983682     8        -30.2010
O       11      4.08912475    10     25.68424760     9        174.7067
C       12      8.62447704    11     67.33647294    10        -14.7434
H       13      2.04750127    12    142.68274623    11          9.6139
Br      14      4.74078331    13     48.71363231    12       -121.9809

----------------------------------------------------------------------

             Converted back to Cartesian

C        0.000000      0.000000      0.000000
C        0.000000      0.000000      2.638414
C        0.000000      0.098144      0.004783
C       -0.000076     -0.091062      2.542125
C        0.000161      0.384943     -2.158465
H       -0.000021     -0.161305      1.823156
H       -0.000023      0.606495     -2.802984
H        0.000601     -0.929237      5.066389
H       -0.000601      0.801011     -3.024369
N        0.001147     -1.392826      6.798354
O        0.001259     -0.817028      4.603470
O       -0.000838     -1.885502      8.550532
C        0.014856      0.537968      0.273567
H        0.005207     -0.122021      2.211757
Br       0.034827      1.472172     -2.252848

----------------------------------------------------------------------
                       Geometry in bohr 

1     C      -1.7548187964    3.7943401070    1.6059656857
2     C       0.8725653310    3.6447324508    1.4170221589
3     C       2.1535319194    1.3415922747    1.3992708166
4     C       0.9269724076   -0.8866897927    1.4642043460
5     C      -3.0832586413    1.6095112864    1.5598930476
6     H      -2.6882233807    5.6069532336    1.6867679613
7     H       1.9750799034    5.3523247683    1.2631397014
8     H       1.9446959980   -2.6631832067    1.4534314630
9     H      -5.1218830547    1.6379971770    1.5854171051
10    N       4.9262216797    1.3493274783    1.0843581321
11    O       6.0951563690   -0.3117291817    2.0960601101
12    O       5.6965861338    3.0093877050   -0.2560167674
13    C      -1.8429478688   -0.8698227243    1.3215628993
14    H      -2.7152061419   -2.3325633336    2.4581441112
15    Br     -2.4557510760   -1.7598406818   -2.2407598290

 Number of nodes, processes per node used for SCF calculation: 1, 4

Common Options
{
  maxiter       = 100
  basis         = 6-311g* spherical
  geom_units    = angstrom
  ang2au factor = 1.889726126
  debug         = false
  file_prefix   = meta_th90_ph36_qed_ccsd_input
}

SCF Options
{
  charge            = 1
  multiplicity      = 1
  level shift       = 0
  tol_int           = 1e-22
  tol_sch           = 1e-12
  tol_lindep        = 1e-10
  conve             = 1e-07
  convd             = 1e-05
  diis_hist         = 10
  AO_tilesize       = 30
  writem            = 10
  damp              = 100
  n_lindep          = 0
  scf_type          = restricted
  cuscf             = false
  qed_omegas        = [0.06615,]
  qed_lambdas       = [0.1,]
  qed_polvecs       = [[0.8090169944,0.5877852523,6.123233996e-17,],]
  direct_df         = false
  restart_size      = 2000
  restart           = false
  debug             = false
}

Number of basis functions = 221

Total number of shells = 105

Total number of electrons = 98
  # of alpha electrons    = 49
  # of beta electons      = 49

Nuclear repulsion energy  = 756.858007956942

# of {all,non-negligible} shell-pairs = {5565,4935}
Number of AO tiles = 105

Time for initial setup: 0.01 secs
HF exch = 1.00

Time for computing 1-e integrals T, V, S: 0.01 secs
Time for computing orthogonalizer: 0.01 secs

Superposition of Atomic Density Guess ...
Time taken for SAD: 0.31 secs
Total Time to compute initial guess: 0.31 secs


 SCF iterations
-----------------------------------------------------------------------------
 Iter     Energy            E-Diff       RMSD        |[F,P]|^2       Time(s)
-----------------------------------------------------------------------------
   1  -3011.7835057085    -3.01e+03     1.65e-02     1.52e+03         0.7 
   2  -3005.7312990247     6.05e+00     6.84e-03     9.42e+00         2.1 
   3  -3006.0142941794    -2.83e-01     2.35e-03     2.69e+00         2.2 
   4  -3006.0929407279    -7.86e-02     1.20e-03     1.02e-01         2.2 
   5  -3006.0997030059    -6.76e-03     2.90e-04     1.00e-02         2.2 
   6  -3006.1003936416    -6.91e-04     2.06e-04     1.81e-03         2.3 
   7  -3006.1005968635    -2.03e-04     7.51e-05     2.54e-04         2.2 
   8  -3006.1006274310    -3.06e-05     2.20e-05     4.39e-05         2.2 
   9  -3006.1006318632    -4.43e-06     1.28e-05     7.88e-06         2.2 
  10  -3006.1006330896    -1.23e-06     6.51e-06     1.43e-06         2.2 
  11  -3006.1006333736    -2.84e-07     3.37e-06     3.96e-07         2.2 
  12  -3006.1006334466    -7.29e-08     1.79e-06     8.76e-08         2.2 

** Total SCF energy = -3006.1006334465501

Nuclear repulsion energy = 756.858007956941719
#electrons        = 98
1e energy kinetic = 3006.2587846510682539
1e energy N-e     = -8666.7532184754545597
1e energy         = -5654.5095087211839200
2e energy         = 1897.3320385710799201
QED energy        = 0.2037538498138858
QED eT energy     = 0.1859367236904558
QED eT energy from matrix = 0.1859367236904469

 Polarizability Matrix (QED energy = 0.5 * lambda.dot(matrix * lambda))
[39.69873775,  0.06870380,  0.63112685]
[ 0.06870380, 42.55464306, -0.88123504]
[ 0.63112685, -0.88123504, 38.48766782]

 Polarizability Matrix (QED eT energy = 0.5 * lambda.dot(matrix * lambda))
[35.97880279,  0.10717647,  0.69279159]
[ 0.10717647, 39.18180796, -1.15644619]
[ 0.69279159, -1.15644619, 34.06831882]


                      Electron        Nuclear        Total  
                  ------------------------------------------
    Monopole         -98.000000     99.000000      1.000000

      Dipole   X     -22.052037     19.892934     -2.159103
      Dipole   Y     -27.800978     28.835647      1.034669
      Dipole   Z      -3.418527      4.938674      1.520146

  Quadrupole  XX   -1169.786978   1119.724209    -50.062769
  Quadrupole  XY    -281.095818    279.376633     -1.719185
  Quadrupole  XZ    -281.592729    279.782790     -1.809939
  Quadrupole  YY    -509.188915    471.357407    -37.831508
  Quadrupole  YZ    -221.360712    225.270332      3.909620
  Quadrupole  ZZ    -357.967968    311.959634    -46.008334

    Octupole XXX   -3429.528084   3272.990911   -156.537173
    Octupole XXY    -844.703777    817.066718    -27.637060
    Octupole XXZ    -560.822859    548.600570    -12.222289
    Octupole XYY     -90.487544     60.700970    -29.786574
    Octupole XYZ     431.385959   -426.607003      4.778956
    Octupole XZZ     214.257007   -247.213391    -32.956383
    Octupole YYY   -1034.767512    996.282394    -38.485118
    Octupole YYZ    -171.460977    175.093958      3.632980
    Octupole YZZ     143.481804   -177.283713    -33.801909
    Octupole ZZZ     101.778070   -168.775062    -66.996992

writing orbitals and density to disk ... done.

Total Time taken for Hartree-Fock: 26.39 secs

CD Options
{
  debug             = false
  skip_cd           = [false, 100]
  write_cv          = [false, 5000]
  diagtol           = 1e-06
  itilesize         = 1000
  max_cvecs_factor  = 12
}

- #occupied, #virtual = 98, 344

- Tilesize for the MSO space: 40

-----------------------------------------------------
Begin 2-index transformation ... 

nAO, nMO, nelectrons = 221, 442, 98
n_occ_alpha, n_vir_alpha, n_occ_beta, n_vir_beta = 49,172,49,172

Time taken for Fao->Fmo transform: 0.00 secs

-----------------------------------------------------
Number of AO tiles = 105
# of {all,non-negligible} shell-pairs = {5565,4935}

    Begin Cholesky Decomposition
---------------------------------------------
Total # of mpi ranks used for Cholesky decomposition: 4
  --> Number of nodes, mpi ranks per node: 1, 4
- CPU memory required for computing cholesky vectors: 1.93 GiB

- Time for computing the diagonal: 0.01 secs

- Total number of cholesky vectors = 1645

- Time to compute cholesky vectors: 15.78 secs

- CPU memory required for resizing the ao cholesky tensor: 1.56 GiB
- CPU memory required for ao2mo transformation: 1.70 GiB
- CPU memory required for the 2-step contraction: 2.11 GiB

- Time for ao to mo transform: 1.58 secs

   End Cholesky Decomposition
---------------------------------------------

Total Time taken for Cholesky Decomposition: 19.14 secs

scf_type = restricted
Closed-Shell SCF
QED-HF Enabled
nbf = 203
nbf_orig = 221
n_lindep = 0
focc = 1
nmo = 406
nocc = 62
nvir = 344
n_occ_alpha = 31
n_vir_alpha = 172
n_occ_beta = 31
n_vir_beta = 172
nelectrons = 98
nelectrons_alpha = 49
nelectrons_beta = 49
freeze atomic = true
n_frozen_core = 18
n_frozen_virtual = 0
----------------------------
--------- QED-CCSD --------
lambda_x: 0.0809
lambda_y: 0.0588
lambda_z: 0.0000
omega: 0.066150
coupling_factor_x: 0.014713
coupling_factor_y: 0.010690
coupling_factor_z: 0.000000
----------------------------
# of {all,non-negligible} shell-pairs = {5565,4935}
Number of AO tiles = 105
----------------------------
Electronic dipole expectation value using SCF density: 
dipole_x_elec: -22.05184827
dipole_y_elec: -27.80089828
dipole_z_elec: -3.41853151

d_n/N value: d_n is nuclear dipole moment and N is the total number of electrons 
d_nuc_x: 0.20298912
d_nuc_y: 0.29424130
d_nuc_z: 0.05039463

<d_e+d_n> expectation values: 
dipole_total_x: -2.15891471
dipole_total_y: 1.03474864
dipole_total_z: 1.52014220
----------------------------


 CCSD iterations
------------------------------------------------------------
  Iter     Residuum          Correlation          Time(s)
------------------------------------------------------------
   1     1.1848279373483    0.0000000000000         88.57
   2     0.1753242530925   -1.5999741191670         87.85
   3     0.0686400890746   -1.6252033848943         87.75
   4     0.0270347075381   -1.6924928140509         87.60
   5     0.0209992728276   -1.6873337134237         87.00
 MICROCYCLE DIIS UPDATE:                    6
   6     0.0099093570107   -1.6997908391062         85.70
   7     0.0066424024347   -1.6993700805628         86.02
   8     0.0051618263483   -1.7011048571226         85.57
   9     0.0046940017808   -1.7014444518213         85.58
  10     0.0054370200907   -1.7018462995196         85.49
 MICROCYCLE DIIS UPDATE:                   11
  11     0.0009093017555   -1.7027107670188         86.12
  12     0.0006642684708   -1.7025676827925         85.79
  13     0.0006184142966   -1.7027317620000         85.01
  14     0.0008056109345   -1.7026633311444         83.89
  15     0.0011816664538   -1.7027245077949         84.58
 MICROCYCLE DIIS UPDATE:                   16
  16     0.0001579210054   -1.7027436519465         85.48
  17     0.0001080610582   -1.7027143007009         85.45
  18     0.0001038551824   -1.7027308887520         85.31
  19     0.0000980359154   -1.7027339840760         85.40
  20     0.0001235968661   -1.7027358440628         85.43
 MICROCYCLE DIIS UPDATE:                   21
  21     0.0000371518787   -1.7027546138252         85.26
  22     0.0000260693480   -1.7027458968216         85.15
  23     0.0000227723369   -1.7027476965044         84.97
  24     0.0000270133698   -1.7027450991792         85.01
  25     0.0000386906341   -1.7027458500760         84.98
 MICROCYCLE DIIS UPDATE:                   26
  26     0.0000085236465   -1.7027447331551         84.99
  27     0.0000061915155   -1.7027437898371         85.38
  28     0.0000055529439   -1.7027448690598         85.02
  29     0.0000054365522   -1.7027450225949         84.98
  30     0.0000069987329   -1.7027451862761         84.95
 MICROCYCLE DIIS UPDATE:                   31
  31     0.0000022203785   -1.7027463351733         85.00
  32     0.0000015814827   -1.7027457220759         85.11
  33     0.0000013732733   -1.7027457549605         85.25
  34     0.0000015158094   -1.7027456069204         85.08
  35     0.0000020342322   -1.7027456315933         85.07
 MICROCYCLE DIIS UPDATE:                   36
  36     0.0000005331338   -1.7027455482420         85.59
------------------------------------------------------------------
 Iterations converged
 CCSD correlation energy / hartree =        -1.702745548241990
 CCSD total energy / hartree       =     -3007.803378994792183

Time taken for spin-orbital canonical QED-CCSD: 3156.91 secs
