
ExaChem Git Information
{
 WARNING: Failed to retrieve the current git state.
}


TAMM Git Information
{
 Branch: main
 Commit Hash: e71357ad [e71357ad54f38748b4a7e175aa6760820d5ce96f]
 Commit Date: 2026-02-02 23:14:56 -0800
 Commit Message: add GitHub Actions workflow for releases
}


date: Fri Aug  7 09:02:56 2026
program: "/global/cfs/cdirs/m3196/heindelj/cavity_qed/software/install_gpu/bin/bin/ExaChem"
nnodes: 1, nproc_per_node: 4, nproc_total: 4, ngpus_per_node: 1, ngpus_total: 1

Memory information
{
[AMD EPYC 7763 64-Core Processor                ] : 
  CPU memory per node (GiB): 251
  Total CPU memory (GiB): 251
[NVIDIA A100-SXM4-40GB, CUDA v12.9] : 
  GPU memory per device (GiB): 39
  GPU memory per node (GiB): 39
  Total GPU memory (GiB): 39
}

------------------------------------------------------------

Input file provided: /global/cfs/cdirs/m4262/heindelj/cavity_qed/mlip/lambda_scans/grid_scans_optimized_geoms/runs_grid_no_freq/meta_th45_ph0/meta_th45_ph0_qed_ccsd_input.json

{
  "geometry": {
    "coordinates": [
      "C    -0.931839963300    2.021431560600    0.765810816400",
      "C     0.465599575000    1.957111141000    0.666991319100",
      "C     1.142901715300    0.730684839500    0.664855716300",
      "C     0.482683113400   -0.443227709000    0.716625328800",
      "C    -1.636849818100    0.862129185300    0.799293682800",
      "H    -1.421019648300    2.983477932100    0.806363683600",
      "H     1.055789854400    2.864838193400    0.603672594400",
      "H     1.020652133700   -1.382367804000    0.697789186000",
      "H    -2.715651439200    0.871507419500    0.863962216200",
      "N     2.626563212500    0.724026440800    0.617137836800",
      "O     3.143284840300   -0.359811899600    0.596143805500",
      "O     3.154651524300    1.803274835200    0.580740554100",
      "C    -0.984903787700   -0.454215102400    0.695932593600",
      "H    -1.395448302000   -1.149071856100    1.431650614400",
      "Br   -1.398246297700   -1.228188262700   -1.035512323000"
    ],
    "units": "angstrom",
    "noorient": true
  },
  "common": {
    "maxiter": 100,
    "debug": false
  },
  "basis": {
    "basisset": "6-311G*"
  },
  "SCF": {
    "charge": 1,
    "multiplicity": 1,
    "lshift": 0,
    "tol_lindep": 1e-10,
    "conve": 1e-07,
    "convd": 1e-05,
    "diis_hist": 10,
    "writem": 10,
    "restart": false,
    "noscf": false,
    "scf_type": "restricted",
    "debug": false,
    "qed_omegas": [
      0.06615
    ],
    "qed_volumes": [],
    "qed_lambdas": [
      0.1
    ],
    "qed_polvecs": [
      [
        0.7071067811865475,
        0.0,
        0.7071067811865476
      ]
    ],
    "direct_df": false
  },
  "CD": {
    "debug": false,
    "diagtol": 1e-06
  },
  "CC": {
    "threshold": 1e-06,
    "ndiis": 5,
    "ccsd_maxiter": 200,
    "tilesize": 40,
    "freeze": {
      "atomic": true
    },
    "readt": false,
    "writet": true,
    "writet_iter": 5,
    "debug": false,
    "profile_ccsd": false,
    "balance_tiles": true
  },
  "TASK": {
    "scf": false,
    "ccsd": true
  }
}

Output folder & files prefix: meta_th45_ph0_qed_ccsd_input.6-311g*

  C (carbon)
  ----------
          Exponent        Coefficients
      ----------------  --------------------
  1 S  4.56324000E+03      0.778202
  1 S  6.82024000E+02      1.448695
  1 S  1.54973000E+02      2.383089
  1 S  4.44553000E+01      3.200089
  1 S  1.30290000E+01      3.013004
  1 S  1.82773000E+00      0.247599

  2 S  2.09642000E+01      0.800629
  2 S  4.80331000E+00      2.127420
  2 S  1.45933000E+00     -0.002868

  3 P  2.09642000E+01      2.573592
  3 P  4.80331000E+00      2.408248
  3 P  1.45933000E+00      1.865281

  4 S  4.83456000E-01      0.413217

  5 P  4.83456000E-01      0.574627

  6 S  1.45585000E-01      0.167976

  7 P  1.45585000E-01      0.128185

  8 D  6.26000000E-01      0.725128


  H (hydrogen)
  ------------
          Exponent        Coefficients
      ----------------  --------------------
  1 S  3.38650000E+01      0.255069
  1 S  5.09479000E+00      0.460109
  1 S  1.15879000E+00      0.678321

  2 S  3.25840000E-01      0.307371

  3 S  1.02741000E-01      0.129336


  N (nitrogen)
  ------------
          Exponent        Coefficients
      ----------------  --------------------
  1 S  6.29348000E+03      0.991968
  1 S  9.49044000E+02      1.823240
  1 S  2.18776000E+02      2.979891
  1 S  6.36916000E+01      4.000007
  1 S  1.88282000E+01      3.881008
  1 S  2.72023000E+00      0.386764

  2 S  3.06331000E+01      1.038501
  2 S  7.02614000E+00      2.834794
  2 S  2.11205000E+00     -0.003208

  3 P  3.06331000E+01      3.935616
  3 P  7.02614000E+00      3.870994
  3 P  2.11205000E+00      2.967271

  4 S  6.84009000E-01      0.536051

  5 P  6.84009000E-01      0.886681

  6 S  2.00878000E-01      0.213850

  7 P  2.00878000E-01      0.191693

  8 D  9.13000000E-01      1.403568


  O (oxygen)
  ----------
          Exponent        Coefficients
      ----------------  --------------------
  1 S  8.58850000E+03      1.205013
  1 S  1.29723000E+03      2.216205
  1 S  2.99296000E+02      3.627452
  1 S  8.73771000E+01      4.888452
  1 S  2.56789000E+01      4.835721
  1 S  3.74004000E+00      0.538229

  2 S  4.21175000E+01      1.341958
  2 S  9.62837000E+00      3.587114
  2 S  2.85332000E+00     -0.005123

  3 P  4.21175000E+01      5.584018
  3 P  9.62837000E+00      5.733366
  3 P  2.85332000E+00      4.332955

  4 S  9.05661000E-01      0.661659

  5 P  9.05661000E-01      1.259352

  6 S  2.55611000E-01      0.256209

  7 P  2.55611000E-01      0.259068

  8 D  1.29200000E+00      2.577026


  Br (bromine)
  ------------
          Exponent        Coefficients
      ----------------  --------------------
  1 S  4.39700000E+05      9.893706
  1 S  6.60300000E+04     18.450679
  1 S  1.51400000E+04     31.049770
  1 S  4.31700000E+03     48.888138
  1 S  1.41400000E+03     64.847798
  1 S  5.23900000E+02     42.245010

  2 S  5.23900000E+02     14.290679
  2 S  2.07700000E+02     24.083128
  2 S  8.65400000E+01      5.132542

  3 S  3.05200000E+01      9.254405

  4 S  1.29800000E+01      4.873782

  5 S  4.41200000E+00      2.169635

  6 S  1.86200000E+00      1.136043

  7 S  3.93200000E-01      0.353892

  8 S  1.40000000E-01      0.163120

  9 P  2.95700000E+03    691.874478
  9 P  7.00300000E+02    925.332763
  9 P  2.24600000E+02   1068.830732

  10 P  8.25900000E+01    122.079275
  10 P  3.31900000E+01     57.580687
  10 P  1.42000000E+01     10.176170

  11 P  1.42000000E+01      3.129736
  11 P  7.43800000E+00      6.538168
  11 P  3.52600000E+00      4.166276

  12 P  1.59500000E+00      2.555000

  13 P  8.46200000E-01      1.156861

  14 P  3.18600000E-01      0.341191

  15 P  1.09600000E-01      0.089888

  16 D  1.34800000E+02    160.709187
  16 D  3.63900000E+01    119.797406
  16 D  1.21600000E+01     55.531619
  16 D  4.34100000E+00     12.984636

  17 D  1.53500000E+00      3.484168

  18 D  4.51000000E-01      0.408525



Printing Internal Coordinates

------------------------------------------------------------
                Bond Lengths

i      j        Length (Angstroms)     Length (Bohr)
0      1          1.4024049603         2.6501612926
0      4          1.3572553168         2.5648408318
0      5          1.0800344995         2.0409694106
1      2          1.4010225634         2.6475489410
1      6          1.0845746763         2.0495491013
2      3          1.3478276472         2.5470251182
2      9          1.4844435889         2.8051918323
3      7          1.0824738265         2.0455790706
3      12         1.4677739010         2.7736906876
4      8          1.0807788433         2.0423760166
4      12         1.4725757791         2.7827649221
9      10         1.2008944742         2.2693616623
9      11         1.2020728447         2.2715884600
12     13         1.0920868612         2.0637450735
12     14         1.9410790769         3.6681078440

Number of Bonds: 15

------------------------------------------------------------
           Bond Angles

i      j      k      Angle (degrees)
0      1      2        121.4651 
0      1      6        120.5286 
0      4      8        120.8340 
0      4      12       122.1293 
1      0      4        118.6960 
1      0      5        119.6583 
1      2      3        121.7061 
1      2      9        119.1538 
2      1      6        118.0008 
2      3      7        120.7658 
2      3      12       119.7195 
2      9      10       115.7639 
2      9      11       115.8508 
3      2      9        119.1376 
3      12     4        115.7845 
3      12     13       111.7862 
3      12     14       103.2075 
4      0      5        121.6444 
4      12     13       110.7961 
4      12     14       108.9513 
7      3      12       119.3523 
8      4      12       116.9924 
10     9      11       128.3709 
13     12     14       105.4961 

Number of Angles: 24

------------------------------------------------------------
              Torsional Angles

i      j      k      l      Angle (degrees)
3      2      1      0          2.0434 
4      0      1      2         -2.9750 
5      0      1      2        177.4480 
6      1      0      4        177.8935 
6      1      0      5         -1.6835 
6      1      2      3       -178.8039 
7      3      2      1        178.9904 
8      4      0      1       -179.3185 
8      4      0      5          0.2497 

Number of Torsional Angles: 9


----------------------------------------------------------------------
                          Center of Mass

         x               y               z              Unit
   0.02335713346  -0.02275320739  0.004254635038      Angstrom
   0.04413858532  -0.04299733046  0.008040094987          Bohr

----------------------------------------------------------------------
                Moment of Inertia Tensor

           1649.99          -777.359          -635.647
          -777.359           2866.11          -586.602
          -635.647          -586.602           3489.38

----------------------------------------------------------------------
                      Principal Moments of Inertia

           x                 y                 z                Unit
       278.1106877       883.8195731       1079.832111       amu * ang^2
       993.1512959       3156.176994       3856.150474      amu * bohr^2
  4.6181397696e-38  1.4676179306e-37  1.7931046293e-37          g * cm^2

 - Molecule is an asymmetric top.

----------------------------------------------------------------------

         Rotational constants (MHz)

    A = 1.8172e+03        B = 5.7181e+02        C = 4.6802e+02

----------------------------------------------------------------------

        Rotational constants (cm-1)

    A = 6.0615e-02        B = 1.9074e-02        C = 1.5611e-02

----------------------------------------------------------------------

                                Z-Matrix
C   
C        1       2.6501613
C        2       2.6475489     1       121.46507
C        3      2.54702512     2    121.70612205     1          2.0434
C        4      4.70659824     3     87.80213893     2         -0.5261
H        5      4.02948511     4    115.80985663     3         -1.5680
H        6      4.70148684     5     93.04128880     4          2.6688
H        7      8.02830109     6     92.15679320     5         -1.8907
H        8      8.25175077     7     59.46306676     6          1.4426
N        9     10.10993416     8     29.49537243     7         -1.2474
O       10      2.26936166     9    117.08713853     8          0.0177
O       11      4.08780159    10     25.82811647     9        179.4502
C       12      8.91290849    11     61.09211262    10         -1.7702
H       13      2.06374507    12    130.61203105    11         60.3898
Br      14      4.66466184    13     49.26850163    12       -136.4125

----------------------------------------------------------------------

             Converted back to Cartesian

C        0.000000      0.000000      0.000000
C        0.000000      0.000000      2.650161
C        0.000000      0.097938      0.004424
C       -0.000059     -0.090558      2.544465
C        0.000148      0.383158     -2.138233
H       -0.000072     -0.163555      1.853991
H        0.000117      0.606078     -2.784073
H        0.000040     -0.929941      5.095918
H       -0.000109      0.795269     -2.973471
N        0.000247     -1.407177      6.893646
O        0.000012     -0.834132      4.697827
O       -0.001261     -1.897402      8.644924
C        0.010349      0.580437      0.083375
H        0.001784     -0.071490      2.041426
Br       0.029042      1.467872     -2.361833

----------------------------------------------------------------------
                       Geometry in bohr 

1     C      -1.7609223238    3.8199520318    1.4471727073
2     C       0.8798556811    3.6984040545    1.2604309215
3     C       2.1597712307    1.3807942310    1.2563952171
4     C       0.9121388899   -0.8375789814    1.3542256063
5     C      -3.0931978655    1.6291880454    1.5104461547
6     H      -2.6853379548    5.6379561944    1.5238065199
7     H       1.9951536713    5.4137595806    1.1407758731
8     H       1.9287530025   -2.6122965548    1.3186304552
9     H      -5.1318374735    1.6469103396    1.6326519718
10    N       4.9634851240    1.3682116810    1.1662214935
11    O       5.9399474839   -0.6799459471    1.1265485241
12    O       5.9614274036    3.4076955683    1.0974405975
13    C      -1.8611984191   -0.8583421458    1.3151220040
14    H      -2.6370151136   -2.1714311070    2.7054275692
15    Br     -2.6423025592   -2.3209394476   -1.9568346905

 Number of nodes, processes per node used for SCF calculation: 1, 4

Common Options
{
  maxiter       = 100
  basis         = 6-311g* spherical
  geom_units    = angstrom
  ang2au factor = 1.889726126
  debug         = false
  file_prefix   = meta_th45_ph0_qed_ccsd_input
}

SCF Options
{
  charge            = 1
  multiplicity      = 1
  level shift       = 0
  tol_int           = 1e-22
  tol_sch           = 1e-12
  tol_lindep        = 1e-10
  conve             = 1e-07
  convd             = 1e-05
  diis_hist         = 10
  AO_tilesize       = 30
  writem            = 10
  damp              = 100
  n_lindep          = 0
  scf_type          = restricted
  cuscf             = false
  qed_omegas        = [0.06615,]
  qed_lambdas       = [0.1,]
  qed_polvecs       = [[0.7071067812,0,0.7071067812,],]
  direct_df         = false
  restart_size      = 2000
  restart           = false
  debug             = false
}

Number of basis functions = 221

Total number of shells = 105

Total number of electrons = 98
  # of alpha electrons    = 49
  # of beta electons      = 49

Nuclear repulsion energy  = 749.421525595546

# of {all,non-negligible} shell-pairs = {5565,4924}
Number of AO tiles = 105

Time for initial setup: 0.03 secs
HF exch = 1.00

Time for computing 1-e integrals T, V, S: 0.01 secs
Time for computing orthogonalizer: 0.01 secs

Superposition of Atomic Density Guess ...
Time taken for SAD: 0.42 secs
Total Time to compute initial guess: 0.42 secs


 SCF iterations
-----------------------------------------------------------------------------
 Iter     Energy            E-Diff       RMSD        |[F,P]|^2       Time(s)
-----------------------------------------------------------------------------
   1  -3011.7062422492    -3.01e+03     1.67e-02     1.51e+03         0.7 
   2  -3005.7801636160     5.93e+00     6.56e-03     8.66e+00         2.3 
   3  -3006.0335557059    -2.53e-01     2.29e-03     2.75e+00         2.2 
   4  -3006.1131474120    -7.96e-02     1.16e-03     8.78e-02         2.1 
   5  -3006.1192804327    -6.13e-03     2.74e-04     6.42e-03         2.1 
   6  -3006.1197948483    -5.14e-04     1.68e-04     1.29e-03         2.1 
   7  -3006.1199276934    -1.33e-04     5.52e-05     1.48e-04         2.1 
   8  -3006.1199431425    -1.54e-05     1.34e-05     2.09e-05         2.1 
   9  -3006.1199447171    -1.57e-06     6.34e-06     3.11e-06         2.1 
  10  -3006.1199450247    -3.08e-07     3.28e-06     3.81e-07         2.2 
  11  -3006.1199450787    -5.39e-08     1.28e-06     7.02e-08         2.2 

** Total SCF energy = -3006.1199450786789

Nuclear repulsion energy = 749.421525595545631
#electrons        = 98
1e energy kinetic = 3006.2148634511372620
1e energy N-e     = -8652.0245161205693876
1e energy         = -5640.6265289240654965
2e energy         = 1890.0783833576379038
QED energy        = 0.1897986375698846
QED eT energy     = 0.1679631884314566
QED eT energy from matrix = 0.1679631884314823

 Polarizability Matrix (QED energy = 0.5 * lambda.dot(matrix * lambda))
[39.94479079,  1.33698926, -0.04561552]
[ 1.33698926, 44.71591894,  0.98239114]
[-0.04561552,  0.98239114, 36.06589527]

 Polarizability Matrix (QED eT energy = 0.5 * lambda.dot(matrix * lambda))
[36.13057948,  1.49587584, -0.00010453]
[ 1.49587584, 41.67113882,  1.19877490]
[-0.00010453,  1.19877490, 31.05490496]


                      Electron        Nuclear        Total  
                  ------------------------------------------
    Monopole         -98.000000     99.000000      1.000000

      Dipole   X     -16.451595     14.363205     -2.088391
      Dipole   Y      -9.842730     11.076000      1.233270
      Dipole   Z     -13.205334     14.650297      1.444963

  Quadrupole  XX   -1216.586731   1166.010315    -50.576416
  Quadrupole  XY    -353.899754    352.106709     -1.793045
  Quadrupole  XZ    -287.446408    284.912711     -2.533697
  Quadrupole  YY    -617.428661    579.201381    -38.227280
  Quadrupole  YZ    -272.423741    274.788814      2.365072
  Quadrupole  ZZ    -290.740558    245.316177    -45.424382

    Octupole XXX   -3395.693782   3244.145192   -151.548590
    Octupole XXY    -748.108264    724.878949    -23.229316
    Octupole XXZ    -642.839344    623.931927    -18.907417
    Octupole XYY     -27.065646     -8.326924    -35.392570
    Octupole XYZ     282.399362   -288.914332     -6.514971
    Octupole XZZ     242.212129   -267.295740    -25.083611
    Octupole YYY    -901.734381    881.079440    -20.654941
    Octupole YYZ    -150.030186    140.606256     -9.423930
    Octupole YZZ     137.425673   -167.500312    -30.074639
    Octupole ZZZ      38.462525   -106.351154    -67.888629

writing orbitals and density to disk ... done.

Total Time taken for Hartree-Fock: 23.78 secs

CD Options
{
  debug             = false
  skip_cd           = [false, 100]
  write_cv          = [false, 5000]
  diagtol           = 1e-06
  itilesize         = 1000
  max_cvecs_factor  = 12
}

- #occupied, #virtual = 98, 344

- Tilesize for the MSO space: 40

-----------------------------------------------------
Begin 2-index transformation ... 

nAO, nMO, nelectrons = 221, 442, 98
n_occ_alpha, n_vir_alpha, n_occ_beta, n_vir_beta = 49,172,49,172

Time taken for Fao->Fmo transform: 0.00 secs

-----------------------------------------------------
Number of AO tiles = 105
# of {all,non-negligible} shell-pairs = {5565,4924}

    Begin Cholesky Decomposition
---------------------------------------------
Total # of mpi ranks used for Cholesky decomposition: 4
  --> Number of nodes, mpi ranks per node: 1, 4
- CPU memory required for computing cholesky vectors: 1.93 GiB

- Time for computing the diagonal: 0.01 secs

- Total number of cholesky vectors = 1649

- Time to compute cholesky vectors: 15.99 secs

- CPU memory required for resizing the ao cholesky tensor: 1.57 GiB
- CPU memory required for ao2mo transformation: 1.70 GiB
- CPU memory required for the 2-step contraction: 2.12 GiB

- Time for ao to mo transform: 1.55 secs

   End Cholesky Decomposition
---------------------------------------------

Total Time taken for Cholesky Decomposition: 19.66 secs

scf_type = restricted
Closed-Shell SCF
QED-HF Enabled
nbf = 203
nbf_orig = 221
n_lindep = 0
focc = 1
nmo = 406
nocc = 62
nvir = 344
n_occ_alpha = 31
n_vir_alpha = 172
n_occ_beta = 31
n_vir_beta = 172
nelectrons = 98
nelectrons_alpha = 49
nelectrons_beta = 49
freeze atomic = true
n_frozen_core = 18
n_frozen_virtual = 0
----------------------------
--------- QED-CCSD --------
lambda_x: 0.0707
lambda_y: 0.0000
lambda_z: 0.0707
omega: 0.066150
coupling_factor_x: 0.012860
coupling_factor_y: 0.000000
coupling_factor_z: 0.012860
----------------------------
# of {all,non-negligible} shell-pairs = {5565,4924}
Number of AO tiles = 105
----------------------------
Electronic dipole expectation value using SCF density: 
dipole_x_elec: -16.45148815
dipole_y_elec: -9.84261084
dipole_z_elec: -13.20526741

d_n/N value: d_n is nuclear dipole moment and N is the total number of electrons 
d_nuc_x: 0.14656331
d_nuc_y: 0.11302041
d_nuc_z: 0.14949283

<d_e+d_n> expectation values: 
dipole_total_x: -2.08828346
dipole_total_y: 1.23338910
dipole_total_z: 1.44502991
----------------------------


 CCSD iterations
------------------------------------------------------------
  Iter     Residuum          Correlation          Time(s)
------------------------------------------------------------
   1     1.1844262328266    0.0000000000000         84.84
   2     0.1670007376972   -1.6048110827454         83.85
   3     0.0633161106983   -1.6245431131347         84.19
   4     0.0236210532550   -1.6833280373713         84.19
   5     0.0184985865848   -1.6820795494162         84.29
 MICROCYCLE DIIS UPDATE:                    6
   6     0.0088807483210   -1.6917502392118         83.37
   7     0.0062002250401   -1.6914060990626         83.46
   8     0.0043753115874   -1.6929118764947         83.17
   9     0.0040313370362   -1.6932318211651         83.32
  10     0.0043101910135   -1.6935820352652         83.13
 MICROCYCLE DIIS UPDATE:                   11
  11     0.0007602312768   -1.6943051155858         83.13
  12     0.0005267004311   -1.6942092665555         83.13
  13     0.0004907543726   -1.6943224180105         82.84
  14     0.0006389961367   -1.6942787742096         83.07
  15     0.0009059362546   -1.6943181523122         82.89
 MICROCYCLE DIIS UPDATE:                   16
  16     0.0001061189002   -1.6943272934968         82.96
  17     0.0000708883272   -1.6943131913783         83.09
  18     0.0000645767649   -1.6943207181132         82.96
  19     0.0000554214043   -1.6943244984394         82.93
  20     0.0000641465530   -1.6943250425215         82.93
 MICROCYCLE DIIS UPDATE:                   21
  21     0.0000205590652   -1.6943366921478         83.39
  22     0.0000141476582   -1.6943323114987         83.03
  23     0.0000121654737   -1.6943329760177         82.98
  24     0.0000141518050   -1.6943315625061         83.02
  25     0.0000192204148   -1.6943318383128         83.05
 MICROCYCLE DIIS UPDATE:                   26
  26     0.0000038824954   -1.6943309476401         83.45
  27     0.0000026538727   -1.6943306787919         83.25
  28     0.0000023363705   -1.6943311007068         83.43
  29     0.0000021292643   -1.6943312273536         83.23
  30     0.0000025049664   -1.6943312563715         83.22
 MICROCYCLE DIIS UPDATE:                   31
  31     0.0000008354231   -1.6943317016346         83.40
------------------------------------------------------------------
 Iterations converged
 CCSD correlation energy / hartree =        -1.694331701634615
 CCSD total energy / hartree       =     -3007.814276780313776

Time taken for spin-orbital canonical QED-CCSD: 2650.71 secs
