
ExaChem Git Information
{
 WARNING: Failed to retrieve the current git state.
}


TAMM Git Information
{
 Branch: main
 Commit Hash: e71357ad [e71357ad54f38748b4a7e175aa6760820d5ce96f]
 Commit Date: 2026-02-02 23:14:56 -0800
 Commit Message: add GitHub Actions workflow for releases
}


date: Thu Aug  6 01:50:33 2026
program: "/global/cfs/cdirs/m3196/heindelj/cavity_qed/software/install_gpu/bin/bin/ExaChem"
nnodes: 1, nproc_per_node: 4, nproc_total: 4, ngpus_per_node: 1, ngpus_total: 1

Memory information
{
[AMD EPYC 7763 64-Core Processor                ] : 
  CPU memory per node (GiB): 251
  Total CPU memory (GiB): 251
[NVIDIA A100-SXM4-40GB, CUDA v12.9] : 
  GPU memory per device (GiB): 39
  GPU memory per node (GiB): 39
  Total GPU memory (GiB): 39
}

------------------------------------------------------------

Input file provided: /global/cfs/cdirs/m4262/heindelj/cavity_qed/mlip/lambda_scans/grid_scans_optimized_geoms/runs_grid_no_freq/ortho_th90_ph18/ortho_th90_ph18_qed_ccsd_input.json

{
  "geometry": {
    "coordinates": [
      "C    -1.791483313600    1.947306619500    0.737145903000",
      "C    -0.368259380500    1.980853638500    0.738009939000",
      "C     0.283099038100    0.814259958500    0.708294583400",
      "C    -2.505836808500    0.756532925200    0.736046003300",
      "H    -2.325331877400    2.891403084500    0.747920205800",
      "H     0.160043675800    2.918434263900    0.762941180300",
      "H    -3.579896769400    0.777237457400    0.750294058200",
      "N     1.762117522800    0.818377720700    0.753878508900",
      "O     2.285282344900   -0.219101624100    1.070509738400",
      "O     2.276281804900    1.864676197800    0.481174044300",
      "C    -1.825193225500   -0.427093636800    0.727215648300",
      "H    -2.346848062800   -1.372328983800    0.739768419000",
      "C    -0.367740210400   -0.493416738200    0.648687634300",
      "H     0.076499005200   -1.216278886000    1.332101026400",
      "Br   -0.086234601000   -1.256385298100   -1.144258956400"
    ],
    "units": "angstrom",
    "noorient": true
  },
  "common": {
    "maxiter": 100,
    "debug": false
  },
  "basis": {
    "basisset": "6-311G*"
  },
  "SCF": {
    "charge": 1,
    "multiplicity": 1,
    "lshift": 0,
    "tol_lindep": 1e-10,
    "conve": 1e-07,
    "convd": 1e-05,
    "diis_hist": 10,
    "writem": 10,
    "restart": false,
    "noscf": false,
    "scf_type": "restricted",
    "debug": false,
    "qed_omegas": [
      0.06615
    ],
    "qed_volumes": [],
    "qed_lambdas": [
      0.1
    ],
    "qed_polvecs": [
      [
        0.9510565162951536,
        0.30901699437494745,
        6.123233995736767e-17
      ]
    ],
    "direct_df": false
  },
  "CD": {
    "debug": false,
    "diagtol": 1e-06
  },
  "CC": {
    "threshold": 1e-06,
    "ndiis": 5,
    "ccsd_maxiter": 200,
    "tilesize": 40,
    "freeze": {
      "atomic": true
    },
    "readt": false,
    "writet": true,
    "writet_iter": 5,
    "debug": false,
    "profile_ccsd": false,
    "balance_tiles": true
  },
  "TASK": {
    "scf": false,
    "ccsd": true
  }
}

Output folder & files prefix: ortho_th90_ph18_qed_ccsd_input.6-311g*

  C (carbon)
  ----------
          Exponent        Coefficients
      ----------------  --------------------
  1 S  4.56324000E+03      0.778202
  1 S  6.82024000E+02      1.448695
  1 S  1.54973000E+02      2.383089
  1 S  4.44553000E+01      3.200089
  1 S  1.30290000E+01      3.013004
  1 S  1.82773000E+00      0.247599

  2 S  2.09642000E+01      0.800629
  2 S  4.80331000E+00      2.127420
  2 S  1.45933000E+00     -0.002868

  3 P  2.09642000E+01      2.573592
  3 P  4.80331000E+00      2.408248
  3 P  1.45933000E+00      1.865281

  4 S  4.83456000E-01      0.413217

  5 P  4.83456000E-01      0.574627

  6 S  1.45585000E-01      0.167976

  7 P  1.45585000E-01      0.128185

  8 D  6.26000000E-01      0.725128


  H (hydrogen)
  ------------
          Exponent        Coefficients
      ----------------  --------------------
  1 S  3.38650000E+01      0.255069
  1 S  5.09479000E+00      0.460109
  1 S  1.15879000E+00      0.678321

  2 S  3.25840000E-01      0.307371

  3 S  1.02741000E-01      0.129336


  N (nitrogen)
  ------------
          Exponent        Coefficients
      ----------------  --------------------
  1 S  6.29348000E+03      0.991968
  1 S  9.49044000E+02      1.823240
  1 S  2.18776000E+02      2.979891
  1 S  6.36916000E+01      4.000007
  1 S  1.88282000E+01      3.881008
  1 S  2.72023000E+00      0.386764

  2 S  3.06331000E+01      1.038501
  2 S  7.02614000E+00      2.834794
  2 S  2.11205000E+00     -0.003208

  3 P  3.06331000E+01      3.935616
  3 P  7.02614000E+00      3.870994
  3 P  2.11205000E+00      2.967271

  4 S  6.84009000E-01      0.536051

  5 P  6.84009000E-01      0.886681

  6 S  2.00878000E-01      0.213850

  7 P  2.00878000E-01      0.191693

  8 D  9.13000000E-01      1.403568


  O (oxygen)
  ----------
          Exponent        Coefficients
      ----------------  --------------------
  1 S  8.58850000E+03      1.205013
  1 S  1.29723000E+03      2.216205
  1 S  2.99296000E+02      3.627452
  1 S  8.73771000E+01      4.888452
  1 S  2.56789000E+01      4.835721
  1 S  3.74004000E+00      0.538229

  2 S  4.21175000E+01      1.341958
  2 S  9.62837000E+00      3.587114
  2 S  2.85332000E+00     -0.005123

  3 P  4.21175000E+01      5.584018
  3 P  9.62837000E+00      5.733366
  3 P  2.85332000E+00      4.332955

  4 S  9.05661000E-01      0.661659

  5 P  9.05661000E-01      1.259352

  6 S  2.55611000E-01      0.256209

  7 P  2.55611000E-01      0.259068

  8 D  1.29200000E+00      2.577026


  Br (bromine)
  ------------
          Exponent        Coefficients
      ----------------  --------------------
  1 S  4.39700000E+05      9.893706
  1 S  6.60300000E+04     18.450679
  1 S  1.51400000E+04     31.049770
  1 S  4.31700000E+03     48.888138
  1 S  1.41400000E+03     64.847798
  1 S  5.23900000E+02     42.245010

  2 S  5.23900000E+02     14.290679
  2 S  2.07700000E+02     24.083128
  2 S  8.65400000E+01      5.132542

  3 S  3.05200000E+01      9.254405

  4 S  1.29800000E+01      4.873782

  5 S  4.41200000E+00      2.169635

  6 S  1.86200000E+00      1.136043

  7 S  3.93200000E-01      0.353892

  8 S  1.40000000E-01      0.163120

  9 P  2.95700000E+03    691.874478
  9 P  7.00300000E+02    925.332763
  9 P  2.24600000E+02   1068.830732

  10 P  8.25900000E+01    122.079275
  10 P  3.31900000E+01     57.580687
  10 P  1.42000000E+01     10.176170

  11 P  1.42000000E+01      3.129736
  11 P  7.43800000E+00      6.538168
  11 P  3.52600000E+00      4.166276

  12 P  1.59500000E+00      2.555000

  13 P  8.46200000E-01      1.156861

  14 P  3.18600000E-01      0.341191

  15 P  1.09600000E-01      0.089888

  16 D  1.34800000E+02    160.709187
  16 D  3.63900000E+01    119.797406
  16 D  1.21600000E+01     55.531619
  16 D  4.34100000E+00     12.984636

  17 D  1.53500000E+00      3.484168

  18 D  4.51000000E-01      0.408525



Printing Internal Coordinates

------------------------------------------------------------
                Bond Lengths

i      j        Length (Angstroms)     Length (Bohr)
0      1          1.4236195112         2.6902509837
0      3          1.3886122988         2.6240969399
0      4          1.0846328918         2.0496591126
1      2          1.3364473824         2.5255195345
1      5          1.0764678886         2.0342294928
2      7          1.4797265046         2.7962778349
2      12         1.4619039157         2.7625980231
3      6          1.0743539846         2.0302347933
3      10         1.3654030542         2.5802378240
7      8          1.2042923887         2.2757827901
7      9          1.1972773852         2.2625263548
10     11         1.0796995890         2.0403365215
10     12         1.4610731310         2.7610280674
12     13         1.0894641022         2.0587887771
12     14         1.9687620244         3.7204210332

Number of Bonds: 15

------------------------------------------------------------
           Bond Angles

i      j      k      Angle (degrees)
0      1      2        117.8178 
0      1      5        120.7422 
0      3      6        119.8519 
0      3      10       119.1388 
1      0      3        122.3101 
1      0      4        118.1342 
1      2      7        118.9492 
1      2      12       124.3844 
2      1      5        121.4399 
2      7      8        116.0982 
2      7      9        115.1288 
2      12     10       113.6595 
2      12     13       112.7303 
2      12     14       108.6707 
3      0      4        119.5527 
3      10     11       121.1975 
3      10     12       122.4766 
6      3      10       121.0074 
7      2      12       116.6624 
8      7      9        128.7686 
10     12     13       113.7754 
10     12     14       102.0737 
11     10     12       116.2850 
13     12     14       104.8233 

Number of Angles: 24

------------------------------------------------------------
              Torsional Angles

i      j      k      l      Angle (degrees)
3      0      1      2          1.4272 
3      10     12     2          5.4316 
4      0      1      2       -179.2051 
5      1      0      3       -178.5083 
5      1      0      4          0.8594 
6      3      0      1        179.0854 
6      3      0      4         -0.2736 
10     3      0      1         -0.4114 
10     3      0      4       -179.7704 
10     12     2      1         -4.4486 
11     10     3      0        179.1514 
11     10     3      6         -0.3393 
11     10     12     2       -176.8708 
12     2      1      0          1.2482 
12     2      1      5       -178.8168 
12     10     3      0         -3.2620 
12     10     3      6        177.2473 
13     12     2      1       -135.8062 
13     12     10     3        136.2744 
13     12     10     11       -46.0280 
14     12     2      1        108.4499 
14     12     10     3       -111.3844 
14     12     10     11        66.3132 

Number of Torsional Angles: 23


----------------------------------------------------------------------
                          Center of Mass

         x               y               z              Unit
   0.01853708157  -0.01800569874-0.0007774758032      Angstrom
   0.03503000734  -0.03402583933 -0.001469216338          Bohr

----------------------------------------------------------------------
                Moment of Inertia Tensor

           1789.23          -84.9086          -69.7458
          -84.9086           2028.63          -633.095
          -69.7458          -633.095           2563.27

----------------------------------------------------------------------
                      Principal Moments of Inertia

           x                 y                 z                Unit
       436.0644587       515.4320939       835.4027974       amu * ang^2
       1557.214452       1840.641423        2983.27755      amu * bohr^2
  7.2410256338e-38  8.5589571223e-38  1.3872199283e-37          g * cm^2

 - Molecule is an asymmetric top.

----------------------------------------------------------------------

         Rotational constants (MHz)

    A = 1.1590e+03        B = 9.8050e+02        C = 6.0495e+02

----------------------------------------------------------------------

        Rotational constants (cm-1)

    A = 3.8659e-02        B = 3.2706e-02        C = 2.0179e-02

----------------------------------------------------------------------

                                Z-Matrix
C   
C        1        2.690251
C        2       2.5255195     1       117.81783
C        3      5.27171465     2     62.00399129     1         -0.6799
H        4      4.04877676     3     83.98488767     2          0.7605
H        5      4.69704266     4     95.45778150     3         -0.9241
H        6      8.14382911     5     29.16917259     4         -0.5613
N        7     10.09524560     6     29.35106105     5        179.3702
O        8      2.27578279     7    115.33727161     6        162.8323
O        9      4.09226185     8     25.53544253     7       -177.4454
C       10      8.89072319     9     61.35799402     8         -2.9114
H       11      2.04033652    10    148.02222939     9        -19.9229
C       12      4.09580443    11     37.18640254    10          1.4888
H       13      2.05878878    12     94.41123316    11        138.6575
Br      14      4.69034803    13     50.06824867    12         91.8645

----------------------------------------------------------------------

             Converted back to Cartesian

C        0.000000      0.000000      0.000000
C        0.000000      0.000000      2.690251
C        0.000000      0.090620      0.166358
C        0.000021     -0.198004      5.430165
H       -0.000041      0.127006      1.394455
H        0.000129     -0.386004      6.063398
H       -0.000205      0.575357     -2.023489
N       -0.004671     -0.705813      7.990130
O       -0.003306     -0.337883      5.744287
O       -0.004183     -1.030842      9.777451
C       -0.010367      0.637967      1.044754
H       -0.003915      0.165183      3.029548
C       -0.019422      1.159258     -0.943762
H       -0.010870      0.602359      1.038258
Br      -0.033264      1.939748     -3.457324

----------------------------------------------------------------------
                       Geometry in bohr 

1     C      -3.3854128218    3.6798761940    1.3930038715
2     C      -0.6959093724    3.7432708723    1.3946366629
3     C       0.5349796485    1.5387283169    1.3384827791
4     C      -4.7353452843    1.4296400339    1.3909253623
5     H      -4.3942404001    5.4639599493    1.4133643530
6     H       0.3024387154    5.5150414752    1.4417498809
7     H      -6.7650244532    1.4687659293    1.4178502839
8     N       3.3299195198    1.5465097597    1.4246239140
9     O       4.3185577522   -0.4140420633    2.0229702207
10    O       4.3015491966    3.5237273273    0.9092871626
11    C      -3.4491153231   -0.8070900037    1.3742384098
12    H      -4.4349000978   -2.5933259340    1.3979597085
13    C      -0.6949282831   -0.9324225011    1.2258419701
14    H       0.1445621687   -2.2984339873    2.5173061119
15    Br     -0.1629597785   -2.3742241220   -2.1623360447

 Number of nodes, processes per node used for SCF calculation: 1, 4

Common Options
{
  maxiter       = 100
  basis         = 6-311g* spherical
  geom_units    = angstrom
  ang2au factor = 1.889726126
  debug         = false
  file_prefix   = ortho_th90_ph18_qed_ccsd_input
}

SCF Options
{
  charge            = 1
  multiplicity      = 1
  level shift       = 0
  tol_int           = 1e-22
  tol_sch           = 1e-12
  tol_lindep        = 1e-10
  conve             = 1e-07
  convd             = 1e-05
  diis_hist         = 10
  AO_tilesize       = 30
  writem            = 10
  damp              = 100
  n_lindep          = 0
  scf_type          = restricted
  cuscf             = false
  qed_omegas        = [0.06615,]
  qed_lambdas       = [0.1,]
  qed_polvecs       = [[0.9510565163,0.3090169944,6.123233996e-17,],]
  direct_df         = false
  restart_size      = 2000
  restart           = false
  debug             = false
}

Number of basis functions = 221

Total number of shells = 105

Total number of electrons = 98
  # of alpha electrons    = 49
  # of beta electons      = 49

Nuclear repulsion energy  = 780.371099029482

# of {all,non-negligible} shell-pairs = {5565,4997}
Number of AO tiles = 105

Time for initial setup: 0.01 secs
HF exch = 1.00

Time for computing 1-e integrals T, V, S: 0.01 secs
Time for computing orthogonalizer: 0.01 secs

Superposition of Atomic Density Guess ...
Time taken for SAD: 0.29 secs
Total Time to compute initial guess: 0.29 secs


 SCF iterations
-----------------------------------------------------------------------------
 Iter     Energy            E-Diff       RMSD        |[F,P]|^2       Time(s)
-----------------------------------------------------------------------------
   1  -3011.8483028683    -3.01e+03     1.67e-02     1.51e+03         0.7 
   2  -3005.7529567425     6.10e+00     6.85e-03     8.94e+00         2.2 
   3  -3006.0064432953    -2.53e-01     2.64e-03     3.26e+00         2.2 
   4  -3006.1001725798    -9.37e-02     1.19e-03     1.38e-01         2.2 
   5  -3006.1082613420    -8.09e-03     3.38e-04     1.79e-02         2.2 
   6  -3006.1092278330    -9.66e-04     2.07e-04     1.95e-03         2.2 
   7  -3006.1094576127    -2.30e-04     7.07e-05     2.95e-04         2.3 
   8  -3006.1094927168    -3.51e-05     2.69e-05     5.65e-05         2.2 
   9  -3006.1094985227    -5.81e-06     1.35e-05     9.55e-06         2.2 
  10  -3006.1094998167    -1.29e-06     5.99e-06     1.70e-06         2.2 
  11  -3006.1095000541    -2.37e-07     3.05e-06     4.37e-07         2.3 
  12  -3006.1095001148    -6.07e-08     1.42e-06     8.55e-08         2.3 

** Total SCF energy = -3006.1095001148374

Nuclear repulsion energy = 780.371099029481684
#electrons        = 98
1e energy kinetic = 3006.2221439047470994
1e energy N-e     = -8714.0346369282815431
1e energy         = -5703.8617999054786196
2e energy         = 1921.1392526022293623
QED energy        = 0.1926412769853658
QED eT energy     = 0.1737801995519777
QED eT energy from matrix = 0.1737801995520004

 Polarizability Matrix (QED energy = 0.5 * lambda.dot(matrix * lambda))
[38.97112096, -1.78355864, -0.73565763]
[-1.78355864, 45.31183075,  0.49517349]
[-0.73565763,  0.49517349, 37.15451099]

 Polarizability Matrix (QED eT energy = 0.5 * lambda.dot(matrix * lambda))
[35.18587190, -1.88794727, -0.80128974]
[-1.88794727, 42.30562136,  0.47571506]
[-0.80128974,  0.47571506, 32.28895061]


                      Electron        Nuclear        Total  
                  ------------------------------------------
    Monopole         -98.000000     99.000000      1.000000

      Dipole   X      -0.541042     -3.134853     -3.675895
      Dipole   Y     -10.826777     12.073231      1.246454
      Dipole   Z     -13.343145     14.639670      1.296525

  Quadrupole  XX    -783.957472    742.835726    -41.121745
  Quadrupole  XY     -36.088470     29.969009     -6.119461
  Quadrupole  XZ     -28.316474     22.627221     -5.689253
  Quadrupole  YY    -627.107802    590.090949    -37.016853
  Quadrupole  YZ    -291.721181    295.240040      3.518859
  Quadrupole  ZZ    -343.623311    297.605032    -46.018279

    Octupole XXX     -19.575507    -61.477860    -81.053367
    Octupole XXY   -1106.332279   1098.440768     -7.891510
    Octupole XXZ   -1065.973913   1055.773905    -10.200008
    Octupole XYY      69.634560   -109.983495    -40.348935
    Octupole XYZ      71.002367    -75.069719     -4.067352
    Octupole XZZ     -11.812194     18.875699      7.063506
    Octupole YYY    -875.370084    856.449105    -18.920978
    Octupole YYZ     -86.290428     80.408638     -5.881790
    Octupole YZZ     220.398536   -249.007481    -28.608944
    Octupole ZZZ      69.723542   -144.374711    -74.651168

writing orbitals and density to disk ... done.

Total Time taken for Hartree-Fock: 26.32 secs

CD Options
{
  debug             = false
  skip_cd           = [false, 100]
  write_cv          = [false, 5000]
  diagtol           = 1e-06
  itilesize         = 1000
  max_cvecs_factor  = 12
}

- #occupied, #virtual = 98, 344

- Tilesize for the MSO space: 40

-----------------------------------------------------
Begin 2-index transformation ... 

nAO, nMO, nelectrons = 221, 442, 98
n_occ_alpha, n_vir_alpha, n_occ_beta, n_vir_beta = 49,172,49,172

Time taken for Fao->Fmo transform: 0.00 secs

-----------------------------------------------------
Number of AO tiles = 105
# of {all,non-negligible} shell-pairs = {5565,4997}

    Begin Cholesky Decomposition
---------------------------------------------
Total # of mpi ranks used for Cholesky decomposition: 4
  --> Number of nodes, mpi ranks per node: 1, 4
- CPU memory required for computing cholesky vectors: 1.93 GiB

- Time for computing the diagonal: 0.01 secs

- Total number of cholesky vectors = 1641

- Time to compute cholesky vectors: 15.16 secs

- CPU memory required for resizing the ao cholesky tensor: 1.56 GiB
- CPU memory required for ao2mo transformation: 1.70 GiB
- CPU memory required for the 2-step contraction: 2.11 GiB

- Time for ao to mo transform: 1.54 secs

   End Cholesky Decomposition
---------------------------------------------

Total Time taken for Cholesky Decomposition: 18.53 secs

scf_type = restricted
Closed-Shell SCF
QED-HF Enabled
nbf = 203
nbf_orig = 221
n_lindep = 0
focc = 1
nmo = 406
nocc = 62
nvir = 344
n_occ_alpha = 31
n_vir_alpha = 172
n_occ_beta = 31
n_vir_beta = 172
nelectrons = 98
nelectrons_alpha = 49
nelectrons_beta = 49
freeze atomic = true
n_frozen_core = 18
n_frozen_virtual = 0
----------------------------
--------- QED-CCSD --------
lambda_x: 0.0951
lambda_y: 0.0309
lambda_z: 0.0000
omega: 0.066150
coupling_factor_x: 0.017296
coupling_factor_y: 0.005620
coupling_factor_z: 0.000000
----------------------------
# of {all,non-negligible} shell-pairs = {5565,4997}
Number of AO tiles = 105
----------------------------
Electronic dipole expectation value using SCF density: 
dipole_x_elec: -0.54119450
dipole_y_elec: -10.82679082
dipole_z_elec: -13.34319266

d_n/N value: d_n is nuclear dipole moment and N is the total number of electrons 
d_nuc_x: -0.03198829
d_nuc_y: 0.12319624
d_nuc_z: 0.14938438

<d_e+d_n> expectation values: 
dipole_total_x: -3.67604720
dipole_total_y: 1.24644024
dipole_total_z: 1.29647691
----------------------------


 CCSD iterations
------------------------------------------------------------
  Iter     Residuum          Correlation          Time(s)
------------------------------------------------------------
   1     1.1843074762436    0.0000000000000         86.34
   2     0.1724580036229   -1.6063755438861         85.25
   3     0.0664355902731   -1.6256175589203         85.22
   4     0.0252569370857   -1.6873027360038         85.35
   5     0.0213167038748   -1.6853138818570         85.71
 MICROCYCLE DIIS UPDATE:                    6
   6     0.0095437679670   -1.6956859295235         84.36
   7     0.0069090711508   -1.6954758989674         84.42
   8     0.0055774668622   -1.6971766661478         83.40
   9     0.0061560349922   -1.6974660366249         83.54
  10     0.0078217733793   -1.6979101525522         83.46
 MICROCYCLE DIIS UPDATE:                   11
  11     0.0009716646710   -1.6986760852161         83.44
  12     0.0006913901602   -1.6985831427458         84.23
  13     0.0006286813717   -1.6987310849368         84.31
  14     0.0008345195246   -1.6986863982097         83.71
  15     0.0012640264243   -1.6987438080621         83.91
 MICROCYCLE DIIS UPDATE:                   16
  16     0.0001591474885   -1.6987815156530         84.80
  17     0.0001078612998   -1.6987496981471         85.05
  18     0.0001123319239   -1.6987708960818         85.21
  19     0.0001186662752   -1.6987750404918         84.55
  20     0.0001682137145   -1.6987770580333         84.44
 MICROCYCLE DIIS UPDATE:                   21
  21     0.0000366924687   -1.6987939987681         84.80
  22     0.0000279163914   -1.6987876352109         84.56
  23     0.0000274742904   -1.6987893001827         84.62
  24     0.0000373112550   -1.6987871712065         84.82
  25     0.0000605947211   -1.6987881861398         85.20
 MICROCYCLE DIIS UPDATE:                   26
  26     0.0000095016610   -1.6987868694143         84.74
  27     0.0000066198508   -1.6987864753341         84.18
  28     0.0000060254906   -1.6987874281313         84.30
  29     0.0000061988317   -1.6987877212394         84.29
  30     0.0000091661446   -1.6987878448978         84.17
 MICROCYCLE DIIS UPDATE:                   31
  31     0.0000025396357   -1.6987888954276         84.29
  32     0.0000019959988   -1.6987883902591         84.43
  33     0.0000019075803   -1.6987883978398         84.15
  34     0.0000024298743   -1.6987882545876         84.23
  35     0.0000039073809   -1.6987882875281         84.18
 MICROCYCLE DIIS UPDATE:                   36
  36     0.0000006878082   -1.6987881245283         84.27
------------------------------------------------------------------
 Iterations converged
 CCSD correlation energy / hartree =        -1.698788124528268
 CCSD total energy / hartree       =     -3007.808288239365538

Time taken for spin-orbital canonical QED-CCSD: 3114.73 secs
