
ExaChem Git Information
{
 WARNING: Failed to retrieve the current git state.
}


TAMM Git Information
{
 Branch: main
 Commit Hash: e71357ad [e71357ad54f38748b4a7e175aa6760820d5ce96f]
 Commit Date: 2026-02-02 23:14:56 -0800
 Commit Message: add GitHub Actions workflow for releases
}


date: Mon Aug 10 18:04:33 2026
program: "/global/cfs/cdirs/m3196/heindelj/cavity_qed/software/install_gpu/bin/bin/ExaChem"
nnodes: 1, nproc_per_node: 4, nproc_total: 4, ngpus_per_node: 1, ngpus_total: 1

Memory information
{
[AMD EPYC 7763 64-Core Processor                ] : 
  CPU memory per node (GiB): 251
  Total CPU memory (GiB): 251
[NVIDIA A100-SXM4-40GB, CUDA v12.9] : 
  GPU memory per device (GiB): 39
  GPU memory per node (GiB): 39
  Total GPU memory (GiB): 39
}

------------------------------------------------------------

Input file provided: /global/cfs/cdirs/m4262/heindelj/cavity_qed/mlip/lambda_scans/grid_scans_optimized_geoms/runs_grid_no_freq/meta_th63_ph198/meta_th63_ph198_qed_ccsd_input.json

{
  "geometry": {
    "coordinates": [
      "C    -0.912243889500    2.034966782200    0.736731737900",
      "C     0.484103399900    1.949522094500    0.760769782800",
      "C     1.153059913700    0.724060454800    0.676121739100",
      "C     0.489957219900   -0.448380677300    0.596839124200",
      "C    -1.619754970600    0.884175065100    0.647702567000",
      "H    -1.392861957800    3.002052848700    0.763816145200",
      "H     1.084626078100    2.846754318300    0.826893168400",
      "H     1.017950875700   -1.392299778200    0.532325013600",
      "H    -2.697591115300    0.905866985300    0.622703461700",
      "N     2.637144303100    0.736484315600    0.624324461100",
      "O     3.167518356100   -0.317546673100    0.405034505500",
      "O     3.148373761900    1.804183062500    0.827155964100",
      "C    -0.977140333700   -0.439740651400    0.648928780700",
      "H    -1.266810130200   -0.951174760900    1.572795190200",
      "Br   -1.708164780200   -1.537324403000   -0.770683949700"
    ],
    "units": "angstrom",
    "noorient": true
  },
  "common": {
    "maxiter": 100,
    "debug": false
  },
  "basis": {
    "basisset": "6-311G*"
  },
  "SCF": {
    "charge": 1,
    "multiplicity": 1,
    "lshift": 0,
    "tol_lindep": 1e-10,
    "conve": 1e-07,
    "convd": 1e-05,
    "diis_hist": 10,
    "writem": 10,
    "restart": false,
    "noscf": false,
    "scf_type": "restricted",
    "debug": false,
    "qed_omegas": [
      0.06615
    ],
    "qed_volumes": [],
    "qed_lambdas": [
      0.1
    ],
    "qed_polvecs": [
      [
        -0.8473975608908427,
        -0.27533615807315825,
        0.45399049973954686
      ]
    ],
    "direct_df": false
  },
  "CD": {
    "debug": false,
    "diagtol": 1e-06
  },
  "CC": {
    "threshold": 1e-06,
    "ndiis": 5,
    "ccsd_maxiter": 200,
    "tilesize": 40,
    "freeze": {
      "atomic": true
    },
    "readt": false,
    "writet": true,
    "writet_iter": 5,
    "debug": false,
    "profile_ccsd": false,
    "balance_tiles": true
  },
  "TASK": {
    "scf": false,
    "ccsd": true
  }
}

Output folder & files prefix: meta_th63_ph198_qed_ccsd_input.6-311g*

  C (carbon)
  ----------
          Exponent        Coefficients
      ----------------  --------------------
  1 S  4.56324000E+03      0.778202
  1 S  6.82024000E+02      1.448695
  1 S  1.54973000E+02      2.383089
  1 S  4.44553000E+01      3.200089
  1 S  1.30290000E+01      3.013004
  1 S  1.82773000E+00      0.247599

  2 S  2.09642000E+01      0.800629
  2 S  4.80331000E+00      2.127420
  2 S  1.45933000E+00     -0.002868

  3 P  2.09642000E+01      2.573592
  3 P  4.80331000E+00      2.408248
  3 P  1.45933000E+00      1.865281

  4 S  4.83456000E-01      0.413217

  5 P  4.83456000E-01      0.574627

  6 S  1.45585000E-01      0.167976

  7 P  1.45585000E-01      0.128185

  8 D  6.26000000E-01      0.725128


  H (hydrogen)
  ------------
          Exponent        Coefficients
      ----------------  --------------------
  1 S  3.38650000E+01      0.255069
  1 S  5.09479000E+00      0.460109
  1 S  1.15879000E+00      0.678321

  2 S  3.25840000E-01      0.307371

  3 S  1.02741000E-01      0.129336


  N (nitrogen)
  ------------
          Exponent        Coefficients
      ----------------  --------------------
  1 S  6.29348000E+03      0.991968
  1 S  9.49044000E+02      1.823240
  1 S  2.18776000E+02      2.979891
  1 S  6.36916000E+01      4.000007
  1 S  1.88282000E+01      3.881008
  1 S  2.72023000E+00      0.386764

  2 S  3.06331000E+01      1.038501
  2 S  7.02614000E+00      2.834794
  2 S  2.11205000E+00     -0.003208

  3 P  3.06331000E+01      3.935616
  3 P  7.02614000E+00      3.870994
  3 P  2.11205000E+00      2.967271

  4 S  6.84009000E-01      0.536051

  5 P  6.84009000E-01      0.886681

  6 S  2.00878000E-01      0.213850

  7 P  2.00878000E-01      0.191693

  8 D  9.13000000E-01      1.403568


  O (oxygen)
  ----------
          Exponent        Coefficients
      ----------------  --------------------
  1 S  8.58850000E+03      1.205013
  1 S  1.29723000E+03      2.216205
  1 S  2.99296000E+02      3.627452
  1 S  8.73771000E+01      4.888452
  1 S  2.56789000E+01      4.835721
  1 S  3.74004000E+00      0.538229

  2 S  4.21175000E+01      1.341958
  2 S  9.62837000E+00      3.587114
  2 S  2.85332000E+00     -0.005123

  3 P  4.21175000E+01      5.584018
  3 P  9.62837000E+00      5.733366
  3 P  2.85332000E+00      4.332955

  4 S  9.05661000E-01      0.661659

  5 P  9.05661000E-01      1.259352

  6 S  2.55611000E-01      0.256209

  7 P  2.55611000E-01      0.259068

  8 D  1.29200000E+00      2.577026


  Br (bromine)
  ------------
          Exponent        Coefficients
      ----------------  --------------------
  1 S  4.39700000E+05      9.893706
  1 S  6.60300000E+04     18.450679
  1 S  1.51400000E+04     31.049770
  1 S  4.31700000E+03     48.888138
  1 S  1.41400000E+03     64.847798
  1 S  5.23900000E+02     42.245010

  2 S  5.23900000E+02     14.290679
  2 S  2.07700000E+02     24.083128
  2 S  8.65400000E+01      5.132542

  3 S  3.05200000E+01      9.254405

  4 S  1.29800000E+01      4.873782

  5 S  4.41200000E+00      2.169635

  6 S  1.86200000E+00      1.136043

  7 S  3.93200000E-01      0.353892

  8 S  1.40000000E-01      0.163120

  9 P  2.95700000E+03    691.874478
  9 P  7.00300000E+02    925.332763
  9 P  2.24600000E+02   1068.830732

  10 P  8.25900000E+01    122.079275
  10 P  3.31900000E+01     57.580687
  10 P  1.42000000E+01     10.176170

  11 P  1.42000000E+01      3.129736
  11 P  7.43800000E+00      6.538168
  11 P  3.52600000E+00      4.166276

  12 P  1.59500000E+00      2.555000

  13 P  8.46200000E-01      1.156861

  14 P  3.18600000E-01      0.341191

  15 P  1.09600000E-01      0.089888

  16 D  1.34800000E+02    160.709187
  16 D  3.63900000E+01    119.797406
  16 D  1.21600000E+01     55.531619
  16 D  4.34100000E+00     12.984636

  17 D  1.53500000E+00      3.484168

  18 D  4.51000000E-01      0.408525



Printing Internal Coordinates

------------------------------------------------------------
                Bond Lengths

i      j        Length (Angstroms)     Length (Bohr)
0      1          1.3991655995         2.6440397879
0      4          1.3538167155         2.5583428171
0      5          1.0802697592         2.0414139871
1      2          1.3987223953         2.6432022532
1      6          1.0816771480         2.0440735664
2      3          1.3492994937         2.5498065050
2      9          1.4850399945         2.8063188756
3      7          1.0834771064         2.0474749948
3      12         1.4680474155         2.7742075551
4      8          1.0783442166         2.0377752388
4      12         1.4716344314         2.7809860327
9      10         1.2001525094         2.2679595521
9      11         1.2010315534         2.2696207045
12     13         1.0949897634         2.0692307635
12     14         1.9376240960         3.6615788764

Number of Bonds: 15

------------------------------------------------------------
           Bond Angles

i      j      k      Angle (degrees)
0      1      2        121.9895 
0      1      6        120.2951 
0      4      8        120.4498 
0      4      12       122.4424 
1      0      4        118.0844 
1      0      5        119.8842 
1      2      3        121.9925 
1      2      9        118.2120 
2      1      6        117.7046 
2      3      7        121.4004 
2      3      12       118.9421 
2      9      10       116.1462 
2      9      11       115.2730 
3      2      9        119.7585 
3      12     4        116.2092 
3      12     13       106.9513 
3      12     14       110.3470 
4      0      5        122.0131 
4      12     13       107.7805 
4      12     14       110.1356 
7      3      12       119.6196 
8      4      12       117.0378 
10     9      11       128.5721 
13     12     14       104.7012 

Number of Angles: 24

------------------------------------------------------------
              Torsional Angles

i      j      k      l      Angle (degrees)
3      2      1      0         -1.5273 
4      0      1      2          0.9604 
5      0      1      2       -177.5143 
6      1      0      4        179.7353 
6      1      0      5          1.2607 
6      1      2      3        179.6674 
7      3      2      1       -179.9565 
8      4      0      1       -179.7789 
8      4      0      5         -1.3386 

Number of Torsional Angles: 9


----------------------------------------------------------------------
                          Center of Mass

         x               y               z              Unit
  -0.09078502731   -0.1373007086   0.09863743625      Angstrom
   -0.1715588379   -0.2594607361    0.1863977403          Bohr

----------------------------------------------------------------------
                Moment of Inertia Tensor

           1732.82          -1035.31          -635.474
          -1035.31            2992.2          -609.155
          -635.474          -609.155           3994.59

----------------------------------------------------------------------
                      Principal Moments of Inertia

           x                 y                 z                Unit
       255.8032586       983.7918319       1202.144222       amu * ang^2
       913.4900205       3513.184412       4292.934953      amu * bohr^2
  4.2477159424e-38  1.6336258853e-37  1.9962088068e-37          g * cm^2

 - Molecule is an asymmetric top.

----------------------------------------------------------------------

         Rotational constants (MHz)

    A = 1.9757e+03        B = 5.1371e+02        C = 4.2040e+02

----------------------------------------------------------------------

        Rotational constants (cm-1)

    A = 6.5901e-02        B = 1.7135e-02        C = 1.4023e-02

----------------------------------------------------------------------

                                Z-Matrix
C   
C        1       2.6440398
C        2       2.6432023     1       121.98946
C        3      2.54980650     2    121.99254294     1         -1.5273
C        4      4.71643896     3     87.15039217     2          0.9858
H        5      4.03108709     4    116.18604795     3          0.4121
H        6      4.69247700     5     92.60281130     4         -1.0844
H        7      8.03095711     6     92.57739287     5          0.9873
H        8      8.25769041     7     59.15707026     6         -0.6462
N        9     10.08626960     8     29.94138566     7          1.8286
O       10      2.26795955     9    118.00283300     8          9.5478
O       11      4.08822937    10     25.72407348     9        178.4081
C       12      8.88107451    11     62.10192805    10          2.5966
H       13      2.06923076    12    115.03894428    11         83.3251
Br      14      4.64052246    13     49.74829203    12       -147.2248

----------------------------------------------------------------------

             Converted back to Cartesian

C        0.000000      0.000000      0.000000
C        0.000000      0.000000      2.644040
C        0.000000      0.098199      0.002662
C        0.000044     -0.091131      2.545430
C       -0.000133      0.383804     -2.147036
H        0.000109     -0.163778      1.846687
H       -0.000214      0.604516     -2.782467
H        0.000340     -0.933254      5.099889
H       -0.000200      0.793719     -2.975197
N        0.000390     -1.405544      6.868383
O        0.000082     -0.831801      4.674195
O       -0.001034     -1.896950      8.621229
C        0.010021      0.578494      0.092130
H        0.001887     -0.067330      2.057978
Br       0.028652      1.447155     -2.328372

----------------------------------------------------------------------
                       Geometry in bohr 

1     C      -1.7238911112    3.8455298937    1.3922212129
2     C       0.9148228424    3.6840628350    1.4376465344
3     C       2.1789674437    1.3682759582    1.2776849147
4     C       0.9258849590   -0.8473166802    1.1278624860
5     C      -3.0608932855    1.6708487204    1.2239804627
6     H      -2.6321276314    5.6730576995    1.4434033250
7     H       2.0496462366    5.3795860093    1.5626016237
8     H       1.9236483647   -2.6310652660    1.0059484857
9     H      -5.0977084076    1.7118405087    1.1767390003
10    N       4.9834804874    1.3917536525    1.1798022452
11    O       5.9857421918   -0.6000762444    0.7654042869
12    O       5.9495641520    3.4094118691    1.5630982356
13    C      -1.8465276173   -0.8309893976    1.2262976707
14    H      -2.3939241996   -1.7974597960    2.9721521616
15    Br     -3.2279636125   -2.9051220883   -1.4563815946

 Number of nodes, processes per node used for SCF calculation: 1, 4

Common Options
{
  maxiter       = 100
  basis         = 6-311g* spherical
  geom_units    = angstrom
  ang2au factor = 1.889726126
  debug         = false
  file_prefix   = meta_th63_ph198_qed_ccsd_input
}

SCF Options
{
  charge            = 1
  multiplicity      = 1
  level shift       = 0
  tol_int           = 1e-22
  tol_sch           = 1e-12
  tol_lindep        = 1e-10
  conve             = 1e-07
  convd             = 1e-05
  diis_hist         = 10
  AO_tilesize       = 30
  writem            = 10
  damp              = 100
  n_lindep          = 0
  scf_type          = restricted
  cuscf             = false
  qed_omegas        = [0.06615,]
  qed_lambdas       = [0.1,]
  qed_polvecs       = [[-0.8473975609,-0.2753361581,0.4539904997,],]
  direct_df         = false
  restart_size      = 2000
  restart           = false
  debug             = false
}

Number of basis functions = 221

Total number of shells = 105

Total number of electrons = 98
  # of alpha electrons    = 49
  # of beta electons      = 49

Nuclear repulsion energy  = 737.030926239873

# of {all,non-negligible} shell-pairs = {5565,4893}
Number of AO tiles = 105

Time for initial setup: 0.02 secs
HF exch = 1.00

Time for computing 1-e integrals T, V, S: 0.01 secs
Time for computing orthogonalizer: 0.01 secs

Superposition of Atomic Density Guess ...
Time taken for SAD: 0.29 secs
Total Time to compute initial guess: 0.29 secs


 SCF iterations
-----------------------------------------------------------------------------
 Iter     Energy            E-Diff       RMSD        |[F,P]|^2       Time(s)
-----------------------------------------------------------------------------
   1  -3011.7678483438    -3.01e+03     1.68e-02     1.51e+03         0.7 
   2  -3005.7546896574     6.01e+00     6.97e-03     9.16e+00         2.2 
   3  -3006.0289386520    -2.74e-01     2.41e-03     2.73e+00         2.2 
   4  -3006.1090343086    -8.01e-02     1.22e-03     9.64e-02         2.1 
   5  -3006.1158484811    -6.81e-03     3.05e-04     7.90e-03         2.1 
   6  -3006.1164799692    -6.31e-04     2.03e-04     1.62e-03         2.1 
   7  -3006.1166589142    -1.79e-04     7.05e-05     1.99e-04         2.1 
   8  -3006.1166823155    -2.34e-05     1.75e-05     3.05e-05         2.1 
   9  -3006.1166850184    -2.70e-06     1.03e-05     5.36e-06         2.1 
  10  -3006.1166856598    -6.41e-07     4.78e-06     6.65e-07         2.1 
  11  -3006.1166857734    -1.14e-07     1.97e-06     1.24e-07         2.1 
  12  -3006.1166857943    -2.09e-08     7.97e-07     2.65e-08         2.1 

** Total SCF energy = -3006.1166857942999

Nuclear repulsion energy = 737.030926239872542
#electrons        = 98
1e energy kinetic = 3006.2211301277575330
1e energy N-e     = -8627.3625707564387994
1e energy         = -5616.2001504197778559
2e energy         = 1877.8008254388025762
QED energy        = 0.1930031557048775
QED eT energy     = 0.1723364108062114
QED eT energy from matrix = 0.1723364108062153

 Polarizability Matrix (QED energy = 0.5 * lambda.dot(matrix * lambda))
[39.88339269,  1.27444208,  1.06573750]
[ 1.27444208, 44.86228179,  2.44188232]
[ 1.06573750,  2.44188232, 35.88332500]

 Polarizability Matrix (QED eT energy = 0.5 * lambda.dot(matrix * lambda))
[36.16263103,  1.51371921,  1.26571045]
[ 1.51371921, 41.93362012,  3.01343173]
[ 1.26571045,  3.01343173, 30.76745753]


                      Electron        Nuclear        Total  
                  ------------------------------------------
    Monopole         -98.000000     99.000000      1.000000

      Dipole   X       2.401167     -4.432199     -2.031031
      Dipole   Y       8.994564     -7.783885      1.210679
      Dipole   Z     -28.768165     30.188284      1.420119

  Quadrupole  XX   -1338.373054   1288.050793    -50.322261
  Quadrupole  XY    -470.742453    469.065986     -1.676467
  Quadrupole  XZ    -287.389745    285.367343     -2.022402
  Quadrupole  YY    -723.626644    685.627225    -37.999418
  Quadrupole  YZ    -281.719816    283.970287      2.250471
  Quadrupole  ZZ    -229.652740    183.438186    -46.214553

    Octupole XXX   -2904.267425   2771.795174   -132.472251
    Octupole XXY    -280.548757    260.913379    -19.635378
    Octupole XXZ    -602.072005    572.034700    -30.037305
    Octupole XYY     428.246992   -459.099482    -30.852490
    Octupole XYZ     220.418606   -230.991028    -10.572422
    Octupole XZZ      80.984947    -97.938731    -16.953784
    Octupole YYY    -476.085800    472.786575     -3.299225
    Octupole YYZ    -147.888518    130.443822    -17.444696
    Octupole YZZ       2.152088    -24.628548    -22.476460
    Octupole ZZZ    -128.740981     50.452715    -78.288266

writing orbitals and density to disk ... done.

Total Time taken for Hartree-Fock: 25.89 secs

CD Options
{
  debug             = false
  skip_cd           = [false, 100]
  write_cv          = [false, 5000]
  diagtol           = 1e-06
  itilesize         = 1000
  max_cvecs_factor  = 12
}

- #occupied, #virtual = 98, 344

- Tilesize for the MSO space: 40

-----------------------------------------------------
Begin 2-index transformation ... 

nAO, nMO, nelectrons = 221, 442, 98
n_occ_alpha, n_vir_alpha, n_occ_beta, n_vir_beta = 49,172,49,172

Time taken for Fao->Fmo transform: 0.00 secs

-----------------------------------------------------
Number of AO tiles = 105
# of {all,non-negligible} shell-pairs = {5565,4893}

    Begin Cholesky Decomposition
---------------------------------------------
Total # of mpi ranks used for Cholesky decomposition: 4
  --> Number of nodes, mpi ranks per node: 1, 4
- CPU memory required for computing cholesky vectors: 1.93 GiB

- Time for computing the diagonal: 0.01 secs

- Total number of cholesky vectors = 1645

- Time to compute cholesky vectors: 15.94 secs

- CPU memory required for resizing the ao cholesky tensor: 1.56 GiB
- CPU memory required for ao2mo transformation: 1.70 GiB
- CPU memory required for the 2-step contraction: 2.11 GiB

- Time for ao to mo transform: 1.57 secs

   End Cholesky Decomposition
---------------------------------------------

Total Time taken for Cholesky Decomposition: 20.42 secs

scf_type = restricted
Closed-Shell SCF
QED-HF Enabled
nbf = 203
nbf_orig = 221
n_lindep = 0
focc = 1
nmo = 406
nocc = 62
nvir = 344
n_occ_alpha = 31
n_vir_alpha = 172
n_occ_beta = 31
n_vir_beta = 172
nelectrons = 98
nelectrons_alpha = 49
nelectrons_beta = 49
freeze atomic = true
n_frozen_core = 18
n_frozen_virtual = 0
----------------------------
--------- QED-CCSD --------
lambda_x: -0.0847
lambda_y: -0.0275
lambda_z: 0.0454
omega: 0.066150
coupling_factor_x: -0.015411
coupling_factor_y: -0.005007
coupling_factor_z: 0.008257
----------------------------
# of {all,non-negligible} shell-pairs = {5565,4893}
Number of AO tiles = 105
----------------------------
Electronic dipole expectation value using SCF density: 
dipole_x_elec: 2.40131329
dipole_y_elec: 8.99456082
dipole_z_elec: -28.76812649

d_n/N value: d_n is nuclear dipole moment and N is the total number of electrons 
d_nuc_x: -0.04522652
d_nuc_y: -0.07942740
d_nuc_z: 0.30804372

<d_e+d_n> expectation values: 
dipole_total_x: -2.03088524
dipole_total_y: 1.21067543
dipole_total_z: 1.42015788
----------------------------


 CCSD iterations
------------------------------------------------------------
  Iter     Residuum          Correlation          Time(s)
------------------------------------------------------------
   1     1.1841050242555    0.0000000000000         84.04
   2     0.1707599659655   -1.5976873412763         83.11
   3     0.0644163878881   -1.6227736148100         83.59
   4     0.0236997613560   -1.6828637983431         83.63
   5     0.0170253480917   -1.6816511549411         83.97
 MICROCYCLE DIIS UPDATE:                    6
   6     0.0086503384735   -1.6917236528667         81.88
   7     0.0058129189434   -1.6917557133636         82.16
   8     0.0041018003334   -1.6930542087074         83.94
   9     0.0035713843695   -1.6934409018174         83.15
  10     0.0036295062206   -1.6937399410371         83.36
 MICROCYCLE DIIS UPDATE:                   11
  11     0.0007047236696   -1.6944612054743         83.92
  12     0.0004511209540   -1.6943696837177         83.96
  13     0.0004273159408   -1.6944798264658         83.72
  14     0.0005404858501   -1.6944420093998         83.67
  15     0.0007541386898   -1.6944742847098         83.91
 MICROCYCLE DIIS UPDATE:                   16
  16     0.0000801828232   -1.6944851107162         83.88
  17     0.0000566272924   -1.6944699664841         83.95
  18     0.0000540694337   -1.6944760123388         83.71
  19     0.0000739956379   -1.6944782694323         83.58
  20     0.0001098939961   -1.6944796247915         83.57
 MICROCYCLE DIIS UPDATE:                   21
  21     0.0000157678576   -1.6944866762120         84.13
  22     0.0000106593031   -1.6944845302631         83.63
  23     0.0000088171509   -1.6944852430081         83.94
  24     0.0000090630868   -1.6944844917662         83.30
  25     0.0000112026814   -1.6944845802574         84.08
 MICROCYCLE DIIS UPDATE:                   26
  26     0.0000033257888   -1.6944842149974         84.45
  27     0.0000023822119   -1.6944837968099         84.38
  28     0.0000021826901   -1.6944840853564         82.84
  29     0.0000026302007   -1.6944841495072         82.61
  30     0.0000039188261   -1.6944841947816         82.68
 MICROCYCLE DIIS UPDATE:                   31
  31     0.0000008240823   -1.6944844887885         84.25
------------------------------------------------------------------
 Iterations converged
 CCSD correlation energy / hartree =        -1.694484488788457
 CCSD total energy / hartree       =     -3007.811170283088359

Time taken for spin-orbital canonical QED-CCSD: 2660.80 secs
