
ExaChem Git Information
{
 WARNING: Failed to retrieve the current git state.
}


TAMM Git Information
{
 Branch: main
 Commit Hash: e71357ad [e71357ad54f38748b4a7e175aa6760820d5ce96f]
 Commit Date: 2026-02-02 23:14:56 -0800
 Commit Message: add GitHub Actions workflow for releases
}


date: Mon Aug 10 07:57:35 2026
program: "/global/cfs/cdirs/m3196/heindelj/cavity_qed/software/install_gpu/bin/bin/ExaChem"
nnodes: 1, nproc_per_node: 4, nproc_total: 4, ngpus_per_node: 1, ngpus_total: 1

Memory information
{
[AMD EPYC 7763 64-Core Processor                ] : 
  CPU memory per node (GiB): 251
  Total CPU memory (GiB): 251
[NVIDIA A100-SXM4-80GB, CUDA v12.9] : 
  GPU memory per device (GiB): 79
  GPU memory per node (GiB): 79
  Total GPU memory (GiB): 79
}

------------------------------------------------------------

Input file provided: /global/cfs/cdirs/m4262/heindelj/cavity_qed/mlip/lambda_scans/grid_scans_optimized_geoms/runs_grid_no_freq/ortho_th72_ph216/ortho_th72_ph216_qed_ccsd_input.json

{
  "geometry": {
    "coordinates": [
      "C    -1.785162443400    1.951761377700    0.639899882800",
      "C    -0.359753711900    1.979768475200    0.666313189500",
      "C     0.306075193500    0.818674316600    0.686538175800",
      "C    -2.498563771700    0.768310083800    0.682389847000",
      "H    -2.319051566800    2.895859143200    0.603175759700",
      "H     0.161152080500    2.920731906600    0.698905535300",
      "H    -3.574454303000    0.788057627300    0.679711744400",
      "N     1.780836090800    0.834294884700    0.755880514400",
      "O     2.349390687100   -0.087845234400    0.230615526800",
      "O     2.252947115400    1.759434156500    1.355229841400",
      "C    -1.809896295300   -0.409709063500    0.791440155800",
      "H    -2.331219529400   -1.344717082800    0.911856214900",
      "C    -0.352625544600   -0.490994380300    0.707218498100",
      "H     0.104518909900   -1.184445390800    1.412155112100",
      "Br   -0.277693827400   -1.414704051900   -1.031601992200"
    ],
    "units": "angstrom",
    "noorient": true
  },
  "common": {
    "maxiter": 100,
    "debug": false
  },
  "basis": {
    "basisset": "6-311G*"
  },
  "SCF": {
    "charge": 1,
    "multiplicity": 1,
    "lshift": 0,
    "tol_lindep": 1e-10,
    "conve": 1e-07,
    "convd": 1e-05,
    "diis_hist": 10,
    "writem": 10,
    "restart": false,
    "noscf": false,
    "scf_type": "restricted",
    "debug": false,
    "qed_omegas": [
      0.06615
    ],
    "qed_volumes": [],
    "qed_lambdas": [
      0.1
    ],
    "qed_polvecs": [
      [
        -0.7694208842938135,
        -0.5590169943749473,
        0.30901699437494745
      ]
    ],
    "direct_df": false
  },
  "CD": {
    "debug": false,
    "diagtol": 1e-06
  },
  "CC": {
    "threshold": 1e-06,
    "ndiis": 5,
    "ccsd_maxiter": 200,
    "tilesize": 40,
    "freeze": {
      "atomic": true
    },
    "readt": false,
    "writet": true,
    "writet_iter": 5,
    "debug": false,
    "profile_ccsd": false,
    "balance_tiles": true
  },
  "TASK": {
    "scf": false,
    "ccsd": true
  }
}

Output folder & files prefix: ortho_th72_ph216_qed_ccsd_input.6-311g*

  C (carbon)
  ----------
          Exponent        Coefficients
      ----------------  --------------------
  1 S  4.56324000E+03      0.778202
  1 S  6.82024000E+02      1.448695
  1 S  1.54973000E+02      2.383089
  1 S  4.44553000E+01      3.200089
  1 S  1.30290000E+01      3.013004
  1 S  1.82773000E+00      0.247599

  2 S  2.09642000E+01      0.800629
  2 S  4.80331000E+00      2.127420
  2 S  1.45933000E+00     -0.002868

  3 P  2.09642000E+01      2.573592
  3 P  4.80331000E+00      2.408248
  3 P  1.45933000E+00      1.865281

  4 S  4.83456000E-01      0.413217

  5 P  4.83456000E-01      0.574627

  6 S  1.45585000E-01      0.167976

  7 P  1.45585000E-01      0.128185

  8 D  6.26000000E-01      0.725128


  H (hydrogen)
  ------------
          Exponent        Coefficients
      ----------------  --------------------
  1 S  3.38650000E+01      0.255069
  1 S  5.09479000E+00      0.460109
  1 S  1.15879000E+00      0.678321

  2 S  3.25840000E-01      0.307371

  3 S  1.02741000E-01      0.129336


  N (nitrogen)
  ------------
          Exponent        Coefficients
      ----------------  --------------------
  1 S  6.29348000E+03      0.991968
  1 S  9.49044000E+02      1.823240
  1 S  2.18776000E+02      2.979891
  1 S  6.36916000E+01      4.000007
  1 S  1.88282000E+01      3.881008
  1 S  2.72023000E+00      0.386764

  2 S  3.06331000E+01      1.038501
  2 S  7.02614000E+00      2.834794
  2 S  2.11205000E+00     -0.003208

  3 P  3.06331000E+01      3.935616
  3 P  7.02614000E+00      3.870994
  3 P  2.11205000E+00      2.967271

  4 S  6.84009000E-01      0.536051

  5 P  6.84009000E-01      0.886681

  6 S  2.00878000E-01      0.213850

  7 P  2.00878000E-01      0.191693

  8 D  9.13000000E-01      1.403568


  O (oxygen)
  ----------
          Exponent        Coefficients
      ----------------  --------------------
  1 S  8.58850000E+03      1.205013
  1 S  1.29723000E+03      2.216205
  1 S  2.99296000E+02      3.627452
  1 S  8.73771000E+01      4.888452
  1 S  2.56789000E+01      4.835721
  1 S  3.74004000E+00      0.538229

  2 S  4.21175000E+01      1.341958
  2 S  9.62837000E+00      3.587114
  2 S  2.85332000E+00     -0.005123

  3 P  4.21175000E+01      5.584018
  3 P  9.62837000E+00      5.733366
  3 P  2.85332000E+00      4.332955

  4 S  9.05661000E-01      0.661659

  5 P  9.05661000E-01      1.259352

  6 S  2.55611000E-01      0.256209

  7 P  2.55611000E-01      0.259068

  8 D  1.29200000E+00      2.577026


  Br (bromine)
  ------------
          Exponent        Coefficients
      ----------------  --------------------
  1 S  4.39700000E+05      9.893706
  1 S  6.60300000E+04     18.450679
  1 S  1.51400000E+04     31.049770
  1 S  4.31700000E+03     48.888138
  1 S  1.41400000E+03     64.847798
  1 S  5.23900000E+02     42.245010

  2 S  5.23900000E+02     14.290679
  2 S  2.07700000E+02     24.083128
  2 S  8.65400000E+01      5.132542

  3 S  3.05200000E+01      9.254405

  4 S  1.29800000E+01      4.873782

  5 S  4.41200000E+00      2.169635

  6 S  1.86200000E+00      1.136043

  7 S  3.93200000E-01      0.353892

  8 S  1.40000000E-01      0.163120

  9 P  2.95700000E+03    691.874478
  9 P  7.00300000E+02    925.332763
  9 P  2.24600000E+02   1068.830732

  10 P  8.25900000E+01    122.079275
  10 P  3.31900000E+01     57.580687
  10 P  1.42000000E+01     10.176170

  11 P  1.42000000E+01      3.129736
  11 P  7.43800000E+00      6.538168
  11 P  3.52600000E+00      4.166276

  12 P  1.59500000E+00      2.555000

  13 P  8.46200000E-01      1.156861

  14 P  3.18600000E-01      0.341191

  15 P  1.09600000E-01      0.089888

  16 D  1.34800000E+02    160.709187
  16 D  3.63900000E+01    119.797406
  16 D  1.21600000E+01     55.531619
  16 D  4.34100000E+00     12.984636

  17 D  1.53500000E+00      3.484168

  18 D  4.51000000E-01      0.408525



Printing Internal Coordinates

------------------------------------------------------------
                Bond Lengths

i      j        Length (Angstroms)     Length (Bohr)
0      1          1.4259285088         2.6946143567
0      3          1.3824991202         2.6125447065
0      4          1.0852220271         2.0507724170
1      2          1.3386100353         2.5296063560
1      5          1.0760191842         2.0333815644
2      7          1.4764728464         2.7901293121
2      12         1.4661331569         2.7705901306
3      6          1.0760750778         2.0334871879
3      10         1.3688988181         2.5868438604
7      8          1.2039518410         2.2751392483
7      9          1.1991626693         2.2660890255
10     11         1.0772733812         2.0357516532
10     12         1.4619639637         2.7627114974
12     13         1.0893993694         2.0586664499
12     14         1.9703682440         3.7234563484

Number of Bonds: 15

------------------------------------------------------------
           Bond Angles

i      j      k      Angle (degrees)
0      1      2        118.7158 
0      1      5        120.1102 
0      3      6        120.0098 
0      3      10       118.6531 
1      0      3        122.1460 
1      0      4        118.3804 
1      2      7        119.2328 
1      2      12       123.4742 
2      1      5        121.1490 
2      7      8        116.3018 
2      7      9        115.1430 
2      12     10       113.5145 
2      12     13       112.9054 
2      12     14       112.9070 
3      0      4        119.4642 
3      10     11       120.8213 
3      10     12       123.0058 
6      3      10       121.2642 
7      2      12       117.2288 
8      7      9        128.5385 
10     12     13       114.6073 
10     12     14        96.5927 
11     10     12       116.1394 
13     12     14       104.8728 

Number of Angles: 24

------------------------------------------------------------
              Torsional Angles

i      j      k      l      Angle (degrees)
3      10     12     2          8.1775 
6      3      0      4         -0.0504 
10     3      0      4       -176.9878 
10     12     2      1         -3.7535 
11     10     3      0        174.7560 
11     10     3      6         -2.1414 
11     10     12     2       -173.9122 
12     2      1      5        177.0513 
12     10     3      0         -7.4286 
12     10     3      6        175.6740 
13     12     2      1       -136.3496 
13     12     10     3        139.9469 
13     12     10     11       -42.1429 
14     12     2      1        104.8967 
14     12     10     3       -110.3513 
14     12     10     11        67.5589 

Number of Torsional Angles: 16


----------------------------------------------------------------------
                          Center of Mass

         x               y               z              Unit
  -0.04760626245  -0.07448926507   0.03908959549      Angstrom
  -0.08996279791   -0.1407643103   0.07386862985          Bohr

----------------------------------------------------------------------
                Moment of Inertia Tensor

           1835.65          -164.532          -139.917
          -164.532           2007.55          -718.136
          -139.917          -718.136           2685.16

----------------------------------------------------------------------
                      Principal Moments of Inertia

           x                 y                 z                Unit
       402.4906358       546.0364042        879.600517       amu * ang^2
       1437.320154       1949.931399       3141.110472      amu * bohr^2
  6.6835188081e-38  9.0671539979e-38  1.4606120184e-37          g * cm^2

 - Molecule is an asymmetric top.

----------------------------------------------------------------------

         Rotational constants (MHz)

    A = 1.2556e+03        B = 9.2554e+02        C = 5.7456e+02

----------------------------------------------------------------------

        Rotational constants (cm-1)

    A = 4.1883e-02        B = 3.0873e-02        C = 1.9165e-02

----------------------------------------------------------------------

                                Z-Matrix
C   
C        1       2.6946144
C        2       2.5296064     1       118.71578
C        3      5.30085980     2     61.19885116     1         -1.1153
H        4      4.03754680     3     84.15550976     2          1.2032
H        5      4.69063104     4     95.30745648     3         -2.1161
H        6      8.12877133     5     29.20482844     4         -1.0926
N        7     10.12143289     6     29.23149047     5        177.1369
O        8      2.27513925     7    117.34571741     6       -149.1614
O        9      4.09094058     8     25.67572787     7       -176.6770
C       10      8.76835726     9     64.97428639     8         12.2356
H       11      2.03575165    10    144.67650650     9         52.9242
C       12      4.09052738    11     37.32363873    10        -22.2652
H       13      2.05866645    12     94.09102558    11        142.2945
Br      14      4.69438339    13     50.04951839    12         87.1226

----------------------------------------------------------------------

             Converted back to Cartesian

C        0.000000      0.000000      0.000000
C        0.000000      0.000000      2.694614
C        0.000000      0.091458      0.166662
C        0.000034     -0.198911      5.459563
H       -0.000065      0.125521      1.435072
H        0.000233     -0.386950      6.097624
H       -0.000357      0.572999     -1.974267
N       -0.004391     -0.711590      8.065316
O        0.004501     -0.342758      5.820290
O       -0.012911     -1.037477      9.851773
C        0.031467      0.622131      1.242021
H        0.016086      0.149273      3.222035
C        0.049929      1.144485     -0.745436
H        0.026632      0.586936      1.236156
Br       0.085447      1.926824     -3.262564

----------------------------------------------------------------------
                       Geometry in bohr 

1     C      -3.3734681083    3.6882944670    1.2092355265
2     C      -0.6798359883    3.7412202108    1.2591494422
3     C       0.5783982896    1.5470702447    1.2973691272
4     C      -4.7216012366    1.4518956382    1.2895299219
5     H      -4.3823723331    5.4723806799    1.1398369916
6     H       0.3045332968    5.5193833907    1.3207400496
7     H      -6.7547396822    1.4892130870    1.2844690415
8     N       3.3652924867    1.5765888403    1.4284071561
9     O       4.4397049614   -0.1660034345    0.4358001860
10    O       4.2574530243    3.3248486924    2.5610132379
11    C      -3.4202083144   -0.7742379213    1.4956051395
12    H      -4.4053664499   -2.5411470033    1.7231585124
13    C      -0.6663657043   -0.9278449081    1.3364492726
14    H       0.1975121147   -2.2382773997    2.6685864092
15    Br     -0.5247652806   -2.6734032073   -1.9494452362

 Number of nodes, processes per node used for SCF calculation: 1, 4

Common Options
{
  maxiter       = 100
  basis         = 6-311g* spherical
  geom_units    = angstrom
  ang2au factor = 1.889726126
  debug         = false
  file_prefix   = ortho_th72_ph216_qed_ccsd_input
}

SCF Options
{
  charge            = 1
  multiplicity      = 1
  level shift       = 0
  tol_int           = 1e-22
  tol_sch           = 1e-12
  tol_lindep        = 1e-10
  conve             = 1e-07
  convd             = 1e-05
  diis_hist         = 10
  AO_tilesize       = 30
  writem            = 10
  damp              = 100
  n_lindep          = 0
  scf_type          = restricted
  cuscf             = false
  qed_omegas        = [0.06615,]
  qed_lambdas       = [0.1,]
  qed_polvecs       = [[-0.7694208843,-0.5590169944,0.3090169944,],]
  direct_df         = false
  restart_size      = 2000
  restart           = false
  debug             = false
}

Number of basis functions = 221

Total number of shells = 105

Total number of electrons = 98
  # of alpha electrons    = 49
  # of beta electons      = 49

Nuclear repulsion energy  = 778.799190106958

# of {all,non-negligible} shell-pairs = {5565,4995}
Number of AO tiles = 105

Time for initial setup: 0.01 secs
HF exch = 1.00

Time for computing 1-e integrals T, V, S: 0.01 secs
Time for computing orthogonalizer: 0.01 secs

Superposition of Atomic Density Guess ...
Time taken for SAD: 0.31 secs
Total Time to compute initial guess: 0.31 secs


 SCF iterations
-----------------------------------------------------------------------------
 Iter     Energy            E-Diff       RMSD        |[F,P]|^2       Time(s)
-----------------------------------------------------------------------------
   1  -3011.7968305996    -3.01e+03     1.68e-02     1.51e+03         0.6 
   2  -3005.7628669056     6.03e+00     6.99e-03     8.70e+00         2.2 
   3  -3005.9951418869    -2.32e-01     2.82e-03     3.60e+00         2.2 
   4  -3006.0986871421    -1.04e-01     1.15e-03     1.28e-01         2.2 
   5  -3006.1061667110    -7.48e-03     3.02e-04     1.54e-02         2.2 
   6  -3006.1069829136    -8.16e-04     1.91e-04     1.65e-03         2.2 
   7  -3006.1071870084    -2.04e-04     7.08e-05     2.52e-04         2.2 
   8  -3006.1072198061    -3.28e-05     2.74e-05     4.53e-05         2.2 
   9  -3006.1072249709    -5.16e-06     1.44e-05     7.14e-06         2.2 
  10  -3006.1072261034    -1.13e-06     5.50e-06     1.04e-06         2.2 
  11  -3006.1072262581    -1.55e-07     2.54e-06     2.68e-07         2.2 
  12  -3006.1072262896    -3.15e-08     1.08e-06     3.86e-08         2.2 

** Total SCF energy = -3006.1072262896223

Nuclear repulsion energy = 778.799190106958008
#electrons        = 98
1e energy kinetic = 3006.2118681578467658
1e energy N-e     = -8710.8991274077579874
1e energy         = -5701.5468880257385536
2e energy         = 1919.5904922552231255
QED energy        = 0.1903505981081497
QED eT energy     = 0.1707182408510337
QED eT energy from matrix = 0.1707182408510579

 Polarizability Matrix (QED energy = 0.5 * lambda.dot(matrix * lambda))
[39.44415719, -2.06460880, -0.45196449]
[-2.06460880, 44.49665080,  3.61188395]
[-0.45196449,  3.61188395, 37.93688063]

 Polarizability Matrix (QED eT energy = 0.5 * lambda.dot(matrix * lambda))
[35.72015400, -2.16818243, -0.46606594]
[-2.16818243, 41.35355970,  4.23655474]
[-0.46606594,  4.23655474, 33.31444748]


                      Electron        Nuclear        Total  
                  ------------------------------------------
    Monopole         -98.000000     99.000000      1.000000

      Dipole   X      10.407519    -13.971393     -3.563874
      Dipole   Y      -1.627508      2.797711      1.170203
      Dipole   Z     -19.985351     21.203596      1.218245

  Quadrupole  XX    -797.401873    755.654768    -41.747105
  Quadrupole  XY     -71.696515     65.901601     -5.794914
  Quadrupole  XZ     -59.423288     54.149971     -5.273317
  Quadrupole  YY    -667.850023    631.672487    -36.177536
  Quadrupole  YZ    -334.142508    334.714443      0.571936
  Quadrupole  ZZ    -325.296759    278.568131    -46.728627

    Octupole XXX     -63.349788     -3.106655    -66.456443
    Octupole XXY   -1086.843002   1082.040157     -4.802845
    Octupole XXZ   -1031.995352   1018.386646    -13.608706
    Octupole XYY     226.301125   -259.214713    -32.913589
    Octupole XYZ    -109.871951     98.006955    -11.864997
    Octupole XZZ     -42.659492     50.043231      7.383739
    Octupole YYY    -616.999957    608.624273     -8.375684
    Octupole YYZ    -136.422557    117.168588    -19.253969
    Octupole YZZ      49.147022    -85.439245    -36.292223
    Octupole ZZZ     -91.265714      9.115738    -82.149975

writing orbitals and density to disk ... done.

Total Time taken for Hartree-Fock: 26.37 secs

CD Options
{
  debug             = false
  skip_cd           = [false, 100]
  write_cv          = [false, 5000]
  diagtol           = 1e-06
  itilesize         = 1000
  max_cvecs_factor  = 12
}

- #occupied, #virtual = 98, 344

- Tilesize for the MSO space: 40

-----------------------------------------------------
Begin 2-index transformation ... 

nAO, nMO, nelectrons = 221, 442, 98
n_occ_alpha, n_vir_alpha, n_occ_beta, n_vir_beta = 49,172,49,172

Time taken for Fao->Fmo transform: 0.00 secs

-----------------------------------------------------
Number of AO tiles = 105
# of {all,non-negligible} shell-pairs = {5565,4995}

    Begin Cholesky Decomposition
---------------------------------------------
Total # of mpi ranks used for Cholesky decomposition: 4
  --> Number of nodes, mpi ranks per node: 1, 4
- CPU memory required for computing cholesky vectors: 1.93 GiB

- Time for computing the diagonal: 0.01 secs

- Total number of cholesky vectors = 1650

- Time to compute cholesky vectors: 15.53 secs

- CPU memory required for resizing the ao cholesky tensor: 1.57 GiB
- CPU memory required for ao2mo transformation: 1.70 GiB
- CPU memory required for the 2-step contraction: 2.12 GiB

- Time for ao to mo transform: 1.55 secs

   End Cholesky Decomposition
---------------------------------------------

Total Time taken for Cholesky Decomposition: 20.28 secs

scf_type = restricted
Closed-Shell SCF
QED-HF Enabled
nbf = 203
nbf_orig = 221
n_lindep = 0
focc = 1
nmo = 406
nocc = 62
nvir = 344
n_occ_alpha = 31
n_vir_alpha = 172
n_occ_beta = 31
n_vir_beta = 172
nelectrons = 98
nelectrons_alpha = 49
nelectrons_beta = 49
freeze atomic = true
n_frozen_core = 18
n_frozen_virtual = 0
----------------------------
--------- QED-CCSD --------
lambda_x: -0.0769
lambda_y: -0.0559
lambda_z: 0.0309
omega: 0.066150
coupling_factor_x: -0.013993
coupling_factor_y: -0.010167
coupling_factor_z: 0.005620
----------------------------
# of {all,non-negligible} shell-pairs = {5565,4995}
Number of AO tiles = 105
----------------------------
Electronic dipole expectation value using SCF density: 
dipole_x_elec: 10.40742637
dipole_y_elec: -1.62745531
dipole_z_elec: -19.98523730

d_n/N value: d_n is nuclear dipole moment and N is the total number of electrons 
d_nuc_x: -0.14256523
d_nuc_y: 0.02854807
d_nuc_z: 0.21636322

<d_e+d_n> expectation values: 
dipole_total_x: -3.56396659
dipole_total_y: 1.17025552
dipole_total_z: 1.21835850
----------------------------


 CCSD iterations
------------------------------------------------------------
  Iter     Residuum          Correlation          Time(s)
------------------------------------------------------------
   1     1.1848995815968    0.0000000000000         87.69
   2     0.1689703212276   -1.6317448455401         87.36
   3     0.0664776595474   -1.6285931944626         86.24
   4     0.0238372529775   -1.6926333771160         86.05
   5     0.0206333241640   -1.6881444446326         86.03
 MICROCYCLE DIIS UPDATE:                    6
   6     0.0089882846039   -1.6982704542185         85.35
   7     0.0062506621835   -1.6979995878094         85.12
   8     0.0050259613788   -1.6996525920308         84.80
   9     0.0047490549718   -1.6998892225734         86.05
  10     0.0059340181483   -1.7003016395524         85.03
 MICROCYCLE DIIS UPDATE:                   11
  11     0.0009815883166   -1.7010204453781         85.11
  12     0.0007929796836   -1.7009281599311         84.99
  13     0.0006303489912   -1.7010447340179         84.85
  14     0.0007431536363   -1.7009963108054         84.83
  15     0.0009717999599   -1.7010480086691         85.09
 MICROCYCLE DIIS UPDATE:                   16
  16     0.0001873604476   -1.7010777470988         85.61
  17     0.0001267778488   -1.7010510060088         84.64
  18     0.0001205741547   -1.7010809917897         84.69
  19     0.0001207533364   -1.7010828167110         84.52
  20     0.0001661091155   -1.7010872754409         84.13
 MICROCYCLE DIIS UPDATE:                   21
  21     0.0000426502988   -1.7011058765596         84.69
  22     0.0000348226612   -1.7010974586904         84.19
  23     0.0000282861290   -1.7010984111809         84.08
  24     0.0000328147367   -1.7010959297647         84.04
  25     0.0000401444775   -1.7010970468445         84.59
 MICROCYCLE DIIS UPDATE:                   26
  26     0.0000099676494   -1.7010953242125         84.77
  27     0.0000065184004   -1.7010950546390         85.12
  28     0.0000055183968   -1.7010965151744         84.81
  29     0.0000053504674   -1.7010968161490         84.80
  30     0.0000073014917   -1.7010970716292         85.51
 MICROCYCLE DIIS UPDATE:                   31
  31     0.0000022154959   -1.7010981122489         84.91
  32     0.0000018028502   -1.7010976648696         84.96
  33     0.0000015253878   -1.7010976566140         84.71
  34     0.0000017053663   -1.7010975458826         84.78
  35     0.0000020931662   -1.7010975809123         84.67
 MICROCYCLE DIIS UPDATE:                   36
  36     0.0000005092848   -1.7010974750330         84.89
------------------------------------------------------------------
 Iterations converged
 CCSD correlation energy / hartree =        -1.701097475033034
 CCSD total energy / hartree       =     -3007.808323764655142

Time taken for spin-orbital canonical QED-CCSD: 3151.33 secs
