
ExaChem Git Information
{
 WARNING: Failed to retrieve the current git state.
}


TAMM Git Information
{
 Branch: main
 Commit Hash: e71357ad [e71357ad54f38748b4a7e175aa6760820d5ce96f]
 Commit Date: 2026-02-02 23:14:56 -0800
 Commit Message: add GitHub Actions workflow for releases
}


date: Thu Aug  6 07:39:49 2026
program: "/global/cfs/cdirs/m3196/heindelj/cavity_qed/software/install_gpu/bin/bin/ExaChem"
nnodes: 1, nproc_per_node: 4, nproc_total: 4, ngpus_per_node: 1, ngpus_total: 1

Memory information
{
[AMD EPYC 7763 64-Core Processor                ] : 
  CPU memory per node (GiB): 251
  Total CPU memory (GiB): 251
[NVIDIA A100-SXM4-40GB, CUDA v12.9] : 
  GPU memory per device (GiB): 39
  GPU memory per node (GiB): 39
  Total GPU memory (GiB): 39
}

------------------------------------------------------------

Input file provided: /global/cfs/cdirs/m4262/heindelj/cavity_qed/mlip/lambda_scans/grid_scans_optimized_geoms/runs_grid_no_freq/meta_th27_ph144/meta_th27_ph144_qed_ccsd_input.json

{
  "geometry": {
    "coordinates": [
      "C    -0.915830624600    2.015939327900    0.759126520900",
      "C     0.480913489400    1.952731768900    0.715683633800",
      "C     1.159879754800    0.724017763900    0.666237614300",
      "C     0.497156476300   -0.450094171700    0.619849597200",
      "C    -1.624130478000    0.856272634600    0.741974308500",
      "H    -1.408490076500    2.974982500500    0.805374097000",
      "H     1.077203249200    2.859142798000    0.717178594500",
      "H     1.034759587300   -1.388618647900    0.575663964800",
      "H    -2.705821083700    0.862388012900    0.776706819500",
      "N     2.644993405600    0.745912050300    0.644093460600",
      "O     3.190361557100   -0.309667753000    0.816329555000",
      "O     3.153613360500    1.823448226500    0.473100183900",
      "C    -0.972128104100   -0.457432772300    0.644583213300",
      "H    -1.300430704000   -1.109897332500    1.457942457100",
      "Br   -1.703883079800   -1.297525426700   -0.942386332500"
    ],
    "units": "angstrom",
    "noorient": true
  },
  "common": {
    "maxiter": 100,
    "debug": false
  },
  "basis": {
    "basisset": "6-311G*"
  },
  "SCF": {
    "charge": 1,
    "multiplicity": 1,
    "lshift": 0,
    "tol_lindep": 1e-10,
    "conve": 1e-07,
    "convd": 1e-05,
    "diis_hist": 10,
    "writem": 10,
    "restart": false,
    "noscf": false,
    "scf_type": "restricted",
    "debug": false,
    "qed_omegas": [
      0.06615
    ],
    "qed_volumes": [],
    "qed_lambdas": [
      0.1
    ],
    "qed_polvecs": [
      [
        -0.3672860295740684,
        0.2668489204277955,
        0.8910065241883679
      ]
    ],
    "direct_df": false
  },
  "CD": {
    "debug": false,
    "diagtol": 1e-06
  },
  "CC": {
    "threshold": 1e-06,
    "ndiis": 5,
    "ccsd_maxiter": 200,
    "tilesize": 40,
    "freeze": {
      "atomic": true
    },
    "readt": false,
    "writet": true,
    "writet_iter": 5,
    "debug": false,
    "profile_ccsd": false,
    "balance_tiles": true
  },
  "TASK": {
    "scf": false,
    "ccsd": true
  }
}

Output folder & files prefix: meta_th27_ph144_qed_ccsd_input.6-311g*

  C (carbon)
  ----------
          Exponent        Coefficients
      ----------------  --------------------
  1 S  4.56324000E+03      0.778202
  1 S  6.82024000E+02      1.448695
  1 S  1.54973000E+02      2.383089
  1 S  4.44553000E+01      3.200089
  1 S  1.30290000E+01      3.013004
  1 S  1.82773000E+00      0.247599

  2 S  2.09642000E+01      0.800629
  2 S  4.80331000E+00      2.127420
  2 S  1.45933000E+00     -0.002868

  3 P  2.09642000E+01      2.573592
  3 P  4.80331000E+00      2.408248
  3 P  1.45933000E+00      1.865281

  4 S  4.83456000E-01      0.413217

  5 P  4.83456000E-01      0.574627

  6 S  1.45585000E-01      0.167976

  7 P  1.45585000E-01      0.128185

  8 D  6.26000000E-01      0.725128


  H (hydrogen)
  ------------
          Exponent        Coefficients
      ----------------  --------------------
  1 S  3.38650000E+01      0.255069
  1 S  5.09479000E+00      0.460109
  1 S  1.15879000E+00      0.678321

  2 S  3.25840000E-01      0.307371

  3 S  1.02741000E-01      0.129336


  N (nitrogen)
  ------------
          Exponent        Coefficients
      ----------------  --------------------
  1 S  6.29348000E+03      0.991968
  1 S  9.49044000E+02      1.823240
  1 S  2.18776000E+02      2.979891
  1 S  6.36916000E+01      4.000007
  1 S  1.88282000E+01      3.881008
  1 S  2.72023000E+00      0.386764

  2 S  3.06331000E+01      1.038501
  2 S  7.02614000E+00      2.834794
  2 S  2.11205000E+00     -0.003208

  3 P  3.06331000E+01      3.935616
  3 P  7.02614000E+00      3.870994
  3 P  2.11205000E+00      2.967271

  4 S  6.84009000E-01      0.536051

  5 P  6.84009000E-01      0.886681

  6 S  2.00878000E-01      0.213850

  7 P  2.00878000E-01      0.191693

  8 D  9.13000000E-01      1.403568


  O (oxygen)
  ----------
          Exponent        Coefficients
      ----------------  --------------------
  1 S  8.58850000E+03      1.205013
  1 S  1.29723000E+03      2.216205
  1 S  2.99296000E+02      3.627452
  1 S  8.73771000E+01      4.888452
  1 S  2.56789000E+01      4.835721
  1 S  3.74004000E+00      0.538229

  2 S  4.21175000E+01      1.341958
  2 S  9.62837000E+00      3.587114
  2 S  2.85332000E+00     -0.005123

  3 P  4.21175000E+01      5.584018
  3 P  9.62837000E+00      5.733366
  3 P  2.85332000E+00      4.332955

  4 S  9.05661000E-01      0.661659

  5 P  9.05661000E-01      1.259352

  6 S  2.55611000E-01      0.256209

  7 P  2.55611000E-01      0.259068

  8 D  1.29200000E+00      2.577026


  Br (bromine)
  ------------
          Exponent        Coefficients
      ----------------  --------------------
  1 S  4.39700000E+05      9.893706
  1 S  6.60300000E+04     18.450679
  1 S  1.51400000E+04     31.049770
  1 S  4.31700000E+03     48.888138
  1 S  1.41400000E+03     64.847798
  1 S  5.23900000E+02     42.245010

  2 S  5.23900000E+02     14.290679
  2 S  2.07700000E+02     24.083128
  2 S  8.65400000E+01      5.132542

  3 S  3.05200000E+01      9.254405

  4 S  1.29800000E+01      4.873782

  5 S  4.41200000E+00      2.169635

  6 S  1.86200000E+00      1.136043

  7 S  3.93200000E-01      0.353892

  8 S  1.40000000E-01      0.163120

  9 P  2.95700000E+03    691.874478
  9 P  7.00300000E+02    925.332763
  9 P  2.24600000E+02   1068.830732

  10 P  8.25900000E+01    122.079275
  10 P  3.31900000E+01     57.580687
  10 P  1.42000000E+01     10.176170

  11 P  1.42000000E+01      3.129736
  11 P  7.43800000E+00      6.538168
  11 P  3.52600000E+00      4.166276

  12 P  1.59500000E+00      2.555000

  13 P  8.46200000E-01      1.156861

  14 P  3.18600000E-01      0.341191

  15 P  1.09600000E-01      0.089888

  16 D  1.34800000E+02    160.709187
  16 D  3.63900000E+01    119.797406
  16 D  1.21600000E+01     55.531619
  16 D  4.34100000E+00     12.984636

  17 D  1.53500000E+00      3.484168

  18 D  4.51000000E-01      0.408525



Printing Internal Coordinates

------------------------------------------------------------
                Bond Lengths

i      j        Length (Angstroms)     Length (Bohr)
0      1          1.3988483120         2.6434402013
0      4          1.3589737747         2.5680882464
0      5          1.0791737491         2.0393428281
1      2          1.4046986170         2.6544956755
1      6          1.0849629792         2.0502828874
2      3          1.3490340356         2.5493048619
2      9          1.4854400961         2.8070749581
3      7          1.0824960358         2.0456210400
3      12         1.4695110701         2.7769734614
4      8          1.0822653610         2.0451851279
4      12         1.4698346904         2.7775850152
9      10         1.2005583759         2.2687265287
9      11         1.2037512908         2.2747602634
12     13         1.0931815306         2.0658136988
12     14         1.9389928705         3.6641654853

Number of Bonds: 15

------------------------------------------------------------
           Bond Angles

i      j      k      Angle (degrees)
0      1      2        121.5501 
0      1      6        120.7288 
0      4      8        121.0441 
0      4      12       122.1632 
1      0      4        118.7813 
1      0      5        119.8225 
1      2      3        121.6720 
1      2      9        118.0914 
2      1      6        117.7209 
2      3      7        120.7978 
2      3      12       119.6664 
2      9      10       116.0442 
2      9      11       115.9603 
3      2      9        120.2295 
3      12     4        116.1149 
3      12     13       108.4076 
3      12     14       111.4519 
4      0      5        121.3962 
4      12     13       110.5444 
4      12     14       105.9063 
7      3      12       119.5323 
8      4      12       116.7777 
10     9      11       127.9876 
13     12     14       103.7108 

Number of Angles: 24

------------------------------------------------------------
              Torsional Angles

i      j      k      l      Angle (degrees)
3      2      1      0          1.9217 
4      0      1      2         -0.5289 
5      0      1      2        179.4635 
6      1      0      4        179.3465 
6      1      0      5         -0.6612 
6      1      2      3       -177.9573 
7      3      2      1        179.6056 
8      4      0      1        179.8459 
8      4      0      5         -0.1464 

Number of Torsional Angles: 9


----------------------------------------------------------------------
                          Center of Mass

         x               y               z              Unit
  -0.08611708047  -0.04487733453   0.04172294813      Angstrom
   -0.1627376968  -0.08480587152   0.07884494513          Bohr

----------------------------------------------------------------------
                Moment of Inertia Tensor

           1649.15          -933.441          -719.264
          -933.441           3100.19          -567.667
          -719.264          -567.667           3824.33

----------------------------------------------------------------------
                      Principal Moments of Inertia

           x                 y                 z                Unit
       256.3283142       980.3601326        1164.18311       amu * ang^2
       915.3650279       3500.929591       4157.373359      amu * bohr^2
  4.2564347009e-38  1.6279274106e-37  1.9331728536e-37          g * cm^2

 - Molecule is an asymmetric top.

----------------------------------------------------------------------

         Rotational constants (MHz)

    A = 1.9716e+03        B = 5.1550e+02        C = 4.3411e+02

----------------------------------------------------------------------

        Rotational constants (cm-1)

    A = 6.5766e-02        B = 1.7195e-02        C = 1.4480e-02

----------------------------------------------------------------------

                                Z-Matrix
C   
C        1       2.6434402
C        2       2.6544957     1       121.55012
C        3      2.54930486     2    121.67204288     1          1.9217
C        4      4.71348119     3     87.72347882     2         -1.5768
H        5      4.02624847     4    115.86203382     3          1.3273
H        6      4.70533024     5     93.07945540     4         -0.1672
H        7      8.03195966     6     92.16085906     5          0.0159
H        8      8.25864217     7     59.48631527     6          0.0238
N        9     10.11707352     8     29.79689492     7         -1.0873
O       10      2.26872653     9    118.00770767     8        -12.9484
O       11      4.08344439    10     26.04331531     9       -177.8982
C       12      8.91453483    11     62.08258037    10         -2.3981
H       13      2.06581370    12    125.32976032    11         53.2322
Br      14      4.61323773    13     50.50126654    12       -144.6995

----------------------------------------------------------------------

             Converted back to Cartesian

C        0.000000      0.000000      0.000000
C        0.000000      0.000000      2.643440
C        0.000000      0.098264     -0.009236
C       -0.000055     -0.090441      2.533075
C        0.000181      0.383929     -2.156475
H       -0.000229     -0.162374      1.832539
H        0.000452      0.607976     -2.809303
H       -0.001053     -0.928903      5.074248
H        0.000720      0.797969     -3.001833
N       -0.001560     -1.407209      6.871989
O       -0.000632     -0.833448      4.677014
O       -0.000712     -1.897423      8.619409
C       -0.008686      0.587480      0.058210
H       -0.004306     -0.063624      2.018728
Br      -0.013234      1.457550     -2.336489

----------------------------------------------------------------------
                       Geometry in bohr 

1     C      -1.7306690582    3.8095732162    1.4345412194
2     C       0.9087947852    3.6901282406    1.3524460607
3     C       2.1918550756    1.3681952841    1.2590066258
4     C       0.9394895819   -0.8505547154    1.1713459780
5     C      -3.0691617962    1.6181207685    1.4021282355
6     H      -2.6616604956    5.6219021553    1.5219364722
7     H       2.0356191229    5.4029968431    1.3552711270
8     H       1.9554122262   -2.6241089379    1.0878472340
9     H      -5.1132607939    1.6296771586    1.4677631690
10    N       4.9983131414    1.4095694891    1.2171602400
11    O       6.0289095855   -0.5851872432    1.5426392874
12    O       5.9594655583    3.4458177529    0.8940297777
13    C      -1.8370558760   -0.8644226607    1.2180857385
14    H      -2.4574578763   -2.0974019863    2.7551119513
15    Br     -3.2198723714   -2.4519676979   -1.7808520732

 Number of nodes, processes per node used for SCF calculation: 1, 4

Common Options
{
  maxiter       = 100
  basis         = 6-311g* spherical
  geom_units    = angstrom
  ang2au factor = 1.889726126
  debug         = false
  file_prefix   = meta_th27_ph144_qed_ccsd_input
}

SCF Options
{
  charge            = 1
  multiplicity      = 1
  level shift       = 0
  tol_int           = 1e-22
  tol_sch           = 1e-12
  tol_lindep        = 1e-10
  conve             = 1e-07
  convd             = 1e-05
  diis_hist         = 10
  AO_tilesize       = 30
  writem            = 10
  damp              = 100
  n_lindep          = 0
  scf_type          = restricted
  cuscf             = false
  qed_omegas        = [0.06615,]
  qed_lambdas       = [0.1,]
  qed_polvecs       = [[-0.3672860296,0.2668489204,0.8910065242,],]
  direct_df         = false
  restart_size      = 2000
  restart           = false
  debug             = false
}

Number of basis functions = 221

Total number of shells = 105

Total number of electrons = 98
  # of alpha electrons    = 49
  # of beta electons      = 49

Nuclear repulsion energy  = 739.660742839775

# of {all,non-negligible} shell-pairs = {5565,4903}
Number of AO tiles = 105

Time for initial setup: 0.02 secs
HF exch = 1.00

Time for computing 1-e integrals T, V, S: 0.01 secs
Time for computing orthogonalizer: 0.01 secs

Superposition of Atomic Density Guess ...
Time taken for SAD: 0.29 secs
Total Time to compute initial guess: 0.30 secs


 SCF iterations
-----------------------------------------------------------------------------
 Iter     Energy            E-Diff       RMSD        |[F,P]|^2       Time(s)
-----------------------------------------------------------------------------
   1  -3011.7662351605    -3.01e+03     1.67e-02     1.50e+03         0.6 
   2  -3005.8356006736     5.93e+00     6.59e-03     7.26e+00         2.1 
   3  -3006.0198768414    -1.84e-01     2.64e-03     3.59e+00         2.1 
   4  -3006.1224197517    -1.03e-01     1.13e-03     1.15e-01         2.1 
   5  -3006.1290868402    -6.67e-03     2.31e-04     8.73e-03         2.1 
   6  -3006.1295996382    -5.13e-04     1.42e-04     1.37e-03         2.1 
   7  -3006.1297453172    -1.46e-04     5.92e-05     2.20e-04         2.1 
   8  -3006.1297707814    -2.55e-05     2.09e-05     3.25e-05         2.1 
   9  -3006.1297743289    -3.55e-06     9.19e-06     4.47e-06         2.1 
  10  -3006.1297748353    -5.06e-07     2.90e-06     5.31e-07         2.1 
  11  -3006.1297748965    -6.12e-08     1.42e-06     2.08e-07         2.1 

** Total SCF energy = -3006.1297748965480

Nuclear repulsion energy = 739.660742839775139
#electrons        = 98
1e energy kinetic = 3006.1946932561586436
1e energy N-e     = -8632.5884991449038353
1e energy         = -5625.0655884930902175
2e energy         = 1880.4221242776525287
QED energy        = 0.1811638747704780
QED eT energy     = 0.1570872685770071
QED eT energy from matrix = 0.1570872685769956

 Polarizability Matrix (QED energy = 0.5 * lambda.dot(matrix * lambda))
[41.04250215,  1.80546989,  1.05158906]
[ 1.80546989, 44.52095791,  0.39444450]
[ 1.05158906,  0.39444450, 35.74857462]

 Polarizability Matrix (QED eT energy = 0.5 * lambda.dot(matrix * lambda))
[37.31769612,  2.00247090,  1.22246550]
[ 2.00247090, 41.47609892,  0.52816782]
[ 1.22246550,  0.52816782, 30.69856903]


                      Electron        Nuclear        Total  
                  ------------------------------------------
    Monopole         -98.000000     99.000000      1.000000

      Dipole   X       1.488315     -3.622171     -2.133856
      Dipole   Y      -6.248370      7.492467      1.244097
      Dipole   Z     -19.488285     20.896905      1.408620

  Quadrupole  XX   -1344.052909   1293.702498    -50.350411
  Quadrupole  XY    -424.713748    422.918425     -1.795323
  Quadrupole  XZ    -325.700558    323.258933     -2.441625
  Quadrupole  YY    -639.520921    601.346206    -38.174715
  Quadrupole  YZ    -263.053740    266.288344      3.234603
  Quadrupole  ZZ    -269.536870    223.647368    -45.889503

    Octupole XXX   -2966.868416   2831.469099   -135.399316
    Octupole XXY    -467.757167    443.403717    -24.353450
    Octupole XXZ    -550.489390    523.694309    -26.795081
    Octupole XYY     134.949920   -165.254633    -30.304712
    Octupole XYZ     378.229214   -382.886165     -4.656951
    Octupole XZZ     197.677589   -217.842296    -20.164707
    Octupole YYY    -825.656679    808.243266    -17.413413
    Octupole YYZ    -133.786563    124.643777     -9.142786
    Octupole YZZ     108.671447   -134.289141    -25.617693
    Octupole ZZZ     -34.676855    -37.034785    -71.711640

writing orbitals and density to disk ... done.

Total Time taken for Hartree-Fock: 22.72 secs

CD Options
{
  debug             = false
  skip_cd           = [false, 100]
  write_cv          = [false, 5000]
  diagtol           = 1e-06
  itilesize         = 1000
  max_cvecs_factor  = 12
}

- #occupied, #virtual = 98, 344

- Tilesize for the MSO space: 40

-----------------------------------------------------
Begin 2-index transformation ... 

nAO, nMO, nelectrons = 221, 442, 98
n_occ_alpha, n_vir_alpha, n_occ_beta, n_vir_beta = 49,172,49,172

Time taken for Fao->Fmo transform: 0.00 secs

-----------------------------------------------------
Number of AO tiles = 105
# of {all,non-negligible} shell-pairs = {5565,4903}

    Begin Cholesky Decomposition
---------------------------------------------
Total # of mpi ranks used for Cholesky decomposition: 4
  --> Number of nodes, mpi ranks per node: 1, 4
- CPU memory required for computing cholesky vectors: 1.93 GiB

- Time for computing the diagonal: 0.01 secs

- Total number of cholesky vectors = 1648

- Time to compute cholesky vectors: 15.78 secs

- CPU memory required for resizing the ao cholesky tensor: 1.57 GiB
- CPU memory required for ao2mo transformation: 1.70 GiB
- CPU memory required for the 2-step contraction: 2.11 GiB

- Time for ao to mo transform: 1.57 secs

   End Cholesky Decomposition
---------------------------------------------

Total Time taken for Cholesky Decomposition: 19.66 secs

scf_type = restricted
Closed-Shell SCF
QED-HF Enabled
nbf = 203
nbf_orig = 221
n_lindep = 0
focc = 1
nmo = 406
nocc = 62
nvir = 344
n_occ_alpha = 31
n_vir_alpha = 172
n_occ_beta = 31
n_vir_beta = 172
nelectrons = 98
nelectrons_alpha = 49
nelectrons_beta = 49
freeze atomic = true
n_frozen_core = 18
n_frozen_virtual = 0
----------------------------
--------- QED-CCSD --------
lambda_x: -0.0367
lambda_y: 0.0267
lambda_z: 0.0891
omega: 0.066150
coupling_factor_x: -0.006680
coupling_factor_y: 0.004853
coupling_factor_z: 0.016204
----------------------------
# of {all,non-negligible} shell-pairs = {5565,4903}
Number of AO tiles = 105
----------------------------
Electronic dipole expectation value using SCF density: 
dipole_x_elec: 1.48848199
dipole_y_elec: -6.24808752
dipole_z_elec: -19.48827345

d_n/N value: d_n is nuclear dipole moment and N is the total number of electrons 
d_nuc_x: -0.03696093
d_nuc_y: 0.07645375
d_nuc_z: 0.21323372

<d_e+d_n> expectation values: 
dipole_total_x: -2.13368941
dipole_total_y: 1.24437959
dipole_total_z: 1.40863129
----------------------------


 CCSD iterations
------------------------------------------------------------
  Iter     Residuum          Correlation          Time(s)
------------------------------------------------------------
   1     1.1849970381066    0.0000000000000         88.89
   2     0.1678645213860   -1.6705435524631         86.82
   3     0.0687858751273   -1.6193576273413         86.60
   4     0.0214925381375   -1.6905329869145         87.04
   5     0.0173475821532   -1.6809591704607         86.51
 MICROCYCLE DIIS UPDATE:                    6
   6     0.0070895530463   -1.6907950874584         85.42
   7     0.0043495892514   -1.6907593025255         85.22
   8     0.0028576698048   -1.6919077943247         84.86
   9     0.0019792448130   -1.6920315705498         84.76
  10     0.0018076906127   -1.6923228875944         84.50
 MICROCYCLE DIIS UPDATE:                   11
  11     0.0003996476819   -1.6926544123686         85.33
  12     0.0002904569307   -1.6927221553647         85.28
  13     0.0001911610338   -1.6927227687400         85.33
  14     0.0001761948288   -1.6927143435482         85.12
  15     0.0001340409391   -1.6927203326596         84.73
 MICROCYCLE DIIS UPDATE:                   16
  16     0.0000505318789   -1.6927046787513         84.85
  17     0.0000309465072   -1.6927212543276         85.74
  18     0.0000266238193   -1.6927230516711         85.70
  19     0.0000192939307   -1.6927257279037         85.84
  20     0.0000184990316   -1.6927257499615         85.06
 MICROCYCLE DIIS UPDATE:                   21
  21     0.0000071198765   -1.6927281461725         86.24
  22     0.0000048588232   -1.6927282890435         85.76
  23     0.0000033339607   -1.6927281368193         85.95
  24     0.0000030623960   -1.6927276522136         85.36
  25     0.0000023057475   -1.6927277297228         84.75
 MICROCYCLE DIIS UPDATE:                   26
  26     0.0000011087443   -1.6927269811171         85.38
  27     0.0000006774237   -1.6927274629944         85.51
------------------------------------------------------------------
 Iterations converged
 CCSD correlation energy / hartree =        -1.692727462994360
 CCSD total energy / hartree       =     -3007.822502359542341

Time taken for spin-orbital canonical QED-CCSD: 2366.71 secs
