
ExaChem Git Information
{
 WARNING: Failed to retrieve the current git state.
}


TAMM Git Information
{
 Branch: main
 Commit Hash: e71357ad [e71357ad54f38748b4a7e175aa6760820d5ce96f]
 Commit Date: 2026-02-02 23:14:56 -0800
 Commit Message: add GitHub Actions workflow for releases
}


date: Wed Aug  5 17:44:17 2026
program: "/global/cfs/cdirs/m3196/heindelj/cavity_qed/software/install_gpu/bin/bin/ExaChem"
nnodes: 1, nproc_per_node: 4, nproc_total: 4, ngpus_per_node: 1, ngpus_total: 1

Memory information
{
[AMD EPYC 7763 64-Core Processor                ] : 
  CPU memory per node (GiB): 251
  Total CPU memory (GiB): 251
[NVIDIA A100-SXM4-40GB, CUDA v12.9] : 
  GPU memory per device (GiB): 39
  GPU memory per node (GiB): 39
  Total GPU memory (GiB): 39
}

------------------------------------------------------------

Input file provided: /global/cfs/cdirs/m4262/heindelj/cavity_qed/mlip/lambda_scans/grid_scans_optimized_geoms/runs_grid_no_freq/meta_th63_ph36/meta_th63_ph36_qed_ccsd_input.json

{
  "geometry": {
    "coordinates": [
      "C    -0.938253245800    2.000855741200    0.826482264300",
      "C     0.448754756500    1.927233483500    0.663201511000",
      "C     1.134708780300    0.712081046000    0.707882570800",
      "C     0.487922548000   -0.467153351800    0.798354078200",
      "C    -1.637549459500    0.841976150100    0.886402186600",
      "H    -1.433756758000    2.959216360500    0.874639873000",
      "H     1.026307042100    2.828573509000    0.514977554700",
      "H     1.030403911100   -1.404950988400    0.817740800900",
      "H    -2.714842464600    0.851836743400    0.965929179400",
      "N     2.610254123100    0.710358653800    0.597038946900",
      "O     3.178802615300   -0.243599608600    1.056060679800",
      "O     3.077577739600    1.652562994600    0.016355243800",
      "C    -0.979994925500   -0.466563602300    0.700743897900",
      "H    -1.450597011900   -1.271493076800    1.257551115700",
      "Br   -1.231570935400   -0.829335131100   -1.211902269100"
    ],
    "units": "angstrom",
    "noorient": true
  },
  "common": {
    "maxiter": 100,
    "debug": false
  },
  "basis": {
    "basisset": "6-311G*"
  },
  "SCF": {
    "charge": 1,
    "multiplicity": 1,
    "lshift": 0,
    "tol_lindep": 1e-10,
    "conve": 1e-07,
    "convd": 1e-05,
    "diis_hist": 10,
    "writem": 10,
    "restart": false,
    "noscf": false,
    "scf_type": "restricted",
    "debug": false,
    "qed_omegas": [
      0.06615
    ],
    "qed_volumes": [],
    "qed_lambdas": [
      0.1
    ],
    "qed_polvecs": [
      [
        0.7208394201673423,
        0.5237204946142994,
        0.4539904997395468
      ]
    ],
    "direct_df": false
  },
  "CD": {
    "debug": false,
    "diagtol": 1e-06
  },
  "CC": {
    "threshold": 1e-06,
    "ndiis": 5,
    "ccsd_maxiter": 200,
    "tilesize": 40,
    "freeze": {
      "atomic": true
    },
    "readt": false,
    "writet": true,
    "writet_iter": 5,
    "debug": false,
    "profile_ccsd": false,
    "balance_tiles": true
  },
  "TASK": {
    "scf": false,
    "ccsd": true
  }
}

Output folder & files prefix: meta_th63_ph36_qed_ccsd_input.6-311g*

  C (carbon)
  ----------
          Exponent        Coefficients
      ----------------  --------------------
  1 S  4.56324000E+03      0.778202
  1 S  6.82024000E+02      1.448695
  1 S  1.54973000E+02      2.383089
  1 S  4.44553000E+01      3.200089
  1 S  1.30290000E+01      3.013004
  1 S  1.82773000E+00      0.247599

  2 S  2.09642000E+01      0.800629
  2 S  4.80331000E+00      2.127420
  2 S  1.45933000E+00     -0.002868

  3 P  2.09642000E+01      2.573592
  3 P  4.80331000E+00      2.408248
  3 P  1.45933000E+00      1.865281

  4 S  4.83456000E-01      0.413217

  5 P  4.83456000E-01      0.574627

  6 S  1.45585000E-01      0.167976

  7 P  1.45585000E-01      0.128185

  8 D  6.26000000E-01      0.725128


  H (hydrogen)
  ------------
          Exponent        Coefficients
      ----------------  --------------------
  1 S  3.38650000E+01      0.255069
  1 S  5.09479000E+00      0.460109
  1 S  1.15879000E+00      0.678321

  2 S  3.25840000E-01      0.307371

  3 S  1.02741000E-01      0.129336


  N (nitrogen)
  ------------
          Exponent        Coefficients
      ----------------  --------------------
  1 S  6.29348000E+03      0.991968
  1 S  9.49044000E+02      1.823240
  1 S  2.18776000E+02      2.979891
  1 S  6.36916000E+01      4.000007
  1 S  1.88282000E+01      3.881008
  1 S  2.72023000E+00      0.386764

  2 S  3.06331000E+01      1.038501
  2 S  7.02614000E+00      2.834794
  2 S  2.11205000E+00     -0.003208

  3 P  3.06331000E+01      3.935616
  3 P  7.02614000E+00      3.870994
  3 P  2.11205000E+00      2.967271

  4 S  6.84009000E-01      0.536051

  5 P  6.84009000E-01      0.886681

  6 S  2.00878000E-01      0.213850

  7 P  2.00878000E-01      0.191693

  8 D  9.13000000E-01      1.403568


  O (oxygen)
  ----------
          Exponent        Coefficients
      ----------------  --------------------
  1 S  8.58850000E+03      1.205013
  1 S  1.29723000E+03      2.216205
  1 S  2.99296000E+02      3.627452
  1 S  8.73771000E+01      4.888452
  1 S  2.56789000E+01      4.835721
  1 S  3.74004000E+00      0.538229

  2 S  4.21175000E+01      1.341958
  2 S  9.62837000E+00      3.587114
  2 S  2.85332000E+00     -0.005123

  3 P  4.21175000E+01      5.584018
  3 P  9.62837000E+00      5.733366
  3 P  2.85332000E+00      4.332955

  4 S  9.05661000E-01      0.661659

  5 P  9.05661000E-01      1.259352

  6 S  2.55611000E-01      0.256209

  7 P  2.55611000E-01      0.259068

  8 D  1.29200000E+00      2.577026


  Br (bromine)
  ------------
          Exponent        Coefficients
      ----------------  --------------------
  1 S  4.39700000E+05      9.893706
  1 S  6.60300000E+04     18.450679
  1 S  1.51400000E+04     31.049770
  1 S  4.31700000E+03     48.888138
  1 S  1.41400000E+03     64.847798
  1 S  5.23900000E+02     42.245010

  2 S  5.23900000E+02     14.290679
  2 S  2.07700000E+02     24.083128
  2 S  8.65400000E+01      5.132542

  3 S  3.05200000E+01      9.254405

  4 S  1.29800000E+01      4.873782

  5 S  4.41200000E+00      2.169635

  6 S  1.86200000E+00      1.136043

  7 S  3.93200000E-01      0.353892

  8 S  1.40000000E-01      0.163120

  9 P  2.95700000E+03    691.874478
  9 P  7.00300000E+02    925.332763
  9 P  2.24600000E+02   1068.830732

  10 P  8.25900000E+01    122.079275
  10 P  3.31900000E+01     57.580687
  10 P  1.42000000E+01     10.176170

  11 P  1.42000000E+01      3.129736
  11 P  7.43800000E+00      6.538168
  11 P  3.52600000E+00      4.166276

  12 P  1.59500000E+00      2.555000

  13 P  8.46200000E-01      1.156861

  14 P  3.18600000E-01      0.341191

  15 P  1.09600000E-01      0.089888

  16 D  1.34800000E+02    160.709187
  16 D  3.63900000E+01    119.797406
  16 D  1.21600000E+01     55.531619
  16 D  4.34100000E+00     12.984636

  17 D  1.53500000E+00      3.484168

  18 D  4.51000000E-01      0.408525



Printing Internal Coordinates

------------------------------------------------------------
                Bond Lengths

i      j        Length (Angstroms)     Length (Bohr)
0      1          1.3985249514         2.6428291384
0      4          1.3548459316         2.5602877534
0      5          1.0799527594         2.0408149442
1      2          1.3961105852         2.6382666476
1      6          1.0807177362         2.0422605409
2      3          1.3480027036         2.5473559268
2      9          1.4797037995         2.7962349285
3      7          1.0835710782         2.0476525758
3      12         1.4711593401         2.7800882405
4      8          1.0802694075         2.0414133223
4      12         1.4761853708         2.7895860619
9      10         1.2016591470         2.2708066846
9      11         1.2013883408         2.2702949350
12     13         1.0860073943         2.0522565459
12     14         1.9629337816         3.7094072505

Number of Bonds: 15

------------------------------------------------------------
           Bond Angles

i      j      k      Angle (degrees)
0      1      2        121.9628 
0      1      6        120.1405 
0      4      8        120.6752 
0      4      12       121.5165 
1      0      4        118.1661 
1      0      5        120.4618 
1      2      3        121.8579 
1      2      9        119.2464 
2      1      6        117.8871 
2      3      7        121.2050 
2      3      12       118.2910 
2      9      10       116.3668 
2      9      11       115.0360 
3      2      9        118.8470 
3      12     4        115.8789 
3      12     13       113.4571 
3      12     14       101.0962 
4      0      5        121.3500 
4      12     13       113.5470 
4      12     14       103.2547 
7      3      12       120.0710 
8      4      12       117.4881 
10     9      11       128.5495 
13     12     14       107.8821 

Number of Angles: 24

------------------------------------------------------------
              Torsional Angles

i      j      k      l      Angle (degrees)
3      2      1      0          5.6798 
4      0      1      2         -7.1045 
5      0      1      2        174.5848 
6      1      0      4        174.0417 
6      1      0      5         -4.2690 
6      1      2      3       -175.4417 
7      3      2      1        179.0978 
8      4      0      1       -177.1568 
8      4      0      5          1.1382 

Number of Torsional Angles: 9


----------------------------------------------------------------------
                          Center of Mass

         x               y               z              Unit
   0.08285761276    0.1221060009  -0.05851289624      Angstrom
    0.1565781956       0.2307469   -0.1105733487          Bohr

----------------------------------------------------------------------
                Moment of Inertia Tensor

           1512.45          -553.412          -625.446
          -553.412           2868.68          -456.927
          -625.446          -456.927           3051.14

----------------------------------------------------------------------
                      Principal Moments of Inertia

           x                 y                 z                Unit
       290.6984205       827.1340313       963.4123268       amu * ang^2
       1038.102906        2953.74925       3440.407878      amu * bohr^2
  4.8271641325e-38  1.3734893098e-37  1.5997848978e-37          g * cm^2

 - Molecule is an asymmetric top.

----------------------------------------------------------------------

         Rotational constants (MHz)

    A = 1.7385e+03        B = 6.1100e+02        C = 5.2457e+02

----------------------------------------------------------------------

        Rotational constants (cm-1)

    A = 5.7990e-02        B = 2.0381e-02        C = 1.7498e-02

----------------------------------------------------------------------

                                Z-Matrix
C   
C        1       2.6428291
C        2       2.6382666     1       121.96283
C        3      2.54735593     2    121.85791069     1          5.6798
C        4      4.72023317     3     87.25797701     2         -1.9804
H        5      4.01955716     4    116.10157741     3         -2.6089
H        6      4.70474956     5     92.47811776     4          5.8953
H        7      8.02063796     6     92.46387567     5         -4.5403
H        8      8.26783171     7     59.14176498     6          3.7935
N        9     10.09063317     8     29.57763806     7         -1.3272
O       10      2.27080668     9    117.80628968     8        -24.9449
O       11      4.09101331    10     25.72216132     9        177.7685
C       12      8.74659105    11     64.46654252    10        -11.9367
H       13      2.05225655    12    142.65882217    11         13.3783
Br      14      4.75883772    13     47.88678893    12       -120.9661

----------------------------------------------------------------------

             Converted back to Cartesian

C        0.000000      0.000000      0.000000
C        0.000000      0.000000      2.642829
C        0.000000      0.097994      0.006383
C       -0.000164     -0.091029      2.546716
C        0.000432      0.384210     -2.149532
H       -0.000293     -0.161637      1.832790
H        0.000520      0.608294     -2.808532
H       -0.000492     -0.926595      5.063872
H        0.000132      0.801531     -3.021338
N       -0.000336     -1.396414      6.827008
O        0.000126     -0.822589      4.629899
O       -0.002582     -1.887303      8.579932
C        0.013874      0.554128      0.181004
H        0.004118     -0.103598      2.124984
Br       0.033869      1.486790     -2.360138

----------------------------------------------------------------------
                       Geometry in bohr 

1     C      -1.7730416713    3.7810693683    1.5618251274
2     C       0.8480235875    3.6419434645    1.2532692221
3     C       2.1442888274    1.3456381564    1.3377041881
4     C       0.9220399864   -0.8827918937    1.5086705593
5     C      -3.0945199961    1.5911043282    1.6750573701
6     H      -2.7094076038    5.5921084687    1.6528298188
7     H       1.9394392307    5.3452292590    0.9731665394
8     H       1.9471811910   -2.6549725884    1.5453061557
9     H      -5.1303087331    1.6097381490    1.8253416061
10    N       4.9326654117    1.3423833069    1.1282400961
11    O       6.0070663512   -0.4603365446    1.9956654572
12    O       5.8157790590    3.1228914656    0.0309069315
13    C      -1.8519220140   -0.8816774287    1.3242140514
14    H      -2.7412310716   -2.4027736861    2.3764271980
15    Br     -2.3273317725   -1.5672162644   -2.2901633800

 Number of nodes, processes per node used for SCF calculation: 1, 4

Common Options
{
  maxiter       = 100
  basis         = 6-311g* spherical
  geom_units    = angstrom
  ang2au factor = 1.889726126
  debug         = false
  file_prefix   = meta_th63_ph36_qed_ccsd_input
}

SCF Options
{
  charge            = 1
  multiplicity      = 1
  level shift       = 0
  tol_int           = 1e-22
  tol_sch           = 1e-12
  tol_lindep        = 1e-10
  conve             = 1e-07
  convd             = 1e-05
  diis_hist         = 10
  AO_tilesize       = 30
  writem            = 10
  damp              = 100
  n_lindep          = 0
  scf_type          = restricted
  cuscf             = false
  qed_omegas        = [0.06615,]
  qed_lambdas       = [0.1,]
  qed_polvecs       = [[0.7208394202,0.5237204946,0.4539904997,],]
  direct_df         = false
  restart_size      = 2000
  restart           = false
  debug             = false
}

Number of basis functions = 221

Total number of shells = 105

Total number of electrons = 98
  # of alpha electrons    = 49
  # of beta electons      = 49

Nuclear repulsion energy  = 760.993380677712

# of {all,non-negligible} shell-pairs = {5565,4940}
Number of AO tiles = 105

Time for initial setup: 0.05 secs
HF exch = 1.00

Time for computing 1-e integrals T, V, S: 0.01 secs
Time for computing orthogonalizer: 0.01 secs

Superposition of Atomic Density Guess ...
Time taken for SAD: 0.28 secs
Total Time to compute initial guess: 0.28 secs


 SCF iterations
-----------------------------------------------------------------------------
 Iter     Energy            E-Diff       RMSD        |[F,P]|^2       Time(s)
-----------------------------------------------------------------------------
   1  -3011.7503041674    -3.01e+03     1.67e-02     1.52e+03         0.6 
   2  -3005.7457457530     6.00e+00     6.74e-03     9.14e+00         2.2 
   3  -3006.0184305872    -2.73e-01     2.34e-03     2.71e+00         2.2 
   4  -3006.0971295581    -7.87e-02     1.21e-03     9.56e-02         2.2 
   5  -3006.1037174346    -6.59e-03     2.91e-04     8.39e-03         2.2 
   6  -3006.1043559399    -6.39e-04     2.00e-04     1.71e-03         2.2 
   7  -3006.1045440261    -1.88e-04     7.16e-05     2.36e-04         2.2 
   8  -3006.1045714000    -2.74e-05     2.06e-05     3.65e-05         2.2 
   9  -3006.1045748387    -3.44e-06     1.11e-05     5.74e-06         2.2 
  10  -3006.1045756570    -8.18e-07     5.75e-06     8.99e-07         2.2 
  11  -3006.1045758293    -1.72e-07     2.69e-06     1.98e-07         2.2 
  12  -3006.1045758661    -3.68e-08     1.30e-06     4.25e-08         2.3 

** Total SCF energy = -3006.1045758660885

Nuclear repulsion energy = 760.993380677711798
#electrons        = 98
1e energy kinetic = 3006.2366973801890708
1e energy N-e     = -8675.0374600899413053
1e energy         = -5662.4473848521110995
2e energy         = 1901.5041250010699514
QED energy        = 0.1986811648834674
QED eT energy     = 0.1791025639337415
QED eT energy from matrix = 0.1791025639337436

 Polarizability Matrix (QED energy = 0.5 * lambda.dot(matrix * lambda))
[39.81952229,  0.26393051, -0.07540225]
[ 0.26393051, 42.86848618, -1.39538426]
[-0.07540225, -1.39538426, 37.84991818]

 Polarizability Matrix (QED eT energy = 0.5 * lambda.dot(matrix * lambda))
[36.05825362,  0.32294788, -0.09563511]
[ 0.32294788, 39.55693960, -1.71858498]
[-0.09563511, -1.71858498, 33.33453123]


                      Electron        Nuclear        Total  
                  ------------------------------------------
    Monopole         -98.000000     99.000000      1.000000

      Dipole   X     -26.285049     24.129694     -2.155355
      Dipole   Y     -33.810725     34.905599      1.094874
      Dipole   Z      -2.822869      4.292056      1.469187

  Quadrupole  XX   -1152.120636   1101.787913    -50.332723
  Quadrupole  XY    -258.460760    256.548985     -1.911775
  Quadrupole  XZ    -279.404840    276.891164     -2.513676
  Quadrupole  YY    -492.558080    454.306903    -38.251177
  Quadrupole  YZ    -208.650751    211.829491      3.178740
  Quadrupole  ZZ    -360.817396    315.204692    -45.612704

    Octupole XXX   -3525.572139   3364.025481   -161.546658
    Octupole XXY    -942.050215    911.980275    -30.069940
    Octupole XXZ    -644.451439    632.979954    -11.471485
    Octupole XYY    -202.043936    168.732045    -33.311891
    Octupole XYZ     365.183333   -362.409991      2.773342
    Octupole XZZ     245.908737   -279.250412    -33.341675
    Octupole YYY   -1114.867422   1068.971335    -45.896087
    Octupole YYZ    -217.242628    218.902078      1.659450
    Octupole YZZ     139.737298   -175.019675    -35.282377
    Octupole ZZZ     140.466286   -206.369841    -65.903556

writing orbitals and density to disk ... done.

Total Time taken for Hartree-Fock: 25.77 secs

CD Options
{
  debug             = false
  skip_cd           = [false, 100]
  write_cv          = [false, 5000]
  diagtol           = 1e-06
  itilesize         = 1000
  max_cvecs_factor  = 12
}

- #occupied, #virtual = 98, 344

- Tilesize for the MSO space: 40

-----------------------------------------------------
Begin 2-index transformation ... 

nAO, nMO, nelectrons = 221, 442, 98
n_occ_alpha, n_vir_alpha, n_occ_beta, n_vir_beta = 49,172,49,172

Time taken for Fao->Fmo transform: 0.00 secs

-----------------------------------------------------
Number of AO tiles = 105
# of {all,non-negligible} shell-pairs = {5565,4940}

    Begin Cholesky Decomposition
---------------------------------------------
Total # of mpi ranks used for Cholesky decomposition: 4
  --> Number of nodes, mpi ranks per node: 1, 4
- CPU memory required for computing cholesky vectors: 1.93 GiB

- Time for computing the diagonal: 0.01 secs

- Total number of cholesky vectors = 1649

- Time to compute cholesky vectors: 15.81 secs

- CPU memory required for resizing the ao cholesky tensor: 1.57 GiB
- CPU memory required for ao2mo transformation: 1.70 GiB
- CPU memory required for the 2-step contraction: 2.12 GiB

- Time for ao to mo transform: 1.56 secs

   End Cholesky Decomposition
---------------------------------------------

Total Time taken for Cholesky Decomposition: 19.38 secs

scf_type = restricted
Closed-Shell SCF
QED-HF Enabled
nbf = 203
nbf_orig = 221
n_lindep = 0
focc = 1
nmo = 406
nocc = 62
nvir = 344
n_occ_alpha = 31
n_vir_alpha = 172
n_occ_beta = 31
n_vir_beta = 172
nelectrons = 98
nelectrons_alpha = 49
nelectrons_beta = 49
freeze atomic = true
n_frozen_core = 18
n_frozen_virtual = 0
----------------------------
--------- QED-CCSD --------
lambda_x: 0.0721
lambda_y: 0.0524
lambda_z: 0.0454
omega: 0.066150
coupling_factor_x: 0.013110
coupling_factor_y: 0.009525
coupling_factor_z: 0.008257
----------------------------
# of {all,non-negligible} shell-pairs = {5565,4940}
Number of AO tiles = 105
----------------------------
Electronic dipole expectation value using SCF density: 
dipole_x_elec: -26.28485681
dipole_y_elec: -33.81068877
dipole_z_elec: -2.82280662

d_n/N value: d_n is nuclear dipole moment and N is the total number of electrons 
d_nuc_x: 0.24622137
d_nuc_y: 0.35617958
d_nuc_z: 0.04379649

<d_e+d_n> expectation values: 
dipole_total_x: -2.15516235
dipole_total_y: 1.09491006
dipole_total_z: 1.46924929
----------------------------


 CCSD iterations
------------------------------------------------------------
  Iter     Residuum          Correlation          Time(s)
------------------------------------------------------------
   1     1.1846180217901    0.0000000000000         85.95
   2     0.1716771370875   -1.5964288657276         85.04
   3     0.0665808287966   -1.6258684320800         85.29
   4     0.0264230621926   -1.6890796375855         84.99
   5     0.0213046570089   -1.6859844788029         84.96
 MICROCYCLE DIIS UPDATE:                    6
   6     0.0098518237576   -1.6973795914841         83.91
   7     0.0067930440275   -1.6968717742139         84.41
   8     0.0051578847635   -1.6986633331435         84.15
   9     0.0047791510932   -1.6989975466056         84.48
  10     0.0054489760860   -1.6994053401667         83.78
 MICROCYCLE DIIS UPDATE:                   11
  11     0.0009047867762   -1.7002671844284         84.07
  12     0.0006934962538   -1.7001453362294         83.87
  13     0.0006678294542   -1.7002945208966         83.94
  14     0.0008942679595   -1.7002291079794         84.05
  15     0.0013267075378   -1.7002899235333         83.92
 MICROCYCLE DIIS UPDATE:                   16
  16     0.0001676547235   -1.7003032862788         84.26
  17     0.0001108614602   -1.7002810827754         84.00
  18     0.0001058635966   -1.7002945441155         84.11
  19     0.0000927667154   -1.7003000045432         84.19
  20     0.0001131926262   -1.7003006572890         84.43
 MICROCYCLE DIIS UPDATE:                   21
  21     0.0000368158901   -1.7003211888809         85.07
  22     0.0000255423474   -1.7003122289651         85.50
  23     0.0000221499632   -1.7003139300705         85.95
  24     0.0000269919903   -1.7003111140449         84.10
  25     0.0000385332751   -1.7003121031662         84.09
 MICROCYCLE DIIS UPDATE:                   26
  26     0.0000076913687   -1.7003107092398         84.11
  27     0.0000053829281   -1.7003101386884         83.79
  28     0.0000048951683   -1.7003110933420         83.81
  29     0.0000044373114   -1.7003113265004         83.76
  30     0.0000053670371   -1.7003114236769         84.17
 MICROCYCLE DIIS UPDATE:                   31
  31     0.0000018409878   -1.7003125155015         83.76
  32     0.0000013233327   -1.7003119776891         83.73
  33     0.0000011544178   -1.7003120043877         83.74
  34     0.0000013190730   -1.7003118732456         83.86
  35     0.0000017929461   -1.7003119035487         83.91
 MICROCYCLE DIIS UPDATE:                   36
  36     0.0000004062672   -1.7003118335468         84.58
------------------------------------------------------------------
 Iterations converged
 CCSD correlation energy / hartree =        -1.700311833546833
 CCSD total energy / hartree       =     -3007.804887699635401

Time taken for spin-orbital canonical QED-CCSD: 3112.63 secs
