
ExaChem Git Information
{
 WARNING: Failed to retrieve the current git state.
}


TAMM Git Information
{
 Branch: main
 Commit Hash: e71357ad [e71357ad54f38748b4a7e175aa6760820d5ce96f]
 Commit Date: 2026-02-02 23:14:56 -0800
 Commit Message: add GitHub Actions workflow for releases
}


date: Fri Aug  7 04:33:46 2026
program: "/global/cfs/cdirs/m3196/heindelj/cavity_qed/software/install_gpu/bin/bin/ExaChem"
nnodes: 1, nproc_per_node: 4, nproc_total: 4, ngpus_per_node: 1, ngpus_total: 1

Memory information
{
[AMD EPYC 7763 64-Core Processor                ] : 
  CPU memory per node (GiB): 251
  Total CPU memory (GiB): 251
[NVIDIA A100-SXM4-40GB, CUDA v12.9] : 
  GPU memory per device (GiB): 39
  GPU memory per node (GiB): 39
  Total GPU memory (GiB): 39
}

------------------------------------------------------------

Input file provided: /global/cfs/cdirs/m4262/heindelj/cavity_qed/mlip/lambda_scans/grid_scans_optimized_geoms/runs_grid_no_freq/para_th72_ph0/para_th72_ph0_qed_ccsd_input.json

{
  "geometry": {
    "coordinates": [
      "C    -0.515858083800    1.246081014100    0.814859736500",
      "C     0.840030432700    1.255526531200    0.791002574000",
      "C     1.483476087100    0.024509494500    0.738313155300",
      "H    -1.073781135200    2.172717021600    0.825670477300",
      "H     1.408275733800    2.171591760400    0.790299087300",
      "N     2.973807356000    0.045156889000    0.600298715500",
      "O     3.501628139000   -1.030142114400    0.522463076700",
      "O     3.475506482600    1.134487578300    0.550819415400",
      "C    -0.480375029200   -1.253466751900    0.828919550000",
      "H    -1.011732975900   -2.195630210000    0.849835659300",
      "C     0.875510911300   -1.223488283700    0.803797582900",
      "H     1.469416187400   -2.122934403300    0.810598007300",
      "C    -1.262609965600   -0.015401896800    0.696556411100",
      "H    -2.190461685600   -0.025395665600    1.258051121400",
      "Br   -1.726913223000   -0.036090486000   -1.216044975000"
    ],
    "units": "angstrom",
    "noorient": true
  },
  "common": {
    "maxiter": 100,
    "debug": false
  },
  "basis": {
    "basisset": "6-311G*"
  },
  "SCF": {
    "charge": 1,
    "multiplicity": 1,
    "lshift": 0,
    "tol_lindep": 1e-10,
    "conve": 1e-07,
    "convd": 1e-05,
    "diis_hist": 10,
    "writem": 10,
    "restart": false,
    "noscf": false,
    "scf_type": "restricted",
    "debug": false,
    "qed_omegas": [
      0.06615
    ],
    "qed_volumes": [],
    "qed_lambdas": [
      0.1
    ],
    "qed_polvecs": [
      [
        0.9510565162951536,
        0.0,
        0.3090169943749475
      ]
    ],
    "direct_df": false
  },
  "CD": {
    "debug": false,
    "diagtol": 1e-06
  },
  "CC": {
    "threshold": 1e-06,
    "ndiis": 5,
    "ccsd_maxiter": 200,
    "tilesize": 40,
    "freeze": {
      "atomic": true
    },
    "readt": false,
    "writet": true,
    "writet_iter": 5,
    "debug": false,
    "profile_ccsd": false,
    "balance_tiles": true
  },
  "TASK": {
    "scf": false,
    "ccsd": true
  }
}

Output folder & files prefix: para_th72_ph0_qed_ccsd_input.6-311g*

  C (carbon)
  ----------
          Exponent        Coefficients
      ----------------  --------------------
  1 S  4.56324000E+03      0.778202
  1 S  6.82024000E+02      1.448695
  1 S  1.54973000E+02      2.383089
  1 S  4.44553000E+01      3.200089
  1 S  1.30290000E+01      3.013004
  1 S  1.82773000E+00      0.247599

  2 S  2.09642000E+01      0.800629
  2 S  4.80331000E+00      2.127420
  2 S  1.45933000E+00     -0.002868

  3 P  2.09642000E+01      2.573592
  3 P  4.80331000E+00      2.408248
  3 P  1.45933000E+00      1.865281

  4 S  4.83456000E-01      0.413217

  5 P  4.83456000E-01      0.574627

  6 S  1.45585000E-01      0.167976

  7 P  1.45585000E-01      0.128185

  8 D  6.26000000E-01      0.725128


  H (hydrogen)
  ------------
          Exponent        Coefficients
      ----------------  --------------------
  1 S  3.38650000E+01      0.255069
  1 S  5.09479000E+00      0.460109
  1 S  1.15879000E+00      0.678321

  2 S  3.25840000E-01      0.307371

  3 S  1.02741000E-01      0.129336


  N (nitrogen)
  ------------
          Exponent        Coefficients
      ----------------  --------------------
  1 S  6.29348000E+03      0.991968
  1 S  9.49044000E+02      1.823240
  1 S  2.18776000E+02      2.979891
  1 S  6.36916000E+01      4.000007
  1 S  1.88282000E+01      3.881008
  1 S  2.72023000E+00      0.386764

  2 S  3.06331000E+01      1.038501
  2 S  7.02614000E+00      2.834794
  2 S  2.11205000E+00     -0.003208

  3 P  3.06331000E+01      3.935616
  3 P  7.02614000E+00      3.870994
  3 P  2.11205000E+00      2.967271

  4 S  6.84009000E-01      0.536051

  5 P  6.84009000E-01      0.886681

  6 S  2.00878000E-01      0.213850

  7 P  2.00878000E-01      0.191693

  8 D  9.13000000E-01      1.403568


  O (oxygen)
  ----------
          Exponent        Coefficients
      ----------------  --------------------
  1 S  8.58850000E+03      1.205013
  1 S  1.29723000E+03      2.216205
  1 S  2.99296000E+02      3.627452
  1 S  8.73771000E+01      4.888452
  1 S  2.56789000E+01      4.835721
  1 S  3.74004000E+00      0.538229

  2 S  4.21175000E+01      1.341958
  2 S  9.62837000E+00      3.587114
  2 S  2.85332000E+00     -0.005123

  3 P  4.21175000E+01      5.584018
  3 P  9.62837000E+00      5.733366
  3 P  2.85332000E+00      4.332955

  4 S  9.05661000E-01      0.661659

  5 P  9.05661000E-01      1.259352

  6 S  2.55611000E-01      0.256209

  7 P  2.55611000E-01      0.259068

  8 D  1.29200000E+00      2.577026


  Br (bromine)
  ------------
          Exponent        Coefficients
      ----------------  --------------------
  1 S  4.39700000E+05      9.893706
  1 S  6.60300000E+04     18.450679
  1 S  1.51400000E+04     31.049770
  1 S  4.31700000E+03     48.888138
  1 S  1.41400000E+03     64.847798
  1 S  5.23900000E+02     42.245010

  2 S  5.23900000E+02     14.290679
  2 S  2.07700000E+02     24.083128
  2 S  8.65400000E+01      5.132542

  3 S  3.05200000E+01      9.254405

  4 S  1.29800000E+01      4.873782

  5 S  4.41200000E+00      2.169635

  6 S  1.86200000E+00      1.136043

  7 S  3.93200000E-01      0.353892

  8 S  1.40000000E-01      0.163120

  9 P  2.95700000E+03    691.874478
  9 P  7.00300000E+02    925.332763
  9 P  2.24600000E+02   1068.830732

  10 P  8.25900000E+01    122.079275
  10 P  3.31900000E+01     57.580687
  10 P  1.42000000E+01     10.176170

  11 P  1.42000000E+01      3.129736
  11 P  7.43800000E+00      6.538168
  11 P  3.52600000E+00      4.166276

  12 P  1.59500000E+00      2.555000

  13 P  8.46200000E-01      1.156861

  14 P  3.18600000E-01      0.341191

  15 P  1.09600000E-01      0.089888

  16 D  1.34800000E+02    160.709187
  16 D  3.63900000E+01    119.797406
  16 D  1.21600000E+01     55.531619
  16 D  4.34100000E+00     12.984636

  17 D  1.53500000E+00      3.484168

  18 D  4.51000000E-01      0.408525



Printing Internal Coordinates

------------------------------------------------------------
                Bond Lengths

i      j        Length (Angstroms)     Length (Bohr)
0      1          1.3561312810         2.5627167118
0      3          1.0816881685         2.0440943920
0      12         1.4707049957         2.7792296538
1      2          1.3900364850         2.6267882617
1      4          1.0779975516         2.0371201369
2      5          1.4968505575         2.8286376051
2      10         1.3897511718         2.6262490979
5      6          1.2003837355         2.2683965060
5      7          1.2003297736         2.2682945329
8      9          1.0818737139         2.0444450222
8      10         1.3564499642         2.5633189359
8      12         1.4704475787         2.7787432062
10     11         1.0778557625         2.0368521944
12     13         1.0845667335         2.0495340916
12     14         1.9682605505         3.7194733849

Number of Bonds: 15

------------------------------------------------------------
           Bond Angles

i      j      k      Angle (degrees)
0      1      2        117.2139 
0      1      4        122.2061 
0      12     8        116.4129 
0      12     13       113.6183 
0      12     14       101.9441 
1      0      3        120.6576 
1      0      12       120.8118 
1      2      5        116.8824 
1      2      10       126.2268 
2      1      4        120.5664 
2      5      6        115.5575 
2      5      7        115.6242 
2      10     8        117.2582 
2      10     11       120.5715 
3      0      12       118.2748 
5      2      10       116.8907 
6      5      7        128.7924 
8      10     11       122.1554 
8      12     13       113.6246 
8      12     14       101.7774 
9      8      10       120.7002 
9      8      12       118.2748 
10     8      12       120.7621 
13     12     14       107.5277 

Number of Angles: 24

------------------------------------------------------------
              Torsional Angles

i      j      k      l      Angle (degrees)
3      0      1      2       -178.1438 
4      1      0      3          0.5226 
8      10     2      1          4.8780 
9      8      10     2        178.1668 
10     2      1      0         -4.9309 
10     2      1      4        176.3797 
11     10     2      1       -176.4958 
11     10     8      9         -0.4360 

Number of Torsional Angles: 8


----------------------------------------------------------------------
                          Center of Mass

         x               y               z              Unit
    0.1237017137-0.0008742188818  -0.05399227419      Angstrom
    0.2337623602 -0.001652034261   -0.1020306111          Bohr

----------------------------------------------------------------------
                Moment of Inertia Tensor

            1110.5          -43.2774          -932.159
          -43.2774            3602.3          -18.1248
          -932.159          -18.1248           3427.28

----------------------------------------------------------------------
                      Principal Moments of Inertia

           x                 y                 z                Unit
       218.7694598       1008.951799       1051.734317       amu * ang^2
       781.2399239       3603.032284       3755.811429      amu * bohr^2
  3.6327548250e-38  1.6754050215e-37  1.7464471124e-37          g * cm^2

 - Molecule is an asymmetric top.

----------------------------------------------------------------------

         Rotational constants (MHz)

    A = 2.3101e+03        B = 5.0090e+02        C = 4.8052e+02

----------------------------------------------------------------------

        Rotational constants (cm-1)

    A = 7.7057e-02        B = 1.6708e-02        C = 1.6028e-02

----------------------------------------------------------------------

                                Z-Matrix
C   
C        1       2.5627167
C        2       2.6267883     1       117.21393
H        3      6.31349308     2     22.37086366     1          1.3582
H        4      4.69088445     3     40.00281084     2          1.5521
N        5      5.00285663     4    126.34699523     3          3.1518
O        6      2.26839651     5    169.79936220     4         -3.8968
O        7      4.09120606     6     25.60316729     5        176.5384
C        8      8.74775107     7     59.69012190     6         -2.6189
H        9      2.04444502     8    150.47235269     7         -0.9514
C       10      4.01266286     9     33.31754160     8          4.4595
H       11      2.03685219    10     96.17382324     9        179.6287
C       12      6.52398097    11     18.97360534    10          6.0641
H       13      2.04953409    12    130.86511190    11       -130.0760
Br      14      4.75676125    13     48.21323195    12       -124.5915

----------------------------------------------------------------------

             Converted back to Cartesian

C        0.000000      0.000000      0.000000
C        0.000000      0.000000      2.562717
C        0.000000      0.093771     -0.062397
H       -0.000018     -0.174598      6.245389
H       -0.000008      0.081891      1.561522
N       -0.000192     -0.383665      6.542670
O        0.000136     -0.056086      4.298051
O       -0.002237     -0.678403      8.341649
C        0.011842      0.808950     -0.278718
H        0.003280      0.369539      1.717929
C        0.022317      1.271644     -2.191970
H        0.006136      0.756146     -0.221496
C        0.062008      2.443505     -6.523244
H        0.038934      1.835128     -4.566222
Br       0.099828      3.313271     -9.087080

----------------------------------------------------------------------
                       Geometry in bohr 

1     C      -0.9748304982    2.3547518473    1.5398617330
2     C       1.5874274552    2.3726012878    1.4947782297
3     C       2.8033635190    0.0463162321    1.3952096587
4     H      -2.0291522647    4.1058401199    1.5602910723
5     H       2.6612554466    4.1037136844    1.4934488326
6     N       5.6196814540    0.0853341529    1.1344001660
7     O       6.6171181775   -1.9466864670    0.9873121259
8     O       6.5677554009    2.1438708162    1.0408978399
9     C      -0.9077772429   -2.3687088690    1.5664309299
10    H      -1.9118982370   -4.1491397707    1.6059566481
11    C       1.6544758426   -2.3120577744    1.5189572923
12    H       2.7767941592   -4.0117646055    1.5318082320
13    C      -2.3859870388   -0.0291053668    1.3163008482
14    H      -4.1393726751   -0.0479908528    2.3773720718
15    Br     -3.2633930347   -0.0682011343   -2.2979919595

 Number of nodes, processes per node used for SCF calculation: 1, 4

Common Options
{
  maxiter       = 100
  basis         = 6-311g* spherical
  geom_units    = angstrom
  ang2au factor = 1.889726126
  debug         = false
  file_prefix   = para_th72_ph0_qed_ccsd_input
}

SCF Options
{
  charge            = 1
  multiplicity      = 1
  level shift       = 0
  tol_int           = 1e-22
  tol_sch           = 1e-12
  tol_lindep        = 1e-10
  conve             = 1e-07
  convd             = 1e-05
  diis_hist         = 10
  AO_tilesize       = 30
  writem            = 10
  damp              = 100
  n_lindep          = 0
  scf_type          = restricted
  cuscf             = false
  qed_omegas        = [0.06615,]
  qed_lambdas       = [0.1,]
  qed_polvecs       = [[0.9510565163,0,0.3090169944,],]
  direct_df         = false
  restart_size      = 2000
  restart           = false
  debug             = false
}

Number of basis functions = 221

Total number of shells = 105

Total number of electrons = 98
  # of alpha electrons    = 49
  # of beta electons      = 49

Nuclear repulsion energy  = 752.814582809405

# of {all,non-negligible} shell-pairs = {5565,4927}
Number of AO tiles = 105

Time for initial setup: 0.02 secs
HF exch = 1.00

Time for computing 1-e integrals T, V, S: 0.01 secs
Time for computing orthogonalizer: 0.01 secs

Superposition of Atomic Density Guess ...
Time taken for SAD: 0.28 secs
Total Time to compute initial guess: 0.28 secs


 SCF iterations
-----------------------------------------------------------------------------
 Iter     Energy            E-Diff       RMSD        |[F,P]|^2       Time(s)
-----------------------------------------------------------------------------
   1  -3011.7580462403    -3.01e+03     1.68e-02     1.53e+03         0.6 
   2  -3005.7013312541     6.06e+00     6.68e-03     1.03e+01         2.2 
   3  -3006.0114021550    -3.10e-01     2.19e-03     2.51e+00         2.2 
   4  -3006.0842990367    -7.29e-02     1.21e-03     9.71e-02         2.1 
   5  -3006.0903574897    -6.06e-03     3.24e-04     1.32e-02         2.2 
   6  -3006.0911316128    -7.74e-04     2.49e-04     2.35e-03         2.2 
   7  -3006.0913657509    -2.34e-04     1.04e-04     3.47e-04         2.2 
   8  -3006.0914054930    -3.97e-05     2.39e-05     4.45e-05         2.2 
   9  -3006.0914100404    -4.55e-06     1.09e-05     9.41e-06         2.2 
  10  -3006.0914110942    -1.05e-06     5.71e-06     1.41e-06         2.2 
  11  -3006.0914112899    -1.96e-07     2.17e-06     1.73e-07         2.2 
  12  -3006.0914113130    -2.31e-08     9.15e-07     2.49e-08         2.2 

** Total SCF energy = -3006.0914113130134

Nuclear repulsion energy = 752.814582809405351
#electrons        = 98
1e energy kinetic = 3006.2227087789033249
1e energy N-e     = -8658.5183792472489586
1e energy         = -5644.1670606474199303
2e energy         = 1893.1862446482912219
QED energy        = 0.2034316976326540
QED eT energy     = 0.1849567538392582
QED eT energy from matrix = 0.1849567538392511

 Polarizability Matrix (QED energy = 0.5 * lambda.dot(matrix * lambda))
[40.72863616, -0.00312514,  0.53067289]
[-0.00312514, 43.85782354,  0.06178922]
[ 0.53067289,  0.06178922, 37.01921361]

 Polarizability Matrix (QED eT energy = 0.5 * lambda.dot(matrix * lambda))
[37.09429923, -0.00595329,  0.62144548]
[-0.00595329, 40.64958183,  0.07476072]
[ 0.62144548,  0.07476072, 32.19098395]


                      Electron        Nuclear        Total  
                  ------------------------------------------
    Monopole         -98.000000     99.000000      1.000000

      Dipole   X     -40.197998     38.615661     -1.582337
      Dipole   Y      -0.191167      0.171217     -0.019950
      Dipole   Z      -3.811435      5.294871      1.483436

  Quadrupole  XX   -1502.897761   1452.379938    -50.517823
  Quadrupole  XY     -20.425489     20.290524     -0.134965
  Quadrupole  XZ    -423.409485    422.606138     -0.803346
  Quadrupole  YY    -308.230837    267.111113    -41.119724
  Quadrupole  YZ      -8.203517      8.110705     -0.092812
  Quadrupole  ZZ    -348.725054    303.817637    -44.907417

    Octupole XXX   -4846.241771   4656.056790   -190.184981
    Octupole XXY     -52.437130     51.203936     -1.233194
    Octupole XXZ    -365.114671    349.504119    -15.610552
    Octupole XYY    -558.682950    507.946854    -50.736096
    Octupole XYZ      -0.980865      0.424654     -0.556211
    Octupole XZZ     393.656151   -439.936278    -46.280127
    Octupole YYY     -28.491004     26.712664     -1.778339
    Octupole YYZ    -377.304175    374.841792     -2.462383
    Octupole YZZ      10.000404    -11.004388     -1.003984
    Octupole ZZZ     187.243245   -253.472410    -66.229165

writing orbitals and density to disk ... done.

Total Time taken for Hartree-Fock: 25.80 secs

CD Options
{
  debug             = false
  skip_cd           = [false, 100]
  write_cv          = [false, 5000]
  diagtol           = 1e-06
  itilesize         = 1000
  max_cvecs_factor  = 12
}

- #occupied, #virtual = 98, 344

- Tilesize for the MSO space: 40

-----------------------------------------------------
Begin 2-index transformation ... 

nAO, nMO, nelectrons = 221, 442, 98
n_occ_alpha, n_vir_alpha, n_occ_beta, n_vir_beta = 49,172,49,172

Time taken for Fao->Fmo transform: 0.00 secs

-----------------------------------------------------
Number of AO tiles = 105
# of {all,non-negligible} shell-pairs = {5565,4927}

    Begin Cholesky Decomposition
---------------------------------------------
Total # of mpi ranks used for Cholesky decomposition: 4
  --> Number of nodes, mpi ranks per node: 1, 4
- CPU memory required for computing cholesky vectors: 1.93 GiB

- Time for computing the diagonal: 0.01 secs

- Total number of cholesky vectors = 1648

- Time to compute cholesky vectors: 13.81 secs

- CPU memory required for resizing the ao cholesky tensor: 1.57 GiB
- CPU memory required for ao2mo transformation: 1.70 GiB
- CPU memory required for the 2-step contraction: 2.11 GiB

- Time for ao to mo transform: 1.58 secs

   End Cholesky Decomposition
---------------------------------------------

Total Time taken for Cholesky Decomposition: 17.95 secs

scf_type = restricted
Closed-Shell SCF
QED-HF Enabled
nbf = 203
nbf_orig = 221
n_lindep = 0
focc = 1
nmo = 406
nocc = 62
nvir = 344
n_occ_alpha = 31
n_vir_alpha = 172
n_occ_beta = 31
n_vir_beta = 172
nelectrons = 98
nelectrons_alpha = 49
nelectrons_beta = 49
freeze atomic = true
n_frozen_core = 18
n_frozen_virtual = 0
----------------------------
--------- QED-CCSD --------
lambda_x: 0.0951
lambda_y: 0.0000
lambda_z: 0.0309
omega: 0.066150
coupling_factor_x: 0.017296
coupling_factor_y: 0.000000
coupling_factor_z: 0.005620
----------------------------
# of {all,non-negligible} shell-pairs = {5565,4927}
Number of AO tiles = 105
----------------------------
Electronic dipole expectation value using SCF density: 
dipole_x_elec: -40.19784965
dipole_y_elec: -0.19118095
dipole_z_elec: -3.81130991

d_n/N value: d_n is nuclear dipole moment and N is the total number of electrons 
d_nuc_x: 0.39403736
d_nuc_y: 0.00174711
d_nuc_z: 0.05402930

<d_e+d_n> expectation values: 
dipole_total_x: -1.58218841
dipole_total_y: -0.01996407
dipole_total_z: 1.48356140
----------------------------


 CCSD iterations
------------------------------------------------------------
  Iter     Residuum          Correlation          Time(s)
------------------------------------------------------------
   1     1.1848557250005    0.0000000000000         87.12
   2     0.1831863315054   -1.5769257508633         84.95
   3     0.0694904483392   -1.6273171610405         84.87
   4     0.0297891863706   -1.6940442943852         85.29
   5     0.0229624323935   -1.6910898621197         84.80
 MICROCYCLE DIIS UPDATE:                    6
   6     0.0118959893837   -1.7040931865777         84.55
   7     0.0080195950843   -1.7032784122941         83.52
   8     0.0071933558041   -1.7051665154482         83.42
   9     0.0080175455043   -1.7055535762107         83.53
  10     0.0109278736005   -1.7059813562312         84.41
 MICROCYCLE DIIS UPDATE:                   11
  11     0.0013416924195   -1.7069739230242         85.31
  12     0.0009072951787   -1.7068156595058         84.96
  13     0.0009158458256   -1.7070546888187         84.78
  14     0.0013903164450   -1.7069610586677         83.92
  15     0.0023075553771   -1.7070497088165         83.51
 MICROCYCLE DIIS UPDATE:                   16
  16     0.0002026671867   -1.7070826289596         83.57
  17     0.0001380317640   -1.7070317423931         83.85
  18     0.0001525145901   -1.7070557147350         85.01
  19     0.0001894605417   -1.7070591431610         84.74
  20     0.0002757601179   -1.7070634865555         84.70
 MICROCYCLE DIIS UPDATE:                   21
  21     0.0000444797541   -1.7070837530707         84.94
  22     0.0000324158655   -1.7070772972218         84.81
  23     0.0000290516942   -1.7070813747847         84.83
  24     0.0000392238270   -1.7070781874155         84.88
  25     0.0000635884538   -1.7070795583353         85.15
 MICROCYCLE DIIS UPDATE:                   26
  26     0.0000110154559   -1.7070788105706         84.89
  27     0.0000080698914   -1.7070772518966         84.95
  28     0.0000090624263   -1.7070786052239         84.93
  29     0.0000120771832   -1.7070786984889         84.86
  30     0.0000186505003   -1.7070789166575         84.97
 MICROCYCLE DIIS UPDATE:                   31
  31     0.0000029548220   -1.7070801841619         84.91
  32     0.0000021591327   -1.7070794629541         85.30
  33     0.0000018866947   -1.7070796221693         84.86
  34     0.0000022127421   -1.7070794027572         84.82
  35     0.0000032449890   -1.7070794683947         84.92
 MICROCYCLE DIIS UPDATE:                   36
  36     0.0000007720297   -1.7070793496235         85.05
------------------------------------------------------------------
 Iterations converged
 CCSD correlation energy / hartree =        -1.707079349623451
 CCSD total energy / hartree       =     -3007.798490662637050

Time taken for spin-orbital canonical QED-CCSD: 3140.63 secs
