
ExaChem Git Information
{
 WARNING: Failed to retrieve the current git state.
}


TAMM Git Information
{
 Branch: main
 Commit Hash: e71357ad [e71357ad54f38748b4a7e175aa6760820d5ce96f]
 Commit Date: 2026-02-02 23:14:56 -0800
 Commit Message: add GitHub Actions workflow for releases
}


date: Thu Aug  6 13:00:35 2026
program: "/global/cfs/cdirs/m3196/heindelj/cavity_qed/software/install_gpu/bin/bin/ExaChem"
nnodes: 1, nproc_per_node: 4, nproc_total: 4, ngpus_per_node: 1, ngpus_total: 1

Memory information
{
[AMD EPYC 7763 64-Core Processor                ] : 
  CPU memory per node (GiB): 251
  Total CPU memory (GiB): 251
[NVIDIA A100-SXM4-40GB, CUDA v12.9] : 
  GPU memory per device (GiB): 39
  GPU memory per node (GiB): 39
  Total GPU memory (GiB): 39
}

------------------------------------------------------------

Input file provided: /global/cfs/cdirs/m4262/heindelj/cavity_qed/mlip/lambda_scans/grid_scans_optimized_geoms/runs_grid_no_freq/ortho_th45_ph180/ortho_th45_ph180_qed_ccsd_input.json

{
  "geometry": {
    "coordinates": [
      "C    -1.782495094800    1.941782113600    0.681840211700",
      "C    -0.361290542900    1.982144035400    0.705193024200",
      "C     0.296744936800    0.817222571500    0.710689929800",
      "C    -2.503729290800    0.754553967000    0.722053507600",
      "H    -2.316336547100    2.884797550300    0.647008033300",
      "H     0.169910195100    2.921554432000    0.739626940700",
      "H    -3.580572623300    0.774454343400    0.737962983400",
      "N     1.780940057600    0.827234848800    0.779499130100",
      "O     2.302378047000   -0.255829040000    0.849992618300",
      "O     2.302256808000    1.907800861400    0.800029243700",
      "C    -1.823865407300   -0.429302316300    0.773452749100",
      "H    -2.347298519900   -1.375058708800    0.828702034200",
      "C    -0.362979897100   -0.493268286500    0.649183670700",
      "H     0.110629071000   -1.220156406400    1.308605036500",
      "Br   -0.237792105100   -1.253453201700   -1.144111112500"
    ],
    "units": "angstrom",
    "noorient": true
  },
  "common": {
    "maxiter": 100,
    "debug": false
  },
  "basis": {
    "basisset": "6-311G*"
  },
  "SCF": {
    "charge": 1,
    "multiplicity": 1,
    "lshift": 0,
    "tol_lindep": 1e-10,
    "conve": 1e-07,
    "convd": 1e-05,
    "diis_hist": 10,
    "writem": 10,
    "restart": false,
    "noscf": false,
    "scf_type": "restricted",
    "debug": false,
    "qed_omegas": [
      0.06615
    ],
    "qed_volumes": [],
    "qed_lambdas": [
      0.1
    ],
    "qed_polvecs": [
      [
        -0.7071067811865475,
        8.659560562354932e-17,
        0.7071067811865476
      ]
    ],
    "direct_df": false
  },
  "CD": {
    "debug": false,
    "diagtol": 1e-06
  },
  "CC": {
    "threshold": 1e-06,
    "ndiis": 5,
    "ccsd_maxiter": 200,
    "tilesize": 40,
    "freeze": {
      "atomic": true
    },
    "readt": false,
    "writet": true,
    "writet_iter": 5,
    "debug": false,
    "profile_ccsd": false,
    "balance_tiles": true
  },
  "TASK": {
    "scf": false,
    "ccsd": true
  }
}

Output folder & files prefix: ortho_th45_ph180_qed_ccsd_input.6-311g*

  C (carbon)
  ----------
          Exponent        Coefficients
      ----------------  --------------------
  1 S  4.56324000E+03      0.778202
  1 S  6.82024000E+02      1.448695
  1 S  1.54973000E+02      2.383089
  1 S  4.44553000E+01      3.200089
  1 S  1.30290000E+01      3.013004
  1 S  1.82773000E+00      0.247599

  2 S  2.09642000E+01      0.800629
  2 S  4.80331000E+00      2.127420
  2 S  1.45933000E+00     -0.002868

  3 P  2.09642000E+01      2.573592
  3 P  4.80331000E+00      2.408248
  3 P  1.45933000E+00      1.865281

  4 S  4.83456000E-01      0.413217

  5 P  4.83456000E-01      0.574627

  6 S  1.45585000E-01      0.167976

  7 P  1.45585000E-01      0.128185

  8 D  6.26000000E-01      0.725128


  H (hydrogen)
  ------------
          Exponent        Coefficients
      ----------------  --------------------
  1 S  3.38650000E+01      0.255069
  1 S  5.09479000E+00      0.460109
  1 S  1.15879000E+00      0.678321

  2 S  3.25840000E-01      0.307371

  3 S  1.02741000E-01      0.129336


  N (nitrogen)
  ------------
          Exponent        Coefficients
      ----------------  --------------------
  1 S  6.29348000E+03      0.991968
  1 S  9.49044000E+02      1.823240
  1 S  2.18776000E+02      2.979891
  1 S  6.36916000E+01      4.000007
  1 S  1.88282000E+01      3.881008
  1 S  2.72023000E+00      0.386764

  2 S  3.06331000E+01      1.038501
  2 S  7.02614000E+00      2.834794
  2 S  2.11205000E+00     -0.003208

  3 P  3.06331000E+01      3.935616
  3 P  7.02614000E+00      3.870994
  3 P  2.11205000E+00      2.967271

  4 S  6.84009000E-01      0.536051

  5 P  6.84009000E-01      0.886681

  6 S  2.00878000E-01      0.213850

  7 P  2.00878000E-01      0.191693

  8 D  9.13000000E-01      1.403568


  O (oxygen)
  ----------
          Exponent        Coefficients
      ----------------  --------------------
  1 S  8.58850000E+03      1.205013
  1 S  1.29723000E+03      2.216205
  1 S  2.99296000E+02      3.627452
  1 S  8.73771000E+01      4.888452
  1 S  2.56789000E+01      4.835721
  1 S  3.74004000E+00      0.538229

  2 S  4.21175000E+01      1.341958
  2 S  9.62837000E+00      3.587114
  2 S  2.85332000E+00     -0.005123

  3 P  4.21175000E+01      5.584018
  3 P  9.62837000E+00      5.733366
  3 P  2.85332000E+00      4.332955

  4 S  9.05661000E-01      0.661659

  5 P  9.05661000E-01      1.259352

  6 S  2.55611000E-01      0.256209

  7 P  2.55611000E-01      0.259068

  8 D  1.29200000E+00      2.577026


  Br (bromine)
  ------------
          Exponent        Coefficients
      ----------------  --------------------
  1 S  4.39700000E+05      9.893706
  1 S  6.60300000E+04     18.450679
  1 S  1.51400000E+04     31.049770
  1 S  4.31700000E+03     48.888138
  1 S  1.41400000E+03     64.847798
  1 S  5.23900000E+02     42.245010

  2 S  5.23900000E+02     14.290679
  2 S  2.07700000E+02     24.083128
  2 S  8.65400000E+01      5.132542

  3 S  3.05200000E+01      9.254405

  4 S  1.29800000E+01      4.873782

  5 S  4.41200000E+00      2.169635

  6 S  1.86200000E+00      1.136043

  7 S  3.93200000E-01      0.353892

  8 S  1.40000000E-01      0.163120

  9 P  2.95700000E+03    691.874478
  9 P  7.00300000E+02    925.332763
  9 P  2.24600000E+02   1068.830732

  10 P  8.25900000E+01    122.079275
  10 P  3.31900000E+01     57.580687
  10 P  1.42000000E+01     10.176170

  11 P  1.42000000E+01      3.129736
  11 P  7.43800000E+00      6.538168
  11 P  3.52600000E+00      4.166276

  12 P  1.59500000E+00      2.555000

  13 P  8.46200000E-01      1.156861

  14 P  3.18600000E-01      0.341191

  15 P  1.09600000E-01      0.089888

  16 D  1.34800000E+02    160.709187
  16 D  3.63900000E+01    119.797406
  16 D  1.21600000E+01     55.531619
  16 D  4.34100000E+00     12.984636

  17 D  1.53500000E+00      3.484168

  18 D  4.51000000E-01      0.408525



Printing Internal Coordinates

------------------------------------------------------------
                Bond Lengths

i      j        Length (Angstroms)     Length (Bohr)
0      1          1.4219693446         2.6871326207
0      3          1.3897145558         2.6261799037
0      4          1.0841946738         2.0488310007
1      2          1.3379398064         2.5283398071
1      5          1.0797461794         2.0404245645
2      7          1.4858230407         2.8077986185
2      12         1.4684706893         2.7750074267
3      6          1.0771446974         2.0355084761
3      10         1.3661524372         2.5816539525
7      8          1.2041155658         2.2754486434
7      9          1.1999231423         2.2675261111
10     11         1.0823538519         2.0453523515
10     12         1.4675561056         2.7732791140
12     13         1.0897285585         2.0592885271
12     14         1.9517836120         3.6883364837

Number of Bonds: 15

------------------------------------------------------------
           Bond Angles

i      j      k      Angle (degrees)
0      1      2        117.8343 
0      1      5        121.1261 
0      3      6        120.2304 
0      3      10       118.8894 
1      0      3        122.8523 
1      0      4        117.9019 
1      2      7        119.0526 
1      2      12       123.7716 
2      1      5        121.0259 
2      7      8        115.4182 
2      7      9        116.1577 
2      12     10       113.8769 
2      12     13       112.0043 
2      12     14       110.9313 
3      0      4        119.2384 
3      10     11       121.2286 
3      10     12       122.0035 
6      3      10       120.8614 
7      2      12       117.1757 
8      7      9        128.3786 
10     12     13       114.2344 
10     12     14        99.1272 
11     10     12       116.5927 
13     12     14       105.5639 

Number of Angles: 24

------------------------------------------------------------
              Torsional Angles

i      j      k      l      Angle (degrees)
3      0      1      2          2.8131 
4      0      1      2       -178.1843 
5      1      0      3       -175.8509 
5      1      0      4          3.1518 
6      3      0      1        177.7945 
6      3      0      4         -1.1954 
10     3      0      1         -0.6441 
10     3      0      4       -179.6340 
11     10     3      0        178.5894 
11     10     3      6          0.1610 

Number of Torsional Angles: 10


----------------------------------------------------------------------
                          Center of Mass

         x               y               z              Unit
  -0.03395704605  -0.01611374794  0.005312617806      Angstrom
  -0.06416951707  -0.03045057047   0.01003939266          Bohr

----------------------------------------------------------------------
                Moment of Inertia Tensor

           1795.07          -146.112          -141.268
          -146.112           2051.96          -659.962
          -141.268          -659.962           2597.55

----------------------------------------------------------------------
                      Principal Moments of Inertia

           x                 y                 z                Unit
        415.110382       538.2829144       851.2726752       amu * ang^2
       1482.386086       1922.243185       3039.949912      amu * bohr^2
  6.8930747668e-38  8.9384041831e-38  1.4135724983e-37          g * cm^2

 - Molecule is an asymmetric top.

----------------------------------------------------------------------

         Rotational constants (MHz)

    A = 1.2175e+03        B = 9.3887e+02        C = 5.9367e+02

----------------------------------------------------------------------

        Rotational constants (cm-1)

    A = 4.0610e-02        B = 3.1317e-02        C = 1.9803e-02

----------------------------------------------------------------------

                                Z-Matrix
C   
C        1       2.6871326
C        2       2.5283398     1       117.83432
C        3      5.29349777     2     61.82250111     1         -1.3296
H        4      4.04361015     3     83.68656497     2          1.6048
H        5      4.70209741     4     95.79134937     3         -2.3611
H        6      8.16662651     5     29.01357474     4         -1.5671
N        7     10.13258554     6     29.22925651     5        176.5079
O        8      2.27544864     7    115.12610861     6        177.2491
O        9      4.08975797     8     25.76236322     7       -174.9983
C       10      8.96129610     9     60.49296033     8          3.8663
H       11      2.04535235    10    148.33612318     9          4.4019
C       12      4.11739259    11     37.03467361    10         -9.3386
H       13      2.05928853    12     94.35869450    11        140.6240
Br      14      4.68191709    13     49.36704831    12         89.8140

----------------------------------------------------------------------

             Converted back to Cartesian

C        0.000000      0.000000      0.000000
C        0.000000      0.000000      2.687133
C        0.000000      0.090734      0.160421
C        0.000040     -0.198817      5.445994
H       -0.000083      0.125210      1.415387
H        0.000282     -0.388168      6.089375
H       -0.000433      0.575179     -2.020233
N       -0.004293     -0.709491      8.030583
O       -0.003535     -0.342035      5.785000
O       -0.003143     -1.034084      9.815780
C       -0.013221      0.644534      1.013112
H       -0.005889      0.171174      3.002921
C       -0.023040      1.169135     -0.991662
H       -0.013952      0.612802      0.991033
Br      -0.037139      1.945256     -3.497216

----------------------------------------------------------------------
                       Geometry in bohr 

1     C      -3.3684275499    3.6694363909    1.2884912617
2     C      -0.6827401780    3.7457093690    1.3326216816
3     C       0.5607666598    1.5443268440    1.3430093278
4     C      -4.7313626530    1.4259003448    1.3644833776
5     H      -4.3772416894    5.4514772988    1.2226679842
6     H       0.3210837347    5.5209377384    1.3976923533
7     H      -6.7663016320    1.4635066060    1.3945479297
8     N       3.3654889555    1.5632473060    1.4730398713
9     O       4.3508639471   -0.4834468207    1.6062532576
10    O       4.3506348386    3.6052211308    1.5118361633
11    C      -3.4466061103   -0.8112638030    1.4616138671
12    H      -4.4357513384   -2.5984843667    1.5660198846
13    C      -0.6859325947   -0.9321419681    1.2267793430
14    H       0.2090586458   -2.3057614389    2.4729051260
15    Br     -0.4493619535   -2.3686832629   -2.1620566602

 Number of nodes, processes per node used for SCF calculation: 1, 4

Common Options
{
  maxiter       = 100
  basis         = 6-311g* spherical
  geom_units    = angstrom
  ang2au factor = 1.889726126
  debug         = false
  file_prefix   = ortho_th45_ph180_qed_ccsd_input
}

SCF Options
{
  charge            = 1
  multiplicity      = 1
  level shift       = 0
  tol_int           = 1e-22
  tol_sch           = 1e-12
  tol_lindep        = 1e-10
  conve             = 1e-07
  convd             = 1e-05
  diis_hist         = 10
  AO_tilesize       = 30
  writem            = 10
  damp              = 100
  n_lindep          = 0
  scf_type          = restricted
  cuscf             = false
  qed_omegas        = [0.06615,]
  qed_lambdas       = [0.1,]
  qed_polvecs       = [[-0.7071067812,8.659560562e-17,0.7071067812,],]
  direct_df         = false
  restart_size      = 2000
  restart           = false
  debug             = false
}

Number of basis functions = 221

Total number of shells = 105

Total number of electrons = 98
  # of alpha electrons    = 49
  # of beta electons      = 49

Nuclear repulsion energy  = 779.846990633176

# of {all,non-negligible} shell-pairs = {5565,4992}
Number of AO tiles = 105

Time for initial setup: 0.05 secs
HF exch = 1.00

Time for computing 1-e integrals T, V, S: 0.01 secs
Time for computing orthogonalizer: 0.01 secs

Superposition of Atomic Density Guess ...
Time taken for SAD: 0.51 secs
Total Time to compute initial guess: 0.51 secs


 SCF iterations
-----------------------------------------------------------------------------
 Iter     Energy            E-Diff       RMSD        |[F,P]|^2       Time(s)
-----------------------------------------------------------------------------
   1  -3011.8815892913    -3.01e+03     1.68e-02     1.51e+03         0.6 
   2  -3005.7920922931     6.09e+00     6.78e-03     7.85e+00         2.2 
   3  -3005.9944279259    -2.02e-01     2.80e-03     3.79e+00         2.2 
   4  -3006.1028798695    -1.08e-01     1.20e-03     1.41e-01         2.2 
   5  -3006.1108886671    -8.01e-03     2.98e-04     1.28e-02         2.2 
   6  -3006.1115950163    -7.06e-04     1.68e-04     1.74e-03         2.2 
   7  -3006.1117909075    -1.96e-04     7.18e-05     4.76e-04         2.2 
   8  -3006.1118385937    -4.77e-05     4.05e-05     1.15e-04         2.2 
   9  -3006.1118515915    -1.30e-05     1.91e-05     1.56e-05         2.2 
  10  -3006.1118538837    -2.29e-06     7.68e-06     3.23e-06         2.2 
  11  -3006.1118542707    -3.87e-07     4.03e-06     6.69e-07         2.2 
  12  -3006.1118543778    -1.07e-07     1.95e-06     1.76e-07         2.3 
  13  -3006.1118544093    -3.15e-08     1.31e-06     4.65e-08         2.3 

** Total SCF energy = -3006.1118544093056

Nuclear repulsion energy = 779.846990633176006
#electrons        = 98
1e energy kinetic = 3006.2051937520327556
1e energy N-e     = -8713.0144116144474538
1e energy         = -5704.2813092715441599
2e energy         = 1920.6609650655864243
QED energy        = 0.1894077543464237
QED eT energy     = 0.1675262586878025
QED eT energy from matrix = 0.1675262586878258

 Polarizability Matrix (QED energy = 0.5 * lambda.dot(matrix * lambda))
[39.48398619, -1.07257551,  0.02138855]
[-1.07257551, 45.53064191,  1.07154162]
[ 0.02138855,  1.07154162, 36.32189265]

 Polarizability Matrix (QED eT energy = 0.5 * lambda.dot(matrix * lambda))
[35.68217740, -1.14640309,  0.01603312]
[-1.14640309, 42.57055414,  1.23771625]
[ 0.01603312,  1.23771625, 31.36039231]


                      Electron        Nuclear        Total  
                  ------------------------------------------
    Monopole         -98.000000     99.000000      1.000000

      Dipole   X       8.063245    -11.732222     -3.668978
      Dipole   Y     -11.166452     12.396490      1.230038
      Dipole   Z     -14.466324     15.739838      1.273514

  Quadrupole  XX    -796.436574    755.156849    -41.279725
  Quadrupole  XY     -63.277584     57.610965     -5.666619
  Quadrupole  XZ     -61.132220     55.475117     -5.657103
  Quadrupole  YY    -631.888953    594.381559    -37.507394
  Quadrupole  YZ    -305.629538    307.865562      2.236024
  Quadrupole  ZZ    -341.921437    296.139819    -45.781618

    Octupole XXX     -59.170047    -12.789071    -71.959118
    Octupole XXY   -1103.669214   1094.965578     -8.703636
    Octupole XXZ   -1088.157024   1076.916537    -11.240486
    Octupole XYY      93.228916   -130.269377    -37.040462
    Octupole XYZ      15.911625    -22.300564     -6.388939
    Octupole XZZ      28.997282    -19.705603      9.291679
    Octupole YYY    -903.833726    882.389628    -21.444097
    Octupole YYZ    -141.721419    130.789766    -10.931653
    Octupole YZZ     184.484577   -216.248316    -31.763739
    Octupole ZZZ      82.990995   -157.699159    -74.708164

writing orbitals and density to disk ... done.

Total Time taken for Hartree-Fock: 30.59 secs

CD Options
{
  debug             = false
  skip_cd           = [false, 100]
  write_cv          = [false, 5000]
  diagtol           = 1e-06
  itilesize         = 1000
  max_cvecs_factor  = 12
}

- #occupied, #virtual = 98, 344

- Tilesize for the MSO space: 40

-----------------------------------------------------
Begin 2-index transformation ... 

nAO, nMO, nelectrons = 221, 442, 98
n_occ_alpha, n_vir_alpha, n_occ_beta, n_vir_beta = 49,172,49,172

Time taken for Fao->Fmo transform: 0.00 secs

-----------------------------------------------------
Number of AO tiles = 105
# of {all,non-negligible} shell-pairs = {5565,4992}

    Begin Cholesky Decomposition
---------------------------------------------
Total # of mpi ranks used for Cholesky decomposition: 4
  --> Number of nodes, mpi ranks per node: 1, 4
- CPU memory required for computing cholesky vectors: 1.93 GiB

- Time for computing the diagonal: 0.01 secs

- Total number of cholesky vectors = 1649

- Time to compute cholesky vectors: 15.14 secs

- CPU memory required for resizing the ao cholesky tensor: 1.57 GiB
- CPU memory required for ao2mo transformation: 1.70 GiB
- CPU memory required for the 2-step contraction: 2.12 GiB

- Time for ao to mo transform: 1.54 secs

   End Cholesky Decomposition
---------------------------------------------

Total Time taken for Cholesky Decomposition: 19.64 secs

scf_type = restricted
Closed-Shell SCF
QED-HF Enabled
nbf = 203
nbf_orig = 221
n_lindep = 0
focc = 1
nmo = 406
nocc = 62
nvir = 344
n_occ_alpha = 31
n_vir_alpha = 172
n_occ_beta = 31
n_vir_beta = 172
nelectrons = 98
nelectrons_alpha = 49
nelectrons_beta = 49
freeze atomic = true
n_frozen_core = 18
n_frozen_virtual = 0
----------------------------
--------- QED-CCSD --------
lambda_x: -0.0707
lambda_y: 0.0000
lambda_z: 0.0707
omega: 0.066150
coupling_factor_x: -0.012860
coupling_factor_y: 0.000000
coupling_factor_z: 0.012860
----------------------------
# of {all,non-negligible} shell-pairs = {5565,4992}
Number of AO tiles = 105
----------------------------
Electronic dipole expectation value using SCF density: 
dipole_x_elec: 8.06302527
dipole_y_elec: -11.16656486
dipole_z_elec: -14.46635373

d_n/N value: d_n is nuclear dipole moment and N is the total number of electrons 
d_nuc_x: -0.11971655
d_nuc_y: 0.12649480
d_nuc_z: 0.16061059

<d_e+d_n> expectation values: 
dipole_total_x: -3.66919697
dipole_total_y: 1.22992547
dipole_total_z: 1.27348406
----------------------------


 CCSD iterations
------------------------------------------------------------
  Iter     Residuum          Correlation          Time(s)
------------------------------------------------------------
   1     1.1854360296519    0.0000000000000         85.81
   2     0.1717870720159   -1.6523859545816         84.75
   3     0.0702328630948   -1.6250381372427         85.05
   4     0.0256911109721   -1.6966034309705         85.01
   5     0.0231793625691   -1.6874704002418         84.87
 MICROCYCLE DIIS UPDATE:                    6
   6     0.0088358156584   -1.6987714584343         83.78
   7     0.0057314790428   -1.6984195080297         83.83
   8     0.0036789269905   -1.7001170646324         83.39
   9     0.0028538817402   -1.7002259832821         83.60
  10     0.0029220463694   -1.7006998808876         83.51
 MICROCYCLE DIIS UPDATE:                   11
  11     0.0008004305838   -1.7012229289728         83.14
  12     0.0006021519422   -1.7012851273664         83.25
  13     0.0004662719885   -1.7013046969232         83.12
  14     0.0004979158354   -1.7012908723007         82.76
  15     0.0005188343610   -1.7013145632500         83.02
 MICROCYCLE DIIS UPDATE:                   16
  16     0.0001219465377   -1.7012951116857         83.53
  17     0.0000717967716   -1.7013296855362         83.58
  18     0.0000734501865   -1.7013361932345         83.81
  19     0.0000499191366   -1.7013463359086         83.55
  20     0.0000630435457   -1.7013441271091         83.34
 MICROCYCLE DIIS UPDATE:                   21
  21     0.0000225116793   -1.7013576616346         83.44
  22     0.0000182069265   -1.7013540862815         83.60
  23     0.0000128845787   -1.7013540899622         83.31
  24     0.0000147604981   -1.7013523755432         83.37
  25     0.0000137315129   -1.7013530520096         83.45
 MICROCYCLE DIIS UPDATE:                   26
  26     0.0000047336704   -1.7013509409258         83.73
  27     0.0000027194783   -1.7013520491624         83.52
  28     0.0000026121882   -1.7013524223516         83.57
  29     0.0000019435648   -1.7013527576285         83.51
  30     0.0000023668224   -1.7013527446110         83.66
 MICROCYCLE DIIS UPDATE:                   31
  31     0.0000008367261   -1.7013532038829         84.39
------------------------------------------------------------------
 Iterations converged
 CCSD correlation energy / hartree =        -1.701353203882948
 CCSD total energy / hartree       =     -3007.813207613188752

Time taken for spin-orbital canonical QED-CCSD: 2669.60 secs
