
ExaChem Git Information
{
 WARNING: Failed to retrieve the current git state.
}


TAMM Git Information
{
 Branch: main
 Commit Hash: e71357ad [e71357ad54f38748b4a7e175aa6760820d5ce96f]
 Commit Date: 2026-02-02 23:14:56 -0800
 Commit Message: add GitHub Actions workflow for releases
}


date: Sun Aug  9 15:11:25 2026
program: "/global/cfs/cdirs/m3196/heindelj/cavity_qed/software/install_gpu/bin/bin/ExaChem"
nnodes: 1, nproc_per_node: 4, nproc_total: 4, ngpus_per_node: 1, ngpus_total: 1

Memory information
{
[AMD EPYC 7763 64-Core Processor                ] : 
  CPU memory per node (GiB): 251
  Total CPU memory (GiB): 251
[NVIDIA A100-SXM4-40GB, CUDA v12.9] : 
  GPU memory per device (GiB): 39
  GPU memory per node (GiB): 39
  Total GPU memory (GiB): 39
}

------------------------------------------------------------

Input file provided: /global/cfs/cdirs/m4262/heindelj/cavity_qed/mlip/lambda_scans/grid_scans_optimized_geoms/runs_grid_no_freq/meta_th45_ph270/meta_th45_ph270_qed_ccsd_input.json

{
  "geometry": {
    "coordinates": [
      "C    -0.908066454300    2.028163385200    0.695655555700",
      "C     0.483382044000    1.948881679700    0.800024622300",
      "C     1.157297807300    0.735404400900    0.634596646500",
      "C     0.487416663900   -0.421625950900    0.433773436500",
      "C    -1.631487977500    0.888199319100    0.509138487400",
      "H    -1.396797203400    2.986692046900    0.759019229500",
      "H     1.077720622500    2.831893210500    1.001952162200",
      "H     1.021348755700   -1.354347321500    0.309689355700",
      "H    -2.712862397900    0.910580996500    0.444746307100",
      "N     2.640347653800    0.729473924100    0.672291959000",
      "O     3.174741966200   -0.227363441800    0.181428698000",
      "O     3.160017588500    1.679490328300    1.195488405400",
      "C    -0.973842725500   -0.423129624700    0.551224852500",
      "H    -1.096950802100   -0.655330081500    1.625412845100",
      "Br   -1.874098797900   -1.855383841600   -0.342984826000"
    ],
    "units": "angstrom",
    "noorient": true
  },
  "common": {
    "maxiter": 100,
    "debug": false
  },
  "basis": {
    "basisset": "6-311G*"
  },
  "SCF": {
    "charge": 1,
    "multiplicity": 1,
    "lshift": 0,
    "tol_lindep": 1e-10,
    "conve": 1e-07,
    "convd": 1e-05,
    "diis_hist": 10,
    "writem": 10,
    "restart": false,
    "noscf": false,
    "scf_type": "restricted",
    "debug": false,
    "qed_omegas": [
      0.06615
    ],
    "qed_volumes": [],
    "qed_lambdas": [
      0.1
    ],
    "qed_polvecs": [
      [
        -1.2989340843532398e-16,
        -0.7071067811865475,
        0.7071067811865476
      ]
    ],
    "direct_df": false
  },
  "CD": {
    "debug": false,
    "diagtol": 1e-06
  },
  "CC": {
    "threshold": 1e-06,
    "ndiis": 5,
    "ccsd_maxiter": 200,
    "tilesize": 40,
    "freeze": {
      "atomic": true
    },
    "readt": false,
    "writet": true,
    "writet_iter": 5,
    "debug": false,
    "profile_ccsd": false,
    "balance_tiles": true
  },
  "TASK": {
    "scf": false,
    "ccsd": true
  }
}

Output folder & files prefix: meta_th45_ph270_qed_ccsd_input.6-311g*

  C (carbon)
  ----------
          Exponent        Coefficients
      ----------------  --------------------
  1 S  4.56324000E+03      0.778202
  1 S  6.82024000E+02      1.448695
  1 S  1.54973000E+02      2.383089
  1 S  4.44553000E+01      3.200089
  1 S  1.30290000E+01      3.013004
  1 S  1.82773000E+00      0.247599

  2 S  2.09642000E+01      0.800629
  2 S  4.80331000E+00      2.127420
  2 S  1.45933000E+00     -0.002868

  3 P  2.09642000E+01      2.573592
  3 P  4.80331000E+00      2.408248
  3 P  1.45933000E+00      1.865281

  4 S  4.83456000E-01      0.413217

  5 P  4.83456000E-01      0.574627

  6 S  1.45585000E-01      0.167976

  7 P  1.45585000E-01      0.128185

  8 D  6.26000000E-01      0.725128


  H (hydrogen)
  ------------
          Exponent        Coefficients
      ----------------  --------------------
  1 S  3.38650000E+01      0.255069
  1 S  5.09479000E+00      0.460109
  1 S  1.15879000E+00      0.678321

  2 S  3.25840000E-01      0.307371

  3 S  1.02741000E-01      0.129336


  N (nitrogen)
  ------------
          Exponent        Coefficients
      ----------------  --------------------
  1 S  6.29348000E+03      0.991968
  1 S  9.49044000E+02      1.823240
  1 S  2.18776000E+02      2.979891
  1 S  6.36916000E+01      4.000007
  1 S  1.88282000E+01      3.881008
  1 S  2.72023000E+00      0.386764

  2 S  3.06331000E+01      1.038501
  2 S  7.02614000E+00      2.834794
  2 S  2.11205000E+00     -0.003208

  3 P  3.06331000E+01      3.935616
  3 P  7.02614000E+00      3.870994
  3 P  2.11205000E+00      2.967271

  4 S  6.84009000E-01      0.536051

  5 P  6.84009000E-01      0.886681

  6 S  2.00878000E-01      0.213850

  7 P  2.00878000E-01      0.191693

  8 D  9.13000000E-01      1.403568


  O (oxygen)
  ----------
          Exponent        Coefficients
      ----------------  --------------------
  1 S  8.58850000E+03      1.205013
  1 S  1.29723000E+03      2.216205
  1 S  2.99296000E+02      3.627452
  1 S  8.73771000E+01      4.888452
  1 S  2.56789000E+01      4.835721
  1 S  3.74004000E+00      0.538229

  2 S  4.21175000E+01      1.341958
  2 S  9.62837000E+00      3.587114
  2 S  2.85332000E+00     -0.005123

  3 P  4.21175000E+01      5.584018
  3 P  9.62837000E+00      5.733366
  3 P  2.85332000E+00      4.332955

  4 S  9.05661000E-01      0.661659

  5 P  9.05661000E-01      1.259352

  6 S  2.55611000E-01      0.256209

  7 P  2.55611000E-01      0.259068

  8 D  1.29200000E+00      2.577026


  Br (bromine)
  ------------
          Exponent        Coefficients
      ----------------  --------------------
  1 S  4.39700000E+05      9.893706
  1 S  6.60300000E+04     18.450679
  1 S  1.51400000E+04     31.049770
  1 S  4.31700000E+03     48.888138
  1 S  1.41400000E+03     64.847798
  1 S  5.23900000E+02     42.245010

  2 S  5.23900000E+02     14.290679
  2 S  2.07700000E+02     24.083128
  2 S  8.65400000E+01      5.132542

  3 S  3.05200000E+01      9.254405

  4 S  1.29800000E+01      4.873782

  5 S  4.41200000E+00      2.169635

  6 S  1.86200000E+00      1.136043

  7 S  3.93200000E-01      0.353892

  8 S  1.40000000E-01      0.163120

  9 P  2.95700000E+03    691.874478
  9 P  7.00300000E+02    925.332763
  9 P  2.24600000E+02   1068.830732

  10 P  8.25900000E+01    122.079275
  10 P  3.31900000E+01     57.580687
  10 P  1.42000000E+01     10.176170

  11 P  1.42000000E+01      3.129736
  11 P  7.43800000E+00      6.538168
  11 P  3.52600000E+00      4.166276

  12 P  1.59500000E+00      2.555000

  13 P  8.46200000E-01      1.156861

  14 P  3.18600000E-01      0.341191

  15 P  1.09600000E-01      0.089888

  16 D  1.34800000E+02    160.709187
  16 D  3.63900000E+01    119.797406
  16 D  1.21600000E+01     55.531619
  16 D  4.34100000E+00     12.984636

  17 D  1.53500000E+00      3.484168

  18 D  4.51000000E-01      0.408525



Printing Internal Coordinates

------------------------------------------------------------
                Bond Lengths

i      j        Length (Angstroms)     Length (Bohr)
0      1          1.3976077469         2.6410958732
0      4          1.3629546540         2.5756110182
0      5          1.0777986341         2.0367442372
1      2          1.3978755228         2.6416018963
1      6          1.0833847150         2.0473004004
2      3          1.3519578185         2.5548300107
2      9          1.4835406817         2.8034855851
3      7          1.0818731409         2.0444439392
3      12         1.4659727485         2.7702870027
4      8          1.0835210794         2.0475580917
4      12         1.4676008103         2.7733635937
9      10         1.2008587623         2.2692941766
9      11         1.2026315025         2.2726441701
12     13         1.1058718254         2.0897948803
12     14         1.9134848018         3.6159622216

Number of Bonds: 15

------------------------------------------------------------
           Bond Angles

i      j      k      Angle (degrees)
0      1      2        121.3579 
0      1      6        120.9213 
0      4      8        121.3711 
0      4      12       120.3687 
1      0      4        119.4201 
1      0      5        119.8356 
1      2      3        121.4415 
1      2      9        118.8425 
2      1      6        117.7176 
2      3      7        120.6859 
2      3      12       118.8732 
2      9      10       115.9548 
2      9      11       116.0952 
3      2      9        119.7145 
3      12     4        116.3245 
3      12     13       100.8946 
3      12     14       115.6132 
4      0      5        120.7438 
4      12     13        99.5311 
4      12     14       116.3962 
7      3      12       120.0161 
8      4      12       117.8645 
10     9      11       127.9491 
13     12     14       104.1459 

Number of Angles: 24

------------------------------------------------------------
              Torsional Angles

i      j      k      l      Angle (degrees)
3      2      1      0         -3.3658 
4      0      1      2          4.0164 
5      0      1      2       -175.7296 
6      1      0      4       -176.6586 
6      1      0      5          3.5954 
6      1      2      3        177.2883 
7      3      2      1       -179.8451 
8      4      0      1        178.7047 
8      4      0      5         -1.5517 
12     3      2      1         -7.3231 
13     12     3      2        -89.9537 
13     12     3      7         82.6197 
14     12     3      2        158.4373 
14     12     3      7        -28.9893 

Number of Torsional Angles: 14


----------------------------------------------------------------------
                          Center of Mass

         x               y               z              Unit
   -0.1538813913   -0.2611851195    0.2547141313      Angstrom
   -0.2907936854   -0.4935683439    0.4813399485          Bohr

----------------------------------------------------------------------
                Moment of Inertia Tensor

           1813.61           -1250.8           -511.18
           -1250.8           2999.81          -529.984
           -511.18          -529.984           4400.35

----------------------------------------------------------------------
                      Principal Moments of Inertia

           x                 y                 z                Unit
       245.5184286       1051.339409       1283.258066       amu * ang^2
       876.7622257       3754.401189       4582.597748      amu * bohr^2
  4.0769322050e-38  1.7457913528e-37  2.1309016054e-37          g * cm^2

 - Molecule is an asymmetric top.

----------------------------------------------------------------------

         Rotational constants (MHz)

    A = 2.0584e+03        B = 4.8070e+02        C = 3.9382e+02

----------------------------------------------------------------------

        Rotational constants (cm-1)

    A = 6.8661e-02        B = 1.6034e-02        C = 1.3137e-02

----------------------------------------------------------------------

                                Z-Matrix
C   
C        1       2.6410959
C        2       2.6416019     1       121.35785
C        3      2.55483001     2    121.44151465     1         -3.3658
C        4      4.70958234     3     88.10822061     2          1.3068
H        5      4.01814252     4    115.36639883     3          1.8450
H        6      4.70773887     5     93.42658458     4         -3.9537
H        7      8.01899117     6     91.84501533     5          3.1675
H        8      8.25714606     7     59.66537332     6         -2.5159
N        9     10.13101804     8     29.59359891     7          1.7734
O       10      2.26929418     9    116.99563333     8         20.8375
O       11      4.08138200    10     26.04610223     9        178.5047
C       12      8.84845715    11     62.93215063    10          7.4847
H       13      2.08979488    12     93.37765674    11        109.6045
Br      14      4.59738848    13     49.70059776    12       -149.0512

----------------------------------------------------------------------

             Converted back to Cartesian

C        0.000000      0.000000      0.000000
C        0.000000      0.000000      2.641096
C        0.000000      0.097632      0.001299
C        0.000097     -0.091154      2.549144
C       -0.000261      0.382770     -2.136532
H        0.000165     -0.161787      1.844539
H       -0.000288      0.608694     -2.799722
H        0.000189     -0.924499      5.071335
H        0.000011      0.801265     -3.003453
N       -0.000011     -1.405367      6.884332
O       -0.000307     -0.832491      4.688539
O       -0.001414     -1.894083      8.629440
C        0.009188      0.570618      0.131185
H        0.001832     -0.068141      2.120953
Br       0.026835      1.402643     -2.234750

----------------------------------------------------------------------
                       Geometry in bohr 

1     C      -1.7159969028    3.8326733366    1.3145984782
2     C       0.9134596773    3.6828526264    1.5118274301
3     C       2.1869759019    1.3897129095    1.1992138623
4     C       0.9210840040   -0.7967575748    0.8197129957
5     C      -3.0830654552    1.6784534583    0.9621323013
6     H      -2.6395641679    5.6440299911    1.4343384681
7     H       2.0365968168    5.3515025857    1.8934151778
8     H       1.9300694273   -2.5593455170    0.5852280664
9     H      -5.1265669493    1.7207486988    0.8404487159
10    N       4.9895339429    1.3785059325    1.2704476792
11    O       5.9993928365   -0.4296546360    0.3428505506
12    O       5.9715677953    3.1737767516    2.2591456729
13    C      -1.8402960409   -0.7995991064    1.0416640050
14    H      -2.0729365896   -1.2383943761    3.0715851188
15    Br     -3.5415334609   -3.5061673191   -0.6481473865

 Number of nodes, processes per node used for SCF calculation: 1, 4

Common Options
{
  maxiter       = 100
  basis         = 6-311g* spherical
  geom_units    = angstrom
  ang2au factor = 1.889726126
  debug         = false
  file_prefix   = meta_th45_ph270_qed_ccsd_input
}

SCF Options
{
  charge            = 1
  multiplicity      = 1
  level shift       = 0
  tol_int           = 1e-22
  tol_sch           = 1e-12
  tol_lindep        = 1e-10
  conve             = 1e-07
  convd             = 1e-05
  diis_hist         = 10
  AO_tilesize       = 30
  writem            = 10
  damp              = 100
  n_lindep          = 0
  scf_type          = restricted
  cuscf             = false
  qed_omegas        = [0.06615,]
  qed_lambdas       = [0.1,]
  qed_polvecs       = [[-1.298934084e-16,-0.7071067812,0.7071067812,],]
  direct_df         = false
  restart_size      = 2000
  restart           = false
  debug             = false
}

Number of basis functions = 221

Total number of shells = 105

Total number of electrons = 98
  # of alpha electrons    = 49
  # of beta electons      = 49

Nuclear repulsion energy  = 729.316089071925

# of {all,non-negligible} shell-pairs = {5565,4852}
Number of AO tiles = 105

Time for initial setup: 0.03 secs
HF exch = 1.00

Time for computing 1-e integrals T, V, S: 0.01 secs
Time for computing orthogonalizer: 0.01 secs

Superposition of Atomic Density Guess ...
Time taken for SAD: 0.30 secs
Total Time to compute initial guess: 0.30 secs


 SCF iterations
-----------------------------------------------------------------------------
 Iter     Energy            E-Diff       RMSD        |[F,P]|^2       Time(s)
-----------------------------------------------------------------------------
   1  -3011.7941554562    -3.01e+03     1.74e-02     1.51e+03         0.6 
   2  -3005.8229999937     5.97e+00     7.33e-03     7.40e+00         2.1 
   3  -3006.0092093912    -1.86e-01     3.09e-03     3.69e+00         2.1 
   4  -3006.1155330326    -1.06e-01     1.31e-03     1.16e-01         2.1 
   5  -3006.1226231202    -7.09e-03     2.81e-04     1.02e-02         2.1 
   6  -3006.1232924581    -6.69e-04     2.16e-04     1.94e-03         2.1 
   7  -3006.1235282194    -2.36e-04     9.66e-05     3.93e-04         2.1 
   8  -3006.1235753595    -4.71e-05     3.35e-05     7.27e-05         2.1 
   9  -3006.1235825304    -7.17e-06     1.36e-05     1.21e-05         2.1 
  10  -3006.1235835164    -9.86e-07     5.57e-06     2.07e-06         2.1 
  11  -3006.1235836647    -1.48e-07     2.04e-06     1.67e-07         2.1 
  12  -3006.1235836805    -1.58e-08     6.19e-07     1.17e-08         2.1 

** Total SCF energy = -3006.1235836804840

Nuclear repulsion energy = 729.316089071925035
#electrons        = 98
1e energy kinetic = 3006.1972785178049890
1e energy N-e     = -8612.0511159699453856
1e energy         = -5604.6587505765501191
2e energy         = 1870.2328297105111687
QED energy        = 0.1813349892231531
QED eT energy     = 0.1569457794860298
QED eT energy from matrix = 0.1569457794860250

 Polarizability Matrix (QED energy = 0.5 * lambda.dot(matrix * lambda))
[41.42255379,  1.63764808,  0.87348506]
[ 1.63764808, 43.65761055,  3.51779357]
[ 0.87348506,  3.51779357, 35.91197228]

 Polarizability Matrix (QED eT energy = 0.5 * lambda.dot(matrix * lambda))
[37.84904179,  1.92999459,  1.13952213]
[ 1.92999459, 40.68344112,  4.37424076]
[ 1.13952213,  4.37424076, 30.84335220]


                      Electron        Nuclear        Total  
                  ------------------------------------------
    Monopole         -98.000000     99.000000      1.000000

      Dipole   X      12.710652    -14.838683     -2.128030
      Dipole   Y      29.606197    -28.270782      1.335415
      Dipole   Z     -54.623321     55.943855      1.320534

  Quadrupole  XX   -1416.005758   1365.705628    -50.300129
  Quadrupole  XY    -572.713259    570.890335     -1.822924
  Quadrupole  XZ    -227.614811    225.334157     -2.280654
  Quadrupole  YY    -839.932681    802.815337    -37.117343
  Quadrupole  YZ    -234.853967    236.761736      1.907770
  Quadrupole  ZZ    -180.203998    132.705284    -47.498714

    Octupole XXX   -2551.501492   2427.939453   -123.562039
    Octupole XXY     211.497549   -223.894637    -12.397088
    Octupole XXZ    -924.263955    880.808826    -43.455129
    Octupole XYY    1076.757304  -1106.053059    -29.295756
    Octupole XYZ    -101.760777     88.012858    -13.747919
    Octupole XZZ    -234.541412    221.327169    -13.214243
    Octupole YYY     255.595788   -239.752794     15.842994
    Octupole YYZ    -335.351467    307.703711    -27.647756
    Octupole YZZ    -227.326180    215.798024    -11.528157
    Octupole ZZZ    -299.266423    197.041028   -102.225395

writing orbitals and density to disk ... done.

Total Time taken for Hartree-Fock: 24.58 secs

CD Options
{
  debug             = false
  skip_cd           = [false, 100]
  write_cv          = [false, 5000]
  diagtol           = 1e-06
  itilesize         = 1000
  max_cvecs_factor  = 12
}

- #occupied, #virtual = 98, 344

- Tilesize for the MSO space: 40

-----------------------------------------------------
Begin 2-index transformation ... 

nAO, nMO, nelectrons = 221, 442, 98
n_occ_alpha, n_vir_alpha, n_occ_beta, n_vir_beta = 49,172,49,172

Time taken for Fao->Fmo transform: 0.00 secs

-----------------------------------------------------
Number of AO tiles = 105
# of {all,non-negligible} shell-pairs = {5565,4852}

    Begin Cholesky Decomposition
---------------------------------------------
Total # of mpi ranks used for Cholesky decomposition: 4
  --> Number of nodes, mpi ranks per node: 1, 4
- CPU memory required for computing cholesky vectors: 1.93 GiB

- Time for computing the diagonal: 0.01 secs

- Total number of cholesky vectors = 1643

- Time to compute cholesky vectors: 15.80 secs

- CPU memory required for resizing the ao cholesky tensor: 1.56 GiB
- CPU memory required for ao2mo transformation: 1.70 GiB
- CPU memory required for the 2-step contraction: 2.11 GiB

- Time for ao to mo transform: 1.54 secs

   End Cholesky Decomposition
---------------------------------------------

Total Time taken for Cholesky Decomposition: 19.07 secs

scf_type = restricted
Closed-Shell SCF
QED-HF Enabled
nbf = 203
nbf_orig = 221
n_lindep = 0
focc = 1
nmo = 406
nocc = 62
nvir = 344
n_occ_alpha = 31
n_vir_alpha = 172
n_occ_beta = 31
n_vir_beta = 172
nelectrons = 98
nelectrons_alpha = 49
nelectrons_beta = 49
freeze atomic = true
n_frozen_core = 18
n_frozen_virtual = 0
----------------------------
--------- QED-CCSD --------
lambda_x: -0.0000
lambda_y: -0.0707
lambda_z: 0.0707
omega: 0.066150
coupling_factor_x: -0.000000
coupling_factor_y: -0.012860
coupling_factor_z: 0.012860
----------------------------
# of {all,non-negligible} shell-pairs = {5565,4852}
Number of AO tiles = 105
----------------------------
Electronic dipole expectation value using SCF density: 
dipole_x_elec: 12.71067388
dipole_y_elec: 29.60623070
dipole_z_elec: -54.62334538

d_n/N value: d_n is nuclear dipole moment and N is the total number of electrons 
d_nuc_x: -0.15141513
d_nuc_y: -0.28847737
d_nuc_z: 0.57085566

<d_e+d_n> expectation values: 
dipole_total_x: -2.12800895
dipole_total_y: 1.33544827
dipole_total_z: 1.32050962
----------------------------


 CCSD iterations
------------------------------------------------------------
  Iter     Residuum          Correlation          Time(s)
------------------------------------------------------------
   1     1.1855112784908    0.0000000000000         86.35
   2     0.1679762712984   -1.6790705320668         85.16
   3     0.0699286001348   -1.6207452582070         85.59
   4     0.0216987529254   -1.6937642631512         85.32
   5     0.0175540610546   -1.6828800186600         85.33
 MICROCYCLE DIIS UPDATE:                    6
   6     0.0069213703832   -1.6930224860587         83.70
   7     0.0040617775984   -1.6929719410197         83.79
   8     0.0026703871541   -1.6940931414774         83.76
   9     0.0016282227018   -1.6941901337514         83.92
  10     0.0014012635338   -1.6944914142838         83.70
 MICROCYCLE DIIS UPDATE:                   11
  11     0.0004079955221   -1.6947910245703         84.24
  12     0.0003005871732   -1.6949062550119         84.17
  13     0.0001962705038   -1.6948747210221         84.24
  14     0.0001642357044   -1.6948754848706         84.24
  15     0.0001153768611   -1.6948735239938         83.92
 MICROCYCLE DIIS UPDATE:                   16
  16     0.0000408760207   -1.6948585261813         83.72
  17     0.0000259137656   -1.6948751307689         83.89
  18     0.0000179527428   -1.6948790011618         83.73
  19     0.0000129965716   -1.6948803538144         83.70
  20     0.0000109127835   -1.6948812823186         83.91
 MICROCYCLE DIIS UPDATE:                   21
  21     0.0000047332476   -1.6948825508200         85.22
  22     0.0000032517280   -1.6948832924184         84.00
  23     0.0000022267490   -1.6948829500942         84.12
  24     0.0000017766773   -1.6948828210373         83.84
  25     0.0000013314699   -1.6948827980792         83.76
 MICROCYCLE DIIS UPDATE:                   26
  26     0.0000005370533   -1.6948824364530         84.29
------------------------------------------------------------------
 Iterations converged
 CCSD correlation energy / hartree =        -1.694882436452972
 CCSD total energy / hartree       =     -3007.818466116937088

Time taken for spin-orbital canonical QED-CCSD: 2249.40 secs
