
ExaChem Git Information
{
 WARNING: Failed to retrieve the current git state.
}


TAMM Git Information
{
 Branch: main
 Commit Hash: e71357ad [e71357ad54f38748b4a7e175aa6760820d5ce96f]
 Commit Date: 2026-02-02 23:14:56 -0800
 Commit Message: add GitHub Actions workflow for releases
}


date: Thu Aug  6 07:41:26 2026
program: "/global/cfs/cdirs/m3196/heindelj/cavity_qed/software/install_gpu/bin/bin/ExaChem"
nnodes: 1, nproc_per_node: 4, nproc_total: 4, ngpus_per_node: 1, ngpus_total: 1

Memory information
{
[AMD EPYC 7763 64-Core Processor                ] : 
  CPU memory per node (GiB): 251
  Total CPU memory (GiB): 251
[NVIDIA A100-SXM4-40GB, CUDA v12.9] : 
  GPU memory per device (GiB): 39
  GPU memory per node (GiB): 39
  Total GPU memory (GiB): 39
}

------------------------------------------------------------

Input file provided: /global/cfs/cdirs/m4262/heindelj/cavity_qed/mlip/lambda_scans/grid_scans_optimized_geoms/runs_grid_no_freq/ortho_th36_ph90/ortho_th36_ph90_qed_ccsd_input.json

{
  "geometry": {
    "coordinates": [
      "C    -1.789811225300    1.931594836400    0.732160169900",
      "C    -0.379223723200    1.983600465900    0.722249842300",
      "C     0.287994931900    0.815977700700    0.747347008300",
      "C    -2.518999694700    0.740133798500    0.788763123700",
      "H    -2.333195714100    2.867997417000    0.709483723100",
      "H     0.151869712900    2.923495714500    0.707881968600",
      "H    -3.598389811500    0.763784163500    0.836269510300",
      "N     1.767529374200    0.788035326000    0.785141719100",
      "O     2.247193821800   -0.176289432600    1.326334183900",
      "O     2.331940510200    1.721125170600    0.283963664700",
      "C    -1.842707339000   -0.438723555400    0.746571641000",
      "H    -2.367049180800   -1.384473579700    0.719840263900",
      "C    -0.374771499200   -0.488667318000    0.616586004400",
      "H     0.075099883900   -1.238385960400    1.271643976700",
      "Br   -0.010980955200   -1.024727987700   -1.204508802500"
    ],
    "units": "angstrom",
    "noorient": true
  },
  "common": {
    "maxiter": 100,
    "debug": false
  },
  "basis": {
    "basisset": "6-311G*"
  },
  "SCF": {
    "charge": 1,
    "multiplicity": 1,
    "lshift": 0,
    "tol_lindep": 1e-10,
    "conve": 1e-07,
    "convd": 1e-05,
    "diis_hist": 10,
    "writem": 10,
    "restart": false,
    "noscf": false,
    "scf_type": "restricted",
    "debug": false,
    "qed_omegas": [
      0.06615
    ],
    "qed_volumes": [],
    "qed_lambdas": [
      0.1
    ],
    "qed_polvecs": [
      [
        3.599146639029983e-17,
        0.5877852522924731,
        0.8090169943749475
      ]
    ],
    "direct_df": false
  },
  "CD": {
    "debug": false,
    "diagtol": 1e-06
  },
  "CC": {
    "threshold": 1e-06,
    "ndiis": 5,
    "ccsd_maxiter": 200,
    "tilesize": 40,
    "freeze": {
      "atomic": true
    },
    "readt": false,
    "writet": true,
    "writet_iter": 5,
    "debug": false,
    "profile_ccsd": false,
    "balance_tiles": true
  },
  "TASK": {
    "scf": false,
    "ccsd": true
  }
}

Output folder & files prefix: ortho_th36_ph90_qed_ccsd_input.6-311g*

  C (carbon)
  ----------
          Exponent        Coefficients
      ----------------  --------------------
  1 S  4.56324000E+03      0.778202
  1 S  6.82024000E+02      1.448695
  1 S  1.54973000E+02      2.383089
  1 S  4.44553000E+01      3.200089
  1 S  1.30290000E+01      3.013004
  1 S  1.82773000E+00      0.247599

  2 S  2.09642000E+01      0.800629
  2 S  4.80331000E+00      2.127420
  2 S  1.45933000E+00     -0.002868

  3 P  2.09642000E+01      2.573592
  3 P  4.80331000E+00      2.408248
  3 P  1.45933000E+00      1.865281

  4 S  4.83456000E-01      0.413217

  5 P  4.83456000E-01      0.574627

  6 S  1.45585000E-01      0.167976

  7 P  1.45585000E-01      0.128185

  8 D  6.26000000E-01      0.725128


  H (hydrogen)
  ------------
          Exponent        Coefficients
      ----------------  --------------------
  1 S  3.38650000E+01      0.255069
  1 S  5.09479000E+00      0.460109
  1 S  1.15879000E+00      0.678321

  2 S  3.25840000E-01      0.307371

  3 S  1.02741000E-01      0.129336


  N (nitrogen)
  ------------
          Exponent        Coefficients
      ----------------  --------------------
  1 S  6.29348000E+03      0.991968
  1 S  9.49044000E+02      1.823240
  1 S  2.18776000E+02      2.979891
  1 S  6.36916000E+01      4.000007
  1 S  1.88282000E+01      3.881008
  1 S  2.72023000E+00      0.386764

  2 S  3.06331000E+01      1.038501
  2 S  7.02614000E+00      2.834794
  2 S  2.11205000E+00     -0.003208

  3 P  3.06331000E+01      3.935616
  3 P  7.02614000E+00      3.870994
  3 P  2.11205000E+00      2.967271

  4 S  6.84009000E-01      0.536051

  5 P  6.84009000E-01      0.886681

  6 S  2.00878000E-01      0.213850

  7 P  2.00878000E-01      0.191693

  8 D  9.13000000E-01      1.403568


  O (oxygen)
  ----------
          Exponent        Coefficients
      ----------------  --------------------
  1 S  8.58850000E+03      1.205013
  1 S  1.29723000E+03      2.216205
  1 S  2.99296000E+02      3.627452
  1 S  8.73771000E+01      4.888452
  1 S  2.56789000E+01      4.835721
  1 S  3.74004000E+00      0.538229

  2 S  4.21175000E+01      1.341958
  2 S  9.62837000E+00      3.587114
  2 S  2.85332000E+00     -0.005123

  3 P  4.21175000E+01      5.584018
  3 P  9.62837000E+00      5.733366
  3 P  2.85332000E+00      4.332955

  4 S  9.05661000E-01      0.661659

  5 P  9.05661000E-01      1.259352

  6 S  2.55611000E-01      0.256209

  7 P  2.55611000E-01      0.259068

  8 D  1.29200000E+00      2.577026


  Br (bromine)
  ------------
          Exponent        Coefficients
      ----------------  --------------------
  1 S  4.39700000E+05      9.893706
  1 S  6.60300000E+04     18.450679
  1 S  1.51400000E+04     31.049770
  1 S  4.31700000E+03     48.888138
  1 S  1.41400000E+03     64.847798
  1 S  5.23900000E+02     42.245010

  2 S  5.23900000E+02     14.290679
  2 S  2.07700000E+02     24.083128
  2 S  8.65400000E+01      5.132542

  3 S  3.05200000E+01      9.254405

  4 S  1.29800000E+01      4.873782

  5 S  4.41200000E+00      2.169635

  6 S  1.86200000E+00      1.136043

  7 S  3.93200000E-01      0.353892

  8 S  1.40000000E-01      0.163120

  9 P  2.95700000E+03    691.874478
  9 P  7.00300000E+02    925.332763
  9 P  2.24600000E+02   1068.830732

  10 P  8.25900000E+01    122.079275
  10 P  3.31900000E+01     57.580687
  10 P  1.42000000E+01     10.176170

  11 P  1.42000000E+01      3.129736
  11 P  7.43800000E+00      6.538168
  11 P  3.52600000E+00      4.166276

  12 P  1.59500000E+00      2.555000

  13 P  8.46200000E-01      1.156861

  14 P  3.18600000E-01      0.341191

  15 P  1.09600000E-01      0.089888

  16 D  1.34800000E+02    160.709187
  16 D  3.63900000E+01    119.797406
  16 D  1.21600000E+01     55.531619
  16 D  4.34100000E+00     12.984636

  17 D  1.53500000E+00      3.484168

  18 D  4.51000000E-01      0.408525



Printing Internal Coordinates

------------------------------------------------------------
                Bond Lengths

i      j        Length (Angstroms)     Length (Bohr)
0      1          1.4115806393         2.6675008129
0      3          1.3980340207         2.6419014139
0      4          1.0828807491         2.0463480429
1      2          1.3450477773         2.5417719254
1      5          1.0796618693         2.0402652415
2      7          1.4802808458         2.7973253880
2      12         1.4691686109         2.7763263073
3      6          1.0806938608         2.0422154229
3      10         1.3597264918         2.5695106756
7      8          1.2053586629         2.2777977564
7      9          1.2001650015         2.2679831587
10     11         1.0817079283         2.0441317326
10     12         1.4745257797         2.7864498892
12     13         1.0925032042         2.0645318476
12     14         1.9328970219         3.6526460009

Number of Bonds: 15

------------------------------------------------------------
           Bond Angles

i      j      k      Angle (degrees)
0      1      2        117.6192 
0      1      5        121.5826 
0      3      6        120.2704 
0      3      10       118.5679 
1      0      3        123.5660 
1      0      4        117.9977 
1      2      7        120.8417 
1      2      12       123.0546 
2      1      5        120.7936 
2      7      8        115.1069 
2      7      9        116.4043 
2      12     10       114.2788 
2      12     13       111.7319 
2      12     14       104.1954 
3      0      4        118.4298 
3      10     11       121.1770 
3      10     12       121.8200 
6      3      10       121.1387 
7      2      12       115.8744 
8      7      9        128.4878 
10     12     13       112.3539 
10     12     14       106.2493 
11     10     12       116.7935 
13     12     14       107.2831 

Number of Angles: 24

------------------------------------------------------------
              Torsional Angles

i      j      k      l      Angle (degrees)
3      0      1      2          1.1007 
4      0      1      2       -179.8443 
5      1      0      3       -178.1298 
5      1      0      4          0.9252 
6      3      0      1        177.3788 
6      3      0      4         -1.6724 
10     3      0      1         -4.3493 
10     3      0      4        176.5995 
11     10     3      0       -175.8070 
11     10     3      6          2.4493 

Number of Torsional Angles: 10


----------------------------------------------------------------------
                          Center of Mass

         x               y               z              Unit
   0.04716009419   0.06081309961  -0.01471650642      Angstrom
   0.08911966209    0.1149201031  -0.02781016666          Bohr

----------------------------------------------------------------------
                Moment of Inertia Tensor

           1672.61          -48.7721          -46.8833
          -48.7721           2110.32          -552.415
          -46.8833          -552.415           2383.49

----------------------------------------------------------------------
                      Principal Moments of Inertia

           x                 y                 z                Unit
       450.2468903       487.9692781       788.5600637       amu * ang^2
       1607.860835       1742.569928       2815.999111      amu * bohr^2
  7.4765306120e-38  8.1029260261e-38  1.3094356859e-37          g * cm^2

 - Molecule is an asymmetric top.

----------------------------------------------------------------------

         Rotational constants (MHz)

    A = 1.1224e+03        B = 1.0357e+03        C = 6.4089e+02

----------------------------------------------------------------------

        Rotational constants (cm-1)

    A = 3.7441e-02        B = 3.4547e-02        C = 2.1378e-02

----------------------------------------------------------------------

                                Z-Matrix
C   
C        1       2.6675008
C        2       2.5417719     1       117.61923
C        3      5.30696415     2     61.82921696     1         -0.5179
H        4      4.03915949     3     83.43557129     2          0.3769
H        5      4.69726498     4     96.26678433     3         -0.8028
H        6      8.18172499     5     28.70137157     4         -1.3382
N        7     10.14068152     6     29.69404996     5        178.8496
O        8      2.27779776     7    112.95623223     6        153.0234
O        9      4.09416938     8     25.69639910     7       -178.4246
C       10      8.92515815     9     61.17088987     8         -7.7229
H       11      2.04413173    10    145.67618674     9        -40.6930
C       12      4.13254228    11     37.00454782    10          5.7318
H       13      2.06453185    12     93.76854095    11        136.8351
Br      14      4.69945375    13     47.91533589    12         97.3488

----------------------------------------------------------------------

             Converted back to Cartesian

C        0.000000      0.000000      0.000000
C        0.000000      0.000000      2.667501
C        0.000000      0.091049      0.127360
C        0.000016     -0.198901      5.426398
H       -0.000024      0.124205      1.400182
H        0.000093     -0.388668      6.069364
H       -0.000119      0.575727     -2.055325
N       -0.004840     -0.710476      8.003457
O       -0.003173     -0.344015      5.755331
O       -0.004677     -1.034275      9.790894
C       -0.008758      0.633967      1.023032
H       -0.002689      0.163327      3.012237
C       -0.017673      1.159993     -0.998292
H       -0.009211      0.605069      0.990245
Br      -0.031636      1.934088     -3.517312

----------------------------------------------------------------------
                       Geometry in bohr 

1     C      -3.3822530329    3.6501852270    1.3835822014
2     C      -0.7166289773    3.7484616238    1.3648543964
3     C       0.5442315469    1.5419743792    1.4122811667
4     C      -4.7602195342    1.3986501757    1.4905462820
5     H      -4.4091008978    5.4197296479    1.3407299274
6     H       0.2869921642    5.5246062307    1.3377030501
7     H      -6.7999712380    1.4433428883    1.5803203419
8     N       3.3401464367    1.4891709437    1.4837028191
9     O       4.2465808750   -0.3331387465    2.5064083590
10    O       4.4067289062    3.2524552008    0.5366135560
11    C      -3.4822122009   -0.8290673647    1.4108159349
12    H      -4.4730746783   -2.6162758942    1.3603009532
13    C      -0.7082154933   -0.9234473977    1.1651786814
14    H       0.1419182127   -2.3402103033    2.4030588456
15    Br     -0.0207509979   -1.9364552503   -2.2761917530

 Number of nodes, processes per node used for SCF calculation: 1, 4

Common Options
{
  maxiter       = 100
  basis         = 6-311g* spherical
  geom_units    = angstrom
  ang2au factor = 1.889726126
  debug         = false
  file_prefix   = ortho_th36_ph90_qed_ccsd_input
}

SCF Options
{
  charge            = 1
  multiplicity      = 1
  level shift       = 0
  tol_int           = 1e-22
  tol_sch           = 1e-12
  tol_lindep        = 1e-10
  conve             = 1e-07
  convd             = 1e-05
  diis_hist         = 10
  AO_tilesize       = 30
  writem            = 10
  damp              = 100
  n_lindep          = 0
  scf_type          = restricted
  cuscf             = false
  qed_omegas        = [0.06615,]
  qed_lambdas       = [0.1,]
  qed_polvecs       = [[3.599146639e-17,0.5877852523,0.8090169944,],]
  direct_df         = false
  restart_size      = 2000
  restart           = false
  debug             = false
}

Number of basis functions = 221

Total number of shells = 105

Total number of electrons = 98
  # of alpha electrons    = 49
  # of beta electons      = 49

Nuclear repulsion energy  = 786.699988052847

# of {all,non-negligible} shell-pairs = {5565,5004}
Number of AO tiles = 105

Time for initial setup: 0.03 secs
HF exch = 1.00

Time for computing 1-e integrals T, V, S: 0.01 secs
Time for computing orthogonalizer: 0.01 secs

Superposition of Atomic Density Guess ...
Time taken for SAD: 0.28 secs
Total Time to compute initial guess: 0.29 secs


 SCF iterations
-----------------------------------------------------------------------------
 Iter     Energy            E-Diff       RMSD        |[F,P]|^2       Time(s)
-----------------------------------------------------------------------------
   1  -3011.7908329947    -3.01e+03     1.67e-02     1.51e+03         0.6 
   2  -3005.7916097794     6.00e+00     7.01e-03     7.99e+00         2.2 
   3  -3005.9826736120    -1.91e-01     2.98e-03     4.14e+00         2.2 
   4  -3006.1017375031    -1.19e-01     1.18e-03     1.20e-01         2.2 
   5  -3006.1089273208    -7.19e-03     2.70e-04     9.53e-03         2.2 
   6  -3006.1095178044    -5.90e-04     1.71e-04     1.44e-03         2.2 
   7  -3006.1097064581    -1.89e-04     7.66e-05     3.47e-04         2.2 
   8  -3006.1097474619    -4.10e-05     3.32e-05     9.42e-05         2.2 
   9  -3006.1097574675    -1.00e-05     2.00e-05     1.94e-05         2.3 
  10  -3006.1097604491    -2.98e-06     9.82e-06     4.27e-06         2.2 
  11  -3006.1097611248    -6.76e-07     6.64e-06     1.07e-06         2.3 
  12  -3006.1097613532    -2.28e-07     2.63e-06     2.13e-07         2.3 
  13  -3006.1097613939    -4.07e-08     1.20e-06     3.77e-08         2.3 

** Total SCF energy = -3006.1097613939241

Nuclear repulsion energy = 786.699988052846948
#electrons        = 98
1e energy kinetic = 3006.2032496749975508
1e energy N-e     = -8726.5470736153401958
1e energy         = -5716.9880654605758536
2e energy         = 1927.3441472452400376
QED energy        = 0.1899272483338201
QED eT energy     = 0.1682422639352920
QED eT energy from matrix = 0.1682422639353159

 Polarizability Matrix (QED energy = 0.5 * lambda.dot(matrix * lambda))
[40.71606473, -0.96402374, -0.66503738]
[-0.96402374, 43.46208224, -1.41176398]
[-0.66503738, -1.41176398, 37.14594538]

 Polarizability Matrix (QED eT energy = 0.5 * lambda.dot(matrix * lambda))
[37.01909744, -1.02463668, -0.78220715]
[-1.02463668, 40.24968448, -1.65389521]
[-0.78220715, -1.65389521, 32.56715033]


                      Electron        Nuclear        Total  
                  ------------------------------------------
    Monopole         -98.000000     99.000000      1.000000

      Dipole   X      -5.108971      1.596196     -3.512775
      Dipole   Y     -23.625072     24.954527      1.329455
      Dipole   Z     -11.153857     12.449049      1.295192

  Quadrupole  XX    -789.895000    748.742121    -41.152879
  Quadrupole  XY     -20.383755     14.955183     -5.428572
  Quadrupole  XZ     -17.705187     12.058959     -5.646228
  Quadrupole  YY    -543.107486    506.076500    -37.030986
  Quadrupole  YZ    -254.181157    257.874588      3.693431
  Quadrupole  ZZ    -377.525642    331.064774    -46.460869

    Octupole XXX     -15.442562    -67.576078    -83.018640
    Octupole XXY   -1097.983803   1085.542236    -12.441567
    Octupole XXZ   -1106.614024   1097.792558     -8.821466
    Octupole XYY      98.469001   -135.825641    -37.356640
    Octupole XYZ      95.594245    -96.594373     -1.000129
    Octupole XZZ     -84.041960     88.270848      4.228888
    Octupole YYY   -1011.745785    982.110076    -29.635709
    Octupole YYZ    -155.219754    153.000883     -2.218871
    Octupole YZZ     198.434768   -229.079077    -30.644309
    Octupole ZZZ      66.254754   -143.292389    -77.037635

writing orbitals and density to disk ... done.

Total Time taken for Hartree-Fock: 28.54 secs

CD Options
{
  debug             = false
  skip_cd           = [false, 100]
  write_cv          = [false, 5000]
  diagtol           = 1e-06
  itilesize         = 1000
  max_cvecs_factor  = 12
}

- #occupied, #virtual = 98, 344

- Tilesize for the MSO space: 40

-----------------------------------------------------
Begin 2-index transformation ... 

nAO, nMO, nelectrons = 221, 442, 98
n_occ_alpha, n_vir_alpha, n_occ_beta, n_vir_beta = 49,172,49,172

Time taken for Fao->Fmo transform: 0.00 secs

-----------------------------------------------------
Number of AO tiles = 105
# of {all,non-negligible} shell-pairs = {5565,5004}

    Begin Cholesky Decomposition
---------------------------------------------
Total # of mpi ranks used for Cholesky decomposition: 4
  --> Number of nodes, mpi ranks per node: 1, 4
- CPU memory required for computing cholesky vectors: 1.93 GiB

- Time for computing the diagonal: 0.01 secs

- Total number of cholesky vectors = 1652

- Time to compute cholesky vectors: 15.27 secs

- CPU memory required for resizing the ao cholesky tensor: 1.57 GiB
- CPU memory required for ao2mo transformation: 1.71 GiB
- CPU memory required for the 2-step contraction: 2.12 GiB

- Time for ao to mo transform: 1.57 secs

   End Cholesky Decomposition
---------------------------------------------

Total Time taken for Cholesky Decomposition: 18.73 secs

scf_type = restricted
Closed-Shell SCF
QED-HF Enabled
nbf = 203
nbf_orig = 221
n_lindep = 0
focc = 1
nmo = 406
nocc = 62
nvir = 344
n_occ_alpha = 31
n_vir_alpha = 172
n_occ_beta = 31
n_vir_beta = 172
nelectrons = 98
nelectrons_alpha = 49
nelectrons_beta = 49
freeze atomic = true
n_frozen_core = 18
n_frozen_virtual = 0
----------------------------
--------- QED-CCSD --------
lambda_x: 0.0000
lambda_y: 0.0588
lambda_z: 0.0809
omega: 0.066150
coupling_factor_x: 0.000000
coupling_factor_y: 0.010690
coupling_factor_z: 0.014713
----------------------------
# of {all,non-negligible} shell-pairs = {5565,5004}
Number of AO tiles = 105
----------------------------
Electronic dipole expectation value using SCF density: 
dipole_x_elec: -5.10911483
dipole_y_elec: -23.62509955
dipole_z_elec: -11.15389749

d_n/N value: d_n is nuclear dipole moment and N is the total number of electrons 
d_nuc_x: 0.01628771
d_nuc_y: 0.25463803
d_nuc_z: 0.12703111

<d_e+d_n> expectation values: 
dipole_total_x: -3.51291904
dipole_total_y: 1.32942736
dipole_total_z: 1.29515130
----------------------------


 CCSD iterations
------------------------------------------------------------
  Iter     Residuum          Correlation          Time(s)
------------------------------------------------------------
   1     1.1859580477360    0.0000000000000         87.54
   2     0.1681590158661   -1.6616598402463         85.98
   3     0.0687950125042   -1.6297413389399         85.06
   4     0.0242352154819   -1.7005399297113         85.23
   5     0.0215198090070   -1.6913479929463         85.24
 MICROCYCLE DIIS UPDATE:                    6
   6     0.0081955237588   -1.7018845249858         83.38
   7     0.0055336986204   -1.7014268257444         83.48
   8     0.0036970889183   -1.7030377466244         83.09
   9     0.0030894721249   -1.7031735450443         83.13
  10     0.0033708776396   -1.7035228798635         83.17
 MICROCYCLE DIIS UPDATE:                   11
  11     0.0007298416378   -1.7040002448243         83.97
  12     0.0005335434426   -1.7040542142095         83.36
  13     0.0004205726695   -1.7040558829043         83.33
  14     0.0003694259065   -1.7040354900970         83.43
  15     0.0003155614944   -1.7040558446733         83.51
 MICROCYCLE DIIS UPDATE:                   16
  16     0.0001116571955   -1.7040279612221         84.24
  17     0.0000784177950   -1.7040620192652         84.33
  18     0.0000665345744   -1.7040675522457         84.09
  19     0.0000586127400   -1.7040754414497         84.08
  20     0.0000614306146   -1.7040738097187         84.16
 MICROCYCLE DIIS UPDATE:                   21
  21     0.0000192702416   -1.7040811289865         83.65
  22     0.0000132114285   -1.7040815288950         83.96
  23     0.0000106861627   -1.7040806878404         84.30
  24     0.0000087430198   -1.7040797515126         84.14
  25     0.0000080249428   -1.7040799941040         84.04
 MICROCYCLE DIIS UPDATE:                   26
  26     0.0000035427188   -1.7040781041833         83.63
  27     0.0000022604599   -1.7040796057578         83.91
  28     0.0000019683679   -1.7040797105413         84.23
  29     0.0000016674716   -1.7040799999628         83.87
  30     0.0000017455381   -1.7040799613622         83.84
 MICROCYCLE DIIS UPDATE:                   31
  31     0.0000006138910   -1.7040801955390         84.03
------------------------------------------------------------------
 Iterations converged
 CCSD correlation energy / hartree =        -1.704080195538998
 CCSD total energy / hartree       =     -3007.813841589463209

Time taken for spin-orbital canonical QED-CCSD: 2672.35 secs
