
ExaChem Git Information
{
 WARNING: Failed to retrieve the current git state.
}


TAMM Git Information
{
 Branch: main
 Commit Hash: e71357ad [e71357ad54f38748b4a7e175aa6760820d5ce96f]
 Commit Date: 2026-02-02 23:14:56 -0800
 Commit Message: add GitHub Actions workflow for releases
}


date: Fri Aug  7 08:17:17 2026
program: "/global/cfs/cdirs/m3196/heindelj/cavity_qed/software/install_gpu/bin/bin/ExaChem"
nnodes: 1, nproc_per_node: 4, nproc_total: 4, ngpus_per_node: 1, ngpus_total: 1

Memory information
{
[AMD EPYC 7763 64-Core Processor                ] : 
  CPU memory per node (GiB): 251
  Total CPU memory (GiB): 251
[NVIDIA A100-SXM4-40GB, CUDA v12.9] : 
  GPU memory per device (GiB): 39
  GPU memory per node (GiB): 39
  Total GPU memory (GiB): 39
}

------------------------------------------------------------

Input file provided: /global/cfs/cdirs/m4262/heindelj/cavity_qed/mlip/lambda_scans/grid_scans_optimized_geoms/runs_grid_no_freq/meta_th36_ph90/meta_th36_ph90_qed_ccsd_input.json

{
  "geometry": {
    "coordinates": [
      "C    -0.926085555200    1.991727279900    0.797980891200",
      "C     0.461101902100    1.927704111100    0.646246215300",
      "C     1.151458756200    0.705729662700    0.680052761600",
      "C     0.496246736700   -0.469032798100    0.741616992200",
      "C    -1.632182010300    0.831833361900    0.870870288400",
      "H    -1.421464647600    2.948464684600    0.843239047200",
      "H     1.046112833500    2.831156605900    0.517645981400",
      "H     1.038237030900   -1.405756480000    0.755711691300",
      "H    -2.712436997400    0.836879884200    0.956114667800",
      "N     2.632176790400    0.731442490400    0.630089527800",
      "O     3.195416490400   -0.231920185900    1.074989391800",
      "O     3.121222534900    1.717446446600    0.142761059000",
      "C    -0.977618547900   -0.475747621300    0.679301909000",
      "H    -1.409085563100   -1.262821625700    1.297243362000",
      "Br   -1.454933025400   -0.875506843000   -1.162406102300"
    ],
    "units": "angstrom",
    "noorient": true
  },
  "common": {
    "maxiter": 100,
    "debug": false
  },
  "basis": {
    "basisset": "6-311G*"
  },
  "SCF": {
    "charge": 1,
    "multiplicity": 1,
    "lshift": 0,
    "tol_lindep": 1e-10,
    "conve": 1e-07,
    "convd": 1e-05,
    "diis_hist": 10,
    "writem": 10,
    "restart": false,
    "noscf": false,
    "scf_type": "restricted",
    "debug": false,
    "qed_omegas": [
      0.06615
    ],
    "qed_volumes": [],
    "qed_lambdas": [
      0.1
    ],
    "qed_polvecs": [
      [
        3.599146639029983e-17,
        0.5877852522924731,
        0.8090169943749475
      ]
    ],
    "direct_df": false
  },
  "CD": {
    "debug": false,
    "diagtol": 1e-06
  },
  "CC": {
    "threshold": 1e-06,
    "ndiis": 5,
    "ccsd_maxiter": 200,
    "tilesize": 40,
    "freeze": {
      "atomic": true
    },
    "readt": false,
    "writet": true,
    "writet_iter": 5,
    "debug": false,
    "profile_ccsd": false,
    "balance_tiles": true
  },
  "TASK": {
    "scf": false,
    "ccsd": true
  }
}

Output folder & files prefix: meta_th36_ph90_qed_ccsd_input.6-311g*

  C (carbon)
  ----------
          Exponent        Coefficients
      ----------------  --------------------
  1 S  4.56324000E+03      0.778202
  1 S  6.82024000E+02      1.448695
  1 S  1.54973000E+02      2.383089
  1 S  4.44553000E+01      3.200089
  1 S  1.30290000E+01      3.013004
  1 S  1.82773000E+00      0.247599

  2 S  2.09642000E+01      0.800629
  2 S  4.80331000E+00      2.127420
  2 S  1.45933000E+00     -0.002868

  3 P  2.09642000E+01      2.573592
  3 P  4.80331000E+00      2.408248
  3 P  1.45933000E+00      1.865281

  4 S  4.83456000E-01      0.413217

  5 P  4.83456000E-01      0.574627

  6 S  1.45585000E-01      0.167976

  7 P  1.45585000E-01      0.128185

  8 D  6.26000000E-01      0.725128


  H (hydrogen)
  ------------
          Exponent        Coefficients
      ----------------  --------------------
  1 S  3.38650000E+01      0.255069
  1 S  5.09479000E+00      0.460109
  1 S  1.15879000E+00      0.678321

  2 S  3.25840000E-01      0.307371

  3 S  1.02741000E-01      0.129336


  N (nitrogen)
  ------------
          Exponent        Coefficients
      ----------------  --------------------
  1 S  6.29348000E+03      0.991968
  1 S  9.49044000E+02      1.823240
  1 S  2.18776000E+02      2.979891
  1 S  6.36916000E+01      4.000007
  1 S  1.88282000E+01      3.881008
  1 S  2.72023000E+00      0.386764

  2 S  3.06331000E+01      1.038501
  2 S  7.02614000E+00      2.834794
  2 S  2.11205000E+00     -0.003208

  3 P  3.06331000E+01      3.935616
  3 P  7.02614000E+00      3.870994
  3 P  2.11205000E+00      2.967271

  4 S  6.84009000E-01      0.536051

  5 P  6.84009000E-01      0.886681

  6 S  2.00878000E-01      0.213850

  7 P  2.00878000E-01      0.191693

  8 D  9.13000000E-01      1.403568


  O (oxygen)
  ----------
          Exponent        Coefficients
      ----------------  --------------------
  1 S  8.58850000E+03      1.205013
  1 S  1.29723000E+03      2.216205
  1 S  2.99296000E+02      3.627452
  1 S  8.73771000E+01      4.888452
  1 S  2.56789000E+01      4.835721
  1 S  3.74004000E+00      0.538229

  2 S  4.21175000E+01      1.341958
  2 S  9.62837000E+00      3.587114
  2 S  2.85332000E+00     -0.005123

  3 P  4.21175000E+01      5.584018
  3 P  9.62837000E+00      5.733366
  3 P  2.85332000E+00      4.332955

  4 S  9.05661000E-01      0.661659

  5 P  9.05661000E-01      1.259352

  6 S  2.55611000E-01      0.256209

  7 P  2.55611000E-01      0.259068

  8 D  1.29200000E+00      2.577026


  Br (bromine)
  ------------
          Exponent        Coefficients
      ----------------  --------------------
  1 S  4.39700000E+05      9.893706
  1 S  6.60300000E+04     18.450679
  1 S  1.51400000E+04     31.049770
  1 S  4.31700000E+03     48.888138
  1 S  1.41400000E+03     64.847798
  1 S  5.23900000E+02     42.245010

  2 S  5.23900000E+02     14.290679
  2 S  2.07700000E+02     24.083128
  2 S  8.65400000E+01      5.132542

  3 S  3.05200000E+01      9.254405

  4 S  1.29800000E+01      4.873782

  5 S  4.41200000E+00      2.169635

  6 S  1.86200000E+00      1.136043

  7 S  3.93200000E-01      0.353892

  8 S  1.40000000E-01      0.163120

  9 P  2.95700000E+03    691.874478
  9 P  7.00300000E+02    925.332763
  9 P  2.24600000E+02   1068.830732

  10 P  8.25900000E+01    122.079275
  10 P  3.31900000E+01     57.580687
  10 P  1.42000000E+01     10.176170

  11 P  1.42000000E+01      3.129736
  11 P  7.43800000E+00      6.538168
  11 P  3.52600000E+00      4.166276

  12 P  1.59500000E+00      2.555000

  13 P  8.46200000E-01      1.156861

  14 P  3.18600000E-01      0.341191

  15 P  1.09600000E-01      0.089888

  16 D  1.34800000E+02    160.709187
  16 D  3.63900000E+01    119.797406
  16 D  1.21600000E+01     55.531619
  16 D  4.34100000E+00     12.984636

  17 D  1.53500000E+00      3.484168

  18 D  4.51000000E-01      0.408525



Printing Internal Coordinates

------------------------------------------------------------
                Bond Lengths

i      j        Length (Angstroms)     Length (Bohr)
0      1          1.3969292823         2.6398137608
0      4          1.3598672616         2.5697766920
0      5          1.0783298231         2.0377480391
1      2          1.4039077680         2.6530011876
1      6          1.0839751936         2.0484162432
2      3          1.3465362172         2.5445846692
2      9          1.4817838476         2.8001656498
3      7          1.0823139082         2.0452768687
3      12         1.4751973209         2.7877189182
4      8          1.0836248930         2.0477542710
4      12         1.4747609291         2.7868942571
9      10         1.2013502798         2.2702230101
9      11         1.2036854150         2.2746357762
12     13         1.0897251548         2.0592820950
12     14         1.9441000346         3.6738166268

Number of Bonds: 15

------------------------------------------------------------
           Bond Angles

i      j      k      Angle (degrees)
0      1      2        121.7077 
0      1      6        120.7048 
0      4      8        121.1894 
0      4      12       121.2539 
1      0      4        118.8389 
1      0      5        120.0936 
1      2      3        121.4127 
1      2      9        118.3900 
2      1      6        117.5759 
2      3      7        120.7972 
2      3      12       119.2218 
2      9      10       116.2379 
2      9      11       115.7130 
3      2      9        120.1935 
3      12     4        115.7166 
3      12     13       112.0192 
3      12     14       106.6336 
4      0      5        121.0632 
4      12     13       113.0164 
4      12     14       101.3266 
7      3      12       119.7970 
8      4      12       117.1815 
10     9      11       128.0486 
13     12     14       106.9458 

Number of Angles: 24

------------------------------------------------------------
              Torsional Angles

i      j      k      l      Angle (degrees)
3      2      1      0          5.9700 
4      0      1      2         -5.4282 
5      0      1      2        175.3246 
6      1      0      4        175.8407 
6      1      0      5         -3.4065 
6      1      2      3       -175.2609 
7      3      2      1        179.2896 
8      4      0      1       -177.9871 
8      4      0      5          1.2525 

Number of Torsional Angles: 9


----------------------------------------------------------------------
                          Center of Mass

         x               y               z              Unit
   0.00497085497    0.1091963651  -0.03546442461      Angstrom
  0.009393554505     0.206351224  -0.06701804972          Bohr

----------------------------------------------------------------------
                Moment of Inertia Tensor

           1510.78           -657.47          -712.977
           -657.47           3034.79          -467.785
          -712.977          -467.785           3290.58

----------------------------------------------------------------------
                      Principal Moments of Inertia

           x                 y                 z                Unit
       270.7685634       895.7751219       1027.802262       amu * ang^2
       966.9320941       3198.871034       3670.348512      amu * bohr^2
  4.4962208442e-38  1.4874706001e-37  1.7067069744e-37          g * cm^2

 - Molecule is an asymmetric top.

----------------------------------------------------------------------

         Rotational constants (MHz)

    A = 1.8665e+03        B = 5.6418e+02        C = 4.9171e+02

----------------------------------------------------------------------

        Rotational constants (cm-1)

    A = 6.2258e-02        B = 1.8819e-02        C = 1.6402e-02

----------------------------------------------------------------------

                                Z-Matrix
C   
C        1       2.6398138
C        2       2.6530012     1       121.70774
C        3      2.54458467     2    121.41270145     1          5.9700
C        4      4.72021968     3     87.85855976     2         -3.0864
H        5      4.01996471     4    115.66537568     3         -0.4830
H        6      4.70868435     5     93.03516438     4          3.8300
H        7      8.01924821     6     92.16837738     5         -3.1813
H        8      8.26679801     7     59.49058624     6          2.6940
N        9     10.12059159     8     29.71521082     7         -2.8496
O       10      2.27022301     9    117.45948652     8        -25.9147
O       11      4.08573677    10     26.00281283     9       -177.6497
C       12      8.84312570    11     63.77210408    10         -7.8717
H       13      2.05928210    12    138.61890807    11         21.8193
Br      14      4.70613527    13     48.30957049    12       -131.8014

----------------------------------------------------------------------

             Converted back to Cartesian

C        0.000000      0.000000      0.000000
C        0.000000      0.000000      2.639814
C        0.000000      0.098336     -0.011364
C       -0.000171     -0.089941      2.526245
C        0.000494      0.385155     -2.170004
H       -0.000441     -0.160097      1.812811
H        0.000846      0.610507     -2.832388
H       -0.001448     -0.923458      5.038780
H        0.000861      0.804635     -3.045380
N       -0.001852     -1.400473      6.832063
O       -0.000704     -0.826887      4.635495
O       -0.001234     -1.890419      8.580383
C       -0.007829      0.576731      0.088387
H       -0.002955     -0.080693      2.039903
Br      -0.013970      1.487201     -2.397360

----------------------------------------------------------------------
                       Geometry in bohr 

1     C      -1.7500480685    3.7638190765    1.5079653381
2     C       0.8713563111    3.6428328218    1.2212283568
3     C       2.1759416945    1.3336357814    1.2851134706
4     C       0.9377704232   -0.8863435325    1.4014530056
5     C      -3.0843769871    1.5719372364    1.6457063363
6     H      -2.6861788816    5.5717907458    1.5934908579
7     H       1.9768667521    5.3501106047    0.9782091350
8     H       1.9619836422   -2.6564947469    1.4280881267
9     H      -5.1257630589    1.5814737814    1.8067948671
10    N       4.9740932488    1.3822259837    1.1906966423
11    O       6.0384620251   -0.4382656344    2.0314355388
12    O       5.8982557690    3.2455034200    0.2697793030
13    C      -1.8474313111   -0.8990327093    1.2836945648
14    H      -2.6627858022   -2.3863870184    2.4514346728
15    Br     -2.7494249495   -1.6544681546   -2.1966291804

 Number of nodes, processes per node used for SCF calculation: 1, 4

Common Options
{
  maxiter       = 100
  basis         = 6-311g* spherical
  geom_units    = angstrom
  ang2au factor = 1.889726126
  debug         = false
  file_prefix   = meta_th36_ph90_qed_ccsd_input
}

SCF Options
{
  charge            = 1
  multiplicity      = 1
  level shift       = 0
  tol_int           = 1e-22
  tol_sch           = 1e-12
  tol_lindep        = 1e-10
  conve             = 1e-07
  convd             = 1e-05
  diis_hist         = 10
  AO_tilesize       = 30
  writem            = 10
  damp              = 100
  n_lindep          = 0
  scf_type          = restricted
  cuscf             = false
  qed_omegas        = [0.06615,]
  qed_lambdas       = [0.1,]
  qed_polvecs       = [[3.599146639e-17,0.5877852523,0.8090169944,],]
  direct_df         = false
  restart_size      = 2000
  restart           = false
  debug             = false
}

Number of basis functions = 221

Total number of shells = 105

Total number of electrons = 98
  # of alpha electrons    = 49
  # of beta electons      = 49

Nuclear repulsion energy  = 753.891422335691

# of {all,non-negligible} shell-pairs = {5565,4925}
Number of AO tiles = 105

Time for initial setup: 0.05 secs
HF exch = 1.00

Time for computing 1-e integrals T, V, S: 0.01 secs
Time for computing orthogonalizer: 0.01 secs

Superposition of Atomic Density Guess ...
Time taken for SAD: 0.32 secs
Total Time to compute initial guess: 0.32 secs


 SCF iterations
-----------------------------------------------------------------------------
 Iter     Energy            E-Diff       RMSD        |[F,P]|^2       Time(s)
-----------------------------------------------------------------------------
   1  -3011.7859643335    -3.01e+03     1.67e-02     1.51e+03         0.6 
   2  -3005.8137557524     5.97e+00     6.72e-03     7.47e+00         2.2 
   3  -3006.0094784898    -1.96e-01     2.62e-03     3.52e+00         2.1 
   4  -3006.1097868957    -1.00e-01     1.18e-03     1.19e-01         2.2 
   5  -3006.1167707016    -6.98e-03     2.45e-04     8.86e-03         2.1 
   6  -3006.1173121492    -5.41e-04     1.52e-04     1.53e-03         2.1 
   7  -3006.1174652983    -1.53e-04     6.07e-05     3.33e-04         2.2 
   8  -3006.1174969875    -3.17e-05     2.73e-05     7.24e-05         2.2 
   9  -3006.1175037055    -6.72e-06     1.33e-05     1.07e-05         2.2 
  10  -3006.1175049197    -1.21e-06     5.86e-06     1.82e-06         2.2 
  11  -3006.1175051426    -2.23e-07     3.41e-06     3.34e-07         2.2 
  12  -3006.1175052011    -5.85e-08     1.59e-06     6.44e-08         2.2 

** Total SCF energy = -3006.1175052010963

Nuclear repulsion energy = 753.891422335691004
#electrons        = 98
1e energy kinetic = 3006.2098703045767252
1e energy N-e     = -8660.9100226741556980
1e energy         = -5651.7064125721954042
2e energy         = 1894.5028939681051270
QED energy        = 0.1883308646855508
QED eT energy     = 0.1661484195123895
QED eT energy from matrix = 0.1661484195123778

 Polarizability Matrix (QED energy = 0.5 * lambda.dot(matrix * lambda))
[40.93530584,  1.12984021,  0.38278613]
[ 1.12984021, 42.87584475, -1.46236104]
[ 0.38278613, -1.46236104, 37.04110947]

 Polarizability Matrix (QED eT energy = 0.5 * lambda.dot(matrix * lambda))
[37.18497351,  1.22420589,  0.43170115]
[ 1.22420589, 39.57466329, -1.73912151]
[ 0.43170115, -1.73912151, 32.40748889]


                      Electron        Nuclear        Total  
                  ------------------------------------------
    Monopole         -98.000000     99.000000      1.000000

      Dipole   X     -13.578004     11.365917     -2.212087
      Dipole   Y     -31.671200     32.848684      1.177485
      Dipole   Z      -6.763643      8.191558      1.427915

  Quadrupole  XX   -1240.689730   1190.299109    -50.390621
  Quadrupole  XY    -302.956219    300.776319     -2.179900
  Quadrupole  XZ    -321.703541    318.899036     -2.804505
  Quadrupole  YY    -507.823001    469.582472    -38.240529
  Quadrupole  YZ    -214.939643    218.101418      3.161774
  Quadrupole  ZZ    -343.411086    297.634271    -45.776816

    Octupole XXX   -3354.370980   3204.083874   -150.287106
    Octupole XXY    -873.858735    842.886260    -30.972474
    Octupole XXZ    -593.075347    575.774872    -17.300476
    Octupole XYY    -192.751068    162.055063    -30.696006
    Octupole XYZ     370.958081   -370.162071      0.796010
    Octupole XZZ     267.229968   -297.692585    -30.462617
    Octupole YYY   -1113.047056   1069.491587    -43.555470
    Octupole YYZ    -214.129454    213.714046     -0.415409
    Octupole YZZ     136.612988   -170.223467    -33.610479
    Octupole ZZZ      96.063371   -163.218095    -67.154723

writing orbitals and density to disk ... done.

Total Time taken for Hartree-Fock: 25.66 secs

CD Options
{
  debug             = false
  skip_cd           = [false, 100]
  write_cv          = [false, 5000]
  diagtol           = 1e-06
  itilesize         = 1000
  max_cvecs_factor  = 12
}

- #occupied, #virtual = 98, 344

- Tilesize for the MSO space: 40

-----------------------------------------------------
Begin 2-index transformation ... 

nAO, nMO, nelectrons = 221, 442, 98
n_occ_alpha, n_vir_alpha, n_occ_beta, n_vir_beta = 49,172,49,172

Time taken for Fao->Fmo transform: 0.00 secs

-----------------------------------------------------
Number of AO tiles = 105
# of {all,non-negligible} shell-pairs = {5565,4925}

    Begin Cholesky Decomposition
---------------------------------------------
Total # of mpi ranks used for Cholesky decomposition: 4
  --> Number of nodes, mpi ranks per node: 1, 4
- CPU memory required for computing cholesky vectors: 1.93 GiB

- Time for computing the diagonal: 0.01 secs

- Total number of cholesky vectors = 1647

- Time to compute cholesky vectors: 15.79 secs

- CPU memory required for resizing the ao cholesky tensor: 1.56 GiB
- CPU memory required for ao2mo transformation: 1.70 GiB
- CPU memory required for the 2-step contraction: 2.11 GiB

- Time for ao to mo transform: 1.52 secs

   End Cholesky Decomposition
---------------------------------------------

Total Time taken for Cholesky Decomposition: 19.33 secs

scf_type = restricted
Closed-Shell SCF
QED-HF Enabled
nbf = 203
nbf_orig = 221
n_lindep = 0
focc = 1
nmo = 406
nocc = 62
nvir = 344
n_occ_alpha = 31
n_vir_alpha = 172
n_occ_beta = 31
n_vir_beta = 172
nelectrons = 98
nelectrons_alpha = 49
nelectrons_beta = 49
freeze atomic = true
n_frozen_core = 18
n_frozen_virtual = 0
----------------------------
--------- QED-CCSD --------
lambda_x: 0.0000
lambda_y: 0.0588
lambda_z: 0.0809
omega: 0.066150
coupling_factor_x: 0.000000
coupling_factor_y: 0.010690
coupling_factor_z: 0.014713
----------------------------
# of {all,non-negligible} shell-pairs = {5565,4925}
Number of AO tiles = 105
----------------------------
Electronic dipole expectation value using SCF density: 
dipole_x_elec: -13.57780481
dipole_y_elec: -31.67113580
dipole_z_elec: -6.76354802

d_n/N value: d_n is nuclear dipole moment and N is the total number of electrons 
d_nuc_x: 0.11597874
d_nuc_y: 0.33519065
d_nuc_z: 0.08358733

<d_e+d_n> expectation values: 
dipole_total_x: -2.21188793
dipole_total_y: 1.17754838
dipole_total_z: 1.42800999
----------------------------


 CCSD iterations
------------------------------------------------------------
  Iter     Residuum          Correlation          Time(s)
------------------------------------------------------------
   1     1.1851474172192    0.0000000000000         85.71
   2     0.1677804190192   -1.6564030470578         84.02
   3     0.0699132214299   -1.6228563359427         84.08
   4     0.0243705769595   -1.6939794150790         84.00
   5     0.0220831931831   -1.6845584934257         84.44
 MICROCYCLE DIIS UPDATE:                    6
   6     0.0082836318866   -1.6952210918692         83.06
   7     0.0057971579315   -1.6948370493731         82.62
   8     0.0036515215966   -1.6965460314384         83.35
   9     0.0029499951340   -1.6966821479298         83.95
  10     0.0030185361046   -1.6970933657535         83.82
 MICROCYCLE DIIS UPDATE:                   11
  11     0.0006440560223   -1.6976053425703         84.41
  12     0.0004418401013   -1.6976781264349         84.39
  13     0.0003319606733   -1.6976732114071         84.16
  14     0.0002894014586   -1.6976597109412         84.06
  15     0.0002329695948   -1.6976737807359         83.92
 MICROCYCLE DIIS UPDATE:                   16
  16     0.0000948380565   -1.6976522844115         84.10
  17     0.0000608232649   -1.6976805156003         83.88
  18     0.0000562616464   -1.6976857033914         84.18
  19     0.0000427488991   -1.6976912837328         84.16
  20     0.0000474307547   -1.6976906795563         83.91
 MICROCYCLE DIIS UPDATE:                   21
  21     0.0000161411052   -1.6976961241762         84.03
  22     0.0000103806552   -1.6976968732223         84.58
  23     0.0000082336332   -1.6976959880352         84.47
  24     0.0000064474517   -1.6976953974520         84.60
  25     0.0000059640991   -1.6976954703200         84.85
 MICROCYCLE DIIS UPDATE:                   26
  26     0.0000028395850   -1.6976940699899         84.26
  27     0.0000017113523   -1.6976952772819         84.06
  28     0.0000015934415   -1.6976953575339         84.50
  29     0.0000012282977   -1.6976955709149         84.47
  30     0.0000013460931   -1.6976955426486         84.47
 MICROCYCLE DIIS UPDATE:                   31
  31     0.0000004850918   -1.6976957190647         84.51
------------------------------------------------------------------
 Iterations converged
 CCSD correlation energy / hartree =        -1.697695719064736
 CCSD total energy / hartree       =     -3007.815200920160805

Time taken for spin-orbital canonical QED-CCSD: 2683.71 secs
