
ExaChem Git Information
{
 WARNING: Failed to retrieve the current git state.
}


TAMM Git Information
{
 Branch: main
 Commit Hash: e71357ad [e71357ad54f38748b4a7e175aa6760820d5ce96f]
 Commit Date: 2026-02-02 23:14:56 -0800
 Commit Message: add GitHub Actions workflow for releases
}


date: Thu Aug  6 18:44:48 2026
program: "/global/cfs/cdirs/m3196/heindelj/cavity_qed/software/install_gpu/bin/bin/ExaChem"
nnodes: 1, nproc_per_node: 4, nproc_total: 4, ngpus_per_node: 1, ngpus_total: 1

Memory information
{
[AMD EPYC 7763 64-Core Processor                ] : 
  CPU memory per node (GiB): 251
  Total CPU memory (GiB): 251
[NVIDIA A100-SXM4-40GB, CUDA v12.9] : 
  GPU memory per device (GiB): 39
  GPU memory per node (GiB): 39
  Total GPU memory (GiB): 39
}

------------------------------------------------------------

Input file provided: /global/cfs/cdirs/m4262/heindelj/cavity_qed/mlip/lambda_scans/grid_scans_optimized_geoms/runs_grid_no_freq/para_th63_ph216/para_th63_ph216_qed_ccsd_input.json

{
  "geometry": {
    "coordinates": [
      "C    -0.462574263100    1.249338085400    0.429729560700",
      "C     0.888546482100    1.243402827500    0.587692148700",
      "C     1.524465693900    0.013486609600    0.724564260500",
      "H    -1.010097929900    2.175427458700    0.303005805300",
      "H     1.468058196600    2.150229183100    0.588423234000",
      "N     3.003560279500    0.025615528300    0.882116746800",
      "O     3.588123934500   -0.924936415100    0.438559742900",
      "O     3.441847743400    0.980022624900    1.463812669100",
      "C    -0.449548529500   -1.238226691300    0.586949531500",
      "H    -0.995114334700   -2.168685848300    0.578389323600",
      "C     0.898582897800   -1.233376496500    0.714427962100",
      "H     1.487841880200   -2.137297524300    0.766530037300",
      "C    -1.226083144300    0.006502891900    0.557207500600",
      "H    -1.603277330300    0.086398788600    1.593979940000",
      "Br   -2.788412260100   -0.080380543300   -0.549948762900"
    ],
    "units": "angstrom",
    "noorient": true
  },
  "common": {
    "maxiter": 100,
    "debug": false
  },
  "basis": {
    "basisset": "6-311G*"
  },
  "SCF": {
    "charge": 1,
    "multiplicity": 1,
    "lshift": 0,
    "tol_lindep": 1e-10,
    "conve": 1e-07,
    "convd": 1e-05,
    "diis_hist": 10,
    "writem": 10,
    "restart": false,
    "noscf": false,
    "scf_type": "restricted",
    "debug": false,
    "qed_omegas": [
      0.06615
    ],
    "qed_volumes": [],
    "qed_lambdas": [
      0.1
    ],
    "qed_polvecs": [
      [
        -0.7208394201673424,
        -0.5237204946142993,
        0.4539904997395468
      ]
    ],
    "direct_df": false
  },
  "CD": {
    "debug": false,
    "diagtol": 1e-06
  },
  "CC": {
    "threshold": 1e-06,
    "ndiis": 5,
    "ccsd_maxiter": 200,
    "tilesize": 40,
    "freeze": {
      "atomic": true
    },
    "readt": false,
    "writet": true,
    "writet_iter": 5,
    "debug": false,
    "profile_ccsd": false,
    "balance_tiles": true
  },
  "TASK": {
    "scf": false,
    "ccsd": true
  }
}

Output folder & files prefix: para_th63_ph216_qed_ccsd_input.6-311g*

  C (carbon)
  ----------
          Exponent        Coefficients
      ----------------  --------------------
  1 S  4.56324000E+03      0.778202
  1 S  6.82024000E+02      1.448695
  1 S  1.54973000E+02      2.383089
  1 S  4.44553000E+01      3.200089
  1 S  1.30290000E+01      3.013004
  1 S  1.82773000E+00      0.247599

  2 S  2.09642000E+01      0.800629
  2 S  4.80331000E+00      2.127420
  2 S  1.45933000E+00     -0.002868

  3 P  2.09642000E+01      2.573592
  3 P  4.80331000E+00      2.408248
  3 P  1.45933000E+00      1.865281

  4 S  4.83456000E-01      0.413217

  5 P  4.83456000E-01      0.574627

  6 S  1.45585000E-01      0.167976

  7 P  1.45585000E-01      0.128185

  8 D  6.26000000E-01      0.725128


  H (hydrogen)
  ------------
          Exponent        Coefficients
      ----------------  --------------------
  1 S  3.38650000E+01      0.255069
  1 S  5.09479000E+00      0.460109
  1 S  1.15879000E+00      0.678321

  2 S  3.25840000E-01      0.307371

  3 S  1.02741000E-01      0.129336


  N (nitrogen)
  ------------
          Exponent        Coefficients
      ----------------  --------------------
  1 S  6.29348000E+03      0.991968
  1 S  9.49044000E+02      1.823240
  1 S  2.18776000E+02      2.979891
  1 S  6.36916000E+01      4.000007
  1 S  1.88282000E+01      3.881008
  1 S  2.72023000E+00      0.386764

  2 S  3.06331000E+01      1.038501
  2 S  7.02614000E+00      2.834794
  2 S  2.11205000E+00     -0.003208

  3 P  3.06331000E+01      3.935616
  3 P  7.02614000E+00      3.870994
  3 P  2.11205000E+00      2.967271

  4 S  6.84009000E-01      0.536051

  5 P  6.84009000E-01      0.886681

  6 S  2.00878000E-01      0.213850

  7 P  2.00878000E-01      0.191693

  8 D  9.13000000E-01      1.403568


  O (oxygen)
  ----------
          Exponent        Coefficients
      ----------------  --------------------
  1 S  8.58850000E+03      1.205013
  1 S  1.29723000E+03      2.216205
  1 S  2.99296000E+02      3.627452
  1 S  8.73771000E+01      4.888452
  1 S  2.56789000E+01      4.835721
  1 S  3.74004000E+00      0.538229

  2 S  4.21175000E+01      1.341958
  2 S  9.62837000E+00      3.587114
  2 S  2.85332000E+00     -0.005123

  3 P  4.21175000E+01      5.584018
  3 P  9.62837000E+00      5.733366
  3 P  2.85332000E+00      4.332955

  4 S  9.05661000E-01      0.661659

  5 P  9.05661000E-01      1.259352

  6 S  2.55611000E-01      0.256209

  7 P  2.55611000E-01      0.259068

  8 D  1.29200000E+00      2.577026


  Br (bromine)
  ------------
          Exponent        Coefficients
      ----------------  --------------------
  1 S  4.39700000E+05      9.893706
  1 S  6.60300000E+04     18.450679
  1 S  1.51400000E+04     31.049770
  1 S  4.31700000E+03     48.888138
  1 S  1.41400000E+03     64.847798
  1 S  5.23900000E+02     42.245010

  2 S  5.23900000E+02     14.290679
  2 S  2.07700000E+02     24.083128
  2 S  8.65400000E+01      5.132542

  3 S  3.05200000E+01      9.254405

  4 S  1.29800000E+01      4.873782

  5 S  4.41200000E+00      2.169635

  6 S  1.86200000E+00      1.136043

  7 S  3.93200000E-01      0.353892

  8 S  1.40000000E-01      0.163120

  9 P  2.95700000E+03    691.874478
  9 P  7.00300000E+02    925.332763
  9 P  2.24600000E+02   1068.830732

  10 P  8.25900000E+01    122.079275
  10 P  3.31900000E+01     57.580687
  10 P  1.42000000E+01     10.176170

  11 P  1.42000000E+01      3.129736
  11 P  7.43800000E+00      6.538168
  11 P  3.52600000E+00      4.166276

  12 P  1.59500000E+00      2.555000

  13 P  8.46200000E-01      1.156861

  14 P  3.18600000E-01      0.341191

  15 P  1.09600000E-01      0.089888

  16 D  1.34800000E+02    160.709187
  16 D  3.63900000E+01    119.797406
  16 D  1.21600000E+01     55.531619
  16 D  4.34100000E+00     12.984636

  17 D  1.53500000E+00      3.484168

  18 D  4.51000000E-01      0.408525



Printing Internal Coordinates

------------------------------------------------------------
                Bond Lengths

i      j        Length (Angstroms)     Length (Bohr)
0      1          1.3603362359         2.5706629249
0      3          1.0832740204         2.0470912178
0      12         1.4641843310         2.7669073834
1      2          1.3913378892         2.6292475592
1      4          1.0761823270         2.0336898596
2      5          1.4875115763         2.8109894884
2      10         1.3951701059         2.6364893992
5      6          1.2008357421         2.2692506748
5      7          1.2005660969         2.2687411192
8      9          1.0786424652         2.0383388471
8      10         1.3541538391         2.5589798882
8      12         1.4673930393         2.7729709633
10     11         1.0802842214         2.0414413166
12     13         1.1061446105         2.0903103695
12     14         1.9168244545         3.6222732504

Number of Bonds: 15

------------------------------------------------------------
           Bond Angles

i      j      k      Angle (degrees)
0      1      2        117.9850 
0      1      4        122.0895 
0      12     8        116.4768 
0      12     13       101.4265 
0      12     14       114.4064 
1      0      3        121.2869 
1      0      12       120.2723 
1      2      5        117.2376 
1      2      10       125.7508 
2      1      4        119.9130 
2      5      6        116.0060 
2      5      7        114.8852 
2      10     8        116.7756 
2      10     11       120.1819 
3      0      12       118.1825 
5      2      10       117.0086 
6      5      7        129.0891 
8      10     11       122.9962 
8      12     13       102.8692 
8      12     14       113.8650 
9      8      10       120.4892 
9      8      12       117.6394 
10     8      12       121.7160 
13     12     14       105.4688 

Number of Angles: 24

------------------------------------------------------------
              Torsional Angles

i      j      k      l      Angle (degrees)
3      0      1      2       -179.0393 
4      1      0      3         -0.3289 
8      10     2      1         -1.4227 
9      8      10     2       -179.6052 
10     2      1      0          0.0318 
10     2      1      4       -178.7077 
11     10     2      1        176.1765 
11     10     8      9          2.8693 
12     0      1      2          6.9046 
12     0      1      4       -174.3850 
13     12     0      1         98.8542 
13     12     0      3        -75.3837 
14     12     0      1       -148.1589 
14     12     0      3         37.6031 

Number of Torsional Angles: 14


----------------------------------------------------------------------
                          Center of Mass

         x               y               z              Unit
   -0.2705826433  -0.02258458454    0.2261548452      Angstrom
   -0.5113270902  -0.04267867944    0.4273707194          Bohr

----------------------------------------------------------------------
                Moment of Inertia Tensor

           767.063          -65.2405           -1035.1
          -65.2405           4642.26          -59.2199
           -1035.1          -59.2199           4747.87

----------------------------------------------------------------------
                      Principal Moments of Inertia

           x                 y                 z                Unit
        143.528434       1299.004751       1401.768646       amu * ang^2
       512.5493427       4638.830182       5005.806714      amu * bohr^2
  2.3833473442e-38  2.1570496093e-37  2.3276931883e-37          g * cm^2

 - Molecule is an asymmetric top.

----------------------------------------------------------------------

         Rotational constants (MHz)

    A = 3.5211e+03        B = 3.8905e+02        C = 3.6053e+02

----------------------------------------------------------------------

        Rotational constants (cm-1)

    A = 1.1745e-01        B = 1.2977e-02        C = 1.2026e-02

----------------------------------------------------------------------

                                Z-Matrix
C   
C        1       2.5706629
C        2       2.6292476     1       117.98496
H        3      6.34557330     2     22.10899655     1          0.7037
H        4      4.71423453     3     39.58589105     2          1.1524
N        5      4.98472562     4    126.80803555     3          0.3000
O        6      2.26925067     5    151.62044994     4         78.2004
O        7      4.09744276     6     25.45237799     5        119.3645
C        8      8.62520439     7     62.59306078     6         10.6163
H        9      2.03833885     8    148.42848030     7         43.8273
C       10      3.99952814     9     33.45960261     8        -14.7316
H       11      2.04144132    10     96.97174587     9       -177.5759
C       12      6.54759021    11     18.57919953    10         -0.7312
H       13      2.09031037    12    104.78320854    11        -97.5784
Br      14      4.63995706    13     48.79786959    12       -139.9491

----------------------------------------------------------------------

             Converted back to Cartesian

C        0.000000      0.000000      0.000000
C        0.000000      0.000000      2.570663
C        0.000000      0.094476     -0.056887
H       -0.000009     -0.176240      6.282909
H       -0.000010      0.081658      1.575734
N       -0.000000     -0.383048      6.538751
O       -0.002505     -0.067435      4.291557
O        0.001620     -0.668756      8.344634
C       -0.005533      0.759466     -0.161498
H       -0.005932      0.331454      1.831397
C       -0.004042      1.211076     -2.070203
H       -0.003383      0.703498     -0.092870
C       -0.006487      2.367325     -6.425532
H       -0.001734      1.772005     -4.421793
Br      -0.013233      3.159424     -8.849449

----------------------------------------------------------------------
                       Geometry in bohr 

1     C      -0.8741386702    2.3609068201    0.8120711779
2     C       1.6791095013    2.3496908082    1.1105772074
3     C       2.8808226498    0.0254859985    1.3692280130
4     H      -1.9088084479    4.1109621037    0.5725979866
5     H       2.7742279285    4.0633442640    1.1119587584
6     N       5.6759063309    0.0484063331    1.6669590625
7     O       6.7805715420   -1.7478765084    0.8287578039
8     O       6.5041496021    1.8519743583    2.7662050442
9     C      -0.8495236011   -2.3399093283    1.1091738643
10    H      -1.8804935565   -4.0982223064    1.0929974158
11    C       1.6980755783   -2.3307437885    1.3500731851
12    H       2.8116136722   -4.0389069705    1.4485318378
13    C      -2.3169613503    0.0122886847    1.0529695714
14    H      -3.0297550581    0.1632700481    3.0121855368
15    Br     -5.2693354977   -0.1518972127   -1.0392525452

 Number of nodes, processes per node used for SCF calculation: 1, 4

Common Options
{
  maxiter       = 100
  basis         = 6-311g* spherical
  geom_units    = angstrom
  ang2au factor = 1.889726126
  debug         = false
  file_prefix   = para_th63_ph216_qed_ccsd_input
}

SCF Options
{
  charge            = 1
  multiplicity      = 1
  level shift       = 0
  tol_int           = 1e-22
  tol_sch           = 1e-12
  tol_lindep        = 1e-10
  conve             = 1e-07
  convd             = 1e-05
  diis_hist         = 10
  AO_tilesize       = 30
  writem            = 10
  damp              = 100
  n_lindep          = 0
  scf_type          = restricted
  cuscf             = false
  qed_omegas        = [0.06615,]
  qed_lambdas       = [0.1,]
  qed_polvecs       = [[-0.7208394202,-0.5237204946,0.4539904997,],]
  direct_df         = false
  restart_size      = 2000
  restart           = false
  debug             = false
}

Number of basis functions = 221

Total number of shells = 105

Total number of electrons = 98
  # of alpha electrons    = 49
  # of beta electons      = 49

Nuclear repulsion energy  = 724.25176724024

# of {all,non-negligible} shell-pairs = {5565,4850}
Number of AO tiles = 105

Time for initial setup: 0.01 secs
HF exch = 1.00

Time for computing 1-e integrals T, V, S: 0.01 secs
Time for computing orthogonalizer: 0.01 secs

Superposition of Atomic Density Guess ...
Time taken for SAD: 0.62 secs
Total Time to compute initial guess: 0.62 secs


 SCF iterations
-----------------------------------------------------------------------------
 Iter     Energy            E-Diff       RMSD        |[F,P]|^2       Time(s)
-----------------------------------------------------------------------------
   1  -3011.8049001659    -3.01e+03     1.72e-02     1.52e+03         0.6 
   2  -3005.7529851552     6.05e+00     7.21e-03     9.07e+00         2.0 
   3  -3006.0069277888    -2.54e-01     2.68e-03     3.13e+00         2.0 
   4  -3006.0966562956    -8.97e-02     1.27e-03     1.05e-01         2.1 
   5  -3006.1031000207    -6.44e-03     3.05e-04     1.24e-02         2.0 
   6  -3006.1038083579    -7.08e-04     2.33e-04     1.98e-03         2.0 
   7  -3006.1040209955    -2.13e-04     1.06e-04     2.95e-04         2.1 
   8  -3006.1040609426    -3.99e-05     2.70e-05     3.51e-05         2.1 
   9  -3006.1040659322    -4.99e-06     1.37e-05     7.51e-06         2.1 
  10  -3006.1040668841    -9.52e-07     5.63e-06     9.63e-07         2.1 
  11  -3006.1040670264    -1.42e-07     2.15e-06     1.57e-07         2.1 
  12  -3006.1040670465    -2.01e-08     9.73e-07     3.31e-08         2.1 

** Total SCF energy = -3006.1040670464699

Nuclear repulsion energy = 724.251767240240383
#electrons        = 98
1e energy kinetic = 3006.2045729657247648
1e energy N-e     = -8601.6341896861213172
1e energy         = -5590.8804997416864353
2e energy         = 1864.8805396939544607
QED energy        = 0.1932427397322245
QED eT energy     = 0.1728067333370339
QED eT energy from matrix = 0.1728067333370403

 Polarizability Matrix (QED energy = 0.5 * lambda.dot(matrix * lambda))
[42.73375840, -0.81795599,  1.82647558]
[-0.81795599, 42.28389393,  1.75693960]
[ 1.82647558,  1.75693960, 36.36176343]

 Polarizability Matrix (QED eT energy = 0.5 * lambda.dot(matrix * lambda))
[39.57953588, -0.85010942,  2.32318496]
[-0.85010942, 38.89971498,  2.10146450]
[ 2.32318496,  2.10146450, 31.47690544]


                      Electron        Nuclear        Total  
                  ------------------------------------------
    Monopole         -98.000000     99.000000      1.000000

      Dipole   X      25.123179    -26.346540     -1.223361
      Dipole   Y       3.569859     -3.478013      0.091846
      Dipole   Z     -50.970493     52.117407      1.146914

  Quadrupole  XX   -2110.117419   2060.656166    -49.461254
  Quadrupole  XY     -30.399544     30.509893      0.110349
  Quadrupole  XZ    -467.149639    465.729519     -1.420120
  Quadrupole  YY    -291.712750    251.268253    -40.444498
  Quadrupole  YZ     -27.366614     25.514282     -1.852333
  Quadrupole  ZZ    -233.579164    185.469197    -48.109967

    Octupole XXX   -1104.033657    975.453666   -128.579991
    Octupole XXY     150.825456   -149.705653      1.119803
    Octupole XXZ    -868.476544    813.339429    -55.137115
    Octupole XYY    -441.705044    421.606761    -20.098283
    Octupole XYZ    -167.671917    158.431064     -9.240853
    Octupole XZZ    -389.239818    363.850201    -25.389617
    Octupole YYY      -9.762939     13.781691      4.018751
    Octupole YYZ    -337.279678    309.843277    -27.436401
    Octupole YZZ     -82.337087     77.783852     -4.553235
    Octupole ZZZ    -362.207035    257.055298   -105.151736

writing orbitals and density to disk ... done.

Total Time taken for Hartree-Fock: 25.71 secs

CD Options
{
  debug             = false
  skip_cd           = [false, 100]
  write_cv          = [false, 5000]
  diagtol           = 1e-06
  itilesize         = 1000
  max_cvecs_factor  = 12
}

- #occupied, #virtual = 98, 344

- Tilesize for the MSO space: 40

-----------------------------------------------------
Begin 2-index transformation ... 

nAO, nMO, nelectrons = 221, 442, 98
n_occ_alpha, n_vir_alpha, n_occ_beta, n_vir_beta = 49,172,49,172

Time taken for Fao->Fmo transform: 0.00 secs

-----------------------------------------------------
Number of AO tiles = 105
# of {all,non-negligible} shell-pairs = {5565,4850}

    Begin Cholesky Decomposition
---------------------------------------------
Total # of mpi ranks used for Cholesky decomposition: 4
  --> Number of nodes, mpi ranks per node: 1, 4
- CPU memory required for computing cholesky vectors: 1.93 GiB

- Time for computing the diagonal: 0.01 secs

- Total number of cholesky vectors = 1644

- Time to compute cholesky vectors: 15.12 secs

- CPU memory required for resizing the ao cholesky tensor: 1.56 GiB
- CPU memory required for ao2mo transformation: 1.70 GiB
- CPU memory required for the 2-step contraction: 2.11 GiB

- Time for ao to mo transform: 1.58 secs

   End Cholesky Decomposition
---------------------------------------------

Total Time taken for Cholesky Decomposition: 19.27 secs

scf_type = restricted
Closed-Shell SCF
QED-HF Enabled
nbf = 203
nbf_orig = 221
n_lindep = 0
focc = 1
nmo = 406
nocc = 62
nvir = 344
n_occ_alpha = 31
n_vir_alpha = 172
n_occ_beta = 31
n_vir_beta = 172
nelectrons = 98
nelectrons_alpha = 49
nelectrons_beta = 49
freeze atomic = true
n_frozen_core = 18
n_frozen_virtual = 0
----------------------------
--------- QED-CCSD --------
lambda_x: -0.0721
lambda_y: -0.0524
lambda_z: 0.0454
omega: 0.066150
coupling_factor_x: -0.013110
coupling_factor_y: -0.009525
coupling_factor_z: 0.008257
----------------------------
# of {all,non-negligible} shell-pairs = {5565,4850}
Number of AO tiles = 105
----------------------------
Electronic dipole expectation value using SCF density: 
dipole_x_elec: 25.12325672
dipole_y_elec: 3.57006468
dipole_z_elec: -50.97041651

d_n/N value: d_n is nuclear dipole moment and N is the total number of electrons 
d_nuc_x: -0.26884224
d_nuc_y: -0.03548993
d_nuc_z: 0.53181027

<d_e+d_n> expectation values: 
dipole_total_x: -1.22328305
dipole_total_y: 0.09205167
dipole_total_z: 1.14699028
----------------------------


 CCSD iterations
------------------------------------------------------------
  Iter     Residuum          Correlation          Time(s)
------------------------------------------------------------
   1     1.1851940233590    0.0000000000000         86.11
   2     0.1685051230065   -1.6259538306849         85.41
   3     0.0647956614162   -1.6318484387584         85.97
   4     0.0233404413450   -1.6950488627594         85.26
   5     0.0174751349298   -1.6910020587400         85.15
 MICROCYCLE DIIS UPDATE:                    6
   6     0.0083741010053   -1.7012654722754         83.97
   7     0.0053040778844   -1.7010520260415         83.66
   8     0.0038743805740   -1.7023596645825         83.69
   9     0.0029152636185   -1.7026708765286         84.02
  10     0.0030623573155   -1.7029494653831         83.65
 MICROCYCLE DIIS UPDATE:                   11
  11     0.0007163090910   -1.7035766937028         84.00
  12     0.0005770007979   -1.7035173892655         83.99
  13     0.0004929394266   -1.7036012278850         83.97
  14     0.0005595393208   -1.7035599258052         84.10
  15     0.0006915771278   -1.7035939152159         84.14
 MICROCYCLE DIIS UPDATE:                   16
  16     0.0001624200915   -1.7036036791558         84.20
  17     0.0001139068606   -1.7035879996894         83.93
  18     0.0001015949648   -1.7036048693312         84.25
  19     0.0000997648425   -1.7036067362819         83.89
  20     0.0001328161273   -1.7036101237949         83.74
 MICROCYCLE DIIS UPDATE:                   21
  21     0.0000409123471   -1.7036246339766         83.84
  22     0.0000319790732   -1.7036176169141         83.96
  23     0.0000281634053   -1.7036177002529         84.31
  24     0.0000312501915   -1.7036160514914         83.63
  25     0.0000375442342   -1.7036162129334         83.89
 MICROCYCLE DIIS UPDATE:                   26
  26     0.0000101897568   -1.7036147999102         83.88
  27     0.0000072283670   -1.7036146284857         84.02
  28     0.0000061816785   -1.7036157999985         84.05
  29     0.0000061337529   -1.7036160721673         84.09
  30     0.0000079430444   -1.7036163043681         84.23
 MICROCYCLE DIIS UPDATE:                   31
  31     0.0000025771144   -1.7036174012112         83.97
  32     0.0000020187135   -1.7036168687558         84.11
  33     0.0000018435864   -1.7036168255391         84.11
  34     0.0000020395110   -1.7036167240624         84.02
  35     0.0000024935611   -1.7036167139646         83.38
 MICROCYCLE DIIS UPDATE:                   36
  36     0.0000006365036   -1.7036166089601         84.32
------------------------------------------------------------------
 Iterations converged
 CCSD correlation energy / hartree =        -1.703616608960062
 CCSD total energy / hartree       =     -3007.807683655430083

Time taken for spin-orbital canonical QED-CCSD: 3153.68 secs
