
ExaChem Git Information
{
 WARNING: Failed to retrieve the current git state.
}


TAMM Git Information
{
 Branch: main
 Commit Hash: e71357ad [e71357ad54f38748b4a7e175aa6760820d5ce96f]
 Commit Date: 2026-02-02 23:14:56 -0800
 Commit Message: add GitHub Actions workflow for releases
}


date: Mon Aug 10 09:55:00 2026
program: "/global/cfs/cdirs/m3196/heindelj/cavity_qed/software/install_gpu/bin/bin/ExaChem"
nnodes: 1, nproc_per_node: 4, nproc_total: 4, ngpus_per_node: 1, ngpus_total: 1

Memory information
{
[AMD EPYC 7763 64-Core Processor                ] : 
  CPU memory per node (GiB): 251
  Total CPU memory (GiB): 251
[NVIDIA A100-SXM4-80GB, CUDA v12.9] : 
  GPU memory per device (GiB): 79
  GPU memory per node (GiB): 79
  Total GPU memory (GiB): 79
}

------------------------------------------------------------

Input file provided: /global/cfs/cdirs/m4262/heindelj/cavity_qed/mlip/lambda_scans/grid_scans_optimized_geoms/runs_grid_no_freq/para_th36_ph90/para_th36_ph90_qed_ccsd_input.json

{
  "geometry": {
    "coordinates": [
      "C    -0.479059228700    1.231111016700    0.634688561900",
      "C     0.876645918400    1.247583165500    0.694254408400",
      "C     1.533738121900    0.016482434000    0.716972135900",
      "H    -1.044904448400    2.152522354300    0.632897490100",
      "H     1.449890909300    2.161544539600    0.718542153100",
      "N     3.018406208000    0.046248733300    0.827928347400",
      "O     3.517831016500   -0.885709586300    1.398493303400",
      "O     3.555215237300    1.002612570100    0.337203852900",
      "C    -0.441715260700   -1.255264771300    0.536350835700",
      "H    -0.975731199600   -2.191680396400    0.457829838800",
      "C     0.911944202700   -1.234477359100    0.645319571400",
      "H     1.512152707000   -2.131434928700    0.670481417200",
      "C    -1.235455300100   -0.022896184800    0.593401519000",
      "H    -1.798672396400   -0.096544585700    1.536341043200",
      "Br   -2.634367233700    0.107423476500   -0.735264855200"
    ],
    "units": "angstrom",
    "noorient": true
  },
  "common": {
    "maxiter": 100,
    "debug": false
  },
  "basis": {
    "basisset": "6-311G*"
  },
  "SCF": {
    "charge": 1,
    "multiplicity": 1,
    "lshift": 0,
    "tol_lindep": 1e-10,
    "conve": 1e-07,
    "convd": 1e-05,
    "diis_hist": 10,
    "writem": 10,
    "restart": false,
    "noscf": false,
    "scf_type": "restricted",
    "debug": false,
    "qed_omegas": [
      0.06615
    ],
    "qed_volumes": [],
    "qed_lambdas": [
      0.1
    ],
    "qed_polvecs": [
      [
        3.599146639029983e-17,
        0.5877852522924731,
        0.8090169943749475
      ]
    ],
    "direct_df": false
  },
  "CD": {
    "debug": false,
    "diagtol": 1e-06
  },
  "CC": {
    "threshold": 1e-06,
    "ndiis": 5,
    "ccsd_maxiter": 200,
    "tilesize": 40,
    "freeze": {
      "atomic": true
    },
    "readt": false,
    "writet": true,
    "writet_iter": 5,
    "debug": false,
    "profile_ccsd": false,
    "balance_tiles": true
  },
  "TASK": {
    "scf": false,
    "ccsd": true
  }
}

Output folder & files prefix: para_th36_ph90_qed_ccsd_input.6-311g*

  C (carbon)
  ----------
          Exponent        Coefficients
      ----------------  --------------------
  1 S  4.56324000E+03      0.778202
  1 S  6.82024000E+02      1.448695
  1 S  1.54973000E+02      2.383089
  1 S  4.44553000E+01      3.200089
  1 S  1.30290000E+01      3.013004
  1 S  1.82773000E+00      0.247599

  2 S  2.09642000E+01      0.800629
  2 S  4.80331000E+00      2.127420
  2 S  1.45933000E+00     -0.002868

  3 P  2.09642000E+01      2.573592
  3 P  4.80331000E+00      2.408248
  3 P  1.45933000E+00      1.865281

  4 S  4.83456000E-01      0.413217

  5 P  4.83456000E-01      0.574627

  6 S  1.45585000E-01      0.167976

  7 P  1.45585000E-01      0.128185

  8 D  6.26000000E-01      0.725128


  H (hydrogen)
  ------------
          Exponent        Coefficients
      ----------------  --------------------
  1 S  3.38650000E+01      0.255069
  1 S  5.09479000E+00      0.460109
  1 S  1.15879000E+00      0.678321

  2 S  3.25840000E-01      0.307371

  3 S  1.02741000E-01      0.129336


  N (nitrogen)
  ------------
          Exponent        Coefficients
      ----------------  --------------------
  1 S  6.29348000E+03      0.991968
  1 S  9.49044000E+02      1.823240
  1 S  2.18776000E+02      2.979891
  1 S  6.36916000E+01      4.000007
  1 S  1.88282000E+01      3.881008
  1 S  2.72023000E+00      0.386764

  2 S  3.06331000E+01      1.038501
  2 S  7.02614000E+00      2.834794
  2 S  2.11205000E+00     -0.003208

  3 P  3.06331000E+01      3.935616
  3 P  7.02614000E+00      3.870994
  3 P  2.11205000E+00      2.967271

  4 S  6.84009000E-01      0.536051

  5 P  6.84009000E-01      0.886681

  6 S  2.00878000E-01      0.213850

  7 P  2.00878000E-01      0.191693

  8 D  9.13000000E-01      1.403568


  O (oxygen)
  ----------
          Exponent        Coefficients
      ----------------  --------------------
  1 S  8.58850000E+03      1.205013
  1 S  1.29723000E+03      2.216205
  1 S  2.99296000E+02      3.627452
  1 S  8.73771000E+01      4.888452
  1 S  2.56789000E+01      4.835721
  1 S  3.74004000E+00      0.538229

  2 S  4.21175000E+01      1.341958
  2 S  9.62837000E+00      3.587114
  2 S  2.85332000E+00     -0.005123

  3 P  4.21175000E+01      5.584018
  3 P  9.62837000E+00      5.733366
  3 P  2.85332000E+00      4.332955

  4 S  9.05661000E-01      0.661659

  5 P  9.05661000E-01      1.259352

  6 S  2.55611000E-01      0.256209

  7 P  2.55611000E-01      0.259068

  8 D  1.29200000E+00      2.577026


  Br (bromine)
  ------------
          Exponent        Coefficients
      ----------------  --------------------
  1 S  4.39700000E+05      9.893706
  1 S  6.60300000E+04     18.450679
  1 S  1.51400000E+04     31.049770
  1 S  4.31700000E+03     48.888138
  1 S  1.41400000E+03     64.847798
  1 S  5.23900000E+02     42.245010

  2 S  5.23900000E+02     14.290679
  2 S  2.07700000E+02     24.083128
  2 S  8.65400000E+01      5.132542

  3 S  3.05200000E+01      9.254405

  4 S  1.29800000E+01      4.873782

  5 S  4.41200000E+00      2.169635

  6 S  1.86200000E+00      1.136043

  7 S  3.93200000E-01      0.353892

  8 S  1.40000000E-01      0.163120

  9 P  2.95700000E+03    691.874478
  9 P  7.00300000E+02    925.332763
  9 P  2.24600000E+02   1068.830732

  10 P  8.25900000E+01    122.079275
  10 P  3.31900000E+01     57.580687
  10 P  1.42000000E+01     10.176170

  11 P  1.42000000E+01      3.129736
  11 P  7.43800000E+00      6.538168
  11 P  3.52600000E+00      4.166276

  12 P  1.59500000E+00      2.555000

  13 P  8.46200000E-01      1.156861

  14 P  3.18600000E-01      0.341191

  15 P  1.09600000E-01      0.089888

  16 D  1.34800000E+02    160.709187
  16 D  3.63900000E+01    119.797406
  16 D  1.21600000E+01     55.531619
  16 D  4.34100000E+00     12.984636

  17 D  1.53500000E+00      3.484168

  18 D  4.51000000E-01      0.408525



Printing Internal Coordinates

------------------------------------------------------------
                Bond Lengths

i      j        Length (Angstroms)     Length (Bohr)
0      1          1.3571130637         2.5645720123
0      3          1.0812875999         2.0433374271
0      12         1.4650507493         2.7685446768
1      2          1.3956701867         2.6374344150
1      4          1.0791316451         2.0392632631
2      5          1.4891059866         2.8140024871
2      10         1.3988074106         2.6433629089
5      6          1.2014640310         2.2704379688
5      7          1.2015016653         2.2705090873
8      9          1.0808389301         2.0424895642
8      10         1.3581974248         2.5666211578
8      12         1.4669731980         2.7721775782
10     11         1.0795444635         2.0400433768
12     13         1.1008054010         2.0802207258
12     14         1.9337249406         3.6542105406

Number of Bonds: 15

------------------------------------------------------------
           Bond Angles

i      j      k      Angle (degrees)
0      1      2        117.4082 
0      1      4        122.8149 
0      12     8        116.1552 
0      12     13       107.2945 
0      12     14       109.5835 
1      0      3        120.8301 
1      0      12       121.8289 
1      2      5        116.9354 
1      2      10       125.3618 
2      1      4        119.7760 
2      5      6        115.7421 
2      5      7        115.5265 
2      10     8        117.4406 
2      10     11       119.6506 
3      0      12       117.3331 
5      2      10       117.7028 
6      5      7        128.7310 
8      10     11       122.9071 
8      12     13       104.7110 
8      12     14       114.9181 
9      8      10       120.7647 
9      8      12       117.6014 
10     8      12       121.5531 
13     12     14       102.8817 

Number of Angles: 24

------------------------------------------------------------
              Torsional Angles

i      j      k      l      Angle (degrees)
3      0      1      2        178.8618 
4      1      0      3         -1.4792 
8      10     2      1          0.4306 
9      8      10     2        178.8081 
10     2      1      0          1.9150 
10     2      1      4       -177.7548 
11     10     2      1        179.9809 
11     10     8      9         -0.7264 
12     0      1      2         -0.0861 
12     0      1      4        179.5729 
13     12     0      1        113.0442 
13     12     0      3        -65.9389 
14     12     0      1       -135.9416 
14     12     0      3         45.0754 

Number of Torsional Angles: 14


----------------------------------------------------------------------
                          Center of Mass

         x               y               z              Unit
   -0.2069515435   0.05314858078    0.1502618871      Angstrom
   -0.3910817386    0.1004362617    0.2839538138          Bohr

----------------------------------------------------------------------
                Moment of Inertia Tensor

           845.031           40.8658          -1087.06
           40.8658           4531.47           69.1141
          -1087.06           69.1141           4556.94

----------------------------------------------------------------------
                      Principal Moments of Inertia

           x                 y                 z                Unit
       153.8142458       1266.505978       1361.328275       amu * ang^2
       549.2806435       4522.774957       4861.391527      amu * bohr^2
  2.5541473842e-38  2.1030840903e-37  2.2605403264e-37          g * cm^2

 - Molecule is an asymmetric top.

----------------------------------------------------------------------

         Rotational constants (MHz)

    A = 3.2856e+03        B = 3.9903e+02        C = 3.7124e+02

----------------------------------------------------------------------

        Rotational constants (cm-1)

    A = 1.0960e-01        B = 1.3310e-02        C = 1.2383e-02

----------------------------------------------------------------------

                                Z-Matrix
C   
C        1        2.564572
C        2       2.6374344     1       117.40822
H        3      6.32963268     2     22.27311964     1         -0.8324
H        4      4.71728797     3     39.82916484     2         -0.2942
N        5      4.98066778     4    126.39031435     3         -1.6179
O        6      2.27043797     5    152.82646698     4        -74.3975
O        7      4.09399186     6     25.63492207     5       -117.9030
C        8      8.68310607     7     62.31916099     6         -8.7506
H        9      2.04248956     8    148.46889277     7        -44.1777
C       10      4.01526047     9     33.31647238     8         14.5239
H       11      2.04004338    10     96.98998673     9        179.3856
C       12      6.54653791    11     18.70337526    10         -4.9064
H       13      2.08022073    12    110.24377648    11       -113.2644
Br      14      4.59019968    13     50.90070086    12       -140.6456

----------------------------------------------------------------------

             Converted back to Cartesian

C        0.000000      0.000000      0.000000
C        0.000000      0.000000      2.564572
C        0.000000      0.094307     -0.071176
H        0.000011     -0.174934      6.252728
H       -0.000007      0.082888      1.542491
N        0.000138     -0.380552      6.501551
O        0.002397     -0.064347      4.253241
O       -0.001231     -0.666157      8.302757
C        0.004605      0.773041     -0.260245
H        0.005518      0.343813      1.736634
C        0.002534      1.227397     -2.180200
H        0.002514      0.719900     -0.204289
C        0.003584      2.384552     -6.535647
H        0.003769      1.788345     -4.542696
Br       0.005873      3.171914     -8.919414

----------------------------------------------------------------------
                       Geometry in bohr 

1     C      -0.9052907403    2.3264626522    1.1993875572
2     C       1.6566206952    2.3575905021    1.3119506936
3     C       2.8983449993    0.0311472861    1.3548809768
4     H      -1.9745832352    4.0676777295    1.1960029221
5     H       2.7398967310    4.0847271888    1.3578478793
6     N       5.7039610699    0.0873974396    1.5645578285
7     O       6.6477371784   -1.6737485452    2.6427693323
8     O       6.7183831172    1.8946631679    0.6372229306
9     C      -0.8347208684   -2.3721066333    1.0135561869
10    H      -1.8438647397   -4.1416757047    0.8651730076
11    C       1.7233247852   -2.3328241173    1.2194772536
12    H       2.8575544768   -4.0278282704    1.2670262510
13    C      -2.3346721580   -0.0432675186    1.1213663536
14    H      -3.3989982194   -0.1824428259    2.9032638076
15    Br     -4.9782325868    0.2030009501   -1.3894492063

 Number of nodes, processes per node used for SCF calculation: 1, 4

Common Options
{
  maxiter       = 100
  basis         = 6-311g* spherical
  geom_units    = angstrom
  ang2au factor = 1.889726126
  debug         = false
  file_prefix   = para_th36_ph90_qed_ccsd_input
}

SCF Options
{
  charge            = 1
  multiplicity      = 1
  level shift       = 0
  tol_int           = 1e-22
  tol_sch           = 1e-12
  tol_lindep        = 1e-10
  conve             = 1e-07
  convd             = 1e-05
  diis_hist         = 10
  AO_tilesize       = 30
  writem            = 10
  damp              = 100
  n_lindep          = 0
  scf_type          = restricted
  cuscf             = false
  qed_omegas        = [0.06615,]
  qed_lambdas       = [0.1,]
  qed_polvecs       = [[3.599146639e-17,0.5877852523,0.8090169944,],]
  direct_df         = false
  restart_size      = 2000
  restart           = false
  debug             = false
}

Number of basis functions = 221

Total number of shells = 105

Total number of electrons = 98
  # of alpha electrons    = 49
  # of beta electons      = 49

Nuclear repulsion energy  = 725.93449044307

# of {all,non-negligible} shell-pairs = {5565,4851}
Number of AO tiles = 105

Time for initial setup: 0.05 secs
HF exch = 1.00

Time for computing 1-e integrals T, V, S: 0.01 secs
Time for computing orthogonalizer: 0.01 secs

Superposition of Atomic Density Guess ...
Time taken for SAD: 0.60 secs
Total Time to compute initial guess: 0.60 secs


 SCF iterations
-----------------------------------------------------------------------------
 Iter     Energy            E-Diff       RMSD        |[F,P]|^2       Time(s)
-----------------------------------------------------------------------------
   1  -3011.7314028135    -3.01e+03     1.68e-02     1.50e+03         0.6 
   2  -3005.8238789430     5.91e+00     6.91e-03     7.56e+00         2.1 
   3  -3006.0016305590    -1.78e-01     2.85e-03     3.89e+00         2.1 
   4  -3006.1117591901    -1.10e-01     1.18e-03     1.13e-01         2.1 
   5  -3006.1177043470    -5.95e-03     2.41e-04     1.19e-02         2.1 
   6  -3006.1182772173    -5.73e-04     1.54e-04     1.25e-03         2.1 
   7  -3006.1184041293    -1.27e-04     6.85e-05     1.88e-04         2.1 
   8  -3006.1184278809    -2.38e-05     2.25e-05     3.07e-05         2.1 
   9  -3006.1184312010    -3.32e-06     9.45e-06     6.54e-06         2.1 
  10  -3006.1184318036    -6.03e-07     3.77e-06     1.38e-06         2.1 
  11  -3006.1184319078    -1.04e-07     1.65e-06     1.26e-07         2.1 
  12  -3006.1184319209    -1.31e-08     5.71e-07     1.10e-08         2.1 

** Total SCF energy = -3006.1184319208965

Nuclear repulsion energy = 725.934490443070331
#electrons        = 98
1e energy kinetic = 3006.1734602121750868
1e energy N-e     = -8604.9830880039025942
1e energy         = -5597.6761965101495662
2e energy         = 1866.5755032225661125
QED energy        = 0.1812022051939423
QED eT energy     = 0.1575859623746573
QED eT energy from matrix = 0.1575859623746640

 Polarizability Matrix (QED energy = 0.5 * lambda.dot(matrix * lambda))
[43.76909392, -0.10195914,  1.66686998]
[-0.10195914, 41.97186146, -2.22427043]
[ 1.66686998, -2.22427043, 36.44708439]

 Polarizability Matrix (QED eT energy = 0.5 * lambda.dot(matrix * lambda))
[40.52035039, -0.10908710,  2.12450427]
[-0.10908710, 38.52941740, -2.62197094]
[ 2.12450427, -2.62197094, 31.62563784]


                      Electron        Nuclear        Total  
                  ------------------------------------------
    Monopole         -98.000000     99.000000      1.000000

      Dipole   X      14.591707    -15.779805     -1.188099
      Dipole   Y      -9.107648      9.086603     -0.021045
      Dipole   Z     -38.206434     39.474149      1.267715

  Quadrupole  XX   -2019.973007   1970.791391    -49.181616
  Quadrupole  XY      19.027139    -19.450835     -0.423696
  Quadrupole  XZ    -495.926175    494.788649     -1.137526
  Quadrupole  YY    -292.059286    251.521192    -40.538094
  Quadrupole  YZ      31.248895    -29.680106      1.568789
  Quadrupole  ZZ    -258.070997    210.488050    -47.582947

    Octupole XXX   -2002.992107   1867.587088   -135.405019
    Octupole XXY    -289.316190    284.777167     -4.539023
    Octupole XXZ    -582.802715    535.653083    -47.149632
    Octupole XYY    -440.274636    416.638331    -23.636306
    Octupole XYZ     126.007829   -116.704078      9.303752
    Octupole XZZ    -196.402732    165.236021    -31.166712
    Octupole YYY     -25.921633     14.176355    -11.745278
    Octupole YYZ    -330.598146    310.306047    -20.292098
    Octupole YZZ      62.652123    -60.896183      1.755940
    Octupole ZZZ    -271.590553    178.435439    -93.155114

writing orbitals and density to disk ... done.

Total Time taken for Hartree-Fock: 26.99 secs

CD Options
{
  debug             = false
  skip_cd           = [false, 100]
  write_cv          = [false, 5000]
  diagtol           = 1e-06
  itilesize         = 1000
  max_cvecs_factor  = 12
}

- #occupied, #virtual = 98, 344

- Tilesize for the MSO space: 40

-----------------------------------------------------
Begin 2-index transformation ... 

nAO, nMO, nelectrons = 221, 442, 98
n_occ_alpha, n_vir_alpha, n_occ_beta, n_vir_beta = 49,172,49,172

Time taken for Fao->Fmo transform: 0.00 secs

-----------------------------------------------------
Number of AO tiles = 105
# of {all,non-negligible} shell-pairs = {5565,4851}

    Begin Cholesky Decomposition
---------------------------------------------
Total # of mpi ranks used for Cholesky decomposition: 4
  --> Number of nodes, mpi ranks per node: 1, 4
- CPU memory required for computing cholesky vectors: 1.93 GiB

- Time for computing the diagonal: 0.01 secs

- Total number of cholesky vectors = 1638

- Time to compute cholesky vectors: 15.14 secs

- CPU memory required for resizing the ao cholesky tensor: 1.56 GiB
- CPU memory required for ao2mo transformation: 1.69 GiB
- CPU memory required for the 2-step contraction: 2.10 GiB

- Time for ao to mo transform: 1.60 secs

   End Cholesky Decomposition
---------------------------------------------

Total Time taken for Cholesky Decomposition: 109.04 secs

scf_type = restricted
Closed-Shell SCF
QED-HF Enabled
nbf = 203
nbf_orig = 221
n_lindep = 0
focc = 1
nmo = 406
nocc = 62
nvir = 344
n_occ_alpha = 31
n_vir_alpha = 172
n_occ_beta = 31
n_vir_beta = 172
nelectrons = 98
nelectrons_alpha = 49
nelectrons_beta = 49
freeze atomic = true
n_frozen_core = 18
n_frozen_virtual = 0
----------------------------
--------- QED-CCSD --------
lambda_x: 0.0000
lambda_y: 0.0588
lambda_z: 0.0809
omega: 0.066150
coupling_factor_x: 0.000000
coupling_factor_y: 0.010690
coupling_factor_z: 0.014713
----------------------------
# of {all,non-negligible} shell-pairs = {5565,4851}
Number of AO tiles = 105
----------------------------
Electronic dipole expectation value using SCF density: 
dipole_x_elec: 14.59177516
dipole_y_elec: -9.10761833
dipole_z_elec: -38.20641190

d_n/N value: d_n is nuclear dipole moment and N is the total number of electrons 
d_nuc_x: -0.16101842
d_nuc_y: 0.09272044
d_nuc_z: 0.40279744

<d_e+d_n> expectation values: 
dipole_total_x: -1.18803023
dipole_total_y: -0.02101488
dipole_total_z: 1.26773678
----------------------------


 CCSD iterations
------------------------------------------------------------
  Iter     Residuum          Correlation          Time(s)
------------------------------------------------------------
   1     1.1856681278258    0.0000000000000         86.42
   2     0.1687887812682   -1.6903759194218         85.12
   3     0.0697937550700   -1.6257098761432         85.33
   4     0.0223152454004   -1.7007184637762         85.24
   5     0.0174920781292   -1.6883510371338         85.35
 MICROCYCLE DIIS UPDATE:                    6
   6     0.0066891263275   -1.6987696056534         83.91
   7     0.0036993725401   -1.6986549360343         84.10
   8     0.0024602574663   -1.6996871499403         83.99
   9     0.0013577160779   -1.6997864852098         84.42
  10     0.0012632483467   -1.7000329266600         83.85
 MICROCYCLE DIIS UPDATE:                   11
  11     0.0004465437959   -1.7002925116663         84.64
  12     0.0003658979713   -1.7003982172172         84.58
  13     0.0002509828029   -1.7003636546149         84.46
  14     0.0002199874951   -1.7003591937895         84.24
  15     0.0001637192917   -1.7003594205786         84.11
 MICROCYCLE DIIS UPDATE:                   16
  16     0.0000562040425   -1.7003393054071         85.17
  17     0.0000399242658   -1.7003570873483         84.79
  18     0.0000298368831   -1.7003624909352         84.67
  19     0.0000254953310   -1.7003634209230         84.65
  20     0.0000223197504   -1.7003648370124         84.44
 MICROCYCLE DIIS UPDATE:                   21
  21     0.0000076768615   -1.7003653444005         84.57
  22     0.0000056372554   -1.7003673106916         84.59
  23     0.0000040943110   -1.7003664989469         85.01
  24     0.0000033989709   -1.7003663521124         84.73
  25     0.0000027024117   -1.7003662550636         84.66
 MICROCYCLE DIIS UPDATE:                   26
  26     0.0000011492053   -1.7003654814916         84.76
  27     0.0000007532042   -1.7003660481627         84.66
------------------------------------------------------------------
 Iterations converged
 CCSD correlation energy / hartree =        -1.700366048162661
 CCSD total energy / hartree       =     -3007.818797969059233

Time taken for spin-orbital canonical QED-CCSD: 2363.85 secs
