
ExaChem Git Information
{
 WARNING: Failed to retrieve the current git state.
}


TAMM Git Information
{
 Branch: main
 Commit Hash: e71357ad [e71357ad54f38748b4a7e175aa6760820d5ce96f]
 Commit Date: 2026-02-02 23:14:56 -0800
 Commit Message: add GitHub Actions workflow for releases
}


date: Fri Aug  7 07:11:24 2026
program: "/global/cfs/cdirs/m3196/heindelj/cavity_qed/software/install_gpu/bin/bin/ExaChem"
nnodes: 1, nproc_per_node: 4, nproc_total: 4, ngpus_per_node: 1, ngpus_total: 1

Memory information
{
[AMD EPYC 7763 64-Core Processor                ] : 
  CPU memory per node (GiB): 251
  Total CPU memory (GiB): 251
[NVIDIA A100-SXM4-40GB, CUDA v12.9] : 
  GPU memory per device (GiB): 39
  GPU memory per node (GiB): 39
  Total GPU memory (GiB): 39
}

------------------------------------------------------------

Input file provided: /global/cfs/cdirs/m4262/heindelj/cavity_qed/mlip/lambda_scans/grid_scans_optimized_geoms/runs_grid_no_freq/para_th18_ph54/para_th18_ph54_qed_ccsd_input.json

{
  "geometry": {
    "coordinates": [
      "C    -0.485886251900    1.237587021500    0.617013871300",
      "C     0.871899168400    1.251634849900    0.683164015400",
      "C     1.527380990600    0.021087120300    0.712515368200",
      "H    -1.054022713700    2.159332325500    0.596090602100",
      "H     1.446820129900    2.165327824100    0.710384779700",
      "N     3.023622784400    0.051379908800    0.822789582600",
      "O     3.552182175400   -0.993393711500    1.091531806400",
      "O     3.540893304200    1.117708378500    0.625118389400",
      "C    -0.446141234500   -1.257209489700    0.580081991100",
      "H    -0.984232457800   -2.195418705400    0.534384242000",
      "C     0.910805117500   -1.231362915800    0.661269626100",
      "H     1.515168610000   -2.126635509000    0.688475169800",
      "C    -1.238285875400   -0.021101483600    0.589435873800",
      "H    -1.819136620500   -0.057988150600    1.524521655400",
      "Br   -2.595147884500    0.026573014400   -0.771337364300"
    ],
    "units": "angstrom",
    "noorient": true
  },
  "common": {
    "maxiter": 100,
    "debug": false
  },
  "basis": {
    "basisset": "6-311G*"
  },
  "SCF": {
    "charge": 1,
    "multiplicity": 1,
    "lshift": 0,
    "tol_lindep": 1e-10,
    "conve": 1e-07,
    "convd": 1e-05,
    "diis_hist": 10,
    "writem": 10,
    "restart": false,
    "noscf": false,
    "scf_type": "restricted",
    "debug": false,
    "qed_omegas": [
      0.06615
    ],
    "qed_volumes": [],
    "qed_lambdas": [
      0.1
    ],
    "qed_polvecs": [
      [
        0.18163563200134022,
        0.25,
        0.9510565162951536
      ]
    ],
    "direct_df": false
  },
  "CD": {
    "debug": false,
    "diagtol": 1e-06
  },
  "CC": {
    "threshold": 1e-06,
    "ndiis": 5,
    "ccsd_maxiter": 200,
    "tilesize": 40,
    "freeze": {
      "atomic": true
    },
    "readt": false,
    "writet": true,
    "writet_iter": 5,
    "debug": false,
    "profile_ccsd": false,
    "balance_tiles": true
  },
  "TASK": {
    "scf": false,
    "ccsd": true
  }
}

Output folder & files prefix: para_th18_ph54_qed_ccsd_input.6-311g*

  C (carbon)
  ----------
          Exponent        Coefficients
      ----------------  --------------------
  1 S  4.56324000E+03      0.778202
  1 S  6.82024000E+02      1.448695
  1 S  1.54973000E+02      2.383089
  1 S  4.44553000E+01      3.200089
  1 S  1.30290000E+01      3.013004
  1 S  1.82773000E+00      0.247599

  2 S  2.09642000E+01      0.800629
  2 S  4.80331000E+00      2.127420
  2 S  1.45933000E+00     -0.002868

  3 P  2.09642000E+01      2.573592
  3 P  4.80331000E+00      2.408248
  3 P  1.45933000E+00      1.865281

  4 S  4.83456000E-01      0.413217

  5 P  4.83456000E-01      0.574627

  6 S  1.45585000E-01      0.167976

  7 P  1.45585000E-01      0.128185

  8 D  6.26000000E-01      0.725128


  H (hydrogen)
  ------------
          Exponent        Coefficients
      ----------------  --------------------
  1 S  3.38650000E+01      0.255069
  1 S  5.09479000E+00      0.460109
  1 S  1.15879000E+00      0.678321

  2 S  3.25840000E-01      0.307371

  3 S  1.02741000E-01      0.129336


  N (nitrogen)
  ------------
          Exponent        Coefficients
      ----------------  --------------------
  1 S  6.29348000E+03      0.991968
  1 S  9.49044000E+02      1.823240
  1 S  2.18776000E+02      2.979891
  1 S  6.36916000E+01      4.000007
  1 S  1.88282000E+01      3.881008
  1 S  2.72023000E+00      0.386764

  2 S  3.06331000E+01      1.038501
  2 S  7.02614000E+00      2.834794
  2 S  2.11205000E+00     -0.003208

  3 P  3.06331000E+01      3.935616
  3 P  7.02614000E+00      3.870994
  3 P  2.11205000E+00      2.967271

  4 S  6.84009000E-01      0.536051

  5 P  6.84009000E-01      0.886681

  6 S  2.00878000E-01      0.213850

  7 P  2.00878000E-01      0.191693

  8 D  9.13000000E-01      1.403568


  O (oxygen)
  ----------
          Exponent        Coefficients
      ----------------  --------------------
  1 S  8.58850000E+03      1.205013
  1 S  1.29723000E+03      2.216205
  1 S  2.99296000E+02      3.627452
  1 S  8.73771000E+01      4.888452
  1 S  2.56789000E+01      4.835721
  1 S  3.74004000E+00      0.538229

  2 S  4.21175000E+01      1.341958
  2 S  9.62837000E+00      3.587114
  2 S  2.85332000E+00     -0.005123

  3 P  4.21175000E+01      5.584018
  3 P  9.62837000E+00      5.733366
  3 P  2.85332000E+00      4.332955

  4 S  9.05661000E-01      0.661659

  5 P  9.05661000E-01      1.259352

  6 S  2.55611000E-01      0.256209

  7 P  2.55611000E-01      0.259068

  8 D  1.29200000E+00      2.577026


  Br (bromine)
  ------------
          Exponent        Coefficients
      ----------------  --------------------
  1 S  4.39700000E+05      9.893706
  1 S  6.60300000E+04     18.450679
  1 S  1.51400000E+04     31.049770
  1 S  4.31700000E+03     48.888138
  1 S  1.41400000E+03     64.847798
  1 S  5.23900000E+02     42.245010

  2 S  5.23900000E+02     14.290679
  2 S  2.07700000E+02     24.083128
  2 S  8.65400000E+01      5.132542

  3 S  3.05200000E+01      9.254405

  4 S  1.29800000E+01      4.873782

  5 S  4.41200000E+00      2.169635

  6 S  1.86200000E+00      1.136043

  7 S  3.93200000E-01      0.353892

  8 S  1.40000000E-01      0.163120

  9 P  2.95700000E+03    691.874478
  9 P  7.00300000E+02    925.332763
  9 P  2.24600000E+02   1068.830732

  10 P  8.25900000E+01    122.079275
  10 P  3.31900000E+01     57.580687
  10 P  1.42000000E+01     10.176170

  11 P  1.42000000E+01      3.129736
  11 P  7.43800000E+00      6.538168
  11 P  3.52600000E+00      4.166276

  12 P  1.59500000E+00      2.555000

  13 P  8.46200000E-01      1.156861

  14 P  3.18600000E-01      0.341191

  15 P  1.09600000E-01      0.089888

  16 D  1.34800000E+02    160.709187
  16 D  3.63900000E+01    119.797406
  16 D  1.21600000E+01     55.531619
  16 D  4.34100000E+00     12.984636

  17 D  1.53500000E+00      3.484168

  18 D  4.51000000E-01      0.408525



Printing Internal Coordinates

------------------------------------------------------------
                Bond Lengths

i      j        Length (Angstroms)     Length (Bohr)
0      1          1.3594684368         2.5690230223
0      3          1.0829733274         2.0465229905
0      12         1.4666841829         2.7716314188
1      2          1.3945485420         2.6353148136
1      4          1.0798657014         2.0406504284
2      5          1.5006057313         2.8357338552
2      10         1.3969334366         2.6398216113
5      6          1.2013115043         2.2701497350
5      7          1.2015403017         2.2705820994
8      9          1.0825280510         2.0456815401
8      10         1.3596186523         2.5693068885
8      12         1.4681769750         2.7744523871
10     11         1.0805130211         2.0418736854
12     13         1.1014234577         2.0813886838
12     14         1.9222515899         3.6325290501

Number of Bonds: 15

------------------------------------------------------------
           Bond Angles

i      j      k      Angle (degrees)
0      1      2        117.4746 
0      1      4        122.8002 
0      12     8        116.4793 
0      12     13       106.4579 
0      12     14       110.7404 
1      0      3        121.0713 
1      0      12       121.4760 
1      2      5        116.8977 
1      2      10       125.6547 
2      1      4        119.7250 
2      5      6        115.9501 
2      5      7        115.7904 
2      10     8        117.3707 
2      10     11       119.6741 
3      0      12       117.4478 
5      2      10       117.4445 
6      5      7        128.2586 
8      10     11       122.9552 
8      12     13       105.1738 
8      12     14       113.4044 
9      8      10       121.0034 
9      8      12       117.5013 
10     8      12       121.4730 
13     12     14       103.2722 

Number of Angles: 24

------------------------------------------------------------
              Torsional Angles

i      j      k      l      Angle (degrees)
3      0      1      2        179.7027 
4      1      0      3         -0.4665 
8      10     2      1         -0.2279 
9      8      10     2        179.8295 
10     2      1      0          0.9381 
10     2      1      4       -178.8981 
11     10     2      1        179.8658 
11     10     8      9         -0.2675 
12     0      1      2          0.5348 
12     0      1      4       -179.6344 
13     12     0      1        114.3949 
13     12     0      3        -64.8020 
14     12     0      1       -134.0227 
14     12     0      3         46.7805 

Number of Torsional Angles: 14


----------------------------------------------------------------------
                          Center of Mass

         x               y               z              Unit
   -0.1913154038   0.02356906295    0.1357191988      Angstrom
   -0.3615337168   0.04453907401    0.2564721158          Bohr

----------------------------------------------------------------------
                Moment of Inertia Tensor

           861.441          -14.9735          -1098.47
          -14.9735           4478.17           24.3909
          -1098.47           24.3909           4537.64

----------------------------------------------------------------------
                      Principal Moments of Inertia

           x                 y                 z                Unit
       156.3142173       1253.438466       1356.159222       amu * ang^2
       558.2082041       4476.110025       4842.932504      amu * bohr^2
  2.5956604174e-38  2.0813849616e-37  2.2519569064e-37          g * cm^2

 - Molecule is an asymmetric top.

----------------------------------------------------------------------

         Rotational constants (MHz)

    A = 3.2331e+03        B = 4.0319e+02        C = 3.7265e+02

----------------------------------------------------------------------

        Rotational constants (cm-1)

    A = 1.0784e-01        B = 1.3449e-02        C = 1.2430e-02

----------------------------------------------------------------------

                                Z-Matrix
C   
C        1        2.569023
C        2       2.6353148     1       117.47462
H        3      6.33813477     2     22.32582093     1         -0.2165
H        4      4.73085455     3     39.74448816     2         -0.0309
N        5      4.98820308     4    126.63791675     3         -1.1316
O        6      2.27014974     5    165.66033069     4        -48.9520
O        7      4.08566522     6     25.87332174     5       -135.7715
C        8      8.77018364     7     60.45599715     6         -3.8699
H        9      2.04568154     8    150.56852662     7        -18.6237
C       10      4.02501501     9     33.17104360     8          5.7011
H       11      2.04187369    10     97.12985749     9        179.7738
C       12      6.55290809    11     18.56777657    10         -2.4174
H       13      2.08138868    12    111.97275276    11       -111.6287
Br      14      4.58246418    13     50.49142632    12       -139.0458

----------------------------------------------------------------------

             Converted back to Cartesian

C        0.000000      0.000000      0.000000
C        0.000000      0.000000      2.569023
C        0.000000      0.094284     -0.064605
H        0.000003     -0.175548      6.267784
H       -0.000003      0.083065      1.544003
N        0.000080     -0.381503      6.510526
O        0.001704     -0.056345      4.263784
O       -0.000353     -0.673382      8.302586
C       -0.000086      0.810506     -0.341152
H        0.002793      0.372351      1.657054
C       -0.004217      1.274111     -2.265640
H       -0.001973      0.757996     -0.290072
C       -0.008341      2.450169     -6.620721
H       -0.005502      1.844432     -4.629427
Br      -0.009575      3.245284     -8.992519

----------------------------------------------------------------------
                       Geometry in bohr 

1     C      -0.9181919444    2.3387005276    1.1659872326
2     C       1.6476506377    2.3652470760    1.2909928882
3     C       2.8863317622    0.0398488822    1.3464589064
4     H      -1.9918142594    4.0805467100    1.1264479842
5     H       2.7340937990    4.0918765604    1.3424326776
6     N       5.7138189706    0.0970939560    1.5548469704
7     O       6.7126514608   -1.8772420499    2.0626961718
8     O       6.6913185860    2.1121627240    1.1813025522
9     C      -0.8430847467   -2.3757816184    1.0961960938
10    H      -1.8599297895   -4.1487400849    1.0098398634
11    C       1.7211722262   -2.3269386725    1.2496184887
12    H       2.8632537075   -4.0187586816    1.3010295154
13    C      -2.3400211701   -0.0398760249    1.1138723703
14    H      -3.4376699984   -0.1095817232    2.8809284017
15    Br     -4.9041187579    0.0502157196   -1.4576163692

 Number of nodes, processes per node used for SCF calculation: 1, 4

Common Options
{
  maxiter       = 100
  basis         = 6-311g* spherical
  geom_units    = angstrom
  ang2au factor = 1.889726126
  debug         = false
  file_prefix   = para_th18_ph54_qed_ccsd_input
}

SCF Options
{
  charge            = 1
  multiplicity      = 1
  level shift       = 0
  tol_int           = 1e-22
  tol_sch           = 1e-12
  tol_lindep        = 1e-10
  conve             = 1e-07
  convd             = 1e-05
  diis_hist         = 10
  AO_tilesize       = 30
  writem            = 10
  damp              = 100
  n_lindep          = 0
  scf_type          = restricted
  cuscf             = false
  qed_omegas        = [0.06615,]
  qed_lambdas       = [0.1,]
  qed_polvecs       = [[0.181635632,0.25,0.9510565163,],]
  direct_df         = false
  restart_size      = 2000
  restart           = false
  debug             = false
}

Number of basis functions = 221

Total number of shells = 105

Total number of electrons = 98
  # of alpha electrons    = 49
  # of beta electons      = 49

Nuclear repulsion energy  = 727.070247420879

# of {all,non-negligible} shell-pairs = {5565,4859}
Number of AO tiles = 105

Time for initial setup: 0.05 secs
HF exch = 1.00

Time for computing 1-e integrals T, V, S: 0.01 secs
Time for computing orthogonalizer: 0.01 secs

Superposition of Atomic Density Guess ...
Time taken for SAD: 0.30 secs
Total Time to compute initial guess: 0.30 secs


 SCF iterations
-----------------------------------------------------------------------------
 Iter     Energy            E-Diff       RMSD        |[F,P]|^2       Time(s)
-----------------------------------------------------------------------------
   1  -3011.7049587345    -3.01e+03     1.68e-02     1.50e+03         0.6 
   2  -3005.8165421043     5.89e+00     6.62e-03     7.89e+00         2.0 
   3  -3006.0068779291    -1.90e-01     2.61e-03     3.75e+00         2.0 
   4  -3006.1126904121    -1.06e-01     1.14e-03     9.93e-02         2.1 
   5  -3006.1181620648    -5.47e-03     2.48e-04     1.14e-02         2.0 
   6  -3006.1187187626    -5.57e-04     1.67e-04     1.21e-03         2.1 
   7  -3006.1188401943    -1.21e-04     7.23e-05     1.65e-04         2.0 
   8  -3006.1188612936    -2.11e-05     2.25e-05     2.35e-05         2.0 
   9  -3006.1188642049    -2.91e-06     8.66e-06     4.18e-06         2.0 
  10  -3006.1188646990    -4.94e-07     3.35e-06     8.10e-07         2.1 
  11  -3006.1188647726    -7.36e-08     1.58e-06     1.42e-07         2.1 

** Total SCF energy = -3006.1188647725949

Nuclear repulsion energy = 727.070247420879241
#electrons        = 98
1e energy kinetic = 3006.1687427236051917
1e energy N-e     = -8607.2759513613382296
1e energy         = -5598.7602517715868089
2e energy         = 1867.7375512948190135
QED energy        = 0.1805451494391339
QED eT energy     = 0.1562286604864196
QED eT energy from matrix = 0.1562286604864224

 Polarizability Matrix (QED energy = 0.5 * lambda.dot(matrix * lambda))
[43.37608411, -0.14348096,  1.38270222]
[-0.14348096, 43.36006115, -1.09836567]
[ 1.38270222, -1.09836567, 35.40663978]

 Polarizability Matrix (QED eT energy = 0.5 * lambda.dot(matrix * lambda))
[40.05253712, -0.15047082,  1.84413364]
[-0.15047082, 40.07096473, -1.30439106]
[ 1.84413364, -1.30439106, 30.31117036]


                      Electron        Nuclear        Total  
                  ------------------------------------------
    Monopole         -98.000000     99.000000      1.000000

      Dipole   X      11.928866    -13.184589     -1.255723
      Dipole   Y      -4.232423      4.219117     -0.013306
      Dipole   Z     -35.772021     37.058780      1.286759

  Quadrupole  XX   -1999.846754   1950.108609    -49.738145
  Quadrupole  XY      -7.185449      6.901346     -0.284103
  Quadrupole  XZ    -502.420900    501.132934     -1.287966
  Quadrupole  YY    -304.678278    263.561632    -41.116646
  Quadrupole  YZ      11.235412    -10.500623      0.734789
  Quadrupole  ZZ    -250.437105    203.628445    -46.808660

    Octupole XXX   -2240.427695   2099.754468   -140.673227
    Octupole XXY    -145.099644    142.039940     -3.059703
    Octupole XXZ    -562.253871    515.474648    -46.779223
    Octupole XYY    -535.798235    507.346194    -28.452041
    Octupole XYZ      60.563242    -56.142809      4.420434
    Octupole XZZ     -73.866183     45.024062    -28.842122
    Octupole YYY     -29.138315     22.698947     -6.439368
    Octupole YYZ    -359.207760    339.291069    -19.916691
    Octupole YZZ      31.075819    -30.395574      0.680245
    Octupole ZZZ    -185.019985     97.280052    -87.739932

writing orbitals and density to disk ... done.

Total Time taken for Hartree-Fock: 26.11 secs

CD Options
{
  debug             = false
  skip_cd           = [false, 100]
  write_cv          = [false, 5000]
  diagtol           = 1e-06
  itilesize         = 1000
  max_cvecs_factor  = 12
}

- #occupied, #virtual = 98, 344

- Tilesize for the MSO space: 40

-----------------------------------------------------
Begin 2-index transformation ... 

nAO, nMO, nelectrons = 221, 442, 98
n_occ_alpha, n_vir_alpha, n_occ_beta, n_vir_beta = 49,172,49,172

Time taken for Fao->Fmo transform: 0.00 secs

-----------------------------------------------------
Number of AO tiles = 105
# of {all,non-negligible} shell-pairs = {5565,4859}

    Begin Cholesky Decomposition
---------------------------------------------
Total # of mpi ranks used for Cholesky decomposition: 4
  --> Number of nodes, mpi ranks per node: 1, 4
- CPU memory required for computing cholesky vectors: 1.93 GiB

- Time for computing the diagonal: 0.01 secs

- Total number of cholesky vectors = 1648

- Time to compute cholesky vectors: 15.16 secs

- CPU memory required for resizing the ao cholesky tensor: 1.57 GiB
- CPU memory required for ao2mo transformation: 1.70 GiB
- CPU memory required for the 2-step contraction: 2.11 GiB

- Time for ao to mo transform: 1.60 secs

   End Cholesky Decomposition
---------------------------------------------

Total Time taken for Cholesky Decomposition: 19.05 secs

scf_type = restricted
Closed-Shell SCF
QED-HF Enabled
nbf = 203
nbf_orig = 221
n_lindep = 0
focc = 1
nmo = 406
nocc = 62
nvir = 344
n_occ_alpha = 31
n_vir_alpha = 172
n_occ_beta = 31
n_vir_beta = 172
nelectrons = 98
nelectrons_alpha = 49
nelectrons_beta = 49
freeze atomic = true
n_frozen_core = 18
n_frozen_virtual = 0
----------------------------
--------- QED-CCSD --------
lambda_x: 0.0182
lambda_y: 0.0250
lambda_z: 0.0951
omega: 0.066150
coupling_factor_x: 0.003303
coupling_factor_y: 0.004547
coupling_factor_z: 0.017296
----------------------------
# of {all,non-negligible} shell-pairs = {5565,4859}
Number of AO tiles = 105
----------------------------
Electronic dipole expectation value using SCF density: 
dipole_x_elec: 11.92911351
dipole_y_elec: -4.23216975
dipole_z_elec: -35.77194557

d_n/N value: d_n is nuclear dipole moment and N is the total number of electrons 
d_nuc_x: -0.13453663
d_nuc_y: 0.04305221
d_nuc_z: 0.37815082

<d_e+d_n> expectation values: 
dipole_total_x: -1.25547580
dipole_total_y: -0.01305268
dipole_total_z: 1.28683441
----------------------------


 CCSD iterations
------------------------------------------------------------
  Iter     Residuum          Correlation          Time(s)
------------------------------------------------------------
   1     1.1857911137517    0.0000000000000         84.74
   2     0.1641916530733   -1.6720686073504         83.91
   3     0.0635073267621   -1.6306308607573         84.33
   4     0.0187350856086   -1.6961506447386         83.67
   5     0.0137780318997   -1.6899025190205         84.13
 MICROCYCLE DIIS UPDATE:                    6
   6     0.0062765831160   -1.6984117236095         82.20
   7     0.0037612485782   -1.6983012763639         82.28
   8     0.0023027691365   -1.6991918430923         82.50
   9     0.0015287225717   -1.6993456755981         83.32
  10     0.0012517664915   -1.6995310632331         83.31
 MICROCYCLE DIIS UPDATE:                   11
  11     0.0003533770068   -1.6998076114256         84.63
  12     0.0002729429473   -1.6998239124009         84.39
  13     0.0002283568059   -1.6998456164329         84.38
  14     0.0002241944783   -1.6998319448664         84.34
  15     0.0002326404169   -1.6998398901614         84.49
 MICROCYCLE DIIS UPDATE:                   16
  16     0.0000631000737   -1.6998292823100         84.90
  17     0.0000436037468   -1.6998368326324         85.05
  18     0.0000338818327   -1.6998413019988         85.19
  19     0.0000286563430   -1.6998419448891         84.37
  20     0.0000253876939   -1.6998425547759         84.50
 MICROCYCLE DIIS UPDATE:                   21
  21     0.0000118739605   -1.6998438842865         85.43
  22     0.0000088867050   -1.6998439350210         85.51
  23     0.0000076740945   -1.6998437582112         84.66
  24     0.0000076009061   -1.6998433673781         84.42
  25     0.0000080304771   -1.6998434236518         84.17
 MICROCYCLE DIIS UPDATE:                   26
  26     0.0000023484149   -1.6998426611387         84.69
  27     0.0000015599504   -1.6998431943450         83.95
  28     0.0000012238444   -1.6998433430727         83.89
  29     0.0000010170664   -1.6998433957223         83.90
  30     0.0000008984195   -1.6998434216887         83.94
------------------------------------------------------------------
 Iterations converged
 CCSD correlation energy / hartree =        -1.699843421688734
 CCSD total energy / hartree       =     -3007.818708194283772

Time taken for spin-orbital canonical QED-CCSD: 2582.87 secs
