
ExaChem Git Information
{
 WARNING: Failed to retrieve the current git state.
}


TAMM Git Information
{
 Branch: main
 Commit Hash: e71357ad [e71357ad54f38748b4a7e175aa6760820d5ce96f]
 Commit Date: 2026-02-02 23:14:56 -0800
 Commit Message: add GitHub Actions workflow for releases
}


date: Fri Aug  7 08:46:46 2026
program: "/global/cfs/cdirs/m3196/heindelj/cavity_qed/software/install_gpu/bin/bin/ExaChem"
nnodes: 1, nproc_per_node: 4, nproc_total: 4, ngpus_per_node: 1, ngpus_total: 1

Memory information
{
[AMD EPYC 7763 64-Core Processor                ] : 
  CPU memory per node (GiB): 251
  Total CPU memory (GiB): 251
[NVIDIA A100-SXM4-40GB, CUDA v12.9] : 
  GPU memory per device (GiB): 39
  GPU memory per node (GiB): 39
  Total GPU memory (GiB): 39
}

------------------------------------------------------------

Input file provided: /global/cfs/cdirs/m4262/heindelj/cavity_qed/mlip/lambda_scans/grid_scans_optimized_geoms/runs_grid_no_freq/para_th72_ph18/para_th72_ph18_qed_ccsd_input.json

{
  "geometry": {
    "coordinates": [
      "C    -0.515974551000    1.237725270800    0.863412616100",
      "C     0.841193666800    1.242393066100    0.825676938800",
      "C     1.486654849500    0.016216862300    0.742164908600",
      "H    -1.075073990300    2.164009824900    0.914539477200",
      "H     1.407983065200    2.157822213900    0.833754020700",
      "N     2.967379965400    0.045581389700    0.601437331100",
      "O     3.550561942000   -0.926937478600    0.995744523200",
      "O     3.406045617500    1.032360604100    0.075660235300",
      "C    -0.471859081800   -1.259677274000    0.772653435300",
      "H    -1.003838757200   -2.198683599000    0.748637658000",
      "C     0.880843206100   -1.238167938800    0.772516936300",
      "H     1.478049151200   -2.137179564000    0.777140976200",
      "C    -1.259127450000   -0.018085857100    0.692715432400",
      "H    -2.183109075000   -0.055463315800    1.260500873900",
      "Br   -1.743809323400    0.085606272900   -1.211115763700"
    ],
    "units": "angstrom",
    "noorient": true
  },
  "common": {
    "maxiter": 100,
    "debug": false
  },
  "basis": {
    "basisset": "6-311G*"
  },
  "SCF": {
    "charge": 1,
    "multiplicity": 1,
    "lshift": 0,
    "tol_lindep": 1e-10,
    "conve": 1e-07,
    "convd": 1e-05,
    "diis_hist": 10,
    "writem": 10,
    "restart": false,
    "noscf": false,
    "scf_type": "restricted",
    "debug": false,
    "qed_omegas": [
      0.06615
    ],
    "qed_volumes": [],
    "qed_lambdas": [
      0.1
    ],
    "qed_polvecs": [
      [
        0.9045084971874737,
        0.29389262614623657,
        0.3090169943749475
      ]
    ],
    "direct_df": false
  },
  "CD": {
    "debug": false,
    "diagtol": 1e-06
  },
  "CC": {
    "threshold": 1e-06,
    "ndiis": 5,
    "ccsd_maxiter": 200,
    "tilesize": 40,
    "freeze": {
      "atomic": true
    },
    "readt": false,
    "writet": true,
    "writet_iter": 5,
    "debug": false,
    "profile_ccsd": false,
    "balance_tiles": true
  },
  "TASK": {
    "scf": false,
    "ccsd": true
  }
}

Output folder & files prefix: para_th72_ph18_qed_ccsd_input.6-311g*

  C (carbon)
  ----------
          Exponent        Coefficients
      ----------------  --------------------
  1 S  4.56324000E+03      0.778202
  1 S  6.82024000E+02      1.448695
  1 S  1.54973000E+02      2.383089
  1 S  4.44553000E+01      3.200089
  1 S  1.30290000E+01      3.013004
  1 S  1.82773000E+00      0.247599

  2 S  2.09642000E+01      0.800629
  2 S  4.80331000E+00      2.127420
  2 S  1.45933000E+00     -0.002868

  3 P  2.09642000E+01      2.573592
  3 P  4.80331000E+00      2.408248
  3 P  1.45933000E+00      1.865281

  4 S  4.83456000E-01      0.413217

  5 P  4.83456000E-01      0.574627

  6 S  1.45585000E-01      0.167976

  7 P  1.45585000E-01      0.128185

  8 D  6.26000000E-01      0.725128


  H (hydrogen)
  ------------
          Exponent        Coefficients
      ----------------  --------------------
  1 S  3.38650000E+01      0.255069
  1 S  5.09479000E+00      0.460109
  1 S  1.15879000E+00      0.678321

  2 S  3.25840000E-01      0.307371

  3 S  1.02741000E-01      0.129336


  N (nitrogen)
  ------------
          Exponent        Coefficients
      ----------------  --------------------
  1 S  6.29348000E+03      0.991968
  1 S  9.49044000E+02      1.823240
  1 S  2.18776000E+02      2.979891
  1 S  6.36916000E+01      4.000007
  1 S  1.88282000E+01      3.881008
  1 S  2.72023000E+00      0.386764

  2 S  3.06331000E+01      1.038501
  2 S  7.02614000E+00      2.834794
  2 S  2.11205000E+00     -0.003208

  3 P  3.06331000E+01      3.935616
  3 P  7.02614000E+00      3.870994
  3 P  2.11205000E+00      2.967271

  4 S  6.84009000E-01      0.536051

  5 P  6.84009000E-01      0.886681

  6 S  2.00878000E-01      0.213850

  7 P  2.00878000E-01      0.191693

  8 D  9.13000000E-01      1.403568


  O (oxygen)
  ----------
          Exponent        Coefficients
      ----------------  --------------------
  1 S  8.58850000E+03      1.205013
  1 S  1.29723000E+03      2.216205
  1 S  2.99296000E+02      3.627452
  1 S  8.73771000E+01      4.888452
  1 S  2.56789000E+01      4.835721
  1 S  3.74004000E+00      0.538229

  2 S  4.21175000E+01      1.341958
  2 S  9.62837000E+00      3.587114
  2 S  2.85332000E+00     -0.005123

  3 P  4.21175000E+01      5.584018
  3 P  9.62837000E+00      5.733366
  3 P  2.85332000E+00      4.332955

  4 S  9.05661000E-01      0.661659

  5 P  9.05661000E-01      1.259352

  6 S  2.55611000E-01      0.256209

  7 P  2.55611000E-01      0.259068

  8 D  1.29200000E+00      2.577026


  Br (bromine)
  ------------
          Exponent        Coefficients
      ----------------  --------------------
  1 S  4.39700000E+05      9.893706
  1 S  6.60300000E+04     18.450679
  1 S  1.51400000E+04     31.049770
  1 S  4.31700000E+03     48.888138
  1 S  1.41400000E+03     64.847798
  1 S  5.23900000E+02     42.245010

  2 S  5.23900000E+02     14.290679
  2 S  2.07700000E+02     24.083128
  2 S  8.65400000E+01      5.132542

  3 S  3.05200000E+01      9.254405

  4 S  1.29800000E+01      4.873782

  5 S  4.41200000E+00      2.169635

  6 S  1.86200000E+00      1.136043

  7 S  3.93200000E-01      0.353892

  8 S  1.40000000E-01      0.163120

  9 P  2.95700000E+03    691.874478
  9 P  7.00300000E+02    925.332763
  9 P  2.24600000E+02   1068.830732

  10 P  8.25900000E+01    122.079275
  10 P  3.31900000E+01     57.580687
  10 P  1.42000000E+01     10.176170

  11 P  1.42000000E+01      3.129736
  11 P  7.43800000E+00      6.538168
  11 P  3.52600000E+00      4.166276

  12 P  1.59500000E+00      2.555000

  13 P  8.46200000E-01      1.156861

  14 P  3.18600000E-01      0.341191

  15 P  1.09600000E-01      0.089888

  16 D  1.34800000E+02    160.709187
  16 D  3.63900000E+01    119.797406
  16 D  1.21600000E+01     55.531619
  16 D  4.34100000E+00     12.984636

  17 D  1.53500000E+00      3.484168

  18 D  4.51000000E-01      0.408525



Printing Internal Coordinates

------------------------------------------------------------
                Bond Lengths

i      j        Length (Angstroms)     Length (Bohr)
0      1          1.3577007553         2.5656825885
0      3          1.0831478265         2.0468527460
0      12         1.4691750572         2.7763384892
1      2          1.3882011671         2.6233200135
1      4          1.0767200128         2.0347059385
2      5          1.4876872640         2.8113214899
2      10         1.3933449760         2.6330404035
5      6          1.2005716675         2.2687516461
5      7          1.2010838134         2.2697194616
8      9          1.0794961839         2.0399521415
8      10         1.3528732941         2.5565600089
8      12         1.4723215730         2.7822845423
10     11         1.0793045098         2.0395899300
12     13         1.0851356714         2.0506092284
12     14         1.9672930131         3.7176450042

Number of Bonds: 15

------------------------------------------------------------
           Bond Angles

i      j      k      Angle (degrees)
0      1      2        117.6077 
0      1      4        121.9320 
0      12     8        116.3618 
0      12     13       113.5381 
0      12     14       101.0699 
1      0      3        120.9540 
1      0      12       120.3540 
1      2      5        116.8106 
1      2      10       126.2793 
2      1      4        120.4418 
2      5      6        115.8759 
2      5      7        114.9067 
2      10     8        116.6828 
2      10     11       120.6236 
3      0      12       118.3833 
5      2      10       116.9097 
6      5      7        129.1887 
8      10     11       122.6844 
8      12     13       113.4436 
8      12     14       103.2222 
9      8      10       120.4356 
9      8      12       117.9579 
10     8      12       121.4149 
13     12     14       107.3612 

Number of Angles: 24

------------------------------------------------------------
              Torsional Angles

i      j      k      l      Angle (degrees)
3      0      1      2       -179.1404 
4      1      0      3         -0.7002 
8      10     2      1          5.8212 
9      8      10     2        177.1239 
10     2      1      0         -4.0946 
10     2      1      4        177.4409 
11     10     2      1       -175.2535 
11     10     8      9         -1.7773 

Number of Torsional Angles: 8


----------------------------------------------------------------------
                          Center of Mass

         x               y               z              Unit
    0.1163724423   0.04365973223  -0.05237486929      Angstrom
    0.2199120445   0.08250493664  -0.09897415884          Bohr

----------------------------------------------------------------------
                Moment of Inertia Tensor

           1107.31           28.9295          -939.373
           28.9295           3631.72           66.3389
          -939.373           66.3389           3411.89

----------------------------------------------------------------------
                      Principal Moments of Inertia

           x                 y                 z                Unit
       216.2022004       1011.420578       1054.867842       amu * ang^2
       772.0720743       3611.848457       3767.001452      amu * bohr^2
  3.5901244513e-38  1.6795045295e-37  1.7516504576e-37          g * cm^2

 - Molecule is an asymmetric top.

----------------------------------------------------------------------

         Rotational constants (MHz)

    A = 2.3375e+03        B = 4.9967e+02        C = 4.7909e+02

----------------------------------------------------------------------

        Rotational constants (cm-1)

    A = 7.7972e-02        B = 1.6667e-02        C = 1.5981e-02

----------------------------------------------------------------------

                                Z-Matrix
C   
C        1       2.5656826
C        2         2.62332     1        117.6077
H        3      6.32569619     2     22.23095005     1          0.6305
H        4      4.69479510     3     39.81183296     2          1.2639
N        5      4.98087180     4    126.59660268     3          2.5404
O        6      2.26875165     5    155.17453515     4        -79.0114
O        7      4.09956867     6     25.41146753     5       -121.4434
C        8      8.61379000     7     62.46334121     6        -11.1663
H        9      2.03995214     8    148.56645977     7        -41.0228
C       10      3.99764702     9     33.46245986     8         18.4939
H       11      2.03958993    10     96.59270080     9        178.4942
C       12      6.54342648    11     18.69084275    10          3.0134
H       13      2.05060923    12    129.73640403    11       -132.1346
Br      14      4.75136441    13     48.31321541    12       -126.9655

----------------------------------------------------------------------

             Converted back to Cartesian

C        0.000000      0.000000      0.000000
C        0.000000      0.000000      2.565683
C        0.000000      0.093961     -0.055954
H       -0.000008     -0.175415      6.264004
H       -0.000013      0.081378      1.576237
N       -0.000119     -0.382605      6.535451
O        0.002571     -0.064797      4.289071
O       -0.001898     -0.670467      8.343649
C        0.006018      0.763987     -0.149858
H        0.006129      0.333643      1.844186
C        0.004806      1.216752     -2.054699
H        0.003847      0.707887     -0.079608
C        0.007902      2.376469     -6.406712
H        0.007763      1.775636     -4.446101
Br       0.009814      3.234479     -8.967963

----------------------------------------------------------------------
                       Geometry in bohr 

1     C      -0.9750505893    2.3389617809    1.6316133781
2     C       1.5896256491    2.3477826357    1.5603032828
3     C       2.8093705093    0.0306454284    1.4024884175
4     H      -2.0315954068    4.0893859028    1.7282291432
5     H       2.6607023831    4.0776930127    1.5755667555
6     N       5.6075354461    0.0861363430    1.1365518377
7     O       6.7095896635   -1.7516579704    1.8816844402
8     O       6.4364933894    1.9508788049    0.1429771233
9     C      -0.8916844346   -2.3804450549    1.4601033830
10    H      -1.8969803257   -4.1549098396    1.4147201412
11    C       1.6645524194   -2.3397983022    1.4598454372
12    H       2.7931080964   -4.0386840578    1.4685836062
13    C      -2.3794060381   -0.0341773167    1.3090424504
14    H      -4.1254782547   -0.1048104769    2.3820014331
15    Br     -3.2953220370    0.1617724104   -2.2886771002

 Number of nodes, processes per node used for SCF calculation: 1, 4

Common Options
{
  maxiter       = 100
  basis         = 6-311g* spherical
  geom_units    = angstrom
  ang2au factor = 1.889726126
  debug         = false
  file_prefix   = para_th72_ph18_qed_ccsd_input
}

SCF Options
{
  charge            = 1
  multiplicity      = 1
  level shift       = 0
  tol_int           = 1e-22
  tol_sch           = 1e-12
  tol_lindep        = 1e-10
  conve             = 1e-07
  convd             = 1e-05
  diis_hist         = 10
  AO_tilesize       = 30
  writem            = 10
  damp              = 100
  n_lindep          = 0
  scf_type          = restricted
  cuscf             = false
  qed_omegas        = [0.06615,]
  qed_lambdas       = [0.1,]
  qed_polvecs       = [[0.9045084972,0.2938926261,0.3090169944,],]
  direct_df         = false
  restart_size      = 2000
  restart           = false
  debug             = false
}

Number of basis functions = 221

Total number of shells = 105

Total number of electrons = 98
  # of alpha electrons    = 49
  # of beta electons      = 49

Nuclear repulsion energy  = 752.507217192407

# of {all,non-negligible} shell-pairs = {5565,4933}
Number of AO tiles = 105

Time for initial setup: 0.01 secs
HF exch = 1.00

Time for computing 1-e integrals T, V, S: 0.01 secs
Time for computing orthogonalizer: 0.01 secs

Superposition of Atomic Density Guess ...
Time taken for SAD: 0.42 secs
Total Time to compute initial guess: 0.42 secs


 SCF iterations
-----------------------------------------------------------------------------
 Iter     Energy            E-Diff       RMSD        |[F,P]|^2       Time(s)
-----------------------------------------------------------------------------
   1  -3011.7650896348    -3.01e+03     1.67e-02     1.53e+03         0.6 
   2  -3005.7097562655     6.06e+00     6.69e-03     1.01e+01         2.1 
   3  -3006.0103789677    -3.01e-01     2.25e-03     2.62e+00         2.1 
   4  -3006.0861112532    -7.57e-02     1.18e-03     9.85e-02         2.2 
   5  -3006.0922330916    -6.12e-03     3.03e-04     1.31e-02         2.1 
   6  -3006.0929808314    -7.48e-04     2.29e-04     2.17e-03         2.2 
   7  -3006.0931972301    -2.16e-04     9.51e-05     3.13e-04         2.2 
   8  -3006.0932327342    -3.55e-05     2.16e-05     3.79e-05         2.1 
   9  -3006.0932366071    -3.87e-06     9.90e-06     8.22e-06         2.2 
  10  -3006.0932375109    -9.04e-07     5.47e-06     1.30e-06         2.2 
  11  -3006.0932377028    -1.92e-07     2.22e-06     2.10e-07         2.2 
  12  -3006.0932377325    -2.96e-08     1.08e-06     4.09e-08         2.2 

** Total SCF energy = -3006.0932377324689

Nuclear repulsion energy = 752.507217192407097
#electrons        = 98
1e energy kinetic = 3006.2275326125527499
1e energy N-e     = -8657.8873723525011883
1e energy         = -5644.1420423383242451
2e energy         = 1892.8570712907935558
QED energy        = 0.2023135242793206
QED eT energy     = 0.1839390604175588
QED eT energy from matrix = 0.1839390604175461

 Polarizability Matrix (QED energy = 0.5 * lambda.dot(matrix * lambda))
[40.91753904, -0.75320916,  0.71891952]
[-0.75320916, 42.80907180, -1.78183334]
[ 0.71891952, -1.78183334, 37.81772001]

 Polarizability Matrix (QED eT energy = 0.5 * lambda.dot(matrix * lambda))
[37.34153727, -0.81443864,  0.85492880]
[-0.81443864, 39.44851730, -2.15683380]
[ 0.85492880, -2.15683380, 33.26922557]


                      Electron        Nuclear        Total  
                  ------------------------------------------
    Monopole         -98.000000     99.000000      1.000000

      Dipole   X     -38.925018     37.389343     -1.535675
      Dipole   Y      -7.469394      7.505245      0.035851
      Dipole   Z      -4.064544      5.558936      1.494392

  Quadrupole  XX   -1505.214201   1454.969563    -50.244638
  Quadrupole  XY      10.100073    -10.189829     -0.089756
  Quadrupole  XZ    -427.055801    426.274232     -0.781569
  Quadrupole  YY    -296.234225    255.654300    -40.579926
  Quadrupole  YZ      32.962221    -31.459128      1.503094
  Quadrupole  ZZ    -359.935118    314.406420    -45.528699

    Octupole XXX   -4767.004064   4580.879366   -186.124698
    Octupole XXY     -94.990280     92.639201     -2.351080
    Octupole XXZ    -372.281071    355.839631    -16.441440
    Octupole XYY    -472.342239    425.902653    -46.439586
    Octupole XYZ     127.466772   -119.206496      8.260275
    Octupole XZZ     307.160900   -356.751232    -49.590331
    Octupole YYY     -21.341756     11.772390     -9.569366
    Octupole YYZ    -356.618691    354.778856     -1.839835
    Octupole YZZ       4.642477     -2.848473      1.794003
    Octupole ZZZ     143.086783   -211.190578    -68.103795

writing orbitals and density to disk ... done.

Total Time taken for Hartree-Fock: 26.16 secs

CD Options
{
  debug             = false
  skip_cd           = [false, 100]
  write_cv          = [false, 5000]
  diagtol           = 1e-06
  itilesize         = 1000
  max_cvecs_factor  = 12
}

- #occupied, #virtual = 98, 344

- Tilesize for the MSO space: 40

-----------------------------------------------------
Begin 2-index transformation ... 

nAO, nMO, nelectrons = 221, 442, 98
n_occ_alpha, n_vir_alpha, n_occ_beta, n_vir_beta = 49,172,49,172

Time taken for Fao->Fmo transform: 0.00 secs

-----------------------------------------------------
Number of AO tiles = 105
# of {all,non-negligible} shell-pairs = {5565,4933}

    Begin Cholesky Decomposition
---------------------------------------------
Total # of mpi ranks used for Cholesky decomposition: 4
  --> Number of nodes, mpi ranks per node: 1, 4
- CPU memory required for computing cholesky vectors: 1.93 GiB

- Time for computing the diagonal: 0.01 secs

- Total number of cholesky vectors = 1645

- Time to compute cholesky vectors: 13.44 secs

- CPU memory required for resizing the ao cholesky tensor: 1.56 GiB
- CPU memory required for ao2mo transformation: 1.70 GiB
- CPU memory required for the 2-step contraction: 2.11 GiB

- Time for ao to mo transform: 1.61 secs

   End Cholesky Decomposition
---------------------------------------------

Total Time taken for Cholesky Decomposition: 16.99 secs

scf_type = restricted
Closed-Shell SCF
QED-HF Enabled
nbf = 203
nbf_orig = 221
n_lindep = 0
focc = 1
nmo = 406
nocc = 62
nvir = 344
n_occ_alpha = 31
n_vir_alpha = 172
n_occ_beta = 31
n_vir_beta = 172
nelectrons = 98
nelectrons_alpha = 49
nelectrons_beta = 49
freeze atomic = true
n_frozen_core = 18
n_frozen_virtual = 0
----------------------------
--------- QED-CCSD --------
lambda_x: 0.0905
lambda_y: 0.0294
lambda_z: 0.0309
omega: 0.066150
coupling_factor_x: 0.016450
coupling_factor_y: 0.005345
coupling_factor_z: 0.005620
----------------------------
# of {all,non-negligible} shell-pairs = {5565,4933}
Number of AO tiles = 105
----------------------------
Electronic dipole expectation value using SCF density: 
dipole_x_elec: -38.92488336
dipole_y_elec: -7.46922762
dipole_z_elec: -4.06445362

d_n/N value: d_n is nuclear dipole moment and N is the total number of electrons 
d_nuc_x: 0.38152391
d_nuc_y: 0.07658413
d_nuc_z: 0.05672384

<d_e+d_n> expectation values: 
dipole_total_x: -1.53554053
dipole_total_y: 0.03601739
dipole_total_z: 1.49448242
----------------------------


 CCSD iterations
------------------------------------------------------------
  Iter     Residuum          Correlation          Time(s)
------------------------------------------------------------
   1     1.1848392981941    0.0000000000000         87.07
   2     0.1799769525579   -1.5848913623428         85.22
   3     0.0688684109418   -1.6285898816841         84.44
   4     0.0290440127304   -1.6947443479061         84.71
   5     0.0228347525218   -1.6912459442460         85.68
 MICROCYCLE DIIS UPDATE:                    6
   6     0.0114316676816   -1.7039216821849         84.29
   7     0.0076320621547   -1.7031902210554         83.26
   8     0.0067075592774   -1.7050700809005         83.67
   9     0.0069930730848   -1.7054350902276         84.42
  10     0.0091575637825   -1.7058655775575         84.56
 MICROCYCLE DIIS UPDATE:                   11
  11     0.0012710227142   -1.7068555655081         84.53
  12     0.0009193382661   -1.7066894150498         84.88
  13     0.0009360761030   -1.7069088275051         84.59
  14     0.0013519840050   -1.7068155833373         84.68
  15     0.0021861597642   -1.7069046049295         84.90
 MICROCYCLE DIIS UPDATE:                   16
  16     0.0002664006312   -1.7069395181470         84.04
  17     0.0001955086102   -1.7068891916181         83.99
  18     0.0001991062671   -1.7069195489666         83.98
  19     0.0002105124766   -1.7069239454122         84.35
  20     0.0002882574637   -1.7069281494147         83.79
 MICROCYCLE DIIS UPDATE:                   21
  21     0.0000825073692   -1.7069667766368         84.15
  22     0.0000599969462   -1.7069496626676         83.96
  23     0.0000572298304   -1.7069537554543         84.32
  24     0.0000709902540   -1.7069475026328         83.80
  25     0.0001094635715   -1.7069496452863         83.81
 MICROCYCLE DIIS UPDATE:                   26
  26     0.0000240551386   -1.7069455257522         85.33
  27     0.0000187944874   -1.7069446028782         84.60
  28     0.0000181592694   -1.7069469966117         83.28
  29     0.0000199130429   -1.7069477130367         83.22
  30     0.0000281437677   -1.7069479462035         83.27
 MICROCYCLE DIIS UPDATE:                   31
  31     0.0000078187621   -1.7069518894773         83.88
  32     0.0000055701183   -1.7069498665786         84.48
  33     0.0000051030996   -1.7069499391952         84.71
  34     0.0000058440602   -1.7069494088203         84.34
  35     0.0000083092456   -1.7069494975422         83.30
 MICROCYCLE DIIS UPDATE:                   36
  36     0.0000022518613   -1.7069490196792         84.20
  37     0.0000018023382   -1.7069490080582         84.43
  38     0.0000017793196   -1.7069492440333         84.41
  39     0.0000020828347   -1.7069493149351         84.60
  40     0.0000031647232   -1.7069493379071         85.47
 MICROCYCLE DIIS UPDATE:                   41
  41     0.0000007404899   -1.7069497120234         84.76
------------------------------------------------------------------
 Iterations converged
 CCSD correlation energy / hartree =        -1.706949712023366
 CCSD total energy / hartree       =     -3007.800187444492167

Time taken for spin-orbital canonical QED-CCSD: 3560.78 secs
