
ExaChem Git Information
{
 WARNING: Failed to retrieve the current git state.
}


TAMM Git Information
{
 Branch: main
 Commit Hash: e71357ad [e71357ad54f38748b4a7e175aa6760820d5ce96f]
 Commit Date: 2026-02-02 23:14:56 -0800
 Commit Message: add GitHub Actions workflow for releases
}


date: Thu Aug  6 20:25:28 2026
program: "/global/cfs/cdirs/m3196/heindelj/cavity_qed/software/install_gpu/bin/bin/ExaChem"
nnodes: 1, nproc_per_node: 4, nproc_total: 4, ngpus_per_node: 1, ngpus_total: 1

Memory information
{
[AMD EPYC 7763 64-Core Processor                ] : 
  CPU memory per node (GiB): 251
  Total CPU memory (GiB): 251
[NVIDIA A100-SXM4-40GB, CUDA v12.9] : 
  GPU memory per device (GiB): 39
  GPU memory per node (GiB): 39
  Total GPU memory (GiB): 39
}

------------------------------------------------------------

Input file provided: /global/cfs/cdirs/m4262/heindelj/cavity_qed/mlip/lambda_scans/grid_scans_optimized_geoms/runs_grid_no_freq/ortho_th45_ph36/ortho_th45_ph36_qed_ccsd_input.json

{
  "geometry": {
    "coordinates": [
      "C    -1.797959775300    1.949026086500    0.759032155100",
      "C    -0.381273247900    1.989420745200    0.712769176700",
      "C     0.276540935700    0.820229521600    0.690591683800",
      "C    -2.520781438400    0.755163185700    0.783323418400",
      "H    -2.337301553400    2.889739139500    0.798627341500",
      "H     0.151150871400    2.926979576300    0.716392115300",
      "H    -3.597613776300    0.780634215500    0.839559176400",
      "N     1.758210158000    0.800952455300    0.752120763300",
      "O     2.249205705900   -0.227622308600    1.141939843800",
      "O     2.309581935400    1.805458227200    0.397383050900",
      "C    -1.843594943600   -0.423675437600    0.694263556200",
      "H    -2.368468207800   -1.367498660800    0.664500769100",
      "C    -0.382598777800   -0.483928044800    0.613006897900",
      "H     0.025073250700   -1.184389765700    1.343209551300",
      "Br    0.106327994000   -1.246012222500   -1.116991549400"
    ],
    "units": "angstrom",
    "noorient": true
  },
  "common": {
    "maxiter": 100,
    "debug": false
  },
  "basis": {
    "basisset": "6-311G*"
  },
  "SCF": {
    "charge": 1,
    "multiplicity": 1,
    "lshift": 0,
    "tol_lindep": 1e-10,
    "conve": 1e-07,
    "convd": 1e-05,
    "diis_hist": 10,
    "writem": 10,
    "restart": false,
    "noscf": false,
    "scf_type": "restricted",
    "debug": false,
    "qed_omegas": [
      0.06615
    ],
    "qed_volumes": [],
    "qed_lambdas": [
      0.1
    ],
    "qed_polvecs": [
      [
        0.5720614028176843,
        0.4156269377774534,
        0.7071067811865476
      ]
    ],
    "direct_df": false
  },
  "CD": {
    "debug": false,
    "diagtol": 1e-06
  },
  "CC": {
    "threshold": 1e-06,
    "ndiis": 5,
    "ccsd_maxiter": 200,
    "tilesize": 40,
    "freeze": {
      "atomic": true
    },
    "readt": false,
    "writet": true,
    "writet_iter": 5,
    "debug": false,
    "profile_ccsd": false,
    "balance_tiles": true
  },
  "TASK": {
    "scf": false,
    "ccsd": true
  }
}

Output folder & files prefix: ortho_th45_ph36_qed_ccsd_input.6-311g*

  C (carbon)
  ----------
          Exponent        Coefficients
      ----------------  --------------------
  1 S  4.56324000E+03      0.778202
  1 S  6.82024000E+02      1.448695
  1 S  1.54973000E+02      2.383089
  1 S  4.44553000E+01      3.200089
  1 S  1.30290000E+01      3.013004
  1 S  1.82773000E+00      0.247599

  2 S  2.09642000E+01      0.800629
  2 S  4.80331000E+00      2.127420
  2 S  1.45933000E+00     -0.002868

  3 P  2.09642000E+01      2.573592
  3 P  4.80331000E+00      2.408248
  3 P  1.45933000E+00      1.865281

  4 S  4.83456000E-01      0.413217

  5 P  4.83456000E-01      0.574627

  6 S  1.45585000E-01      0.167976

  7 P  1.45585000E-01      0.128185

  8 D  6.26000000E-01      0.725128


  H (hydrogen)
  ------------
          Exponent        Coefficients
      ----------------  --------------------
  1 S  3.38650000E+01      0.255069
  1 S  5.09479000E+00      0.460109
  1 S  1.15879000E+00      0.678321

  2 S  3.25840000E-01      0.307371

  3 S  1.02741000E-01      0.129336


  N (nitrogen)
  ------------
          Exponent        Coefficients
      ----------------  --------------------
  1 S  6.29348000E+03      0.991968
  1 S  9.49044000E+02      1.823240
  1 S  2.18776000E+02      2.979891
  1 S  6.36916000E+01      4.000007
  1 S  1.88282000E+01      3.881008
  1 S  2.72023000E+00      0.386764

  2 S  3.06331000E+01      1.038501
  2 S  7.02614000E+00      2.834794
  2 S  2.11205000E+00     -0.003208

  3 P  3.06331000E+01      3.935616
  3 P  7.02614000E+00      3.870994
  3 P  2.11205000E+00      2.967271

  4 S  6.84009000E-01      0.536051

  5 P  6.84009000E-01      0.886681

  6 S  2.00878000E-01      0.213850

  7 P  2.00878000E-01      0.191693

  8 D  9.13000000E-01      1.403568


  O (oxygen)
  ----------
          Exponent        Coefficients
      ----------------  --------------------
  1 S  8.58850000E+03      1.205013
  1 S  1.29723000E+03      2.216205
  1 S  2.99296000E+02      3.627452
  1 S  8.73771000E+01      4.888452
  1 S  2.56789000E+01      4.835721
  1 S  3.74004000E+00      0.538229

  2 S  4.21175000E+01      1.341958
  2 S  9.62837000E+00      3.587114
  2 S  2.85332000E+00     -0.005123

  3 P  4.21175000E+01      5.584018
  3 P  9.62837000E+00      5.733366
  3 P  2.85332000E+00      4.332955

  4 S  9.05661000E-01      0.661659

  5 P  9.05661000E-01      1.259352

  6 S  2.55611000E-01      0.256209

  7 P  2.55611000E-01      0.259068

  8 D  1.29200000E+00      2.577026


  Br (bromine)
  ------------
          Exponent        Coefficients
      ----------------  --------------------
  1 S  4.39700000E+05      9.893706
  1 S  6.60300000E+04     18.450679
  1 S  1.51400000E+04     31.049770
  1 S  4.31700000E+03     48.888138
  1 S  1.41400000E+03     64.847798
  1 S  5.23900000E+02     42.245010

  2 S  5.23900000E+02     14.290679
  2 S  2.07700000E+02     24.083128
  2 S  8.65400000E+01      5.132542

  3 S  3.05200000E+01      9.254405

  4 S  1.29800000E+01      4.873782

  5 S  4.41200000E+00      2.169635

  6 S  1.86200000E+00      1.136043

  7 S  3.93200000E-01      0.353892

  8 S  1.40000000E-01      0.163120

  9 P  2.95700000E+03    691.874478
  9 P  7.00300000E+02    925.332763
  9 P  2.24600000E+02   1068.830732

  10 P  8.25900000E+01    122.079275
  10 P  3.31900000E+01     57.580687
  10 P  1.42000000E+01     10.176170

  11 P  1.42000000E+01      3.129736
  11 P  7.43800000E+00      6.538168
  11 P  3.52600000E+00      4.166276

  12 P  1.59500000E+00      2.555000

  13 P  8.46200000E-01      1.156861

  14 P  3.18600000E-01      0.341191

  15 P  1.09600000E-01      0.089888

  16 D  1.34800000E+02    160.709187
  16 D  3.63900000E+01    119.797406
  16 D  1.21600000E+01     55.531619
  16 D  4.34100000E+00     12.984636

  17 D  1.53500000E+00      3.484168

  18 D  4.51000000E-01      0.408525



Printing Internal Coordinates

------------------------------------------------------------
                Bond Lengths

i      j        Length (Angstroms)     Length (Bohr)
0      1          1.4180171750         2.6796641025
0      3          1.3958401943         2.6377556828
0      4          1.0850798959         2.0505038280
1      2          1.3417225714         2.5354881969
1      5          1.0781953117         2.0374938494
2      7          1.4830715145         2.8025989876
2      12         1.4633220831         2.7652779711
3      6          1.0786005367         2.0382596136
3      10         1.3624146607         2.5745905786
7      8          1.2045752731         2.2763173642
7      9          1.1995338792         2.2667905104
10     11         1.0803610709         2.0415865412
10     12         1.4644940484         2.7674926644
12     13         1.0908890962         2.0614816256
12     14         1.9526178094         3.6899128884

Number of Bonds: 15

------------------------------------------------------------
           Bond Angles

i      j      k      Angle (degrees)
0      1      2        117.7446 
0      1      5        121.1988 
0      3      6        119.8480 
0      3      10       118.7851 
1      0      3        122.8394 
1      0      4        118.2344 
1      2      7        120.0300 
1      2      12       123.8254 
2      1      5        121.0442 
2      7      8        115.5786 
2      7      9        115.8532 
2      12     10       114.1895 
2      12     13       111.6194 
2      12     14       106.3810 
3      0      4        118.9127 
3      10     11       121.0793 
3      10     12       122.3498 
6      3      10       121.3373 
7      2      12       116.1441 
8      7      9        128.5650 
10     12     13       111.2287 
10     12     14       108.3616 
11     10     12       116.5642 
13     12     14       104.4107 

Number of Angles: 24

------------------------------------------------------------
              Torsional Angles

i      j      k      l      Angle (degrees)
3      0      1      2          0.0671 
3      10     12     2          2.3467 
4      0      1      2        178.7166 
5      1      0      3       -178.6618 
5      1      0      4         -0.0123 
6      3      0      1        178.7081 
6      3      0      4          0.0673 
10     3      0      1         -3.2460 
10     3      0      4        178.1132 
10     12     2      1         -5.7591 
11     10     3      0       -177.2114 
11     10     3      6          0.8042 
11     10     12     2       -178.5902 
12     2      1      0          4.6384 
12     2      1      5       -176.6307 
12     10     3      0          1.8101 
12     10     3      6        179.8257 
13     12     2      1       -132.9886 
13     12     10     3        129.7772 
13     12     10     11       -51.1598 
14     12     2      1        113.7124 
14     12     10     3       -116.0028 
14     12     10     11        63.0602 

Number of Torsional Angles: 23


----------------------------------------------------------------------
                          Center of Mass

         x               y               z              Unit
   0.08893062201  -0.01858523589     0.006501857      Angstrom
    0.1680545198  -0.03512100582   0.01228672904          Bohr

----------------------------------------------------------------------
                Moment of Inertia Tensor

           1754.84          -8.34822           3.25756
          -8.34822           2017.04          -611.224
           3.25756          -611.224           2546.79

----------------------------------------------------------------------
                      Principal Moments of Inertia

           x                 y                 z                Unit
       452.4061142       491.4466236       825.5544299       amu * ang^2
       1615.571564       1754.987754       2948.108391      amu * bohr^2
  7.5123853939e-38  8.1606687468e-38  1.3708663182e-37          g * cm^2

 - Molecule is an asymmetric top.

----------------------------------------------------------------------

         Rotational constants (MHz)

    A = 1.1171e+03        B = 1.0283e+03        C = 6.1217e+02

----------------------------------------------------------------------

        Rotational constants (cm-1)

    A = 3.7262e-02        B = 3.4302e-02        C = 2.0420e-02

----------------------------------------------------------------------

                                Z-Matrix
C   
C        1       2.6796641
C        2       2.5354882     1       117.74462
C        3      5.29050599     2     61.95471822     1         -0.0319
H        4      4.04874146     3     83.77191728     2         -0.5571
H        5      4.70558689     4     95.75334182     3         -0.0107
H        6      8.16641705     5     28.92294109     4         -0.5543
N        7     10.12246194     6     29.57627382     5       -178.0595
O        8      2.27631736     7    113.51756142     6        160.5557
O        9      4.09309033     8     25.65962907     7       -177.6471
C       10      8.92504128     9     60.71567346     8         -5.4459
H       11      2.04158654    10    146.91091311     9        -29.5401
C       12      4.10859057    11     37.04765489    10          4.7112
H       13      2.06148163    12     93.70044920    11        133.3177
Br      14      4.65309867    13     50.17917267    12         96.3647

----------------------------------------------------------------------

             Converted back to Cartesian

C        0.000000      0.000000      0.000000
C        0.000000      0.000000      2.679664
C        0.000000      0.090921      0.145807
C        0.000001     -0.198534      5.428388
H        0.000017      0.126061      1.392679
H       -0.000023     -0.387826      6.070122
H        0.000069      0.575494     -2.039279
N        0.004869     -0.708944      8.001360
O       -0.004287     -0.342625      5.754730
O        0.017174     -1.032474      9.789211
C       -0.055123      0.632214      1.021090
H       -0.023687      0.163297      3.007847
C       -0.094559      1.151396     -0.979528
H       -0.051728      0.599185      1.006155
Br      -0.159228      1.913130     -3.456279

----------------------------------------------------------------------
                       Geometry in bohr 

1     C      -3.3976515607    3.6831255157    1.4343628939
2     C      -0.7205020177    3.7594603576    1.3469385350
3     C       0.5225866311    1.5500091562    1.3050291472
4     C      -4.7635865418    1.4270516013    1.4802667288
5     H      -4.4168598096    5.4608155490    1.5091869521
6     H       0.2856337506    5.5311897753    1.3537848967
7     H      -6.7985047440    1.4751848718    1.5865369099
8     N       3.3225356704    1.5135807804    1.4213022562
9     O       4.2503827850   -0.4301438234    2.1579535570
10    O       4.3644773233    3.4118215812    0.7509451333
11    C      -3.4838895305   -0.8006305433    1.3119679804
12    H      -4.4757562507   -2.5841979465    1.2557244641
13    C      -0.7230069061   -0.9144914693    1.1584151503
14    H       0.0473815769   -2.2381722835    2.5382981817
15    Br      0.2009307882   -2.3546218501   -2.1108081133

 Number of nodes, processes per node used for SCF calculation: 1, 4

Common Options
{
  maxiter       = 100
  basis         = 6-311g* spherical
  geom_units    = angstrom
  ang2au factor = 1.889726126
  debug         = false
  file_prefix   = ortho_th45_ph36_qed_ccsd_input
}

SCF Options
{
  charge            = 1
  multiplicity      = 1
  level shift       = 0
  tol_int           = 1e-22
  tol_sch           = 1e-12
  tol_lindep        = 1e-10
  conve             = 1e-07
  convd             = 1e-05
  diis_hist         = 10
  AO_tilesize       = 30
  writem            = 10
  damp              = 100
  n_lindep          = 0
  scf_type          = restricted
  cuscf             = false
  qed_omegas        = [0.06615,]
  qed_lambdas       = [0.1,]
  qed_polvecs       = [[0.5720614028,0.4156269378,0.7071067812,],]
  direct_df         = false
  restart_size      = 2000
  restart           = false
  debug             = false
}

Number of basis functions = 221

Total number of shells = 105

Total number of electrons = 98
  # of alpha electrons    = 49
  # of beta electons      = 49

Nuclear repulsion energy  = 782.362415845745

# of {all,non-negligible} shell-pairs = {5565,5007}
Number of AO tiles = 105

Time for initial setup: 0.02 secs
HF exch = 1.00

Time for computing 1-e integrals T, V, S: 0.01 secs
Time for computing orthogonalizer: 0.01 secs

Superposition of Atomic Density Guess ...
Time taken for SAD: 0.56 secs
Total Time to compute initial guess: 0.56 secs


 SCF iterations
-----------------------------------------------------------------------------
 Iter     Energy            E-Diff       RMSD        |[F,P]|^2       Time(s)
-----------------------------------------------------------------------------
   1  -3011.6921747339    -3.01e+03     1.67e-02     1.50e+03         0.6 
   2  -3005.7848116598     5.91e+00     6.90e-03     8.52e+00         2.2 
   3  -3006.0020800429    -2.17e-01     2.79e-03     3.71e+00         2.2 
   4  -3006.1087382849    -1.07e-01     1.11e-03     1.08e-01         2.2 
   5  -3006.1152154043    -6.48e-03     2.87e-04     1.38e-02         2.2 
   6  -3006.1159367155    -7.21e-04     1.82e-04     1.51e-03         2.2 
   7  -3006.1161163209    -1.80e-04     6.83e-05     2.45e-04         2.2 
   8  -3006.1161447778    -2.85e-05     2.31e-05     5.01e-05         2.2 
   9  -3006.1161495585    -4.78e-06     1.24e-05     7.96e-06         2.2 
  10  -3006.1161509068    -1.35e-06     6.70e-06     2.02e-06         2.2 
  11  -3006.1161512496    -3.43e-07     3.86e-06     5.66e-07         2.2 
  12  -3006.1161513448    -9.52e-08     1.74e-06     1.01e-07         2.2 

** Total SCF energy = -3006.1161513448073

Nuclear repulsion energy = 782.362415845745204
#electrons        = 98
1e energy kinetic = 3006.1946334572212436
1e energy N-e     = -8718.0458155207070376
1e energy         = -5708.3943024952441192
2e energy         = 1923.1862525267349611
QED energy        = 0.1863623461992860
QED eT energy     = 0.1646045849671140
QED eT energy from matrix = 0.1646045849671116

 Polarizability Matrix (QED energy = 0.5 * lambda.dot(matrix * lambda))
[40.21864717, -1.71403697, -1.26491892]
[-1.71403697, 44.70561830, -0.23446392]
[-1.26491892, -0.23446392, 36.72853762]

 Polarizability Matrix (QED eT energy = 0.5 * lambda.dot(matrix * lambda))
[36.49726592, -1.81837367, -1.41849275]
[-1.81837367, 41.64597521, -0.27759577]
[-1.41849275, -0.27759577, 31.91661176]


                      Electron        Nuclear        Total  
                  ------------------------------------------
    Monopole         -98.000000     99.000000      1.000000

      Dipole   X     -12.028034      8.454803     -3.573231
      Dipole   Y     -10.567584     11.908690      1.341107
      Dipole   Z     -14.490169     15.807435      1.317266

  Quadrupole  XX    -788.578466    747.577065    -41.001402
  Quadrupole  XY      -1.528775     -4.525185     -6.053960
  Quadrupole  XZ       4.587378    -10.486257     -5.898879
  Quadrupole  YY    -617.574758    580.659248    -36.915509
  Quadrupole  YZ    -281.531801    285.461748      3.929948
  Quadrupole  ZZ    -337.705891    291.471019    -46.234872

    Octupole XXX       2.803377    -94.875890    -92.072513
    Octupole XXY   -1104.628155   1097.264777     -7.363378
    Octupole XXZ   -1077.540522   1067.607344     -9.933178
    Octupole XYY      25.479813    -67.761382    -42.281569
    Octupole XYZ      46.999947    -50.106971     -3.107024
    Octupole XZZ     -70.398905     74.075526      3.676621
    Octupole YYY    -858.817433    841.953050    -16.864384
    Octupole YYZ     -81.099147     76.021477     -5.077670
    Octupole YZZ     206.541295   -233.264968    -26.723674
    Octupole ZZZ      34.174105   -108.998970    -74.824865

writing orbitals and density to disk ... done.

Total Time taken for Hartree-Fock: 26.96 secs

CD Options
{
  debug             = false
  skip_cd           = [false, 100]
  write_cv          = [false, 5000]
  diagtol           = 1e-06
  itilesize         = 1000
  max_cvecs_factor  = 12
}

- #occupied, #virtual = 98, 344

- Tilesize for the MSO space: 40

-----------------------------------------------------
Begin 2-index transformation ... 

nAO, nMO, nelectrons = 221, 442, 98
n_occ_alpha, n_vir_alpha, n_occ_beta, n_vir_beta = 49,172,49,172

Time taken for Fao->Fmo transform: 0.00 secs

-----------------------------------------------------
Number of AO tiles = 105
# of {all,non-negligible} shell-pairs = {5565,5007}

    Begin Cholesky Decomposition
---------------------------------------------
Total # of mpi ranks used for Cholesky decomposition: 4
  --> Number of nodes, mpi ranks per node: 1, 4
- CPU memory required for computing cholesky vectors: 1.93 GiB

- Time for computing the diagonal: 0.01 secs

- Total number of cholesky vectors = 1645

- Time to compute cholesky vectors: 15.12 secs

- CPU memory required for resizing the ao cholesky tensor: 1.56 GiB
- CPU memory required for ao2mo transformation: 1.70 GiB
- CPU memory required for the 2-step contraction: 2.11 GiB

- Time for ao to mo transform: 1.52 secs

   End Cholesky Decomposition
---------------------------------------------

Total Time taken for Cholesky Decomposition: 18.48 secs

scf_type = restricted
Closed-Shell SCF
QED-HF Enabled
nbf = 203
nbf_orig = 221
n_lindep = 0
focc = 1
nmo = 406
nocc = 62
nvir = 344
n_occ_alpha = 31
n_vir_alpha = 172
n_occ_beta = 31
n_vir_beta = 172
nelectrons = 98
nelectrons_alpha = 49
nelectrons_beta = 49
freeze atomic = true
n_frozen_core = 18
n_frozen_virtual = 0
----------------------------
--------- QED-CCSD --------
lambda_x: 0.0572
lambda_y: 0.0416
lambda_z: 0.0707
omega: 0.066150
coupling_factor_x: 0.010404
coupling_factor_y: 0.007559
coupling_factor_z: 0.012860
----------------------------
# of {all,non-negligible} shell-pairs = {5565,5007}
Number of AO tiles = 105
----------------------------
Electronic dipole expectation value using SCF density: 
dipole_x_elec: -12.02838684
dipole_y_elec: -10.56762126
dipole_z_elec: -14.49022638

d_n/N value: d_n is nuclear dipole moment and N is the total number of electrons 
d_nuc_x: 0.08627350
d_nuc_y: 0.12151725
d_nuc_z: 0.16130036

<d_e+d_n> expectation values: 
dipole_total_x: -3.57358372
dipole_total_y: 1.34106919
dipole_total_z: 1.31720898
----------------------------


 CCSD iterations
------------------------------------------------------------
  Iter     Residuum          Correlation          Time(s)
------------------------------------------------------------
   1     1.1852405422309    0.0000000000000         85.98
   2     0.1648028399860   -1.6384576920769         85.35
   3     0.0632860737812   -1.6302266696437         86.16
   4     0.0214271788077   -1.6917258514889         85.31
   5     0.0165630951368   -1.6879259348886         85.13
 MICROCYCLE DIIS UPDATE:                    6
   6     0.0076414795343   -1.6971001999826         83.58
   7     0.0049226556848   -1.6969081211651         83.73
   8     0.0031762882844   -1.6981138759019         84.14
   9     0.0023060772515   -1.6983748647272         84.18
  10     0.0020466974830   -1.6986357744898         84.29
 MICROCYCLE DIIS UPDATE:                   11
  11     0.0005918665670   -1.6991443394929         83.26
  12     0.0004434791802   -1.6991533092343         83.49
  13     0.0003826616236   -1.6991890370752         83.86
  14     0.0003571064146   -1.6991628639392         83.83
  15     0.0003724974496   -1.6991830688611         83.40
 MICROCYCLE DIIS UPDATE:                   16
  16     0.0001026563691   -1.6991672125004         83.70
  17     0.0000723764754   -1.6991824855678         83.77
  18     0.0000575998153   -1.6991894325142         83.66
  19     0.0000484793810   -1.6991939439021         83.66
  20     0.0000452407882   -1.6991945029896         83.57
 MICROCYCLE DIIS UPDATE:                   21
  21     0.0000215192411   -1.6992033288986         82.82
  22     0.0000157254989   -1.6992005138465         83.93
  23     0.0000127359861   -1.6992003621103         83.69
  24     0.0000117985418   -1.6991989767843         83.11
  25     0.0000116794034   -1.6991993372839         82.73
 MICROCYCLE DIIS UPDATE:                   26
  26     0.0000046543271   -1.6991975418147         83.58
  27     0.0000032313931   -1.6991984189934         83.48
  28     0.0000025161959   -1.6991987115611         83.87
  29     0.0000021742326   -1.6991989583752         84.19
  30     0.0000019846803   -1.6991989840563         83.76
 MICROCYCLE DIIS UPDATE:                   31
  31     0.0000010107864   -1.6991994137441         84.15
  32     0.0000007059102   -1.6991992723431         84.18
------------------------------------------------------------------
 Iterations converged
 CCSD correlation energy / hartree =        -1.699199272343138
 CCSD total energy / hartree       =     -3007.815350617150671

Time taken for spin-orbital canonical QED-CCSD: 2785.80 secs
