
ExaChem Git Information
{
 WARNING: Failed to retrieve the current git state.
}


TAMM Git Information
{
 Branch: main
 Commit Hash: e71357ad [e71357ad54f38748b4a7e175aa6760820d5ce96f]
 Commit Date: 2026-02-02 23:14:56 -0800
 Commit Message: add GitHub Actions workflow for releases
}


date: Thu Aug  6 05:24:13 2026
program: "/global/cfs/cdirs/m3196/heindelj/cavity_qed/software/install_gpu/bin/bin/ExaChem"
nnodes: 1, nproc_per_node: 4, nproc_total: 4, ngpus_per_node: 1, ngpus_total: 1

Memory information
{
[AMD EPYC 7763 64-Core Processor                ] : 
  CPU memory per node (GiB): 251
  Total CPU memory (GiB): 251
[NVIDIA A100-SXM4-40GB, CUDA v12.9] : 
  GPU memory per device (GiB): 39
  GPU memory per node (GiB): 39
  Total GPU memory (GiB): 39
}

------------------------------------------------------------

Input file provided: /global/cfs/cdirs/m4262/heindelj/cavity_qed/mlip/lambda_scans/grid_scans_optimized_geoms/runs_grid_no_freq/ortho_th36_ph36/ortho_th36_ph36_qed_ccsd_input.json

{
  "geometry": {
    "coordinates": [
      "C    -1.797561165200    1.947814672900    0.755097910300",
      "C    -0.381205518200    1.991004889200    0.711122998900",
      "C     0.277795523200    0.821568672400    0.690980468500",
      "C    -2.522080711700    0.754369824800    0.784165426500",
      "H    -2.336314636700    2.888711632600    0.787063166300",
      "H     0.152305868200    2.929157461600    0.715416380000",
      "H    -3.599675916100    0.779368194200    0.842094391600",
      "N     1.761181369700    0.803146424200    0.751340540300",
      "O     2.250989409000   -0.234895615900    1.118782201600",
      "O     2.316340718700    1.814769072400    0.423834258000",
      "C    -1.845618150600   -0.425810615300    0.698665815300",
      "H    -2.371093791000   -1.370593682100    0.668869403500",
      "C    -0.382869074600   -0.484034495600    0.611464053200",
      "H     0.025544016300   -1.183828484300    1.342292761600",
      "Br    0.098761178000   -1.246271224400   -1.111461811200"
    ],
    "units": "angstrom",
    "noorient": true
  },
  "common": {
    "maxiter": 100,
    "debug": false
  },
  "basis": {
    "basisset": "6-311G*"
  },
  "SCF": {
    "charge": 1,
    "multiplicity": 1,
    "lshift": 0,
    "tol_lindep": 1e-10,
    "conve": 1e-07,
    "convd": 1e-05,
    "diis_hist": 10,
    "writem": 10,
    "restart": false,
    "noscf": false,
    "scf_type": "restricted",
    "debug": false,
    "qed_omegas": [
      0.06615
    ],
    "qed_volumes": [],
    "qed_lambdas": [
      0.1
    ],
    "qed_polvecs": [
      [
        0.4755282581475768,
        0.3454915028125263,
        0.8090169943749475
      ]
    ],
    "direct_df": false
  },
  "CD": {
    "debug": false,
    "diagtol": 1e-06
  },
  "CC": {
    "threshold": 1e-06,
    "ndiis": 5,
    "ccsd_maxiter": 200,
    "tilesize": 40,
    "freeze": {
      "atomic": true
    },
    "readt": false,
    "writet": true,
    "writet_iter": 5,
    "debug": false,
    "profile_ccsd": false,
    "balance_tiles": true
  },
  "TASK": {
    "scf": false,
    "ccsd": true
  }
}

Output folder & files prefix: ortho_th36_ph36_qed_ccsd_input.6-311g*

  C (carbon)
  ----------
          Exponent        Coefficients
      ----------------  --------------------
  1 S  4.56324000E+03      0.778202
  1 S  6.82024000E+02      1.448695
  1 S  1.54973000E+02      2.383089
  1 S  4.44553000E+01      3.200089
  1 S  1.30290000E+01      3.013004
  1 S  1.82773000E+00      0.247599

  2 S  2.09642000E+01      0.800629
  2 S  4.80331000E+00      2.127420
  2 S  1.45933000E+00     -0.002868

  3 P  2.09642000E+01      2.573592
  3 P  4.80331000E+00      2.408248
  3 P  1.45933000E+00      1.865281

  4 S  4.83456000E-01      0.413217

  5 P  4.83456000E-01      0.574627

  6 S  1.45585000E-01      0.167976

  7 P  1.45585000E-01      0.128185

  8 D  6.26000000E-01      0.725128


  H (hydrogen)
  ------------
          Exponent        Coefficients
      ----------------  --------------------
  1 S  3.38650000E+01      0.255069
  1 S  5.09479000E+00      0.460109
  1 S  1.15879000E+00      0.678321

  2 S  3.25840000E-01      0.307371

  3 S  1.02741000E-01      0.129336


  N (nitrogen)
  ------------
          Exponent        Coefficients
      ----------------  --------------------
  1 S  6.29348000E+03      0.991968
  1 S  9.49044000E+02      1.823240
  1 S  2.18776000E+02      2.979891
  1 S  6.36916000E+01      4.000007
  1 S  1.88282000E+01      3.881008
  1 S  2.72023000E+00      0.386764

  2 S  3.06331000E+01      1.038501
  2 S  7.02614000E+00      2.834794
  2 S  2.11205000E+00     -0.003208

  3 P  3.06331000E+01      3.935616
  3 P  7.02614000E+00      3.870994
  3 P  2.11205000E+00      2.967271

  4 S  6.84009000E-01      0.536051

  5 P  6.84009000E-01      0.886681

  6 S  2.00878000E-01      0.213850

  7 P  2.00878000E-01      0.191693

  8 D  9.13000000E-01      1.403568


  O (oxygen)
  ----------
          Exponent        Coefficients
      ----------------  --------------------
  1 S  8.58850000E+03      1.205013
  1 S  1.29723000E+03      2.216205
  1 S  2.99296000E+02      3.627452
  1 S  8.73771000E+01      4.888452
  1 S  2.56789000E+01      4.835721
  1 S  3.74004000E+00      0.538229

  2 S  4.21175000E+01      1.341958
  2 S  9.62837000E+00      3.587114
  2 S  2.85332000E+00     -0.005123

  3 P  4.21175000E+01      5.584018
  3 P  9.62837000E+00      5.733366
  3 P  2.85332000E+00      4.332955

  4 S  9.05661000E-01      0.661659

  5 P  9.05661000E-01      1.259352

  6 S  2.55611000E-01      0.256209

  7 P  2.55611000E-01      0.259068

  8 D  1.29200000E+00      2.577026


  Br (bromine)
  ------------
          Exponent        Coefficients
      ----------------  --------------------
  1 S  4.39700000E+05      9.893706
  1 S  6.60300000E+04     18.450679
  1 S  1.51400000E+04     31.049770
  1 S  4.31700000E+03     48.888138
  1 S  1.41400000E+03     64.847798
  1 S  5.23900000E+02     42.245010

  2 S  5.23900000E+02     14.290679
  2 S  2.07700000E+02     24.083128
  2 S  8.65400000E+01      5.132542

  3 S  3.05200000E+01      9.254405

  4 S  1.29800000E+01      4.873782

  5 S  4.41200000E+00      2.169635

  6 S  1.86200000E+00      1.136043

  7 S  3.93200000E-01      0.353892

  8 S  1.40000000E-01      0.163120

  9 P  2.95700000E+03    691.874478
  9 P  7.00300000E+02    925.332763
  9 P  2.24600000E+02   1068.830732

  10 P  8.25900000E+01    122.079275
  10 P  3.31900000E+01     57.580687
  10 P  1.42000000E+01     10.176170

  11 P  1.42000000E+01      3.129736
  11 P  7.43800000E+00      6.538168
  11 P  3.52600000E+00      4.166276

  12 P  1.59500000E+00      2.555000

  13 P  8.46200000E-01      1.156861

  14 P  3.18600000E-01      0.341191

  15 P  1.09600000E-01      0.089888

  16 D  1.34800000E+02    160.709187
  16 D  3.63900000E+01    119.797406
  16 D  1.21600000E+01     55.531619
  16 D  4.34100000E+00     12.984636

  17 D  1.53500000E+00      3.484168

  18 D  4.51000000E-01      0.408525



Printing Internal Coordinates

------------------------------------------------------------
                Bond Lengths

i      j        Length (Angstroms)     Length (Bohr)
0      1          1.4176961968         2.6790575417
0      3          1.3964541164         2.6389158274
0      4          1.0846954270         2.0497772871
1      2          1.3424861859         2.5369312191
1      5          1.0792511671         2.0394891268
2      7          1.4847276811         2.8057286889
2      12         1.4654010384         2.7692066272
3      6          1.0794406459         2.0398471899
3      10         1.3629885001         2.5756749779
7      8          1.2051790601         2.2774583562
7      9          1.1995176739         2.2667598869
10     11         1.0814931891         2.0437259345
10     12         1.4665023106         2.7712877300
12     13         1.0911569458         2.0619877880
12     14         1.9445940618         3.6747502029

Number of Bonds: 15

------------------------------------------------------------
           Bond Angles

i      j      k      Angle (degrees)
0      1      2        117.6678 
0      1      5        121.3474 
0      3      6        119.9515 
0      3      10       118.7635 
1      0      3        123.0260 
1      0      4        118.0800 
1      2      7        120.0421 
1      2      12       123.7528 
2      1      5        120.9716 
2      7      8        115.4126 
2      7      9        116.1573 
2      12     10       114.2732 
2      12     13       111.4880 
2      12     14       106.5975 
3      0      4        118.8828 
3      10     11       121.1316 
3      10     12       122.2182 
6      3      10       121.2571 
7      2      12       116.2051 
8      7      9        128.4290 
10     12     13       111.0371 
10     12     14       108.3783 
11     10     12       116.6356 
13     12     14       104.4381 

Number of Angles: 24

------------------------------------------------------------
              Torsional Angles

i      j      k      l      Angle (degrees)
3      0      1      2          0.3062 
3      10     12     2          2.8564 
4      0      1      2        179.0728 
5      1      0      3       -178.3825 
5      1      0      4          0.3842 
6      3      0      1        178.4815 
6      3      0      4         -0.2757 
10     3      0      1         -3.4163 
10     3      0      4        177.8265 
10     12     2      1         -6.1992 
11     10     3      0       -176.9854 
11     10     3      6          1.0910 
11     10     12     2       -178.5211 
12     2      1      0          4.7231 
12     2      1      5       -176.5830 
12     10     3      0          1.5761 
12     10     3      6        179.6525 
13     12     2      1       -133.1210 
13     12     10     3        130.0108 
13     12     10     11       -51.3668 
14     12     2      1        113.4915 
14     12     10     3       -115.8299 
14     12     10     11        62.7926 

Number of Torsional Angles: 23


----------------------------------------------------------------------
                          Center of Mass

         x               y               z              Unit
    0.0867082626  -0.01846665115  0.008764427723      Angstrom
    0.1638548692  -0.03489691313   0.01656236805          Bohr

----------------------------------------------------------------------
                Moment of Inertia Tensor

           1752.07          -12.7805          0.102263
          -12.7805           2014.81          -611.542
          0.102263          -611.542           2552.78

----------------------------------------------------------------------
                      Principal Moments of Inertia

           x                 y                 z                Unit
       452.2139552       490.8487879       826.6215945       amu * ang^2
       1614.885351       1752.852844       2951.919304      amu * bohr^2
  7.5091945162e-38  8.1507414450e-38  1.3726383878e-37          g * cm^2

 - Molecule is an asymmetric top.

----------------------------------------------------------------------

         Rotational constants (MHz)

    A = 1.1176e+03        B = 1.0296e+03        C = 6.1138e+02

----------------------------------------------------------------------

        Rotational constants (cm-1)

    A = 3.7278e-02        B = 3.4344e-02        C = 2.0393e-02

----------------------------------------------------------------------

                                Z-Matrix
C   
C        1       2.6790575
C        2       2.5369312     1       117.66779
C        3      5.29545165     2     61.96064393     1         -0.1449
H        4      4.04857334     3     83.65695240     2         -0.3307
H        5      4.70538054     4     95.90070598     3         -0.2604
H        6      8.17511521     5     28.86807475     4         -0.7333
N        7     10.13210326     6     29.55769105     5       -178.6353
O        8      2.27745836     7    113.41428303     6        161.8376
O        9      4.09174748     8     25.72034879     7       -177.3379
C       10      8.94733563     9     60.45415614     8         -4.7933
H       11      2.04372593    10    147.02478524     9        -27.7361
C       12      4.11523177    11     37.01010235    10          3.9690
H       13      2.06198779    12     93.61092085    11        133.0680
Br      14      4.64048843    13     50.07443926    12         96.2733

----------------------------------------------------------------------

             Converted back to Cartesian

C        0.000000      0.000000      0.000000
C        0.000000      0.000000      2.679058
C        0.000000      0.090913      0.143756
C        0.000004     -0.198698      5.431282
H        0.000007      0.125655      1.395722
H        0.000007     -0.388155      6.072966
H        0.000021      0.575961     -2.045100
N        0.004947     -0.709356      8.005147
O       -0.004288     -0.343007      5.757365
O        0.017330     -1.032426      9.790557
C       -0.055524      0.635265      1.000317
H       -0.023936      0.166054      2.989201
C       -0.095156      1.155308     -1.004724
H       -0.052200      0.603236      0.981520
Br      -0.159649      1.912865     -3.469037

----------------------------------------------------------------------
                       Geometry in bohr 

1     C      -3.3968982968    3.6808362758    1.4269282487
2     C      -0.7203740271    3.7624539559    1.3438277098
3     C       0.5249574579    1.5525397845    1.3057638438
4     C      -4.7660418125    1.4255523665    1.4818578935
5     H      -4.4149948073    5.4588738423    1.4873338281
6     H       0.2878163783    5.5353053821    1.3519410242
7     H      -6.8024016235    1.4727924383    1.5913277723
8     N       3.3281504468    1.5177267807    1.4198278485
9     O       4.2537534953   -0.4438883822    2.1141919556
10    O       4.3772495726    3.4294165286    0.8009306704
11    C      -3.4877128376   -0.8046654444    1.3202870445
12    H      -4.4807178838   -2.5900466891    1.2639799866
13    C      -0.7235176931   -0.9146926322    1.1554995964
14    H       0.0482711950   -2.2371116154    2.5365657002
15    Br      0.1866315783   -2.3551112927   -2.1003584226

 Number of nodes, processes per node used for SCF calculation: 1, 4

Common Options
{
  maxiter       = 100
  basis         = 6-311g* spherical
  geom_units    = angstrom
  ang2au factor = 1.889726126
  debug         = false
  file_prefix   = ortho_th36_ph36_qed_ccsd_input
}

SCF Options
{
  charge            = 1
  multiplicity      = 1
  level shift       = 0
  tol_int           = 1e-22
  tol_sch           = 1e-12
  tol_lindep        = 1e-10
  conve             = 1e-07
  convd             = 1e-05
  diis_hist         = 10
  AO_tilesize       = 30
  writem            = 10
  damp              = 100
  n_lindep          = 0
  scf_type          = restricted
  cuscf             = false
  qed_omegas        = [0.06615,]
  qed_lambdas       = [0.1,]
  qed_polvecs       = [[0.4755282581,0.3454915028,0.8090169944,],]
  direct_df         = false
  restart_size      = 2000
  restart           = false
  debug             = false
}

Number of basis functions = 221

Total number of shells = 105

Total number of electrons = 98
  # of alpha electrons    = 49
  # of beta electons      = 49

Nuclear repulsion energy  = 782.563161200246

# of {all,non-negligible} shell-pairs = {5565,5007}
Number of AO tiles = 105

Time for initial setup: 0.01 secs
HF exch = 1.00

Time for computing 1-e integrals T, V, S: 0.01 secs
Time for computing orthogonalizer: 0.01 secs

Superposition of Atomic Density Guess ...
Time taken for SAD: 0.28 secs
Total Time to compute initial guess: 0.29 secs


 SCF iterations
-----------------------------------------------------------------------------
 Iter     Energy            E-Diff       RMSD        |[F,P]|^2       Time(s)
-----------------------------------------------------------------------------
   1  -3011.6780088872    -3.01e+03     1.67e-02     1.50e+03         0.6 
   2  -3005.7951373009     5.88e+00     6.89e-03     8.33e+00         2.2 
   3  -3006.0004378552    -2.05e-01     2.83e-03     3.86e+00         2.2 
   4  -3006.1113243014    -1.11e-01     1.10e-03     1.04e-01         2.2 
   5  -3006.1175845625    -6.26e-03     2.76e-04     1.28e-02         2.2 
   6  -3006.1182514819    -6.67e-04     1.74e-04     1.42e-03         2.2 
   7  -3006.1184210644    -1.70e-04     6.73e-05     2.51e-04         2.2 
   8  -3006.1184493548    -2.83e-05     2.40e-05     5.39e-05         2.2 
   9  -3006.1184545312    -5.18e-06     1.26e-05     8.39e-06         2.2 
  10  -3006.1184559214    -1.39e-06     6.67e-06     2.18e-06         2.2 
  11  -3006.1184562732    -3.52e-07     4.14e-06     6.04e-07         2.2 
  12  -3006.1184563773    -1.04e-07     1.72e-06     1.01e-07         2.2 
  13  -3006.1184563977    -2.04e-08     8.42e-07     1.95e-08         2.2 

** Total SCF energy = -3006.1184563976876

Nuclear repulsion energy = 782.563161200246441
#electrons        = 98
1e energy kinetic = 3006.1884041289358720
1e energy N-e     = -8718.4575080999438796
1e energy         = -5709.1508289540997794
2e energy         = 1923.4033543563036801
QED energy        = 0.1841320167695573
QED eT energy     = 0.1614777502734129
QED eT energy from matrix = 0.1614777502734107

 Polarizability Matrix (QED energy = 0.5 * lambda.dot(matrix * lambda))
[40.39841940, -1.55230869, -1.20612935]
[-1.55230869, 44.81381718, -0.20969644]
[-1.20612935, -0.20969644, 36.51191269]

 Polarizability Matrix (QED eT energy = 0.5 * lambda.dot(matrix * lambda))
[36.67904520, -1.64912144, -1.35630176]
[-1.64912144, 41.76511886, -0.23827657]
[-1.35630176, -0.23827657, 31.67994725]


                      Electron        Nuclear        Total  
                  ------------------------------------------
    Monopole         -98.000000     99.000000      1.000000

      Dipole   X     -11.672324      8.097633     -3.574691
      Dipole   Y     -10.593794     11.931377      1.337582
      Dipole   Z     -14.863606     16.183365      1.319759

  Quadrupole  XX    -790.143639    749.137166    -41.006473
  Quadrupole  XY      -3.540812     -2.417227     -5.958040
  Quadrupole  XZ       3.083172     -8.991093     -5.907921
  Quadrupole  YY    -619.044111    582.026261    -37.017850
  Quadrupole  YZ    -281.846588    285.651274      3.804686
  Quadrupole  ZZ    -335.126671    288.936031    -46.190641

    Octupole XXX      -3.280422    -88.714178    -91.994600
    Octupole XXY   -1108.578307   1101.038377     -7.539929
    Octupole XXZ   -1081.623470   1071.546102    -10.077368
    Octupole XYY      21.985801    -63.900550    -41.914749
    Octupole XYZ      41.459423    -44.582456     -3.123033
    Octupole XZZ     -64.196817     68.035413      3.838596
    Octupole YYY    -864.418588    847.041735    -17.376853
    Octupole YYZ     -87.870824     82.232451     -5.638373
    Octupole YZZ     201.558255   -228.444679    -26.886424
    Octupole ZZZ      33.628572   -108.482718    -74.854146

writing orbitals and density to disk ... done.

Total Time taken for Hartree-Fock: 28.49 secs

CD Options
{
  debug             = false
  skip_cd           = [false, 100]
  write_cv          = [false, 5000]
  diagtol           = 1e-06
  itilesize         = 1000
  max_cvecs_factor  = 12
}

- #occupied, #virtual = 98, 344

- Tilesize for the MSO space: 40

-----------------------------------------------------
Begin 2-index transformation ... 

nAO, nMO, nelectrons = 221, 442, 98
n_occ_alpha, n_vir_alpha, n_occ_beta, n_vir_beta = 49,172,49,172

Time taken for Fao->Fmo transform: 0.00 secs

-----------------------------------------------------
Number of AO tiles = 105
# of {all,non-negligible} shell-pairs = {5565,5007}

    Begin Cholesky Decomposition
---------------------------------------------
Total # of mpi ranks used for Cholesky decomposition: 4
  --> Number of nodes, mpi ranks per node: 1, 4
- CPU memory required for computing cholesky vectors: 1.93 GiB

- Time for computing the diagonal: 0.01 secs

- Total number of cholesky vectors = 1648

- Time to compute cholesky vectors: 15.24 secs

- CPU memory required for resizing the ao cholesky tensor: 1.57 GiB
- CPU memory required for ao2mo transformation: 1.70 GiB
- CPU memory required for the 2-step contraction: 2.11 GiB

- Time for ao to mo transform: 1.56 secs

   End Cholesky Decomposition
---------------------------------------------

Total Time taken for Cholesky Decomposition: 18.60 secs

scf_type = restricted
Closed-Shell SCF
QED-HF Enabled
nbf = 203
nbf_orig = 221
n_lindep = 0
focc = 1
nmo = 406
nocc = 62
nvir = 344
n_occ_alpha = 31
n_vir_alpha = 172
n_occ_beta = 31
n_vir_beta = 172
nelectrons = 98
nelectrons_alpha = 49
nelectrons_beta = 49
freeze atomic = true
n_frozen_core = 18
n_frozen_virtual = 0
----------------------------
--------- QED-CCSD --------
lambda_x: 0.0476
lambda_y: 0.0345
lambda_z: 0.0809
omega: 0.066150
coupling_factor_x: 0.008648
coupling_factor_y: 0.006283
coupling_factor_z: 0.014713
----------------------------
# of {all,non-negligible} shell-pairs = {5565,5007}
Number of AO tiles = 105
----------------------------
Electronic dipole expectation value using SCF density: 
dipole_x_elec: -11.67242705
dipole_y_elec: -10.59383501
dipole_z_elec: -14.86363271

d_n/N value: d_n is nuclear dipole moment and N is the total number of electrons 
d_nuc_x: 0.08262891
d_nuc_y: 0.12174874
d_nuc_z: 0.16513638

<d_e+d_n> expectation values: 
dipole_total_x: -3.57479414
dipole_total_y: 1.33754158
dipole_total_z: 1.31973278
----------------------------


 CCSD iterations
------------------------------------------------------------
  Iter     Residuum          Correlation          Time(s)
------------------------------------------------------------
   1     1.1855159731962    0.0000000000000         86.75
   2     0.1638166838180   -1.6487778261774         85.59
   3     0.0627874955924   -1.6305940859726         85.56
   4     0.0202379189358   -1.6926554119211         86.28
   5     0.0154784254454   -1.6884135519928         86.04
 MICROCYCLE DIIS UPDATE:                    6
   6     0.0072482516977   -1.6972167276310         84.66
   7     0.0046269653681   -1.6970209552942         84.69
   8     0.0029355020072   -1.6981433581233         84.75
   9     0.0020613893800   -1.6983747614163         84.46
  10     0.0017713411377   -1.6986119278255         83.58
 MICROCYCLE DIIS UPDATE:                   11
  11     0.0005185880748   -1.6990481122099         83.41
  12     0.0003865460359   -1.6990820245924         84.07
  13     0.0003151515412   -1.6990984959036         83.92
  14     0.0002759336150   -1.6990777550796         83.89
  15     0.0002609947049   -1.6990916494328         83.97
 MICROCYCLE DIIS UPDATE:                   16
  16     0.0000872040795   -1.6990691160908         84.47
  17     0.0000594511293   -1.6990909418472         85.19
  18     0.0000460614635   -1.6990954282789         85.31
  19     0.0000374600343   -1.6990997336258         84.44
  20     0.0000322358627   -1.6991001156945         84.69
 MICROCYCLE DIIS UPDATE:                   21
  21     0.0000160625436   -1.6991056719695         84.85
  22     0.0000114605861   -1.6991049290898         85.44
  23     0.0000090888226   -1.6991046157663         84.99
  24     0.0000080984681   -1.6991036414620         84.85
  25     0.0000074659427   -1.6991038479199         84.89
 MICROCYCLE DIIS UPDATE:                   26
  26     0.0000032391824   -1.6991022826164         84.86
  27     0.0000021672596   -1.6991032517750         84.75
  28     0.0000016796550   -1.6991033883676         84.89
  29     0.0000013861197   -1.6991035756659         84.73
  30     0.0000011899147   -1.6991035863653         84.66
 MICROCYCLE DIIS UPDATE:                   31
  31     0.0000006139222   -1.6991037927621         84.14
------------------------------------------------------------------
 Iterations converged
 CCSD correlation energy / hartree =        -1.699103792762105
 CCSD total energy / hartree       =     -3007.817560190449512

Time taken for spin-orbital canonical QED-CCSD: 2694.31 secs
