
ExaChem Git Information
{
 WARNING: Failed to retrieve the current git state.
}


TAMM Git Information
{
 Branch: main
 Commit Hash: e71357ad [e71357ad54f38748b4a7e175aa6760820d5ce96f]
 Commit Date: 2026-02-02 23:14:56 -0800
 Commit Message: add GitHub Actions workflow for releases
}


date: Sun Aug  9 14:33:11 2026
program: "/global/cfs/cdirs/m3196/heindelj/cavity_qed/software/install_gpu/bin/bin/ExaChem"
nnodes: 1, nproc_per_node: 4, nproc_total: 4, ngpus_per_node: 1, ngpus_total: 1

Memory information
{
[AMD EPYC 7763 64-Core Processor                ] : 
  CPU memory per node (GiB): 251
  Total CPU memory (GiB): 251
[NVIDIA A100-SXM4-40GB, CUDA v12.9] : 
  GPU memory per device (GiB): 39
  GPU memory per node (GiB): 39
  Total GPU memory (GiB): 39
}

------------------------------------------------------------

Input file provided: /global/cfs/cdirs/m4262/heindelj/cavity_qed/mlip/lambda_scans/grid_scans_optimized_geoms/runs_grid_no_freq/meta_th45_ph252/meta_th45_ph252_qed_ccsd_input.json

{
  "geometry": {
    "coordinates": [
      "C    -0.912421829500    2.035354626600    0.700372507500",
      "C     0.478945082000    1.946121211600    0.807260244900",
      "C     1.154496009500    0.729734136900    0.641307156600",
      "C     0.490281524400   -0.429782851600    0.440518044400",
      "C    -1.628827769500    0.892857581900    0.506328845400",
      "H    -1.404453888100    2.996075773000    0.760155785700",
      "H     1.070741989800    2.832542120200    1.001198905900",
      "H     1.028288616500   -1.362078592800    0.313441050800",
      "H    -2.709405913300    0.914979811900    0.445376389100",
      "N     2.639947189300    0.724411508500    0.664019421500",
      "O     3.181625724800   -0.236108852800    0.186983543400",
      "O     3.149665885600    1.682805810800    1.181042123600",
      "C    -0.970969538000   -0.420669674000    0.550423605300",
      "H    -1.091788064100   -0.655127690500    1.623513288900",
      "Br   -1.867958277100   -1.849515895000   -0.350483180400"
    ],
    "units": "angstrom",
    "noorient": true
  },
  "common": {
    "maxiter": 100,
    "debug": false
  },
  "basis": {
    "basisset": "6-311G*"
  },
  "SCF": {
    "charge": 1,
    "multiplicity": 1,
    "lshift": 0,
    "tol_lindep": 1e-10,
    "conve": 1e-07,
    "convd": 1e-05,
    "diis_hist": 10,
    "writem": 10,
    "restart": false,
    "noscf": false,
    "scf_type": "restricted",
    "debug": false,
    "qed_omegas": [
      0.06615
    ],
    "qed_volumes": [],
    "qed_lambdas": [
      0.1
    ],
    "qed_polvecs": [
      [
        -0.2185080122244106,
        -0.6724985119639573,
        0.7071067811865476
      ]
    ],
    "direct_df": false
  },
  "CD": {
    "debug": false,
    "diagtol": 1e-06
  },
  "CC": {
    "threshold": 1e-06,
    "ndiis": 5,
    "ccsd_maxiter": 200,
    "tilesize": 40,
    "freeze": {
      "atomic": true
    },
    "readt": false,
    "writet": true,
    "writet_iter": 5,
    "debug": false,
    "profile_ccsd": false,
    "balance_tiles": true
  },
  "TASK": {
    "scf": false,
    "ccsd": true
  }
}

Output folder & files prefix: meta_th45_ph252_qed_ccsd_input.6-311g*

  C (carbon)
  ----------
          Exponent        Coefficients
      ----------------  --------------------
  1 S  4.56324000E+03      0.778202
  1 S  6.82024000E+02      1.448695
  1 S  1.54973000E+02      2.383089
  1 S  4.44553000E+01      3.200089
  1 S  1.30290000E+01      3.013004
  1 S  1.82773000E+00      0.247599

  2 S  2.09642000E+01      0.800629
  2 S  4.80331000E+00      2.127420
  2 S  1.45933000E+00     -0.002868

  3 P  2.09642000E+01      2.573592
  3 P  4.80331000E+00      2.408248
  3 P  1.45933000E+00      1.865281

  4 S  4.83456000E-01      0.413217

  5 P  4.83456000E-01      0.574627

  6 S  1.45585000E-01      0.167976

  7 P  1.45585000E-01      0.128185

  8 D  6.26000000E-01      0.725128


  H (hydrogen)
  ------------
          Exponent        Coefficients
      ----------------  --------------------
  1 S  3.38650000E+01      0.255069
  1 S  5.09479000E+00      0.460109
  1 S  1.15879000E+00      0.678321

  2 S  3.25840000E-01      0.307371

  3 S  1.02741000E-01      0.129336


  N (nitrogen)
  ------------
          Exponent        Coefficients
      ----------------  --------------------
  1 S  6.29348000E+03      0.991968
  1 S  9.49044000E+02      1.823240
  1 S  2.18776000E+02      2.979891
  1 S  6.36916000E+01      4.000007
  1 S  1.88282000E+01      3.881008
  1 S  2.72023000E+00      0.386764

  2 S  3.06331000E+01      1.038501
  2 S  7.02614000E+00      2.834794
  2 S  2.11205000E+00     -0.003208

  3 P  3.06331000E+01      3.935616
  3 P  7.02614000E+00      3.870994
  3 P  2.11205000E+00      2.967271

  4 S  6.84009000E-01      0.536051

  5 P  6.84009000E-01      0.886681

  6 S  2.00878000E-01      0.213850

  7 P  2.00878000E-01      0.191693

  8 D  9.13000000E-01      1.403568


  O (oxygen)
  ----------
          Exponent        Coefficients
      ----------------  --------------------
  1 S  8.58850000E+03      1.205013
  1 S  1.29723000E+03      2.216205
  1 S  2.99296000E+02      3.627452
  1 S  8.73771000E+01      4.888452
  1 S  2.56789000E+01      4.835721
  1 S  3.74004000E+00      0.538229

  2 S  4.21175000E+01      1.341958
  2 S  9.62837000E+00      3.587114
  2 S  2.85332000E+00     -0.005123

  3 P  4.21175000E+01      5.584018
  3 P  9.62837000E+00      5.733366
  3 P  2.85332000E+00      4.332955

  4 S  9.05661000E-01      0.661659

  5 P  9.05661000E-01      1.259352

  6 S  2.55611000E-01      0.256209

  7 P  2.55611000E-01      0.259068

  8 D  1.29200000E+00      2.577026


  Br (bromine)
  ------------
          Exponent        Coefficients
      ----------------  --------------------
  1 S  4.39700000E+05      9.893706
  1 S  6.60300000E+04     18.450679
  1 S  1.51400000E+04     31.049770
  1 S  4.31700000E+03     48.888138
  1 S  1.41400000E+03     64.847798
  1 S  5.23900000E+02     42.245010

  2 S  5.23900000E+02     14.290679
  2 S  2.07700000E+02     24.083128
  2 S  8.65400000E+01      5.132542

  3 S  3.05200000E+01      9.254405

  4 S  1.29800000E+01      4.873782

  5 S  4.41200000E+00      2.169635

  6 S  1.86200000E+00      1.136043

  7 S  3.93200000E-01      0.353892

  8 S  1.40000000E-01      0.163120

  9 P  2.95700000E+03    691.874478
  9 P  7.00300000E+02    925.332763
  9 P  2.24600000E+02   1068.830732

  10 P  8.25900000E+01    122.079275
  10 P  3.31900000E+01     57.580687
  10 P  1.42000000E+01     10.176170

  11 P  1.42000000E+01      3.129736
  11 P  7.43800000E+00      6.538168
  11 P  3.52600000E+00      4.166276

  12 P  1.59500000E+00      2.555000

  13 P  8.46200000E-01      1.156861

  14 P  3.18600000E-01      0.341191

  15 P  1.09600000E-01      0.089888

  16 D  1.34800000E+02    160.709187
  16 D  3.63900000E+01    119.797406
  16 D  1.21600000E+01     55.531619
  16 D  4.34100000E+00     12.984636

  17 D  1.53500000E+00      3.484168

  18 D  4.51000000E-01      0.408525



Printing Internal Coordinates

------------------------------------------------------------
                Bond Lengths

i      j        Length (Angstroms)     Length (Bohr)
0      1          1.3983166570         2.6424355190
0      4          1.3624206072         2.5746018158
0      5          1.0810433424         2.0428758474
1      2          1.4012519398         2.6479823995
1      6          1.0833179642         2.0471742596
2      3          1.3512870888         2.5535625153
2      9          1.4856343376         2.8074420212
3      7          1.0838706300         2.0482186466
3      12         1.4654067523         2.7692174249
4      8          1.0825219258         2.0456699651
4      12         1.4697195830         2.7773674937
9      10         1.2014900038         2.2704870502
9      11         1.2023498919         2.2721120032
12     13         1.1050290253         2.0882022190
12     14         1.9125436878         3.6141837738

Number of Bonds: 15

------------------------------------------------------------
           Bond Angles

i      j      k      Angle (degrees)
0      1      2        121.7391 
0      1      6        120.3337 
0      4      8        121.0490 
0      4      12       120.6518 
1      0      4        118.7241 
1      0      5        120.3558 
1      2      3        121.7020 
1      2      9        118.9041 
2      1      6        117.9132 
2      3      7        120.7648 
2      3      12       118.2726 
2      9      10       116.5884 
2      9      11       115.3154 
3      2      9        119.3852 
3      12     4        116.7210 
3      12     13       100.4011 
3      12     14       115.3216 
4      0      5        120.9166 
4      12     13        99.7774 
4      12     14       116.3360 
7      3      12       120.6046 
8      4      12       117.8240 
10     9      11       128.0856 
13     12     14       104.3382 

Number of Angles: 24

------------------------------------------------------------
              Torsional Angles

i      j      k      l      Angle (degrees)
3      2      1      0         -3.5893 
4      0      1      2          3.8404 
5      0      1      2       -175.4849 
6      1      0      4       -177.5517 
6      1      0      5          3.1230 
6      1      2      3        177.7703 
7      3      2      1        179.9671 
8      4      0      1        178.3134 
8      4      0      5         -2.3652 
12     3      2      1         -6.8606 
13     12     3      2        -90.3965 
13     12     3      7         82.7872 
14     12     3      2        158.1717 
14     12     3      7        -28.6446 

Number of Torsional Angles: 14


----------------------------------------------------------------------
                          Center of Mass

         x               y               z              Unit
   -0.1519487229   -0.2597521273    0.2517929406      Angstrom
   -0.2871414714   -0.4908603813    0.4758196982          Bohr

----------------------------------------------------------------------
                Moment of Inertia Tensor

           1811.15          -1239.82           -511.06
          -1239.82           2993.09          -531.756
           -511.06          -531.756           4388.39

----------------------------------------------------------------------
                      Principal Moments of Inertia

           x                 y                 z                Unit
       246.9844584       1046.827301       1280.385295       amu * ang^2
       881.9975132        3738.28816       4572.338895      amu * bohr^2
  4.1012762195e-38  1.7382988165e-37  2.1261312531e-37          g * cm^2

 - Molecule is an asymmetric top.

----------------------------------------------------------------------

         Rotational constants (MHz)

    A = 2.0462e+03        B = 4.8277e+02        C = 3.9471e+02

----------------------------------------------------------------------

        Rotational constants (cm-1)

    A = 6.8254e-02        B = 1.6104e-02        C = 1.3166e-02

----------------------------------------------------------------------

                                Z-Matrix
C   
C        1       2.6424355
C        2       2.6479824     1        121.7391
C        3      2.55356252     2    121.70195976     1         -3.5893
C        4      4.72217300     3     87.63576342     2          1.5769
H        5      4.02573698     4    115.87320336     3          1.6183
H        6      4.70971908     5     92.94310480     4         -3.5965
H        7      8.03292682     6     92.24552293     5          2.9876
H        8      8.27448954     7     59.36905858     6         -2.4676
N        9     10.12365982     8     29.58421156     7          1.9982
O       10      2.27048705     9    117.54282879     8         20.3546
O       11      4.08434800    10     25.96716127     9        178.8396
C       12      8.82360970    11     63.31841779    10          7.5938
H       13      2.08820222    12     93.49249976    11        108.7874
Br      14      4.60010168    13     49.57025184    12       -149.0275

----------------------------------------------------------------------

             Converted back to Cartesian

C        0.000000      0.000000      0.000000
C        0.000000      0.000000      2.642436
C        0.000000      0.098175     -0.003726
C        0.000103     -0.091015      2.542818
C       -0.000286      0.384418     -2.155360
H        0.000199     -0.161989      1.833123
H       -0.000366      0.609088     -2.813047
H        0.000386     -0.928194      5.071411
H       -0.000135      0.801926     -3.020181
N        0.000293     -1.403968      6.860230
O       -0.000120     -0.830232      4.663428
O       -0.001011     -1.893504      8.606948
C        0.009124      0.567224      0.133412
H        0.001892     -0.071811      2.121419
Br       0.026600      1.401345     -2.236348

----------------------------------------------------------------------
                       Geometry in bohr 

1     C      -1.7242273691    3.8462628134    1.3235122253
2     C       0.9050750343    3.6776360977    1.5255007752
3     C       2.1816812714    1.3789976635    1.2118948886
4     C       0.9264978057   -0.8121718831    0.8324584574
5     C      -3.0780383906    1.6872562992    0.9568228475
6     H      -2.6540332050    5.6617626634    1.4364862480
7     H       2.0234091122    5.3527288473    1.8919917297
8     H       1.9431838636   -2.5739555024    0.5923177426
9     H      -5.1200351401    1.7290612552    0.8416393983
10    N       4.9887771746    1.3689393535    1.2548148489
11    O       6.0124012550   -0.4461810677    0.3533476871
12    O       5.9520059119    3.1800421055    2.2318461568
13    C      -1.8348665034   -0.7949504733    1.0401498673
14    H      -2.0631804287   -1.2380119125    3.0679954778
15    Br     -3.5299295583   -3.4950785071   -0.6623172227

 Number of nodes, processes per node used for SCF calculation: 1, 4

Common Options
{
  maxiter       = 100
  basis         = 6-311g* spherical
  geom_units    = angstrom
  ang2au factor = 1.889726126
  debug         = false
  file_prefix   = meta_th45_ph252_qed_ccsd_input
}

SCF Options
{
  charge            = 1
  multiplicity      = 1
  level shift       = 0
  tol_int           = 1e-22
  tol_sch           = 1e-12
  tol_lindep        = 1e-10
  conve             = 1e-07
  convd             = 1e-05
  diis_hist         = 10
  AO_tilesize       = 30
  writem            = 10
  damp              = 100
  n_lindep          = 0
  scf_type          = restricted
  cuscf             = false
  qed_omegas        = [0.06615,]
  qed_lambdas       = [0.1,]
  qed_polvecs       = [[-0.2185080122,-0.672498512,0.7071067812,],]
  direct_df         = false
  restart_size      = 2000
  restart           = false
  debug             = false
}

Number of basis functions = 221

Total number of shells = 105

Total number of electrons = 98
  # of alpha electrons    = 49
  # of beta electons      = 49

Nuclear repulsion energy  = 729.501784719076

# of {all,non-negligible} shell-pairs = {5565,4852}
Number of AO tiles = 105

Time for initial setup: 0.01 secs
HF exch = 1.00

Time for computing 1-e integrals T, V, S: 0.01 secs
Time for computing orthogonalizer: 0.01 secs

Superposition of Atomic Density Guess ...
Time taken for SAD: 0.32 secs
Total Time to compute initial guess: 0.32 secs


 SCF iterations
-----------------------------------------------------------------------------
 Iter     Energy            E-Diff       RMSD        |[F,P]|^2       Time(s)
-----------------------------------------------------------------------------
   1  -3011.7713777680    -3.01e+03     1.74e-02     1.51e+03         0.6 
   2  -3005.8131313626     5.96e+00     7.35e-03     7.68e+00         2.1 
   3  -3006.0105951125    -1.97e-01     3.04e-03     3.60e+00         2.0 
   4  -3006.1144730139    -1.04e-01     1.31e-03     1.10e-01         2.0 
   5  -3006.1214177960    -6.94e-03     2.87e-04     1.05e-02         2.1 
   6  -3006.1221067205    -6.89e-04     2.21e-04     2.02e-03         2.1 
   7  -3006.1223446289    -2.38e-04     1.00e-04     4.53e-04         2.1 
   8  -3006.1223949312    -5.03e-05     3.89e-05     8.64e-05         2.1 
   9  -3006.1224038151    -8.88e-06     1.49e-05     1.12e-05         2.1 
  10  -3006.1224049582    -1.14e-06     6.15e-06     1.89e-06         2.1 
  11  -3006.1224051101    -1.52e-07     2.26e-06     1.74e-07         2.1 
  12  -3006.1224051277    -1.76e-08     7.35e-07     1.43e-08         2.1 

** Total SCF energy = -3006.1224051276654

Nuclear repulsion energy = 729.501784719075999
#electrons        = 98
1e energy kinetic = 3006.1786367925697050
1e energy N-e     = -8612.4084039576409850
1e energy         = -5604.3746439282913343
2e energy         = 1870.4231245021892391
QED energy        = 0.1824528161405310
QED eT energy     = 0.1581284500030478
QED eT energy from matrix = 0.1581284500030483

 Polarizability Matrix (QED energy = 0.5 * lambda.dot(matrix * lambda))
[41.32613758,  1.30943312,  0.94139029]
[ 1.30943312, 43.77951440,  3.49599472]
[ 0.94139029,  3.49599472, 35.89781153]

 Polarizability Matrix (QED eT energy = 0.5 * lambda.dot(matrix * lambda))
[37.74821130,  1.58755796,  1.20383619]
[ 1.58755796, 40.81622261,  4.35263385]
[ 1.20383619,  4.35263385, 30.81819651]


                      Electron        Nuclear        Total  
                  ------------------------------------------
    Monopole         -98.000000     99.000000      1.000000

      Dipole   X      12.405515    -14.524762     -2.119246
      Dipole   Y      29.366888    -28.044516      1.322373
      Dipole   Z     -54.135401     55.456617      1.321215

  Quadrupole  XX   -1412.110232   1361.825483    -50.284749
  Quadrupole  XY    -567.323270    565.385425     -1.937845
  Quadrupole  XZ    -227.696023    225.404095     -2.291928
  Quadrupole  YY    -838.336457    801.164541    -37.171916
  Quadrupole  YZ    -235.935302    237.855295      1.919993
  Quadrupole  ZZ    -180.243621    132.765631    -47.477990

    Octupole XXX   -2561.231073   2437.924201   -123.306872
    Octupole XXY     207.265822   -219.663575    -12.397753
    Octupole XXZ    -908.216155    865.107636    -43.108519
    Octupole XYY    1066.119470  -1095.931834    -29.812364
    Octupole XYZ     -89.666911     75.895197    -13.771714
    Octupole XZZ    -225.330837    212.153471    -13.177366
    Octupole YYY     236.242885   -220.542836     15.700049
    Octupole YYZ    -331.934568    304.493255    -27.441314
    Octupole YZZ    -223.453757    211.874275    -11.579483
    Octupole ZZZ    -295.491877    193.729716   -101.762161

writing orbitals and density to disk ... done.

Total Time taken for Hartree-Fock: 24.61 secs

CD Options
{
  debug             = false
  skip_cd           = [false, 100]
  write_cv          = [false, 5000]
  diagtol           = 1e-06
  itilesize         = 1000
  max_cvecs_factor  = 12
}

- #occupied, #virtual = 98, 344

- Tilesize for the MSO space: 40

-----------------------------------------------------
Begin 2-index transformation ... 

nAO, nMO, nelectrons = 221, 442, 98
n_occ_alpha, n_vir_alpha, n_occ_beta, n_vir_beta = 49,172,49,172

Time taken for Fao->Fmo transform: 0.00 secs

-----------------------------------------------------
Number of AO tiles = 105
# of {all,non-negligible} shell-pairs = {5565,4852}

    Begin Cholesky Decomposition
---------------------------------------------
Total # of mpi ranks used for Cholesky decomposition: 4
  --> Number of nodes, mpi ranks per node: 1, 4
- CPU memory required for computing cholesky vectors: 1.93 GiB

- Time for computing the diagonal: 0.01 secs

- Total number of cholesky vectors = 1644

- Time to compute cholesky vectors: 15.85 secs

- CPU memory required for resizing the ao cholesky tensor: 1.56 GiB
- CPU memory required for ao2mo transformation: 1.70 GiB
- CPU memory required for the 2-step contraction: 2.11 GiB

- Time for ao to mo transform: 1.53 secs

   End Cholesky Decomposition
---------------------------------------------

Total Time taken for Cholesky Decomposition: 19.41 secs

scf_type = restricted
Closed-Shell SCF
QED-HF Enabled
nbf = 203
nbf_orig = 221
n_lindep = 0
focc = 1
nmo = 406
nocc = 62
nvir = 344
n_occ_alpha = 31
n_vir_alpha = 172
n_occ_beta = 31
n_vir_beta = 172
nelectrons = 98
nelectrons_alpha = 49
nelectrons_beta = 49
freeze atomic = true
n_frozen_core = 18
n_frozen_virtual = 0
----------------------------
--------- QED-CCSD --------
lambda_x: -0.0219
lambda_y: -0.0672
lambda_z: 0.0707
omega: 0.066150
coupling_factor_x: -0.003974
coupling_factor_y: -0.012230
coupling_factor_z: 0.012860
----------------------------
# of {all,non-negligible} shell-pairs = {5565,4852}
Number of AO tiles = 105
----------------------------
Electronic dipole expectation value using SCF density: 
dipole_x_elec: 12.40554832
dipole_y_elec: 29.36694375
dipole_z_elec: -54.13541540

d_n/N value: d_n is nuclear dipole moment and N is the total number of electrons 
d_nuc_x: -0.14821185
d_nuc_y: -0.28616853
d_nuc_z: 0.56588385

<d_e+d_n> expectation values: 
dipole_total_x: -2.11921337
dipole_total_y: 1.32242824
dipole_total_z: 1.32120146
----------------------------


 CCSD iterations
------------------------------------------------------------
  Iter     Residuum          Correlation          Time(s)
------------------------------------------------------------
   1     1.1853850205297    0.0000000000000         86.50
   2     0.1655441042692   -1.6682700011239         85.59
   3     0.0666813149008   -1.6236264327738         85.52
   4     0.0197835303986   -1.6919595966379         85.47
   5     0.0157669769109   -1.6841417232802         85.70
 MICROCYCLE DIIS UPDATE:                    6
   6     0.0068455181261   -1.6934514208702         83.84
   7     0.0041461750437   -1.6934253662500         83.77
   8     0.0026880687121   -1.6945036181560         83.66
   9     0.0016748944722   -1.6946450410605         83.61
  10     0.0014445335638   -1.6949183402345         83.65
 MICROCYCLE DIIS UPDATE:                   11
  11     0.0004048484661   -1.6952467097093         83.93
  12     0.0002993918649   -1.6953329914303         83.80
  13     0.0002028562572   -1.6953214204449         83.37
  14     0.0001739421891   -1.6953150569321         82.64
  15     0.0001294860472   -1.6953177215963         82.96
 MICROCYCLE DIIS UPDATE:                   16
  16     0.0000495569989   -1.6952967444688         83.15
  17     0.0000279642761   -1.6953188614543         83.45
  18     0.0000225151786   -1.6953205054603         83.18
  19     0.0000158157751   -1.6953235989439         83.21
  20     0.0000150773575   -1.6953238054844         83.16
 MICROCYCLE DIIS UPDATE:                   21
  21     0.0000061896035   -1.6953256151948         82.86
  22     0.0000044539893   -1.6953261756811         82.85
  23     0.0000030329745   -1.6953260495560         82.68
  24     0.0000026780203   -1.6953257722849         83.00
  25     0.0000019841800   -1.6953258241796         83.36
 MICROCYCLE DIIS UPDATE:                   26
  26     0.0000008783431   -1.6953252835936         84.59
------------------------------------------------------------------
 Iterations converged
 CCSD correlation energy / hartree =        -1.695325283593590
 CCSD total energy / hartree       =     -3007.817730411259163

Time taken for spin-orbital canonical QED-CCSD: 2239.73 secs
