
ExaChem Git Information
{
 WARNING: Failed to retrieve the current git state.
}


TAMM Git Information
{
 Branch: main
 Commit Hash: e71357ad [e71357ad54f38748b4a7e175aa6760820d5ce96f]
 Commit Date: 2026-02-02 23:14:56 -0800
 Commit Message: add GitHub Actions workflow for releases
}


date: Thu Aug  6 04:24:26 2026
program: "/global/cfs/cdirs/m3196/heindelj/cavity_qed/software/install_gpu/bin/bin/ExaChem"
nnodes: 1, nproc_per_node: 4, nproc_total: 4, ngpus_per_node: 1, ngpus_total: 1

Memory information
{
[AMD EPYC 7763 64-Core Processor                ] : 
  CPU memory per node (GiB): 251
  Total CPU memory (GiB): 251
[NVIDIA A100-SXM4-40GB, CUDA v12.9] : 
  GPU memory per device (GiB): 39
  GPU memory per node (GiB): 39
  Total GPU memory (GiB): 39
}

------------------------------------------------------------

Input file provided: /global/cfs/cdirs/m4262/heindelj/cavity_qed/mlip/lambda_scans/grid_scans_optimized_geoms/runs_grid_no_freq/para_th54_ph270/para_th54_ph270_qed_ccsd_input.json

{
  "geometry": {
    "coordinates": [
      "C    -0.457388730100    1.259103392500    0.520664481200",
      "C     0.895182602800    1.258382177900    0.586167040600",
      "C     1.536786266700    0.017446933200    0.705278516800",
      "H    -1.006728790700    2.181925034700    0.412650090200",
      "H     1.484757874800    2.159884284300    0.549142446200",
      "N     3.007484079500    0.009139103800    0.789720502600",
      "O     3.565823870600   -0.717515767500    0.014642461600",
      "O     3.471872188800    0.727791883500    1.632456634300",
      "C    -0.465248552700   -1.211171200300    0.763891360200",
      "H    -1.024226778600   -2.128860516100    0.853208929900",
      "C     0.888053920200   -1.218974600900    0.762933954900",
      "H     1.469367801500   -2.123855623800    0.818686413200",
      "C    -1.240522396600    0.024985478600    0.639634391400",
      "H    -1.920010390000    0.130413701900    1.492826738400",
      "Br   -2.439283647000   -0.221173802800   -0.876464256400"
    ],
    "units": "angstrom",
    "noorient": true
  },
  "common": {
    "maxiter": 100,
    "debug": false
  },
  "basis": {
    "basisset": "6-311G*"
  },
  "SCF": {
    "charge": 1,
    "multiplicity": 1,
    "lshift": 0,
    "tol_lindep": 1e-10,
    "conve": 1e-07,
    "convd": 1e-05,
    "diis_hist": 10,
    "writem": 10,
    "restart": false,
    "noscf": false,
    "scf_type": "restricted",
    "debug": false,
    "qed_omegas": [
      0.06615
    ],
    "qed_volumes": [],
    "qed_lambdas": [
      0.1
    ],
    "qed_polvecs": [
      [
        -1.4861401089256373e-16,
        -0.8090169943749475,
        0.5877852522924731
      ]
    ],
    "direct_df": false
  },
  "CD": {
    "debug": false,
    "diagtol": 1e-06
  },
  "CC": {
    "threshold": 1e-06,
    "ndiis": 5,
    "ccsd_maxiter": 200,
    "tilesize": 40,
    "freeze": {
      "atomic": true
    },
    "readt": false,
    "writet": true,
    "writet_iter": 5,
    "debug": false,
    "profile_ccsd": false,
    "balance_tiles": true
  },
  "TASK": {
    "scf": false,
    "ccsd": true
  }
}

Output folder & files prefix: para_th54_ph270_qed_ccsd_input.6-311g*

  C (carbon)
  ----------
          Exponent        Coefficients
      ----------------  --------------------
  1 S  4.56324000E+03      0.778202
  1 S  6.82024000E+02      1.448695
  1 S  1.54973000E+02      2.383089
  1 S  4.44553000E+01      3.200089
  1 S  1.30290000E+01      3.013004
  1 S  1.82773000E+00      0.247599

  2 S  2.09642000E+01      0.800629
  2 S  4.80331000E+00      2.127420
  2 S  1.45933000E+00     -0.002868

  3 P  2.09642000E+01      2.573592
  3 P  4.80331000E+00      2.408248
  3 P  1.45933000E+00      1.865281

  4 S  4.83456000E-01      0.413217

  5 P  4.83456000E-01      0.574627

  6 S  1.45585000E-01      0.167976

  7 P  1.45585000E-01      0.128185

  8 D  6.26000000E-01      0.725128


  H (hydrogen)
  ------------
          Exponent        Coefficients
      ----------------  --------------------
  1 S  3.38650000E+01      0.255069
  1 S  5.09479000E+00      0.460109
  1 S  1.15879000E+00      0.678321

  2 S  3.25840000E-01      0.307371

  3 S  1.02741000E-01      0.129336


  N (nitrogen)
  ------------
          Exponent        Coefficients
      ----------------  --------------------
  1 S  6.29348000E+03      0.991968
  1 S  9.49044000E+02      1.823240
  1 S  2.18776000E+02      2.979891
  1 S  6.36916000E+01      4.000007
  1 S  1.88282000E+01      3.881008
  1 S  2.72023000E+00      0.386764

  2 S  3.06331000E+01      1.038501
  2 S  7.02614000E+00      2.834794
  2 S  2.11205000E+00     -0.003208

  3 P  3.06331000E+01      3.935616
  3 P  7.02614000E+00      3.870994
  3 P  2.11205000E+00      2.967271

  4 S  6.84009000E-01      0.536051

  5 P  6.84009000E-01      0.886681

  6 S  2.00878000E-01      0.213850

  7 P  2.00878000E-01      0.191693

  8 D  9.13000000E-01      1.403568


  O (oxygen)
  ----------
          Exponent        Coefficients
      ----------------  --------------------
  1 S  8.58850000E+03      1.205013
  1 S  1.29723000E+03      2.216205
  1 S  2.99296000E+02      3.627452
  1 S  8.73771000E+01      4.888452
  1 S  2.56789000E+01      4.835721
  1 S  3.74004000E+00      0.538229

  2 S  4.21175000E+01      1.341958
  2 S  9.62837000E+00      3.587114
  2 S  2.85332000E+00     -0.005123

  3 P  4.21175000E+01      5.584018
  3 P  9.62837000E+00      5.733366
  3 P  2.85332000E+00      4.332955

  4 S  9.05661000E-01      0.661659

  5 P  9.05661000E-01      1.259352

  6 S  2.55611000E-01      0.256209

  7 P  2.55611000E-01      0.259068

  8 D  1.29200000E+00      2.577026


  Br (bromine)
  ------------
          Exponent        Coefficients
      ----------------  --------------------
  1 S  4.39700000E+05      9.893706
  1 S  6.60300000E+04     18.450679
  1 S  1.51400000E+04     31.049770
  1 S  4.31700000E+03     48.888138
  1 S  1.41400000E+03     64.847798
  1 S  5.23900000E+02     42.245010

  2 S  5.23900000E+02     14.290679
  2 S  2.07700000E+02     24.083128
  2 S  8.65400000E+01      5.132542

  3 S  3.05200000E+01      9.254405

  4 S  1.29800000E+01      4.873782

  5 S  4.41200000E+00      2.169635

  6 S  1.86200000E+00      1.136043

  7 S  3.93200000E-01      0.353892

  8 S  1.40000000E-01      0.163120

  9 P  2.95700000E+03    691.874478
  9 P  7.00300000E+02    925.332763
  9 P  2.24600000E+02   1068.830732

  10 P  8.25900000E+01    122.079275
  10 P  3.31900000E+01     57.580687
  10 P  1.42000000E+01     10.176170

  11 P  1.42000000E+01      3.129736
  11 P  7.43800000E+00      6.538168
  11 P  3.52600000E+00      4.166276

  12 P  1.59500000E+00      2.555000

  13 P  8.46200000E-01      1.156861

  14 P  3.18600000E-01      0.341191

  15 P  1.09600000E-01      0.089888

  16 D  1.34800000E+02    160.709187
  16 D  3.63900000E+01    119.797406
  16 D  1.21600000E+01     55.531619
  16 D  4.34100000E+00     12.984636

  17 D  1.53500000E+00      3.484168

  18 D  4.51000000E-01      0.408525



Printing Internal Coordinates

------------------------------------------------------------
                Bond Lengths

i      j        Length (Angstroms)     Length (Bohr)
0      1          1.3541566808         2.5589852582
0      3          1.0793708325         2.0397152618
0      12         1.4664580473         2.7712040846
1      2          1.4020567345         2.6495032412
1      4          1.0778106836         2.0367670077
2      5          1.4731434165         2.7838376014
2      10         1.3974677159         2.6408312528
5      6          1.2002152282         2.2680780734
5      7          1.2009672441         2.2694991776
8      9          1.0782337250         2.0375664399
8      10         1.3533253093         2.5574141939
8      12         1.4644359536         2.7673828812
10     11         1.0769604593         2.0351603164
12     13         1.0957902283         2.0707434229
12     14         1.9483783096         3.6819013947

Number of Bonds: 15

------------------------------------------------------------
           Bond Angles

i      j      k      Angle (degrees)
0      1      2        117.4943 
0      1      4        122.9744 
0      12     8        115.7564 
0      12     13       108.2609 
0      12     14       111.8245 
1      0      3        120.9069 
1      0      12       121.9401 
1      2      5        117.8214 
1      2      10       125.0404 
2      1      4        119.5312 
2      5      6        115.5199 
2      5      7        115.0168 
2      10     8        117.3316 
2      10     11       119.6666 
3      0      12       117.1185 
5      2      10       117.1354 
6      5      7        129.4617 
8      10     11       122.9954 
8      12     13       110.0857 
8      12     14       106.5647 
9      8      10       120.9014 
9      8      12       116.8084 
10     8      12       122.2896 
13     12     14       103.6801 

Number of Angles: 24

------------------------------------------------------------
              Torsional Angles

i      j      k      l      Angle (degrees)
3      0      1      2       -179.0172 
4      1      0      3          0.8831 
8      10     2      1         -3.1179 
8      12     0      1         -3.0290 
8      12     0      3        179.0889 
9      8      10     2       -177.1253 
9      8      12     0        179.9541 
10     2      1      0         -0.0651 
10     2      1      4       -179.9690 
10     8      12     0         -0.3062 
11     10     2      1        177.7742 
11     10     8      9          1.9505 
12     0      1      2          3.1799 
12     0      1      4       -176.9197 
12     8      10     2          3.1454 
12     8      10     11      -177.7788 
13     12     0      1        121.0773 
13     12     0      3        -56.8047 
13     12     8      9         56.8017 
13     12     8      10      -123.4585 
14     12     0      1       -125.3190 
14     12     0      3         56.7990 
14     12     8      9        -55.0054 
14     12     8      10       124.7344 

Number of Torsional Angles: 24


----------------------------------------------------------------------
                          Center of Mass

         x               y               z              Unit
    -0.134910914  -0.07688947345   0.09490780983      Angstrom
   -0.2549446788   -0.1453000468    0.1793497678          Bohr

----------------------------------------------------------------------
                Moment of Inertia Tensor

           924.251          -146.536          -1095.74
          -146.536            4367.9          -105.063
          -1095.74          -105.063           4240.14

----------------------------------------------------------------------
                      Principal Moments of Inertia

           x                 y                 z                Unit
       164.4276137       1220.750975       1284.133889       amu * ang^2
       587.1816685       4359.380874        4585.72537      amu * bohr^2
  2.7303866253e-38  2.0271060681e-37  2.1323559454e-37          g * cm^2

 - Molecule is an asymmetric top.

----------------------------------------------------------------------

         Rotational constants (MHz)

    A = 3.0736e+03        B = 4.1399e+02        C = 3.9356e+02

----------------------------------------------------------------------

        Rotational constants (cm-1)

    A = 1.0252e-01        B = 1.3809e-02        C = 1.3128e-02

----------------------------------------------------------------------

                                Z-Matrix
C   
C        1       2.5589853
C        2       2.6495032     1       117.49435
H        3      6.33553497     2     22.17912554     1          0.7191
H        4      4.71547134     3     39.82750432     2          0.4783
N        5      5.00055874     4    125.92394869     3         -0.1121
O        6      2.26807807     5    134.51270331     4         92.3010
O        7      4.10338867     6     25.27759977     5        116.4848
C        8      8.45426028     7     66.73114942     6         15.0371
H        9      2.03756644     8    144.00026011     7         72.4579
C       10      4.00553271     9     33.21901668     8        -23.6735
H       11      2.03516032    10     97.12809308     9       -178.3514
C       12      6.54431627    11     18.84389553    10          3.3163
H       13      2.07074342    12    120.30912393    11       -111.5399
Br      14      4.63148639    13     50.57166586    12       -132.1244

----------------------------------------------------------------------

             Converted back to Cartesian

C        0.000000      0.000000      0.000000
C        0.000000      0.000000      2.558985
C        0.000000      0.094808     -0.088821
H       -0.000009     -0.174669      6.240980
H        0.000002      0.083041      1.532556
N       -0.000018     -0.381529      6.511488
O       -0.002617     -0.078524      4.263743
O        0.001851     -0.658015      8.326004
C       -0.006862      0.705790     -0.017525
H       -0.006993      0.289263      1.977013
C       -0.005431      1.147702     -1.935450
H       -0.004891      0.652939      0.038654
C       -0.007497      2.280316     -6.300093
H       -0.002340      1.692361     -4.314581
Br      -0.015074      3.075641     -8.734653

----------------------------------------------------------------------
                       Geometry in bohr 

1     C      -0.8643394330    2.3793605760    0.9839132730
2     C       1.6916499520    2.3779976780    1.1076951708
3     C       2.9041051581    0.0329699255    1.3327832392
4     H      -1.9024416975    4.1232407428    0.7797956563
5     H       2.8057857467    4.0815897610    1.0377288274
6     N       5.6833212383    0.0172704032    1.4923554659
7     O       6.7384305287   -1.3559082916    0.0276702422
8     O       6.5608875810    1.3753273365    3.0848959512
9     C      -0.8791923451   -2.2887818602    1.4435454607
10    H      -1.9355081024   -4.0229633357    1.6123312057
11    C       1.6781786942   -2.3035281501    1.4417362269
12    H       2.7767027231   -4.0135054600    1.5470931039
13    C      -2.3442475826    0.0472157117    1.2087338205
14    H      -3.6282937960    0.2464461797    2.8210336890
15    Br     -4.6095780362   -0.4179579135   -1.6562774037

 Number of nodes, processes per node used for SCF calculation: 1, 4

Common Options
{
  maxiter       = 100
  basis         = 6-311g* spherical
  geom_units    = angstrom
  ang2au factor = 1.889726126
  debug         = false
  file_prefix   = para_th54_ph270_qed_ccsd_input
}

SCF Options
{
  charge            = 1
  multiplicity      = 1
  level shift       = 0
  tol_int           = 1e-22
  tol_sch           = 1e-12
  tol_lindep        = 1e-10
  conve             = 1e-07
  convd             = 1e-05
  diis_hist         = 10
  AO_tilesize       = 30
  writem            = 10
  damp              = 100
  n_lindep          = 0
  scf_type          = restricted
  cuscf             = false
  qed_omegas        = [0.06615,]
  qed_lambdas       = [0.1,]
  qed_polvecs       = [[-1.486140109e-16,-0.8090169944,0.5877852523,],]
  direct_df         = false
  restart_size      = 2000
  restart           = false
  debug             = false
}

Number of basis functions = 221

Total number of shells = 105

Total number of electrons = 98
  # of alpha electrons    = 49
  # of beta electons      = 49

Nuclear repulsion energy  = 731.12878711035

# of {all,non-negligible} shell-pairs = {5565,4877}
Number of AO tiles = 105

Time for initial setup: 0.02 secs
HF exch = 1.00

Time for computing 1-e integrals T, V, S: 0.01 secs
Time for computing orthogonalizer: 0.01 secs

Superposition of Atomic Density Guess ...
Time taken for SAD: 0.32 secs
Total Time to compute initial guess: 0.32 secs


 SCF iterations
-----------------------------------------------------------------------------
 Iter     Energy            E-Diff       RMSD        |[F,P]|^2       Time(s)
-----------------------------------------------------------------------------
   1  -3011.7765761331    -3.01e+03     1.67e-02     1.50e+03         0.6 
   2  -3005.8144892726     5.96e+00     6.91e-03     7.61e+00         2.1 
   3  -3005.9968396714    -1.82e-01     2.87e-03     3.89e+00         2.1 
   4  -3006.1068517385    -1.10e-01     1.17e-03     1.29e-01         2.1 
   5  -3006.1135251543    -6.67e-03     2.30e-04     1.15e-02         2.1 
   6  -3006.1140871776    -5.62e-04     1.37e-04     1.29e-03         2.1 
   7  -3006.1142103831    -1.23e-04     5.63e-05     1.82e-04         2.1 
   8  -3006.1142313373    -2.10e-05     1.74e-05     2.26e-05         2.1 
   9  -3006.1142337415    -2.40e-06     7.23e-06     3.74e-06         2.1 
  10  -3006.1142340955    -3.54e-07     2.45e-06     8.09e-07         2.1 
  11  -3006.1142341496    -5.42e-08     1.18e-06     1.22e-07         2.1 

** Total SCF energy = -3006.1142341496293

Nuclear repulsion energy = 731.128787110350004
#electrons        = 98
1e energy kinetic = 3006.2049658500995974
1e energy N-e     = -8615.2344842924503610
1e energy         = -5607.8629413294265760
2e energy         = 1871.6012327824880686
QED energy        = 0.1852643998805309
QED eT energy     = 0.1636779807574037
QED eT energy from matrix = 0.1636779807574050

 Polarizability Matrix (QED energy = 0.5 * lambda.dot(matrix * lambda))
[43.73254007,  0.18360909,  1.60371523]
[ 0.18360909, 39.92013000,  2.46557505]
[ 1.60371523,  2.46557505, 38.40822941]

 Polarizability Matrix (QED eT energy = 0.5 * lambda.dot(matrix * lambda))
[40.44372873,  0.20836022,  1.95973826]
[ 0.20836022, 36.20064652,  2.86799305]
[ 1.95973826,  2.86799305, 34.06621808]


                      Electron        Nuclear        Total  
                  ------------------------------------------
    Monopole         -98.000000     99.000000      1.000000

      Dipole   X       2.789082     -3.924266     -1.135185
      Dipole   Y      12.498134    -12.466071      0.032064
      Dipole   Z     -28.990620     30.285734      1.295115

  Quadrupole  XX   -1888.907951   1840.278451    -48.629501
  Quadrupole  XY     -66.849384     67.154281      0.304898
  Quadrupole  XZ    -502.626119    501.627484     -0.998634
  Quadrupole  YY    -272.872165    233.155844    -39.716320
  Quadrupole  YZ     -46.530633     44.208507     -2.322126
  Quadrupole  ZZ    -308.223166    259.947981    -48.275185

    Octupole XXX   -2803.861477   2664.691894   -139.169583
    Octupole XXY     320.328805   -316.384522      3.944283
    Octupole XXZ    -445.277574    405.925151    -39.352423
    Octupole XYY    -273.766499    251.617810    -22.148689
    Octupole XYZ    -119.077082    107.111393    -11.965689
    Octupole XZZ    -191.156829    147.933818    -43.223011
    Octupole YYY      -8.604764     22.895595     14.290831
    Octupole YYZ    -296.027424    280.999910    -15.027514
    Octupole YZZ     -32.491005     28.385227     -4.105778
    Octupole ZZZ    -296.323685    205.737848    -90.585837

writing orbitals and density to disk ... done.

Total Time taken for Hartree-Fock: 22.75 secs

CD Options
{
  debug             = false
  skip_cd           = [false, 100]
  write_cv          = [false, 5000]
  diagtol           = 1e-06
  itilesize         = 1000
  max_cvecs_factor  = 12
}

- #occupied, #virtual = 98, 344

- Tilesize for the MSO space: 40

-----------------------------------------------------
Begin 2-index transformation ... 

nAO, nMO, nelectrons = 221, 442, 98
n_occ_alpha, n_vir_alpha, n_occ_beta, n_vir_beta = 49,172,49,172

Time taken for Fao->Fmo transform: 0.00 secs

-----------------------------------------------------
Number of AO tiles = 105
# of {all,non-negligible} shell-pairs = {5565,4877}

    Begin Cholesky Decomposition
---------------------------------------------
Total # of mpi ranks used for Cholesky decomposition: 4
  --> Number of nodes, mpi ranks per node: 1, 4
- CPU memory required for computing cholesky vectors: 1.93 GiB

- Time for computing the diagonal: 0.01 secs

- Total number of cholesky vectors = 1636

- Time to compute cholesky vectors: 13.26 secs

- CPU memory required for resizing the ao cholesky tensor: 1.56 GiB
- CPU memory required for ao2mo transformation: 1.69 GiB
- CPU memory required for the 2-step contraction: 2.10 GiB

- Time for ao to mo transform: 1.68 secs

   End Cholesky Decomposition
---------------------------------------------

Total Time taken for Cholesky Decomposition: 16.65 secs

scf_type = restricted
Closed-Shell SCF
QED-HF Enabled
nbf = 203
nbf_orig = 221
n_lindep = 0
focc = 1
nmo = 406
nocc = 62
nvir = 344
n_occ_alpha = 31
n_vir_alpha = 172
n_occ_beta = 31
n_vir_beta = 172
nelectrons = 98
nelectrons_alpha = 49
nelectrons_beta = 49
freeze atomic = true
n_frozen_core = 18
n_frozen_virtual = 0
----------------------------
--------- QED-CCSD --------
lambda_x: -0.0000
lambda_y: -0.0809
lambda_z: 0.0588
omega: 0.066150
coupling_factor_x: -0.000000
coupling_factor_y: -0.014713
coupling_factor_z: 0.010690
----------------------------
# of {all,non-negligible} shell-pairs = {5565,4877}
Number of AO tiles = 105
----------------------------
Electronic dipole expectation value using SCF density: 
dipole_x_elec: 2.78921885
dipole_y_elec: 12.49804275
dipole_z_elec: -28.99067862

d_n/N value: d_n is nuclear dipole moment and N is the total number of electrons 
d_nuc_x: -0.04004353
d_nuc_y: -0.12720480
d_nuc_z: 0.30903811

<d_e+d_n> expectation values: 
dipole_total_x: -1.13504733
dipole_total_y: 0.03197213
dipole_total_z: 1.29505569
----------------------------


 CCSD iterations
------------------------------------------------------------
  Iter     Residuum          Correlation          Time(s)
------------------------------------------------------------
   1     1.1854533511298    0.0000000000000         87.80
   2     0.1712599780939   -1.6864389849774         86.16
   3     0.0741533640979   -1.6230535413687         86.09
   4     0.0257313620736   -1.7026102195753         85.93
   5     0.0217543568152   -1.6872975572475         85.81
 MICROCYCLE DIIS UPDATE:                    6
   6     0.0076445381359   -1.6994460475490         84.24
   7     0.0044141674086   -1.6992797951680         84.64
   8     0.0029261176498   -1.7006273108290         84.35
   9     0.0016848807197   -1.7007138970178         84.30
  10     0.0015286867214   -1.7010640148931         84.62
 MICROCYCLE DIIS UPDATE:                   11
  11     0.0005657608889   -1.7014209244636         85.44
  12     0.0004161188978   -1.7015752210698         85.46
  13     0.0002973224414   -1.7015039099003         85.55
  14     0.0002335033687   -1.7015096810529         85.69
  15     0.0001858770406   -1.7015010819049         85.27
 MICROCYCLE DIIS UPDATE:                   16
  16     0.0000652004852   -1.7014855735763         84.66
  17     0.0000419272286   -1.7014990833476         84.83
  18     0.0000302863834   -1.7015096924732         84.93
  19     0.0000206606795   -1.7015083425104         84.67
  20     0.0000183893651   -1.7015120476012         84.81
 MICROCYCLE DIIS UPDATE:                   21
  21     0.0000077058472   -1.7015120670205         84.55
  22     0.0000055456889   -1.7015149696806         84.57
  23     0.0000038771149   -1.7015133633115         84.46
  24     0.0000030726319   -1.7015136999421         84.37
  25     0.0000024083294   -1.7015132533366         84.11
 MICROCYCLE DIIS UPDATE:                   26
  26     0.0000009563923   -1.7015128289453         84.19
------------------------------------------------------------------
 Iterations converged
 CCSD correlation energy / hartree =        -1.701512828945331
 CCSD total energy / hartree       =     -3007.815746978574680

Time taken for spin-orbital canonical QED-CCSD: 2268.68 secs
