
ExaChem Git Information
{
 WARNING: Failed to retrieve the current git state.
}


TAMM Git Information
{
 Branch: main
 Commit Hash: e71357ad [e71357ad54f38748b4a7e175aa6760820d5ce96f]
 Commit Date: 2026-02-02 23:14:56 -0800
 Commit Message: add GitHub Actions workflow for releases
}


date: Mon Aug 10 22:58:04 2026
program: "/global/cfs/cdirs/m3196/heindelj/cavity_qed/software/install_gpu/bin/bin/ExaChem"
nnodes: 1, nproc_per_node: 4, nproc_total: 4, ngpus_per_node: 1, ngpus_total: 1

Memory information
{
[AMD EPYC 7763 64-Core Processor                ] : 
  CPU memory per node (GiB): 251
  Total CPU memory (GiB): 251
[NVIDIA A100-SXM4-80GB, CUDA v12.9] : 
  GPU memory per device (GiB): 79
  GPU memory per node (GiB): 79
  Total GPU memory (GiB): 79
}

------------------------------------------------------------

Input file provided: /global/cfs/cdirs/m4262/heindelj/cavity_qed/mlip/lambda_scans/grid_scans_optimized_geoms/runs_grid_no_freq/para_th72_ph306/para_th72_ph306_qed_ccsd_input.json

{
  "geometry": {
    "coordinates": [
      "C    -0.461241801700    1.263992040700    0.612977219000",
      "C     0.884767293000    1.267819404000    0.654891429300",
      "C     1.516476909900    0.015315694500    0.739514403500",
      "H    -1.006146462000    2.186870624800    0.516548344000",
      "H     1.478662684500    2.168862986300    0.616530381700",
      "N     2.981881840200    0.008452209800    0.676461789200",
      "O     3.434625995200   -0.545949146200   -0.286900636800",
      "O     3.538164891800    0.578807125000    1.573563633600",
      "C    -0.487548151400   -1.210696806100    0.877353719000",
      "H    -1.048099875800   -2.131122836400    0.976974892500",
      "C     0.869062974200   -1.210396892200    0.863019860600",
      "H     1.440597454100   -2.117377636400    0.937594410600",
      "C    -1.250121314800    0.023090430700    0.662107064800",
      "H    -2.089209186400    0.107402036300    1.353560318900",
      "Br   -2.035953934900   -0.257548756700   -1.108757130400"
    ],
    "units": "angstrom",
    "noorient": true
  },
  "common": {
    "maxiter": 100,
    "debug": false
  },
  "basis": {
    "basisset": "6-311G*"
  },
  "SCF": {
    "charge": 1,
    "multiplicity": 1,
    "lshift": 0,
    "tol_lindep": 1e-10,
    "conve": 1e-07,
    "convd": 1e-05,
    "diis_hist": 10,
    "writem": 10,
    "restart": false,
    "noscf": false,
    "scf_type": "restricted",
    "debug": false,
    "qed_omegas": [
      0.06615
    ],
    "qed_volumes": [],
    "qed_lambdas": [
      0.1
    ],
    "qed_polvecs": [
      [
        0.5590169943749472,
        -0.7694208842938135,
        0.30901699437494745
      ]
    ],
    "direct_df": false
  },
  "CD": {
    "debug": false,
    "diagtol": 1e-06
  },
  "CC": {
    "threshold": 1e-06,
    "ndiis": 5,
    "ccsd_maxiter": 200,
    "tilesize": 40,
    "freeze": {
      "atomic": true
    },
    "readt": false,
    "writet": true,
    "writet_iter": 5,
    "debug": false,
    "profile_ccsd": false,
    "balance_tiles": true
  },
  "TASK": {
    "scf": false,
    "ccsd": true
  }
}

Output folder & files prefix: para_th72_ph306_qed_ccsd_input.6-311g*

  C (carbon)
  ----------
          Exponent        Coefficients
      ----------------  --------------------
  1 S  4.56324000E+03      0.778202
  1 S  6.82024000E+02      1.448695
  1 S  1.54973000E+02      2.383089
  1 S  4.44553000E+01      3.200089
  1 S  1.30290000E+01      3.013004
  1 S  1.82773000E+00      0.247599

  2 S  2.09642000E+01      0.800629
  2 S  4.80331000E+00      2.127420
  2 S  1.45933000E+00     -0.002868

  3 P  2.09642000E+01      2.573592
  3 P  4.80331000E+00      2.408248
  3 P  1.45933000E+00      1.865281

  4 S  4.83456000E-01      0.413217

  5 P  4.83456000E-01      0.574627

  6 S  1.45585000E-01      0.167976

  7 P  1.45585000E-01      0.128185

  8 D  6.26000000E-01      0.725128


  H (hydrogen)
  ------------
          Exponent        Coefficients
      ----------------  --------------------
  1 S  3.38650000E+01      0.255069
  1 S  5.09479000E+00      0.460109
  1 S  1.15879000E+00      0.678321

  2 S  3.25840000E-01      0.307371

  3 S  1.02741000E-01      0.129336


  N (nitrogen)
  ------------
          Exponent        Coefficients
      ----------------  --------------------
  1 S  6.29348000E+03      0.991968
  1 S  9.49044000E+02      1.823240
  1 S  2.18776000E+02      2.979891
  1 S  6.36916000E+01      4.000007
  1 S  1.88282000E+01      3.881008
  1 S  2.72023000E+00      0.386764

  2 S  3.06331000E+01      1.038501
  2 S  7.02614000E+00      2.834794
  2 S  2.11205000E+00     -0.003208

  3 P  3.06331000E+01      3.935616
  3 P  7.02614000E+00      3.870994
  3 P  2.11205000E+00      2.967271

  4 S  6.84009000E-01      0.536051

  5 P  6.84009000E-01      0.886681

  6 S  2.00878000E-01      0.213850

  7 P  2.00878000E-01      0.191693

  8 D  9.13000000E-01      1.403568


  O (oxygen)
  ----------
          Exponent        Coefficients
      ----------------  --------------------
  1 S  8.58850000E+03      1.205013
  1 S  1.29723000E+03      2.216205
  1 S  2.99296000E+02      3.627452
  1 S  8.73771000E+01      4.888452
  1 S  2.56789000E+01      4.835721
  1 S  3.74004000E+00      0.538229

  2 S  4.21175000E+01      1.341958
  2 S  9.62837000E+00      3.587114
  2 S  2.85332000E+00     -0.005123

  3 P  4.21175000E+01      5.584018
  3 P  9.62837000E+00      5.733366
  3 P  2.85332000E+00      4.332955

  4 S  9.05661000E-01      0.661659

  5 P  9.05661000E-01      1.259352

  6 S  2.55611000E-01      0.256209

  7 P  2.55611000E-01      0.259068

  8 D  1.29200000E+00      2.577026


  Br (bromine)
  ------------
          Exponent        Coefficients
      ----------------  --------------------
  1 S  4.39700000E+05      9.893706
  1 S  6.60300000E+04     18.450679
  1 S  1.51400000E+04     31.049770
  1 S  4.31700000E+03     48.888138
  1 S  1.41400000E+03     64.847798
  1 S  5.23900000E+02     42.245010

  2 S  5.23900000E+02     14.290679
  2 S  2.07700000E+02     24.083128
  2 S  8.65400000E+01      5.132542

  3 S  3.05200000E+01      9.254405

  4 S  1.29800000E+01      4.873782

  5 S  4.41200000E+00      2.169635

  6 S  1.86200000E+00      1.136043

  7 S  3.93200000E-01      0.353892

  8 S  1.40000000E-01      0.163120

  9 P  2.95700000E+03    691.874478
  9 P  7.00300000E+02    925.332763
  9 P  2.24600000E+02   1068.830732

  10 P  8.25900000E+01    122.079275
  10 P  3.31900000E+01     57.580687
  10 P  1.42000000E+01     10.176170

  11 P  1.42000000E+01      3.129736
  11 P  7.43800000E+00      6.538168
  11 P  3.52600000E+00      4.166276

  12 P  1.59500000E+00      2.555000

  13 P  8.46200000E-01      1.156861

  14 P  3.18600000E-01      0.341191

  15 P  1.09600000E-01      0.089888

  16 D  1.34800000E+02    160.709187
  16 D  3.63900000E+01    119.797406
  16 D  1.21600000E+01     55.531619
  16 D  4.34100000E+00     12.984636

  17 D  1.53500000E+00      3.484168

  18 D  4.51000000E-01      0.408525



Printing Internal Coordinates

------------------------------------------------------------
                Bond Lengths

i      j        Length (Angstroms)     Length (Bohr)
0      1          1.3466669717         2.5448317594
0      3          1.0760690023         2.0334757070
0      12         1.4712516554         2.7802626911
1      2          1.4053411081         2.6557098078
1      4          1.0798438976         2.0406092252
2      5          1.4667768574         2.7718065483
2      10         1.3916787515         2.6298916955
5      6          1.2001688620         2.2679904540
5      7          1.1998113527         2.2673148593
8      9          1.0822784721         2.0452099043
8      10         1.3566868819         2.5637666454
8      12         1.4663150744         2.7709339049
10     11         1.0746288176         2.0307541522
12     13         1.0905432159         2.0608280065
12     14         1.9576136642         3.6993536856

Number of Bonds: 15

------------------------------------------------------------
           Bond Angles

i      j      k      Angle (degrees)
0      1      2        116.6557 
0      1      4        123.4343 
0      12     8        115.8317 
0      12     13       111.6248 
0      12     14       107.8151 
1      0      3        120.4302 
1      0      12       122.4995 
1      2      5        116.7865 
1      2      10       125.5343 
2      1      4        119.9069 
2      5      6        114.4279 
2      5      7        115.3941 
2      10     8        117.7950 
2      10     11       120.1381 
3      0      12       117.0541 
5      2      10       117.6754 
6      5      7        130.1553 
8      10     11       122.0659 
8      12     13       111.8466 
8      12     14       102.7637 
9      8      10       121.2698 
9      8      12       117.3704 
10     8      12       121.2179 
13     12     14       106.0084 

Number of Angles: 24

------------------------------------------------------------
              Torsional Angles

i      j      k      l      Angle (degrees)
3      0      1      2       -178.0524 
4      1      0      3          1.2950 
8      10     2      1          1.3938 
9      8      10     2       -179.6244 
10     2      1      0         -4.0580 
10     2      1      4        176.5703 
11     10     2      1       -178.9583 
11     10     8      9          0.7349 
12     8      10     2          4.8196 
12     8      10     11      -174.8212 
13     12     8      9         46.9952 
13     12     8      10      -137.2816 
14     12     8      9        -66.2996 
14     12     8      10       109.4235 

Number of Torsional Angles: 14


----------------------------------------------------------------------
                          Center of Mass

         x               y               z              Unit
   0.01084672329  -0.08836071928 -0.005919611846      Angstrom
   0.02049733638   -0.1669775597  -0.01118644516          Bohr

----------------------------------------------------------------------
                Moment of Inertia Tensor

           1056.03          -164.407          -1038.39
          -164.407            3982.7          -116.775
          -1038.39          -116.775           3684.82

----------------------------------------------------------------------
                      Principal Moments of Inertia

           x                 y                 z                Unit
       191.5332036        1108.32965       1142.978968       amu * ang^2
       683.9774875       3957.917035       4081.651993      amu * bohr^2
  3.1804858427e-38  1.8404259390e-37  1.8979625233e-37          g * cm^2

 - Molecule is an asymmetric top.

----------------------------------------------------------------------

         Rotational constants (MHz)

    A = 2.6386e+03        B = 4.5598e+02        C = 4.4216e+02

----------------------------------------------------------------------

        Rotational constants (cm-1)

    A = 8.8014e-02        B = 1.5210e-02        C = 1.4749e-02

----------------------------------------------------------------------

                                Z-Matrix
C   
C        1       2.5448318
C        2       2.6557098     1       116.65568
H        3      6.30415393     2     22.46975190     1          1.4172
H        4      4.69953162     3     40.27520912     2          1.1908
N        5      4.97491151     4    125.26650838     3          3.2408
O        6      2.26799045     5    125.18426301     4         91.3139
O        7      4.11297677     6     24.91837204     5        114.9227
C        8      8.42855944     7     67.43667842     6         13.8038
H        9      2.04520990     8    142.59192315     7         81.7331
C       10      4.02482183     9     32.98744532     8        -19.7606
H       11      2.03075415    10     96.32485450     9       -179.3734
C       12      6.51817585    11     19.23566943    10          6.0377
H       13      2.06082801    12    126.69459507    11       -120.4123
Br      14      4.70501293    13     49.09251037    12       -126.7566

----------------------------------------------------------------------

             Converted back to Cartesian

C        0.000000      0.000000      0.000000
C        0.000000      0.000000      2.544832
C        0.000000      0.094352     -0.109201
H       -0.000019     -0.172739      6.189292
H       -0.000001      0.083956      1.496776
N       -0.000220     -0.377087      6.450278
O       -0.002434     -0.080995      4.201700
O        0.001323     -0.648891      8.275280
C       -0.005669      0.686102     -0.046881
H       -0.006548      0.274818      1.956549
C       -0.003404      1.123745     -1.977724
H       -0.003820      0.637370     -0.006075
C       -0.003305      2.235551     -6.325286
H        0.001155      1.653679     -4.348315
Br      -0.010400      3.049466     -8.841509

----------------------------------------------------------------------
                       Geometry in bohr 

1     C      -0.8716206830    2.3885987823    1.1583590653
2     C       1.6719678689    2.3958314507    1.2375654436
3     C       2.8657260360    0.0289424680    1.3974796888
4     H      -1.9013412557    4.1325865537    0.9761349010
5     H       2.7942675063    4.0985570487    1.1650735697
6     N       5.6349400178    0.0159723617    1.2783275162
7     O       6.4905024759   -1.0316943650   -0.5421636289
8     O       6.6861626338    1.0937869460    2.9736043092
9     C      -0.9213324793   -2.2878853850    1.6579582445
10    H      -1.9806217179   -4.0272385015    1.8462149787
11    C       1.6422910074   -2.2873186299    1.6308711778
12    H       2.7223346459   -4.0012638379    1.7717966532
13    C      -2.3623869091    0.0436345902    1.2512010185
14    H      -3.9480331820    0.2029604340    2.5578582976
15    Br     -3.8473953419   -0.4866966142   -2.0952473166

 Number of nodes, processes per node used for SCF calculation: 1, 4

Common Options
{
  maxiter       = 100
  basis         = 6-311g* spherical
  geom_units    = angstrom
  ang2au factor = 1.889726126
  debug         = false
  file_prefix   = para_th72_ph306_qed_ccsd_input
}

SCF Options
{
  charge            = 1
  multiplicity      = 1
  level shift       = 0
  tol_int           = 1e-22
  tol_sch           = 1e-12
  tol_lindep        = 1e-10
  conve             = 1e-07
  convd             = 1e-05
  diis_hist         = 10
  AO_tilesize       = 30
  writem            = 10
  damp              = 100
  n_lindep          = 0
  scf_type          = restricted
  cuscf             = false
  qed_omegas        = [0.06615,]
  qed_lambdas       = [0.1,]
  qed_polvecs       = [[0.5590169944,-0.7694208843,0.3090169944,],]
  direct_df         = false
  restart_size      = 2000
  restart           = false
  debug             = false
}

Number of basis functions = 221

Total number of shells = 105

Total number of electrons = 98
  # of alpha electrons    = 49
  # of beta electons      = 49

Nuclear repulsion energy  = 742.572902663289

# of {all,non-negligible} shell-pairs = {5565,4903}
Number of AO tiles = 105

Time for initial setup: 0.01 secs
HF exch = 1.00

Time for computing 1-e integrals T, V, S: 0.01 secs
Time for computing orthogonalizer: 0.01 secs

Superposition of Atomic Density Guess ...
Time taken for SAD: 0.32 secs
Total Time to compute initial guess: 0.32 secs


 SCF iterations
-----------------------------------------------------------------------------
 Iter     Energy            E-Diff       RMSD        |[F,P]|^2       Time(s)
-----------------------------------------------------------------------------
   1  -3011.7923999618    -3.01e+03     1.66e-02     1.51e+03         0.6 
   2  -3005.7655185205     6.03e+00     6.69e-03     8.71e+00         2.1 
   3  -3006.0014582345    -2.36e-01     2.51e-03     3.34e+00         2.1 
   4  -3006.0959875429    -9.45e-02     1.16e-03     1.15e-01         2.1 
   5  -3006.1025907614    -6.60e-03     2.52e-04     1.19e-02         2.1 
   6  -3006.1032167258    -6.26e-04     1.61e-04     1.50e-03         2.1 
   7  -3006.1033645298    -1.48e-04     6.40e-05     2.00e-04         2.1 
   8  -3006.1033869117    -2.24e-05     1.57e-05     1.98e-05         2.1 
   9  -3006.1033891968    -2.29e-06     7.09e-06     4.46e-06         2.1 
  10  -3006.1033897111    -5.14e-07     4.28e-06     1.00e-06         2.2 
  11  -3006.1033898659    -1.55e-07     2.33e-06     2.32e-07         2.2 
  12  -3006.1033899075    -4.16e-08     1.30e-06     6.45e-08         2.2 

** Total SCF energy = -3006.1033899075110

Nuclear repulsion energy = 742.572902663288687
#electrons        = 98
1e energy kinetic = 3006.2310592461753913
1e energy N-e     = -8638.0069279124891182
1e energy         = -5627.8965223445247830
2e energy         = 1882.9055858085509954
QED energy        = 0.1939902869617187
QED eT energy     = 0.1746026702557702
QED eT energy from matrix = 0.1746026702557791

 Polarizability Matrix (QED energy = 0.5 * lambda.dot(matrix * lambda))
[42.35024171,  1.08696955,  1.37138656]
[ 1.08696955, 39.24385167,  2.15100594]
[ 1.37138656,  2.15100594, 39.95149382]

 Polarizability Matrix (QED eT energy = 0.5 * lambda.dot(matrix * lambda))
[38.91082464,  1.15279776,  1.65161096]
[ 1.15279776, 35.38118823,  2.51606503]
[ 1.65161096,  2.51606503, 35.94519820]


                      Electron        Nuclear        Total  
                  ------------------------------------------
    Monopole         -98.000000     99.000000      1.000000

      Dipole   X     -21.293204     20.033539     -1.259665
      Dipole   Y      14.223997    -14.329413     -0.105416
      Dipole   Z     -11.930484     13.383848      1.453364

  Quadrupole  XX   -1647.796076   1598.715315    -49.080762
  Quadrupole  XY     -72.486453     72.512298      0.025845
  Quadrupole  XZ    -476.135334    475.495146     -0.640188
  Quadrupole  YY    -263.116541    224.011265    -39.105276
  Quadrupole  YZ     -53.295539     50.952644     -2.342895
  Quadrupole  ZZ    -372.266286    324.384057    -47.882229

    Octupole XXX   -4071.803508   3911.663943   -160.139564
    Octupole XXY     198.170077   -195.169782      3.000295
    Octupole XXZ    -348.883659    323.870196    -25.013462
    Octupole XYY    -191.781791    163.489334    -28.292457
    Octupole XYZ     -76.146394     64.961102    -11.185292
    Octupole XZZ     -25.466646    -29.775349    -55.241996
    Octupole YYY     -13.193460     28.330684     15.137224
    Octupole YYZ    -292.213149    286.693940     -5.519209
    Octupole YZZ      42.808465    -47.352036     -4.543572
    Octupole ZZZ    -113.987756     35.055453    -78.932303

writing orbitals and density to disk ... done.

Total Time taken for Hartree-Fock: 25.61 secs

CD Options
{
  debug             = false
  skip_cd           = [false, 100]
  write_cv          = [false, 5000]
  diagtol           = 1e-06
  itilesize         = 1000
  max_cvecs_factor  = 12
}

- #occupied, #virtual = 98, 344

- Tilesize for the MSO space: 40

Number of cholesky vectors to be read from disk = 1636

Total Time taken for Cholesky Decomposition: 1.77 secs

scf_type = restricted
Closed-Shell SCF
QED-HF Enabled
nbf = 203
nbf_orig = 221
n_lindep = 0
focc = 1
nmo = 406
nocc = 62
nvir = 344
n_occ_alpha = 31
n_vir_alpha = 172
n_occ_beta = 31
n_vir_beta = 172
nelectrons = 98
nelectrons_alpha = 49
nelectrons_beta = 49
freeze atomic = true
n_frozen_core = 18
n_frozen_virtual = 0
----------------------------
--------- QED-CCSD --------
lambda_x: 0.0559
lambda_y: -0.0769
lambda_z: 0.0309
omega: 0.066150
coupling_factor_x: 0.010167
coupling_factor_y: -0.013993
coupling_factor_z: 0.005620
----------------------------
# of {all,non-negligible} shell-pairs = {5565,4903}
Number of AO tiles = 105
----------------------------
Electronic dipole expectation value using SCF density: 
dipole_x_elec: -21.29314136
dipole_y_elec: 14.22384758
dipole_z_elec: -11.93040076

d_n/N value: d_n is nuclear dipole moment and N is the total number of electrons 
d_nuc_x: 0.20442387
d_nuc_y: -0.14621850
d_nuc_z: 0.13656988

<d_e+d_n> expectation values: 
dipole_total_x: -1.25960229
dipole_total_y: -0.10556538
dipole_total_z: 1.45344744
----------------------------


 CCSD iterations
------------------------------------------------------------
  Iter     Residuum          Correlation          Time(s)
------------------------------------------------------------
   1     0.0000168601795   -1.7042862906494         87.82
   2     0.0000222143770   -1.7042872380245         85.63
   3     0.0000295990054   -1.7042865461365         85.53
   4     0.0000402112109   -1.7042873827084         85.47
   5     0.0000546870832   -1.7042868104196         85.65
 MICROCYCLE DIIS UPDATE:                    6
   6     0.0000005387550   -1.7042874269349         84.97
------------------------------------------------------------------
 Iterations converged
 CCSD correlation energy / hartree =        -1.704287426934867
 CCSD total energy / hartree       =     -3007.807677334445998

Time taken for spin-orbital canonical QED-CCSD: 529.33 secs
