
ExaChem Git Information
{
 WARNING: Failed to retrieve the current git state.
}


TAMM Git Information
{
 Branch: main
 Commit Hash: e71357ad [e71357ad54f38748b4a7e175aa6760820d5ce96f]
 Commit Date: 2026-02-02 23:14:56 -0800
 Commit Message: add GitHub Actions workflow for releases
}


date: Fri Aug  7 14:08:38 2026
program: "/global/cfs/cdirs/m3196/heindelj/cavity_qed/software/install_gpu/bin/bin/ExaChem"
nnodes: 1, nproc_per_node: 4, nproc_total: 4, ngpus_per_node: 1, ngpus_total: 1

Memory information
{
[AMD EPYC 7763 64-Core Processor                ] : 
  CPU memory per node (GiB): 251
  Total CPU memory (GiB): 251
[NVIDIA A100-SXM4-40GB, CUDA v12.9] : 
  GPU memory per device (GiB): 39
  GPU memory per node (GiB): 39
  Total GPU memory (GiB): 39
}

------------------------------------------------------------

Input file provided: /global/cfs/cdirs/m4262/heindelj/cavity_qed/mlip/lambda_scans/grid_scans_optimized_geoms/runs_grid_no_freq/para_th72_ph270/para_th72_ph270_qed_ccsd_input.json

{
  "geometry": {
    "coordinates": [
      "C    -0.462093226800    1.255780183700    0.549719016300",
      "C     0.889272069400    1.256977506900    0.579327189900",
      "C     1.536256985300    0.019295168300    0.713265854700",
      "H    -1.013263282300    2.175888511800    0.442103762900",
      "H     1.474175730700    2.156994621300    0.501006120200",
      "N     2.998636771500    0.011644186600    0.736932617000",
      "O     3.521588649800   -0.394836449800   -0.262595065500",
      "O     3.487091022500    0.409710510500    1.757765425000",
      "C    -0.468185476500   -1.206721907000    0.839344539700",
      "H    -1.024798954100   -2.124059392800    0.942826108800",
      "C     0.883594595900   -1.213802408500    0.834184348200",
      "H     1.462417200300   -2.116758284400    0.924148246800",
      "C    -1.246691961800    0.022577642300    0.665130377400",
      "H    -2.014506257500    0.126282587000    1.436612085200",
      "Br   -2.257574561600   -0.231451998000   -0.994330940800"
    ],
    "units": "angstrom",
    "noorient": true
  },
  "common": {
    "maxiter": 100,
    "debug": false
  },
  "basis": {
    "basisset": "6-311G*"
  },
  "SCF": {
    "charge": 1,
    "multiplicity": 1,
    "lshift": 0,
    "tol_lindep": 1e-10,
    "conve": 1e-07,
    "convd": 1e-05,
    "diis_hist": 10,
    "writem": 10,
    "restart": false,
    "noscf": false,
    "scf_type": "restricted",
    "debug": false,
    "qed_omegas": [
      0.06615
    ],
    "qed_volumes": [],
    "qed_lambdas": [
      0.1
    ],
    "qed_polvecs": [
      [
        -1.7470624777336386e-16,
        -0.9510565162951536,
        0.3090169943749475
      ]
    ],
    "direct_df": false
  },
  "CD": {
    "debug": false,
    "diagtol": 1e-06
  },
  "CC": {
    "threshold": 1e-06,
    "ndiis": 5,
    "ccsd_maxiter": 200,
    "tilesize": 40,
    "freeze": {
      "atomic": true
    },
    "readt": false,
    "writet": true,
    "writet_iter": 5,
    "debug": false,
    "profile_ccsd": false,
    "balance_tiles": true
  },
  "TASK": {
    "scf": false,
    "ccsd": true
  }
}

Output folder & files prefix: para_th72_ph270_qed_ccsd_input.6-311g*

  C (carbon)
  ----------
          Exponent        Coefficients
      ----------------  --------------------
  1 S  4.56324000E+03      0.778202
  1 S  6.82024000E+02      1.448695
  1 S  1.54973000E+02      2.383089
  1 S  4.44553000E+01      3.200089
  1 S  1.30290000E+01      3.013004
  1 S  1.82773000E+00      0.247599

  2 S  2.09642000E+01      0.800629
  2 S  4.80331000E+00      2.127420
  2 S  1.45933000E+00     -0.002868

  3 P  2.09642000E+01      2.573592
  3 P  4.80331000E+00      2.408248
  3 P  1.45933000E+00      1.865281

  4 S  4.83456000E-01      0.413217

  5 P  4.83456000E-01      0.574627

  6 S  1.45585000E-01      0.167976

  7 P  1.45585000E-01      0.128185

  8 D  6.26000000E-01      0.725128


  H (hydrogen)
  ------------
          Exponent        Coefficients
      ----------------  --------------------
  1 S  3.38650000E+01      0.255069
  1 S  5.09479000E+00      0.460109
  1 S  1.15879000E+00      0.678321

  2 S  3.25840000E-01      0.307371

  3 S  1.02741000E-01      0.129336


  N (nitrogen)
  ------------
          Exponent        Coefficients
      ----------------  --------------------
  1 S  6.29348000E+03      0.991968
  1 S  9.49044000E+02      1.823240
  1 S  2.18776000E+02      2.979891
  1 S  6.36916000E+01      4.000007
  1 S  1.88282000E+01      3.881008
  1 S  2.72023000E+00      0.386764

  2 S  3.06331000E+01      1.038501
  2 S  7.02614000E+00      2.834794
  2 S  2.11205000E+00     -0.003208

  3 P  3.06331000E+01      3.935616
  3 P  7.02614000E+00      3.870994
  3 P  2.11205000E+00      2.967271

  4 S  6.84009000E-01      0.536051

  5 P  6.84009000E-01      0.886681

  6 S  2.00878000E-01      0.213850

  7 P  2.00878000E-01      0.191693

  8 D  9.13000000E-01      1.403568


  O (oxygen)
  ----------
          Exponent        Coefficients
      ----------------  --------------------
  1 S  8.58850000E+03      1.205013
  1 S  1.29723000E+03      2.216205
  1 S  2.99296000E+02      3.627452
  1 S  8.73771000E+01      4.888452
  1 S  2.56789000E+01      4.835721
  1 S  3.74004000E+00      0.538229

  2 S  4.21175000E+01      1.341958
  2 S  9.62837000E+00      3.587114
  2 S  2.85332000E+00     -0.005123

  3 P  4.21175000E+01      5.584018
  3 P  9.62837000E+00      5.733366
  3 P  2.85332000E+00      4.332955

  4 S  9.05661000E-01      0.661659

  5 P  9.05661000E-01      1.259352

  6 S  2.55611000E-01      0.256209

  7 P  2.55611000E-01      0.259068

  8 D  1.29200000E+00      2.577026


  Br (bromine)
  ------------
          Exponent        Coefficients
      ----------------  --------------------
  1 S  4.39700000E+05      9.893706
  1 S  6.60300000E+04     18.450679
  1 S  1.51400000E+04     31.049770
  1 S  4.31700000E+03     48.888138
  1 S  1.41400000E+03     64.847798
  1 S  5.23900000E+02     42.245010

  2 S  5.23900000E+02     14.290679
  2 S  2.07700000E+02     24.083128
  2 S  8.65400000E+01      5.132542

  3 S  3.05200000E+01      9.254405

  4 S  1.29800000E+01      4.873782

  5 S  4.41200000E+00      2.169635

  6 S  1.86200000E+00      1.136043

  7 S  3.93200000E-01      0.353892

  8 S  1.40000000E-01      0.163120

  9 P  2.95700000E+03    691.874478
  9 P  7.00300000E+02    925.332763
  9 P  2.24600000E+02   1068.830732

  10 P  8.25900000E+01    122.079275
  10 P  3.31900000E+01     57.580687
  10 P  1.42000000E+01     10.176170

  11 P  1.42000000E+01      3.129736
  11 P  7.43800000E+00      6.538168
  11 P  3.52600000E+00      4.166276

  12 P  1.59500000E+00      2.555000

  13 P  8.46200000E-01      1.156861

  14 P  3.18600000E-01      0.341191

  15 P  1.09600000E-01      0.089888

  16 D  1.34800000E+02    160.709187
  16 D  3.63900000E+01    119.797406
  16 D  1.21600000E+01     55.531619
  16 D  4.34100000E+00     12.984636

  17 D  1.53500000E+00      3.484168

  18 D  4.51000000E-01      0.408525



Printing Internal Coordinates

------------------------------------------------------------
                Bond Lengths

i      j        Length (Angstroms)     Length (Bohr)
0      1          1.3516901425         2.5543241764
0      3          1.0779465702         2.0370237961
0      12         1.4661867089         2.7706913293
1      2          1.4029920237         2.6512706817
1      4          1.0762329159         2.0337854587
2      5          1.4625912936         2.7638969791
2      10         1.4003996253         2.6463717586
5      6          1.1990666215         2.2659075214
5      7          1.1996432701         2.2669972292
8      9          1.0779773010         2.0370818688
8      10         1.3518084647         2.5545477730
8      12         1.4654693118         2.7693356453
10     11         1.0763170649         2.0339444773
12     13         1.0933789525         2.0661867720
12     14         1.9596496001         3.7032010470

Number of Bonds: 15

------------------------------------------------------------
           Bond Angles

i      j      k      Angle (degrees)
0      1      2        117.5386 
0      1      4        122.8533 
0      12     8        115.5073 
0      12     13       110.5824 
0      12     14       108.5674 
1      0      3        120.8387 
1      0      12       122.2775 
1      2      5        117.8552 
1      2      10       124.7576 
2      1      4        119.6077 
2      5      6        115.1098 
2      5      7        114.7804 
2      10     8        117.5009 
2      10     11       119.6888 
3      0      12       116.8834 
5      2      10       117.3861 
6      5      7        130.1093 
8      10     11       122.8093 
8      12     13       111.6377 
8      12     14       105.4243 
9      8      10       120.8137 
9      8      12       116.8046 
10     8      12       122.3549 
13     12     14       104.3328 

Number of Angles: 24

------------------------------------------------------------
              Torsional Angles

i      j      k      l      Angle (degrees)
3      0      1      2       -179.5996 
4      1      0      3          0.1395 
8      10     2      1         -0.9003 
8      12     0      1          1.0691 
8      12     0      3       -178.7233 
9      8      10     2       -179.1856 
9      8      12     0        179.0185 
10     2      1      0         -0.7934 
10     2      1      4        179.4587 
10     8      12     0         -2.8516 
11     10     2      1        179.4647 
11     10     8      9          0.4372 
12     0      1      2          0.6161 
12     0      1      4       -179.6448 
12     8      10     2          2.7580 
12     8      10     11      -177.6192 
13     12     0      1        129.0639 
13     12     0      3        -50.7285 
13     12     8      9         51.5503 
13     12     8      10      -130.3199 
14     12     0      1       -117.0392 
14     12     0      3         63.1684 
14     12     8      9        -61.1380 
14     12     8      10       116.9918 

Number of Torsional Angles: 24


----------------------------------------------------------------------
                          Center of Mass

         x               y               z              Unit
  -0.06830800661   -0.0801510626    0.0454428965      Angstrom
   -0.1290834247    -0.151463557   0.08587462876          Bohr

----------------------------------------------------------------------
                Moment of Inertia Tensor

           987.847          -149.718          -1080.05
          -149.718           4226.57          -84.7896
          -1080.05          -84.7896           3951.12

----------------------------------------------------------------------
                      Principal Moments of Inertia

           x                 y                 z                Unit
       175.8786497       1181.810857       1208.923359       amu * ang^2
       628.0740604        4220.32319       4317.143691      amu * bohr^2
  2.9205356811e-38  1.9624444376e-37  2.0074658365e-37          g * cm^2

 - Molecule is an asymmetric top.

----------------------------------------------------------------------

         Rotational constants (MHz)

    A = 2.8735e+03        B = 4.2763e+02        C = 4.1804e+02

----------------------------------------------------------------------

        Rotational constants (cm-1)

    A = 9.5848e-02        B = 1.4264e-02        C = 1.3944e-02

----------------------------------------------------------------------

                                Z-Matrix
C   
C        1       2.5543242
C        2       2.6512707     1       117.53856
H        3      6.33114020     2     22.10298101     1          0.2940
H        4      4.70203176     3     39.86539346     2          0.3204
N        5      4.99337423     4    125.80494434     3          0.2825
O        6      2.26590752     5    116.89916330     4        102.3066
O        7      4.11003156     6     24.95177779     5        119.2188
C        8      8.25889510     7     71.47782282     6         17.1728
H        9      2.03708187     8    139.62938989     7         92.2951
C       10      4.00083930     9     33.25527722     8        -23.0226
H       11      2.03394448    10     96.87888852     9       -179.6299
C       12      6.54159779    11     18.98758225    10          2.8095
H       13      2.06618677    12    123.73800258    11       -117.9779
Br      14      4.66595547    13     50.26064459    12       -130.6108

----------------------------------------------------------------------

             Converted back to Cartesian

C        0.000000      0.000000      0.000000
C        0.000000      0.000000      2.554324
C        0.000000      0.094907     -0.095247
H       -0.000004     -0.174321      6.230166
H       -0.000001      0.082662      1.535162
N       -0.000019     -0.381069      6.506956
O       -0.002518     -0.090486      4.259760
O        0.001851     -0.648528      8.331729
C       -0.006922      0.650707      0.175672
H       -0.007199      0.245031      2.171951
C       -0.005229      1.081433     -1.740484
H       -0.005059      0.597730      0.235108
C       -0.006378      2.190137     -6.109712
H       -0.001578      1.612127     -4.126026
Br      -0.013594      2.985833     -8.585166

----------------------------------------------------------------------
                       Geometry in bohr 

1     C      -0.8732296433    2.3730806215    1.0388183870
2     C       1.6804806626    2.3753432345    1.0947697262
3     C       2.9031049612    0.0364625836    1.3478771203
4     H      -1.9147900970    4.1118333678    0.8354550311
5     H       2.7857883925    4.0761290893    0.9467643546
6     N       5.6666022492    0.0220043236    1.3926008194
7     O       6.6548380762   -0.7461327546   -0.4962327558
8     O       6.5896470086    0.7742406558    3.3216952468
9     C      -0.8847423267   -2.2803739144    1.5861313053
10    H      -1.9365893574   -4.0138905276    1.7816831300
11    C       1.6697517926   -2.2937541230    1.5763799566
12    H       2.7635679904   -4.0000934323    1.7463870862
13    C      -2.3559063712    0.0426655605    1.2569142513
14    H      -3.8068651056    0.2386395039    2.7148033902
15    Br     -4.2661976302   -0.4373808875   -1.8790131566

 Number of nodes, processes per node used for SCF calculation: 1, 4

Common Options
{
  maxiter       = 100
  basis         = 6-311g* spherical
  geom_units    = angstrom
  ang2au factor = 1.889726126
  debug         = false
  file_prefix   = para_th72_ph270_qed_ccsd_input
}

SCF Options
{
  charge            = 1
  multiplicity      = 1
  level shift       = 0
  tol_int           = 1e-22
  tol_sch           = 1e-12
  tol_lindep        = 1e-10
  conve             = 1e-07
  convd             = 1e-05
  diis_hist         = 10
  AO_tilesize       = 30
  writem            = 10
  damp              = 100
  n_lindep          = 0
  scf_type          = restricted
  cuscf             = false
  qed_omegas        = [0.06615,]
  qed_lambdas       = [0.1,]
  qed_polvecs       = [[-1.747062478e-16,-0.9510565163,0.3090169944,],]
  direct_df         = false
  restart_size      = 2000
  restart           = false
  debug             = false
}

Number of basis functions = 221

Total number of shells = 105

Total number of electrons = 98
  # of alpha electrons    = 49
  # of beta electons      = 49

Nuclear repulsion energy  = 735.812769720876

# of {all,non-negligible} shell-pairs = {5565,4891}
Number of AO tiles = 105

Time for initial setup: 0.01 secs
HF exch = 1.00

Time for computing 1-e integrals T, V, S: 0.01 secs
Time for computing orthogonalizer: 0.01 secs

Superposition of Atomic Density Guess ...
Time taken for SAD: 0.30 secs
Total Time to compute initial guess: 0.30 secs


 SCF iterations
-----------------------------------------------------------------------------
 Iter     Energy            E-Diff       RMSD        |[F,P]|^2       Time(s)
-----------------------------------------------------------------------------
   1  -3011.8016289000    -3.01e+03     1.67e-02     1.50e+03         0.6 
   2  -3005.8084970979     5.99e+00     6.53e-03     7.64e+00         2.1 
   3  -3005.9938779671    -1.85e-01     2.67e-03     3.87e+00         2.1 
   4  -3006.1033804678    -1.10e-01     1.16e-03     1.40e-01         2.1 
   5  -3006.1105657876    -7.19e-03     2.30e-04     1.11e-02         2.1 
   6  -3006.1111279613    -5.62e-04     1.28e-04     1.33e-03         2.1 
   7  -3006.1112511836    -1.23e-04     5.15e-05     1.83e-04         2.1 
   8  -3006.1112713703    -2.02e-05     1.59e-05     2.00e-05         2.1 
   9  -3006.1112734849    -2.11e-06     6.72e-06     3.08e-06         2.1 
  10  -3006.1112737859    -3.01e-07     2.23e-06     5.91e-07         2.1 
  11  -3006.1112738273    -4.14e-08     1.09e-06     1.10e-07         2.1 

** Total SCF energy = -3006.1112738273055

Nuclear repulsion energy = 735.812769720875963
#electrons        = 98
1e energy kinetic = 3006.2174950916801208
1e energy N-e     = -8624.5005727598836529
1e energy         = -5617.1023347877180640
2e energy         = 1876.1721010070962166
QED energy        = 0.1869331129292109
QED eT energy     = 0.1662272456711376
QED eT energy from matrix = 0.1662272456711509

 Polarizability Matrix (QED energy = 0.5 * lambda.dot(matrix * lambda))
[43.55217977,  0.24184357,  1.65051407]
[ 0.24184357, 38.14187394,  1.64098049]
[ 1.65051407,  1.64098049, 40.33361631]

 Polarizability Matrix (QED eT energy = 0.5 * lambda.dot(matrix * lambda))
[40.18685640,  0.27721385,  1.95437032]
[ 0.27721385, 34.14027240,  1.88359266]
[ 1.95437032,  1.88359266, 36.36376577]


                      Electron        Nuclear        Total  
                  ------------------------------------------
    Monopole         -98.000000     99.000000      1.000000

      Dipole   X      -8.154796      7.033046     -1.121750
      Dipole   Y      13.036786    -12.996276      0.040510
      Dipole   Z     -20.671787     22.016883      1.345096

  Quadrupole  XX   -1776.002229   1727.591823    -48.410406
  Quadrupole  XY     -67.055838     67.240164      0.184325
  Quadrupole  XZ    -496.057802    495.257892     -0.799909
  Quadrupole  YY    -250.906811    212.069259    -38.837552
  Quadrupole  YZ     -35.978682     33.934250     -2.044432
  Quadrupole  ZZ    -355.517840    306.627884    -48.889956

    Octupole XXX   -3438.487497   3292.877597   -145.609900
    Octupole XXY     262.966554   -259.209002      3.757552
    Octupole XXZ    -363.296993    331.074402    -32.222591
    Octupole XYY    -132.220985    111.895576    -20.325409
    Octupole XYZ     -35.763184     26.417672     -9.345512
    Octupole XZZ    -200.890010    147.177203    -53.712807
    Octupole YYY      -8.020011     23.085864     15.065853
    Octupole YYZ    -268.982036    259.240166     -9.741870
    Octupole YZZ      35.527245    -38.910216     -3.382971
    Octupole ZZZ    -288.269942    200.007831    -88.262111

writing orbitals and density to disk ... done.

Total Time taken for Hartree-Fock: 22.66 secs

CD Options
{
  debug             = false
  skip_cd           = [false, 100]
  write_cv          = [false, 5000]
  diagtol           = 1e-06
  itilesize         = 1000
  max_cvecs_factor  = 12
}

- #occupied, #virtual = 98, 344

- Tilesize for the MSO space: 40

-----------------------------------------------------
Begin 2-index transformation ... 

nAO, nMO, nelectrons = 221, 442, 98
n_occ_alpha, n_vir_alpha, n_occ_beta, n_vir_beta = 49,172,49,172

Time taken for Fao->Fmo transform: 0.00 secs

-----------------------------------------------------
Number of AO tiles = 105
# of {all,non-negligible} shell-pairs = {5565,4891}

    Begin Cholesky Decomposition
---------------------------------------------
Total # of mpi ranks used for Cholesky decomposition: 4
  --> Number of nodes, mpi ranks per node: 1, 4
- CPU memory required for computing cholesky vectors: 1.93 GiB

- Time for computing the diagonal: 0.01 secs

- Total number of cholesky vectors = 1640

- Time to compute cholesky vectors: 15.03 secs

- CPU memory required for resizing the ao cholesky tensor: 1.56 GiB
- CPU memory required for ao2mo transformation: 1.69 GiB
- CPU memory required for the 2-step contraction: 2.10 GiB

- Time for ao to mo transform: 1.59 secs

   End Cholesky Decomposition
---------------------------------------------

Total Time taken for Cholesky Decomposition: 18.50 secs

scf_type = restricted
Closed-Shell SCF
QED-HF Enabled
nbf = 203
nbf_orig = 221
n_lindep = 0
focc = 1
nmo = 406
nocc = 62
nvir = 344
n_occ_alpha = 31
n_vir_alpha = 172
n_occ_beta = 31
n_vir_beta = 172
nelectrons = 98
nelectrons_alpha = 49
nelectrons_beta = 49
freeze atomic = true
n_frozen_core = 18
n_frozen_virtual = 0
----------------------------
--------- QED-CCSD --------
lambda_x: -0.0000
lambda_y: -0.0951
lambda_z: 0.0309
omega: 0.066150
coupling_factor_x: -0.000000
coupling_factor_y: -0.017296
coupling_factor_z: 0.005620
----------------------------
# of {all,non-negligible} shell-pairs = {5565,4891}
Number of AO tiles = 105
----------------------------
Electronic dipole expectation value using SCF density: 
dipole_x_elec: -8.15473417
dipole_y_elec: 13.03690626
dipole_z_elec: -20.67147226

d_n/N value: d_n is nuclear dipole moment and N is the total number of electrons 
d_nuc_x: 0.07176577
d_nuc_y: -0.13261506
d_nuc_z: 0.22466207

<d_e+d_n> expectation values: 
dipole_total_x: -1.12168853
dipole_total_y: 0.04063045
dipole_total_z: 1.34541039
----------------------------


 CCSD iterations
------------------------------------------------------------
  Iter     Residuum          Correlation          Time(s)
------------------------------------------------------------
   1     1.1854012775271    0.0000000000000         87.71
   2     0.1726691874497   -1.6832336938332         86.33
   3     0.0769488607524   -1.6212647516220         86.22
   4     0.0278618733220   -1.7032932814147         86.28
   5     0.0245291576441   -1.6864001702875         86.23
 MICROCYCLE DIIS UPDATE:                    6
   6     0.0082066830261   -1.6995834744862         85.38
   7     0.0048445875356   -1.6993889447783         85.53
   8     0.0031803276667   -1.7009420001231         84.65
   9     0.0018773018533   -1.7009949833096         84.33
  10     0.0016500554578   -1.7014319203326         84.31
 MICROCYCLE DIIS UPDATE:                   11
  11     0.0005761983819   -1.7018388434316         85.08
  12     0.0003937581153   -1.7020162641265         84.42
  13     0.0002751992440   -1.7019261678284         84.31
  14     0.0002002667381   -1.7019414925315         84.29
  15     0.0001612517317   -1.7019244659490         84.46
 MICROCYCLE DIIS UPDATE:                   16
  16     0.0000607313706   -1.7019086138511         85.55
  17     0.0000378244844   -1.7019245612514         85.58
  18     0.0000276055169   -1.7019340469542         85.66
  19     0.0000186263012   -1.7019342014772         85.57
  20     0.0000168753151   -1.7019374005323         85.53
 MICROCYCLE DIIS UPDATE:                   21
  21     0.0000064953687   -1.7019384375618         86.04
  22     0.0000051029589   -1.7019408373078         85.16
  23     0.0000031082527   -1.7019396076546         85.02
  24     0.0000028665202   -1.7019398035842         84.44
  25     0.0000018671949   -1.7019395146223         84.46
 MICROCYCLE DIIS UPDATE:                   26
  26     0.0000008082126   -1.7019390846071         85.58
------------------------------------------------------------------
 Iterations converged
 CCSD correlation energy / hartree =        -1.701939084607060
 CCSD total energy / hartree       =     -3007.813212911912615

Time taken for spin-orbital canonical QED-CCSD: 2293.42 secs
