+ module restore
+ '[' -z '' ']'
+ case "$-" in
+ __lmod_sh_dbg=x
+ '[' -n x ']'
+ set +x
Shell debugging temporarily silenced: export LMOD_SH_DBG_ON=1 for Lmod's output
Running "module reset". Resetting modules to system default. The following $MODULEPATH directories have been removed: None
Shell debugging restarted
+ unset __lmod_sh_dbg
+ return 0
+ module load cmake python
+ '[' -z '' ']'
+ case "$-" in
+ __lmod_sh_dbg=x
+ '[' -n x ']'
+ set +x
Shell debugging temporarily silenced: export LMOD_SH_DBG_ON=1 for Lmod's output
Shell debugging restarted
+ unset __lmod_sh_dbg
+ return 0
+ module list
+ '[' -z '' ']'
+ case "$-" in
+ __lmod_sh_dbg=x
+ '[' -n x ']'
+ set +x
Shell debugging temporarily silenced: export LMOD_SH_DBG_ON=1 for Lmod's output

Currently Loaded Modules:
  1) gcc/13.4.0                            8) gcc-runtime/13.4.0-2tg3zy7   (H)
  2) oneapi/release/2025.3.1               9) bzip2/1.0.8
  3) mpich/opt/5.0.0.aurora_test.3c70a61  10) expat/2.7.3-6auksxt          (H)
  4) libfabric/1.22.0                     11) gdbm/1.25
  5) cray-pals/1.8.0                      12) sqlite/3.50.4-s65ksrg        (H)
  6) cray-libpals/1.8.0                   13) util-linux-uuid/2.41-ytoy2bg (H)
  7) cmake/3.31.11                        14) python/3.12.12

  Where:
   H:  Hidden Module

 

Shell debugging restarted
+ unset __lmod_sh_dbg
+ return 0
+ export TZ=/usr/share/zoneinfo/US/Central
+ TZ=/usr/share/zoneinfo/US/Central
+ cd /lus/flare/projects/TransMetalChem/dmejiar/MAPOL/NITRO/qed_ccsd_scans/relaxed_dir_70_31
+ export FI_CXI_DEFAULT_CQ_SIZE=131072
+ FI_CXI_DEFAULT_CQ_SIZE=131072
+ export FI_CXI_CQ_FILL_PERCENT=20
+ FI_CXI_CQ_FILL_PERCENT=20
+ export FI_MR_CACHE_MONITOR=disabled
+ FI_MR_CACHE_MONITOR=disabled
+ export FI_CXI_OVFLOW_BUF_SIZE=8388608
+ FI_CXI_OVFLOW_BUF_SIZE=8388608
+ export MPIR_CVAR_ENABLE_GPU=0
+ MPIR_CVAR_ENABLE_GPU=0
+ export MPIR_CVAR_CH4_XPMEM_ENABLE=0
+ MPIR_CVAR_CH4_XPMEM_ENABLE=0
+ export ZE_FLAT_DEVICE_HIERARCHY=FLAT
+ ZE_FLAT_DEVICE_HIERARCHY=FLAT
+ export ZES_ENABLE_SYSMAN=1
+ ZES_ENABLE_SYSMAN=1
+ export OMP_NUM_THREADS=1
+ OMP_NUM_THREADS=1
+ export TAMM_ENABLE_SPRHBM=0
+ TAMM_ENABLE_SPRHBM=0
+ export GA_NUM_PROGRESS_RANKS_PER_NODE=6
+ GA_NUM_PROGRESS_RANKS_PER_NODE=6
+ export GA_PROGRESS_RANKS_DISTRIBUTION_PACKED=1
+ GA_PROGRESS_RANKS_DISTRIBUTION_PACKED=1
+ export GA_PROGRESS_RANKS_DISTRIBUTION_CYCLIC=0
+ GA_PROGRESS_RANKS_DISTRIBUTION_CYCLIC=0
+ export SYCL_PI_LEVEL_ZERO_SINGLE_THREAD_MODE=1
+ SYCL_PI_LEVEL_ZERO_SINGLE_THREAD_MODE=1
+ export UR_L0_USE_DRIVER_INORDER_LISTS=1
+ UR_L0_USE_DRIVER_INORDER_LISTS=1
+ export UR_L0_ENABLE_RELAXED_ALLOCATION_LIMITS=1
+ UR_L0_ENABLE_RELAXED_ALLOCATION_LIMITS=1
+ export UR_L0_USE_COPY_ENGINE_FOR_IN_ORDER_QUEUE=1
+ UR_L0_USE_COPY_ENGINE_FOR_IN_ORDER_QUEUE=1
+ export PALS_PING_PERIOD=240
+ PALS_PING_PERIOD=240
+ export PALS_RPC_TIMEOUT=240
+ PALS_RPC_TIMEOUT=240
+ unset MPIR_CVAR_CH4_COLL_SELECTION_TUNING_JSON_FILE
+ unset MPIR_CVAR_COLL_SELECTION_TUNING_JSON_FILE
+ unset MPIR_CVAR_CH4_POSIX_COLL_SELECTION_TUNING_JSON_FILE
++ wc -l
+ NNODES=2
+ ppn=12
+ NRANKS_PER_NODE=18
+ NTHREADS=1
+ NTOTRANKS=36
+ echo 'NUM_OF_NODES= 2 TOTAL_NUM_RANKS= 36 RANKS_PER_NODE= 18 THREADS_PER_RANK= 1'
NUM_OF_NODES= 2 TOTAL_NUM_RANKS= 36 RANKS_PER_NODE= 18 THREADS_PER_RANK= 1
+ export LD_LIBRARY_PATH=/home/dmejiar/install_jul2026/lib64:/opt/aurora/26.26.0/spack/unified/1.1.1/install/linux-x86_64/python-3.12.12-nvje3vk/lib:/opt/aurora/26.26.0/spack/unified/1.1.1/install/linux-x86_64/util-linux-uuid-2.41-ytoy2bg/lib:/opt/aurora/26.26.0/spack/unified/1.1.1/install/linux-x86_64/sqlite-3.50.4-s65ksrg/lib:/opt/aurora/26.26.0/spack/unified/1.1.1/install/linux-x86_64/gdbm-1.25-skzvkbq/lib:/opt/aurora/26.26.0/spack/unified/1.1.1/install/linux-x86_64/expat-2.7.3-6auksxt/lib:/opt/aurora/26.26.0/spack/unified/1.1.1/install/linux-x86_64/bzip2-1.0.8-lpab4po/lib:/opt/aurora/26.26.0/spack/unified/1.1.1/install/linux-x86_64/gcc-runtime-13.4.0-2tg3zy7/lib:/opt/cray/pals/1.8/lib:/opt/cray/libfabric/1.22.0/lib64:/opt/cray/libfabric/1.22.0/lib:/opt/aurora/26.26.0/spack/unified/1.1.1/install/linux-x86_64/mpich-5.0.0.aurora_test.3c70a61-hlkigtk/lib:/opt/aurora/26.26.0/support/libraries/khronos/default/lib64:/opt/aurora/26.26.0/oneapi/ishmem/latest/lib:/opt/aurora/26.26.0/oneapi/pti/latest/lib:/opt/aurora/26.26.0/oneapi/tcm/latest/lib:/opt/aurora/26.26.0/oneapi/umf/latest/lib:/opt/aurora/26.26.0/oneapi/ipp/latest/lib:/opt/aurora/26.26.0/oneapi/ippcp/latest/lib:/opt/aurora/26.26.0/oneapi/debugger/latest/opt/debugger/lib:/opt/aurora/26.26.0/oneapi/ccl/latest/lib:/opt/aurora/26.26.0/oneapi/dal/latest/lib:/opt/aurora/26.26.0/oneapi/dnnl/latest/lib:/opt/aurora/26.26.0/oneapi/tbb/latest/lib/intel64/gcc4.8:/opt/aurora/26.26.0/oneapi/mkl/latest/lib:/opt/aurora/26.26.0/oneapi/compiler/latest/opt/compiler/lib:/opt/aurora/26.26.0/oneapi/compiler/latest/lib:/opt/aurora/26.26.0/spack/unified/1.1.1/install/linux-x86_64/gcc-13.4.0-hgnyg4p/lib64:/opt/aurora/26.26.0/spack/unified/1.1.1/install/linux-x86_64/gcc-13.4.0-hgnyg4p/lib
+ LD_LIBRARY_PATH=/home/dmejiar/install_jul2026/lib64:/opt/aurora/26.26.0/spack/unified/1.1.1/install/linux-x86_64/python-3.12.12-nvje3vk/lib:/opt/aurora/26.26.0/spack/unified/1.1.1/install/linux-x86_64/util-linux-uuid-2.41-ytoy2bg/lib:/opt/aurora/26.26.0/spack/unified/1.1.1/install/linux-x86_64/sqlite-3.50.4-s65ksrg/lib:/opt/aurora/26.26.0/spack/unified/1.1.1/install/linux-x86_64/gdbm-1.25-skzvkbq/lib:/opt/aurora/26.26.0/spack/unified/1.1.1/install/linux-x86_64/expat-2.7.3-6auksxt/lib:/opt/aurora/26.26.0/spack/unified/1.1.1/install/linux-x86_64/bzip2-1.0.8-lpab4po/lib:/opt/aurora/26.26.0/spack/unified/1.1.1/install/linux-x86_64/gcc-runtime-13.4.0-2tg3zy7/lib:/opt/cray/pals/1.8/lib:/opt/cray/libfabric/1.22.0/lib64:/opt/cray/libfabric/1.22.0/lib:/opt/aurora/26.26.0/spack/unified/1.1.1/install/linux-x86_64/mpich-5.0.0.aurora_test.3c70a61-hlkigtk/lib:/opt/aurora/26.26.0/support/libraries/khronos/default/lib64:/opt/aurora/26.26.0/oneapi/ishmem/latest/lib:/opt/aurora/26.26.0/oneapi/pti/latest/lib:/opt/aurora/26.26.0/oneapi/tcm/latest/lib:/opt/aurora/26.26.0/oneapi/umf/latest/lib:/opt/aurora/26.26.0/oneapi/ipp/latest/lib:/opt/aurora/26.26.0/oneapi/ippcp/latest/lib:/opt/aurora/26.26.0/oneapi/debugger/latest/opt/debugger/lib:/opt/aurora/26.26.0/oneapi/ccl/latest/lib:/opt/aurora/26.26.0/oneapi/dal/latest/lib:/opt/aurora/26.26.0/oneapi/dnnl/latest/lib:/opt/aurora/26.26.0/oneapi/tbb/latest/lib/intel64/gcc4.8:/opt/aurora/26.26.0/oneapi/mkl/latest/lib:/opt/aurora/26.26.0/oneapi/compiler/latest/opt/compiler/lib:/opt/aurora/26.26.0/oneapi/compiler/latest/lib:/opt/aurora/26.26.0/spack/unified/1.1.1/install/linux-x86_64/gcc-13.4.0-hgnyg4p/lib64:/opt/aurora/26.26.0/spack/unified/1.1.1/install/linux-x86_64/gcc-13.4.0-hgnyg4p/lib
+ EXE=/home/dmejiar/codes/exachem.master/build/methods_stage/home/dmejiar/install_jul2026/methods/ExaChem
+ INP=/lus/flare/projects/TransMetalChem/dmejiar/MAPOL/NITRO/qed_ccsd_scans/relaxed_dir_70_31/meta_lam0.08.json
+ bind_script=/home/dmejiar/jobscripts/aurora_bind.sh
+ ulimit -c unlimited
+ mpiexec -n 36 --ppn 18 --pmi=pmix --cpu-bind=list:1-5:6-10:11-15:16-20:21-25:26-30:31-35:36-40:41-45:53-57:58-62:63-67:68-72:73-77:78-82:83-87:88-92:93-97 /home/dmejiar/jobscripts/aurora_bind.sh /home/dmejiar/codes/exachem.master/build/methods_stage/home/dmejiar/install_jul2026/methods/ExaChem /lus/flare/projects/TransMetalChem/dmejiar/MAPOL/NITRO/qed_ccsd_scans/relaxed_dir_70_31/meta_lam0.08.json

ExaChem Git Information
{
 Branch: main
 Commit Hash: 794cab1 [794cab19fe2444da5b7170dc4e6f291fbc1ab75c]
 Commit Date: 2026-07-04 08:31:04 -0700
 Commit Message: fix ci result compare script, update cr2 reference outputs
}


TAMM Git Information
{
 Branch: main
 Commit Hash: e485b7a6 [e485b7a6e79f495b0ffb2c18c6a830b45c7ddbcb]
 Commit Date: 2026-07-06 06:28:40 -0500
 Commit Message: refactor: replace gsl::span with std::span (C++20) (#143)
}


date: Fri Jul 24 01:12:10 2026
program: "/home/dmejiar/codes/exachem.master/build/methods_stage/home/dmejiar/install_jul2026/methods/ExaChem"
nnodes: 2, nproc_per_node: 12, nproc_total: 24, ngpus_per_node: 12, ngpus_total: 24

Memory information
{
[Intel(R) Xeon(R) CPU Max 9470C] : 
  CPU memory per node (GiB): 1134
  Total CPU memory (GiB): 2268
[Intel(R) Data Center GPU Max 1550, SYCL v1.6.33578+42] : 
  GPU memory per device (GiB): 63
  GPU memory per node (GiB): 756
  Total GPU memory (GiB): 1512
}

------------------------------------------------------------

Input file provided: /lus/flare/projects/TransMetalChem/dmejiar/MAPOL/NITRO/qed_ccsd_scans/relaxed_dir_70_31/meta_lam0.08.json

{
  "geometry": {
    "coordinates": [
      "C   -0.934313836500   2.009044683700   0.814293101800",
      "C    0.458312971700   1.937704709600   0.687675571300",
      "C    1.140503378000   0.716306623000   0.700400867700",
      "C    0.488511110800  -0.463721346600   0.764664064600",
      "C   -1.638148396200   0.848624068000   0.844490648200",
      "H   -1.428426118600   2.969812555000   0.857114304900",
      "H    1.043971056300   2.842335653400   0.581451546100",
      "H    1.030497727500  -1.403216963300   0.769133917500",
      "H   -2.718456425000   0.858860053200   0.897254787900",
      "N    2.620054559700   0.718769722000   0.595952499400",
      "O    3.183043388300  -0.280836677800   0.954454585800",
      "O    3.098195274100   1.718933697600   0.131791632000",
      "C   -0.980830547700  -0.464268100600   0.706064502000",
      "H   -1.430709608300  -1.236142440800   1.328364904600",
      "Br  -1.324037820200  -0.970607317800  -1.161649304200"
    ],
    "units": "angstrom",
    "noorient": true
  },
  "common": {
    "maxiter": 100,
    "debug": false
  },
  "basis": {
    "basisset": "6-311G*"
  },
  "SCF": {
    "charge": 1,
    "multiplicity": 1,
    "lshift": 0,
    "tol_lindep": 1e-10,
    "conve": 1e-07,
    "convd": 1e-05,
    "diis_hist": 10,
    "writem": 10,
    "restart": false,
    "noscf": false,
    "scf_type": "restricted",
    "debug": false,
    "qed_omegas": [
      0.06615
    ],
    "qed_volumes": [],
    "qed_lambdas": [
      0.08
    ],
    "qed_polvecs": [
      [
        0.8054737872487506,
        0.48397747841675776,
        0.3420201433256688
      ]
    ],
    "direct_df": false
  },
  "CD": {
    "debug": false,
    "diagtol": 1e-06
  },
  "CC": {
    "threshold": 1e-06,
    "ndiis": 5,
    "ccsd_maxiter": 200,
    "tilesize": 40,
    "freeze": {
      "atomic": true
    },
    "readt": false,
    "writet": true,
    "writet_iter": 5,
    "debug": false,
    "profile_ccsd": false,
    "balance_tiles": true
  },
  "TASK": {
    "scf": false,
    "ccsd": true
  }
}

Output folder & files prefix: meta_lam0.08.6-311g*

  C (carbon)
  ----------
          Exponent        Coefficients
      ----------------  --------------------
  1 S  4.56324000E+03      0.778202
  1 S  6.82024000E+02      1.448695
  1 S  1.54973000E+02      2.383089
  1 S  4.44553000E+01      3.200089
  1 S  1.30290000E+01      3.013004
  1 S  1.82773000E+00      0.247599

  2 S  2.09642000E+01      0.800629
  2 S  4.80331000E+00      2.127420
  2 S  1.45933000E+00     -0.002868

  3 P  2.09642000E+01      2.573592
  3 P  4.80331000E+00      2.408248
  3 P  1.45933000E+00      1.865281

  4 S  4.83456000E-01      0.413217

  5 P  4.83456000E-01      0.574627

  6 S  1.45585000E-01      0.167976

  7 P  1.45585000E-01      0.128185

  8 D  6.26000000E-01      0.725128


  H (hydrogen)
  ------------
          Exponent        Coefficients
      ----------------  --------------------
  1 S  3.38650000E+01      0.255069
  1 S  5.09479000E+00      0.460109
  1 S  1.15879000E+00      0.678321

  2 S  3.25840000E-01      0.307371

  3 S  1.02741000E-01      0.129336


  N (nitrogen)
  ------------
          Exponent        Coefficients
      ----------------  --------------------
  1 S  6.29348000E+03      0.991968
  1 S  9.49044000E+02      1.823240
  1 S  2.18776000E+02      2.979891
  1 S  6.36916000E+01      4.000007
  1 S  1.88282000E+01      3.881008
  1 S  2.72023000E+00      0.386764

  2 S  3.06331000E+01      1.038501
  2 S  7.02614000E+00      2.834794
  2 S  2.11205000E+00     -0.003208

  3 P  3.06331000E+01      3.935616
  3 P  7.02614000E+00      3.870994
  3 P  2.11205000E+00      2.967271

  4 S  6.84009000E-01      0.536051

  5 P  6.84009000E-01      0.886681

  6 S  2.00878000E-01      0.213850

  7 P  2.00878000E-01      0.191693

  8 D  9.13000000E-01      1.403568


  O (oxygen)
  ----------
          Exponent        Coefficients
      ----------------  --------------------
  1 S  8.58850000E+03      1.205013
  1 S  1.29723000E+03      2.216205
  1 S  2.99296000E+02      3.627452
  1 S  8.73771000E+01      4.888452
  1 S  2.56789000E+01      4.835721
  1 S  3.74004000E+00      0.538229

  2 S  4.21175000E+01      1.341958
  2 S  9.62837000E+00      3.587114
  2 S  2.85332000E+00     -0.005123

  3 P  4.21175000E+01      5.584018
  3 P  9.62837000E+00      5.733366
  3 P  2.85332000E+00      4.332955

  4 S  9.05661000E-01      0.661659

  5 P  9.05661000E-01      1.259352

  6 S  2.55611000E-01      0.256209

  7 P  2.55611000E-01      0.259068

  8 D  1.29200000E+00      2.577026


  Br (bromine)
  ------------
          Exponent        Coefficients
      ----------------  --------------------
  1 S  4.39700000E+05      9.893706
  1 S  6.60300000E+04     18.450679
  1 S  1.51400000E+04     31.049770
  1 S  4.31700000E+03     48.888138
  1 S  1.41400000E+03     64.847798
  1 S  5.23900000E+02     42.245010

  2 S  5.23900000E+02     14.290679
  2 S  2.07700000E+02     24.083128
  2 S  8.65400000E+01      5.132542

  3 S  3.05200000E+01      9.254405

  4 S  1.29800000E+01      4.873782

  5 S  4.41200000E+00      2.169635

  6 S  1.86200000E+00      1.136043

  7 S  3.93200000E-01      0.353892

  8 S  1.40000000E-01      0.163120

  9 P  2.95700000E+03    691.874478
  9 P  7.00300000E+02    925.332763
  9 P  2.24600000E+02   1068.830732

  10 P  8.25900000E+01    122.079275
  10 P  3.31900000E+01     57.580687
  10 P  1.42000000E+01     10.176170

  11 P  1.42000000E+01      3.129736
  11 P  7.43800000E+00      6.538168
  11 P  3.52600000E+00      4.166276

  12 P  1.59500000E+00      2.555000

  13 P  8.46200000E-01      1.156861

  14 P  3.18600000E-01      0.341191

  15 P  1.09600000E-01      0.089888

  16 D  1.34800000E+02    160.709187
  16 D  3.63900000E+01    119.797406
  16 D  1.21600000E+01     55.531619
  16 D  4.34100000E+00     12.984636

  17 D  1.53500000E+00      3.484168

  18 D  4.51000000E-01      0.408525



Printing Internal Coordinates

------------------------------------------------------------
                Bond Lengths

i      j        Length (Angstroms)     Length (Bohr)
0      1          1.4001895650         2.6459748021
0      4          1.3575238431         2.5653482728
0      5          1.0812287017         2.0432261256
1      2          1.3990564569         2.6438335382
1      6          1.0828832255         2.0463527225
2      3          1.3496998496         2.5505630679
2      9          1.4832353919         2.8029086709
3      7          1.0846296539         2.0496529939
3      12         1.4705098154         2.7788608165
4      8          1.0816442423         2.0440113836
4      12         1.4747590984         2.7868907976
9      10         1.2019538767         2.2713636428
9      11         1.2018285367         2.2711267847
12     13         1.0887786540         2.0574934677
12     14         1.9653308873         3.7139371238

Number of Bonds: 15

------------------------------------------------------------
           Bond Angles

i      j      k      Angle (degrees)
0      1      2        121.9130 
0      1      6        120.2795 
0      4      8        120.7188 
0      4      12       121.8575 
1      0      4        118.3026 
1      0      5        120.2238 
1      2      3        121.8809 
1      2      9        118.9670 
2      1      6        117.8066 
2      3      7        121.0717 
2      3      12       118.7578 
2      9      10       116.4135 
2      9      11       115.1782 
3      2      9        119.1219 
3      12     4        116.1860 
3      12     13       112.9766 
3      12     14       102.2665 
4      0      5        121.4500 
4      12     13       113.1606 
4      12     14       103.9293 
7      3      12       119.9433 
8      4      12       117.2688 
10     9      11       128.3854 
13     12     14       106.7601 

Number of Angles: 24

------------------------------------------------------------
              Torsional Angles

i      j      k      l      Angle (degrees)
3      2      1      0          3.5523 
4      0      1      2         -5.2075 
5      0      1      2        176.5346 
6      1      0      4        175.1523 
6      1      0      5         -3.1057 
6      1      2      3       -176.7989 
7      3      2      1        179.7145 
8      4      0      1       -177.2885 
8      4      0      5          0.9471 

Number of Torsional Angles: 9


----------------------------------------------------------------------
                          Center of Mass

         x               y               z              Unit
   0.05036778363   0.07177761107  -0.04156865257      Angstrom
   0.09518131663    0.1356400269  -0.07855336877          Bohr

----------------------------------------------------------------------
                Moment of Inertia Tensor

           1562.02          -642.471          -642.591
          -642.471           2902.94           -501.25
          -642.591           -501.25           3231.84

----------------------------------------------------------------------
                      Principal Moments of Inertia

           x                 y                 z                Unit
        286.519949       857.6754382       1011.128411       amu * ang^2
       1023.181313       3062.814594       3610.805109      amu * bohr^2
  4.7577789350e-38  1.4242045437e-37  1.6790193742e-37          g * cm^2

 - Molecule is an asymmetric top.

----------------------------------------------------------------------

         Rotational constants (MHz)

    A = 1.7639e+03        B = 5.8924e+02        C = 4.9982e+02

----------------------------------------------------------------------

        Rotational constants (cm-1)

    A = 5.8836e-02        B = 1.9655e-02        C = 1.6672e-02

----------------------------------------------------------------------

                                Z-Matrix
C   
C        1       2.6459748
C        2       2.6438335     1       121.91305
C        3      2.55056307     2    121.88089426     1          3.5523
C        4      4.72480791     3     87.33495749     2         -0.8765
H        5      4.02808029     4    116.02922677     3         -2.3027
H        6      4.70727254     5     92.64073077     4          4.5058
H        7      8.03080761     6     92.46970374     5         -3.4607
H        8      8.27779093     7     59.20985689     6          3.0116
N        9     10.10784597     8     29.61523440     7         -0.3621
O       10      2.27136364     9    118.19476214     8        -19.3756
O       11      4.08943680    10     25.80587490     9        177.9764
C       12      8.80997760    11     63.55946957    10         -9.4604
H       13      2.05749347    12    139.81087206    11         26.7327
Br      14      4.73641619    13     48.66099783    12       -127.5600

----------------------------------------------------------------------

             Converted back to Cartesian

C        0.000000      0.000000      0.000000
C        0.000000      0.000000      2.645975
C        0.000000      0.098161      0.003964
C       -0.000102     -0.091080      2.547497
C        0.000257      0.384693     -2.153295
H       -0.000141     -0.162286      1.837475
H        0.000227      0.608258     -2.806304
H        0.000004     -0.928930      5.076013
H       -0.000171      0.801808     -3.018823
N        0.000299     -1.400645      6.846153
O        0.000446     -0.826250      4.648618
O       -0.001660     -1.891428      8.596894
C        0.013134      0.567256      0.136967
H        0.003703     -0.090347      2.086518
Br       0.032909      1.489443     -2.378574

----------------------------------------------------------------------
                            Geometry in angstrom

1     C      -0.9343138365    2.0090446837    0.8142931018
2     C       0.4583129717    1.9377047096    0.6876755713
3     C       1.1405033780    0.7163066230    0.7004008677
4     C       0.4885111108   -0.4637213466    0.7646640646
5     C      -1.6381483962    0.8486240680    0.8444906482
6     H      -1.4284261186    2.9698125550    0.8571143049
7     H       1.0439710563    2.8423356534    0.5814515461
8     H       1.0304977275   -1.4032169633    0.7691339175
9     H      -2.7184564250    0.8588600532    0.8972547879
10    N       2.6200545597    0.7187697220    0.5959524994
11    O       3.1830433883   -0.2808366778    0.9544545858
12    O       3.0981952741    1.7189336976    0.1317916320
13    C      -0.9808305477   -0.4642681006    0.7060645020
14    H      -1.4307096083   -1.2361424408    1.3283649046
15    Br     -1.3240378202   -0.9706073178   -1.1616493042

 Number of nodes, processes per node used for SCF calculation: 2, 12

Common Options
{
  maxiter       = 100
  basis         = 6-311g* spherical
  geom_units    = angstrom
  ang2au factor = 1.889726126
  debug         = false
  file_prefix   = meta_lam0.08
}

SCF Options
{
  charge            = 1
  multiplicity      = 1
  level shift       = 0
  tol_int           = 1e-22
  tol_sch           = 1e-12
  tol_lindep        = 1e-10
  conve             = 1e-07
  convd             = 1e-05
  diis_hist         = 10
  AO_tilesize       = 30
  writem            = 10
  damp              = 100
  n_lindep          = 0
  scf_type          = restricted
  cuscf             = false
  qed_omegas        = [0.06615,]
  qed_lambdas       = [0.08,]
  qed_polvecs       = [[0.8054737872,0.4839774784,0.3420201433,],]
  direct_df         = false
  restart_size      = 2000
  restart           = false
  debug             = false
}

Number of basis functions = 221

Total number of shells = 105

Total number of electrons = 98
  # of alpha electrons    = 49
  # of beta electons      = 49

Nuclear repulsion energy  = 754.779608119603

Maximum angular momentum = 2
# of {all,non-negligible} shell-pairs = {5565,4929}
Number of AO tiles = 105

Time for initial setup: 0.01 secs
HF exch = 1.00

Time for computing 1-e integrals T, V, S: 0.03 secs
Time for computing orthogonalizer: 0.24 secs

Superposition of Atomic Density Guess ...
Time taken for SAD: 0.46 secs
Total Time to compute initial guess: 0.46 secs


 SCF iterations
-----------------------------------------------------------------------------
 Iter     Energy            E-Diff       RMSD        |[F,P]|^2       Time(s)
-----------------------------------------------------------------------------
   1  -3011.7548261193    -3.01e+03     1.66e-02     1.55e+02         0.3 
   2  -3005.8430460905     5.91e+00     6.68e-03     2.67e+00         0.5 
   3  -3006.0860928534    -2.43e-01     2.32e-03     1.02e+00         0.3 
   4  -3006.1709776499    -8.49e-02     1.13e-03     2.49e-02         0.4 
   5  -3006.1767067909    -5.73e-03     2.56e-04     2.54e-03         0.4 
   6  -3006.1772469861    -5.40e-04     1.60e-04     4.46e-04         0.4 
   7  -3006.1773974983    -1.51e-04     6.76e-05     7.05e-05         0.4 
   8  -3006.1774262745    -2.88e-05     2.09e-05     1.25e-05         0.4 
   9  -3006.1774303890    -4.11e-06     1.01e-05     1.56e-06         0.4 
  10  -3006.1774312720    -8.83e-07     5.51e-06     2.64e-07         0.4 
  11  -3006.1774314517    -1.80e-07     2.47e-06     5.34e-08         0.4 
  12  -3006.1774314841    -3.24e-08     1.00e-06     9.57e-09         0.4 

** Total SCF energy = -3006.1774314840750

Nuclear repulsion energy = 754.779608119603154
#electrons        = 98
1e energy kinetic = 3006.1051312534445970
1e energy N-e     = -8662.3345873089419911
1e energy         = -5651.7781784161352334
2e energy         = 1895.1408425754730160
QED energy        = 0.1315738763464003
QED eT energy     = 0.1194843119952630


                      Electron        Nuclear        Total  
                  ------------------------------------------
    Monopole         -98.000000     99.000000      1.000000

      Dipole   X     -20.954594     18.802874     -2.151721
      Dipole   Y     -25.538121     26.642683      1.104562
      Dipole   Z      -5.610164      7.072798      1.462634

  Quadrupole  XX   -1187.747139   1137.355205    -50.391934
  Quadrupole  XY    -295.860673    293.997731     -1.862942
  Quadrupole  XZ    -288.263288    285.948855     -2.314433
  Quadrupole  YY    -533.768966    495.378632    -38.390334
  Quadrupole  YZ    -230.305356    233.558809      3.253454
  Quadrupole  ZZ    -338.177968    292.521927    -45.656041

    Octupole XXX   -3463.678449   3307.482476   -156.195973
    Octupole XXY    -868.677099    840.698856    -27.978243
    Octupole XXZ    -599.433796    585.476659    -13.957137
    Octupole XYY    -156.558443    123.002659    -33.555784
    Octupole XYZ     383.111341   -381.960618      1.150723
    Octupole XZZ     270.329555   -300.177973    -29.848418
    Octupole YYY   -1071.168045   1033.633506    -37.534540
    Octupole YYZ    -182.421393    181.869798     -0.551595
    Octupole YZZ     161.150248   -194.520530    -33.370283
    Octupole ZZZ     111.765011   -178.161237    -66.396226


writing orbitals and density to disk ... done.

Total Time taken for Hartree-Fock: 8.64 secs

CD Options
{
  debug             = false
  skip_cd           = [false, 100]
  write_cv          = [false, 5000]
  diagtol           = 1e-06
  itilesize         = 1000
  max_cvecs_factor  = 12
}

- #occupied, #virtual = 98, 344

- Tilesize for the MSO space: 40

-----------------------------------------------------
Begin 2-index transformation ... 

nAO, nMO, nelectrons = 221, 442, 98
n_occ_alpha, n_vir_alpha, n_occ_beta, n_vir_beta = 49,172,49,172

Time taken for Fao->Fmo transform: 0.01 secs

-----------------------------------------------------
Number of AO tiles = 105
# of {all,non-negligible} shell-pairs = {5565,4929}

    Begin Cholesky Decomposition
---------------------------------------------
Total # of mpi ranks used for Cholesky decomposition: 24
  --> Number of nodes, mpi ranks per node: 2, 12
- CPU memory required for computing cholesky vectors: 1.93 GiB

- Time for computing the diagonal: 0.01 secs

- Total number of cholesky vectors = 1643

- Time to compute cholesky vectors: 5.64 secs

- CPU memory required for resizing the ao cholesky tensor: 1.56 GiB
- CPU memory required for ao2mo transformation: 1.70 GiB
- CPU memory required for the 2-step contraction: 2.11 GiB

- Time for ao to mo transform: 4.06 secs

   End Cholesky Decomposition
---------------------------------------------

Total Time taken for Cholesky Decomposition: 13.20 secs

scf_type = restricted
Closed-Shell SCF
QED-HF Enabled
nbf = 203
nbf_orig = 221
n_lindep = 0
focc = 1
nmo = 406
nocc = 62
nvir = 344
n_occ_alpha = 31
n_vir_alpha = 172
n_occ_beta = 31
n_vir_beta = 172
nelectrons = 98
nelectrons_alpha = 49
nelectrons_beta = 49
freeze atomic = true
n_frozen_core = 18
n_frozen_virtual = 0
----------------------------
--------- QED-CCSD --------
lambda_x: 0.0644
lambda_y: 0.0387
lambda_z: 0.0274
omega: 0.066150
coupling_factor_x: 0.011719
coupling_factor_y: 0.007041
coupling_factor_z: 0.004976
----------------------------
# of {all,non-negligible} shell-pairs = {5565,4929}
Number of AO tiles = 105
----------------------------
Electronic dipole expectation value using SCF density: 
dipole_x_elec: -20.95442032
dipole_y_elec: -25.53807382
dipole_z_elec: -5.61012549

d_n/N value: d_n is nuclear dipole moment and N is the total number of electrons 
d_nuc_x: 0.19186606
d_nuc_y: 0.27186411
d_nuc_z: 0.07217141

<d_e+d_n> expectation values: 
dipole_total_x: -2.15154668
dipole_total_y: 1.10460937
dipole_total_z: 1.46267265
----------------------------


 CCSD iterations
------------------------------------------------------------
  Iter     Residuum          Correlation          Time(s)
------------------------------------------------------------
   1     1.1804006158181    0.0000000000000         39.55
   2     0.1640482947322   -1.5936861228951         38.17
   3     0.0619411476981   -1.6121514152300         38.32
   4     0.0211334469101   -1.6688203189486         38.37
   5     0.0156621796686   -1.6684172789672         38.49
 MICROCYCLE DIIS UPDATE:                    6
   6     0.0080272544839   -1.6771636511605         38.42
   7     0.0054116966372   -1.6771692867184         38.05
   8     0.0037083329930   -1.6783970001099         38.31
   9     0.0030072070104   -1.6787321499738         38.10
  10     0.0029951960499   -1.6790096150137         38.33
 MICROCYCLE DIIS UPDATE:                   11
  11     0.0006445212950   -1.6796255082508         38.06
  12     0.0004677527774   -1.6795588169466         38.45
  13     0.0003937298712   -1.6796439952457         38.20
  14     0.0004562958770   -1.6796154674732         38.24
  15     0.0006083252185   -1.6796413580034         38.32
 MICROCYCLE DIIS UPDATE:                   16
  16     0.0001069708351   -1.6796576613176         38.46
  17     0.0000687728465   -1.6796408654325         38.17
  18     0.0000607291422   -1.6796506187569         38.29
  19     0.0000484922046   -1.6796523201624         38.31
  20     0.0000533162097   -1.6796533743307         38.15
 MICROCYCLE DIIS UPDATE:                   21
  21     0.0000206821537   -1.6796630110187         38.02
  22     0.0000143941986   -1.6796580404924         38.56
  23     0.0000117194525   -1.6796587639608         38.21
  24     0.0000126798006   -1.6796575604971         38.33
  25     0.0000154215580   -1.6796578711792         38.22
 MICROCYCLE DIIS UPDATE:                   26
  26     0.0000038733818   -1.6796574786430         38.16
  27     0.0000026150638   -1.6796569938396         38.14
  28     0.0000021298087   -1.6796575387170         38.28
  29     0.0000018184058   -1.6796576099323         38.49
  30     0.0000018996677   -1.6796576852838         38.29
 MICROCYCLE DIIS UPDATE:                   31
  31     0.0000008107699   -1.6796580913040         38.26
------------------------------------------------------------------
 Iterations converged
 CCSD correlation energy / hartree =        -1.679658091304027
 CCSD total energy / hartree       =     -3007.857089575379177

Time taken for spin-orbital canonical QED-CCSD: 1275.82 secs
