+ module restore
+ '[' -z '' ']'
+ case "$-" in
+ __lmod_sh_dbg=x
+ '[' -n x ']'
+ set +x
Shell debugging temporarily silenced: export LMOD_SH_DBG_ON=1 for Lmod's output
Running "module reset". Resetting modules to system default. The following $MODULEPATH directories have been removed: None
Shell debugging restarted
+ unset __lmod_sh_dbg
+ return 0
+ module load cmake python
+ '[' -z '' ']'
+ case "$-" in
+ __lmod_sh_dbg=x
+ '[' -n x ']'
+ set +x
Shell debugging temporarily silenced: export LMOD_SH_DBG_ON=1 for Lmod's output
Shell debugging restarted
+ unset __lmod_sh_dbg
+ return 0
+ module list
+ '[' -z '' ']'
+ case "$-" in
+ __lmod_sh_dbg=x
+ '[' -n x ']'
+ set +x
Shell debugging temporarily silenced: export LMOD_SH_DBG_ON=1 for Lmod's output

Currently Loaded Modules:
  1) gcc/13.4.0                            8) gcc-runtime/13.4.0-2tg3zy7   (H)
  2) oneapi/release/2025.3.1               9) bzip2/1.0.8
  3) mpich/opt/5.0.0.aurora_test.3c70a61  10) expat/2.7.3-6auksxt          (H)
  4) libfabric/1.22.0                     11) gdbm/1.25
  5) cray-pals/1.8.0                      12) sqlite/3.50.4-s65ksrg        (H)
  6) cray-libpals/1.8.0                   13) util-linux-uuid/2.41-ytoy2bg (H)
  7) cmake/3.31.11                        14) python/3.12.12

  Where:
   H:  Hidden Module

 

Shell debugging restarted
+ unset __lmod_sh_dbg
+ return 0
+ export TZ=/usr/share/zoneinfo/US/Central
+ TZ=/usr/share/zoneinfo/US/Central
+ cd /lus/flare/projects/TransMetalChem/dmejiar/MAPOL/NITRO/qed_ccsd_scans/relaxed_dir_70_31
+ export FI_CXI_DEFAULT_CQ_SIZE=131072
+ FI_CXI_DEFAULT_CQ_SIZE=131072
+ export FI_CXI_CQ_FILL_PERCENT=20
+ FI_CXI_CQ_FILL_PERCENT=20
+ export FI_MR_CACHE_MONITOR=disabled
+ FI_MR_CACHE_MONITOR=disabled
+ export FI_CXI_OVFLOW_BUF_SIZE=8388608
+ FI_CXI_OVFLOW_BUF_SIZE=8388608
+ export MPIR_CVAR_ENABLE_GPU=0
+ MPIR_CVAR_ENABLE_GPU=0
+ export MPIR_CVAR_CH4_XPMEM_ENABLE=0
+ MPIR_CVAR_CH4_XPMEM_ENABLE=0
+ export ZE_FLAT_DEVICE_HIERARCHY=FLAT
+ ZE_FLAT_DEVICE_HIERARCHY=FLAT
+ export ZES_ENABLE_SYSMAN=1
+ ZES_ENABLE_SYSMAN=1
+ export OMP_NUM_THREADS=1
+ OMP_NUM_THREADS=1
+ export TAMM_ENABLE_SPRHBM=0
+ TAMM_ENABLE_SPRHBM=0
+ export GA_NUM_PROGRESS_RANKS_PER_NODE=6
+ GA_NUM_PROGRESS_RANKS_PER_NODE=6
+ export GA_PROGRESS_RANKS_DISTRIBUTION_PACKED=1
+ GA_PROGRESS_RANKS_DISTRIBUTION_PACKED=1
+ export GA_PROGRESS_RANKS_DISTRIBUTION_CYCLIC=0
+ GA_PROGRESS_RANKS_DISTRIBUTION_CYCLIC=0
+ export SYCL_PI_LEVEL_ZERO_SINGLE_THREAD_MODE=1
+ SYCL_PI_LEVEL_ZERO_SINGLE_THREAD_MODE=1
+ export UR_L0_USE_DRIVER_INORDER_LISTS=1
+ UR_L0_USE_DRIVER_INORDER_LISTS=1
+ export UR_L0_ENABLE_RELAXED_ALLOCATION_LIMITS=1
+ UR_L0_ENABLE_RELAXED_ALLOCATION_LIMITS=1
+ export UR_L0_USE_COPY_ENGINE_FOR_IN_ORDER_QUEUE=1
+ UR_L0_USE_COPY_ENGINE_FOR_IN_ORDER_QUEUE=1
+ export PALS_PING_PERIOD=240
+ PALS_PING_PERIOD=240
+ export PALS_RPC_TIMEOUT=240
+ PALS_RPC_TIMEOUT=240
+ unset MPIR_CVAR_CH4_COLL_SELECTION_TUNING_JSON_FILE
+ unset MPIR_CVAR_COLL_SELECTION_TUNING_JSON_FILE
+ unset MPIR_CVAR_CH4_POSIX_COLL_SELECTION_TUNING_JSON_FILE
++ wc -l
+ NNODES=2
+ ppn=12
+ NRANKS_PER_NODE=18
+ NTHREADS=1
+ NTOTRANKS=36
+ echo 'NUM_OF_NODES= 2 TOTAL_NUM_RANKS= 36 RANKS_PER_NODE= 18 THREADS_PER_RANK= 1'
NUM_OF_NODES= 2 TOTAL_NUM_RANKS= 36 RANKS_PER_NODE= 18 THREADS_PER_RANK= 1
+ export LD_LIBRARY_PATH=/home/dmejiar/install_jul2026/lib64:/opt/aurora/26.26.0/spack/unified/1.1.1/install/linux-x86_64/python-3.12.12-nvje3vk/lib:/opt/aurora/26.26.0/spack/unified/1.1.1/install/linux-x86_64/util-linux-uuid-2.41-ytoy2bg/lib:/opt/aurora/26.26.0/spack/unified/1.1.1/install/linux-x86_64/sqlite-3.50.4-s65ksrg/lib:/opt/aurora/26.26.0/spack/unified/1.1.1/install/linux-x86_64/gdbm-1.25-skzvkbq/lib:/opt/aurora/26.26.0/spack/unified/1.1.1/install/linux-x86_64/expat-2.7.3-6auksxt/lib:/opt/aurora/26.26.0/spack/unified/1.1.1/install/linux-x86_64/bzip2-1.0.8-lpab4po/lib:/opt/aurora/26.26.0/spack/unified/1.1.1/install/linux-x86_64/gcc-runtime-13.4.0-2tg3zy7/lib:/opt/cray/pals/1.8/lib:/opt/cray/libfabric/1.22.0/lib64:/opt/cray/libfabric/1.22.0/lib:/opt/aurora/26.26.0/spack/unified/1.1.1/install/linux-x86_64/mpich-5.0.0.aurora_test.3c70a61-hlkigtk/lib:/opt/aurora/26.26.0/support/libraries/khronos/default/lib64:/opt/aurora/26.26.0/oneapi/ishmem/latest/lib:/opt/aurora/26.26.0/oneapi/pti/latest/lib:/opt/aurora/26.26.0/oneapi/tcm/latest/lib:/opt/aurora/26.26.0/oneapi/umf/latest/lib:/opt/aurora/26.26.0/oneapi/ipp/latest/lib:/opt/aurora/26.26.0/oneapi/ippcp/latest/lib:/opt/aurora/26.26.0/oneapi/debugger/latest/opt/debugger/lib:/opt/aurora/26.26.0/oneapi/ccl/latest/lib:/opt/aurora/26.26.0/oneapi/dal/latest/lib:/opt/aurora/26.26.0/oneapi/dnnl/latest/lib:/opt/aurora/26.26.0/oneapi/tbb/latest/lib/intel64/gcc4.8:/opt/aurora/26.26.0/oneapi/mkl/latest/lib:/opt/aurora/26.26.0/oneapi/compiler/latest/opt/compiler/lib:/opt/aurora/26.26.0/oneapi/compiler/latest/lib:/opt/aurora/26.26.0/spack/unified/1.1.1/install/linux-x86_64/gcc-13.4.0-hgnyg4p/lib64:/opt/aurora/26.26.0/spack/unified/1.1.1/install/linux-x86_64/gcc-13.4.0-hgnyg4p/lib
+ LD_LIBRARY_PATH=/home/dmejiar/install_jul2026/lib64:/opt/aurora/26.26.0/spack/unified/1.1.1/install/linux-x86_64/python-3.12.12-nvje3vk/lib:/opt/aurora/26.26.0/spack/unified/1.1.1/install/linux-x86_64/util-linux-uuid-2.41-ytoy2bg/lib:/opt/aurora/26.26.0/spack/unified/1.1.1/install/linux-x86_64/sqlite-3.50.4-s65ksrg/lib:/opt/aurora/26.26.0/spack/unified/1.1.1/install/linux-x86_64/gdbm-1.25-skzvkbq/lib:/opt/aurora/26.26.0/spack/unified/1.1.1/install/linux-x86_64/expat-2.7.3-6auksxt/lib:/opt/aurora/26.26.0/spack/unified/1.1.1/install/linux-x86_64/bzip2-1.0.8-lpab4po/lib:/opt/aurora/26.26.0/spack/unified/1.1.1/install/linux-x86_64/gcc-runtime-13.4.0-2tg3zy7/lib:/opt/cray/pals/1.8/lib:/opt/cray/libfabric/1.22.0/lib64:/opt/cray/libfabric/1.22.0/lib:/opt/aurora/26.26.0/spack/unified/1.1.1/install/linux-x86_64/mpich-5.0.0.aurora_test.3c70a61-hlkigtk/lib:/opt/aurora/26.26.0/support/libraries/khronos/default/lib64:/opt/aurora/26.26.0/oneapi/ishmem/latest/lib:/opt/aurora/26.26.0/oneapi/pti/latest/lib:/opt/aurora/26.26.0/oneapi/tcm/latest/lib:/opt/aurora/26.26.0/oneapi/umf/latest/lib:/opt/aurora/26.26.0/oneapi/ipp/latest/lib:/opt/aurora/26.26.0/oneapi/ippcp/latest/lib:/opt/aurora/26.26.0/oneapi/debugger/latest/opt/debugger/lib:/opt/aurora/26.26.0/oneapi/ccl/latest/lib:/opt/aurora/26.26.0/oneapi/dal/latest/lib:/opt/aurora/26.26.0/oneapi/dnnl/latest/lib:/opt/aurora/26.26.0/oneapi/tbb/latest/lib/intel64/gcc4.8:/opt/aurora/26.26.0/oneapi/mkl/latest/lib:/opt/aurora/26.26.0/oneapi/compiler/latest/opt/compiler/lib:/opt/aurora/26.26.0/oneapi/compiler/latest/lib:/opt/aurora/26.26.0/spack/unified/1.1.1/install/linux-x86_64/gcc-13.4.0-hgnyg4p/lib64:/opt/aurora/26.26.0/spack/unified/1.1.1/install/linux-x86_64/gcc-13.4.0-hgnyg4p/lib
+ EXE=/home/dmejiar/codes/exachem.master/build/methods_stage/home/dmejiar/install_jul2026/methods/ExaChem
+ INP=/lus/flare/projects/TransMetalChem/dmejiar/MAPOL/NITRO/qed_ccsd_scans/relaxed_dir_70_31/ortho_lam0.04.json
+ bind_script=/home/dmejiar/jobscripts/aurora_bind.sh
+ ulimit -c unlimited
+ mpiexec -n 36 --ppn 18 --pmi=pmix --cpu-bind=list:1-5:6-10:11-15:16-20:21-25:26-30:31-35:36-40:41-45:53-57:58-62:63-67:68-72:73-77:78-82:83-87:88-92:93-97 /home/dmejiar/jobscripts/aurora_bind.sh /home/dmejiar/codes/exachem.master/build/methods_stage/home/dmejiar/install_jul2026/methods/ExaChem /lus/flare/projects/TransMetalChem/dmejiar/MAPOL/NITRO/qed_ccsd_scans/relaxed_dir_70_31/ortho_lam0.04.json

ExaChem Git Information
{
 Branch: main
 Commit Hash: 794cab1 [794cab19fe2444da5b7170dc4e6f291fbc1ab75c]
 Commit Date: 2026-07-04 08:31:04 -0700
 Commit Message: fix ci result compare script, update cr2 reference outputs
}


TAMM Git Information
{
 Branch: main
 Commit Hash: e485b7a6 [e485b7a6e79f495b0ffb2c18c6a830b45c7ddbcb]
 Commit Date: 2026-07-06 06:28:40 -0500
 Commit Message: refactor: replace gsl::span with std::span (C++20) (#143)
}


date: Fri Jul 24 14:40:45 2026
program: "/home/dmejiar/codes/exachem.master/build/methods_stage/home/dmejiar/install_jul2026/methods/ExaChem"
nnodes: 2, nproc_per_node: 12, nproc_total: 24, ngpus_per_node: 12, ngpus_total: 24

Memory information
{
[Intel(R) Xeon(R) CPU Max 9470C] : 
  CPU memory per node (GiB): 1134
  Total CPU memory (GiB): 2268
[Intel(R) Data Center GPU Max 1550, SYCL v1.6.33578+42] : 
  GPU memory per device (GiB): 63
  GPU memory per node (GiB): 756
  Total GPU memory (GiB): 1512
}

------------------------------------------------------------

Input file provided: /lus/flare/projects/TransMetalChem/dmejiar/MAPOL/NITRO/qed_ccsd_scans/relaxed_dir_70_31/ortho_lam0.04.json

{
  "geometry": {
    "coordinates": [
      "C   -1.795547012000   1.947161201600   0.759223950200",
      "C   -0.376294718600   1.991193517500   0.733759073600",
      "C    0.287357715100   0.819425834000   0.703571376700",
      "C   -2.520723337800   0.751619333400   0.755451265800",
      "H   -2.336305139000   2.889617913200   0.786318711900",
      "H    0.159144975100   2.932279237900   0.742899701800",
      "H   -3.602468480200   0.772537259200   0.780704444900",
      "N    1.772287763600   0.812290828800   0.752691954300",
      "O    2.271092600800  -0.195397407700   1.190472004700",
      "O    2.320720833200   1.808029680800   0.364901581200",
      "C   -1.840587075200  -0.434779876700   0.709804042800",
      "H   -2.366612387600  -1.383409377100   0.689762502800",
      "C   -0.374409685600  -0.488131400000   0.641651785000",
      "H    0.072638506500  -1.208758235000   1.331645735200",
      "Br  -0.023795415600  -1.229201811000  -1.153130194900"
    ],
    "units": "angstrom",
    "noorient": true
  },
  "common": {
    "maxiter": 100,
    "debug": false
  },
  "basis": {
    "basisset": "6-311G*"
  },
  "SCF": {
    "charge": 1,
    "multiplicity": 1,
    "lshift": 0,
    "tol_lindep": 1e-10,
    "conve": 1e-07,
    "convd": 1e-05,
    "diis_hist": 10,
    "writem": 10,
    "restart": false,
    "noscf": false,
    "scf_type": "restricted",
    "debug": false,
    "qed_omegas": [
      0.06615
    ],
    "qed_volumes": [],
    "qed_lambdas": [
      0.04
    ],
    "qed_polvecs": [
      [
        0.8054737872487506,
        0.48397747841675776,
        0.3420201433256688
      ]
    ],
    "direct_df": false
  },
  "CD": {
    "debug": false,
    "diagtol": 1e-06
  },
  "CC": {
    "threshold": 1e-06,
    "ndiis": 5,
    "ccsd_maxiter": 200,
    "tilesize": 40,
    "freeze": {
      "atomic": true
    },
    "readt": false,
    "writet": true,
    "writet_iter": 5,
    "debug": false,
    "profile_ccsd": false,
    "balance_tiles": true
  },
  "TASK": {
    "scf": false,
    "ccsd": true
  }
}

Output folder & files prefix: ortho_lam0.04.6-311g*

  C (carbon)
  ----------
          Exponent        Coefficients
      ----------------  --------------------
  1 S  4.56324000E+03      0.778202
  1 S  6.82024000E+02      1.448695
  1 S  1.54973000E+02      2.383089
  1 S  4.44553000E+01      3.200089
  1 S  1.30290000E+01      3.013004
  1 S  1.82773000E+00      0.247599

  2 S  2.09642000E+01      0.800629
  2 S  4.80331000E+00      2.127420
  2 S  1.45933000E+00     -0.002868

  3 P  2.09642000E+01      2.573592
  3 P  4.80331000E+00      2.408248
  3 P  1.45933000E+00      1.865281

  4 S  4.83456000E-01      0.413217

  5 P  4.83456000E-01      0.574627

  6 S  1.45585000E-01      0.167976

  7 P  1.45585000E-01      0.128185

  8 D  6.26000000E-01      0.725128


  H (hydrogen)
  ------------
          Exponent        Coefficients
      ----------------  --------------------
  1 S  3.38650000E+01      0.255069
  1 S  5.09479000E+00      0.460109
  1 S  1.15879000E+00      0.678321

  2 S  3.25840000E-01      0.307371

  3 S  1.02741000E-01      0.129336


  N (nitrogen)
  ------------
          Exponent        Coefficients
      ----------------  --------------------
  1 S  6.29348000E+03      0.991968
  1 S  9.49044000E+02      1.823240
  1 S  2.18776000E+02      2.979891
  1 S  6.36916000E+01      4.000007
  1 S  1.88282000E+01      3.881008
  1 S  2.72023000E+00      0.386764

  2 S  3.06331000E+01      1.038501
  2 S  7.02614000E+00      2.834794
  2 S  2.11205000E+00     -0.003208

  3 P  3.06331000E+01      3.935616
  3 P  7.02614000E+00      3.870994
  3 P  2.11205000E+00      2.967271

  4 S  6.84009000E-01      0.536051

  5 P  6.84009000E-01      0.886681

  6 S  2.00878000E-01      0.213850

  7 P  2.00878000E-01      0.191693

  8 D  9.13000000E-01      1.403568


  O (oxygen)
  ----------
          Exponent        Coefficients
      ----------------  --------------------
  1 S  8.58850000E+03      1.205013
  1 S  1.29723000E+03      2.216205
  1 S  2.99296000E+02      3.627452
  1 S  8.73771000E+01      4.888452
  1 S  2.56789000E+01      4.835721
  1 S  3.74004000E+00      0.538229

  2 S  4.21175000E+01      1.341958
  2 S  9.62837000E+00      3.587114
  2 S  2.85332000E+00     -0.005123

  3 P  4.21175000E+01      5.584018
  3 P  9.62837000E+00      5.733366
  3 P  2.85332000E+00      4.332955

  4 S  9.05661000E-01      0.661659

  5 P  9.05661000E-01      1.259352

  6 S  2.55611000E-01      0.256209

  7 P  2.55611000E-01      0.259068

  8 D  1.29200000E+00      2.577026


  Br (bromine)
  ------------
          Exponent        Coefficients
      ----------------  --------------------
  1 S  4.39700000E+05      9.893706
  1 S  6.60300000E+04     18.450679
  1 S  1.51400000E+04     31.049770
  1 S  4.31700000E+03     48.888138
  1 S  1.41400000E+03     64.847798
  1 S  5.23900000E+02     42.245010

  2 S  5.23900000E+02     14.290679
  2 S  2.07700000E+02     24.083128
  2 S  8.65400000E+01      5.132542

  3 S  3.05200000E+01      9.254405

  4 S  1.29800000E+01      4.873782

  5 S  4.41200000E+00      2.169635

  6 S  1.86200000E+00      1.136043

  7 S  3.93200000E-01      0.353892

  8 S  1.40000000E-01      0.163120

  9 P  2.95700000E+03    691.874478
  9 P  7.00300000E+02    925.332763
  9 P  2.24600000E+02   1068.830732

  10 P  8.25900000E+01    122.079275
  10 P  3.31900000E+01     57.580687
  10 P  1.42000000E+01     10.176170

  11 P  1.42000000E+01      3.129736
  11 P  7.43800000E+00      6.538168
  11 P  3.52600000E+00      4.166276

  12 P  1.59500000E+00      2.555000

  13 P  8.46200000E-01      1.156861

  14 P  3.18600000E-01      0.341191

  15 P  1.09600000E-01      0.089888

  16 D  1.34800000E+02    160.709187
  16 D  3.63900000E+01    119.797406
  16 D  1.21600000E+01     55.531619
  16 D  4.34100000E+00     12.984636

  17 D  1.53500000E+00      3.484168

  18 D  4.51000000E-01      0.408525



Printing Internal Coordinates

------------------------------------------------------------
                Bond Lengths

i      j        Length (Angstroms)     Length (Bohr)
0      1          1.4201635037         2.6837200759
0      3          1.3982901327         2.6423853954
0      4          1.0869122003         2.0539663816
1      2          1.3469912226         2.5454445048
1      5          1.0827841658         2.0461655269
2      7          1.4857593979         2.8076783510
2      12         1.4667910719         2.7718334098
3      6          1.0822420412         2.0451410598
3      10         1.3682880144         2.5856896086
7      8          1.2066040030         2.2801511081
7      9          1.2011061846         2.2697617370
10     11         1.0848973323         2.0501588328
10     12         1.4687298094         2.7754970927
12     13         1.0932734208         2.0659873461
12     14         1.9731594147         3.7287308965

Number of Bonds: 15

------------------------------------------------------------
           Bond Angles

i      j      k      Angle (degrees)
0      1      2        117.7624 
0      1      5        121.3981 
0      3      6        120.1185 
0      3      10       118.9238 
1      0      3        123.0072 
1      0      4        118.0837 
1      2      7        119.7261 
1      2      12       123.6513 
2      1      5        120.8388 
2      7      8        115.4149 
2      7      9        116.2122 
2      12     10       114.5850 
2      12     13       112.1147 
2      12     14       107.0396 
3      0      4        118.9087 
3      10     11       121.1825 
3      10     12       121.9549 
6      3      10       120.9560 
7      2      12       116.6173 
8      7      9        128.3695 
10     12     13       113.7568 
10     12     14       103.4875 
11     10     12       116.8335 
13     12     14       104.7056 

Number of Angles: 24

------------------------------------------------------------
              Torsional Angles

i      j      k      l      Angle (degrees)
3      0      1      2          0.0586 
4      0      1      2        179.8396 
5      1      0      3       -179.6579 
5      1      0      4          0.1231 
6      3      0      1        179.6901 
6      3      0      4         -0.0891 
10     3      0      1         -0.7733 
10     3      0      4        179.4475 
11     10     3      0       -179.0395 
11     10     3      6          0.4931 
12     2      1      0          2.5370 
12     2      1      5       -177.7449 
13     12     2      1       -135.7191 
14     12     2      1        110.0048 

Number of Torsional Angles: 14


----------------------------------------------------------------------
                          Center of Mass

         x               y               z              Unit
   0.04327323145 -0.009823108427 -0.003593565993      Angstrom
   0.08177455603  -0.01856298463 -0.006790855541          Bohr

----------------------------------------------------------------------
                Moment of Inertia Tensor

           1775.52          -62.8915          -46.1462
          -62.8915            2059.5          -616.775
          -46.1462          -616.775           2547.96

----------------------------------------------------------------------
                      Principal Moments of Inertia

           x                 y                 z                Unit
       449.3810345       507.1616748       830.8736154       amu * ang^2
       1604.768808        1811.10722       2967.103547      amu * bohr^2
  7.4621527284e-38  8.4216234891e-38  1.3796990394e-37          g * cm^2

 - Molecule is an asymmetric top.

----------------------------------------------------------------------

         Rotational constants (MHz)

    A = 1.1246e+03        B = 9.9649e+02        C = 6.0825e+02

----------------------------------------------------------------------

        Rotational constants (cm-1)

    A = 3.7513e-02        B = 3.3239e-02        C = 2.0289e-02

----------------------------------------------------------------------

                                Z-Matrix
C   
C        1       2.6837201
C        2       2.5454445     1       117.76242
C        3      5.30895625     2     61.84342345     1         -0.0277
H        4      4.05565377     3     83.70381693     2         -0.0557
H        5      4.71711998     4     95.89347428     3         -0.0685
H        6      8.19706700     5     28.88468352     4         -0.1586
N        7     10.15723305     6     29.43858872     5       -178.5646
O        8      2.28015111     7    113.91062166     6        156.9589
O        9      4.09584769     8     25.75194763     7       -177.3844
C       10      8.95691031     9     60.97426327     8         -5.1479
H       11      2.05015883    10    146.93937076     9        -31.7437
C       12      4.12839592    11     36.86294571    10          5.7935
H       13      2.06598735    12     95.09845824    11        137.0741
Br      14      4.69923970    13     50.12843246    12         93.0176

----------------------------------------------------------------------

             Converted back to Cartesian

C        0.000000      0.000000      0.000000
C        0.000000      0.000000      2.683720
C        0.000000      0.091292      0.139913
C        0.000001     -0.199022      5.440926
H        0.000001      0.125928      1.398311
H        0.000003     -0.389188      6.087221
H        0.000003      0.577600     -2.052633
N        0.004951     -0.710642      8.022573
O       -0.004227     -0.343570      5.772182
O        0.017255     -1.034245      9.809318
C       -0.055317      0.637878      1.010172
H       -0.023739      0.166638      3.005187
C       -0.094950      1.159987     -1.001287
H       -0.051966      0.605480      0.988431
Br      -0.160528      1.934870     -3.517542

----------------------------------------------------------------------
                            Geometry in angstrom

1     C      -1.7955470120    1.9471612016    0.7592239502
2     C      -0.3762947186    1.9911935175    0.7337590736
3     C       0.2873577151    0.8194258340    0.7035713767
4     C      -2.5207233378    0.7516193334    0.7554512658
5     H      -2.3363051390    2.8896179132    0.7863187119
6     H       0.1591449751    2.9322792379    0.7428997018
7     H      -3.6024684802    0.7725372592    0.7807044449
8     N       1.7722877636    0.8122908288    0.7526919543
9     O       2.2710926008   -0.1953974077    1.1904720047
10    O       2.3207208332    1.8080296808    0.3649015812
11    C      -1.8405870752   -0.4347798767    0.7098040428
12    H      -2.3666123876   -1.3834093771    0.6897625028
13    C      -0.3744096856   -0.4881314000    0.6416517850
14    H       0.0726385065   -1.2087582350    1.3316457352
15    Br     -0.0237954156   -1.2292018110   -1.1531301949

 Number of nodes, processes per node used for SCF calculation: 2, 12

Common Options
{
  maxiter       = 100
  basis         = 6-311g* spherical
  geom_units    = angstrom
  ang2au factor = 1.889726126
  debug         = false
  file_prefix   = ortho_lam0.04
}

SCF Options
{
  charge            = 1
  multiplicity      = 1
  level shift       = 0
  tol_int           = 1e-22
  tol_sch           = 1e-12
  tol_lindep        = 1e-10
  conve             = 1e-07
  convd             = 1e-05
  diis_hist         = 10
  AO_tilesize       = 30
  writem            = 10
  damp              = 100
  n_lindep          = 0
  scf_type          = restricted
  cuscf             = false
  qed_omegas        = [0.06615,]
  qed_lambdas       = [0.04,]
  qed_polvecs       = [[0.8054737872,0.4839774784,0.3420201433,],]
  direct_df         = false
  restart_size      = 2000
  restart           = false
  debug             = false
}

Number of basis functions = 221

Total number of shells = 105

Total number of electrons = 98
  # of alpha electrons    = 49
  # of beta electons      = 49

Nuclear repulsion energy  = 778.516658948386

Maximum angular momentum = 2
# of {all,non-negligible} shell-pairs = {5565,4993}
Number of AO tiles = 105

Time for initial setup: 0.06 secs
HF exch = 1.00

Time for computing 1-e integrals T, V, S: 0.03 secs
Time for computing orthogonalizer: 0.17 secs

Superposition of Atomic Density Guess ...
Time taken for SAD: 0.46 secs
Total Time to compute initial guess: 0.46 secs


 SCF iterations
-----------------------------------------------------------------------------
 Iter     Energy            E-Diff       RMSD        |[F,P]|^2       Time(s)
-----------------------------------------------------------------------------
   1  -3011.7349033252    -3.01e+03     1.66e-02     1.52e+02         0.2 
   2  -3005.9805929486     5.75e+00     7.03e-03     2.40e+00         0.6 
   3  -3006.1437184107    -1.63e-01     2.97e-03     1.44e+00         0.4 
   4  -3006.2679105334    -1.24e-01     1.01e-03     2.61e-02         0.4 
   5  -3006.2731421445    -5.23e-03     2.32e-04     3.43e-03         0.4 
   6  -3006.2736698656    -5.28e-04     1.23e-04     2.97e-04         0.4 
   7  -3006.2737930744    -1.23e-04     5.89e-05     8.92e-05         0.4 
   8  -3006.2738246879    -3.16e-05     3.04e-05     2.25e-05         0.4 
   9  -3006.2738334121    -8.72e-06     1.52e-05     3.32e-06         0.4 
  10  -3006.2738354663    -2.05e-06     7.32e-06     7.83e-07         0.4 
  11  -3006.2738359145    -4.48e-07     4.64e-06     1.78e-07         0.4 
  12  -3006.2738360424    -1.28e-07     1.74e-06     2.78e-08         0.4 
  13  -3006.2738360667    -2.43e-08     1.16e-06     8.62e-09         0.4 

** Total SCF energy = -3006.2738360666826

Nuclear repulsion energy = 778.516658948386066
#electrons        = 98
1e energy kinetic = 3005.8916441283613494
1e energy N-e     = -8709.5218759093459084
1e energy         = -5702.9732899167302094
2e energy         = 1918.8077788853724996
QED energy        = 0.0319578805437151
QED eT energy     = 0.0288100113712023


                      Electron        Nuclear        Total  
                  ------------------------------------------
    Monopole         -98.000000     99.000000      1.000000

      Dipole   X      -4.516329      0.969156     -3.547174
      Dipole   Y     -12.138469     13.391032      1.252563
      Dipole   Z     -12.898566     14.181215      1.282649

  Quadrupole  XX    -792.715102    751.366906    -41.348197
  Quadrupole  XY     -26.092023     20.381109     -5.710915
  Quadrupole  XZ     -17.477192     11.807846     -5.669346
  Quadrupole  YY    -613.541843    576.364567    -37.177276
  Quadrupole  YZ    -283.817314    287.714331      3.897017
  Quadrupole  ZZ    -351.969138    305.375652    -46.593486

    Octupole XXX     -24.122708    -59.550843    -83.673551
    Octupole XXY   -1121.737233   1113.216463     -8.520769
    Octupole XXZ   -1083.511880   1073.733613     -9.778267
    Octupole XYY      71.060789   -109.377178    -38.316389
    Octupole XYZ      86.821736    -89.572620     -2.750884
    Octupole XZZ     -47.432937     53.314123      5.881186
    Octupole YYY    -881.478613    861.636620    -19.841993
    Octupole YYZ     -78.217759     73.769464     -4.448295
    Octupole YZZ     224.949928   -253.377379    -28.427451
    Octupole ZZZ      54.397020   -130.448208    -76.051188


writing orbitals and density to disk ... done.

Total Time taken for Hartree-Fock: 11.92 secs

CD Options
{
  debug             = false
  skip_cd           = [false, 100]
  write_cv          = [false, 5000]
  diagtol           = 1e-06
  itilesize         = 1000
  max_cvecs_factor  = 12
}

- #occupied, #virtual = 98, 344

- Tilesize for the MSO space: 40

-----------------------------------------------------
Begin 2-index transformation ... 

nAO, nMO, nelectrons = 221, 442, 98
n_occ_alpha, n_vir_alpha, n_occ_beta, n_vir_beta = 49,172,49,172

Time taken for Fao->Fmo transform: 0.01 secs

-----------------------------------------------------
Number of AO tiles = 105
# of {all,non-negligible} shell-pairs = {5565,4993}

    Begin Cholesky Decomposition
---------------------------------------------
Total # of mpi ranks used for Cholesky decomposition: 24
  --> Number of nodes, mpi ranks per node: 2, 12
- CPU memory required for computing cholesky vectors: 1.93 GiB

- Time for computing the diagonal: 0.01 secs

- Total number of cholesky vectors = 1646

- Time to compute cholesky vectors: 5.71 secs

- CPU memory required for resizing the ao cholesky tensor: 1.56 GiB
- CPU memory required for ao2mo transformation: 1.70 GiB
- CPU memory required for the 2-step contraction: 2.11 GiB

- Time for ao to mo transform: 0.88 secs

   End Cholesky Decomposition
---------------------------------------------

Total Time taken for Cholesky Decomposition: 11.23 secs

scf_type = restricted
Closed-Shell SCF
QED-HF Enabled
nbf = 203
nbf_orig = 221
n_lindep = 0
focc = 1
nmo = 406
nocc = 62
nvir = 344
n_occ_alpha = 31
n_vir_alpha = 172
n_occ_beta = 31
n_vir_beta = 172
nelectrons = 98
nelectrons_alpha = 49
nelectrons_beta = 49
freeze atomic = true
n_frozen_core = 18
n_frozen_virtual = 0
----------------------------
--------- QED-CCSD --------
lambda_x: 0.0322
lambda_y: 0.0194
lambda_z: 0.0137
omega: 0.066150
coupling_factor_x: 0.005860
coupling_factor_y: 0.003521
coupling_factor_z: 0.002488
----------------------------
# of {all,non-negligible} shell-pairs = {5565,4993}
Number of AO tiles = 105
----------------------------
Electronic dipole expectation value using SCF density: 
dipole_x_elec: -4.51646674
dipole_y_elec: -12.13852127
dipole_z_elec: -12.89860406

d_n/N value: d_n is nuclear dipole moment and N is the total number of electrons 
d_nuc_x: 0.00988934
d_nuc_y: 0.13664319
d_nuc_z: 0.14470627

<d_e+d_n> expectation values: 
dipole_total_x: -3.54731113
dipole_total_y: 1.25251092
dipole_total_z: 1.28261058
----------------------------


 CCSD iterations
------------------------------------------------------------
  Iter     Residuum          Correlation          Time(s)
------------------------------------------------------------
   1     1.1767084908548    0.0000000000000         40.36
   2     0.1608023368085   -1.6329788042045         39.35
   3     0.0633195186275   -1.5944576378860         39.44
   4     0.0181326677686   -1.6554955244191         39.23
   5     0.0137813095774   -1.6500579595992         39.30
 MICROCYCLE DIIS UPDATE:                    6
   6     0.0060913966305   -1.6576071772374         39.24
   7     0.0033352427940   -1.6577666787898         39.21
   8     0.0022670361842   -1.6585303228966         39.24
   9     0.0013836822722   -1.6586254395448         39.12
  10     0.0012615645650   -1.6588309808415         39.33
 MICROCYCLE DIIS UPDATE:                   11
  11     0.0003856237193   -1.6590370532991         39.17
  12     0.0003453428854   -1.6591179700320         39.04
  13     0.0002049465119   -1.6591044914826         39.20
  14     0.0002075636106   -1.6590998770816         39.20
  15     0.0001340287048   -1.6591012848707         39.29
 MICROCYCLE DIIS UPDATE:                   16
  16     0.0000607735333   -1.6590768653650         39.18
  17     0.0000353357877   -1.6591027007814         39.26
  18     0.0000302344915   -1.6591047236203         39.24
  19     0.0000219530666   -1.6591074985244         39.10
  20     0.0000208267813   -1.6591079498972         39.13
 MICROCYCLE DIIS UPDATE:                   21
  21     0.0000083659856   -1.6591091381093         39.28
  22     0.0000064846063   -1.6591102066455         39.12
  23     0.0000041283608   -1.6591100871273         39.09
  24     0.0000039721317   -1.6591096701322         39.17
  25     0.0000026708918   -1.6591097128158         39.44
 MICROCYCLE DIIS UPDATE:                   26
  26     0.0000013354565   -1.6591088171017         39.19
  27     0.0000008237196   -1.6591094630860         39.23
------------------------------------------------------------------
 Iterations converged
 CCSD correlation energy / hartree =        -1.659109463086014
 CCSD total energy / hartree       =     -3007.932945529768858

Time taken for spin-orbital canonical QED-CCSD: 1136.40 secs
