
ExaChem Git Information
{
 WARNING: Failed to retrieve the current git state.
}


TAMM Git Information
{
 Branch: main
 Commit Hash: e71357ad [e71357ad54f38748b4a7e175aa6760820d5ce96f]
 Commit Date: 2026-02-02 23:14:56 -0800
 Commit Message: add GitHub Actions workflow for releases
}


date: Fri Aug  7 04:11:44 2026
program: "/global/cfs/cdirs/m3196/heindelj/cavity_qed/software/install_gpu/bin/bin/ExaChem"
nnodes: 1, nproc_per_node: 4, nproc_total: 4, ngpus_per_node: 1, ngpus_total: 1

Memory information
{
[AMD EPYC 7763 64-Core Processor                ] : 
  CPU memory per node (GiB): 251
  Total CPU memory (GiB): 251
[NVIDIA A100-SXM4-40GB, CUDA v12.9] : 
  GPU memory per device (GiB): 39
  GPU memory per node (GiB): 39
  Total GPU memory (GiB): 39
}

------------------------------------------------------------

Input file provided: /global/cfs/cdirs/m4262/heindelj/cavity_qed/mlip/lambda_scans/grid_scans_optimized_geoms/runs_grid_no_freq/ortho_th54_ph180/ortho_th54_ph180_qed_ccsd_input.json

{
  "geometry": {
    "coordinates": [
      "C    -1.781671950900    1.942129497000    0.684207568700",
      "C    -0.359545708900    1.981997178500    0.706705733600",
      "C     0.295393771200    0.817155755000    0.710647099200",
      "C    -2.501428207600    0.755670034100    0.719218993600",
      "H    -2.314103368000    2.885388489300    0.654475540500",
      "H     0.171130376300    2.921061405300    0.741639232200",
      "H    -3.577108423800    0.774819320600    0.734104551000",
      "N     1.778518760400    0.826218070300    0.779282261800",
      "O     2.297734652000   -0.256307068400    0.867928072100",
      "O     2.299097317700    1.906906126400    0.781856781700",
      "C    -1.822570686000   -0.429362391700    0.771717510400",
      "H    -2.345549842800   -1.375126746900    0.828548932400",
      "C    -0.362660575700   -0.493812513900    0.651134649200",
      "H     0.109606121400   -1.223664055500    1.308407526000",
      "Br   -0.240343164500   -1.248596318100   -1.150146433600"
    ],
    "units": "angstrom",
    "noorient": true
  },
  "common": {
    "maxiter": 100,
    "debug": false
  },
  "basis": {
    "basisset": "6-311G*"
  },
  "SCF": {
    "charge": 1,
    "multiplicity": 1,
    "lshift": 0,
    "tol_lindep": 1e-10,
    "conve": 1e-07,
    "convd": 1e-05,
    "diis_hist": 10,
    "writem": 10,
    "restart": false,
    "noscf": false,
    "scf_type": "restricted",
    "debug": false,
    "qed_omegas": [
      0.06615
    ],
    "qed_volumes": [],
    "qed_lambdas": [
      0.1
    ],
    "qed_polvecs": [
      [
        -0.8090169943749475,
        9.907600726170916e-17,
        0.5877852522924731
      ]
    ],
    "direct_df": false
  },
  "CD": {
    "debug": false,
    "diagtol": 1e-06
  },
  "CC": {
    "threshold": 1e-06,
    "ndiis": 5,
    "ccsd_maxiter": 200,
    "tilesize": 40,
    "freeze": {
      "atomic": true
    },
    "readt": false,
    "writet": true,
    "writet_iter": 5,
    "debug": false,
    "profile_ccsd": false,
    "balance_tiles": true
  },
  "TASK": {
    "scf": false,
    "ccsd": true
  }
}

Output folder & files prefix: ortho_th54_ph180_qed_ccsd_input.6-311g*

  C (carbon)
  ----------
          Exponent        Coefficients
      ----------------  --------------------
  1 S  4.56324000E+03      0.778202
  1 S  6.82024000E+02      1.448695
  1 S  1.54973000E+02      2.383089
  1 S  4.44553000E+01      3.200089
  1 S  1.30290000E+01      3.013004
  1 S  1.82773000E+00      0.247599

  2 S  2.09642000E+01      0.800629
  2 S  4.80331000E+00      2.127420
  2 S  1.45933000E+00     -0.002868

  3 P  2.09642000E+01      2.573592
  3 P  4.80331000E+00      2.408248
  3 P  1.45933000E+00      1.865281

  4 S  4.83456000E-01      0.413217

  5 P  4.83456000E-01      0.574627

  6 S  1.45585000E-01      0.167976

  7 P  1.45585000E-01      0.128185

  8 D  6.26000000E-01      0.725128


  H (hydrogen)
  ------------
          Exponent        Coefficients
      ----------------  --------------------
  1 S  3.38650000E+01      0.255069
  1 S  5.09479000E+00      0.460109
  1 S  1.15879000E+00      0.678321

  2 S  3.25840000E-01      0.307371

  3 S  1.02741000E-01      0.129336


  N (nitrogen)
  ------------
          Exponent        Coefficients
      ----------------  --------------------
  1 S  6.29348000E+03      0.991968
  1 S  9.49044000E+02      1.823240
  1 S  2.18776000E+02      2.979891
  1 S  6.36916000E+01      4.000007
  1 S  1.88282000E+01      3.881008
  1 S  2.72023000E+00      0.386764

  2 S  3.06331000E+01      1.038501
  2 S  7.02614000E+00      2.834794
  2 S  2.11205000E+00     -0.003208

  3 P  3.06331000E+01      3.935616
  3 P  7.02614000E+00      3.870994
  3 P  2.11205000E+00      2.967271

  4 S  6.84009000E-01      0.536051

  5 P  6.84009000E-01      0.886681

  6 S  2.00878000E-01      0.213850

  7 P  2.00878000E-01      0.191693

  8 D  9.13000000E-01      1.403568


  O (oxygen)
  ----------
          Exponent        Coefficients
      ----------------  --------------------
  1 S  8.58850000E+03      1.205013
  1 S  1.29723000E+03      2.216205
  1 S  2.99296000E+02      3.627452
  1 S  8.73771000E+01      4.888452
  1 S  2.56789000E+01      4.835721
  1 S  3.74004000E+00      0.538229

  2 S  4.21175000E+01      1.341958
  2 S  9.62837000E+00      3.587114
  2 S  2.85332000E+00     -0.005123

  3 P  4.21175000E+01      5.584018
  3 P  9.62837000E+00      5.733366
  3 P  2.85332000E+00      4.332955

  4 S  9.05661000E-01      0.661659

  5 P  9.05661000E-01      1.259352

  6 S  2.55611000E-01      0.256209

  7 P  2.55611000E-01      0.259068

  8 D  1.29200000E+00      2.577026


  Br (bromine)
  ------------
          Exponent        Coefficients
      ----------------  --------------------
  1 S  4.39700000E+05      9.893706
  1 S  6.60300000E+04     18.450679
  1 S  1.51400000E+04     31.049770
  1 S  4.31700000E+03     48.888138
  1 S  1.41400000E+03     64.847798
  1 S  5.23900000E+02     42.245010

  2 S  5.23900000E+02     14.290679
  2 S  2.07700000E+02     24.083128
  2 S  8.65400000E+01      5.132542

  3 S  3.05200000E+01      9.254405

  4 S  1.29800000E+01      4.873782

  5 S  4.41200000E+00      2.169635

  6 S  1.86200000E+00      1.136043

  7 S  3.93200000E-01      0.353892

  8 S  1.40000000E-01      0.163120

  9 P  2.95700000E+03    691.874478
  9 P  7.00300000E+02    925.332763
  9 P  2.24600000E+02   1068.830732

  10 P  8.25900000E+01    122.079275
  10 P  3.31900000E+01     57.580687
  10 P  1.42000000E+01     10.176170

  11 P  1.42000000E+01      3.129736
  11 P  7.43800000E+00      6.538168
  11 P  3.52600000E+00      4.166276

  12 P  1.59500000E+00      2.555000

  13 P  8.46200000E-01      1.156861

  14 P  3.18600000E-01      0.341191

  15 P  1.09600000E-01      0.089888

  16 D  1.34800000E+02    160.709187
  16 D  3.63900000E+01    119.797406
  16 D  1.21600000E+01     55.531619
  16 D  4.34100000E+00     12.984636

  17 D  1.53500000E+00      3.484168

  18 D  4.51000000E-01      0.408525



Printing Internal Coordinates

------------------------------------------------------------
                Bond Lengths

i      j        Length (Angstroms)     Length (Bohr)
0      1          1.4228628351         2.6888210732
0      3          1.3881501814         2.6232236644
0      4          1.0835611353         2.0476337864
1      2          1.3363445659         2.5253252394
1      5          1.0792029831         2.0393980724
2      7          1.4847399249         2.8057518263
2      12         1.4680650726         2.7742409221
3      6          1.0759536247         2.0332576749
3      10         1.3667133859         2.5827139919
7      8          1.2038703824         2.2749853139
7      9          1.1995396355         2.2668013882
10     11         1.0822232785         2.0451056035
10     12         1.4662985967         2.7709027667
12     13         1.0898287666         2.0594778930
12     14         1.9568530040         3.6979162463

Number of Bonds: 15

------------------------------------------------------------
           Bond Angles

i      j      k      Angle (degrees)
0      1      2        117.7405 
0      1      5        121.0889 
0      3      6        120.2322 
0      3      10       118.9805 
1      0      3        122.8050 
1      0      4        117.8501 
1      2      7        118.9719 
1      2      12       123.9578 
2      1      5        121.1568 
2      7      8        115.3873 
2      7      9        116.0470 
2      12     10       113.8102 
2      12     13       112.2927 
2      12     14       110.7159 
3      0      4        119.3374 
3      10     11       121.3137 
3      10     12       121.9714 
6      3      10       120.7626 
7      2      12       117.0703 
8      7      9        128.5195 
10     12     13       114.2860 
10     12     14        98.9102 
11     10     12       116.5543 
13     12     14       105.6496 

Number of Angles: 24

------------------------------------------------------------
              Torsional Angles

i      j      k      l      Angle (degrees)
3      0      1      2          2.5897 
4      0      1      2       -178.4147 
5      1      0      3       -176.0760 
5      1      0      4          2.9196 
6      3      0      1        177.9143 
6      3      0      4         -1.0669 
10     3      0      1         -0.2941 
10     3      0      4       -179.2753 
11     10     3      0        178.2482 
11     10     3      6          0.0496 
12     10     3      0         -6.5169 
12     10     3      6        175.2845 
13     12     10     3        141.0450 
13     12     10     11       -43.5056 
14     12     10     3       -107.2208 
14     12     10     11        68.2286 

Number of Torsional Angles: 16


----------------------------------------------------------------------
                          Center of Mass

         x               y               z              Unit
  -0.03540222748   -0.0143568569  0.003000622822      Angstrom
  -0.06690051419  -0.02713052758  0.005670355341          Bohr

----------------------------------------------------------------------
                Moment of Inertia Tensor

           1795.67          -146.184          -142.316
          -146.184           2052.82          -658.459
          -142.316          -658.459           2590.73

----------------------------------------------------------------------
                      Principal Moments of Inertia

           x                 y                 z                Unit
        414.948161       538.5680252        849.649486       amu * ang^2
       1481.806785       1923.261334       3034.153398      amu * bohr^2
  6.8903810232e-38  8.9431385624e-38  1.4108771274e-37          g * cm^2

 - Molecule is an asymmetric top.

----------------------------------------------------------------------

         Rotational constants (MHz)

    A = 1.2179e+03        B = 9.3838e+02        C = 5.9481e+02

----------------------------------------------------------------------

        Rotational constants (cm-1)

    A = 4.0626e-02        B = 3.1301e-02        C = 1.9841e-02

----------------------------------------------------------------------

                                Z-Matrix
C   
C        1       2.6888211
C        2       2.5253252     1       117.74047
C        3      5.28652941     2     61.91311146     1         -1.2240
H        4      4.04197488     3     83.71151925     2          1.4405
H        5      4.69978224     4     95.78163427     3         -2.1810
H        6      8.16215262     5     29.02954242     4         -1.4683
N        7     10.12149475     6     29.24766963     5        176.8495
O        8      2.27498531     7    115.03967020     6        176.2231
O        9      4.09111585     8     25.69049343     7       -175.0313
C       10      8.95307497     9     60.44960657     8          3.5735
H       11      2.04510560    10    148.34577001     9          3.2538
C       12      4.11424255    11     37.04517094    10         -8.8996
H       13      2.05947789    12     94.26875618    11        141.0053
Br      14      4.69305929    13     49.35362016    12         89.7543

----------------------------------------------------------------------

             Converted back to Cartesian

C        0.000000      0.000000      0.000000
C        0.000000      0.000000      2.688821
C        0.000000      0.090553      0.165120
C        0.000037     -0.198611      5.443735
H       -0.000075      0.125311      1.414760
H        0.000258     -0.387831      6.086445
H       -0.000394      0.575057     -2.018712
N       -0.004349     -0.708347      8.021084
O       -0.003527     -0.340993      5.775954
O       -0.003272     -1.033136      9.808096
C       -0.012936      0.643533      1.013425
H       -0.005721      0.170316      3.003015
C       -0.022622      1.167356     -0.988553
H       -0.013666      0.611104      0.994362
Br      -0.036588      1.946410     -3.504664

----------------------------------------------------------------------
                       Geometry in bohr 

1     C      -3.3668720334    3.6700928504    1.2929649181
2     C      -0.6794429196    3.7454318497    1.3354802881
3     C       0.5582133269    1.5442005792    1.3429283897
4     C      -4.7270142360    1.4280094060    1.3591269225
5     H      -4.3730215926    5.4525940116    1.2367795277
6     H       0.3233895430    5.5200060530    1.4014950331
7     H      -6.7597552437    1.4641963130    1.3872565492
8     N       3.3609133669    1.5613258731    1.4726300496
9     O       4.3420892023   -0.4843501634    1.6401463533
10    O       4.3446642673    3.6035303267    1.4774951871
11    C      -3.4441594416   -0.8113773291    1.4583347412
12    H      -4.4324468176   -2.5986129401    1.5657305641
13    C      -0.6853291647   -0.9331704088    1.2304661581
14    H       0.2071255512   -2.3123899350    2.4725318852
15    Br     -0.4541827571   -2.3595050830   -2.1734617642

 Number of nodes, processes per node used for SCF calculation: 1, 4

Common Options
{
  maxiter       = 100
  basis         = 6-311g* spherical
  geom_units    = angstrom
  ang2au factor = 1.889726126
  debug         = false
  file_prefix   = ortho_th54_ph180_qed_ccsd_input
}

SCF Options
{
  charge            = 1
  multiplicity      = 1
  level shift       = 0
  tol_int           = 1e-22
  tol_sch           = 1e-12
  tol_lindep        = 1e-10
  conve             = 1e-07
  convd             = 1e-05
  diis_hist         = 10
  AO_tilesize       = 30
  writem            = 10
  damp              = 100
  n_lindep          = 0
  scf_type          = restricted
  cuscf             = false
  qed_omegas        = [0.06615,]
  qed_lambdas       = [0.1,]
  qed_polvecs       = [[-0.8090169944,9.907600726e-17,0.5877852523,],]
  direct_df         = false
  restart_size      = 2000
  restart           = false
  debug             = false
}

Number of basis functions = 221

Total number of shells = 105

Total number of electrons = 98
  # of alpha electrons    = 49
  # of beta electons      = 49

Nuclear repulsion energy  = 779.911096983304

# of {all,non-negligible} shell-pairs = {5565,4994}
Number of AO tiles = 105

Time for initial setup: 0.02 secs
HF exch = 1.00

Time for computing 1-e integrals T, V, S: 0.01 secs
Time for computing orthogonalizer: 0.01 secs

Superposition of Atomic Density Guess ...
Time taken for SAD: 0.58 secs
Total Time to compute initial guess: 0.58 secs


 SCF iterations
-----------------------------------------------------------------------------
 Iter     Energy            E-Diff       RMSD        |[F,P]|^2       Time(s)
-----------------------------------------------------------------------------
   1  -3011.9089164437    -3.01e+03     1.68e-02     1.51e+03         0.6 
   2  -3005.7793486930     6.13e+00     6.78e-03     8.09e+00         2.2 
   3  -3005.9964310596    -2.17e-01     2.75e-03     3.63e+00         2.2 
   4  -3006.1002496517    -1.04e-01     1.22e-03     1.47e-01         2.2 
   5  -3006.1086929961    -8.44e-03     3.17e-04     1.40e-02         2.2 
   6  -3006.1094873070    -7.94e-04     1.84e-04     1.90e-03         2.2 
   7  -3006.1097108129    -2.24e-04     7.55e-05     4.58e-04         2.2 
   8  -3006.1097605173    -4.97e-05     3.99e-05     1.12e-04         2.2 
   9  -3006.1097729849    -1.25e-05     1.91e-05     1.66e-05         2.2 
  10  -3006.1097753028    -2.32e-06     7.87e-06     3.37e-06         2.2 
  11  -3006.1097756986    -3.96e-07     3.88e-06     6.72e-07         2.2 
  12  -3006.1097758011    -1.03e-07     1.89e-06     1.78e-07         2.2 
  13  -3006.1097758319    -3.08e-08     1.30e-06     4.79e-08         2.3 

** Total SCF energy = -3006.1097758318965

Nuclear repulsion energy = 779.911096983303764
#electrons        = 98
1e energy kinetic = 3006.2122092604577119
1e energy N-e     = -8713.1410375151172047
1e energy         = -5704.0381836358519649
2e energy         = 1920.7166178914603734
QED energy        = 0.1913375479994546
QED eT energy     = 0.1703302308526722
QED eT energy from matrix = 0.1703302308526492

 Polarizability Matrix (QED energy = 0.5 * lambda.dot(matrix * lambda))
[39.18995556, -1.07161903, -0.01327975]
[-1.07161903, 45.56678428,  1.05618547]
[-0.01327975,  1.05618547, 36.48344687]

 Polarizability Matrix (QED eT energy = 0.5 * lambda.dot(matrix * lambda))
[35.38183595, -1.14557343, -0.01717616]
[-1.14557343, 42.61172702,  1.20568765]
[-0.01717616,  1.20568765, 31.52609634]


                      Electron        Nuclear        Total  
                  ------------------------------------------
    Monopole         -98.000000     99.000000      1.000000

      Dipole   X       8.292166    -11.978311     -3.686145
      Dipole   Y     -11.464170     12.684960      1.220790
      Dipole   Z     -14.089085     15.357983      1.268898

  Quadrupole  XX    -794.689556    753.454361    -41.235195
  Quadrupole  XY     -63.292185     57.612394     -5.679791
  Quadrupole  XZ     -61.632490     55.952619     -5.679871
  Quadrupole  YY    -630.308216    592.828167    -37.480049
  Quadrupole  YZ    -304.827031    307.130502      2.303472
  Quadrupole  ZZ    -343.756175    297.966446    -45.789729

    Octupole XXX     -55.125508    -16.721172    -71.846680
    Octupole XXY   -1100.957877   1092.085538     -8.872339
    Octupole XXZ   -1084.039336   1072.930307    -11.109030
    Octupole XYY      94.333482   -131.461341    -37.127859
    Octupole XYZ      22.768480    -29.016569     -6.248088
    Octupole XZZ      30.273248    -20.984615      9.288633
    Octupole YYY    -908.806615    887.198687    -21.607927
    Octupole YYZ    -139.815598    129.362552    -10.453046
    Octupole YZZ     190.038493   -221.812986    -31.774492
    Octupole ZZZ      88.427965   -162.989576    -74.561611

writing orbitals and density to disk ... done.

Total Time taken for Hartree-Fock: 29.79 secs

CD Options
{
  debug             = false
  skip_cd           = [false, 100]
  write_cv          = [false, 5000]
  diagtol           = 1e-06
  itilesize         = 1000
  max_cvecs_factor  = 12
}

- #occupied, #virtual = 98, 344

- Tilesize for the MSO space: 40

-----------------------------------------------------
Begin 2-index transformation ... 

nAO, nMO, nelectrons = 221, 442, 98
n_occ_alpha, n_vir_alpha, n_occ_beta, n_vir_beta = 49,172,49,172

Time taken for Fao->Fmo transform: 0.00 secs

-----------------------------------------------------
Number of AO tiles = 105
# of {all,non-negligible} shell-pairs = {5565,4994}

    Begin Cholesky Decomposition
---------------------------------------------
Total # of mpi ranks used for Cholesky decomposition: 4
  --> Number of nodes, mpi ranks per node: 1, 4
- CPU memory required for computing cholesky vectors: 1.93 GiB

- Time for computing the diagonal: 0.01 secs

- Total number of cholesky vectors = 1649

- Time to compute cholesky vectors: 15.11 secs

- CPU memory required for resizing the ao cholesky tensor: 1.57 GiB
- CPU memory required for ao2mo transformation: 1.70 GiB
- CPU memory required for the 2-step contraction: 2.12 GiB

- Time for ao to mo transform: 1.55 secs

   End Cholesky Decomposition
---------------------------------------------

Total Time taken for Cholesky Decomposition: 18.71 secs

scf_type = restricted
Closed-Shell SCF
QED-HF Enabled
nbf = 203
nbf_orig = 221
n_lindep = 0
focc = 1
nmo = 406
nocc = 62
nvir = 344
n_occ_alpha = 31
n_vir_alpha = 172
n_occ_beta = 31
n_vir_beta = 172
nelectrons = 98
nelectrons_alpha = 49
nelectrons_beta = 49
freeze atomic = true
n_frozen_core = 18
n_frozen_virtual = 0
----------------------------
--------- QED-CCSD --------
lambda_x: -0.0809
lambda_y: 0.0000
lambda_z: 0.0588
omega: 0.066150
coupling_factor_x: -0.014713
coupling_factor_y: 0.000000
coupling_factor_z: 0.010690
----------------------------
# of {all,non-negligible} shell-pairs = {5565,4994}
Number of AO tiles = 105
----------------------------
Electronic dipole expectation value using SCF density: 
dipole_x_elec: 8.29196302
dipole_y_elec: -11.46430044
dipole_z_elec: -14.08912403

d_n/N value: d_n is nuclear dipole moment and N is the total number of electrons 
d_nuc_x: -0.12222766
d_nuc_y: 0.12943836
d_nuc_z: 0.15671411

<d_e+d_n> expectation values: 
dipole_total_x: -3.68634752
dipole_total_y: 1.22065926
dipole_total_z: 1.26885896
----------------------------


 CCSD iterations
------------------------------------------------------------
  Iter     Residuum          Correlation          Time(s)
------------------------------------------------------------
   1     1.1851122051545    0.0000000000000         85.92
   2     0.1723142231144   -1.6395583653196         84.95
   3     0.0695765353539   -1.6249574658530         85.41
   4     0.0258548908268   -1.6943905659075         84.89
   5     0.0233318944599   -1.6870733551941         84.92
 MICROCYCLE DIIS UPDATE:                    6
   6     0.0090960333667   -1.6984071612266         84.04
   7     0.0060380775826   -1.6980641682159         83.73
   8     0.0040270247015   -1.6998091542312         83.88
   9     0.0035773282603   -1.6999508290762         84.18
  10     0.0039826613937   -1.7004531533230         84.30
 MICROCYCLE DIIS UPDATE:                   11
  11     0.0008803868190   -1.7010356956576         84.52
  12     0.0006761074631   -1.7010464896756         84.40
  13     0.0005173871003   -1.7011246110431         84.66
  14     0.0005850020651   -1.7010941223735         84.36
  15     0.0007211094793   -1.7011394337836         84.28
 MICROCYCLE DIIS UPDATE:                   16
  16     0.0001377223058   -1.7011440478071         84.47
  17     0.0000837252687   -1.7011508341588         84.40
  18     0.0000810451895   -1.7011656135413         83.37
  19     0.0000614402103   -1.7011735046781         83.76
  20     0.0000762964666   -1.7011730265728         84.13
 MICROCYCLE DIIS UPDATE:                   21
  21     0.0000253943076   -1.7011879343231         84.20
  22     0.0000211057334   -1.7011827205159         84.81
  23     0.0000150623764   -1.7011834859427         84.98
  24     0.0000176863454   -1.7011815934677         84.60
  25     0.0000194033212   -1.7011825320050         84.57
 MICROCYCLE DIIS UPDATE:                   26
  26     0.0000054837313   -1.7011809032991         84.05
  27     0.0000032223256   -1.7011813957335         84.64
  28     0.0000029050533   -1.7011820277321         84.65
  29     0.0000023565571   -1.7011823142243         84.50
  30     0.0000028753743   -1.7011823684429         84.61
 MICROCYCLE DIIS UPDATE:                   31
  31     0.0000009945913   -1.7011829130961         84.04
------------------------------------------------------------------
 Iterations converged
 CCSD correlation energy / hartree =        -1.701182913096111
 CCSD total energy / hartree       =     -3007.810958744992604

Time taken for spin-orbital canonical QED-CCSD: 2708.08 secs
