
ExaChem Git Information
{
 WARNING: Failed to retrieve the current git state.
}


TAMM Git Information
{
 Branch: main
 Commit Hash: e71357ad [e71357ad54f38748b4a7e175aa6760820d5ce96f]
 Commit Date: 2026-02-02 23:14:56 -0800
 Commit Message: add GitHub Actions workflow for releases
}


date: Wed Aug  5 17:04:42 2026
program: "/global/cfs/cdirs/m3196/heindelj/cavity_qed/software/install_gpu/bin/bin/ExaChem"
nnodes: 1, nproc_per_node: 4, nproc_total: 4, ngpus_per_node: 1, ngpus_total: 1

Memory information
{
[AMD EPYC 7763 64-Core Processor                ] : 
  CPU memory per node (GiB): 251
  Total CPU memory (GiB): 251
[NVIDIA A100-SXM4-40GB, CUDA v12.9] : 
  GPU memory per device (GiB): 39
  GPU memory per node (GiB): 39
  Total GPU memory (GiB): 39
}

------------------------------------------------------------

Input file provided: /global/cfs/cdirs/m4262/heindelj/cavity_qed/mlip/lambda_scans/grid_scans_optimized_geoms/runs_grid_no_freq/para_th45_ph54/para_th45_ph54_qed_ccsd_input.json

{
  "geometry": {
    "coordinates": [
      "C    -0.505422788100    1.223137875600    0.820616534700",
      "C     0.851398637800    1.238829675000    0.778104076300",
      "C     1.508904204600    0.013240624900    0.719701058800",
      "H    -1.074583401300    2.142272637100    0.876723739900",
      "H     1.419324084500    2.153702674000    0.789954980100",
      "N     2.992579576500    0.050781375900    0.668545577400",
      "O     3.557155857500   -0.846043928300    1.233571429300",
      "O     3.460613118800    0.970391682800    0.052782507100",
      "C    -0.459322954800   -1.266070716600    0.701392121700",
      "H    -0.994528268100   -2.203230025800    0.673571584000",
      "C     0.893874132400   -1.244952906200    0.715117458600",
      "H     1.499812046200   -2.138875799900    0.727671830800",
      "C    -1.257428868100   -0.029018392200    0.669753945800",
      "H    -2.109301346800   -0.089815983500    1.349884832600",
      "Br   -2.017154784600    0.173171685000   -1.111952063900"
    ],
    "units": "angstrom",
    "noorient": true
  },
  "common": {
    "maxiter": 100,
    "debug": false
  },
  "basis": {
    "basisset": "6-311G*"
  },
  "SCF": {
    "charge": 1,
    "multiplicity": 1,
    "lshift": 0,
    "tol_lindep": 1e-10,
    "conve": 1e-07,
    "convd": 1e-05,
    "diis_hist": 10,
    "writem": 10,
    "restart": false,
    "noscf": false,
    "scf_type": "restricted",
    "debug": false,
    "qed_omegas": [
      0.06615
    ],
    "qed_volumes": [],
    "qed_lambdas": [
      0.1
    ],
    "qed_polvecs": [
      [
        0.4156269377774534,
        0.5720614028176843,
        0.7071067811865476
      ]
    ],
    "direct_df": false
  },
  "CD": {
    "debug": false,
    "diagtol": 1e-06
  },
  "CC": {
    "threshold": 1e-06,
    "ndiis": 5,
    "ccsd_maxiter": 200,
    "tilesize": 40,
    "freeze": {
      "atomic": true
    },
    "readt": false,
    "writet": true,
    "writet_iter": 5,
    "debug": false,
    "profile_ccsd": false,
    "balance_tiles": true
  },
  "TASK": {
    "scf": false,
    "ccsd": true
  }
}

Output folder & files prefix: para_th45_ph54_qed_ccsd_input.6-311g*

  C (carbon)
  ----------
          Exponent        Coefficients
      ----------------  --------------------
  1 S  4.56324000E+03      0.778202
  1 S  6.82024000E+02      1.448695
  1 S  1.54973000E+02      2.383089
  1 S  4.44553000E+01      3.200089
  1 S  1.30290000E+01      3.013004
  1 S  1.82773000E+00      0.247599

  2 S  2.09642000E+01      0.800629
  2 S  4.80331000E+00      2.127420
  2 S  1.45933000E+00     -0.002868

  3 P  2.09642000E+01      2.573592
  3 P  4.80331000E+00      2.408248
  3 P  1.45933000E+00      1.865281

  4 S  4.83456000E-01      0.413217

  5 P  4.83456000E-01      0.574627

  6 S  1.45585000E-01      0.167976

  7 P  1.45585000E-01      0.128185

  8 D  6.26000000E-01      0.725128


  H (hydrogen)
  ------------
          Exponent        Coefficients
      ----------------  --------------------
  1 S  3.38650000E+01      0.255069
  1 S  5.09479000E+00      0.460109
  1 S  1.15879000E+00      0.678321

  2 S  3.25840000E-01      0.307371

  3 S  1.02741000E-01      0.129336


  N (nitrogen)
  ------------
          Exponent        Coefficients
      ----------------  --------------------
  1 S  6.29348000E+03      0.991968
  1 S  9.49044000E+02      1.823240
  1 S  2.18776000E+02      2.979891
  1 S  6.36916000E+01      4.000007
  1 S  1.88282000E+01      3.881008
  1 S  2.72023000E+00      0.386764

  2 S  3.06331000E+01      1.038501
  2 S  7.02614000E+00      2.834794
  2 S  2.11205000E+00     -0.003208

  3 P  3.06331000E+01      3.935616
  3 P  7.02614000E+00      3.870994
  3 P  2.11205000E+00      2.967271

  4 S  6.84009000E-01      0.536051

  5 P  6.84009000E-01      0.886681

  6 S  2.00878000E-01      0.213850

  7 P  2.00878000E-01      0.191693

  8 D  9.13000000E-01      1.403568


  O (oxygen)
  ----------
          Exponent        Coefficients
      ----------------  --------------------
  1 S  8.58850000E+03      1.205013
  1 S  1.29723000E+03      2.216205
  1 S  2.99296000E+02      3.627452
  1 S  8.73771000E+01      4.888452
  1 S  2.56789000E+01      4.835721
  1 S  3.74004000E+00      0.538229

  2 S  4.21175000E+01      1.341958
  2 S  9.62837000E+00      3.587114
  2 S  2.85332000E+00     -0.005123

  3 P  4.21175000E+01      5.584018
  3 P  9.62837000E+00      5.733366
  3 P  2.85332000E+00      4.332955

  4 S  9.05661000E-01      0.661659

  5 P  9.05661000E-01      1.259352

  6 S  2.55611000E-01      0.256209

  7 P  2.55611000E-01      0.259068

  8 D  1.29200000E+00      2.577026


  Br (bromine)
  ------------
          Exponent        Coefficients
      ----------------  --------------------
  1 S  4.39700000E+05      9.893706
  1 S  6.60300000E+04     18.450679
  1 S  1.51400000E+04     31.049770
  1 S  4.31700000E+03     48.888138
  1 S  1.41400000E+03     64.847798
  1 S  5.23900000E+02     42.245010

  2 S  5.23900000E+02     14.290679
  2 S  2.07700000E+02     24.083128
  2 S  8.65400000E+01      5.132542

  3 S  3.05200000E+01      9.254405

  4 S  1.29800000E+01      4.873782

  5 S  4.41200000E+00      2.169635

  6 S  1.86200000E+00      1.136043

  7 S  3.93200000E-01      0.353892

  8 S  1.40000000E-01      0.163120

  9 P  2.95700000E+03    691.874478
  9 P  7.00300000E+02    925.332763
  9 P  2.24600000E+02   1068.830732

  10 P  8.25900000E+01    122.079275
  10 P  3.31900000E+01     57.580687
  10 P  1.42000000E+01     10.176170

  11 P  1.42000000E+01      3.129736
  11 P  7.43800000E+00      6.538168
  11 P  3.52600000E+00      4.166276

  12 P  1.59500000E+00      2.555000

  13 P  8.46200000E-01      1.156861

  14 P  3.18600000E-01      0.341191

  15 P  1.09600000E-01      0.089888

  16 D  1.34800000E+02    160.709187
  16 D  3.63900000E+01    119.797406
  16 D  1.21600000E+01     55.531619
  16 D  4.34100000E+00     12.984636

  17 D  1.53500000E+00      3.484168

  18 D  4.51000000E-01      0.408525



Printing Internal Coordinates

------------------------------------------------------------
                Bond Lengths

i      j        Length (Angstroms)     Length (Bohr)
0      1          1.3575779622         2.5654505431
0      3          1.0825435473         2.0457108238
0      12         1.4683895887         2.7748541687
1      2          1.3920463364         2.6305863303
1      4          1.0768808482         2.0350098733
2      5          1.4850315823         2.8063029789
2      10         1.4004763335         2.6465167162
5      6          1.2009563758         2.2694786395
5      7          1.2016250131         2.2707421807
8      9          1.0795768988         2.0401046707
8      10         1.3534314551         2.5576147803
8      12         1.4725055098         2.7826321324
10     11         1.0800076423         2.0409186579
12     13         1.0917697057         2.0631457363
12     14         1.9474446335         3.6801370027

Number of Bonds: 15

------------------------------------------------------------
           Bond Angles

i      j      k      Angle (degrees)
0      1      2        117.5941 
0      1      4        122.4499 
0      12     8        115.8874 
0      12     13       112.5247 
0      12     14       101.8442 
1      0      3        121.1499 
1      0      12       121.2306 
1      2      5        116.8135 
1      2      10       125.7101 
2      1      4        119.9560 
2      5      6        115.7593 
2      5      7        115.2231 
2      10     8        116.9449 
2      10     11       119.8137 
3      0      12       117.3927 
5      2      10       117.4746 
6      5      7        129.0122 
8      10     11       123.2406 
8      12     13       111.2687 
8      12     14       108.5616 
9      8      10       120.6289 
9      8      12       117.3883 
10     8      12       121.9393 
13     12     14       105.7436 

Number of Angles: 24

------------------------------------------------------------
              Torsional Angles

i      j      k      l      Angle (degrees)
3      0      1      2        179.3885 
4      1      0      3         -0.4980 
8      10     2      1          3.3833 
9      8      10     2        178.5429 
10     2      1      0         -0.7297 
10     2      1      4        179.1597 
11     10     2      1       -176.2981 
11     10     8      9         -1.7876 

Number of Torsional Angles: 8


----------------------------------------------------------------------
                          Center of Mass

         x               y               z              Unit
   0.02002888152   0.07698644612 -0.007972034176      Angstrom
   0.03784910068    0.1454832986  -0.01506496126          Bohr

----------------------------------------------------------------------
                Moment of Inertia Tensor

           1047.84            75.196          -1027.91
            75.196            3921.8           100.304
          -1027.91           100.304            3736.5

----------------------------------------------------------------------
                      Principal Moments of Inertia

           x                 y                 z                Unit
        195.058633       1091.596944       1151.312005       amu * ang^2
       696.5670242       3898.163456        4111.40981      amu * bohr^2
  3.2390270142e-38  1.8126406076e-37  1.9117998669e-37          g * cm^2

 - Molecule is an asymmetric top.

----------------------------------------------------------------------

         Rotational constants (MHz)

    A = 2.5909e+03        B = 4.6297e+02        C = 4.3896e+02

----------------------------------------------------------------------

        Rotational constants (cm-1)

    A = 8.6423e-02        B = 1.5443e-02        C = 1.4642e-02

----------------------------------------------------------------------

                                Z-Matrix
C   
C        1       2.5654505
C        2       2.6305863     1       117.59407
H        3      6.33321677     2     22.27508270     1         -0.4460
H        4      4.71570317     3     39.72554453     2         -0.3256
N        5      4.96827330     4    126.58219398     3          0.0135
O        6      2.26947864     5    148.96935633     4        -81.5749
O        7      4.09814519     6     25.50148652     5       -117.3470
C        8      8.61606475     7     63.25423290     6        -11.2134
H        9      2.04010467     8    148.03390388     7        -49.1548
C       10      4.00251163     9     33.35688304     8         17.8664
H       11      2.04091866    10     97.23663208     9        178.4930
C       12      6.56179479    11     18.44591331    10         -0.0247
H       13      2.06314574    12    125.12404736    11       -128.5710
Br      14      4.68190637    13     49.16067206    12       -133.7351

----------------------------------------------------------------------

             Converted back to Cartesian

C        0.000000      0.000000      0.000000
C        0.000000      0.000000      2.565451
C        0.000000      0.094211     -0.063448
H        0.000006     -0.175544      6.264021
H       -0.000001      0.082312      1.555373
N        0.000012     -0.380392      6.502053
O        0.002561     -0.066777      4.254349
O       -0.001692     -0.664601      8.308653
C        0.005996      0.756276     -0.189442
H        0.006250      0.329501      1.805524
C        0.004613      1.206507     -2.099723
H        0.003853      0.700556     -0.122512
C        0.007268      2.362931     -6.470240
H        0.007200      1.764584     -4.495765
Br       0.009313      3.189336     -8.955622

----------------------------------------------------------------------
                       Geometry in bohr 

1     C      -0.9551106473    2.3113955991    1.5507405050
2     C       1.6089102494    2.3410488024    1.4704036017
3     C       2.8514156969    0.0250211548    1.3600378937
4     H      -2.0306683279    4.0483085711    1.6567677565
5     H       2.6821338036    4.0699082105    1.4927985642
6     N       5.6551558096    0.0959628927    1.2633680440
7     O       6.7220503578   -1.5987913150    2.3311121581
8     O       6.5396110223    1.8337745154    0.0997444827
9     C      -0.8679945879   -2.3925269104    1.3254390169
10    H      -1.8793860512   -4.1635013411    1.2728658200
11    C       1.6891773013   -2.3526200324    1.3513761446
12    H       2.8342340077   -4.0418894791    1.3751004697
13    C      -2.3761961835   -0.0548368139    1.2656515293
14    H      -3.9860018625   -0.1697276105    2.5509126351
15    Br     -3.8118700965    0.3272470574   -2.1012848659

 Number of nodes, processes per node used for SCF calculation: 1, 4

Common Options
{
  maxiter       = 100
  basis         = 6-311g* spherical
  geom_units    = angstrom
  ang2au factor = 1.889726126
  debug         = false
  file_prefix   = para_th45_ph54_qed_ccsd_input
}

SCF Options
{
  charge            = 1
  multiplicity      = 1
  level shift       = 0
  tol_int           = 1e-22
  tol_sch           = 1e-12
  tol_lindep        = 1e-10
  conve             = 1e-07
  convd             = 1e-05
  diis_hist         = 10
  AO_tilesize       = 30
  writem            = 10
  damp              = 100
  n_lindep          = 0
  scf_type          = restricted
  cuscf             = false
  qed_omegas        = [0.06615,]
  qed_lambdas       = [0.1,]
  qed_polvecs       = [[0.4156269378,0.5720614028,0.7071067812,],]
  direct_df         = false
  restart_size      = 2000
  restart           = false
  debug             = false
}

Number of basis functions = 221

Total number of shells = 105

Total number of electrons = 98
  # of alpha electrons    = 49
  # of beta electons      = 49

Nuclear repulsion energy  = 743.4711118222

# of {all,non-negligible} shell-pairs = {5565,4910}
Number of AO tiles = 105

Time for initial setup: 0.01 secs
HF exch = 1.00

Time for computing 1-e integrals T, V, S: 0.01 secs
Time for computing orthogonalizer: 0.01 secs

Superposition of Atomic Density Guess ...
Time taken for SAD: 0.33 secs
Total Time to compute initial guess: 0.33 secs


 SCF iterations
-----------------------------------------------------------------------------
 Iter     Energy            E-Diff       RMSD        |[F,P]|^2       Time(s)
-----------------------------------------------------------------------------
   1  -3011.7447112797    -3.01e+03     1.67e-02     1.51e+03         0.6 
   2  -3005.7848579924     5.96e+00     6.75e-03     8.39e+00         2.1 
   3  -3006.0038558265    -2.19e-01     2.55e-03     3.46e+00         2.1 
   4  -3006.1015007464    -9.76e-02     1.16e-03     1.05e-01         2.1 
   5  -3006.1074871290    -5.99e-03     2.44e-04     1.12e-02         2.1 
   6  -3006.1080607161    -5.74e-04     1.63e-04     1.34e-03         2.1 
   7  -3006.1081932069    -1.32e-04     6.45e-05     1.72e-04         2.1 
   8  -3006.1082140004    -2.08e-05     1.70e-05     1.90e-05         2.1 
   9  -3006.1082161724    -2.17e-06     6.61e-06     3.65e-06         2.2 
  10  -3006.1082165713    -3.99e-07     3.37e-06     7.15e-07         2.2 
  11  -3006.1082166555    -8.42e-08     1.64e-06     1.33e-07         2.2 

** Total SCF energy = -3006.1082166555316

Nuclear repulsion energy = 743.471111822200101
#electrons        = 98
1e energy kinetic = 3006.2051780502688416
1e energy N-e     = -8639.8683277791569708
1e energy         = -5629.8262980796489501
2e energy         = 1883.8934465344286764
QED energy        = 0.1903747167286949
QED eT energy     = 0.1691950867495183
QED eT energy from matrix = 0.1691950867495233

 Polarizability Matrix (QED energy = 0.5 * lambda.dot(matrix * lambda))
[42.45156187, -0.72502953,  0.99155343]
[-0.72502953, 41.69571317, -2.41566602]
[ 0.99155343, -2.41566602, 37.62556704]

 Polarizability Matrix (QED eT energy = 0.5 * lambda.dot(matrix * lambda))
[38.94989246, -0.77727204,  1.23241535]
[-0.77727204, 38.20985854, -2.86277341]
[ 1.23241535, -2.86277341, 33.13500391]


                      Electron        Nuclear        Total  
                  ------------------------------------------
    Monopole         -98.000000     99.000000      1.000000

      Dipole   X     -22.904961     21.585451     -1.319510
      Dipole   Y     -12.973001     13.013242      0.040241
      Dipole   Z     -11.587650     13.035797      1.448146

  Quadrupole  XX   -1649.773697   1600.124972    -49.648725
  Quadrupole  XY      30.697835    -30.980388     -0.282553
  Quadrupole  XZ    -471.113213    470.234304     -0.878908
  Quadrupole  YY    -290.686673    250.331102    -40.355571
  Quadrupole  YZ      47.930317    -46.233844      1.696472
  Quadrupole  ZZ    -340.310561    293.864253    -46.446308

    Octupole XXX   -4228.009598   4061.846925   -166.162672
    Octupole XXY    -235.720360    230.741615     -4.978745
    Octupole XXZ    -359.299160    334.303853    -24.995307
    Octupole XYY    -410.218642    372.762017    -37.456626
    Octupole XYZ     107.553069    -97.149879     10.403189
    Octupole XZZ     183.932064   -231.115709    -47.183645
    Octupole YYY     -20.055957      4.195266    -15.860691
    Octupole YYZ    -333.418433    327.529212     -5.889221
    Octupole YZZ       2.072255     -0.551220      1.521036
    Octupole ZZZ       9.208073    -82.644444    -73.436372

writing orbitals and density to disk ... done.

Total Time taken for Hartree-Fock: 23.18 secs

CD Options
{
  debug             = false
  skip_cd           = [false, 100]
  write_cv          = [false, 5000]
  diagtol           = 1e-06
  itilesize         = 1000
  max_cvecs_factor  = 12
}

- #occupied, #virtual = 98, 344

- Tilesize for the MSO space: 40

-----------------------------------------------------
Begin 2-index transformation ... 

nAO, nMO, nelectrons = 221, 442, 98
n_occ_alpha, n_vir_alpha, n_occ_beta, n_vir_beta = 49,172,49,172

Time taken for Fao->Fmo transform: 0.00 secs

-----------------------------------------------------
Number of AO tiles = 105
# of {all,non-negligible} shell-pairs = {5565,4910}

    Begin Cholesky Decomposition
---------------------------------------------
Total # of mpi ranks used for Cholesky decomposition: 4
  --> Number of nodes, mpi ranks per node: 1, 4
- CPU memory required for computing cholesky vectors: 1.93 GiB

- Time for computing the diagonal: 0.01 secs

- Total number of cholesky vectors = 1639

- Time to compute cholesky vectors: 13.32 secs

- CPU memory required for resizing the ao cholesky tensor: 1.56 GiB
- CPU memory required for ao2mo transformation: 1.69 GiB
- CPU memory required for the 2-step contraction: 2.10 GiB

- Time for ao to mo transform: 1.57 secs

   End Cholesky Decomposition
---------------------------------------------

Total Time taken for Cholesky Decomposition: 16.55 secs

scf_type = restricted
Closed-Shell SCF
QED-HF Enabled
nbf = 203
nbf_orig = 221
n_lindep = 0
focc = 1
nmo = 406
nocc = 62
nvir = 344
n_occ_alpha = 31
n_vir_alpha = 172
n_occ_beta = 31
n_vir_beta = 172
nelectrons = 98
nelectrons_alpha = 49
nelectrons_beta = 49
freeze atomic = true
n_frozen_core = 18
n_frozen_virtual = 0
----------------------------
--------- QED-CCSD --------
lambda_x: 0.0416
lambda_y: 0.0572
lambda_z: 0.0707
omega: 0.066150
coupling_factor_x: 0.007559
coupling_factor_y: 0.010404
coupling_factor_z: 0.012860
----------------------------
# of {all,non-negligible} shell-pairs = {5565,4910}
Number of AO tiles = 105
----------------------------
Electronic dipole expectation value using SCF density: 
dipole_x_elec: -22.90481302
dipole_y_elec: -12.97274458
dipole_z_elec: -11.58758462

d_n/N value: d_n is nuclear dipole moment and N is the total number of electrons 
d_nuc_x: 0.22025970
d_nuc_y: 0.13278818
d_nuc_z: 0.13301833

<d_e+d_n> expectation values: 
dipole_total_x: -1.31936215
dipole_total_y: 0.04049743
dipole_total_z: 1.44821190
----------------------------


 CCSD iterations
------------------------------------------------------------
  Iter     Residuum          Correlation          Time(s)
------------------------------------------------------------
   1     1.1854234269391    0.0000000000000         86.81
   2     0.1658787961220   -1.6466922372613         86.08
   3     0.0662225211179   -1.6317205974495         85.71
   4     0.0239394210049   -1.6979033616733         85.86
   5     0.0205792050669   -1.6911119245938         85.81
 MICROCYCLE DIIS UPDATE:                    6
   6     0.0082609907207   -1.7015365437250         84.30
   7     0.0055702576663   -1.7010457524115         83.59
   8     0.0036819629115   -1.7026239166338         83.53
   9     0.0029206886573   -1.7028095696889         83.77
  10     0.0029416761373   -1.7031700199322         83.60
 MICROCYCLE DIIS UPDATE:                   11
  11     0.0007716886313   -1.7037219081936         84.75
  12     0.0005973222913   -1.7037268685973         83.48
  13     0.0005295897517   -1.7037619377986         83.56
  14     0.0005413830728   -1.7037364578067         83.44
  15     0.0006063721679   -1.7037598391148         83.60
 MICROCYCLE DIIS UPDATE:                   16
  16     0.0001535186416   -1.7037490943191         84.37
  17     0.0001030194579   -1.7037611689896         84.44
  18     0.0000834299166   -1.7037736106170         84.32
  19     0.0000739600302   -1.7037801256124         84.40
  20     0.0000764445396   -1.7037806085328         84.41
 MICROCYCLE DIIS UPDATE:                   21
  21     0.0000324431011   -1.7037937719333         84.65
  22     0.0000247461392   -1.7037885548658         84.57
  23     0.0000215429885   -1.7037886202756         84.94
  24     0.0000216766773   -1.7037867839030         83.87
  25     0.0000239131760   -1.7037874438210         84.26
 MICROCYCLE DIIS UPDATE:                   26
  26     0.0000070512560   -1.7037852485181         84.04
  27     0.0000047283029   -1.7037862696381         83.99
  28     0.0000037678362   -1.7037868674828         84.09
  29     0.0000032687010   -1.7037872860617         84.14
  30     0.0000032845540   -1.7037872987022         84.48
 MICROCYCLE DIIS UPDATE:                   31
  31     0.0000015200399   -1.7037880095086         84.65
  32     0.0000011566753   -1.7037877345638         84.46
  33     0.0000010200017   -1.7037877375277         84.68
  34     0.0000010304641   -1.7037876450037         84.76
  35     0.0000011504711   -1.7037876782793         85.03
 MICROCYCLE DIIS UPDATE:                   36
  36     0.0000003304230   -1.7037875695755         85.12
------------------------------------------------------------------
 Iterations converged
 CCSD correlation energy / hartree =        -1.703787569575492
 CCSD total energy / hartree       =     -3007.812004225107103

Time taken for spin-orbital canonical QED-CCSD: 3115.85 secs
