
ExaChem Git Information
{
 WARNING: Failed to retrieve the current git state.
}


TAMM Git Information
{
 Branch: main
 Commit Hash: e71357ad [e71357ad54f38748b4a7e175aa6760820d5ce96f]
 Commit Date: 2026-02-02 23:14:56 -0800
 Commit Message: add GitHub Actions workflow for releases
}


date: Fri Aug  7 03:23:07 2026
program: "/global/cfs/cdirs/m3196/heindelj/cavity_qed/software/install_gpu/bin/bin/ExaChem"
nnodes: 1, nproc_per_node: 4, nproc_total: 4, ngpus_per_node: 1, ngpus_total: 1

Memory information
{
[AMD EPYC 7763 64-Core Processor                ] : 
  CPU memory per node (GiB): 251
  Total CPU memory (GiB): 251
[NVIDIA A100-SXM4-40GB, CUDA v12.9] : 
  GPU memory per device (GiB): 39
  GPU memory per node (GiB): 39
  Total GPU memory (GiB): 39
}

------------------------------------------------------------

Input file provided: /global/cfs/cdirs/m4262/heindelj/cavity_qed/mlip/lambda_scans/grid_scans_optimized_geoms/runs_grid_no_freq/ortho_th54_ph18/ortho_th54_ph18_qed_ccsd_input.json

{
  "geometry": {
    "coordinates": [
      "C    -1.798168741900    1.948718896800    0.751793906800",
      "C    -0.378711925500    1.991716629400    0.710600292800",
      "C     0.275657820900    0.823507954700    0.690130867900",
      "C    -2.515885355500    0.754335542000    0.785562724200",
      "H    -2.336934820300    2.889745527000    0.775865818900",
      "H     0.150262240800    2.931195166400    0.711738394800",
      "H    -3.591467082400    0.776653338700    0.840245114100",
      "N     1.755685789400    0.802255846000    0.760638142600",
      "O     2.236464857400   -0.232057304500    1.148652896500",
      "O     2.313312413000    1.807060725800    0.418589748300",
      "C    -1.837196791000   -0.426609475600    0.704512658800",
      "H    -2.357488874100   -1.373601910200    0.681306228300",
      "C    -0.378514381400   -0.482810463400    0.620938803500",
      "H     0.046548169100   -1.195180245300    1.326696308500",
      "Br    0.062935804700   -1.230453506000   -1.137543946500"
    ],
    "units": "angstrom",
    "noorient": true
  },
  "common": {
    "maxiter": 100,
    "debug": false
  },
  "basis": {
    "basisset": "6-311G*"
  },
  "SCF": {
    "charge": 1,
    "multiplicity": 1,
    "lshift": 0,
    "tol_lindep": 1e-10,
    "conve": 1e-07,
    "convd": 1e-05,
    "diis_hist": 10,
    "writem": 10,
    "restart": false,
    "noscf": false,
    "scf_type": "restricted",
    "debug": false,
    "qed_omegas": [
      0.06615
    ],
    "qed_volumes": [],
    "qed_lambdas": [
      0.1
    ],
    "qed_polvecs": [
      [
        0.7694208842938134,
        0.24999999999999997,
        0.5877852522924731
      ]
    ],
    "direct_df": false
  },
  "CD": {
    "debug": false,
    "diagtol": 1e-06
  },
  "CC": {
    "threshold": 1e-06,
    "ndiis": 5,
    "ccsd_maxiter": 200,
    "tilesize": 40,
    "freeze": {
      "atomic": true
    },
    "readt": false,
    "writet": true,
    "writet_iter": 5,
    "debug": false,
    "profile_ccsd": false,
    "balance_tiles": true
  },
  "TASK": {
    "scf": false,
    "ccsd": true
  }
}

Output folder & files prefix: ortho_th54_ph18_qed_ccsd_input.6-311g*

  C (carbon)
  ----------
          Exponent        Coefficients
      ----------------  --------------------
  1 S  4.56324000E+03      0.778202
  1 S  6.82024000E+02      1.448695
  1 S  1.54973000E+02      2.383089
  1 S  4.44553000E+01      3.200089
  1 S  1.30290000E+01      3.013004
  1 S  1.82773000E+00      0.247599

  2 S  2.09642000E+01      0.800629
  2 S  4.80331000E+00      2.127420
  2 S  1.45933000E+00     -0.002868

  3 P  2.09642000E+01      2.573592
  3 P  4.80331000E+00      2.408248
  3 P  1.45933000E+00      1.865281

  4 S  4.83456000E-01      0.413217

  5 P  4.83456000E-01      0.574627

  6 S  1.45585000E-01      0.167976

  7 P  1.45585000E-01      0.128185

  8 D  6.26000000E-01      0.725128


  H (hydrogen)
  ------------
          Exponent        Coefficients
      ----------------  --------------------
  1 S  3.38650000E+01      0.255069
  1 S  5.09479000E+00      0.460109
  1 S  1.15879000E+00      0.678321

  2 S  3.25840000E-01      0.307371

  3 S  1.02741000E-01      0.129336


  N (nitrogen)
  ------------
          Exponent        Coefficients
      ----------------  --------------------
  1 S  6.29348000E+03      0.991968
  1 S  9.49044000E+02      1.823240
  1 S  2.18776000E+02      2.979891
  1 S  6.36916000E+01      4.000007
  1 S  1.88282000E+01      3.881008
  1 S  2.72023000E+00      0.386764

  2 S  3.06331000E+01      1.038501
  2 S  7.02614000E+00      2.834794
  2 S  2.11205000E+00     -0.003208

  3 P  3.06331000E+01      3.935616
  3 P  7.02614000E+00      3.870994
  3 P  2.11205000E+00      2.967271

  4 S  6.84009000E-01      0.536051

  5 P  6.84009000E-01      0.886681

  6 S  2.00878000E-01      0.213850

  7 P  2.00878000E-01      0.191693

  8 D  9.13000000E-01      1.403568


  O (oxygen)
  ----------
          Exponent        Coefficients
      ----------------  --------------------
  1 S  8.58850000E+03      1.205013
  1 S  1.29723000E+03      2.216205
  1 S  2.99296000E+02      3.627452
  1 S  8.73771000E+01      4.888452
  1 S  2.56789000E+01      4.835721
  1 S  3.74004000E+00      0.538229

  2 S  4.21175000E+01      1.341958
  2 S  9.62837000E+00      3.587114
  2 S  2.85332000E+00     -0.005123

  3 P  4.21175000E+01      5.584018
  3 P  9.62837000E+00      5.733366
  3 P  2.85332000E+00      4.332955

  4 S  9.05661000E-01      0.661659

  5 P  9.05661000E-01      1.259352

  6 S  2.55611000E-01      0.256209

  7 P  2.55611000E-01      0.259068

  8 D  1.29200000E+00      2.577026


  Br (bromine)
  ------------
          Exponent        Coefficients
      ----------------  --------------------
  1 S  4.39700000E+05      9.893706
  1 S  6.60300000E+04     18.450679
  1 S  1.51400000E+04     31.049770
  1 S  4.31700000E+03     48.888138
  1 S  1.41400000E+03     64.847798
  1 S  5.23900000E+02     42.245010

  2 S  5.23900000E+02     14.290679
  2 S  2.07700000E+02     24.083128
  2 S  8.65400000E+01      5.132542

  3 S  3.05200000E+01      9.254405

  4 S  1.29800000E+01      4.873782

  5 S  4.41200000E+00      2.169635

  6 S  1.86200000E+00      1.136043

  7 S  3.93200000E-01      0.353892

  8 S  1.40000000E-01      0.163120

  9 P  2.95700000E+03    691.874478
  9 P  7.00300000E+02    925.332763
  9 P  2.24600000E+02   1068.830732

  10 P  8.25900000E+01    122.079275
  10 P  3.31900000E+01     57.580687
  10 P  1.42000000E+01     10.176170

  11 P  1.42000000E+01      3.129736
  11 P  7.43800000E+00      6.538168
  11 P  3.52600000E+00      4.166276

  12 P  1.59500000E+00      2.555000

  13 P  8.46200000E-01      1.156861

  14 P  3.18600000E-01      0.341191

  15 P  1.09600000E-01      0.089888

  16 D  1.34800000E+02    160.709187
  16 D  3.63900000E+01    119.797406
  16 D  1.21600000E+01     55.531619
  16 D  4.34100000E+00     12.984636

  17 D  1.53500000E+00      3.484168

  18 D  4.51000000E-01      0.408525



Printing Internal Coordinates

------------------------------------------------------------
                Bond Lengths

i      j        Length (Angstroms)     Length (Bohr)
0      1          1.4207052377         2.6847438049
0      3          1.3938468598         2.6339888266
0      4          1.0846102816         2.0496163856
1      2          1.3391528180         2.5306320668
1      5          1.0781627360         2.0374322903
2      7          1.4818588716         2.8003074246
2      12         1.4625992689         2.7639120503
3      6          1.0772020697         2.0356168941
3      10         1.3644846702         2.5785023297
7      8          1.2047853148         2.2767142855
7      9          1.1989901592         2.2657630285
10     11         1.0807576330         2.0423359349
10     12         1.4621550918         2.7630726771
12     13         1.0891476180         2.0581907088
12     14         1.9611501646         3.7060367028

Number of Bonds: 15

------------------------------------------------------------
           Bond Angles

i      j      k      Angle (degrees)
0      1      2        117.5328 
0      1      5        121.1002 
0      3      6        119.8426 
0      3      10       118.9520 
1      0      3        122.7587 
1      0      4        118.0788 
1      2      7        119.9884 
1      2      12       124.1462 
2      1      5        121.3600 
2      7      8        115.2267 
2      7      9        116.0346 
2      12     10       114.1527 
2      12     13       112.2695 
2      12     14       106.3935 
3      0      4        119.1529 
3      10     11       121.3449 
3      10     12       122.2000 
6      3      10       121.1710 
7      2      12       115.8589 
8      7      9        128.7370 
10     12     13       112.1756 
10     12     14       106.8859 
11     10     12       116.4466 
13     12     14       104.1128 

Number of Angles: 24

------------------------------------------------------------
              Torsional Angles

i      j      k      l      Angle (degrees)
3      0      1      2          0.7036 
3      10     12     2          2.4876 
4      0      1      2        179.5664 
5      1      0      3       -178.3447 
5      1      0      4          0.5181 
6      3      0      1        178.5243 
6      3      0      4         -0.3268 
10     3      0      1         -3.5812 
10     3      0      4        177.5677 
10     12     2      1         -5.5967 
11     10     3      0       -177.1561 
11     10     3      6          0.7095 
11     10     12     2       -178.5585 
12     2      1      0          4.0997 
12     2      1      5       -176.8546 
12     10     3      0          1.7471 
12     10     3      6        179.6127 
13     12     2      1       -134.6936 
13     12     10     3        131.6318 
13     12     10     11       -49.4143 
14     12     2      1        112.0326 
14     12     10     3       -114.8588 
14     12     10     11        64.0951 

Number of Torsional Angles: 23


----------------------------------------------------------------------
                          Center of Mass

         x               y               z              Unit
   0.07214474218  -0.01251947339  0.001689563288      Angstrom
    0.1363338041  -0.02365837595  0.003192811886          Bohr

----------------------------------------------------------------------
                Moment of Inertia Tensor

           1761.42          -24.1479          -14.2024
          -24.1479           2027.65          -614.269
          -14.2024          -614.269            2531.8

----------------------------------------------------------------------
                      Principal Moments of Inertia

           x                 y                 z                Unit
       451.0037783       494.6995889         824.32277       amu * ang^2
       1610.563731       1766.604304       2943.710053      amu * bohr^2
  7.4890990429e-38  8.2146855427e-38  1.3688210974e-37          g * cm^2

 - Molecule is an asymmetric top.

----------------------------------------------------------------------

         Rotational constants (MHz)

    A = 1.1206e+03        B = 1.0216e+03        C = 6.1308e+02

----------------------------------------------------------------------

        Rotational constants (cm-1)

    A = 3.7378e-02        B = 3.4077e-02        C = 2.0450e-02

----------------------------------------------------------------------

                                Z-Matrix
C   
C        1       2.6847438
C        2       2.5306321     1       117.53282
C        3      5.27995207     2     62.15153349     1         -0.3338
H        4      4.04952618     3     83.78505716     2          0.0043
H        5      4.70233566     4     95.74977814     3         -0.4826
H        6      8.16289567     5     28.96866791     4         -0.7405
N        7     10.10589005     6     29.66402708     5       -178.7603
O        8      2.27671429     7    112.96102300     6        161.0851
O        9      4.09547735     8     25.56521014     7       -177.2353
C       10      8.92338224     9     60.22263851     8         -4.9412
H       11      2.04233593    10    146.75439063     9        -28.3115
C       12      4.10270539    11     37.08479738    10          3.9606
H       13      2.05819071    12     93.97726304    11        135.1739
Br      14      4.65731919    13     50.50923598    12         95.3738

----------------------------------------------------------------------

             Converted back to Cartesian

C        0.000000      0.000000      0.000000
C        0.000000      0.000000      2.684744
C        0.000000      0.090584      0.155733
C        0.000010     -0.198270      5.427778
H       -0.000008      0.126385      1.391287
H        0.000047     -0.387139      6.065499
H       -0.000051      0.575866     -2.040393
N        0.005043     -0.706857      7.983758
O       -0.004200     -0.340773      5.736688
O        0.017427     -1.030371      9.773632
C       -0.055104      0.631271      1.006624
H       -0.023582      0.162902      2.994279
C       -0.094517      1.148186     -0.987728
H       -0.051675      0.597384      0.994930
Br      -0.159472      1.911784     -3.471764

----------------------------------------------------------------------
                       Geometry in bohr 

1     C      -3.3980464504    3.6825450113    1.4206845870
2     C      -0.7156618198    3.7637989500    1.3428399384
3     C       0.5209177860    1.5562044969    1.3041583314
4     C      -4.7543342861    1.4254875814    1.4844984035
5     H      -4.4161667845    5.4608276196    1.4661739082
6     H       0.2839544822    5.5391560861    1.3449906395
7     H      -6.7868891759    1.4676621049    1.5878331443
8     N       3.3177653051    1.5160438318    1.4373977704
9     O       4.2263060707   -0.4385247510    2.1706393881
10    O       4.3715269042    3.4148498646    0.7910199834
11    C      -3.4717987744   -0.8061750716    1.3313359774
12    H      -4.4550083169   -2.5957314163    1.2874821794
13    C      -0.7152885156   -0.9123795465    1.1734042796
14    H       0.0879632913   -2.2585633347    2.5070926753
15    Br      0.1189314344   -2.3252201370   -2.1496465151

 Number of nodes, processes per node used for SCF calculation: 1, 4

Common Options
{
  maxiter       = 100
  basis         = 6-311g* spherical
  geom_units    = angstrom
  ang2au factor = 1.889726126
  debug         = false
  file_prefix   = ortho_th54_ph18_qed_ccsd_input
}

SCF Options
{
  charge            = 1
  multiplicity      = 1
  level shift       = 0
  tol_int           = 1e-22
  tol_sch           = 1e-12
  tol_lindep        = 1e-10
  conve             = 1e-07
  convd             = 1e-05
  diis_hist         = 10
  AO_tilesize       = 30
  writem            = 10
  damp              = 100
  n_lindep          = 0
  scf_type          = restricted
  cuscf             = false
  qed_omegas        = [0.06615,]
  qed_lambdas       = [0.1,]
  qed_polvecs       = [[0.7694208843,0.25,0.5877852523,],]
  direct_df         = false
  restart_size      = 2000
  restart           = false
  debug             = false
}

Number of basis functions = 221

Total number of shells = 105

Total number of electrons = 98
  # of alpha electrons    = 49
  # of beta electons      = 49

Nuclear repulsion energy  = 782.072770197965

# of {all,non-negligible} shell-pairs = {5565,5005}
Number of AO tiles = 105

Time for initial setup: 0.02 secs
HF exch = 1.00

Time for computing 1-e integrals T, V, S: 0.01 secs
Time for computing orthogonalizer: 0.01 secs

Superposition of Atomic Density Guess ...
Time taken for SAD: 0.58 secs
Total Time to compute initial guess: 0.58 secs


 SCF iterations
-----------------------------------------------------------------------------
 Iter     Energy            E-Diff       RMSD        |[F,P]|^2       Time(s)
-----------------------------------------------------------------------------
   1  -3011.7189075997    -3.01e+03     1.67e-02     1.50e+03         0.6 
   2  -3005.7773397244     5.94e+00     6.85e-03     8.69e+00         2.2 
   3  -3006.0089143099    -2.32e-01     2.73e-03     3.48e+00         2.2 
   4  -3006.1085817895    -9.97e-02     1.10e-03     1.15e-01         2.2 
   5  -3006.1153056341    -6.72e-03     3.04e-04     1.64e-02         2.2 
   6  -3006.1161329249    -8.27e-04     1.84e-04     1.64e-03         2.2 
   7  -3006.1163236697    -1.91e-04     6.78e-05     2.68e-04         2.2 
   8  -3006.1163545708    -3.09e-05     2.50e-05     5.39e-05         2.2 
   9  -3006.1163598623    -5.29e-06     1.27e-05     8.11e-06         2.2 
  10  -3006.1163612106    -1.35e-06     6.55e-06     1.87e-06         2.2 
  11  -3006.1163615218    -3.11e-07     3.48e-06     4.86e-07         2.3 
  12  -3006.1163616049    -8.31e-08     1.70e-06     1.01e-07         2.3 

** Total SCF energy = -3006.1163616049212

Nuclear repulsion energy = 782.072770197965497
#electrons        = 98
1e energy kinetic = 3006.1975385634373197
1e energy N-e     = -8717.4579288853346952
1e energy         = -5707.7195774807378257
2e energy         = 1922.8848663294124890
QED energy        = 0.1863921895995584
QED eT energy     = 0.1652005033141650
QED eT energy from matrix = 0.1652005033141718

 Polarizability Matrix (QED energy = 0.5 * lambda.dot(matrix * lambda))
[39.69964054, -1.63028121, -1.33530554]
[-1.63028121, 45.04658248,  0.05030060]
[-1.33530554,  0.05030060, 36.99280681]

 Polarizability Matrix (QED eT energy = 0.5 * lambda.dot(matrix * lambda))
[35.96467265, -1.72099675, -1.47179826]
[-1.72099675, 41.99727955, -0.00471451]
[-1.47179826, -0.00471451, 32.18198944]


                      Electron        Nuclear        Total  
                  ------------------------------------------
    Monopole         -98.000000     99.000000      1.000000

      Dipole   X      -9.291262      5.678202     -3.613059
      Dipole   Y     -11.595230     12.910443      1.315213
      Dipole   Z     -13.771443     15.052533      1.281090

  Quadrupole  XX    -784.740734    743.816969    -40.923765
  Quadrupole  XY      -8.701804      2.656761     -6.045042
  Quadrupole  XZ      -3.262073     -2.666882     -5.928954
  Quadrupole  YY    -613.520796    576.626079    -36.894717
  Quadrupole  YZ    -282.894112    286.701724      3.807612
  Quadrupole  ZZ    -344.826975    298.571967    -46.255008

    Octupole XXX       4.196278    -94.036941    -89.840663
    Octupole XXY   -1107.151504   1099.537806     -7.613698
    Octupole XXZ   -1083.892505   1074.098464     -9.794041
    Octupole XYY      40.266699    -81.788219    -41.521520
    Octupole XYZ      53.255058    -56.406508     -3.151450
    Octupole XZZ     -61.982484     66.211049      4.228564
    Octupole YYY    -879.309159    861.069233    -18.239926
    Octupole YYZ     -86.524781     81.185127     -5.339654
    Octupole YZZ     215.019212   -242.680640    -27.661428
    Octupole ZZZ      49.951423   -125.100811    -75.149388

writing orbitals and density to disk ... done.

Total Time taken for Hartree-Fock: 28.10 secs

CD Options
{
  debug             = false
  skip_cd           = [false, 100]
  write_cv          = [false, 5000]
  diagtol           = 1e-06
  itilesize         = 1000
  max_cvecs_factor  = 12
}

- #occupied, #virtual = 98, 344

- Tilesize for the MSO space: 40

-----------------------------------------------------
Begin 2-index transformation ... 

nAO, nMO, nelectrons = 221, 442, 98
n_occ_alpha, n_vir_alpha, n_occ_beta, n_vir_beta = 49,172,49,172

Time taken for Fao->Fmo transform: 0.00 secs

-----------------------------------------------------
Number of AO tiles = 105
# of {all,non-negligible} shell-pairs = {5565,5005}

    Begin Cholesky Decomposition
---------------------------------------------
Total # of mpi ranks used for Cholesky decomposition: 4
  --> Number of nodes, mpi ranks per node: 1, 4
- CPU memory required for computing cholesky vectors: 1.93 GiB

- Time for computing the diagonal: 0.01 secs

- Total number of cholesky vectors = 1645

- Time to compute cholesky vectors: 15.00 secs

- CPU memory required for resizing the ao cholesky tensor: 1.56 GiB
- CPU memory required for ao2mo transformation: 1.70 GiB
- CPU memory required for the 2-step contraction: 2.11 GiB

- Time for ao to mo transform: 1.55 secs

   End Cholesky Decomposition
---------------------------------------------

Total Time taken for Cholesky Decomposition: 18.93 secs

scf_type = restricted
Closed-Shell SCF
QED-HF Enabled
nbf = 203
nbf_orig = 221
n_lindep = 0
focc = 1
nmo = 406
nocc = 62
nvir = 344
n_occ_alpha = 31
n_vir_alpha = 172
n_occ_beta = 31
n_vir_beta = 172
nelectrons = 98
nelectrons_alpha = 49
nelectrons_beta = 49
freeze atomic = true
n_frozen_core = 18
n_frozen_virtual = 0
----------------------------
--------- QED-CCSD --------
lambda_x: 0.0769
lambda_y: 0.0250
lambda_z: 0.0588
omega: 0.066150
coupling_factor_x: 0.013993
coupling_factor_y: 0.004547
coupling_factor_z: 0.010690
----------------------------
# of {all,non-negligible} shell-pairs = {5565,5005}
Number of AO tiles = 105
----------------------------
Electronic dipole expectation value using SCF density: 
dipole_x_elec: -9.29158745
dipole_y_elec: -11.59531150
dipole_z_elec: -13.77150282

d_n/N value: d_n is nuclear dipole moment and N is the total number of electrons 
d_nuc_x: 0.05794084
d_nuc_y: 0.13173921
d_nuc_z: 0.15359728

<d_e+d_n> expectation values: 
dipole_total_x: -3.61338517
dipole_total_y: 1.31513102
dipole_total_z: 1.28103017
----------------------------


 CCSD iterations
------------------------------------------------------------
  Iter     Residuum          Correlation          Time(s)
------------------------------------------------------------
   1     1.1848060953094    0.0000000000000         86.34
   2     0.1667462957621   -1.6247965445359         85.20
   3     0.0630881811394   -1.6288304966274         85.11
   4     0.0222502448371   -1.6884857536929         85.29
   5     0.0172724322310   -1.6862004280100         85.19
 MICROCYCLE DIIS UPDATE:                    6
   6     0.0082564099387   -1.6953508133324         84.19
   7     0.0054585690955   -1.6951979178812         83.98
   8     0.0038754070245   -1.6964937332675         84.11
   9     0.0033163673276   -1.6967808027384         84.03
  10     0.0034442344151   -1.6970770189328         84.97
 MICROCYCLE DIIS UPDATE:                   11
  11     0.0007391763345   -1.6976850107193         85.10
  12     0.0005310540962   -1.6976333292569         84.99
  13     0.0004742631011   -1.6977117373235         85.40
  14     0.0004928376274   -1.6976803651666         84.24
  15     0.0006371093427   -1.6977101906516         83.85
 MICROCYCLE DIIS UPDATE:                   16
  16     0.0001248091697   -1.6977202565701         83.78
  17     0.0000889140771   -1.6977106744558         83.79
  18     0.0000746685558   -1.6977256839774         84.02
  19     0.0000632794848   -1.6977285757888         83.92
  20     0.0000651699122   -1.6977301514080         84.17
 MICROCYCLE DIIS UPDATE:                   21
  21     0.0000283562795   -1.6977433213324         83.88
  22     0.0000213104160   -1.6977376896786         83.99
  23     0.0000185465786   -1.6977378847083         83.99
  24     0.0000198360871   -1.6977361885868         84.11
  25     0.0000262771516   -1.6977366255022         83.43
 MICROCYCLE DIIS UPDATE:                   26
  26     0.0000065524853   -1.6977350591161         84.86
  27     0.0000046916925   -1.6977352582157         84.26
  28     0.0000037483045   -1.6977359079530         84.02
  29     0.0000034164982   -1.6977361555844         84.07
  30     0.0000035779735   -1.6977362451608         84.05
 MICROCYCLE DIIS UPDATE:                   31
  31     0.0000015962503   -1.6977369944160         83.81
  32     0.0000011617236   -1.6977366469015         83.64
  33     0.0000009858044   -1.6977366269624         84.13
------------------------------------------------------------------
 Iterations converged
 CCSD correlation energy / hartree =        -1.697736626962363
 CCSD total energy / hartree       =     -3007.814098231883690

Time taken for spin-orbital canonical QED-CCSD: 2858.36 secs
