
ExaChem Git Information
{
 WARNING: Failed to retrieve the current git state.
}


TAMM Git Information
{
 Branch: main
 Commit Hash: e71357ad [e71357ad54f38748b4a7e175aa6760820d5ce96f]
 Commit Date: 2026-02-02 23:14:56 -0800
 Commit Message: add GitHub Actions workflow for releases
}


date: Mon Aug 10 05:24:48 2026
program: "/global/cfs/cdirs/m3196/heindelj/cavity_qed/software/install_gpu/bin/bin/ExaChem"
nnodes: 1, nproc_per_node: 4, nproc_total: 4, ngpus_per_node: 1, ngpus_total: 1

Memory information
{
[AMD EPYC 7763 64-Core Processor                ] : 
  CPU memory per node (GiB): 251
  Total CPU memory (GiB): 251
[NVIDIA A100-SXM4-80GB, CUDA v12.9] : 
  GPU memory per device (GiB): 79
  GPU memory per node (GiB): 79
  Total GPU memory (GiB): 79
}

------------------------------------------------------------

Input file provided: /global/cfs/cdirs/m4262/heindelj/cavity_qed/mlip/lambda_scans/grid_scans_optimized_geoms/runs_grid_no_freq/ortho_th72_ph18/ortho_th72_ph18_qed_ccsd_input.json

{
  "geometry": {
    "coordinates": [
      "C    -1.793691449800    1.948237038800    0.763942926800",
      "C    -0.374774255100    1.989199897300    0.728827015600",
      "C     0.274527219100    0.819330152700    0.697689403300",
      "C    -2.507984320900    0.751892767400    0.774151257100",
      "H    -2.333282267200    2.888414189700    0.800658385600",
      "H     0.152470341300    2.928919683200    0.736428783100",
      "H    -3.581664929800    0.772367797900    0.820957675200",
      "N     1.749087356700    0.803344297000    0.761304141100",
      "O     2.228885126300   -0.164739098800    1.294527339700",
      "O     2.300855401400    1.752037418900    0.279999115500",
      "C    -1.831202097800   -0.428887767300    0.701115015000",
      "H    -2.352845022900   -1.373987765400    0.682576034700",
      "C    -0.373957412600   -0.488037133600    0.616153397500",
      "H     0.059000419200   -1.214009485600    1.303442175500",
      "Br    0.031075026300   -1.199605284200   -1.172044720000"
    ],
    "units": "angstrom",
    "noorient": true
  },
  "common": {
    "maxiter": 100,
    "debug": false
  },
  "basis": {
    "basisset": "6-311G*"
  },
  "SCF": {
    "charge": 1,
    "multiplicity": 1,
    "lshift": 0,
    "tol_lindep": 1e-10,
    "conve": 1e-07,
    "convd": 1e-05,
    "diis_hist": 10,
    "writem": 10,
    "restart": false,
    "noscf": false,
    "scf_type": "restricted",
    "debug": false,
    "qed_omegas": [
      0.06615
    ],
    "qed_volumes": [],
    "qed_lambdas": [
      0.1
    ],
    "qed_polvecs": [
      [
        0.9045084971874737,
        0.29389262614623657,
        0.3090169943749475
      ]
    ],
    "direct_df": false
  },
  "CD": {
    "debug": false,
    "diagtol": 1e-06
  },
  "CC": {
    "threshold": 1e-06,
    "ndiis": 5,
    "ccsd_maxiter": 200,
    "tilesize": 40,
    "freeze": {
      "atomic": true
    },
    "readt": false,
    "writet": true,
    "writet_iter": 5,
    "debug": false,
    "profile_ccsd": false,
    "balance_tiles": true
  },
  "TASK": {
    "scf": false,
    "ccsd": true
  }
}

Output folder & files prefix: ortho_th72_ph18_qed_ccsd_input.6-311g*

  C (carbon)
  ----------
          Exponent        Coefficients
      ----------------  --------------------
  1 S  4.56324000E+03      0.778202
  1 S  6.82024000E+02      1.448695
  1 S  1.54973000E+02      2.383089
  1 S  4.44553000E+01      3.200089
  1 S  1.30290000E+01      3.013004
  1 S  1.82773000E+00      0.247599

  2 S  2.09642000E+01      0.800629
  2 S  4.80331000E+00      2.127420
  2 S  1.45933000E+00     -0.002868

  3 P  2.09642000E+01      2.573592
  3 P  4.80331000E+00      2.408248
  3 P  1.45933000E+00      1.865281

  4 S  4.83456000E-01      0.413217

  5 P  4.83456000E-01      0.574627

  6 S  1.45585000E-01      0.167976

  7 P  1.45585000E-01      0.128185

  8 D  6.26000000E-01      0.725128


  H (hydrogen)
  ------------
          Exponent        Coefficients
      ----------------  --------------------
  1 S  3.38650000E+01      0.255069
  1 S  5.09479000E+00      0.460109
  1 S  1.15879000E+00      0.678321

  2 S  3.25840000E-01      0.307371

  3 S  1.02741000E-01      0.129336


  N (nitrogen)
  ------------
          Exponent        Coefficients
      ----------------  --------------------
  1 S  6.29348000E+03      0.991968
  1 S  9.49044000E+02      1.823240
  1 S  2.18776000E+02      2.979891
  1 S  6.36916000E+01      4.000007
  1 S  1.88282000E+01      3.881008
  1 S  2.72023000E+00      0.386764

  2 S  3.06331000E+01      1.038501
  2 S  7.02614000E+00      2.834794
  2 S  2.11205000E+00     -0.003208

  3 P  3.06331000E+01      3.935616
  3 P  7.02614000E+00      3.870994
  3 P  2.11205000E+00      2.967271

  4 S  6.84009000E-01      0.536051

  5 P  6.84009000E-01      0.886681

  6 S  2.00878000E-01      0.213850

  7 P  2.00878000E-01      0.191693

  8 D  9.13000000E-01      1.403568


  O (oxygen)
  ----------
          Exponent        Coefficients
      ----------------  --------------------
  1 S  8.58850000E+03      1.205013
  1 S  1.29723000E+03      2.216205
  1 S  2.99296000E+02      3.627452
  1 S  8.73771000E+01      4.888452
  1 S  2.56789000E+01      4.835721
  1 S  3.74004000E+00      0.538229

  2 S  4.21175000E+01      1.341958
  2 S  9.62837000E+00      3.587114
  2 S  2.85332000E+00     -0.005123

  3 P  4.21175000E+01      5.584018
  3 P  9.62837000E+00      5.733366
  3 P  2.85332000E+00      4.332955

  4 S  9.05661000E-01      0.661659

  5 P  9.05661000E-01      1.259352

  6 S  2.55611000E-01      0.256209

  7 P  2.55611000E-01      0.259068

  8 D  1.29200000E+00      2.577026


  Br (bromine)
  ------------
          Exponent        Coefficients
      ----------------  --------------------
  1 S  4.39700000E+05      9.893706
  1 S  6.60300000E+04     18.450679
  1 S  1.51400000E+04     31.049770
  1 S  4.31700000E+03     48.888138
  1 S  1.41400000E+03     64.847798
  1 S  5.23900000E+02     42.245010

  2 S  5.23900000E+02     14.290679
  2 S  2.07700000E+02     24.083128
  2 S  8.65400000E+01      5.132542

  3 S  3.05200000E+01      9.254405

  4 S  1.29800000E+01      4.873782

  5 S  4.41200000E+00      2.169635

  6 S  1.86200000E+00      1.136043

  7 S  3.93200000E-01      0.353892

  8 S  1.40000000E-01      0.163120

  9 P  2.95700000E+03    691.874478
  9 P  7.00300000E+02    925.332763
  9 P  2.24600000E+02   1068.830732

  10 P  8.25900000E+01    122.079275
  10 P  3.31900000E+01     57.580687
  10 P  1.42000000E+01     10.176170

  11 P  1.42000000E+01      3.129736
  11 P  7.43800000E+00      6.538168
  11 P  3.52600000E+00      4.166276

  12 P  1.59500000E+00      2.555000

  13 P  8.46200000E-01      1.156861

  14 P  3.18600000E-01      0.341191

  15 P  1.09600000E-01      0.089888

  16 D  1.34800000E+02    160.709187
  16 D  3.63900000E+01    119.797406
  16 D  1.21600000E+01     55.531619
  16 D  4.34100000E+00     12.984636

  17 D  1.53500000E+00      3.484168

  18 D  4.51000000E-01      0.408525



Printing Internal Coordinates

------------------------------------------------------------
                Bond Lengths

i      j        Length (Angstroms)     Length (Bohr)
0      1          1.4199426356         2.6833026958
0      3          1.3933980520         2.6331407027
0      4          1.0846378890         2.0496685560
1      2          1.3383412026         2.5290983360
1      5          1.0775518212         2.0362778285
2      7          1.4760182864         2.7892703182
2      12         1.4616393738         2.7620981113
3      6          1.0748953984         2.0312579170
3      10         1.3629420902         2.5755872760
7      8          1.2048727487         2.2768795115
7      9          1.1983827195         2.2646151338
10     11         1.0796615403         2.0402646198
10     12         1.4609172449         2.7607334855
12     13         1.0894283842         2.0587212800
12     14         1.9667315569         3.7165840057

Number of Bonds: 15

------------------------------------------------------------
           Bond Angles

i      j      k      Angle (degrees)
0      1      2        117.3976 
0      1      5        120.9259 
0      3      6        119.7365 
0      3      10       119.2674 
1      0      3        122.4936 
1      0      4        118.2264 
1      2      7        119.5471 
1      2      12       124.6045 
2      1      5        121.6741 
2      7      8        115.1884 
2      7      9        115.7273 
2      12     10       113.7718 
2      12     13       112.6146 
2      12     14       106.4372 
3      0      4        119.2720 
3      10     11       121.2904 
3      10     12       122.2425 
6      3      10       120.9864 
7      2      12       115.8456 
8      7      9        129.0840 
10     12     13       112.7499 
10     12     14       105.8399 
11     10     12       116.4553 
13     12     14       104.5166 

Number of Angles: 24

------------------------------------------------------------
              Torsional Angles

i      j      k      l      Angle (degrees)
3      0      1      2          0.3624 
3      10     12     2          3.4438 
4      0      1      2        179.3261 
5      1      0      3       -179.0843 
5      1      0      4         -0.1206 
6      3      0      1        178.7782 
6      3      0      4         -0.1750 
10     3      0      1         -2.3449 
10     3      0      4        178.7019 
10     12     2      1         -5.6499 
11     10     3      0       -178.5103 
11     10     3      6          0.3522 
11     10     12     2       -177.7879 
12     2      1      0          3.8709 
12     2      1      5       -176.6869 
12     10     3      0          0.1993 
12     10     3      6        179.0618 
13     12     2      1       -135.5340 
13     12     10     3        133.2600 
13     12     10     11       -47.9716 
14     12     2      1        110.5121 
14     12     10     3       -113.0674 
14     12     10     11        65.7009 

Number of Torsional Angles: 23


----------------------------------------------------------------------
                          Center of Mass

         x               y               z              Unit
   0.05924873171-0.0004751859167  -0.01015087108      Angstrom
    0.1119638762-0.0008979712414  -0.01918236629          Bohr

----------------------------------------------------------------------
                Moment of Inertia Tensor

           1765.55          -36.3112          -25.5194
          -36.3112           2056.26          -606.543
          -25.5194          -606.543           2487.29

----------------------------------------------------------------------
                      Principal Moments of Inertia

           x                 y                 z                Unit
       452.2453973       498.0686643       816.4140302       amu * ang^2
       1614.997633        1778.63549       2915.467431      amu * bohr^2
  7.5097166250e-38  8.2706303937e-38  1.3556883169e-37          g * cm^2

 - Molecule is an asymmetric top.

----------------------------------------------------------------------

         Rotational constants (MHz)

    A = 1.1175e+03        B = 1.0147e+03        C = 6.1902e+02

----------------------------------------------------------------------

        Rotational constants (cm-1)

    A = 3.7275e-02        B = 3.3846e-02        C = 2.0648e-02

----------------------------------------------------------------------

                                Z-Matrix
C   
C        1       2.6833027
C        2       2.5290983     1       117.39757
C        3      5.26171315     2     62.33530422     1         -0.1727
H        4      4.05122518     3     83.95932476     2         -0.1987
H        5      4.69958291     4     95.58750554     3         -0.1010
H        6      8.15031394     5     29.06837838     4         -0.5059
N        7     10.07446265     6     29.67474615     5       -178.2983
O        8      2.27687951     7    112.86506983     6        152.1278
O        9      4.10052258     8     25.38431302     7       -177.3394
C       10      8.86514665     9     61.19394156     8         -7.0280
H       11      2.04026462    10    146.19905853     9        -38.6227
C       12      4.09914514    11     37.08245634    10          6.5641
H       13      2.05872128    12     94.07539612    11        136.6258
Br      14      4.67836909    13     50.26928584    12         95.0954

----------------------------------------------------------------------

             Converted back to Cartesian

C        0.000000      0.000000      0.000000
C        0.000000      0.000000      2.683303
C        0.000000      0.090425      0.155821
C        0.000005     -0.197509      5.409650
H        0.000002      0.127557      1.371488
H        0.000009     -0.385753      6.042954
H        0.000006      0.576162     -2.050398
N        0.004941     -0.703093      7.942514
O       -0.004027     -0.336906      5.695292
O        0.017002     -1.027285      9.737224
C       -0.053522      0.626001      1.027890
H       -0.022484      0.157863      3.013479
C       -0.092463      1.142776     -0.964968
H       -0.050059      0.591531      1.018127
Br      -0.157259      1.912232     -3.468675

----------------------------------------------------------------------
                       Geometry in bohr 

1     C      -3.3895855945    3.6816344317    1.4436429075
2     C      -0.7082207012    3.7590430156    1.3772834526
3     C       0.5187812582    1.5483095953    1.3184418932
4     C      -4.7394034946    1.4208714064    1.4629338559
5     H      -4.4092644594    5.4583117567    1.5130250692
6     H       0.2881271874    5.5348560460    1.3916487113
7     H      -6.7683657921    1.4595636065    1.5513851671
8     N       3.3052960745    1.5181007061    1.4386563252
9     O       4.2119824548   -0.3113117790    2.4463021345
10    O       4.3479865640    3.3108708841    0.5291216438
11    C      -3.4604704460   -0.8104804189    1.3249153611
12    H      -4.4462327100   -2.5964605770    1.2898817657
13    C      -0.7066770926   -0.9222565218    1.1643611728
14    H       0.1114946336   -2.2941454420    2.4631487327
15    Br      0.0587232891   -2.2669254463   -2.2148435281

 Number of nodes, processes per node used for SCF calculation: 1, 4

Common Options
{
  maxiter       = 100
  basis         = 6-311g* spherical
  geom_units    = angstrom
  ang2au factor = 1.889726126
  debug         = false
  file_prefix   = ortho_th72_ph18_qed_ccsd_input
}

SCF Options
{
  charge            = 1
  multiplicity      = 1
  level shift       = 0
  tol_int           = 1e-22
  tol_sch           = 1e-12
  tol_lindep        = 1e-10
  conve             = 1e-07
  convd             = 1e-05
  diis_hist         = 10
  AO_tilesize       = 30
  writem            = 10
  damp              = 100
  n_lindep          = 0
  scf_type          = restricted
  cuscf             = false
  qed_omegas        = [0.06615,]
  qed_lambdas       = [0.1,]
  qed_polvecs       = [[0.9045084972,0.2938926261,0.3090169944,],]
  direct_df         = false
  restart_size      = 2000
  restart           = false
  debug             = false
}

Number of basis functions = 221

Total number of shells = 105

Total number of electrons = 98
  # of alpha electrons    = 49
  # of beta electons      = 49

Nuclear repulsion energy  = 781.626472284598

# of {all,non-negligible} shell-pairs = {5565,5000}
Number of AO tiles = 105

Time for initial setup: 0.05 secs
HF exch = 1.00

Time for computing 1-e integrals T, V, S: 0.01 secs
Time for computing orthogonalizer: 0.01 secs

Superposition of Atomic Density Guess ...
Time taken for SAD: 0.29 secs
Total Time to compute initial guess: 0.29 secs


 SCF iterations
-----------------------------------------------------------------------------
 Iter     Energy            E-Diff       RMSD        |[F,P]|^2       Time(s)
-----------------------------------------------------------------------------
   1  -3011.7921040878    -3.01e+03     1.67e-02     1.50e+03         0.7 
   2  -3005.7595339340     6.03e+00     6.83e-03     8.95e+00         2.2 
   3  -3006.0082688049    -2.49e-01     2.70e-03     3.33e+00         2.2 
   4  -3006.1038749845    -9.56e-02     1.14e-03     1.29e-01         2.2 
   5  -3006.1114168519    -7.54e-03     3.25e-04     1.80e-02         2.2 
   6  -3006.1123533667    -9.37e-04     1.94e-04     1.87e-03         2.2 
   7  -3006.1125726554    -2.19e-04     7.02e-05     3.00e-04         2.2 
   8  -3006.1126079425    -3.53e-05     2.68e-05     5.92e-05         2.2 
   9  -3006.1126140549    -6.11e-06     1.42e-05     1.03e-05         2.2 
  10  -3006.1126156938    -1.64e-06     7.12e-06     2.27e-06         2.2 
  11  -3006.1126160697    -3.76e-07     3.88e-06     6.13e-07         2.3 
  12  -3006.1126161744    -1.05e-07     1.89e-06     1.26e-07         2.3 
  13  -3006.1126162009    -2.65e-08     1.13e-06     2.96e-08         2.2 

** Total SCF energy = -3006.1126162008791

Nuclear repulsion energy = 781.626472284597526
#electrons        = 98
1e energy kinetic = 3006.2148393075572130
1e energy N-e     = -8716.5078967064109747
1e energy         = -5706.3710139038057605
2e energy         = 1922.3643083825868416
QED energy        = 0.1896605307876924
QED eT energy     = 0.1700618713106564
QED eT energy from matrix = 0.1700618713106756

 Polarizability Matrix (QED energy = 0.5 * lambda.dot(matrix * lambda))
[39.22215241, -1.68989445, -1.19177315]
[-1.68989445, 44.56541235, -0.24605571]
[-1.19177315, -0.24605571, 37.73300159]

 Polarizability Matrix (QED eT energy = 0.5 * lambda.dot(matrix * lambda))
[35.48760352, -1.78123329, -1.32390280]
[-1.78123329, 41.42657849, -0.39032522]
[-1.32390280, -0.39032522, 33.07681565]


                      Electron        Nuclear        Total  
                  ------------------------------------------
    Monopole         -98.000000     99.000000      1.000000

      Dipole   X      -7.158296      3.534442     -3.623854
      Dipole   Y     -13.597930     14.905642      1.307712
      Dipole   Z     -11.843332     13.113022      1.269691

  Quadrupole  XX    -778.952567    738.055828    -40.896739
  Quadrupole  XY     -14.458433      8.382154     -6.076279
  Quadrupole  XZ      -8.096130      2.182790     -5.913340
  Quadrupole  YY    -597.214059    560.679238    -36.534822
  Quadrupole  YZ    -278.740363    282.954453      4.214090
  Quadrupole  ZZ    -363.053367    316.483974    -46.569393

    Octupole XXX      13.135449    -99.943723    -86.808274
    Octupole XXY   -1100.712248   1092.565683     -8.146565
    Octupole XXZ   -1073.659369   1064.741841     -8.917529
    Octupole XYY      80.725838   -120.800352    -40.074514
    Octupole XYZ      92.639086    -95.133031     -2.493946
    Octupole XZZ     -85.385006     88.720817      3.335811
    Octupole YYY    -880.968108    862.264816    -18.703292
    Octupole YYZ     -70.174300     67.837778     -2.336522
    Octupole YZZ     231.234641   -259.045497    -27.810856
    Octupole ZZZ      48.595746   -124.455584    -75.859838

writing orbitals and density to disk ... done.

Total Time taken for Hartree-Fock: 28.71 secs

CD Options
{
  debug             = false
  skip_cd           = [false, 100]
  write_cv          = [false, 5000]
  diagtol           = 1e-06
  itilesize         = 1000
  max_cvecs_factor  = 12
}

- #occupied, #virtual = 98, 344

- Tilesize for the MSO space: 40

-----------------------------------------------------
Begin 2-index transformation ... 

nAO, nMO, nelectrons = 221, 442, 98
n_occ_alpha, n_vir_alpha, n_occ_beta, n_vir_beta = 49,172,49,172

Time taken for Fao->Fmo transform: 0.00 secs

-----------------------------------------------------
Number of AO tiles = 105
# of {all,non-negligible} shell-pairs = {5565,5000}

    Begin Cholesky Decomposition
---------------------------------------------
Total # of mpi ranks used for Cholesky decomposition: 4
  --> Number of nodes, mpi ranks per node: 1, 4
- CPU memory required for computing cholesky vectors: 1.93 GiB

- Time for computing the diagonal: 0.01 secs

- Total number of cholesky vectors = 1646

- Time to compute cholesky vectors: 15.24 secs

- CPU memory required for resizing the ao cholesky tensor: 1.56 GiB
- CPU memory required for ao2mo transformation: 1.70 GiB
- CPU memory required for the 2-step contraction: 2.11 GiB

- Time for ao to mo transform: 1.56 secs

   End Cholesky Decomposition
---------------------------------------------

Total Time taken for Cholesky Decomposition: 18.77 secs

scf_type = restricted
Closed-Shell SCF
QED-HF Enabled
nbf = 203
nbf_orig = 221
n_lindep = 0
focc = 1
nmo = 406
nocc = 62
nvir = 344
n_occ_alpha = 31
n_vir_alpha = 172
n_occ_beta = 31
n_vir_beta = 172
nelectrons = 98
nelectrons_alpha = 49
nelectrons_beta = 49
freeze atomic = true
n_frozen_core = 18
n_frozen_virtual = 0
----------------------------
--------- QED-CCSD --------
lambda_x: 0.0905
lambda_y: 0.0294
lambda_z: 0.0309
omega: 0.066150
coupling_factor_x: 0.016450
coupling_factor_y: 0.005345
coupling_factor_z: 0.005620
----------------------------
# of {all,non-negligible} shell-pairs = {5565,5000}
Number of AO tiles = 105
----------------------------
Electronic dipole expectation value using SCF density: 
dipole_x_elec: -7.15847461
dipole_y_elec: -13.59802258
dipole_z_elec: -11.84339660

d_n/N value: d_n is nuclear dipole moment and N is the total number of electrons 
d_nuc_x: 0.03606574
d_nuc_y: 0.15209838
d_nuc_z: 0.13380635

<d_e+d_n> expectation values: 
dipole_total_x: -3.62403239
dipole_total_y: 1.30761902
dipole_total_z: 1.26962572
----------------------------


 CCSD iterations
------------------------------------------------------------
  Iter     Residuum          Correlation          Time(s)
------------------------------------------------------------
   1     1.1843099439526    0.0000000000000         86.20
   2     0.1702818012488   -1.6091240629230         85.32
   3     0.0649723131926   -1.6266658552863         84.80
   4     0.0242613808403   -1.6867820623065         84.85
   5     0.0198356549799   -1.6850664293338         85.83
 MICROCYCLE DIIS UPDATE:                    6
   6     0.0091551852338   -1.6949258851023         84.20
   7     0.0063074548659   -1.6947676514437         84.18
   8     0.0049082149886   -1.6963016459860         84.08
   9     0.0048261487660   -1.6966071220979         83.58
  10     0.0057816250839   -1.6969912684477         83.89
 MICROCYCLE DIIS UPDATE:                   11
  11     0.0009229088189   -1.6977269696546         83.84
  12     0.0006707680459   -1.6976415936763         82.80
  13     0.0005948088545   -1.6977627600005         82.86
  14     0.0007083123149   -1.6977231426005         83.71
  15     0.0010178148026   -1.6977701888340         84.08
 MICROCYCLE DIIS UPDATE:                   16
  16     0.0001783867001   -1.6978049714122         84.20
  17     0.0001211798882   -1.6977759376306         83.64
  18     0.0001186950472   -1.6977992594062         83.73
  19     0.0001074670594   -1.6978027570052         83.71
  20     0.0001404456957   -1.6978051532191         83.73
 MICROCYCLE DIIS UPDATE:                   21
  21     0.0000440459483   -1.6978254825807         83.68
  22     0.0000344023069   -1.6978163109388         83.56
  23     0.0000312016472   -1.6978175773722         83.54
  24     0.0000390592906   -1.6978148692120         83.65
  25     0.0000608836221   -1.6978159652020         83.50
 MICROCYCLE DIIS UPDATE:                   26
  26     0.0000115242487   -1.6978138395021         83.76
  27     0.0000079735677   -1.6978137621833         83.66
  28     0.0000068460497   -1.6978150119432         83.63
  29     0.0000062310463   -1.6978154202540         83.62
  30     0.0000077984110   -1.6978156234426         83.61
 MICROCYCLE DIIS UPDATE:                   31
  31     0.0000029332507   -1.6978170154806         83.71
  32     0.0000023176539   -1.6978163752045         83.58
  33     0.0000020511532   -1.6978163686915         83.74
  34     0.0000024335998   -1.6978162010043         84.04
  35     0.0000036464786   -1.6978162419787         83.87
 MICROCYCLE DIIS UPDATE:                   36
  36     0.0000007751501   -1.6978160540338         84.05
------------------------------------------------------------------
 Iterations converged
 CCSD correlation energy / hartree =        -1.697816054033840
 CCSD total energy / hartree       =     -3007.810432254912939

Time taken for spin-orbital canonical QED-CCSD: 3103.69 secs
