
ExaChem Git Information
{
 WARNING: Failed to retrieve the current git state.
}


TAMM Git Information
{
 Branch: main
 Commit Hash: e71357ad [e71357ad54f38748b4a7e175aa6760820d5ce96f]
 Commit Date: 2026-02-02 23:14:56 -0800
 Commit Message: add GitHub Actions workflow for releases
}


date: Wed Aug  5 20:11:38 2026
program: "/global/cfs/cdirs/m3196/heindelj/cavity_qed/software/install_gpu/bin/bin/ExaChem"
nnodes: 1, nproc_per_node: 4, nproc_total: 4, ngpus_per_node: 1, ngpus_total: 1

Memory information
{
[AMD EPYC 7763 64-Core Processor                ] : 
  CPU memory per node (GiB): 251
  Total CPU memory (GiB): 251
[NVIDIA A100-SXM4-40GB, CUDA v12.9] : 
  GPU memory per device (GiB): 39
  GPU memory per node (GiB): 39
  Total GPU memory (GiB): 39
}

------------------------------------------------------------

Input file provided: /global/cfs/cdirs/m4262/heindelj/cavity_qed/mlip/lambda_scans/grid_scans_optimized_geoms/runs_grid_no_freq/meta_th63_ph90/meta_th63_ph90_qed_ccsd_input.json

{
  "geometry": {
    "coordinates": [
      "C    -0.917186717600    1.979328892600    0.842712032500",
      "C     0.461574640100    1.913005765900    0.666669980100",
      "C     1.152375312200    0.690534943000    0.693911742100",
      "C     0.494033480200   -0.476947244900    0.755035234400",
      "C    -1.631648576900    0.821657863200    0.893347551200",
      "H    -1.412371686500    2.932217829700    0.905839895400",
      "H     1.041960875000    2.815348534300    0.528557334400",
      "H     1.028619797500   -1.414930868200    0.772762915700",
      "H    -2.711892790400    0.830687264600    0.978336643100",
      "N     2.624873557800    0.724742504100    0.618961182800",
      "O     3.218709595300   -0.015134627200    1.355316834500",
      "O     3.077960890200    1.497386176200   -0.185685077800",
      "C    -0.978242754900   -0.477394619900    0.668653931100",
      "H    -1.439418385900   -1.296014226700    1.213286719800",
      "Br   -1.401180517200   -0.722889249700   -1.236249272000"
    ],
    "units": "angstrom",
    "noorient": true
  },
  "common": {
    "maxiter": 100,
    "debug": false
  },
  "basis": {
    "basisset": "6-311G*"
  },
  "SCF": {
    "charge": 1,
    "multiplicity": 1,
    "lshift": 0,
    "tol_lindep": 1e-10,
    "conve": 1e-07,
    "convd": 1e-05,
    "diis_hist": 10,
    "writem": 10,
    "restart": false,
    "noscf": false,
    "scf_type": "restricted",
    "debug": false,
    "qed_omegas": [
      0.06615
    ],
    "qed_volumes": [],
    "qed_lambdas": [
      0.1
    ],
    "qed_polvecs": [
      [
        5.4558414393334676e-17,
        0.8910065241883679,
        0.45399049973954686
      ]
    ],
    "direct_df": false
  },
  "CD": {
    "debug": false,
    "diagtol": 1e-06
  },
  "CC": {
    "threshold": 1e-06,
    "ndiis": 5,
    "ccsd_maxiter": 200,
    "tilesize": 40,
    "freeze": {
      "atomic": true
    },
    "readt": false,
    "writet": true,
    "writet_iter": 5,
    "debug": false,
    "profile_ccsd": false,
    "balance_tiles": true
  },
  "TASK": {
    "scf": false,
    "ccsd": true
  }
}

Output folder & files prefix: meta_th63_ph90_qed_ccsd_input.6-311g*

  C (carbon)
  ----------
          Exponent        Coefficients
      ----------------  --------------------
  1 S  4.56324000E+03      0.778202
  1 S  6.82024000E+02      1.448695
  1 S  1.54973000E+02      2.383089
  1 S  4.44553000E+01      3.200089
  1 S  1.30290000E+01      3.013004
  1 S  1.82773000E+00      0.247599

  2 S  2.09642000E+01      0.800629
  2 S  4.80331000E+00      2.127420
  2 S  1.45933000E+00     -0.002868

  3 P  2.09642000E+01      2.573592
  3 P  4.80331000E+00      2.408248
  3 P  1.45933000E+00      1.865281

  4 S  4.83456000E-01      0.413217

  5 P  4.83456000E-01      0.574627

  6 S  1.45585000E-01      0.167976

  7 P  1.45585000E-01      0.128185

  8 D  6.26000000E-01      0.725128


  H (hydrogen)
  ------------
          Exponent        Coefficients
      ----------------  --------------------
  1 S  3.38650000E+01      0.255069
  1 S  5.09479000E+00      0.460109
  1 S  1.15879000E+00      0.678321

  2 S  3.25840000E-01      0.307371

  3 S  1.02741000E-01      0.129336


  N (nitrogen)
  ------------
          Exponent        Coefficients
      ----------------  --------------------
  1 S  6.29348000E+03      0.991968
  1 S  9.49044000E+02      1.823240
  1 S  2.18776000E+02      2.979891
  1 S  6.36916000E+01      4.000007
  1 S  1.88282000E+01      3.881008
  1 S  2.72023000E+00      0.386764

  2 S  3.06331000E+01      1.038501
  2 S  7.02614000E+00      2.834794
  2 S  2.11205000E+00     -0.003208

  3 P  3.06331000E+01      3.935616
  3 P  7.02614000E+00      3.870994
  3 P  2.11205000E+00      2.967271

  4 S  6.84009000E-01      0.536051

  5 P  6.84009000E-01      0.886681

  6 S  2.00878000E-01      0.213850

  7 P  2.00878000E-01      0.191693

  8 D  9.13000000E-01      1.403568


  O (oxygen)
  ----------
          Exponent        Coefficients
      ----------------  --------------------
  1 S  8.58850000E+03      1.205013
  1 S  1.29723000E+03      2.216205
  1 S  2.99296000E+02      3.627452
  1 S  8.73771000E+01      4.888452
  1 S  2.56789000E+01      4.835721
  1 S  3.74004000E+00      0.538229

  2 S  4.21175000E+01      1.341958
  2 S  9.62837000E+00      3.587114
  2 S  2.85332000E+00     -0.005123

  3 P  4.21175000E+01      5.584018
  3 P  9.62837000E+00      5.733366
  3 P  2.85332000E+00      4.332955

  4 S  9.05661000E-01      0.661659

  5 P  9.05661000E-01      1.259352

  6 S  2.55611000E-01      0.256209

  7 P  2.55611000E-01      0.259068

  8 D  1.29200000E+00      2.577026


  Br (bromine)
  ------------
          Exponent        Coefficients
      ----------------  --------------------
  1 S  4.39700000E+05      9.893706
  1 S  6.60300000E+04     18.450679
  1 S  1.51400000E+04     31.049770
  1 S  4.31700000E+03     48.888138
  1 S  1.41400000E+03     64.847798
  1 S  5.23900000E+02     42.245010

  2 S  5.23900000E+02     14.290679
  2 S  2.07700000E+02     24.083128
  2 S  8.65400000E+01      5.132542

  3 S  3.05200000E+01      9.254405

  4 S  1.29800000E+01      4.873782

  5 S  4.41200000E+00      2.169635

  6 S  1.86200000E+00      1.136043

  7 S  3.93200000E-01      0.353892

  8 S  1.40000000E-01      0.163120

  9 P  2.95700000E+03    691.874478
  9 P  7.00300000E+02    925.332763
  9 P  2.24600000E+02   1068.830732

  10 P  8.25900000E+01    122.079275
  10 P  3.31900000E+01     57.580687
  10 P  1.42000000E+01     10.176170

  11 P  1.42000000E+01      3.129736
  11 P  7.43800000E+00      6.538168
  11 P  3.52600000E+00      4.166276

  12 P  1.59500000E+00      2.555000

  13 P  8.46200000E-01      1.156861

  14 P  3.18600000E-01      0.341191

  15 P  1.09600000E-01      0.089888

  16 D  1.34800000E+02    160.709187
  16 D  3.63900000E+01    119.797406
  16 D  1.21600000E+01     55.531619
  16 D  4.34100000E+00     12.984636

  17 D  1.53500000E+00      3.484168

  18 D  4.51000000E-01      0.408525



Printing Internal Coordinates

------------------------------------------------------------
                Bond Lengths

i      j        Length (Angstroms)     Length (Bohr)
0      1          1.3915360013         2.6296219367
0      4          1.3613309357         2.5725426352
0      5          1.0757279428         2.0328311979
1      2          1.4044153926         2.6539604591
1      6          1.0817327564         2.0441786510
2      3          1.3417021682         2.5354496404
2      9          1.4748012839         2.7869705166
3      7          1.0797731609         2.0404755521
3      12         1.4748082052         2.7869835961
4      8          1.0836199687         2.0477449655
4      12         1.4713815769         2.7805082071
9      10         1.2009492307         2.2694651371
9      11         1.2040440106         2.2753134236
12     13         1.0860229730         2.0522859853
12     14         1.9666723614         3.7164721425

Number of Bonds: 15

------------------------------------------------------------
           Bond Angles

i      j      k      Angle (degrees)
0      1      2        121.7622 
0      1      6        120.5309 
0      4      8        121.2667 
0      4      12       120.8008 
1      0      4        118.9589 
1      0      5        120.3807 
1      2      3        121.1280 
1      2      9        118.0300 
2      1      6        117.6885 
2      3      7        120.9109 
2      3      12       119.1718 
2      9      10       116.6315 
2      9      11       115.1231 
3      2      9        120.8244 
3      12     4        115.7282 
3      12     13       113.2518 
3      12     14       105.7507 
4      0      5        120.6315 
4      12     13       113.5992 
4      12     14        99.3591 
7      3      12       119.6658 
8      4      12       117.5180 
10     9      11       128.2450 
13     12     14       107.4773 

Number of Angles: 24

------------------------------------------------------------
              Torsional Angles

i      j      k      l      Angle (degrees)
3      2      1      0          6.8760 
4      0      1      2         -7.4402 
5      0      1      2        174.5028 
6      1      0      4        174.1556 
6      1      0      5         -3.9013 
6      1      2      3       -174.6764 
7      3      2      1        179.8114 
8      4      0      1       -176.8410 
8      4      0      5          1.2110 

Number of Torsional Angles: 9


----------------------------------------------------------------------
                          Center of Mass

         x               y               z              Unit
   0.02436062154    0.1645053616  -0.06279441783      Angstrom
   0.04603490296    0.3108700796   -0.1186642519          Bohr

----------------------------------------------------------------------
                Moment of Inertia Tensor

           1474.77          -577.394          -717.458
          -577.394           3075.86          -425.162
          -717.458          -425.162           3106.43

----------------------------------------------------------------------
                      Principal Moments of Inertia

           x                 y                 z                Unit
       273.1930453       882.8225327        988.178008       amu * ang^2
       975.5900761       3152.616498       3528.847731      amu * bohr^2
  4.5364803408e-38  1.4659623050e-37  1.6409093070e-37          g * cm^2

 - Molecule is an asymmetric top.

----------------------------------------------------------------------

         Rotational constants (MHz)

    A = 1.8499e+03        B = 5.7246e+02        C = 5.1143e+02

----------------------------------------------------------------------

        Rotational constants (cm-1)

    A = 6.1706e-02        B = 1.9095e-02        C = 1.7059e-02

----------------------------------------------------------------------

                                Z-Matrix
C   
C        1       2.6296219
C        2       2.6539605     1       121.76223
C        3      2.53544964     2    121.12797193     1          6.8760
C        4      4.71448976     3     88.14728334     2         -2.9895
H        5      4.00991770     4    115.46803014     3         -1.5784
H        6      4.69768921     5     93.11675367     4          5.4015
H        7      8.00741832     6     92.01030068     5         -4.4749
H        8      8.25369028     7     59.47727100     6          3.7744
N        9     10.10984934     8     29.81320990     7         -2.3975
O       10      2.26946514     9    117.66304537     8        -45.5183
O       11      4.08907054    10     25.91327742     9       -177.5455
C       12      8.67679482    11     67.93370637    10        -12.3206
H       13      2.05228599    12    142.43263023    11         -8.6322
Br      14      4.75451524    13     48.20953033    12       -121.2272

----------------------------------------------------------------------

             Converted back to Cartesian

C        0.000000      0.000000      0.000000
C        0.000000      0.000000      2.629622
C        0.000000      0.098415     -0.022513
C       -0.000196     -0.089008      2.506000
C        0.000548      0.385594     -2.184540
H       -0.000440     -0.158127      1.788344
H        0.000833      0.610597     -2.846022
H       -0.001222     -0.920589      5.013635
H        0.000648      0.804202     -3.057827
N       -0.001423     -1.398173      6.809219
O       -0.000026     -0.824733      4.613397
O       -0.001168     -1.889114      8.561509
C       -0.005724      0.542185      0.232311
H       -0.000954     -0.117714      2.175604
Br      -0.012320      1.477016     -2.303472

----------------------------------------------------------------------
                       Geometry in bohr 

1     C      -1.7332317026    3.7403895201    1.5924949444
2     C       0.8722496565    3.6150569748    1.2598236788
3     C       2.1776737343    1.3049219226    1.3113031481
4     C       0.9335879746   -0.9012996694    1.4268098084
5     C      -3.0833689441    1.5527083306    1.6881822070
6     H      -2.6689956755    5.5410886396    1.7117893162
7     H       1.9690206877    5.3202376788    0.9988286039
8     H       1.9438097050   -2.6738318280    1.4603102709
9     H      -5.1247346567    1.5697714264    1.8487883144
10    N       4.9602921394    1.3695648446    1.1696671181
11    O       6.0824796139   -0.0286003004    2.5611776310
12    O       5.8165031087    2.8296497777   -0.3508939427
13    C      -1.8486108914   -0.9021450856    1.2635728028
14    H      -2.7201065299   -2.4491119437    2.2927796126
15    Br     -2.6478474305   -1.3660627013   -2.3361725474

 Number of nodes, processes per node used for SCF calculation: 1, 4

Common Options
{
  maxiter       = 100
  basis         = 6-311g* spherical
  geom_units    = angstrom
  ang2au factor = 1.889726126
  debug         = false
  file_prefix   = meta_th63_ph90_qed_ccsd_input
}

SCF Options
{
  charge            = 1
  multiplicity      = 1
  level shift       = 0
  tol_int           = 1e-22
  tol_sch           = 1e-12
  tol_lindep        = 1e-10
  conve             = 1e-07
  convd             = 1e-05
  diis_hist         = 10
  AO_tilesize       = 30
  writem            = 10
  damp              = 100
  n_lindep          = 0
  scf_type          = restricted
  cuscf             = false
  qed_omegas        = [0.06615,]
  qed_lambdas       = [0.1,]
  qed_polvecs       = [[5.455841439e-17,0.8910065242,0.4539904997,],]
  direct_df         = false
  restart_size      = 2000
  restart           = false
  debug             = false
}

Number of basis functions = 221

Total number of shells = 105

Total number of electrons = 98
  # of alpha electrons    = 49
  # of beta electons      = 49

Nuclear repulsion energy  = 757.056350415811

# of {all,non-negligible} shell-pairs = {5565,4934}
Number of AO tiles = 105

Time for initial setup: 0.01 secs
HF exch = 1.00

Time for computing 1-e integrals T, V, S: 0.01 secs
Time for computing orthogonalizer: 0.01 secs

Superposition of Atomic Density Guess ...
Time taken for SAD: 0.29 secs
Total Time to compute initial guess: 0.29 secs


 SCF iterations
-----------------------------------------------------------------------------
 Iter     Energy            E-Diff       RMSD        |[F,P]|^2       Time(s)
-----------------------------------------------------------------------------
   1  -3011.8165875667    -3.01e+03     1.67e-02     1.51e+03         0.6 
   2  -3005.7911295723     6.03e+00     7.04e-03     7.70e+00         2.2 
   3  -3005.9955699848    -2.04e-01     2.76e-03     3.56e+00         2.2 
   4  -3006.0969582291    -1.01e-01     1.24e-03     1.36e-01         2.2 
   5  -3006.1047390220    -7.78e-03     2.63e-04     1.06e-02         2.2 
   6  -3006.1053840487    -6.45e-04     1.68e-04     1.85e-03         2.2 
   7  -3006.1055753025    -1.91e-04     7.07e-05     4.67e-04         2.2 
   8  -3006.1056204098    -4.51e-05     3.32e-05     1.00e-04         2.2 
   9  -3006.1056307943    -1.04e-05     1.69e-05     1.50e-05         2.2 
  10  -3006.1056326990    -1.90e-06     7.60e-06     2.63e-06         2.2 
  11  -3006.1056330315    -3.33e-07     3.89e-06     4.14e-07         2.2 
  12  -3006.1056331006    -6.91e-08     1.64e-06     7.44e-08         2.2 

** Total SCF energy = -3006.1056331005643

Nuclear repulsion energy = 757.056350415811266
#electrons        = 98
1e energy kinetic = 3006.2325474494646187
1e energy N-e     = -8667.2248220942765329
1e energy         = -5658.0883272586152088
2e energy         = 1897.6354625270023462
QED energy        = 0.1948286014352405
QED eT energy     = 0.1747801140386341
QED eT energy from matrix = 0.1747801140386187

 Polarizability Matrix (QED energy = 0.5 * lambda.dot(matrix * lambda))
[40.87615986,  1.01569215,  0.53249465]
[ 1.01569215, 40.84293636, -1.87393356]
[ 0.53249465, -1.87393356, 39.09058771]

 Polarizability Matrix (QED eT energy = 0.5 * lambda.dot(matrix * lambda))
[37.19545542,  1.08928048,  0.58511269]
[ 1.08928048, 37.26372947, -2.25431470]
[ 0.58511269, -2.25431470, 34.91578944]


                      Electron        Nuclear        Total  
                  ------------------------------------------
    Monopole         -98.000000     99.000000      1.000000

      Dipole   X     -16.835091     14.548039     -2.287052
      Dipole   Y     -40.811443     41.949101      1.137659
      Dipole   Z      -2.244512      3.669516      1.425003

  Quadrupole  XX   -1216.591332   1166.506566    -50.084766
  Quadrupole  XY    -269.100790    266.841405     -2.259385
  Quadrupole  XZ    -322.651026    319.852585     -2.798441
  Quadrupole  YY    -451.219691    413.921090    -37.298602
  Quadrupole  YZ    -193.487148    197.067557      3.580409
  Quadrupole  ZZ    -389.440108    342.744168    -46.695940

    Octupole XXX   -3399.675117   3246.118313   -153.556804
    Octupole XXY    -951.083232    917.569460    -33.513772
    Octupole XXZ    -594.415686    579.789453    -14.626233
    Octupole XYY    -145.085474    119.613799    -25.471675
    Octupole XYZ     374.352296   -370.748021      3.604275
    Octupole XZZ     183.070124   -221.523685    -38.453561
    Octupole YYY   -1075.618754   1025.232757    -50.385997
    Octupole YYZ    -228.412811    233.296801      4.883991
    Octupole YZZ      90.247888   -126.505703    -36.257814
    Octupole ZZZ      96.406450   -165.338993    -68.932543

writing orbitals and density to disk ... done.

Total Time taken for Hartree-Fock: 25.77 secs

CD Options
{
  debug             = false
  skip_cd           = [false, 100]
  write_cv          = [false, 5000]
  diagtol           = 1e-06
  itilesize         = 1000
  max_cvecs_factor  = 12
}

- #occupied, #virtual = 98, 344

- Tilesize for the MSO space: 40

-----------------------------------------------------
Begin 2-index transformation ... 

nAO, nMO, nelectrons = 221, 442, 98
n_occ_alpha, n_vir_alpha, n_occ_beta, n_vir_beta = 49,172,49,172

Time taken for Fao->Fmo transform: 0.00 secs

-----------------------------------------------------
Number of AO tiles = 105
# of {all,non-negligible} shell-pairs = {5565,4934}

    Begin Cholesky Decomposition
---------------------------------------------
Total # of mpi ranks used for Cholesky decomposition: 4
  --> Number of nodes, mpi ranks per node: 1, 4
- CPU memory required for computing cholesky vectors: 1.93 GiB

- Time for computing the diagonal: 0.01 secs

- Total number of cholesky vectors = 1640

- Time to compute cholesky vectors: 15.74 secs

- CPU memory required for resizing the ao cholesky tensor: 1.56 GiB
- CPU memory required for ao2mo transformation: 1.69 GiB
- CPU memory required for the 2-step contraction: 2.10 GiB

- Time for ao to mo transform: 1.55 secs

   End Cholesky Decomposition
---------------------------------------------

Total Time taken for Cholesky Decomposition: 19.06 secs

scf_type = restricted
Closed-Shell SCF
QED-HF Enabled
nbf = 203
nbf_orig = 221
n_lindep = 0
focc = 1
nmo = 406
nocc = 62
nvir = 344
n_occ_alpha = 31
n_vir_alpha = 172
n_occ_beta = 31
n_vir_beta = 172
nelectrons = 98
nelectrons_alpha = 49
nelectrons_beta = 49
freeze atomic = true
n_frozen_core = 18
n_frozen_virtual = 0
----------------------------
--------- QED-CCSD --------
lambda_x: 0.0000
lambda_y: 0.0891
lambda_z: 0.0454
omega: 0.066150
coupling_factor_x: 0.000000
coupling_factor_y: 0.016204
coupling_factor_z: 0.008257
----------------------------
# of {all,non-negligible} shell-pairs = {5565,4934}
Number of AO tiles = 105
----------------------------
Electronic dipole expectation value using SCF density: 
dipole_x_elec: -16.83489570
dipole_y_elec: -40.81140188
dipole_z_elec: -2.24441052

d_n/N value: d_n is nuclear dipole moment and N is the total number of electrons 
d_nuc_x: 0.14844938
d_nuc_y: 0.42805205
d_nuc_z: 0.03744404

<d_e+d_n> expectation values: 
dipole_total_x: -2.28685651
dipole_total_y: 1.13769924
dipole_total_z: 1.42510530
----------------------------


 CCSD iterations
------------------------------------------------------------
  Iter     Residuum          Correlation          Time(s)
------------------------------------------------------------
   1     1.1852509904372    0.0000000000000         86.45
   2     0.1717023726997   -1.6604316713702         85.43
   3     0.0738272434179   -1.6225453852494         85.45
   4     0.0266809213496   -1.6996186398365         85.30
   5     0.0239939395077   -1.6869195232818         85.36
 MICROCYCLE DIIS UPDATE:                    6
   6     0.0086455499595   -1.6993142395089         84.73
   7     0.0058733069119   -1.6989159014199         84.65
   8     0.0038741907105   -1.7007344834215         84.72
   9     0.0030531891229   -1.7008509642954         85.37
  10     0.0031717757582   -1.7013098340497         84.95
 MICROCYCLE DIIS UPDATE:                   11
  11     0.0006861382132   -1.7018471489373         84.63
  12     0.0005013951461   -1.7019274357991         84.84
  13     0.0003597838900   -1.7019261736453         84.92
  14     0.0003294168521   -1.7019098902192         84.84
  15     0.0002490741061   -1.7019283553192         85.36
 MICROCYCLE DIIS UPDATE:                   16
  16     0.0001026714481   -1.7019072719451         85.71
  17     0.0000674745554   -1.7019354164766         85.86
  18     0.0000617018328   -1.7019425603027         85.83
  19     0.0000479256233   -1.7019483043012         85.75
  20     0.0000528133520   -1.7019484167425         85.70
 MICROCYCLE DIIS UPDATE:                   21
  21     0.0000184727732   -1.7019555345411         85.69
  22     0.0000127710086   -1.7019552783892         84.67
  23     0.0000099878822   -1.7019544600658         84.78
  24     0.0000085562460   -1.7019537379906         84.45
  25     0.0000075605959   -1.7019538872414         84.65
 MICROCYCLE DIIS UPDATE:                   26
  26     0.0000033117404   -1.7019523628435         84.91
  27     0.0000020735472   -1.7019536042850         84.52
  28     0.0000017509692   -1.7019537239980         84.43
  29     0.0000014721920   -1.7019539921841         84.67
  30     0.0000014702137   -1.7019539675601         84.61
 MICROCYCLE DIIS UPDATE:                   31
  31     0.0000006292397   -1.7019542340135         84.32
------------------------------------------------------------------
 Iterations converged
 CCSD correlation energy / hartree =        -1.701954234013494
 CCSD total energy / hartree       =     -3007.807587334577875

Time taken for spin-orbital canonical QED-CCSD: 2705.32 secs
