
ExaChem Git Information
{
 WARNING: Failed to retrieve the current git state.
}


TAMM Git Information
{
 Branch: main
 Commit Hash: e71357ad [e71357ad54f38748b4a7e175aa6760820d5ce96f]
 Commit Date: 2026-02-02 23:14:56 -0800
 Commit Message: add GitHub Actions workflow for releases
}


date: Sun Aug  9 22:26:47 2026
program: "/global/cfs/cdirs/m3196/heindelj/cavity_qed/software/install_gpu/bin/bin/ExaChem"
nnodes: 1, nproc_per_node: 4, nproc_total: 4, ngpus_per_node: 1, ngpus_total: 1

Memory information
{
[AMD EPYC 7763 64-Core Processor                ] : 
  CPU memory per node (GiB): 251
  Total CPU memory (GiB): 251
[NVIDIA A100-SXM4-80GB, CUDA v12.9] : 
  GPU memory per device (GiB): 79
  GPU memory per node (GiB): 79
  Total GPU memory (GiB): 79
}

------------------------------------------------------------

Input file provided: /global/cfs/cdirs/m4262/heindelj/cavity_qed/mlip/lambda_scans/grid_scans_optimized_geoms/runs_grid_no_freq/para_th81_ph234/para_th81_ph234_qed_ccsd_input.json

{
  "geometry": {
    "coordinates": [
      "C    -0.470499826400    1.246377203700    0.845488244000",
      "C     0.884428729300    1.228734914400    0.902728714800",
      "C     1.531054977500    0.010156143200    0.696718314600",
      "H    -1.023575483700    2.168506446700    0.965712756100",
      "H     1.459479123100    2.119007346800    1.081468198400",
      "N     3.001617083900   -0.003889313500    0.744736393600",
      "O     3.467991414400    0.409205546200    1.770760045200",
      "O     3.550020850100   -0.454595182400   -0.222654035700",
      "C    -0.450200046400   -1.213623818700    0.474182471200",
      "H    -0.996805444300   -2.129692733100    0.333412712600",
      "C     0.898129722100   -1.216975230800    0.462930432400",
      "H     1.485647035700   -2.103696135300    0.278443652600",
      "C    -1.238665672700    0.009754333600    0.669526265800",
      "H    -1.907638758200   -0.102310286000    1.526988976500",
      "Br   -2.425064410100    0.180561243800   -0.865003469500"
    ],
    "units": "angstrom",
    "noorient": true
  },
  "common": {
    "maxiter": 100,
    "debug": false
  },
  "basis": {
    "basisset": "6-311G*"
  },
  "SCF": {
    "charge": 1,
    "multiplicity": 1,
    "lshift": 0,
    "tol_lindep": 1e-10,
    "conve": 1e-07,
    "convd": 1e-05,
    "diis_hist": 10,
    "writem": 10,
    "restart": false,
    "noscf": false,
    "scf_type": "restricted",
    "debug": false,
    "qed_omegas": [
      0.06615
    ],
    "qed_volumes": [],
    "qed_lambdas": [
      0.1
    ],
    "qed_polvecs": [
      [
        -0.5805486404630473,
        -0.7990566526874576,
        0.15643446504023092
      ]
    ],
    "direct_df": false
  },
  "CD": {
    "debug": false,
    "diagtol": 1e-06
  },
  "CC": {
    "threshold": 1e-06,
    "ndiis": 5,
    "ccsd_maxiter": 200,
    "tilesize": 40,
    "freeze": {
      "atomic": true
    },
    "readt": false,
    "writet": true,
    "writet_iter": 5,
    "debug": false,
    "profile_ccsd": false,
    "balance_tiles": true
  },
  "TASK": {
    "scf": false,
    "ccsd": true
  }
}

Output folder & files prefix: para_th81_ph234_qed_ccsd_input.6-311g*

  C (carbon)
  ----------
          Exponent        Coefficients
      ----------------  --------------------
  1 S  4.56324000E+03      0.778202
  1 S  6.82024000E+02      1.448695
  1 S  1.54973000E+02      2.383089
  1 S  4.44553000E+01      3.200089
  1 S  1.30290000E+01      3.013004
  1 S  1.82773000E+00      0.247599

  2 S  2.09642000E+01      0.800629
  2 S  4.80331000E+00      2.127420
  2 S  1.45933000E+00     -0.002868

  3 P  2.09642000E+01      2.573592
  3 P  4.80331000E+00      2.408248
  3 P  1.45933000E+00      1.865281

  4 S  4.83456000E-01      0.413217

  5 P  4.83456000E-01      0.574627

  6 S  1.45585000E-01      0.167976

  7 P  1.45585000E-01      0.128185

  8 D  6.26000000E-01      0.725128


  H (hydrogen)
  ------------
          Exponent        Coefficients
      ----------------  --------------------
  1 S  3.38650000E+01      0.255069
  1 S  5.09479000E+00      0.460109
  1 S  1.15879000E+00      0.678321

  2 S  3.25840000E-01      0.307371

  3 S  1.02741000E-01      0.129336


  N (nitrogen)
  ------------
          Exponent        Coefficients
      ----------------  --------------------
  1 S  6.29348000E+03      0.991968
  1 S  9.49044000E+02      1.823240
  1 S  2.18776000E+02      2.979891
  1 S  6.36916000E+01      4.000007
  1 S  1.88282000E+01      3.881008
  1 S  2.72023000E+00      0.386764

  2 S  3.06331000E+01      1.038501
  2 S  7.02614000E+00      2.834794
  2 S  2.11205000E+00     -0.003208

  3 P  3.06331000E+01      3.935616
  3 P  7.02614000E+00      3.870994
  3 P  2.11205000E+00      2.967271

  4 S  6.84009000E-01      0.536051

  5 P  6.84009000E-01      0.886681

  6 S  2.00878000E-01      0.213850

  7 P  2.00878000E-01      0.191693

  8 D  9.13000000E-01      1.403568


  O (oxygen)
  ----------
          Exponent        Coefficients
      ----------------  --------------------
  1 S  8.58850000E+03      1.205013
  1 S  1.29723000E+03      2.216205
  1 S  2.99296000E+02      3.627452
  1 S  8.73771000E+01      4.888452
  1 S  2.56789000E+01      4.835721
  1 S  3.74004000E+00      0.538229

  2 S  4.21175000E+01      1.341958
  2 S  9.62837000E+00      3.587114
  2 S  2.85332000E+00     -0.005123

  3 P  4.21175000E+01      5.584018
  3 P  9.62837000E+00      5.733366
  3 P  2.85332000E+00      4.332955

  4 S  9.05661000E-01      0.661659

  5 P  9.05661000E-01      1.259352

  6 S  2.55611000E-01      0.256209

  7 P  2.55611000E-01      0.259068

  8 D  1.29200000E+00      2.577026


  Br (bromine)
  ------------
          Exponent        Coefficients
      ----------------  --------------------
  1 S  4.39700000E+05      9.893706
  1 S  6.60300000E+04     18.450679
  1 S  1.51400000E+04     31.049770
  1 S  4.31700000E+03     48.888138
  1 S  1.41400000E+03     64.847798
  1 S  5.23900000E+02     42.245010

  2 S  5.23900000E+02     14.290679
  2 S  2.07700000E+02     24.083128
  2 S  8.65400000E+01      5.132542

  3 S  3.05200000E+01      9.254405

  4 S  1.29800000E+01      4.873782

  5 S  4.41200000E+00      2.169635

  6 S  1.86200000E+00      1.136043

  7 S  3.93200000E-01      0.353892

  8 S  1.40000000E-01      0.163120

  9 P  2.95700000E+03    691.874478
  9 P  7.00300000E+02    925.332763
  9 P  2.24600000E+02   1068.830732

  10 P  8.25900000E+01    122.079275
  10 P  3.31900000E+01     57.580687
  10 P  1.42000000E+01     10.176170

  11 P  1.42000000E+01      3.129736
  11 P  7.43800000E+00      6.538168
  11 P  3.52600000E+00      4.166276

  12 P  1.59500000E+00      2.555000

  13 P  8.46200000E-01      1.156861

  14 P  3.18600000E-01      0.341191

  15 P  1.09600000E-01      0.089888

  16 D  1.34800000E+02    160.709187
  16 D  3.63900000E+01    119.797406
  16 D  1.21600000E+01     55.531619
  16 D  4.34100000E+00     12.984636

  17 D  1.53500000E+00      3.484168

  18 D  4.51000000E-01      0.408525



Printing Internal Coordinates

------------------------------------------------------------
                Bond Lengths

i      j        Length (Angstroms)     Length (Bohr)
0      1          1.3562518619         2.5629445768
0      3          1.0819745638         2.0446356009
0      12         1.4663824563         2.7710612382
1      2          1.3948118194         2.6358123358
1      4          1.0748096400         2.0310958571
2      5          1.4714128991         2.7805673974
2      10         1.4003937167         2.6463605931
5      6          1.2003653248         2.2683617148
5      7          1.1998861253         2.2674561591
8      9          1.0759999265         2.0333451726
8      10         1.3483808827         2.5480705818
8      12         1.4684996920         2.7750622339
10     11         1.0795767357         2.0401043623
12     13         1.0933095483         2.0660556171
12     14         1.9471770523         3.6796313476

Number of Bonds: 15

------------------------------------------------------------
           Bond Angles

i      j      k      Angle (degrees)
0      1      2        117.9222 
0      1      4        122.0560 
0      12     8        115.9283 
0      12     13       108.2318 
0      12     14       109.8628 
1      0      3        121.1360 
1      0      12       121.1603 
1      2      5        117.8297 
1      2      10       125.4991 
2      1      4        120.0118 
2      5      6        114.3879 
2      5      7        115.7253 
2      10     8        116.6394 
2      10     11       120.1525 
3      0      12       117.6639 
5      2      10       116.6657 
6      5      7        129.8537 
8      10     11       123.2065 
8      12     13       110.3324 
8      12     14       107.1807 
9      8      10       120.3161 
9      8      12       116.9945 
10     8      12       122.6891 
13     12     14       104.7294 

Number of Angles: 24

------------------------------------------------------------
              Torsional Angles

i      j      k      l      Angle (degrees)
3      0      1      2       -178.0081 
4      1      0      3          0.8412 
8      10     2      1         -1.7918 
9      8      10     2       -177.9911 
10     2      1      0         -1.5353 
10     2      1      4        179.5910 
11     10     2      1        177.7661 
11     10     8      9          2.4658 
12     0      1      2          4.3422 
12     0      1      4       -176.8086 
13     12     0      1        120.7009 
13     12     0      3        -57.0278 
14     12     0      1       -125.4941 
14     12     0      3         56.7772 

Number of Torsional Angles: 14


----------------------------------------------------------------------
                          Center of Mass

         x               y               z              Unit
   -0.1313532218   0.07082524008   0.09312725269      Angstrom
    -0.248221615    0.1338403066    0.1759850024          Bohr

----------------------------------------------------------------------
                Moment of Inertia Tensor

           908.211           131.525          -1052.86
           131.525           4369.64          -52.7011
          -1052.86          -52.7011           4161.98

----------------------------------------------------------------------
                      Principal Moments of Inertia

           x                 y                 z                Unit
       166.3274562       1210.261544       1266.833266       amu * ang^2
       593.9661293       4321.922436       4523.943724      amu * bohr^2
  2.7619342739e-38  2.0096879463e-37  2.1036275655e-37          g * cm^2

 - Molecule is an asymmetric top.

----------------------------------------------------------------------

         Rotational constants (MHz)

    A = 3.0385e+03        B = 4.1758e+02        C = 3.9893e+02

----------------------------------------------------------------------

        Rotational constants (cm-1)

    A = 1.0135e-01        B = 1.3929e-02        C = 1.3307e-02

----------------------------------------------------------------------

                                Z-Matrix
C   
C        1       2.5629446
C        2       2.6358123     1       117.92222
H        3      6.34029752     2     22.05221252     1          1.4643
H        4      4.69832041     3     39.69047218     2          1.5182
N        5      4.99912681     4    126.31669684     3          0.6165
O        6      2.26836171     5     80.88150864     4       -130.3248
O        7      4.10839682     6     25.06778517     5       -138.6413
C        8      7.80607249     7     83.21139284     6        -16.9883
H        9      2.03334517     8    128.77821864     7       -131.5144
C       10      3.98217237     9     33.52973002     8         13.9362
H       11      2.04010436    10     97.07203716     9       -177.9212
C       12      6.55751255    11     18.78050015    10          4.0623
H       13      2.06605562    12    120.42026160    11       -110.3523
Br      14      4.65554789    13     49.85379278    12       -133.2739

----------------------------------------------------------------------

             Converted back to Cartesian

C        0.000000      0.000000      0.000000
C        0.000000      0.000000      2.562945
C        0.000000      0.094661     -0.071167
H       -0.000019     -0.175599      6.263367
H       -0.000006      0.081408      1.572082
N       -0.000053     -0.383873      6.549509
O        0.002196     -0.117220      4.296876
O       -0.001802     -0.631315      8.372979
C        0.006345      0.541455      0.655511
H        0.007197      0.157420      2.652260
C        0.003838      0.949394     -1.250362
H        0.011324      0.484995      0.736168
C       -0.016369      2.014044     -5.640525
H        0.002211      1.459570     -3.650349
Br      -0.045982      2.776665     -8.115443

----------------------------------------------------------------------
                       Geometry in bohr 

1     C      -0.8891158142    2.3553115646    1.5977412238
2     C       1.6713280763    2.3219724696    1.7059100370
3     C       2.8932745912    0.0191923291    1.3166068015
4     H      -1.9342773334    4.0978832865    1.8249326253
5     H       2.7580158291    4.0043435442    2.0436787089
6     N       5.6722342234   -0.0073497373    1.4073478199
7     O       6.5535539802    0.7732864115    3.3462515201
8     O       6.7085671480   -0.8590603929   -0.4207551483
9     C      -0.8507547896   -2.2934166372    0.8960750043
10    H      -1.8836892905   -4.0245359979    0.6300587137
11    C       1.6972192003   -2.2997498882    0.8748117326
12    H       2.8074660172   -3.9754095478    0.5261822449
13    C      -2.3407388830    0.0184330190    1.2652212765
14    H      -3.6049148002   -0.1933384204    2.8855909629
15    Br     -4.5827075728    0.3412112997   -1.6346196553

 Number of nodes, processes per node used for SCF calculation: 1, 4

Common Options
{
  maxiter       = 100
  basis         = 6-311g* spherical
  geom_units    = angstrom
  ang2au factor = 1.889726126
  debug         = false
  file_prefix   = para_th81_ph234_qed_ccsd_input
}

SCF Options
{
  charge            = 1
  multiplicity      = 1
  level shift       = 0
  tol_int           = 1e-22
  tol_sch           = 1e-12
  tol_lindep        = 1e-10
  conve             = 1e-07
  convd             = 1e-05
  diis_hist         = 10
  AO_tilesize       = 30
  writem            = 10
  damp              = 100
  n_lindep          = 0
  scf_type          = restricted
  cuscf             = false
  qed_omegas        = [0.06615,]
  qed_lambdas       = [0.1,]
  qed_polvecs       = [[-0.5805486405,-0.7990566527,0.156434465,],]
  direct_df         = false
  restart_size      = 2000
  restart           = false
  debug             = false
}

Number of basis functions = 221

Total number of shells = 105

Total number of electrons = 98
  # of alpha electrons    = 49
  # of beta electons      = 49

Nuclear repulsion energy  = 732.65098068611

# of {all,non-negligible} shell-pairs = {5565,4881}
Number of AO tiles = 105

Time for initial setup: 0.02 secs
HF exch = 1.00

Time for computing 1-e integrals T, V, S: 0.01 secs
Time for computing orthogonalizer: 0.01 secs

Superposition of Atomic Density Guess ...
Time taken for SAD: 0.40 secs
Total Time to compute initial guess: 0.40 secs


 SCF iterations
-----------------------------------------------------------------------------
 Iter     Energy            E-Diff       RMSD        |[F,P]|^2       Time(s)
-----------------------------------------------------------------------------
   1  -3011.7967482027    -3.01e+03     1.67e-02     1.51e+03         0.6 
   2  -3005.7719484177     6.02e+00     6.91e-03     8.62e+00         2.1 
   3  -3006.0022302806    -2.30e-01     2.62e-03     3.42e+00         2.1 
   4  -3006.0993506154    -9.71e-02     1.17e-03     1.16e-01         2.1 
   5  -3006.1059318242    -6.58e-03     2.56e-04     1.27e-02         2.1 
   6  -3006.1065790666    -6.47e-04     1.65e-04     1.52e-03         2.1 
   7  -3006.1067308177    -1.52e-04     6.77e-05     2.14e-04         2.1 
   8  -3006.1067549997    -2.42e-05     1.74e-05     2.57e-05         2.1 
   9  -3006.1067578166    -2.82e-06     8.39e-06     6.14e-06         2.1 
  10  -3006.1067584995    -6.83e-07     4.68e-06     1.27e-06         2.1 
  11  -3006.1067586815    -1.82e-07     2.40e-06     2.63e-07         2.1 
  12  -3006.1067587286    -4.71e-08     1.44e-06     7.70e-08         2.1 

** Total SCF energy = -3006.1067587286070

Nuclear repulsion energy = 732.650980686110302
#electrons        = 98
1e energy kinetic = 3006.2273408812566231
1e energy N-e     = -8618.2625168495815160
1e energy         = -5608.8141815705585032
2e energy         = 1873.0853544484718896
QED energy        = 0.1920821051347570
QED eT energy     = 0.1721352540166945
QED eT energy from matrix = 0.1721352540166902

 Polarizability Matrix (QED energy = 0.5 * lambda.dot(matrix * lambda))
[42.96786775, -1.03710331,  1.49378343]
[-1.03710331, 38.71168252,  2.10767001]
[ 1.49378343,  2.10767001, 39.96602257]

 Polarizability Matrix (QED eT energy = 0.5 * lambda.dot(matrix * lambda))
[39.68529554, -1.11227695,  1.82021956]
[-1.11227695, 34.72947711,  2.55765370]
[ 1.82021956,  2.55765370, 35.92522941]


                      Electron        Nuclear        Total  
                  ------------------------------------------
    Monopole         -98.000000     99.000000      1.000000

      Dipole   X       2.151838     -3.362282     -1.210444
      Dipole   Y     -11.708613     11.844155      0.135542
      Dipole   Z     -28.569757     29.892357      1.322601

  Quadrupole  XX   -1874.753294   1825.896963    -48.856331
  Quadrupole  XY      61.405137    -61.266114      0.139022
  Quadrupole  XZ    -482.037695    480.920461     -1.117233
  Quadrupole  YY    -247.500829    208.558674    -38.942155
  Quadrupole  YZ     -36.044620     36.710954      0.666334
  Quadrupole  ZZ    -325.944215    277.079039    -48.865176

    Octupole XXX   -2817.525637   2676.253410   -141.272227
    Octupole XXY    -207.168422    205.165823     -2.002599
    Octupole XXZ    -381.612106    342.864471    -38.747635
    Octupole XYY    -146.200092    129.235379    -16.964714
    Octupole XYZ    -267.514363    262.893078     -4.621285
    Octupole XZZ    -298.281085    248.592560    -49.688525
    Octupole YYY     -25.079801     13.177443    -11.902357
    Octupole YYZ    -266.362693    253.317833    -13.044859
    Octupole YZZ    -183.336209    181.312320     -2.023889
    Octupole ZZZ    -386.045178    293.276797    -92.768381

writing orbitals and density to disk ... done.

Total Time taken for Hartree-Fock: 25.45 secs

CD Options
{
  debug             = false
  skip_cd           = [false, 100]
  write_cv          = [false, 5000]
  diagtol           = 1e-06
  itilesize         = 1000
  max_cvecs_factor  = 12
}

- #occupied, #virtual = 98, 344

- Tilesize for the MSO space: 40

-----------------------------------------------------
Begin 2-index transformation ... 

nAO, nMO, nelectrons = 221, 442, 98
n_occ_alpha, n_vir_alpha, n_occ_beta, n_vir_beta = 49,172,49,172

Time taken for Fao->Fmo transform: 0.00 secs

-----------------------------------------------------
Number of AO tiles = 105
# of {all,non-negligible} shell-pairs = {5565,4881}

    Begin Cholesky Decomposition
---------------------------------------------
Total # of mpi ranks used for Cholesky decomposition: 4
  --> Number of nodes, mpi ranks per node: 1, 4
- CPU memory required for computing cholesky vectors: 1.93 GiB

- Time for computing the diagonal: 0.01 secs

- Total number of cholesky vectors = 1635

- Time to compute cholesky vectors: 13.36 secs

- CPU memory required for resizing the ao cholesky tensor: 1.56 GiB
- CPU memory required for ao2mo transformation: 1.69 GiB
- CPU memory required for the 2-step contraction: 2.10 GiB

- Time for ao to mo transform: 1.58 secs

   End Cholesky Decomposition
---------------------------------------------

Total Time taken for Cholesky Decomposition: 17.23 secs

scf_type = restricted
Closed-Shell SCF
QED-HF Enabled
nbf = 203
nbf_orig = 221
n_lindep = 0
focc = 1
nmo = 406
nocc = 62
nvir = 344
n_occ_alpha = 31
n_vir_alpha = 172
n_occ_beta = 31
n_vir_beta = 172
nelectrons = 98
nelectrons_alpha = 49
nelectrons_beta = 49
freeze atomic = true
n_frozen_core = 18
n_frozen_virtual = 0
----------------------------
--------- QED-CCSD --------
lambda_x: -0.0581
lambda_y: -0.0799
lambda_z: 0.0156
omega: 0.066150
coupling_factor_x: -0.010558
coupling_factor_y: -0.014532
coupling_factor_z: 0.002845
----------------------------
# of {all,non-negligible} shell-pairs = {5565,4881}
Number of AO tiles = 105
----------------------------
Electronic dipole expectation value using SCF density: 
dipole_x_elec: 2.15191581
dipole_y_elec: -11.70844154
dipole_z_elec: -28.56971463

d_n/N value: d_n is nuclear dipole moment and N is the total number of electrons 
d_nuc_x: -0.03430900
d_nuc_y: 0.12085873
d_nuc_z: 0.30502406

<d_e+d_n> expectation values: 
dipole_total_x: -1.21036594
dipole_total_y: 0.13571395
dipole_total_z: 1.32264286
----------------------------


 CCSD iterations
------------------------------------------------------------
  Iter     Residuum          Correlation          Time(s)
------------------------------------------------------------
   1     1.1851201960238    0.0000000000000         86.25
   2     0.1674510156442   -1.6439789582809         84.89
   3     0.0682487704012   -1.6291713046357         85.01
   4     0.0245034675778   -1.6970570609991         85.35
   5     0.0209291502416   -1.6892761262536         85.54
 MICROCYCLE DIIS UPDATE:                    6
   6     0.0083387362068   -1.7003732224491         84.53
   7     0.0054841982639   -1.7001139417684         84.74
   8     0.0038946188300   -1.7016625764318         84.68
   9     0.0028733481417   -1.7018922256444         84.67
  10     0.0030699977457   -1.7022665371996         84.69
 MICROCYCLE DIIS UPDATE:                   11
  11     0.0007993213437   -1.7028944194751         83.64
  12     0.0006191144796   -1.7029090821436         84.31
  13     0.0004811745456   -1.7029467977575         84.38
  14     0.0004525632308   -1.7029098471268         83.67
  15     0.0004022828546   -1.7029414397753         83.65
 MICROCYCLE DIIS UPDATE:                   16
  16     0.0001458765737   -1.7029139461043         83.52
  17     0.0000957663383   -1.7029402734132         83.83
  18     0.0000870195394   -1.7029533314743         84.22
  19     0.0000903842392   -1.7029624657602         84.33
  20     0.0001185380238   -1.7029641739782         83.50
 MICROCYCLE DIIS UPDATE:                   21
  21     0.0000278312215   -1.7029782506617         84.67
  22     0.0000226723497   -1.7029741273685         83.82
  23     0.0000167662161   -1.7029743113613         83.89
  24     0.0000163309304   -1.7029725774342         84.33
  25     0.0000135041145   -1.7029733478780         85.05
 MICROCYCLE DIIS UPDATE:                   26
  26     0.0000059015753   -1.7029712594184         85.16
  27     0.0000037693641   -1.7029722775146         85.26
  28     0.0000033221777   -1.7029727738795         85.22
  29     0.0000032991176   -1.7029731655104         85.40
  30     0.0000043531836   -1.7029732337961         85.78
 MICROCYCLE DIIS UPDATE:                   31
  31     0.0000010858936   -1.7029738075518         84.87
  32     0.0000008860461   -1.7029736193017         84.80
------------------------------------------------------------------
 Iterations converged
 CCSD correlation energy / hartree =        -1.702973619301653
 CCSD total energy / hartree       =     -3007.809732347908721

Time taken for spin-orbital canonical QED-CCSD: 2778.80 secs
