
ExaChem Git Information
{
 WARNING: Failed to retrieve the current git state.
}


TAMM Git Information
{
 Branch: main
 Commit Hash: e71357ad [e71357ad54f38748b4a7e175aa6760820d5ce96f]
 Commit Date: 2026-02-02 23:14:56 -0800
 Commit Message: add GitHub Actions workflow for releases
}


date: Thu Aug  6 05:36:15 2026
program: "/global/cfs/cdirs/m3196/heindelj/cavity_qed/software/install_gpu/bin/bin/ExaChem"
nnodes: 1, nproc_per_node: 4, nproc_total: 4, ngpus_per_node: 1, ngpus_total: 1

Memory information
{
[AMD EPYC 7763 64-Core Processor                ] : 
  CPU memory per node (GiB): 251
  Total CPU memory (GiB): 251
[NVIDIA A100-SXM4-40GB, CUDA v12.9] : 
  GPU memory per device (GiB): 39
  GPU memory per node (GiB): 39
  Total GPU memory (GiB): 39
}

------------------------------------------------------------

Input file provided: /global/cfs/cdirs/m4262/heindelj/cavity_qed/mlip/lambda_scans/grid_scans_optimized_geoms/runs_grid_no_freq/meta_th72_ph270/meta_th72_ph270_qed_ccsd_input.json

{
  "geometry": {
    "coordinates": [
      "C    -0.902101032700    2.026959468600    0.656964251100",
      "C     0.486955881400    1.945630915500    0.757894479500",
      "C     1.160517071300    0.727616081500    0.621985306000",
      "C     0.486151112500   -0.424846759600    0.450565112800",
      "C    -1.631583385700    0.884955087100    0.523552620300",
      "H    -1.392100621900    2.983954231100    0.694694285200",
      "H     1.081678176100    2.832373784900    0.932632897200",
      "H     1.015091077300   -1.358247848800    0.334904197800",
      "H    -2.714286546500    0.905659733700    0.479147709000",
      "N     2.635706127100    0.725863956500    0.676510484500",
      "O     3.193546574800   -0.047905691300   -0.051160694000",
      "O     3.127104222800    1.503684635600    1.450887602700",
      "C    -0.974512709700   -0.425604932200    0.588980709600",
      "H    -1.083047265400   -0.642867606600    1.673298018500",
      "Br   -1.880951940900   -1.835626035600   -0.319399252100"
    ],
    "units": "angstrom",
    "noorient": true
  },
  "common": {
    "maxiter": 100,
    "debug": false
  },
  "basis": {
    "basisset": "6-311G*"
  },
  "SCF": {
    "charge": 1,
    "multiplicity": 1,
    "lshift": 0,
    "tol_lindep": 1e-10,
    "conve": 1e-07,
    "convd": 1e-05,
    "diis_hist": 10,
    "writem": 10,
    "restart": false,
    "noscf": false,
    "scf_type": "restricted",
    "debug": false,
    "qed_omegas": [
      0.06615
    ],
    "qed_volumes": [],
    "qed_lambdas": [
      0.1
    ],
    "qed_polvecs": [
      [
        -1.7470624777336386e-16,
        -0.9510565162951536,
        0.3090169943749475
      ]
    ],
    "direct_df": false
  },
  "CD": {
    "debug": false,
    "diagtol": 1e-06
  },
  "CC": {
    "threshold": 1e-06,
    "ndiis": 5,
    "ccsd_maxiter": 200,
    "tilesize": 40,
    "freeze": {
      "atomic": true
    },
    "readt": false,
    "writet": true,
    "writet_iter": 5,
    "debug": false,
    "profile_ccsd": false,
    "balance_tiles": true
  },
  "TASK": {
    "scf": false,
    "ccsd": true
  }
}

Output folder & files prefix: meta_th72_ph270_qed_ccsd_input.6-311g*

  C (carbon)
  ----------
          Exponent        Coefficients
      ----------------  --------------------
  1 S  4.56324000E+03      0.778202
  1 S  6.82024000E+02      1.448695
  1 S  1.54973000E+02      2.383089
  1 S  4.44553000E+01      3.200089
  1 S  1.30290000E+01      3.013004
  1 S  1.82773000E+00      0.247599

  2 S  2.09642000E+01      0.800629
  2 S  4.80331000E+00      2.127420
  2 S  1.45933000E+00     -0.002868

  3 P  2.09642000E+01      2.573592
  3 P  4.80331000E+00      2.408248
  3 P  1.45933000E+00      1.865281

  4 S  4.83456000E-01      0.413217

  5 P  4.83456000E-01      0.574627

  6 S  1.45585000E-01      0.167976

  7 P  1.45585000E-01      0.128185

  8 D  6.26000000E-01      0.725128


  H (hydrogen)
  ------------
          Exponent        Coefficients
      ----------------  --------------------
  1 S  3.38650000E+01      0.255069
  1 S  5.09479000E+00      0.460109
  1 S  1.15879000E+00      0.678321

  2 S  3.25840000E-01      0.307371

  3 S  1.02741000E-01      0.129336


  N (nitrogen)
  ------------
          Exponent        Coefficients
      ----------------  --------------------
  1 S  6.29348000E+03      0.991968
  1 S  9.49044000E+02      1.823240
  1 S  2.18776000E+02      2.979891
  1 S  6.36916000E+01      4.000007
  1 S  1.88282000E+01      3.881008
  1 S  2.72023000E+00      0.386764

  2 S  3.06331000E+01      1.038501
  2 S  7.02614000E+00      2.834794
  2 S  2.11205000E+00     -0.003208

  3 P  3.06331000E+01      3.935616
  3 P  7.02614000E+00      3.870994
  3 P  2.11205000E+00      2.967271

  4 S  6.84009000E-01      0.536051

  5 P  6.84009000E-01      0.886681

  6 S  2.00878000E-01      0.213850

  7 P  2.00878000E-01      0.191693

  8 D  9.13000000E-01      1.403568


  O (oxygen)
  ----------
          Exponent        Coefficients
      ----------------  --------------------
  1 S  8.58850000E+03      1.205013
  1 S  1.29723000E+03      2.216205
  1 S  2.99296000E+02      3.627452
  1 S  8.73771000E+01      4.888452
  1 S  2.56789000E+01      4.835721
  1 S  3.74004000E+00      0.538229

  2 S  4.21175000E+01      1.341958
  2 S  9.62837000E+00      3.587114
  2 S  2.85332000E+00     -0.005123

  3 P  4.21175000E+01      5.584018
  3 P  9.62837000E+00      5.733366
  3 P  2.85332000E+00      4.332955

  4 S  9.05661000E-01      0.661659

  5 P  9.05661000E-01      1.259352

  6 S  2.55611000E-01      0.256209

  7 P  2.55611000E-01      0.259068

  8 D  1.29200000E+00      2.577026


  Br (bromine)
  ------------
          Exponent        Coefficients
      ----------------  --------------------
  1 S  4.39700000E+05      9.893706
  1 S  6.60300000E+04     18.450679
  1 S  1.51400000E+04     31.049770
  1 S  4.31700000E+03     48.888138
  1 S  1.41400000E+03     64.847798
  1 S  5.23900000E+02     42.245010

  2 S  5.23900000E+02     14.290679
  2 S  2.07700000E+02     24.083128
  2 S  8.65400000E+01      5.132542

  3 S  3.05200000E+01      9.254405

  4 S  1.29800000E+01      4.873782

  5 S  4.41200000E+00      2.169635

  6 S  1.86200000E+00      1.136043

  7 S  3.93200000E-01      0.353892

  8 S  1.40000000E-01      0.163120

  9 P  2.95700000E+03    691.874478
  9 P  7.00300000E+02    925.332763
  9 P  2.24600000E+02   1068.830732

  10 P  8.25900000E+01    122.079275
  10 P  3.31900000E+01     57.580687
  10 P  1.42000000E+01     10.176170

  11 P  1.42000000E+01      3.129736
  11 P  7.43800000E+00      6.538168
  11 P  3.52600000E+00      4.166276

  12 P  1.59500000E+00      2.555000

  13 P  8.46200000E-01      1.156861

  14 P  3.18600000E-01      0.341191

  15 P  1.09600000E-01      0.089888

  16 D  1.34800000E+02    160.709187
  16 D  3.63900000E+01    119.797406
  16 D  1.21600000E+01     55.531619
  16 D  4.34100000E+00     12.984636

  17 D  1.53500000E+00      3.484168

  18 D  4.51000000E-01      0.408525



Printing Internal Coordinates

------------------------------------------------------------
                Bond Lengths

i      j        Length (Angstroms)     Length (Bohr)
0      1          1.3950915221         2.6363408974
0      4          1.3616597130         2.5731639342
0      5          1.0758076633         2.0329818477
1      2          1.3984692045         2.6427237919
1      6          1.0819154490         2.0445238901
2      3          1.3462261805         2.5439987847
2      9          1.4761974175         2.7896088268
3      7          1.0790702141         2.0391471753
3      12         1.4672076383         2.7726206061
4      8          1.0838111519         2.0481062493
4      12         1.4675115919         2.7731949953
9      10         1.1997544653         2.2672073577
9      11         1.2025543724         2.2724984153
12     13         1.1111826339         2.0998308539
12     14         1.9065533684         3.6028637108

Number of Bonds: 15

------------------------------------------------------------
           Bond Angles

i      j      k      Angle (degrees)
0      1      2        121.5540 
0      1      6        120.7452 
0      4      8        121.5455 
0      4      12       120.3147 
1      0      4        119.4464 
1      0      5        120.1869 
1      2      3        121.1118 
1      2      9        118.6042 
2      1      6        117.6964 
2      3      7        120.5710 
2      3      12       119.1519 
2      9      10       116.2959 
2      9      11       115.5543 
3      2      9        120.2833 
3      12     4        116.1728 
3      12     13       100.9177 
3      12     14       115.3881 
4      0      5        120.3637 
4      12     13       100.0429 
4      12     14       115.2363 
7      3      12       119.8453 
8      4      12       117.7862 
10     9      11       128.1496 
13     12     14       105.8960 

Number of Angles: 24

------------------------------------------------------------
              Torsional Angles

i      j      k      l      Angle (degrees)
3      2      1      0         -3.1603 
3      12     4      0        -15.3359 
4      0      1      2          5.0218 
4      12     3      2         17.0329 
5      0      1      2       -175.6114 
6      1      0      4       -175.7679 
6      1      0      5          3.5989 
6      1      2      3        177.6063 
7      3      2      1        179.2710 
7      3      12     4       -170.4638 
8      4      0      1        177.7061 
8      4      0      5         -1.6596 
8      4      12     3        171.3859 
12     3      2      1         -8.2815 
12     4      0      1          4.6853 
12     4      0      5       -174.6804 
13     12     3      2        -89.9862 
13     12     3      7         82.5172 
13     12     4      0         92.2034 
13     12     4      8        -81.0748 
14     12     3      2        156.4168 
14     12     3      7        -31.0798 
14     12     4      0       -154.7814 
14     12     4      8         31.9405 

Number of Torsional Angles: 24


----------------------------------------------------------------------
                          Center of Mass

         x               y               z              Unit
   -0.1573040324   -0.2546118637    0.2645136057      Angstrom
   -0.2972615397   -0.4811466908    0.4998582714          Bohr

----------------------------------------------------------------------
                Moment of Inertia Tensor

           1785.14           -1242.1            -500.3
           -1242.1           3026.38          -519.021
            -500.3          -519.021           4345.81

----------------------------------------------------------------------
                      Principal Moments of Inertia

           x                 y                 z                Unit
       245.3579577       1050.949499        1268.00458       amu * ang^2
       876.1891738       3753.008794       4528.126563      amu * bohr^2
  4.0742675219e-38  1.7451438910e-37  2.1055725797e-37          g * cm^2

 - Molecule is an asymmetric top.

----------------------------------------------------------------------

         Rotational constants (MHz)

    A = 2.0598e+03        B = 4.8088e+02        C = 3.9856e+02

----------------------------------------------------------------------

        Rotational constants (cm-1)

    A = 6.8706e-02        B = 1.6040e-02        C = 1.3295e-02

----------------------------------------------------------------------

                                Z-Matrix
C   
C        1       2.6363409
C        2       2.6427238     1       121.55396
C        3      2.54399878     2    121.11184260     1         -3.1603
C        4      4.70754540     3     88.39584840     2          0.6310
H        5      4.00534524     4    115.27766633     3          2.9447
H        6      4.70506626     5     93.42182449     4         -4.9037
H        7      8.00026734     6     91.78465362     5          4.0002
H        8      8.24889615     7     59.69502268     6         -3.2365
N        9     10.12260162     8     29.60107606     7          0.6637
O       10      2.26720736     9    117.62514585     8         37.1983
O       11      4.08285649    10     25.95764103     9        178.6692
C       12      8.71905447    11     66.24537651    10         11.5300
H       13      2.09983085    12     89.21488838    11        125.8098
Br      14      4.64048673    13     48.30608310    12       -148.1800

----------------------------------------------------------------------

             Converted back to Cartesian

C        0.000000      0.000000      0.000000
C        0.000000      0.000000      2.636341
C        0.000000      0.097831     -0.004571
C        0.000090     -0.090051      2.532480
C       -0.000223      0.383887     -2.151147
H        0.000079     -0.159014      1.817234
H       -0.000110      0.611115     -2.824377
H       -0.000339     -0.918498      5.028302
H        0.000414      0.805614     -3.038403
N       -0.000843     -1.399295      6.841143
O       -0.001185     -0.826503      4.647485
O       -0.002076     -1.889175      8.589622
C        0.007429      0.549441      0.218542
H        0.000493     -0.092238      2.217914
Br       0.024442      1.390163     -2.179361

----------------------------------------------------------------------
                       Geometry in bohr 

1     C      -1.7047238897    3.8303982640    1.2414825091
2     C       0.9202132512    3.6767095724    1.4322129986
3     C       2.1930594292    1.3749951188    1.1753818827
4     C       0.9186924584   -0.8028440211    0.8514446651
5     C      -3.0832457506    1.6723227483    0.9893710649
6     H      -2.6306889151    5.6388562690    1.3127819403
7     H       2.0440755092    5.3524107397    1.7624207517
8     H       1.9182441289   -2.5667164453    0.6328772123
9     H      -5.1292582001    1.7114488600    0.9054579439
10    N       4.9807627286    1.3716840825    1.2784195370
11    O       6.0349283967   -0.0905286364   -0.0966797001
12    O       5.9093705483    2.8415521410    2.7417802086
13    C      -1.8415621275   -0.8042767597    1.1130122346
14    H      -2.0466627130   -1.2148437117    3.1620749820
15    Br     -3.5544840243   -3.4688304769   -0.6035771113

 Number of nodes, processes per node used for SCF calculation: 1, 4

Common Options
{
  maxiter       = 100
  basis         = 6-311g* spherical
  geom_units    = angstrom
  ang2au factor = 1.889726126
  debug         = false
  file_prefix   = meta_th72_ph270_qed_ccsd_input
}

SCF Options
{
  charge            = 1
  multiplicity      = 1
  level shift       = 0
  tol_int           = 1e-22
  tol_sch           = 1e-12
  tol_lindep        = 1e-10
  conve             = 1e-07
  convd             = 1e-05
  diis_hist         = 10
  AO_tilesize       = 30
  writem            = 10
  damp              = 100
  n_lindep          = 0
  scf_type          = restricted
  cuscf             = false
  qed_omegas        = [0.06615,]
  qed_lambdas       = [0.1,]
  qed_polvecs       = [[-1.747062478e-16,-0.9510565163,0.3090169944,],]
  direct_df         = false
  restart_size      = 2000
  restart           = false
  debug             = false
}

Number of basis functions = 221

Total number of shells = 105

Total number of electrons = 98
  # of alpha electrons    = 49
  # of beta electons      = 49

Nuclear repulsion energy  = 730.684064074942

# of {all,non-negligible} shell-pairs = {5565,4857}
Number of AO tiles = 105

Time for initial setup: 0.01 secs
HF exch = 1.00

Time for computing 1-e integrals T, V, S: 0.01 secs
Time for computing orthogonalizer: 0.01 secs

Superposition of Atomic Density Guess ...
Time taken for SAD: 0.28 secs
Total Time to compute initial guess: 0.28 secs


 SCF iterations
-----------------------------------------------------------------------------
 Iter     Energy            E-Diff       RMSD        |[F,P]|^2       Time(s)
-----------------------------------------------------------------------------
   1  -3011.9050245127    -3.01e+03     1.74e-02     1.53e+03         0.6 
   2  -3005.7791080136     6.13e+00     7.54e-03     7.86e+00         2.1 
   3  -3005.9920736628    -2.13e-01     3.04e-03     3.59e+00         2.1 
   4  -3006.0954375626    -1.03e-01     1.43e-03     1.44e-01         2.1 
   5  -3006.1041076977    -8.67e-03     3.29e-04     1.36e-02         2.0 
   6  -3006.1049792623    -8.72e-04     2.39e-04     2.68e-03         2.1 
   7  -3006.1052760552    -2.97e-04     1.16e-04     7.13e-04         2.1 
   8  -3006.1053512438    -7.52e-05     4.89e-05     1.48e-04         2.1 
   9  -3006.1053668182    -1.56e-05     1.93e-05     1.92e-05         2.1 
  10  -3006.1053689533    -2.14e-06     7.90e-06     2.87e-06         2.1 
  11  -3006.1053692069    -2.54e-07     2.74e-06     2.72e-07         2.1 
  12  -3006.1053692344    -2.75e-08     9.45e-07     2.12e-08         2.1 

** Total SCF energy = -3006.1053692344467

Nuclear repulsion energy = 730.684064074941716
#electrons        = 98
1e energy kinetic = 3006.2311795095924936
1e energy N-e     = -8614.7250359103527444
1e energy         = -5605.5058844682944255
2e energy         = 1871.5078561157058630
QED energy        = 0.1965669756682429
QED eT energy     = 0.1771894309938325
QED eT energy from matrix = 0.1771894309938177

 Polarizability Matrix (QED energy = 0.5 * lambda.dot(matrix * lambda))
[41.33203300,  1.53217439,  0.72760760]
[ 1.53217439, 41.80809532,  3.49007389]
[ 0.72760760,  3.49007389, 37.16594177]

 Polarizability Matrix (QED eT energy = 0.5 * lambda.dot(matrix * lambda))
[37.79812117,  1.82315162,  0.97118301]
[ 1.82315162, 38.59197147,  4.36466557]
[ 0.97118301,  4.36466557, 32.42808045]


                      Electron        Nuclear        Total  
                  ------------------------------------------
    Monopole         -98.000000     99.000000      1.000000

      Dipole   X      13.261198    -15.416900     -2.155702
      Dipole   Y      28.548888    -27.194105      1.354783
      Dipole   Z     -56.287665     57.577587      1.289922

  Quadrupole  XX   -1415.827233   1365.688002    -50.139231
  Quadrupole  XY    -568.889810    566.963853     -1.925958
  Quadrupole  XZ    -222.084424    219.626414     -2.458010
  Quadrupole  YY    -811.663816    775.429972    -36.233843
  Quadrupole  YZ    -229.834797    231.150640      1.315843
  Quadrupole  ZZ    -196.571655    147.953326    -48.618330

    Octupole XXX   -2508.470910   2385.790481   -122.680429
    Octupole XXY     224.310571   -236.285783    -11.975212
    Octupole XXZ    -939.010420    894.969760    -44.040660
    Octupole XYY    1162.309007  -1185.629620    -23.320612
    Octupole XYZ    -159.329880    143.226383    -16.103497
    Octupole XZZ    -350.152979    331.348055    -18.804924
    Octupole YYY     287.288745   -267.489309     19.799435
    Octupole YYZ    -335.808358    306.466102    -29.342256
    Octupole YZZ    -264.367000    249.337328    -15.029672
    Octupole ZZZ    -376.792366    268.796935   -107.995431

writing orbitals and density to disk ... done.

Total Time taken for Hartree-Fock: 24.36 secs

CD Options
{
  debug             = false
  skip_cd           = [false, 100]
  write_cv          = [false, 5000]
  diagtol           = 1e-06
  itilesize         = 1000
  max_cvecs_factor  = 12
}

- #occupied, #virtual = 98, 344

- Tilesize for the MSO space: 40

-----------------------------------------------------
Begin 2-index transformation ... 

nAO, nMO, nelectrons = 221, 442, 98
n_occ_alpha, n_vir_alpha, n_occ_beta, n_vir_beta = 49,172,49,172

Time taken for Fao->Fmo transform: 0.00 secs

-----------------------------------------------------
Number of AO tiles = 105
# of {all,non-negligible} shell-pairs = {5565,4857}

    Begin Cholesky Decomposition
---------------------------------------------
Total # of mpi ranks used for Cholesky decomposition: 4
  --> Number of nodes, mpi ranks per node: 1, 4
- CPU memory required for computing cholesky vectors: 1.93 GiB

- Time for computing the diagonal: 0.01 secs

- Total number of cholesky vectors = 1638

- Time to compute cholesky vectors: 15.70 secs

- CPU memory required for resizing the ao cholesky tensor: 1.56 GiB
- CPU memory required for ao2mo transformation: 1.69 GiB
- CPU memory required for the 2-step contraction: 2.10 GiB

- Time for ao to mo transform: 1.56 secs

   End Cholesky Decomposition
---------------------------------------------

Total Time taken for Cholesky Decomposition: 19.07 secs

scf_type = restricted
Closed-Shell SCF
QED-HF Enabled
nbf = 203
nbf_orig = 221
n_lindep = 0
focc = 1
nmo = 406
nocc = 62
nvir = 344
n_occ_alpha = 31
n_vir_alpha = 172
n_occ_beta = 31
n_vir_beta = 172
nelectrons = 98
nelectrons_alpha = 49
nelectrons_beta = 49
freeze atomic = true
n_frozen_core = 18
n_frozen_virtual = 0
----------------------------
--------- QED-CCSD --------
lambda_x: -0.0000
lambda_y: -0.0951
lambda_z: 0.0309
omega: 0.066150
coupling_factor_x: -0.000000
coupling_factor_y: -0.017296
coupling_factor_z: 0.005620
----------------------------
# of {all,non-negligible} shell-pairs = {5565,4857}
Number of AO tiles = 105
----------------------------
Electronic dipole expectation value using SCF density: 
dipole_x_elec: 13.26126144
dipole_y_elec: 28.54892067
dipole_z_elec: -56.28768292

d_n/N value: d_n is nuclear dipole moment and N is the total number of electrons 
d_nuc_x: -0.15731531
d_nuc_y: -0.27749087
d_nuc_z: 0.58752640

<d_e+d_n> expectation values: 
dipole_total_x: -2.15563872
dipole_total_y: 1.35481585
dipole_total_z: 1.28990397
----------------------------


 CCSD iterations
------------------------------------------------------------
  Iter     Residuum          Correlation          Time(s)
------------------------------------------------------------
   1     1.1854740318111    0.0000000000000         85.79
   2     0.1722731426924   -1.6593341499853         84.82
   3     0.0735900997882   -1.6226992063339         84.90
   4     0.0247303611170   -1.6994074662547         85.00
   5     0.0203695383901   -1.6875831815006         84.92
 MICROCYCLE DIIS UPDATE:                    6
   6     0.0079229500068   -1.6997148656424         83.32
   7     0.0048954246270   -1.6995920060407         83.33
   8     0.0033285496683   -1.7009962850925         83.07
   9     0.0022015623442   -1.7011776141310         83.00
  10     0.0021905231819   -1.7015268255755         83.20
 MICROCYCLE DIIS UPDATE:                   11
  11     0.0005572507048   -1.7020066167903         84.79
  12     0.0004419621189   -1.7020353362451         83.64
  13     0.0003130457211   -1.7020740352462         83.11
  14     0.0003089556287   -1.7020450464832         82.84
  15     0.0002723111809   -1.7020684967201         83.22
 MICROCYCLE DIIS UPDATE:                   16
  16     0.0000778674057   -1.7020510954750         83.06
  17     0.0000472533544   -1.7020673459709         83.65
  18     0.0000389286937   -1.7020731476241         82.96
  19     0.0000283348756   -1.7020769417351         83.03
  20     0.0000291925354   -1.7020776965099         83.00
 MICROCYCLE DIIS UPDATE:                   21
  21     0.0000119739767   -1.7020830096140         84.20
  22     0.0000089819694   -1.7020818969838         84.22
  23     0.0000062399296   -1.7020817930499         84.37
  24     0.0000060667543   -1.7020811230456         84.02
  25     0.0000052635047   -1.7020813008967         83.44
 MICROCYCLE DIIS UPDATE:                   26
  26     0.0000019221958   -1.7020804446202         83.50
  27     0.0000011312630   -1.7020809183106         83.04
  28     0.0000008845024   -1.7020810878272         83.34
------------------------------------------------------------------
 Iterations converged
 CCSD correlation energy / hartree =        -1.702081087827218
 CCSD total energy / hartree       =     -3007.807450322273780

Time taken for spin-orbital canonical QED-CCSD: 2400.40 secs
