
ExaChem Git Information
{
 WARNING: Failed to retrieve the current git state.
}


TAMM Git Information
{
 Branch: main
 Commit Hash: e71357ad [e71357ad54f38748b4a7e175aa6760820d5ce96f]
 Commit Date: 2026-02-02 23:14:56 -0800
 Commit Message: add GitHub Actions workflow for releases
}


date: Sun Aug  9 15:11:16 2026
program: "/global/cfs/cdirs/m3196/heindelj/cavity_qed/software/install_gpu/bin/bin/ExaChem"
nnodes: 1, nproc_per_node: 4, nproc_total: 4, ngpus_per_node: 1, ngpus_total: 1

Memory information
{
[AMD EPYC 7763 64-Core Processor                ] : 
  CPU memory per node (GiB): 251
  Total CPU memory (GiB): 251
[NVIDIA A100-SXM4-80GB, CUDA v12.9] : 
  GPU memory per device (GiB): 79
  GPU memory per node (GiB): 79
  Total GPU memory (GiB): 79
}

------------------------------------------------------------

Input file provided: /global/cfs/cdirs/m4262/heindelj/cavity_qed/mlip/lambda_scans/grid_scans_optimized_geoms/runs_grid_no_freq/ortho_th63_ph198/ortho_th63_ph198_qed_ccsd_input.json

{
  "geometry": {
    "coordinates": [
      "C    -1.785481219000    1.947092620300    0.663904341000",
      "C    -0.359333830800    1.982071784800    0.696181110400",
      "C     0.301066478800    0.820136348400    0.708933351200",
      "C    -2.497835564300    0.761276077900    0.695775610700",
      "H    -2.318945567100    2.890481165500    0.624898407400",
      "H     0.167775482500    2.921265743500    0.734612986800",
      "H    -3.573318146800    0.776838996300    0.690986271400",
      "N     1.780953842400    0.832760012200    0.770622503800",
      "O     2.322780830400   -0.222813072500    0.564294766900",
      "O     2.279628048900    1.887939478000    1.045881969200",
      "C    -1.811593369800   -0.420806645400    0.782666509600",
      "H    -2.333746645100   -1.362529013200    0.865188380700",
      "C    -0.353888885400   -0.490420865800    0.687835162200",
      "H     0.116613745700   -1.212806687200    1.352832035500",
      "Br   -0.288176097300   -1.326009197500   -1.094885424200"
    ],
    "units": "angstrom",
    "noorient": true
  },
  "common": {
    "maxiter": 100,
    "debug": false
  },
  "basis": {
    "basisset": "6-311G*"
  },
  "SCF": {
    "charge": 1,
    "multiplicity": 1,
    "lshift": 0,
    "tol_lindep": 1e-10,
    "conve": 1e-07,
    "convd": 1e-05,
    "diis_hist": 10,
    "writem": 10,
    "restart": false,
    "noscf": false,
    "scf_type": "restricted",
    "debug": false,
    "qed_omegas": [
      0.06615
    ],
    "qed_volumes": [],
    "qed_lambdas": [
      0.1
    ],
    "qed_polvecs": [
      [
        -0.8473975608908427,
        -0.27533615807315825,
        0.45399049973954686
      ]
    ],
    "direct_df": false
  },
  "CD": {
    "debug": false,
    "diagtol": 1e-06
  },
  "CC": {
    "threshold": 1e-06,
    "ndiis": 5,
    "ccsd_maxiter": 200,
    "tilesize": 40,
    "freeze": {
      "atomic": true
    },
    "readt": false,
    "writet": true,
    "writet_iter": 5,
    "debug": false,
    "profile_ccsd": false,
    "balance_tiles": true
  },
  "TASK": {
    "scf": false,
    "ccsd": true
  }
}

Output folder & files prefix: ortho_th63_ph198_qed_ccsd_input.6-311g*

  C (carbon)
  ----------
          Exponent        Coefficients
      ----------------  --------------------
  1 S  4.56324000E+03      0.778202
  1 S  6.82024000E+02      1.448695
  1 S  1.54973000E+02      2.383089
  1 S  4.44553000E+01      3.200089
  1 S  1.30290000E+01      3.013004
  1 S  1.82773000E+00      0.247599

  2 S  2.09642000E+01      0.800629
  2 S  4.80331000E+00      2.127420
  2 S  1.45933000E+00     -0.002868

  3 P  2.09642000E+01      2.573592
  3 P  4.80331000E+00      2.408248
  3 P  1.45933000E+00      1.865281

  4 S  4.83456000E-01      0.413217

  5 P  4.83456000E-01      0.574627

  6 S  1.45585000E-01      0.167976

  7 P  1.45585000E-01      0.128185

  8 D  6.26000000E-01      0.725128


  H (hydrogen)
  ------------
          Exponent        Coefficients
      ----------------  --------------------
  1 S  3.38650000E+01      0.255069
  1 S  5.09479000E+00      0.460109
  1 S  1.15879000E+00      0.678321

  2 S  3.25840000E-01      0.307371

  3 S  1.02741000E-01      0.129336


  N (nitrogen)
  ------------
          Exponent        Coefficients
      ----------------  --------------------
  1 S  6.29348000E+03      0.991968
  1 S  9.49044000E+02      1.823240
  1 S  2.18776000E+02      2.979891
  1 S  6.36916000E+01      4.000007
  1 S  1.88282000E+01      3.881008
  1 S  2.72023000E+00      0.386764

  2 S  3.06331000E+01      1.038501
  2 S  7.02614000E+00      2.834794
  2 S  2.11205000E+00     -0.003208

  3 P  3.06331000E+01      3.935616
  3 P  7.02614000E+00      3.870994
  3 P  2.11205000E+00      2.967271

  4 S  6.84009000E-01      0.536051

  5 P  6.84009000E-01      0.886681

  6 S  2.00878000E-01      0.213850

  7 P  2.00878000E-01      0.191693

  8 D  9.13000000E-01      1.403568


  O (oxygen)
  ----------
          Exponent        Coefficients
      ----------------  --------------------
  1 S  8.58850000E+03      1.205013
  1 S  1.29723000E+03      2.216205
  1 S  2.99296000E+02      3.627452
  1 S  8.73771000E+01      4.888452
  1 S  2.56789000E+01      4.835721
  1 S  3.74004000E+00      0.538229

  2 S  4.21175000E+01      1.341958
  2 S  9.62837000E+00      3.587114
  2 S  2.85332000E+00     -0.005123

  3 P  4.21175000E+01      5.584018
  3 P  9.62837000E+00      5.733366
  3 P  2.85332000E+00      4.332955

  4 S  9.05661000E-01      0.661659

  5 P  9.05661000E-01      1.259352

  6 S  2.55611000E-01      0.256209

  7 P  2.55611000E-01      0.259068

  8 D  1.29200000E+00      2.577026


  Br (bromine)
  ------------
          Exponent        Coefficients
      ----------------  --------------------
  1 S  4.39700000E+05      9.893706
  1 S  6.60300000E+04     18.450679
  1 S  1.51400000E+04     31.049770
  1 S  4.31700000E+03     48.888138
  1 S  1.41400000E+03     64.847798
  1 S  5.23900000E+02     42.245010

  2 S  5.23900000E+02     14.290679
  2 S  2.07700000E+02     24.083128
  2 S  8.65400000E+01      5.132542

  3 S  3.05200000E+01      9.254405

  4 S  1.29800000E+01      4.873782

  5 S  4.41200000E+00      2.169635

  6 S  1.86200000E+00      1.136043

  7 S  3.93200000E-01      0.353892

  8 S  1.40000000E-01      0.163120

  9 P  2.95700000E+03    691.874478
  9 P  7.00300000E+02    925.332763
  9 P  2.24600000E+02   1068.830732

  10 P  8.25900000E+01    122.079275
  10 P  3.31900000E+01     57.580687
  10 P  1.42000000E+01     10.176170

  11 P  1.42000000E+01      3.129736
  11 P  7.43800000E+00      6.538168
  11 P  3.52600000E+00      4.166276

  12 P  1.59500000E+00      2.555000

  13 P  8.46200000E-01      1.156861

  14 P  3.18600000E-01      0.341191

  15 P  1.09600000E-01      0.089888

  16 D  1.34800000E+02    160.709187
  16 D  3.63900000E+01    119.797406
  16 D  1.21600000E+01     55.531619
  16 D  4.34100000E+00     12.984636

  17 D  1.53500000E+00      3.484168

  18 D  4.51000000E-01      0.408525



Printing Internal Coordinates

------------------------------------------------------------
                Bond Lengths

i      j        Length (Angstroms)     Length (Bohr)
0      1          1.4269413809         2.6965284077
0      3          1.3836998820         2.6148138174
0      4          1.0844757354         2.0493621302
1      2          1.3365571993         2.5257270582
1      5          1.0776857285         2.0365308766
2      7          1.4812263559         2.7991121431
2      12         1.4652548838         2.7689304349
3      6          1.0756058421         2.0326004609
3      10         1.3695977302         2.5881646127
7      8          1.2043181295         2.2758314333
7      9          1.1991027656         2.2659758239
10     11         1.0799513508         2.0408122823
10     12         1.4624436700         2.7636180109
12     13         1.0887767642         2.0574898966
12     14         1.9699286078         3.7226255563

Number of Bonds: 15

------------------------------------------------------------
           Bond Angles

i      j      k      Angle (degrees)
0      1      2        118.2120 
0      1      5        120.7311 
0      3      6        120.1494 
0      3      10       118.8924 
1      0      3        122.3452 
1      0      4        118.1074 
1      2      7        119.1205 
1      2      12       123.8188 
2      1      5        121.0387 
2      7      8        115.7784 
2      7      9        115.6299 
2      12     10       113.7053 
2      12     13       113.0465 
2      12     14       112.1795 
3      0      4        119.5433 
3      10     11       121.0112 
3      10     12       122.4389 
6      3      10       120.9151 
7      2      12       117.0526 
8      7      9        128.5732 
10     12     13       115.0062 
10     12     14        96.4377 
11     10     12       116.4474 
13     12     14       104.8853 

Number of Angles: 24

------------------------------------------------------------
              Torsional Angles

i      j      k      l      Angle (degrees)
3      10     12     2          9.2362 
6      3      0      4         -0.5595 
10     3      0      4       -178.1950 
10     12     2      1         -5.6357 
11     10     3      0        176.5700 
11     10     3      6         -1.0468 
11     10     12     2       -174.4119 
12     2      1      5        178.6446 
12     10     3      0         -7.2413 
12     10     3      6        175.1419 
13     12     2      1       -139.1481 
13     12     10     3        141.8132 
13     12     10     11       -41.8349 
14     12     2      1        102.4984 
14     12     10     3       -108.4388 
14     12     10     11        67.9131 

Number of Torsional Angles: 16


----------------------------------------------------------------------
                          Center of Mass

         x               y               z              Unit
  -0.05205580811  -0.04157913924   0.02055582469      Angstrom
  -0.09837122059  -0.07857318571   0.03884487896          Bohr

----------------------------------------------------------------------
                Moment of Inertia Tensor

           1813.93          -166.202          -152.108
          -166.202           2024.79          -692.226
          -152.108          -692.226           2648.75

----------------------------------------------------------------------
                      Principal Moments of Inertia

           x                 y                 z                Unit
       404.3159803       545.0627661       867.2992585       amu * ang^2
       1443.838578       1946.454475        3097.18188      amu * bohr^2
  6.7138293882e-38  9.0509863458e-38  1.4401852842e-37          g * cm^2

 - Molecule is an asymmetric top.

----------------------------------------------------------------------

         Rotational constants (MHz)

    A = 1.2500e+03        B = 9.2719e+02        C = 5.8270e+02

----------------------------------------------------------------------

        Rotational constants (cm-1)

    A = 4.1694e-02        B = 3.0928e-02        C = 1.9437e-02

----------------------------------------------------------------------

                                Z-Matrix
C   
C        1       2.6965284
C        2       2.5257271     1       118.21202
C        3      5.29038619     2     61.59130354     1         -1.1671
H        4      4.04001150     3     84.00506237     2          1.4628
H        5      4.70415297     4     95.41930745     3         -2.2488
H        6      8.14913600     5     29.16512631     4         -1.1904
N        7     10.11977853     6     29.22222672     5        176.5621
O        8      2.27583143     7    115.98455206     6       -168.2523
O        9      4.09205989     8     25.65352079     7       -176.6597
C       10      8.89129371     9     61.74361855     8          7.2545
H       11      2.04081228    10    147.56809043     9         26.2209
C       12      4.10199587    11     37.10053028    10        -14.9944
H       13      2.05748990    12     94.45528128    11        142.6778
Br      14      4.69321782    13     50.04729539    12         87.2577

----------------------------------------------------------------------

             Converted back to Cartesian

C        0.000000      0.000000      0.000000
C        0.000000      0.000000      2.696528
C        0.000000      0.090930      0.172439
C        0.000035     -0.198686      5.454892
H       -0.000074      0.125623      1.427918
H        0.000256     -0.388112      6.103935
H       -0.000398      0.573774     -1.988234
N       -0.004327     -0.709997      8.049785
O        0.004895     -0.342160      5.803896
O       -0.013285     -1.035046      9.836827
C        0.034195      0.634811      1.103876
H        0.018205      0.161987      3.089096
C        0.053121      1.157305     -0.890162
H        0.029511      0.601174      1.090602
Br       0.088824      1.938249     -3.407732

----------------------------------------------------------------------
                       Geometry in bohr 

1     C      -3.3740705069    3.6794717941    1.2545973783
2     C      -0.6790425280    3.7455728352    1.3155916327
3     C       0.5689331906    1.5498330844    1.3396898753
4     C      -4.7202251241    1.4386032934    1.3148253493
5     H      -4.3821720227    5.4622177749    1.1808868465
6     H       0.3170497126    5.5203921962    1.3882173536
7     H      -6.7525926582    1.4680129469    1.3057748097
8     N       3.3655150050    1.5736883517    1.4562654786
9     O       4.3894196200   -0.4210556843    1.0663625637
10    O       4.3078726814    3.5676885557    1.9764304818
11    C      -3.4234153204   -0.7952093118    1.4790253511
12    H      -4.4101420065   -2.5748066736    1.6349690868
13    C      -0.6687530724   -0.9267611228    1.2998200763
14    H       0.2203680419   -2.2918724825    2.5564820414
15    Br     -0.5445738999   -2.5057942237   -2.0690335910

 Number of nodes, processes per node used for SCF calculation: 1, 4

Common Options
{
  maxiter       = 100
  basis         = 6-311g* spherical
  geom_units    = angstrom
  ang2au factor = 1.889726126
  debug         = false
  file_prefix   = ortho_th63_ph198_qed_ccsd_input
}

SCF Options
{
  charge            = 1
  multiplicity      = 1
  level shift       = 0
  tol_int           = 1e-22
  tol_sch           = 1e-12
  tol_lindep        = 1e-10
  conve             = 1e-07
  convd             = 1e-05
  diis_hist         = 10
  AO_tilesize       = 30
  writem            = 10
  damp              = 100
  n_lindep          = 0
  scf_type          = restricted
  cuscf             = false
  qed_omegas        = [0.06615,]
  qed_lambdas       = [0.1,]
  qed_polvecs       = [[-0.8473975609,-0.2753361581,0.4539904997,],]
  direct_df         = false
  restart_size      = 2000
  restart           = false
  debug             = false
}

Number of basis functions = 221

Total number of shells = 105

Total number of electrons = 98
  # of alpha electrons    = 49
  # of beta electons      = 49

Nuclear repulsion energy  = 779.623965282454

# of {all,non-negligible} shell-pairs = {5565,4998}
Number of AO tiles = 105

Time for initial setup: 0.01 secs
HF exch = 1.00

Time for computing 1-e integrals T, V, S: 0.01 secs
Time for computing orthogonalizer: 0.01 secs

Superposition of Atomic Density Guess ...
Time taken for SAD: 0.29 secs
Total Time to compute initial guess: 0.30 secs


 SCF iterations
-----------------------------------------------------------------------------
 Iter     Energy            E-Diff       RMSD        |[F,P]|^2       Time(s)
-----------------------------------------------------------------------------
   1  -3011.8592757070    -3.01e+03     1.68e-02     1.51e+03         0.6 
   2  -3005.7718258766     6.09e+00     6.86e-03     8.42e+00         2.2 
   3  -3006.0004039199    -2.29e-01     2.72e-03     3.52e+00         2.2 
   4  -3006.1012458316    -1.01e-01     1.18e-03     1.36e-01         2.2 
   5  -3006.1092001971    -7.95e-03     3.15e-04     1.50e-02         2.2 
   6  -3006.1100286522    -8.28e-04     1.96e-04     1.79e-03         2.2 
   7  -3006.1102493463    -2.21e-04     7.32e-05     3.15e-04         2.2 
   8  -3006.1102890421    -3.97e-05     3.26e-05     6.77e-05         2.2 
   9  -3006.1102967243    -7.68e-06     1.62e-05     1.03e-05         2.2 
  10  -3006.1102981802    -1.46e-06     6.20e-06     1.70e-06         2.2 
  11  -3006.1102983744    -1.94e-07     2.79e-06     2.83e-07         2.2 
  12  -3006.1102984078    -3.35e-08     9.40e-07     3.66e-08         2.2 

** Total SCF energy = -3006.1102984078166

Nuclear repulsion energy = 779.623965282453696
#electrons        = 98
1e energy kinetic = 3006.2117395748405215
1e energy N-e     = -8712.5662893313638051
1e energy         = -5703.3993308614444686
2e energy         = 1920.4306163527321587
QED energy        = 0.1896697135198768
QED eT energy     = 0.1691565696770128
QED eT energy from matrix = 0.1691565696769803

 Polarizability Matrix (QED energy = 0.5 * lambda.dot(matrix * lambda))
[39.13817277, -1.57791432, -0.16782504]
[-1.57791432, 45.60047498,  2.53178874]
[-0.16782504,  2.53178874, 36.93542419]

 Polarizability Matrix (QED eT energy = 0.5 * lambda.dot(matrix * lambda))
[35.35286785, -1.66349710, -0.16121486]
[-1.66349710, 42.62750003,  2.94298589]
[-0.16121486,  2.94298589, 32.02893149]


                      Electron        Nuclear        Total  
                  ------------------------------------------
    Monopole         -98.000000     99.000000      1.000000

      Dipole   X      11.052657    -14.710072     -3.657415
      Dipole   Y      -7.041802      8.219091      1.177289
      Dipole   Z     -16.960282     18.207655      1.247373

  Quadrupole  XX    -797.859520    756.363995    -41.495525
  Quadrupole  XY     -72.332506     66.604150     -5.728357
  Quadrupole  XZ     -65.506442     60.085190     -5.421252
  Quadrupole  YY    -652.992317    615.877877    -37.114440
  Quadrupole  YZ    -321.662829    323.067815      1.404986
  Quadrupole  ZZ    -329.425341    283.491403    -45.933938

    Octupole XXX     -62.898476     -5.255993    -68.154469
    Octupole XXY   -1091.774611   1084.341688     -7.432923
    Octupole XXZ   -1053.959693   1041.255977    -12.703717
    Octupole XYY     142.540097   -178.254960    -35.714864
    Octupole XYZ     -39.240330     29.886140     -9.354191
    Octupole XZZ      27.886678    -17.905689      9.980990
    Octupole YYY    -808.157320    791.123556    -17.033764
    Octupole YYZ    -153.807634    138.527998    -15.279636
    Octupole YZZ     126.147229   -160.102231    -33.955002
    Octupole ZZZ      25.822759   -103.132343    -77.309584

writing orbitals and density to disk ... done.

Total Time taken for Hartree-Fock: 26.50 secs

CD Options
{
  debug             = false
  skip_cd           = [false, 100]
  write_cv          = [false, 5000]
  diagtol           = 1e-06
  itilesize         = 1000
  max_cvecs_factor  = 12
}

- #occupied, #virtual = 98, 344

- Tilesize for the MSO space: 40

-----------------------------------------------------
Begin 2-index transformation ... 

nAO, nMO, nelectrons = 221, 442, 98
n_occ_alpha, n_vir_alpha, n_occ_beta, n_vir_beta = 49,172,49,172

Time taken for Fao->Fmo transform: 0.00 secs

-----------------------------------------------------
Number of AO tiles = 105
# of {all,non-negligible} shell-pairs = {5565,4998}

    Begin Cholesky Decomposition
---------------------------------------------
Total # of mpi ranks used for Cholesky decomposition: 4
  --> Number of nodes, mpi ranks per node: 1, 4
- CPU memory required for computing cholesky vectors: 1.93 GiB

- Time for computing the diagonal: 0.01 secs

- Total number of cholesky vectors = 1647

- Time to compute cholesky vectors: 15.10 secs

- CPU memory required for resizing the ao cholesky tensor: 1.56 GiB
- CPU memory required for ao2mo transformation: 1.70 GiB
- CPU memory required for the 2-step contraction: 2.11 GiB

- Time for ao to mo transform: 1.53 secs

   End Cholesky Decomposition
---------------------------------------------

Total Time taken for Cholesky Decomposition: 18.98 secs

scf_type = restricted
Closed-Shell SCF
QED-HF Enabled
nbf = 203
nbf_orig = 221
n_lindep = 0
focc = 1
nmo = 406
nocc = 62
nvir = 344
n_occ_alpha = 31
n_vir_alpha = 172
n_occ_beta = 31
n_vir_beta = 172
nelectrons = 98
nelectrons_alpha = 49
nelectrons_beta = 49
freeze atomic = true
n_frozen_core = 18
n_frozen_virtual = 0
----------------------------
--------- QED-CCSD --------
lambda_x: -0.0847
lambda_y: -0.0275
lambda_z: 0.0454
omega: 0.066150
coupling_factor_x: -0.015411
coupling_factor_y: -0.005007
coupling_factor_z: 0.008257
----------------------------
# of {all,non-negligible} shell-pairs = {5565,4998}
Number of AO tiles = 105
----------------------------
Electronic dipole expectation value using SCF density: 
dipole_x_elec: 11.05263815
dipole_y_elec: -7.04180022
dipole_z_elec: -16.96020222

d_n/N value: d_n is nuclear dipole moment and N is the total number of electrons 
d_nuc_x: -0.15010278
d_nuc_y: 0.08386827
d_nuc_z: 0.18579240

<d_e+d_n> expectation values: 
dipole_total_x: -3.65743401
dipole_total_y: 1.17729058
dipole_total_z: 1.24745292
----------------------------


 CCSD iterations
------------------------------------------------------------
  Iter     Residuum          Correlation          Time(s)
------------------------------------------------------------
   1     1.1848954669433    0.0000000000000         85.56
   2     0.1703508998469   -1.6313847596449         84.60
   3     0.0670695983549   -1.6266344184067         84.61
   4     0.0242243632426   -1.6915642215918         84.62
   5     0.0213365847788   -1.6869217932941         84.70
 MICROCYCLE DIIS UPDATE:                    6
   6     0.0089925455294   -1.6972997589838         84.45
   7     0.0063612734509   -1.6970360243897         83.98
   8     0.0048923464367   -1.6987182348999         84.00
   9     0.0050211560110   -1.6989175121399         83.86
  10     0.0061667393545   -1.6993782502896         84.33
 MICROCYCLE DIIS UPDATE:                   11
  11     0.0009635552654   -1.7000325138428         84.55
  12     0.0007279002344   -1.6999815494046         84.15
  13     0.0006085926044   -1.7000888637156         83.48
  14     0.0006961264826   -1.7000559593676         83.48
  15     0.0009594945751   -1.7001012735860         83.49
 MICROCYCLE DIIS UPDATE:                   16
  16     0.0001662914193   -1.7001338675299         83.71
  17     0.0001111323705   -1.7001117669692         84.27
  18     0.0001040967056   -1.7001344244008         83.69
  19     0.0000955419918   -1.7001381896466         83.19
  20     0.0001201683967   -1.7001402695376         83.18
 MICROCYCLE DIIS UPDATE:                   21
  21     0.0000349638685   -1.7001575091901         83.52
  22     0.0000279548966   -1.7001503077041         83.68
  23     0.0000234147961   -1.7001510447606         83.91
  24     0.0000275463472   -1.7001489027118         84.09
  25     0.0000363471936   -1.7001497309000         83.16
 MICROCYCLE DIIS UPDATE:                   26
  26     0.0000077986988   -1.7001482399342         83.34
  27     0.0000051001295   -1.7001480316021         82.69
  28     0.0000044350447   -1.7001491207374         82.92
  29     0.0000041516796   -1.7001493512235         82.60
  30     0.0000051334880   -1.7001495111478         83.04
 MICROCYCLE DIIS UPDATE:                   31
  31     0.0000016476380   -1.7001503332774         83.32
  32     0.0000013463564   -1.7001499559334         83.39
  33     0.0000011509937   -1.7001499564710         83.95
  34     0.0000013489403   -1.7001498631785         84.11
  35     0.0000018128891   -1.7001498897690         83.96
 MICROCYCLE DIIS UPDATE:                   36
  36     0.0000003670150   -1.7001498165038         84.30
------------------------------------------------------------------
 Iterations converged
 CCSD correlation energy / hartree =        -1.700149816503760
 CCSD total energy / hartree       =     -3007.810448224320226

Time taken for spin-orbital canonical QED-CCSD: 3093.66 secs
