
ExaChem Git Information
{
 WARNING: Failed to retrieve the current git state.
}


TAMM Git Information
{
 Branch: main
 Commit Hash: e71357ad [e71357ad54f38748b4a7e175aa6760820d5ce96f]
 Commit Date: 2026-02-02 23:14:56 -0800
 Commit Message: add GitHub Actions workflow for releases
}


date: Thu Aug  6 20:24:14 2026
program: "/global/cfs/cdirs/m3196/heindelj/cavity_qed/software/install_gpu/bin/bin/ExaChem"
nnodes: 1, nproc_per_node: 4, nproc_total: 4, ngpus_per_node: 1, ngpus_total: 1

Memory information
{
[AMD EPYC 7763 64-Core Processor                ] : 
  CPU memory per node (GiB): 251
  Total CPU memory (GiB): 251
[NVIDIA A100-SXM4-40GB, CUDA v12.9] : 
  GPU memory per device (GiB): 39
  GPU memory per node (GiB): 39
  Total GPU memory (GiB): 39
}

------------------------------------------------------------

Input file provided: /global/cfs/cdirs/m4262/heindelj/cavity_qed/mlip/lambda_scans/grid_scans_optimized_geoms/runs_grid_no_freq/para_th63_ph252/para_th63_ph252_qed_ccsd_input.json

{
  "geometry": {
    "coordinates": [
      "C    -0.457967044200    1.257016871500    0.495901840700",
      "C     0.894388788800    1.257261593500    0.590562532500",
      "C     1.538403525800    0.022433626100    0.719484448900",
      "H    -1.007352206200    2.178001059600    0.367024693200",
      "H     1.477118017400    2.160623814900    0.553899232300",
      "N     3.006074249500    0.010581998000    0.789923844000",
      "O     3.552492586400   -0.635363841100   -0.061168300600",
      "O     3.476294557500    0.630181588100    1.703962236100",
      "C    -0.458410615100   -1.211700360100    0.759220978100",
      "H    -1.013206459700   -2.132620718100    0.828567558000",
      "C     0.891494934700   -1.218814775000    0.790646973100",
      "H     1.474614591100   -2.123268360400    0.863172277600",
      "C    -1.238286957100    0.023160391600    0.627289550200",
      "H    -1.895057523800    0.143348631700    1.496900339400",
      "Br   -2.474681121500   -0.213321040900   -0.859948494000"
    ],
    "units": "angstrom",
    "noorient": true
  },
  "common": {
    "maxiter": 100,
    "debug": false
  },
  "basis": {
    "basisset": "6-311G*"
  },
  "SCF": {
    "charge": 1,
    "multiplicity": 1,
    "lshift": 0,
    "tol_lindep": 1e-10,
    "conve": 1e-07,
    "convd": 1e-05,
    "diis_hist": 10,
    "writem": 10,
    "restart": false,
    "noscf": false,
    "scf_type": "restricted",
    "debug": false,
    "qed_omegas": [
      0.06615
    ],
    "qed_volumes": [],
    "qed_lambdas": [
      0.1
    ],
    "qed_polvecs": [
      [
        -0.2753361580731585,
        -0.8473975608908426,
        0.45399049973954686
      ]
    ],
    "direct_df": false
  },
  "CD": {
    "debug": false,
    "diagtol": 1e-06
  },
  "CC": {
    "threshold": 1e-06,
    "ndiis": 5,
    "ccsd_maxiter": 200,
    "tilesize": 40,
    "freeze": {
      "atomic": true
    },
    "readt": false,
    "writet": true,
    "writet_iter": 5,
    "debug": false,
    "profile_ccsd": false,
    "balance_tiles": true
  },
  "TASK": {
    "scf": false,
    "ccsd": true
  }
}

Output folder & files prefix: para_th63_ph252_qed_ccsd_input.6-311g*

  C (carbon)
  ----------
          Exponent        Coefficients
      ----------------  --------------------
  1 S  4.56324000E+03      0.778202
  1 S  6.82024000E+02      1.448695
  1 S  1.54973000E+02      2.383089
  1 S  4.44553000E+01      3.200089
  1 S  1.30290000E+01      3.013004
  1 S  1.82773000E+00      0.247599

  2 S  2.09642000E+01      0.800629
  2 S  4.80331000E+00      2.127420
  2 S  1.45933000E+00     -0.002868

  3 P  2.09642000E+01      2.573592
  3 P  4.80331000E+00      2.408248
  3 P  1.45933000E+00      1.865281

  4 S  4.83456000E-01      0.413217

  5 P  4.83456000E-01      0.574627

  6 S  1.45585000E-01      0.167976

  7 P  1.45585000E-01      0.128185

  8 D  6.26000000E-01      0.725128


  H (hydrogen)
  ------------
          Exponent        Coefficients
      ----------------  --------------------
  1 S  3.38650000E+01      0.255069
  1 S  5.09479000E+00      0.460109
  1 S  1.15879000E+00      0.678321

  2 S  3.25840000E-01      0.307371

  3 S  1.02741000E-01      0.129336


  N (nitrogen)
  ------------
          Exponent        Coefficients
      ----------------  --------------------
  1 S  6.29348000E+03      0.991968
  1 S  9.49044000E+02      1.823240
  1 S  2.18776000E+02      2.979891
  1 S  6.36916000E+01      4.000007
  1 S  1.88282000E+01      3.881008
  1 S  2.72023000E+00      0.386764

  2 S  3.06331000E+01      1.038501
  2 S  7.02614000E+00      2.834794
  2 S  2.11205000E+00     -0.003208

  3 P  3.06331000E+01      3.935616
  3 P  7.02614000E+00      3.870994
  3 P  2.11205000E+00      2.967271

  4 S  6.84009000E-01      0.536051

  5 P  6.84009000E-01      0.886681

  6 S  2.00878000E-01      0.213850

  7 P  2.00878000E-01      0.191693

  8 D  9.13000000E-01      1.403568


  O (oxygen)
  ----------
          Exponent        Coefficients
      ----------------  --------------------
  1 S  8.58850000E+03      1.205013
  1 S  1.29723000E+03      2.216205
  1 S  2.99296000E+02      3.627452
  1 S  8.73771000E+01      4.888452
  1 S  2.56789000E+01      4.835721
  1 S  3.74004000E+00      0.538229

  2 S  4.21175000E+01      1.341958
  2 S  9.62837000E+00      3.587114
  2 S  2.85332000E+00     -0.005123

  3 P  4.21175000E+01      5.584018
  3 P  9.62837000E+00      5.733366
  3 P  2.85332000E+00      4.332955

  4 S  9.05661000E-01      0.661659

  5 P  9.05661000E-01      1.259352

  6 S  2.55611000E-01      0.256209

  7 P  2.55611000E-01      0.259068

  8 D  1.29200000E+00      2.577026


  Br (bromine)
  ------------
          Exponent        Coefficients
      ----------------  --------------------
  1 S  4.39700000E+05      9.893706
  1 S  6.60300000E+04     18.450679
  1 S  1.51400000E+04     31.049770
  1 S  4.31700000E+03     48.888138
  1 S  1.41400000E+03     64.847798
  1 S  5.23900000E+02     42.245010

  2 S  5.23900000E+02     14.290679
  2 S  2.07700000E+02     24.083128
  2 S  8.65400000E+01      5.132542

  3 S  3.05200000E+01      9.254405

  4 S  1.29800000E+01      4.873782

  5 S  4.41200000E+00      2.169635

  6 S  1.86200000E+00      1.136043

  7 S  3.93200000E-01      0.353892

  8 S  1.40000000E-01      0.163120

  9 P  2.95700000E+03    691.874478
  9 P  7.00300000E+02    925.332763
  9 P  2.24600000E+02   1068.830732

  10 P  8.25900000E+01    122.079275
  10 P  3.31900000E+01     57.580687
  10 P  1.42000000E+01     10.176170

  11 P  1.42000000E+01      3.129736
  11 P  7.43800000E+00      6.538168
  11 P  3.52600000E+00      4.166276

  12 P  1.59500000E+00      2.555000

  13 P  8.46200000E-01      1.156861

  14 P  3.18600000E-01      0.341191

  15 P  1.09600000E-01      0.089888

  16 D  1.34800000E+02    160.709187
  16 D  3.63900000E+01    119.797406
  16 D  1.21600000E+01     55.531619
  16 D  4.34100000E+00     12.984636

  17 D  1.53500000E+00      3.484168

  18 D  4.51000000E-01      0.408525



Printing Internal Coordinates

------------------------------------------------------------
                Bond Lengths

i      j        Length (Angstroms)     Length (Bohr)
0      1          1.3556647836         2.5618351596
0      3          1.0801135357         2.0411187674
0      12         1.4657979771         2.7699567326
1      2          1.3986336014         2.6430344572
1      4          1.0756304451         2.0326469540
2      5          1.4694078817         2.7767784636
2      10         1.4015178998         2.6484849911
5      6          1.2000736913         2.2678106075
5      7          1.2001987220         2.2680468813
8      9          1.0773586604         2.0359128075
8      10         1.3502900435         2.5516783727
8      12         1.4664563023         2.7712007870
10     11         1.0785753296         2.0382119791
12     13         1.0963647728         2.0718291547
12     14         1.9484534887         3.6820434628

Number of Bonds: 15

------------------------------------------------------------
           Bond Angles

i      j      k      Angle (degrees)
0      1      2        117.7499 
0      1      4        122.5615 
0      12     8        115.7077 
0      12     13       107.3208 
0      12     14       111.8113 
1      0      3        121.0357 
1      0      12       121.6646 
1      2      5        118.1288 
1      2      10       125.0340 
2      1      4        119.6808 
2      5      6        115.1587 
2      5      7        115.0663 
2      10     8        117.1034 
2      10     11       119.7712 
3      0      12       117.2370 
5      2      10       116.8370 
6      5      7        129.7614 
8      10     11       123.1250 
8      12     13       109.8482 
8      12     14       107.6938 
9      8      10       120.5847 
9      8      12       116.8546 
10     8      12       122.5605 
13     12     14       103.8043 

Number of Angles: 24

------------------------------------------------------------
              Torsional Angles

i      j      k      l      Angle (degrees)
3      0      1      2       -178.2814 
4      1      0      3          0.7040 
8      10     2      1         -1.4284 
8      12     0      1         -4.6617 
8      12     0      3        178.1909 
9      8      10     2       -178.8747 
9      8      12     0       -178.2971 
10     2      1      0         -1.5993 
10     2      1      4        179.3849 
10     8      12     0          1.5165 
11     10     2      1        178.3585 
11     10     8      9          1.3463 
12     0      1      2          4.6788 
12     0      1      4       -176.3358 
12     8      10     2          1.3186 
12     8      10     11      -178.4605 
13     12     0      1        118.3541 
13     12     0      3        -58.7933 
13     12     8      9         60.0293 
13     12     8      10      -120.1571 
14     12     0      1       -128.4411 
14     12     0      3         54.4115 
14     12     8      9        -52.3930 
14     12     8      10       127.4206 

Number of Torsional Angles: 24


----------------------------------------------------------------------
                          Center of Mass

         x               y               z              Unit
   -0.1487309346  -0.07490785763    0.1012701351      Angstrom
   -0.2810607328   -0.1415553356      0.19137282          Bohr

----------------------------------------------------------------------
                Moment of Inertia Tensor

           914.977          -140.507          -1098.22
          -140.507           4415.79          -95.9511
          -1098.22          -95.9511           4267.37

----------------------------------------------------------------------
                      Principal Moments of Inertia

           x                 y                 z                Unit
       162.5268898       1234.453934       1290.768983       amu * ang^2
       580.3940602        4408.31503       4609.419719      amu * bohr^2
  2.6988243405e-38  2.0498603828e-37  2.1433737846e-37          g * cm^2

 - Molecule is an asymmetric top.

----------------------------------------------------------------------

         Rotational constants (MHz)

    A = 3.1095e+03        B = 4.0939e+02        C = 3.9153e+02

----------------------------------------------------------------------

        Rotational constants (cm-1)

    A = 1.0372e-01        B = 1.3656e-02        C = 1.3060e-02

----------------------------------------------------------------------

                                Z-Matrix
C   
C        1       2.5618352
C        2       2.6430345     1        117.7499
H        3      6.33877668     2     22.10319156     1          1.2601
H        4      4.70834521     3     39.72224773     2          1.3170
N        5      5.00548985     4    126.01042748     3          1.0657
O        6      2.26781061     5    129.53391201     4         92.7884
O        7      4.10688279     6     25.12069524     5        118.4119
C        8      8.40173382     7     67.49272978     6         16.5900
H        9      2.03591281     8    142.76711222     7         77.3246
C       10      3.99281139     9     33.37798217     8        -22.1608
H       11      2.03821198    10     97.09353480     9       -178.8639
C       12      6.55237345    11     18.79502475    10          2.2988
H       13      2.07182915    12    118.85534921    11       -109.5460
Br      14      4.63576943    13     50.47318607    12       -133.7745

----------------------------------------------------------------------

             Converted back to Cartesian

C        0.000000      0.000000      0.000000
C        0.000000      0.000000      2.561835
C        0.000000      0.094782     -0.079499
H       -0.000016     -0.175179      6.253526
H       -0.000005      0.082247      1.552224
N       -0.000076     -0.383025      6.536042
O       -0.002545     -0.083352      4.288120
O        0.001670     -0.657177      8.354715
C       -0.006418      0.687517      0.061292
H       -0.006819      0.274637      2.054899
C       -0.004675      1.124061     -1.846513
H       -0.004500      0.631763      0.131352
C       -0.005878      2.250754     -6.217857
H       -0.001310      1.666613     -4.230086
Br      -0.012552      3.041861     -8.657153

----------------------------------------------------------------------
                       Geometry in bohr 

1     C      -0.8654322882    2.3754176228    0.9371186643
2     C       1.6901498609    2.3758800803    1.1160014466
3     C       2.9071613349    0.0423934093    1.3596285603
4     H      -1.9036197820    4.1158255046    0.6935761516
5     H       2.7913485085    4.0829872713    1.0467178504
6     N       5.6806570457    0.0199970781    1.4927397255
7     O       6.7132380526   -1.2006636500   -0.1155913357
8     O       6.5692446467    1.1908706111    3.2200219551
9     C      -0.8662705157   -2.2897818273    1.4347197177
10    H      -1.9146827178   -4.0300690876    1.5657657614
11    C       1.6846812692   -2.3032261230    1.4941062414
12    H       2.7866177184   -4.0123956930    1.6311592041
13    C      -2.3400232142    0.0437667971    1.1854054515
14    H      -3.5811397128    0.2708896544    2.8287316792
15    Br     -4.6764695686   -0.4031183442   -1.6250671360

 Number of nodes, processes per node used for SCF calculation: 1, 4

Common Options
{
  maxiter       = 100
  basis         = 6-311g* spherical
  geom_units    = angstrom
  ang2au factor = 1.889726126
  debug         = false
  file_prefix   = para_th63_ph252_qed_ccsd_input
}

SCF Options
{
  charge            = 1
  multiplicity      = 1
  level shift       = 0
  tol_int           = 1e-22
  tol_sch           = 1e-12
  tol_lindep        = 1e-10
  conve             = 1e-07
  convd             = 1e-05
  diis_hist         = 10
  AO_tilesize       = 30
  writem            = 10
  damp              = 100
  n_lindep          = 0
  scf_type          = restricted
  cuscf             = false
  qed_omegas        = [0.06615,]
  qed_lambdas       = [0.1,]
  qed_polvecs       = [[-0.2753361581,-0.8473975609,0.4539904997,],]
  direct_df         = false
  restart_size      = 2000
  restart           = false
  debug             = false
}

Number of basis functions = 221

Total number of shells = 105

Total number of electrons = 98
  # of alpha electrons    = 49
  # of beta electons      = 49

Nuclear repulsion energy  = 729.970960926332

# of {all,non-negligible} shell-pairs = {5565,4874}
Number of AO tiles = 105

Time for initial setup: 0.10 secs
HF exch = 1.00

Time for computing 1-e integrals T, V, S: 0.01 secs
Time for computing orthogonalizer: 0.01 secs

Superposition of Atomic Density Guess ...
Time taken for SAD: 0.62 secs
Total Time to compute initial guess: 0.62 secs


 SCF iterations
-----------------------------------------------------------------------------
 Iter     Energy            E-Diff       RMSD        |[F,P]|^2       Time(s)
-----------------------------------------------------------------------------
   1  -3011.7889951828    -3.01e+03     1.68e-02     1.50e+03         0.6 
   2  -3005.8056635248     5.98e+00     6.92e-03     7.77e+00         2.1 
   3  -3005.9964963957    -1.91e-01     2.83e-03     3.82e+00         2.1 
   4  -3006.1046271773    -1.08e-01     1.19e-03     1.31e-01         2.1 
   5  -3006.1115125881    -6.89e-03     2.40e-04     1.19e-02         2.1 
   6  -3006.1121067065    -5.94e-04     1.44e-04     1.40e-03         2.1 
   7  -3006.1122416461    -1.35e-04     5.99e-05     2.11e-04         2.1 
   8  -3006.1122646253    -2.30e-05     1.87e-05     3.54e-05         2.1 
   9  -3006.1122675876    -2.96e-06     9.01e-06     8.24e-06         2.1 
  10  -3006.1122682793    -6.92e-07     3.90e-06     1.22e-06         2.1 
  11  -3006.1122684014    -1.22e-07     1.76e-06     1.59e-07         2.1 
  12  -3006.1122684252    -2.39e-08     8.73e-07     3.65e-08         2.1 

** Total SCF energy = -3006.1122684252450

Nuclear repulsion energy = 729.970960926332396
#electrons        = 98
1e energy kinetic = 3006.2070048591981504
1e energy N-e     = -8612.9199633110765717
1e energy         = -5605.3893050143678920
2e energy         = 1870.4431716442577454
QED energy        = 0.1865574560422645
QED eT energy     = 0.1654257606558037
QED eT energy from matrix = 0.1654257606557957

 Polarizability Matrix (QED energy = 0.5 * lambda.dot(matrix * lambda))
[43.63911719, -0.23607432,  1.82613436]
[-0.23607432, 39.35112562,  2.22752854]
[ 1.82613436,  2.22752854, 38.94306090]

 Polarizability Matrix (QED eT energy = 0.5 * lambda.dot(matrix * lambda))
[40.37731831, -0.21368191,  2.21363140]
[-0.21368191, 35.54116978,  2.59421916]
[ 2.21363140,  2.59421916, 34.69947430]


                      Electron        Nuclear        Total  
                  ------------------------------------------
    Monopole         -98.000000     99.000000      1.000000

      Dipole   X       5.096351     -6.211851     -1.115500
      Dipole   Y      12.279789    -12.153569      0.126219
      Dipole   Z     -30.049043     31.335104      1.286062

  Quadrupole  XX   -1908.034861   1859.497151    -48.537710
  Quadrupole  XY     -64.178651     64.509824      0.331173
  Quadrupole  XZ    -503.391931    502.548495     -0.843436
  Quadrupole  YY    -265.003768    225.628018    -39.375750
  Quadrupole  YZ     -41.738813     39.527800     -2.211014
  Quadrupole  ZZ    -312.487229    263.782533    -48.704696

    Octupole XXX   -2632.397030   2496.009347   -136.387682
    Octupole XXY     320.018218   -316.069516      3.948702
    Octupole XXZ    -431.629856    391.812695    -39.817162
    Octupole XYY    -226.684935    207.477979    -19.206955
    Octupole XYZ    -109.949352     98.434261    -11.515092
    Octupole XZZ    -254.542334    210.647255    -43.895079
    Octupole YYY      -5.823531     20.676413     14.852882
    Octupole YYZ    -284.452911    269.300965    -15.151946
    Octupole YZZ     -25.241659     21.749564     -3.492095
    Octupole ZZZ    -341.724827    248.540240    -93.184587

writing orbitals and density to disk ... done.

Total Time taken for Hartree-Fock: 25.70 secs

CD Options
{
  debug             = false
  skip_cd           = [false, 100]
  write_cv          = [false, 5000]
  diagtol           = 1e-06
  itilesize         = 1000
  max_cvecs_factor  = 12
}

- #occupied, #virtual = 98, 344

- Tilesize for the MSO space: 40

-----------------------------------------------------
Begin 2-index transformation ... 

nAO, nMO, nelectrons = 221, 442, 98
n_occ_alpha, n_vir_alpha, n_occ_beta, n_vir_beta = 49,172,49,172

Time taken for Fao->Fmo transform: 0.00 secs

-----------------------------------------------------
Number of AO tiles = 105
# of {all,non-negligible} shell-pairs = {5565,4874}

    Begin Cholesky Decomposition
---------------------------------------------
Total # of mpi ranks used for Cholesky decomposition: 4
  --> Number of nodes, mpi ranks per node: 1, 4
- CPU memory required for computing cholesky vectors: 1.93 GiB

- Time for computing the diagonal: 0.01 secs

- Total number of cholesky vectors = 1633

- Time to compute cholesky vectors: 17.54 secs

- CPU memory required for resizing the ao cholesky tensor: 1.56 GiB
- CPU memory required for ao2mo transformation: 1.69 GiB
- CPU memory required for the 2-step contraction: 2.10 GiB

- Time for ao to mo transform: 1.57 secs

   End Cholesky Decomposition
---------------------------------------------

Total Time taken for Cholesky Decomposition: 22.61 secs

scf_type = restricted
Closed-Shell SCF
QED-HF Enabled
nbf = 203
nbf_orig = 221
n_lindep = 0
focc = 1
nmo = 406
nocc = 62
nvir = 344
n_occ_alpha = 31
n_vir_alpha = 172
n_occ_beta = 31
n_vir_beta = 172
nelectrons = 98
nelectrons_alpha = 49
nelectrons_beta = 49
freeze atomic = true
n_frozen_core = 18
n_frozen_virtual = 0
----------------------------
--------- QED-CCSD --------
lambda_x: -0.0275
lambda_y: -0.0847
lambda_z: 0.0454
omega: 0.066150
coupling_factor_x: -0.005007
coupling_factor_y: -0.015411
coupling_factor_z: 0.008257
----------------------------
# of {all,non-negligible} shell-pairs = {5565,4874}
Number of AO tiles = 105
----------------------------
Electronic dipole expectation value using SCF density: 
dipole_x_elec: 5.09637916
dipole_y_elec: 12.27988702
dipole_z_elec: -30.04904587

d_n/N value: d_n is nuclear dipole moment and N is the total number of electrons 
d_nuc_x: -0.06338624
d_nuc_y: -0.12401601
d_nuc_z: 0.31974596

<d_e+d_n> expectation values: 
dipole_total_x: -1.11547213
dipole_total_y: 0.12631762
dipole_total_z: 1.28605854
----------------------------


 CCSD iterations
------------------------------------------------------------
  Iter     Residuum          Correlation          Time(s)
------------------------------------------------------------
   1     1.1853182407969    0.0000000000000         84.96
   2     0.1705958840045   -1.6797061869500         84.39
   3     0.0737772481186   -1.6235934128778         84.52
   4     0.0257228640813   -1.7016019944132         84.52
   5     0.0223425188618   -1.6872654519915         84.50
 MICROCYCLE DIIS UPDATE:                    6
   6     0.0079159066215   -1.6993711014331         83.37
   7     0.0047633317701   -1.6991912393440         82.52
   8     0.0031644035305   -1.7006501496020         82.69
   9     0.0019036904224   -1.7007534480953         82.31
  10     0.0017948289702   -1.7011330151864         82.32
 MICROCYCLE DIIS UPDATE:                   11
  11     0.0006147495748   -1.7015543700632         82.49
  12     0.0004441108550   -1.7016913005493         82.92
  13     0.0003234222368   -1.7016383450574         83.38
  14     0.0002535902012   -1.7016321652339         83.36
  15     0.0002046166857   -1.7016327875499         83.62
 MICROCYCLE DIIS UPDATE:                   16
  16     0.0000774541618   -1.7016036280327         83.16
  17     0.0000508240530   -1.7016298422477         83.02
  18     0.0000380770520   -1.7016374940640         83.86
  19     0.0000286707416   -1.7016409353567         83.90
  20     0.0000259091574   -1.7016424607837         83.67
 MICROCYCLE DIIS UPDATE:                   21
  21     0.0000102575675   -1.7016455360097         83.01
  22     0.0000073366484   -1.7016475005365         83.95
  23     0.0000054183574   -1.7016466490705         83.56
  24     0.0000045440470   -1.7016462608787         83.35
  25     0.0000036852304   -1.7016462918817         83.29
 MICROCYCLE DIIS UPDATE:                   26
  26     0.0000015484077   -1.7016451899681         83.58
  27     0.0000009636879   -1.7016459650214         83.55
------------------------------------------------------------------
 Iterations converged
 CCSD correlation energy / hartree =        -1.701645965021389
 CCSD total energy / hartree       =     -3007.813914390266291

Time taken for spin-orbital canonical QED-CCSD: 2375.59 secs
