
ExaChem Git Information
{
 WARNING: Failed to retrieve the current git state.
}


TAMM Git Information
{
 Branch: main
 Commit Hash: e71357ad [e71357ad54f38748b4a7e175aa6760820d5ce96f]
 Commit Date: 2026-02-02 23:14:56 -0800
 Commit Message: add GitHub Actions workflow for releases
}


date: Fri Aug  7 11:44:37 2026
program: "/global/cfs/cdirs/m3196/heindelj/cavity_qed/software/install_gpu/bin/bin/ExaChem"
nnodes: 1, nproc_per_node: 4, nproc_total: 4, ngpus_per_node: 1, ngpus_total: 1

Memory information
{
[AMD EPYC 7763 64-Core Processor                ] : 
  CPU memory per node (GiB): 251
  Total CPU memory (GiB): 251
[NVIDIA A100-SXM4-40GB, CUDA v12.9] : 
  GPU memory per device (GiB): 39
  GPU memory per node (GiB): 39
  Total GPU memory (GiB): 39
}

------------------------------------------------------------

Input file provided: /global/cfs/cdirs/m4262/heindelj/cavity_qed/mlip/lambda_scans/grid_scans_optimized_geoms/runs_grid_no_freq/ortho_th54_ph36/ortho_th54_ph36_qed_ccsd_input.json

{
  "geometry": {
    "coordinates": [
      "C    -1.797923921800    1.946995575300    0.749345023500",
      "C    -0.380166817300    1.987602165800    0.710610763000",
      "C     0.277744234700    0.819006652800    0.699108938500",
      "C    -2.518336376400    0.753099113600    0.785284781000",
      "H    -2.338894715800    2.887270364500    0.772578538900",
      "H     0.148802529400    2.925875410800    0.711437901700",
      "H    -3.594352852600    0.777588046100    0.840903949900",
      "N     1.758103210200    0.797280833300    0.764317955100",
      "O     2.248395680000   -0.224436230600    1.174707281700",
      "O     2.308626799600    1.794081469800    0.392276921000",
      "C    -1.838725410200   -0.424846476200    0.708056766500",
      "H    -2.360086803300   -1.369817458800    0.687024265600",
      "C    -0.379229175400   -0.484747044500    0.617965274200",
      "H     0.045278189800   -1.199392689400    1.324195588000",
      "Br    0.067264540100   -1.201082996700   -1.148085975500"
    ],
    "units": "angstrom",
    "noorient": true
  },
  "common": {
    "maxiter": 100,
    "debug": false
  },
  "basis": {
    "basisset": "6-311G*"
  },
  "SCF": {
    "charge": 1,
    "multiplicity": 1,
    "lshift": 0,
    "tol_lindep": 1e-10,
    "conve": 1e-07,
    "convd": 1e-05,
    "diis_hist": 10,
    "writem": 10,
    "restart": false,
    "noscf": false,
    "scf_type": "restricted",
    "debug": false,
    "qed_omegas": [
      0.06615
    ],
    "qed_volumes": [],
    "qed_lambdas": [
      0.1
    ],
    "qed_polvecs": [
      [
        0.6545084971874737,
        0.4755282581475768,
        0.5877852522924731
      ]
    ],
    "direct_df": false
  },
  "CD": {
    "debug": false,
    "diagtol": 1e-06
  },
  "CC": {
    "threshold": 1e-06,
    "ndiis": 5,
    "ccsd_maxiter": 200,
    "tilesize": 40,
    "freeze": {
      "atomic": true
    },
    "readt": false,
    "writet": true,
    "writet_iter": 5,
    "debug": false,
    "profile_ccsd": false,
    "balance_tiles": true
  },
  "TASK": {
    "scf": false,
    "ccsd": true
  }
}

Output folder & files prefix: ortho_th54_ph36_qed_ccsd_input.6-311g*

  C (carbon)
  ----------
          Exponent        Coefficients
      ----------------  --------------------
  1 S  4.56324000E+03      0.778202
  1 S  6.82024000E+02      1.448695
  1 S  1.54973000E+02      2.383089
  1 S  4.44553000E+01      3.200089
  1 S  1.30290000E+01      3.013004
  1 S  1.82773000E+00      0.247599

  2 S  2.09642000E+01      0.800629
  2 S  4.80331000E+00      2.127420
  2 S  1.45933000E+00     -0.002868

  3 P  2.09642000E+01      2.573592
  3 P  4.80331000E+00      2.408248
  3 P  1.45933000E+00      1.865281

  4 S  4.83456000E-01      0.413217

  5 P  4.83456000E-01      0.574627

  6 S  1.45585000E-01      0.167976

  7 P  1.45585000E-01      0.128185

  8 D  6.26000000E-01      0.725128


  H (hydrogen)
  ------------
          Exponent        Coefficients
      ----------------  --------------------
  1 S  3.38650000E+01      0.255069
  1 S  5.09479000E+00      0.460109
  1 S  1.15879000E+00      0.678321

  2 S  3.25840000E-01      0.307371

  3 S  1.02741000E-01      0.129336


  N (nitrogen)
  ------------
          Exponent        Coefficients
      ----------------  --------------------
  1 S  6.29348000E+03      0.991968
  1 S  9.49044000E+02      1.823240
  1 S  2.18776000E+02      2.979891
  1 S  6.36916000E+01      4.000007
  1 S  1.88282000E+01      3.881008
  1 S  2.72023000E+00      0.386764

  2 S  3.06331000E+01      1.038501
  2 S  7.02614000E+00      2.834794
  2 S  2.11205000E+00     -0.003208

  3 P  3.06331000E+01      3.935616
  3 P  7.02614000E+00      3.870994
  3 P  2.11205000E+00      2.967271

  4 S  6.84009000E-01      0.536051

  5 P  6.84009000E-01      0.886681

  6 S  2.00878000E-01      0.213850

  7 P  2.00878000E-01      0.191693

  8 D  9.13000000E-01      1.403568


  O (oxygen)
  ----------
          Exponent        Coefficients
      ----------------  --------------------
  1 S  8.58850000E+03      1.205013
  1 S  1.29723000E+03      2.216205
  1 S  2.99296000E+02      3.627452
  1 S  8.73771000E+01      4.888452
  1 S  2.56789000E+01      4.835721
  1 S  3.74004000E+00      0.538229

  2 S  4.21175000E+01      1.341958
  2 S  9.62837000E+00      3.587114
  2 S  2.85332000E+00     -0.005123

  3 P  4.21175000E+01      5.584018
  3 P  9.62837000E+00      5.733366
  3 P  2.85332000E+00      4.332955

  4 S  9.05661000E-01      0.661659

  5 P  9.05661000E-01      1.259352

  6 S  2.55611000E-01      0.256209

  7 P  2.55611000E-01      0.259068

  8 D  1.29200000E+00      2.577026


  Br (bromine)
  ------------
          Exponent        Coefficients
      ----------------  --------------------
  1 S  4.39700000E+05      9.893706
  1 S  6.60300000E+04     18.450679
  1 S  1.51400000E+04     31.049770
  1 S  4.31700000E+03     48.888138
  1 S  1.41400000E+03     64.847798
  1 S  5.23900000E+02     42.245010

  2 S  5.23900000E+02     14.290679
  2 S  2.07700000E+02     24.083128
  2 S  8.65400000E+01      5.132542

  3 S  3.05200000E+01      9.254405

  4 S  1.29800000E+01      4.873782

  5 S  4.41200000E+00      2.169635

  6 S  1.86200000E+00      1.136043

  7 S  3.93200000E-01      0.353892

  8 S  1.40000000E-01      0.163120

  9 P  2.95700000E+03    691.874478
  9 P  7.00300000E+02    925.332763
  9 P  2.24600000E+02   1068.830732

  10 P  8.25900000E+01    122.079275
  10 P  3.31900000E+01     57.580687
  10 P  1.42000000E+01     10.176170

  11 P  1.42000000E+01      3.129736
  11 P  7.43800000E+00      6.538168
  11 P  3.52600000E+00      4.166276

  12 P  1.59500000E+00      2.555000

  13 P  8.46200000E-01      1.156861

  14 P  3.18600000E-01      0.341191

  15 P  1.09600000E-01      0.089888

  16 D  1.34800000E+02    160.709187
  16 D  3.63900000E+01    119.797406
  16 D  1.21600000E+01     55.531619
  16 D  4.34100000E+00     12.984636

  17 D  1.53500000E+00      3.484168

  18 D  4.51000000E-01      0.408525



Printing Internal Coordinates

------------------------------------------------------------
                Bond Lengths

i      j        Length (Angstroms)     Length (Bohr)
0      1          1.4188673107         2.6812706263
0      3          1.3948743786         2.6359305557
0      4          1.0850372691         2.0504232751
1      2          1.3411169663         2.5343437691
1      5          1.0771099926         2.0354428935
2      7          1.4819537521         2.8004867228
2      12         1.4621805836         2.7631208496
3      6          1.0777312544         2.0366169082
3      10         1.3621273964         2.5740477279
7      8          1.2052849721         2.2776585010
7      9          1.1979575378         2.2638116570
10     11         1.0794583022         2.0398805556
10     12         1.4635005345         2.7656151953
12     13         1.0907273523         2.0611759738
12     14         1.9574041103         3.6989576862

Number of Bonds: 15

------------------------------------------------------------
           Bond Angles

i      j      k      Angle (degrees)
0      1      2        117.7414 
0      1      5        121.0393 
0      3      6        119.8367 
0      3      10       118.7532 
1      0      3        122.7699 
1      0      4        118.2921 
1      2      7        120.1615 
1      2      12       123.8490 
2      1      5        121.2070 
2      7      8        115.7063 
2      7      9        115.6704 
2      12     10       114.0899 
2      12     13       111.9259 
2      12     14       105.8959 
3      0      4        118.9255 
3      10     11       121.1426 
3      10     12       122.4426 
6      3      10       121.3803 
7      2      12       115.9889 
8      7      9        128.6206 
10     12     13       112.0299 
10     12     14       107.3376 
11     10     12       116.3999 
13     12     14       104.8110 

Number of Angles: 24

------------------------------------------------------------
              Torsional Angles

i      j      k      l      Angle (degrees)
3      0      1      2          0.4816 
3      10     12     2          3.4657 
4      0      1      2        179.1809 
5      1      0      3       -178.2578 
5      1      0      4          0.4415 
6      3      0      1        178.3465 
6      3      0      4         -0.3449 
10     3      0      1         -3.6113 
10     3      0      4        177.6973 
10     12     2      1         -6.8443 
11     10     3      0       -177.1856 
11     10     3      6          0.8251 
11     10     12     2       -177.9280 
12     2      1      0          5.0103 
12     2      1      5       -176.2525 
12     10     3      0          1.3557 
12     10     3      6        179.3664 
13     12     2      1       -135.3714 
13     12     10     3        131.9401 
13     12     10     11       -49.4537 
14     12     2      1        110.9784 
14     12     10     3       -113.5272 
14     12     10     11        65.0790 

Number of Torsional Angles: 23


----------------------------------------------------------------------
                          Center of Mass

         x               y               z              Unit
   0.07431083425 -0.002450492022 -0.001822701871      Angstrom
    0.1404271249 -0.004630758796 -0.003444407345          Bohr

----------------------------------------------------------------------
                Moment of Inertia Tensor

           1746.15          -21.0072          -13.6555
          -21.0072           2040.63          -605.111
          -13.6555          -605.111           2509.91

----------------------------------------------------------------------
                      Principal Moments of Inertia

           x                 y                 z                Unit
       453.9923596        490.379354       818.8825053       amu * ang^2
       1621.236149       1751.176465       2924.282515      amu * bohr^2
  7.5387256362e-38  8.1429463055e-38  1.3597873191e-37          g * cm^2

 - Molecule is an asymmetric top.

----------------------------------------------------------------------

         Rotational constants (MHz)

    A = 1.1132e+03        B = 1.0306e+03        C = 6.1716e+02

----------------------------------------------------------------------

        Rotational constants (cm-1)

    A = 3.7132e-02        B = 3.4377e-02        C = 2.0586e-02

----------------------------------------------------------------------

                                Z-Matrix
C   
C        1       2.6812706
C        2       2.5343438     1       117.74144
C        3      5.28780248     2     61.96953225     1         -0.2287
H        4      4.04730091     3     83.83607993     2         -0.2315
H        5      4.70305193     4     95.70177304     3         -0.3576
H        6      8.15939719     5     28.95410760     4         -0.8038
N        7     10.11577987     6     29.64762958     5       -178.8358
O        8      2.27765850     7    113.50013315     6        159.8517
O        9      4.09257214     8     25.60568314     7       -177.6461
C       10      8.90858836     9     60.83225001     8         -5.6110
H       11      2.03988056    10    146.68336545     9        -30.0752
C       12      4.10201859    11     37.14951743    10          4.2238
H       13      2.06117597    12     93.86531311    11        135.0891
Br      14      4.67212090    13     49.94288537    12         96.2420

----------------------------------------------------------------------

             Converted back to Cartesian

C        0.000000      0.000000      0.000000
C        0.000000      0.000000      2.681271
C        0.000000      0.090878      0.148557
C        0.000007     -0.198449      5.428438
H        0.000002      0.126124      1.394173
H        0.000023     -0.387521      6.069091
H       -0.000004      0.575108     -2.033322
N        0.004991     -0.708866      8.000639
O       -0.004231     -0.342260      5.752697
O        0.017331     -1.032085      9.786656
C       -0.055132      0.629976      1.034785
H       -0.023648      0.161492      3.019890
C       -0.094585      1.148049     -0.961093
H       -0.051680      0.595799      1.024260
Br      -0.159722      1.915074     -3.456427

----------------------------------------------------------------------
                       Geometry in bohr 

1     C      -3.3975838074    3.6792884057    1.4160568682
2     C      -0.7184111669    3.7560237406    1.3428597242
3     C       0.5248605366    1.5476982691    1.3211244259
4     C      -4.7589660443    1.4231510704    1.4839731669
5     H      -4.4198704502    5.4561502404    1.4599618493
6     H       0.2811960274    5.5291032049    1.3444227898
7     H      -6.7923424913    1.4694284459    1.5890781635
8     N       3.3223335684    1.5066424204    1.4443516083
9     O       4.2488520579   -0.4241230086    2.2198750405
10    O       4.3626723782    3.3903226255    0.7412959462
11    C      -3.4746874460   -0.8028434856    1.3380333703
12    H      -4.4599176916   -2.5885798396    1.2982877038
13    C      -0.7166392805   -0.9160391544    1.1677851236
14    H       0.0855633782   -2.2665237004    2.5023669985
15    Br      0.1271115588   -2.2697179182   -2.1695680627

 Number of nodes, processes per node used for SCF calculation: 1, 4

Common Options
{
  maxiter       = 100
  basis         = 6-311g* spherical
  geom_units    = angstrom
  ang2au factor = 1.889726126
  debug         = false
  file_prefix   = ortho_th54_ph36_qed_ccsd_input
}

SCF Options
{
  charge            = 1
  multiplicity      = 1
  level shift       = 0
  tol_int           = 1e-22
  tol_sch           = 1e-12
  tol_lindep        = 1e-10
  conve             = 1e-07
  convd             = 1e-05
  diis_hist         = 10
  AO_tilesize       = 30
  writem            = 10
  damp              = 100
  n_lindep          = 0
  scf_type          = restricted
  cuscf             = false
  qed_omegas        = [0.06615,]
  qed_lambdas       = [0.1,]
  qed_polvecs       = [[0.6545084972,0.4755282581,0.5877852523,],]
  direct_df         = false
  restart_size      = 2000
  restart           = false
  debug             = false
}

Number of basis functions = 221

Total number of shells = 105

Total number of electrons = 98
  # of alpha electrons    = 49
  # of beta electons      = 49

Nuclear repulsion energy  = 782.727475101897

# of {all,non-negligible} shell-pairs = {5565,5006}
Number of AO tiles = 105

Time for initial setup: 0.02 secs
HF exch = 1.00

Time for computing 1-e integrals T, V, S: 0.01 secs
Time for computing orthogonalizer: 0.01 secs

Superposition of Atomic Density Guess ...
Time taken for SAD: 0.37 secs
Total Time to compute initial guess: 0.37 secs


 SCF iterations
-----------------------------------------------------------------------------
 Iter     Energy            E-Diff       RMSD        |[F,P]|^2       Time(s)
-----------------------------------------------------------------------------
   1  -3011.7126010536    -3.01e+03     1.67e-02     1.50e+03         0.6 
   2  -3005.7749692092     5.94e+00     6.88e-03     8.69e+00         2.2 
   3  -3006.0032024047    -2.28e-01     2.75e-03     3.58e+00         2.2 
   4  -3006.1059868899    -1.03e-01     1.12e-03     1.13e-01         2.2 
   5  -3006.1126929527    -6.71e-03     2.97e-04     1.49e-02         2.2 
   6  -3006.1134673985    -7.74e-04     1.87e-04     1.58e-03         2.2 
   7  -3006.1136549456    -1.88e-04     6.88e-05     2.44e-04         2.2 
   8  -3006.1136838591    -2.89e-05     2.29e-05     4.83e-05         2.2 
   9  -3006.1136885382    -4.68e-06     1.27e-05     8.10e-06         2.2 
  10  -3006.1136899144    -1.38e-06     6.97e-06     1.97e-06         2.2 
  11  -3006.1136902688    -3.54e-07     3.82e-06     5.61e-07         2.2 
  12  -3006.1136903617    -9.29e-08     1.76e-06     1.00e-07         2.3 

** Total SCF energy = -3006.1136903616816

Nuclear repulsion energy = 782.727475101897426
#electrons        = 98
1e energy kinetic = 3006.2031193600028018
1e energy N-e     = -8718.7363733180573035
1e energy         = -5708.7722757637930044
2e energy         = 1923.5032866938754523
QED energy        = 0.1888018006010763
QED eT energy     = 0.1679965938287153
QED eT energy from matrix = 0.1679965938287049

 Polarizability Matrix (QED energy = 0.5 * lambda.dot(matrix * lambda))
[40.00775369, -1.80495657, -1.23963258]
[-1.80495657, 44.55526395, -0.29269801]
[-1.23963258, -0.29269801, 37.01275367]

 Polarizability Matrix (QED eT energy = 0.5 * lambda.dot(matrix * lambda))
[36.27989473, -1.90383469, -1.37953569]
[-1.90383469, 41.47330130, -0.37709682]
[-1.37953569, -0.37709682, 32.23461355]


                      Electron        Nuclear        Total  
                  ------------------------------------------
    Monopole         -98.000000     99.000000      1.000000

      Dipole   X      -9.617502      6.043501     -3.574001
      Dipole   Y     -13.217572     14.559218      1.341647
      Dipole   Z     -13.185386     14.478061      1.292675

  Quadrupole  XX    -786.654708    745.584180    -41.070528
  Quadrupole  XY      -7.423935      1.381042     -6.042893
  Quadrupole  XZ      -2.897316     -2.963550     -5.860866
  Quadrupole  YY    -602.087559    565.223226    -36.864332
  Quadrupole  YZ    -278.592697    282.458614      3.865917
  Quadrupole  ZZ    -349.296761    303.039942    -46.256818

    Octupole XXX       1.830226    -91.003049    -89.172823
    Octupole XXY   -1102.972500   1094.836897     -8.135603
    Octupole XXZ   -1087.840840   1078.223950     -9.616890
    Octupole XYY      46.497007    -88.208493    -41.711486
    Octupole XYZ      58.143893    -61.065328     -2.921435
    Octupole XZZ     -69.632973     73.868507      4.235534
    Octupole YYY    -899.248145    880.078245    -19.169900
    Octupole YYZ     -93.931902     89.430676     -4.501226
    Octupole YZZ     215.328438   -243.164678    -27.836240
    Octupole ZZZ      54.214737   -129.213130    -74.998393

writing orbitals and density to disk ... done.

Total Time taken for Hartree-Fock: 26.33 secs

CD Options
{
  debug             = false
  skip_cd           = [false, 100]
  write_cv          = [false, 5000]
  diagtol           = 1e-06
  itilesize         = 1000
  max_cvecs_factor  = 12
}

- #occupied, #virtual = 98, 344

- Tilesize for the MSO space: 40

-----------------------------------------------------
Begin 2-index transformation ... 

nAO, nMO, nelectrons = 221, 442, 98
n_occ_alpha, n_vir_alpha, n_occ_beta, n_vir_beta = 49,172,49,172

Time taken for Fao->Fmo transform: 0.00 secs

-----------------------------------------------------
Number of AO tiles = 105
# of {all,non-negligible} shell-pairs = {5565,5006}

    Begin Cholesky Decomposition
---------------------------------------------
Total # of mpi ranks used for Cholesky decomposition: 4
  --> Number of nodes, mpi ranks per node: 1, 4
- CPU memory required for computing cholesky vectors: 1.93 GiB

- Time for computing the diagonal: 0.01 secs

- Total number of cholesky vectors = 1646

- Time to compute cholesky vectors: 17.93 secs

- CPU memory required for resizing the ao cholesky tensor: 1.56 GiB
- CPU memory required for ao2mo transformation: 1.70 GiB
- CPU memory required for the 2-step contraction: 2.11 GiB

- Time for ao to mo transform: 1.53 secs

   End Cholesky Decomposition
---------------------------------------------

Total Time taken for Cholesky Decomposition: 21.28 secs

scf_type = restricted
Closed-Shell SCF
QED-HF Enabled
nbf = 203
nbf_orig = 221
n_lindep = 0
focc = 1
nmo = 406
nocc = 62
nvir = 344
n_occ_alpha = 31
n_vir_alpha = 172
n_occ_beta = 31
n_vir_beta = 172
nelectrons = 98
nelectrons_alpha = 49
nelectrons_beta = 49
freeze atomic = true
n_frozen_core = 18
n_frozen_virtual = 0
----------------------------
--------- QED-CCSD --------
lambda_x: 0.0655
lambda_y: 0.0476
lambda_z: 0.0588
omega: 0.066150
coupling_factor_x: 0.011903
coupling_factor_y: 0.008648
coupling_factor_z: 0.010690
----------------------------
# of {all,non-negligible} shell-pairs = {5565,5006}
Number of AO tiles = 105
----------------------------
Electronic dipole expectation value using SCF density: 
dipole_x_elec: -9.61782934
dipole_y_elec: -13.21756694
dipole_z_elec: -13.18547269

d_n/N value: d_n is nuclear dipole moment and N is the total number of electrons 
d_nuc_x: 0.06166837
d_nuc_y: 0.14856345
d_nuc_z: 0.14773531

<d_e+d_n> expectation values: 
dipole_total_x: -3.57432880
dipole_total_y: 1.34165122
dipole_total_z: 1.29258785
----------------------------


 CCSD iterations
------------------------------------------------------------
  Iter     Residuum          Correlation          Time(s)
------------------------------------------------------------
   1     1.1850294758281    0.0000000000000         84.59
   2     0.1662913602711   -1.6292453544760         83.94
   3     0.0641805850877   -1.6296795652931         83.70
   4     0.0227401106757   -1.6911916851726         83.43
   5     0.0178888581686   -1.6875704144539         83.08
 MICROCYCLE DIIS UPDATE:                    6
   6     0.0080722466638   -1.6972035325050         81.97
   7     0.0052659693184   -1.6970096722452         82.25
   8     0.0034980880285   -1.6983152637570         82.40
   9     0.0026780963367   -1.6985988247985         82.29
  10     0.0025212774309   -1.6988892345272         82.25
 MICROCYCLE DIIS UPDATE:                   11
  11     0.0006785301502   -1.6994750385681         82.07
  12     0.0005070120323   -1.6994535184238         82.41
  13     0.0004579438096   -1.6995125181676         82.64
  14     0.0004641283122   -1.6994800259343         82.71
  15     0.0005552832666   -1.6995079694948         82.87
 MICROCYCLE DIIS UPDATE:                   16
  16     0.0001215824884   -1.6995031589867         82.82
  17     0.0000879343827   -1.6995064575093         82.85
  18     0.0000738539558   -1.6995175296829         82.88
  19     0.0000686886193   -1.6995215855141         82.71
  20     0.0000809220911   -1.6995230417197         82.88
 MICROCYCLE DIIS UPDATE:                   21
  21     0.0000281291953   -1.6995353092076         81.99
  22     0.0000207500359   -1.6995304248992         82.35
  23     0.0000170667722   -1.6995304454987         81.90
  24     0.0000162122969   -1.6995286968493         81.78
  25     0.0000167865948   -1.6995291819993         81.79
 MICROCYCLE DIIS UPDATE:                   26
  26     0.0000064657037   -1.6995272703076         81.78
  27     0.0000046303881   -1.6995278838950         82.58
  28     0.0000037675245   -1.6995284135988         82.80
  29     0.0000035918396   -1.6995287143685         82.70
  30     0.0000040740775   -1.6995287787823         82.82
 MICROCYCLE DIIS UPDATE:                   31
  31     0.0000015579180   -1.6995295010421         81.75
  32     0.0000011097553   -1.6995291925325         81.69
  33     0.0000009341100   -1.6995291655131         81.86
------------------------------------------------------------------
 Iterations converged
 CCSD correlation energy / hartree =        -1.699529165513068
 CCSD total energy / hartree       =     -3007.813219527194633

Time taken for spin-orbital canonical QED-CCSD: 2789.54 secs
