
ExaChem Git Information
{
 WARNING: Failed to retrieve the current git state.
}


TAMM Git Information
{
 Branch: main
 Commit Hash: e71357ad [e71357ad54f38748b4a7e175aa6760820d5ce96f]
 Commit Date: 2026-02-02 23:14:56 -0800
 Commit Message: add GitHub Actions workflow for releases
}


date: Thu Aug  6 23:26:12 2026
program: "/global/cfs/cdirs/m3196/heindelj/cavity_qed/software/install_gpu/bin/bin/ExaChem"
nnodes: 1, nproc_per_node: 4, nproc_total: 4, ngpus_per_node: 1, ngpus_total: 1

Memory information
{
[AMD EPYC 7763 64-Core Processor                ] : 
  CPU memory per node (GiB): 251
  Total CPU memory (GiB): 251
[NVIDIA A100-SXM4-40GB, CUDA v12.9] : 
  GPU memory per device (GiB): 39
  GPU memory per node (GiB): 39
  Total GPU memory (GiB): 39
}

------------------------------------------------------------

Input file provided: /global/cfs/cdirs/m4262/heindelj/cavity_qed/mlip/lambda_scans/grid_scans_optimized_geoms/runs_grid_no_freq/meta_th36_ph180/meta_th36_ph180_qed_ccsd_input.json

{
  "geometry": {
    "coordinates": [
      "C    -0.909804949800    2.031419415800    0.748039467300",
      "C     0.486396143200    1.955366735600    0.800725298600",
      "C     1.158317451800    0.730943637400    0.671749765500",
      "C     0.492379283100   -0.435848954100    0.532557829300",
      "C    -1.621409791400    0.882270045000    0.605371693600",
      "H    -1.397336901500    2.993540893500    0.807203307600",
      "H     1.082372535500    2.852895794500    0.923684685200",
      "H     1.024990977100   -1.374005829700    0.439372646500",
      "H    -2.701530094900    0.900367980200    0.561162979200",
      "N     2.644251295200    0.741136435900    0.639233875700",
      "O     3.175867693600   -0.333720609100    0.583348372500",
      "O     3.161595961600    1.825827010400    0.689186578000",
      "C    -0.972745791000   -0.434822868900    0.588489634500",
      "H    -1.207261918500   -0.898678471700    1.555651850500",
      "Br   -1.807915158500   -1.635092213600   -0.674320273900"
    ],
    "units": "angstrom",
    "noorient": true
  },
  "common": {
    "maxiter": 100,
    "debug": false
  },
  "basis": {
    "basisset": "6-311G*"
  },
  "SCF": {
    "charge": 1,
    "multiplicity": 1,
    "lshift": 0,
    "tol_lindep": 1e-10,
    "conve": 1e-07,
    "convd": 1e-05,
    "diis_hist": 10,
    "writem": 10,
    "restart": false,
    "noscf": false,
    "scf_type": "restricted",
    "debug": false,
    "qed_omegas": [
      0.06615
    ],
    "qed_volumes": [],
    "qed_lambdas": [
      0.1
    ],
    "qed_polvecs": [
      [
        -0.5877852522924731,
        7.198293278059966e-17,
        0.8090169943749475
      ]
    ],
    "direct_df": false
  },
  "CD": {
    "debug": false,
    "diagtol": 1e-06
  },
  "CC": {
    "threshold": 1e-06,
    "ndiis": 5,
    "ccsd_maxiter": 200,
    "tilesize": 40,
    "freeze": {
      "atomic": true
    },
    "readt": false,
    "writet": true,
    "writet_iter": 5,
    "debug": false,
    "profile_ccsd": false,
    "balance_tiles": true
  },
  "TASK": {
    "scf": false,
    "ccsd": true
  }
}

Output folder & files prefix: meta_th36_ph180_qed_ccsd_input.6-311g*

  C (carbon)
  ----------
          Exponent        Coefficients
      ----------------  --------------------
  1 S  4.56324000E+03      0.778202
  1 S  6.82024000E+02      1.448695
  1 S  1.54973000E+02      2.383089
  1 S  4.44553000E+01      3.200089
  1 S  1.30290000E+01      3.013004
  1 S  1.82773000E+00      0.247599

  2 S  2.09642000E+01      0.800629
  2 S  4.80331000E+00      2.127420
  2 S  1.45933000E+00     -0.002868

  3 P  2.09642000E+01      2.573592
  3 P  4.80331000E+00      2.408248
  3 P  1.45933000E+00      1.865281

  4 S  4.83456000E-01      0.413217

  5 P  4.83456000E-01      0.574627

  6 S  1.45585000E-01      0.167976

  7 P  1.45585000E-01      0.128185

  8 D  6.26000000E-01      0.725128


  H (hydrogen)
  ------------
          Exponent        Coefficients
      ----------------  --------------------
  1 S  3.38650000E+01      0.255069
  1 S  5.09479000E+00      0.460109
  1 S  1.15879000E+00      0.678321

  2 S  3.25840000E-01      0.307371

  3 S  1.02741000E-01      0.129336


  N (nitrogen)
  ------------
          Exponent        Coefficients
      ----------------  --------------------
  1 S  6.29348000E+03      0.991968
  1 S  9.49044000E+02      1.823240
  1 S  2.18776000E+02      2.979891
  1 S  6.36916000E+01      4.000007
  1 S  1.88282000E+01      3.881008
  1 S  2.72023000E+00      0.386764

  2 S  3.06331000E+01      1.038501
  2 S  7.02614000E+00      2.834794
  2 S  2.11205000E+00     -0.003208

  3 P  3.06331000E+01      3.935616
  3 P  7.02614000E+00      3.870994
  3 P  2.11205000E+00      2.967271

  4 S  6.84009000E-01      0.536051

  5 P  6.84009000E-01      0.886681

  6 S  2.00878000E-01      0.213850

  7 P  2.00878000E-01      0.191693

  8 D  9.13000000E-01      1.403568


  O (oxygen)
  ----------
          Exponent        Coefficients
      ----------------  --------------------
  1 S  8.58850000E+03      1.205013
  1 S  1.29723000E+03      2.216205
  1 S  2.99296000E+02      3.627452
  1 S  8.73771000E+01      4.888452
  1 S  2.56789000E+01      4.835721
  1 S  3.74004000E+00      0.538229

  2 S  4.21175000E+01      1.341958
  2 S  9.62837000E+00      3.587114
  2 S  2.85332000E+00     -0.005123

  3 P  4.21175000E+01      5.584018
  3 P  9.62837000E+00      5.733366
  3 P  2.85332000E+00      4.332955

  4 S  9.05661000E-01      0.661659

  5 P  9.05661000E-01      1.259352

  6 S  2.55611000E-01      0.256209

  7 P  2.55611000E-01      0.259068

  8 D  1.29200000E+00      2.577026


  Br (bromine)
  ------------
          Exponent        Coefficients
      ----------------  --------------------
  1 S  4.39700000E+05      9.893706
  1 S  6.60300000E+04     18.450679
  1 S  1.51400000E+04     31.049770
  1 S  4.31700000E+03     48.888138
  1 S  1.41400000E+03     64.847798
  1 S  5.23900000E+02     42.245010

  2 S  5.23900000E+02     14.290679
  2 S  2.07700000E+02     24.083128
  2 S  8.65400000E+01      5.132542

  3 S  3.05200000E+01      9.254405

  4 S  1.29800000E+01      4.873782

  5 S  4.41200000E+00      2.169635

  6 S  1.86200000E+00      1.136043

  7 S  3.93200000E-01      0.353892

  8 S  1.40000000E-01      0.163120

  9 P  2.95700000E+03    691.874478
  9 P  7.00300000E+02    925.332763
  9 P  2.24600000E+02   1068.830732

  10 P  8.25900000E+01    122.079275
  10 P  3.31900000E+01     57.580687
  10 P  1.42000000E+01     10.176170

  11 P  1.42000000E+01      3.129736
  11 P  7.43800000E+00      6.538168
  11 P  3.52600000E+00      4.166276

  12 P  1.59500000E+00      2.555000

  13 P  8.46200000E-01      1.156861

  14 P  3.18600000E-01      0.341191

  15 P  1.09600000E-01      0.089888

  16 D  1.34800000E+02    160.709187
  16 D  3.63900000E+01    119.797406
  16 D  1.21600000E+01     55.531619
  16 D  4.34100000E+00     12.984636

  17 D  1.53500000E+00      3.484168

  18 D  4.51000000E-01      0.408525



Printing Internal Coordinates

------------------------------------------------------------
                Bond Lengths

i      j        Length (Angstroms)     Length (Bohr)
0      1          1.3992631272         2.6442240884
0      4          1.3591467252         2.5684150756
0      5          1.0802154886         2.0413114304
1      2          1.4026135806         2.6505555278
1      6          1.0843732210         2.0491684060
2      3          1.3506491000         2.5523568911
2      9          1.4863245148         2.8087462671
3      7          1.0828190145         2.0462313813
3      12         1.4661926553         2.7707025663
4      8          1.0811761261         2.0431267723
4      12         1.4682587419         2.7746069042
9      10         1.2004402741         2.2685033486
9      11         1.2027861068         2.2729363299
12     13         1.0979811412         2.0748836482
12     14         1.9320567375         3.6510580936

Number of Bonds: 15

------------------------------------------------------------
           Bond Angles

i      j      k      Angle (degrees)
0      1      2        121.4656 
0      1      6        120.5097 
0      4      8        120.8769 
0      4      12       121.8936 
1      0      4        118.7128 
1      0      5        119.7812 
1      2      3        121.8305 
1      2      9        118.3560 
2      1      6        118.0136 
2      3      7        120.9850 
2      3      12       119.2194 
2      9      10       115.9517 
2      9      11       115.8034 
3      2      9        119.7747 
3      12     4        116.2658 
3      12     13       104.2847 
3      12     14       113.9906 
4      0      5        121.5007 
4      12     13       105.9309 
4      12     14       111.9515 
7      3      12       119.6965 
8      4      12       117.1232 
10     9      11       128.2377 
13     12     14       102.7652 

Number of Angles: 24

------------------------------------------------------------
              Torsional Angles

i      j      k      l      Angle (degrees)
3      2      1      0         -2.0903 
4      0      1      2          1.8349 
5      0      1      2       -177.3355 
6      1      0      4       -179.4023 
6      1      0      5          1.4273 
6      1      2      3        179.1171 
7      3      2      1       -179.6679 
8      4      0      1        179.9680 
8      4      0      5         -0.8765 
12     3      2      1         -3.2981 
13     12     3      2       -107.8350 
13     12     3      7         68.5824 
14     12     3      2        140.8881 
14     12     3      7        -42.6945 

Number of Torsional Angles: 14


----------------------------------------------------------------------
                          Center of Mass

         x               y               z              Unit
   -0.1267004224   -0.1732729476    0.1335305589      Angstrom
   -0.2394290984    -0.327438416    0.2523361858          Bohr

----------------------------------------------------------------------
                Moment of Inertia Tensor

           1766.11          -1126.51          -629.441
          -1126.51           3044.39            -583.9
          -629.441            -583.9           4183.92

----------------------------------------------------------------------
                      Principal Moments of Inertia

           x                 y                 z                Unit
       250.8439571       1023.931088       1243.918368       amu * ang^2
       895.7800331       3656.524296       4442.113135      amu * bohr^2
  4.1653647463e-38  1.7002787331e-37  2.0655764549e-37          g * cm^2

 - Molecule is an asymmetric top.

----------------------------------------------------------------------

         Rotational constants (MHz)

    A = 2.0147e+03        B = 4.9357e+02        C = 4.0628e+02

----------------------------------------------------------------------

        Rotational constants (cm-1)

    A = 6.7204e-02        B = 1.6464e-02        C = 1.3552e-02

----------------------------------------------------------------------

                                Z-Matrix
C   
C        1       2.6442241
C        2       2.6505555     1       121.46555
C        3      2.55235689     2    121.83048859     1         -2.0903
C        4      4.70949317     3     87.60853365     2          1.1135
H        5      4.03021889     4    115.92814562     3          0.6278
H        6      4.69866174     5     93.05061965     4         -1.6321
H        7      8.04067877     6     92.14397504     5          1.3486
H        8      8.25327332     7     59.40332580     6         -0.9370
N        9     10.10761995     8     29.78718048     7          2.1682
O       10      2.26850335     9    117.94240963     8         -1.2175
O       11      4.08594070    10     25.90827142     9        178.5640
C       12      8.90649785    11     61.68483924    10         -0.2107
H       13      2.07488365    12    111.78806074    11         75.7397
Br      14      4.58073089    13     51.01829719    12       -148.6190

----------------------------------------------------------------------

             Converted back to Cartesian

C        0.000000      0.000000      0.000000
C        0.000000      0.000000      2.644224
C        0.000000      0.098050     -0.004517
C        0.000060     -0.090938      2.540833
C       -0.000174      0.382972     -2.144755
H        0.000138     -0.163901      1.848188
H       -0.000263      0.605352     -2.787076
H        0.000393     -0.933146      5.105043
H       -0.000218      0.792349     -2.965842
N        0.000432     -1.410429      6.898830
O        0.000404     -0.836842      4.704039
O       -0.001346     -1.901082      8.648948
C        0.011820      0.579645      0.094912
H        0.003182     -0.065570      2.066907
Br       0.031063      1.425827     -2.264150

----------------------------------------------------------------------
                       Geometry in bohr 

1     C      -1.7192821831    3.8388263427    1.4135897246
2     C       0.9191554993    3.6951076060    1.5131515164
3     C       2.1889027508    1.3812832882    1.2694230819
4     C       0.9304619951   -0.8236351555    1.0063884436
5     C      -3.0640204436    1.6672487541    1.1439867053
6     H      -2.6405840495    5.6569724354    1.5253931793
7     H       2.0453876583    5.3911917174    1.7455110817
8     H       1.9369522282   -2.5964947135    0.8302939691
9     H      -5.1051520003    1.7014488951    1.0604443427
10    N       4.9969107560    1.4005448858    1.2079769555
11    O       6.0015201530   -0.6306405538    1.1023686600
12    O       5.9745504882    3.4503130029    1.3023738821
13    C      -1.8382231351   -0.8216961355    1.1120842371
14    H      -2.2813943882   -1.6982561868    2.9397559447
15    Br     -3.4164645084   -3.0898764743   -1.2742806388

 Number of nodes, processes per node used for SCF calculation: 1, 4

Common Options
{
  maxiter       = 100
  basis         = 6-311g* spherical
  geom_units    = angstrom
  ang2au factor = 1.889726126
  debug         = false
  file_prefix   = meta_th36_ph180_qed_ccsd_input
}

SCF Options
{
  charge            = 1
  multiplicity      = 1
  level shift       = 0
  tol_int           = 1e-22
  tol_sch           = 1e-12
  tol_lindep        = 1e-10
  conve             = 1e-07
  convd             = 1e-05
  diis_hist         = 10
  AO_tilesize       = 30
  writem            = 10
  damp              = 100
  n_lindep          = 0
  scf_type          = restricted
  cuscf             = false
  qed_omegas        = [0.06615,]
  qed_lambdas       = [0.1,]
  qed_polvecs       = [[-0.5877852523,7.198293278e-17,0.8090169944,],]
  direct_df         = false
  restart_size      = 2000
  restart           = false
  debug             = false
}

Number of basis functions = 221

Total number of shells = 105

Total number of electrons = 98
  # of alpha electrons    = 49
  # of beta electons      = 49

Nuclear repulsion energy  = 732.228953888108

# of {all,non-negligible} shell-pairs = {5565,4875}
Number of AO tiles = 105

Time for initial setup: 0.05 secs
HF exch = 1.00

Time for computing 1-e integrals T, V, S: 0.01 secs
Time for computing orthogonalizer: 0.01 secs

Superposition of Atomic Density Guess ...
Time taken for SAD: 0.75 secs
Total Time to compute initial guess: 0.75 secs


 SCF iterations
-----------------------------------------------------------------------------
 Iter     Energy            E-Diff       RMSD        |[F,P]|^2       Time(s)
-----------------------------------------------------------------------------
   1  -3011.7511547423    -3.01e+03     1.70e-02     1.50e+03         0.6 
   2  -3005.8174343316     5.93e+00     7.02e-03     7.80e+00         2.1 
   3  -3006.0253120693    -2.08e-01     2.74e-03     3.37e+00         2.1 
   4  -3006.1224316493    -9.71e-02     1.19e-03     1.01e-01         2.1 
   5  -3006.1290308406    -6.60e-03     2.56e-04     8.11e-03         2.1 
   6  -3006.1295969097    -5.66e-04     1.87e-04     1.60e-03         2.0 
   7  -3006.1297795946    -1.83e-04     7.85e-05     2.52e-04         2.1 
   8  -3006.1298107482    -3.12e-05     2.46e-05     3.63e-05         2.1 
   9  -3006.1298147608    -4.01e-06     1.16e-05     4.70e-06         2.1 
  10  -3006.1298153513    -5.90e-07     3.87e-06     4.86e-07         2.1 
  11  -3006.1298154181    -6.68e-08     1.37e-06     8.49e-08         2.1 

** Total SCF energy = -3006.1298154181286

Nuclear repulsion energy = 732.228953888107526
#electrons        = 98
1e energy kinetic = 3006.1914734204156048
1e energy N-e     = -8617.8531806644259632
1e energy         = -5609.9848134034127725
2e energy         = 1873.1230806843259415
QED energy        = 0.1798572534488054
QED eT energy     = 0.1552748289825097
QED eT energy from matrix = 0.1552748289825009

 Polarizability Matrix (QED energy = 0.5 * lambda.dot(matrix * lambda))
[40.73433359,  1.80016291,  1.24676269]
[ 1.80016291, 45.14799182,  1.80352911]
[ 1.24676269,  1.80352911, 35.26894829]

 Polarizability Matrix (QED eT energy = 0.5 * lambda.dot(matrix * lambda))
[37.06431785,  2.06496831,  1.48820220]
[ 2.06496831, 42.27657769,  2.28957922]
[ 1.48820220,  2.28957922, 30.04532929]


                      Electron        Nuclear        Total  
                  ------------------------------------------
    Monopole         -98.000000     99.000000      1.000000

      Dipole   X       8.260192    -10.332141     -2.071949
      Dipole   Y      15.003989    -13.706812      1.297176
      Dipole   Z     -34.524806     35.947097      1.422292

  Quadrupole  XX   -1386.861188   1336.545968    -50.315220
  Quadrupole  XY    -513.740091    512.079882     -1.660208
  Quadrupole  XZ    -283.606891    281.589082     -2.017810
  Quadrupole  YY    -764.421373    726.483250    -37.938123
  Quadrupole  YZ    -267.130945    270.348393      3.217448
  Quadrupole  ZZ    -209.115376    162.913350    -46.202025

    Octupole XXX   -2725.350386   2597.623895   -127.726492
    Octupole XXY     -91.107424     73.316480    -17.790944
    Octupole XXZ    -639.161186    605.548179    -33.613007
    Octupole XYY     593.279463   -624.705153    -31.425690
    Octupole XYZ     259.869078   -267.501602     -7.632524
    Octupole XZZ      33.565227    -46.611664    -13.046438
    Octupole YYY    -310.554415    312.646642      2.092227
    Octupole YYZ    -143.157021    126.176435    -16.980586
    Octupole YZZ     -22.719508      6.555171    -16.164337
    Octupole ZZZ    -159.182610     77.705421    -81.477189

writing orbitals and density to disk ... done.

Total Time taken for Hartree-Fock: 24.07 secs

CD Options
{
  debug             = false
  skip_cd           = [false, 100]
  write_cv          = [false, 5000]
  diagtol           = 1e-06
  itilesize         = 1000
  max_cvecs_factor  = 12
}

- #occupied, #virtual = 98, 344

- Tilesize for the MSO space: 40

-----------------------------------------------------
Begin 2-index transformation ... 

nAO, nMO, nelectrons = 221, 442, 98
n_occ_alpha, n_vir_alpha, n_occ_beta, n_vir_beta = 49,172,49,172

Time taken for Fao->Fmo transform: 0.00 secs

-----------------------------------------------------
Number of AO tiles = 105
# of {all,non-negligible} shell-pairs = {5565,4875}

    Begin Cholesky Decomposition
---------------------------------------------
Total # of mpi ranks used for Cholesky decomposition: 4
  --> Number of nodes, mpi ranks per node: 1, 4
- CPU memory required for computing cholesky vectors: 1.93 GiB

- Time for computing the diagonal: 0.01 secs

- Total number of cholesky vectors = 1648

- Time to compute cholesky vectors: 15.86 secs

- CPU memory required for resizing the ao cholesky tensor: 1.57 GiB
- CPU memory required for ao2mo transformation: 1.70 GiB
- CPU memory required for the 2-step contraction: 2.11 GiB

- Time for ao to mo transform: 1.57 secs

   End Cholesky Decomposition
---------------------------------------------

Total Time taken for Cholesky Decomposition: 20.68 secs

scf_type = restricted
Closed-Shell SCF
QED-HF Enabled
nbf = 203
nbf_orig = 221
n_lindep = 0
focc = 1
nmo = 406
nocc = 62
nvir = 344
n_occ_alpha = 31
n_vir_alpha = 172
n_occ_beta = 31
n_vir_beta = 172
nelectrons = 98
nelectrons_alpha = 49
nelectrons_beta = 49
freeze atomic = true
n_frozen_core = 18
n_frozen_virtual = 0
----------------------------
--------- QED-CCSD --------
lambda_x: -0.0588
lambda_y: 0.0000
lambda_z: 0.0809
omega: 0.066150
coupling_factor_x: -0.010690
coupling_factor_y: 0.000000
coupling_factor_z: 0.014713
----------------------------
# of {all,non-negligible} shell-pairs = {5565,4875}
Number of AO tiles = 105
----------------------------
Electronic dipole expectation value using SCF density: 
dipole_x_elec: 8.26022756
dipole_y_elec: 15.00387753
dipole_z_elec: -34.52483256

d_n/N value: d_n is nuclear dipole moment and N is the total number of electrons 
d_nuc_x: -0.10543001
d_nuc_y: -0.13986543
d_nuc_z: 0.36680712

<d_e+d_n> expectation values: 
dipole_total_x: -2.07191347
dipole_total_y: 1.29706507
dipole_total_z: 1.42226487
----------------------------


 CCSD iterations
------------------------------------------------------------
  Iter     Residuum          Correlation          Time(s)
------------------------------------------------------------
   1     1.1847652341961    0.0000000000000         86.52
   2     0.1638858251010   -1.6531287744717         85.78
   3     0.0633848740336   -1.6224501559805         85.37
   4     0.0188506561182   -1.6850889443131         85.42
   5     0.0147381938206   -1.6806482432306         85.61
 MICROCYCLE DIIS UPDATE:                    6
   6     0.0070315292421   -1.6889899216104         84.71
   7     0.0046452929222   -1.6890496927211         84.28
   8     0.0032035543557   -1.6901393561520         84.24
   9     0.0025725623336   -1.6903426654554         84.21
  10     0.0025628909263   -1.6906049281532         84.24
 MICROCYCLE DIIS UPDATE:                   11
  11     0.0004692525313   -1.6910175818980         85.41
  12     0.0003424037416   -1.6910189652922         84.52
  13     0.0002645268310   -1.6910614229598         84.69
  14     0.0002665004597   -1.6910444526204         84.64
  15     0.0002828821764   -1.6910580566154         84.27
 MICROCYCLE DIIS UPDATE:                   16
  16     0.0000597343175   -1.6910572039094         85.04
  17     0.0000388553392   -1.6910574733151         84.67
  18     0.0000310291442   -1.6910644175052         84.49
  19     0.0000238685523   -1.6910649901534         84.47
  20     0.0000230796569   -1.6910660216418         84.14
 MICROCYCLE DIIS UPDATE:                   21
  21     0.0000083626310   -1.6910689971914         83.97
  22     0.0000060738209   -1.6910682941896         83.94
  23     0.0000047706892   -1.6910682199378         83.81
  24     0.0000047651965   -1.6910678126521         83.87
  25     0.0000048009765   -1.6910678616437         84.04
 MICROCYCLE DIIS UPDATE:                   26
  26     0.0000012419041   -1.6910673970590         84.65
  27     0.0000007609597   -1.6910676015215         83.97
------------------------------------------------------------------
 Iterations converged
 CCSD correlation energy / hartree =        -1.691067601521484
 CCSD total energy / hartree       =     -3007.820883019649955

Time taken for spin-orbital canonical QED-CCSD: 2359.53 secs
