
ExaChem Git Information
{
 WARNING: Failed to retrieve the current git state.
}


TAMM Git Information
{
 Branch: main
 Commit Hash: e71357ad [e71357ad54f38748b4a7e175aa6760820d5ce96f]
 Commit Date: 2026-02-02 23:14:56 -0800
 Commit Message: add GitHub Actions workflow for releases
}


date: Fri Aug  7 12:45:13 2026
program: "/global/cfs/cdirs/m3196/heindelj/cavity_qed/software/install_gpu/bin/bin/ExaChem"
nnodes: 1, nproc_per_node: 4, nproc_total: 4, ngpus_per_node: 1, ngpus_total: 1

Memory information
{
[AMD EPYC 7763 64-Core Processor                ] : 
  CPU memory per node (GiB): 251
  Total CPU memory (GiB): 251
[NVIDIA A100-SXM4-40GB, CUDA v12.9] : 
  GPU memory per device (GiB): 39
  GPU memory per node (GiB): 39
  Total GPU memory (GiB): 39
}

------------------------------------------------------------

Input file provided: /global/cfs/cdirs/m4262/heindelj/cavity_qed/mlip/lambda_scans/grid_scans_optimized_geoms/runs_grid_no_freq/meta_th45_ph18/meta_th45_ph18_qed_ccsd_input.json

{
  "geometry": {
    "coordinates": [
      "C    -0.933818112400    2.011925317700    0.785930833500",
      "C     0.458344264900    1.941577013100    0.655573237500",
      "C     1.140478629500    0.718871862600    0.680178139900",
      "C     0.486787962700   -0.457902269300    0.751841854600",
      "C    -1.636135470000    0.852188586800    0.845613647300",
      "H    -1.424293025700    2.973988839300    0.819413877800",
      "H     1.046701754100    2.844767277900    0.547317962300",
      "H     1.026230690500   -1.397744923600    0.751476594700",
      "H    -2.714586229400    0.859228472000    0.915471586100",
      "N     2.623568906600    0.723748049200    0.615691198800",
      "O     3.162547035500   -0.336333547600    0.782757250100",
      "O     3.129943452000    1.786060368400    0.371661760600",
      "C    -0.983928432300   -0.463427610800    0.700786588500",
      "H    -1.418891399700   -1.213648770700    1.362784481500",
      "Br   -1.354783311300   -1.041699742000   -1.115041379200"
    ],
    "units": "angstrom",
    "noorient": true
  },
  "common": {
    "maxiter": 100,
    "debug": false
  },
  "basis": {
    "basisset": "6-311G*"
  },
  "SCF": {
    "charge": 1,
    "multiplicity": 1,
    "lshift": 0,
    "tol_lindep": 1e-10,
    "conve": 1e-07,
    "convd": 1e-05,
    "diis_hist": 10,
    "writem": 10,
    "restart": false,
    "noscf": false,
    "scf_type": "restricted",
    "debug": false,
    "qed_omegas": [
      0.06615
    ],
    "qed_volumes": [],
    "qed_lambdas": [
      0.1
    ],
    "qed_polvecs": [
      [
        0.6724985119639573,
        0.2185080122244105,
        0.7071067811865476
      ]
    ],
    "direct_df": false
  },
  "CD": {
    "debug": false,
    "diagtol": 1e-06
  },
  "CC": {
    "threshold": 1e-06,
    "ndiis": 5,
    "ccsd_maxiter": 200,
    "tilesize": 40,
    "freeze": {
      "atomic": true
    },
    "readt": false,
    "writet": true,
    "writet_iter": 5,
    "debug": false,
    "profile_ccsd": false,
    "balance_tiles": true
  },
  "TASK": {
    "scf": false,
    "ccsd": true
  }
}

Output folder & files prefix: meta_th45_ph18_qed_ccsd_input.6-311g*

  C (carbon)
  ----------
          Exponent        Coefficients
      ----------------  --------------------
  1 S  4.56324000E+03      0.778202
  1 S  6.82024000E+02      1.448695
  1 S  1.54973000E+02      2.383089
  1 S  4.44553000E+01      3.200089
  1 S  1.30290000E+01      3.013004
  1 S  1.82773000E+00      0.247599

  2 S  2.09642000E+01      0.800629
  2 S  4.80331000E+00      2.127420
  2 S  1.45933000E+00     -0.002868

  3 P  2.09642000E+01      2.573592
  3 P  4.80331000E+00      2.408248
  3 P  1.45933000E+00      1.865281

  4 S  4.83456000E-01      0.413217

  5 P  4.83456000E-01      0.574627

  6 S  1.45585000E-01      0.167976

  7 P  1.45585000E-01      0.128185

  8 D  6.26000000E-01      0.725128


  H (hydrogen)
  ------------
          Exponent        Coefficients
      ----------------  --------------------
  1 S  3.38650000E+01      0.255069
  1 S  5.09479000E+00      0.460109
  1 S  1.15879000E+00      0.678321

  2 S  3.25840000E-01      0.307371

  3 S  1.02741000E-01      0.129336


  N (nitrogen)
  ------------
          Exponent        Coefficients
      ----------------  --------------------
  1 S  6.29348000E+03      0.991968
  1 S  9.49044000E+02      1.823240
  1 S  2.18776000E+02      2.979891
  1 S  6.36916000E+01      4.000007
  1 S  1.88282000E+01      3.881008
  1 S  2.72023000E+00      0.386764

  2 S  3.06331000E+01      1.038501
  2 S  7.02614000E+00      2.834794
  2 S  2.11205000E+00     -0.003208

  3 P  3.06331000E+01      3.935616
  3 P  7.02614000E+00      3.870994
  3 P  2.11205000E+00      2.967271

  4 S  6.84009000E-01      0.536051

  5 P  6.84009000E-01      0.886681

  6 S  2.00878000E-01      0.213850

  7 P  2.00878000E-01      0.191693

  8 D  9.13000000E-01      1.403568


  O (oxygen)
  ----------
          Exponent        Coefficients
      ----------------  --------------------
  1 S  8.58850000E+03      1.205013
  1 S  1.29723000E+03      2.216205
  1 S  2.99296000E+02      3.627452
  1 S  8.73771000E+01      4.888452
  1 S  2.56789000E+01      4.835721
  1 S  3.74004000E+00      0.538229

  2 S  4.21175000E+01      1.341958
  2 S  9.62837000E+00      3.587114
  2 S  2.85332000E+00     -0.005123

  3 P  4.21175000E+01      5.584018
  3 P  9.62837000E+00      5.733366
  3 P  2.85332000E+00      4.332955

  4 S  9.05661000E-01      0.661659

  5 P  9.05661000E-01      1.259352

  6 S  2.55611000E-01      0.256209

  7 P  2.55611000E-01      0.259068

  8 D  1.29200000E+00      2.577026


  Br (bromine)
  ------------
          Exponent        Coefficients
      ----------------  --------------------
  1 S  4.39700000E+05      9.893706
  1 S  6.60300000E+04     18.450679
  1 S  1.51400000E+04     31.049770
  1 S  4.31700000E+03     48.888138
  1 S  1.41400000E+03     64.847798
  1 S  5.23900000E+02     42.245010

  2 S  5.23900000E+02     14.290679
  2 S  2.07700000E+02     24.083128
  2 S  8.65400000E+01      5.132542

  3 S  3.05200000E+01      9.254405

  4 S  1.29800000E+01      4.873782

  5 S  4.41200000E+00      2.169635

  6 S  1.86200000E+00      1.136043

  7 S  3.93200000E-01      0.353892

  8 S  1.40000000E-01      0.163120

  9 P  2.95700000E+03    691.874478
  9 P  7.00300000E+02    925.332763
  9 P  2.24600000E+02   1068.830732

  10 P  8.25900000E+01    122.079275
  10 P  3.31900000E+01     57.580687
  10 P  1.42000000E+01     10.176170

  11 P  1.42000000E+01      3.129736
  11 P  7.43800000E+00      6.538168
  11 P  3.52600000E+00      4.166276

  12 P  1.59500000E+00      2.555000

  13 P  8.46200000E-01      1.156861

  14 P  3.18600000E-01      0.341191

  15 P  1.09600000E-01      0.089888

  16 D  1.34800000E+02    160.709187
  16 D  3.63900000E+01    119.797406
  16 D  1.21600000E+01     55.531619
  16 D  4.34100000E+00     12.984636

  17 D  1.53500000E+00      3.484168

  18 D  4.51000000E-01      0.408525



Printing Internal Coordinates

------------------------------------------------------------
                Bond Lengths

i      j        Length (Angstroms)     Length (Bohr)
0      1          1.4000207397         2.6456557686
0      4          1.3571296895         2.5646034304
0      5          1.0803948234         2.0416503241
1      2          1.4003287391         2.6462378032
1      6          1.0833450024         2.0472253543
2      3          1.3480521256         2.5474493209
2      9          1.4844996170         2.8052977101
3      7          1.0836525296         2.0478064965
3      12         1.4716126814         2.7809449313
4      8          1.0807338859         2.0422910593
4      12         1.4755320655         2.7883514938
9      10         1.2009086063         2.2693883682
9      11         1.2018623093         2.2711906056
12     13         1.0909930257         2.0616780238
12     14         1.9414332868         3.6687772039

Number of Bonds: 15

------------------------------------------------------------
           Bond Angles

i      j      k      Angle (degrees)
0      1      2        121.7779 
0      1      6        120.4946 
0      4      8        120.9096 
0      4      12       121.9296 
1      0      4        118.4084 
1      0      5        119.9378 
1      2      3        121.7987 
1      2      9        118.8835 
2      1      6        117.7203 
2      3      7        121.0435 
2      3      12       119.0815 
2      9      10       116.0681 
2      9      11       115.6358 
3      2      9        119.3164 
3      12     4        115.7848 
3      12     13       112.3320 
3      12     14       102.9718 
4      0      5        121.6453 
4      12     13       112.1691 
4      12     14       105.8396 
7      3      12       119.6189 
8      4      12       116.9513 
10     9      11       128.2716 
13     12     14       106.6514 

Number of Angles: 24

------------------------------------------------------------
              Torsional Angles

i      j      k      l      Angle (degrees)
3      2      1      0          3.9557 
4      0      1      2         -4.5344 
5      0      1      2        176.5144 
6      1      0      4        176.4589 
6      1      0      5         -2.4924 
6      1      2      3       -177.0111 
7      3      2      1        178.8461 
8      4      0      1       -178.0996 
8      4      0      5          0.8328 

Number of Torsional Angles: 9


----------------------------------------------------------------------
                          Center of Mass

         x               y               z              Unit
   0.03934464174   0.04637212525  -0.02243845339      Angstrom
   0.07435059741    0.0876306166   -0.0424025316          Bohr

----------------------------------------------------------------------
                Moment of Inertia Tensor

           1577.55          -686.052          -646.624
          -686.052           2887.16          -530.345
          -646.624          -530.345            3320.4

----------------------------------------------------------------------
                      Principal Moments of Inertia

           x                 y                 z                Unit
       280.7696609       864.8629741       1034.420127       amu * ang^2
       1002.646662        3088.48175       3693.981337      amu * bohr^2
  4.6622930886e-38  1.4361397360e-37  1.7176962050e-37          g * cm^2

 - Molecule is an asymmetric top.

----------------------------------------------------------------------

         Rotational constants (MHz)

    A = 1.8000e+03        B = 5.8435e+02        C = 4.8856e+02

----------------------------------------------------------------------

        Rotational constants (cm-1)

    A = 6.0041e-02        B = 1.9492e-02        C = 1.6297e-02

----------------------------------------------------------------------

                                Z-Matrix
C   
C        1       2.6456558
C        2       2.6462378     1       121.77794
C        3      2.54744932     2    121.79868744     1          3.9557
C        4      4.71748283     3     87.49258092     2         -1.5866
H        5      4.02986033     4    115.92663773     3         -1.3163
H        6      4.70407062     5     92.76858123     4          3.5124
H        7      8.02655685     6     92.39637072     5         -2.6338
H        8      8.26191515     7     59.35600602     6          2.2663
N        9     10.10678878     8     29.63575431     7         -1.7621
O       10      2.26938837     9    117.54997330     8         -9.4443
O       11      4.08575152    10     25.87522923     9        179.2355
C       12      8.88220756    11     61.97107504    10         -5.5558
H       13      2.06167802    12    136.09876259    11         43.2544
Br      14      4.69523641    13     48.47065847    12       -132.7222

----------------------------------------------------------------------

             Converted back to Cartesian

C        0.000000      0.000000      0.000000
C        0.000000      0.000000      2.645656
C        0.000000      0.098141      0.001238
C       -0.000114     -0.090700      2.541679
C        0.000309      0.384249     -2.151835
H       -0.000235     -0.162773      1.840726
H        0.000428      0.607197     -2.799902
H       -0.000568     -0.928919      5.078294
H        0.000264      0.798595     -3.000997
N       -0.000587     -1.403805      6.862908
O       -0.000311     -0.830301      4.667181
O       -0.002599     -1.893902      8.612065
C        0.011982      0.579513      0.081203
H        0.002582     -0.075968      2.035882
Br       0.031650      1.481965     -2.393254

----------------------------------------------------------------------
                       Geometry in bohr 

1     C      -1.7646604838    3.8019878362    1.4851940292
2     C       0.8661451320    3.6690488071    1.2388538743
3     C       2.1551922622    1.3584709399    1.2853504012
4     C       0.9198959309   -0.8653098814    1.4207751952
5     C      -3.0918479432    1.6104030367    1.5979782017
6     H      -2.6915237416    5.6200244078    1.5484678128
7     H       1.9779796508    5.3758310472    1.0342810525
8     H       1.9392949470   -2.6413550995    1.4200849540
9     H      -5.1298245187    1.6237064917    1.7299905738
10    N       4.9578267059    1.3676855971    1.1634877439
11    O       5.9763477574   -0.6355782919    1.4791968258
12    O       5.9147359139    3.3751649406    0.7023389390
13    C      -1.8593552645   -0.8757512636    1.3242947250
14    H      -2.6813161478   -2.2934637897    2.5752894387
15    Br     -2.5601694183   -1.9685272178   -2.1071228257

 Number of nodes, processes per node used for SCF calculation: 1, 4

Common Options
{
  maxiter       = 100
  basis         = 6-311g* spherical
  geom_units    = angstrom
  ang2au factor = 1.889726126
  debug         = false
  file_prefix   = meta_th45_ph18_qed_ccsd_input
}

SCF Options
{
  charge            = 1
  multiplicity      = 1
  level shift       = 0
  tol_int           = 1e-22
  tol_sch           = 1e-12
  tol_lindep        = 1e-10
  conve             = 1e-07
  convd             = 1e-05
  diis_hist         = 10
  AO_tilesize       = 30
  writem            = 10
  damp              = 100
  n_lindep          = 0
  scf_type          = restricted
  cuscf             = false
  qed_omegas        = [0.06615,]
  qed_lambdas       = [0.1,]
  qed_polvecs       = [[0.672498512,0.2185080122,0.7071067812,],]
  direct_df         = false
  restart_size      = 2000
  restart           = false
  debug             = false
}

Number of basis functions = 221

Total number of shells = 105

Total number of electrons = 98
  # of alpha electrons    = 49
  # of beta electons      = 49

Nuclear repulsion energy  = 754.17863889438

# of {all,non-negligible} shell-pairs = {5565,4930}
Number of AO tiles = 105

Time for initial setup: 0.01 secs
HF exch = 1.00

Time for computing 1-e integrals T, V, S: 0.01 secs
Time for computing orthogonalizer: 0.01 secs

Superposition of Atomic Density Guess ...
Time taken for SAD: 0.28 secs
Total Time to compute initial guess: 0.29 secs


 SCF iterations
-----------------------------------------------------------------------------
 Iter     Energy            E-Diff       RMSD        |[F,P]|^2       Time(s)
-----------------------------------------------------------------------------
   1  -3011.7171290056    -3.01e+03     1.67e-02     1.52e+03         0.6 
   2  -3005.7714094219     5.95e+00     6.59e-03     8.78e+00         2.1 
   3  -3006.0290877479    -2.58e-01     2.29e-03     2.75e+00         2.1 
   4  -3006.1086567005    -7.96e-02     1.18e-03     8.92e-02         2.1 
   5  -3006.1149112186    -6.25e-03     2.84e-04     6.90e-03         2.1 
   6  -3006.1154653231    -5.54e-04     1.80e-04     1.43e-03         2.1 
   7  -3006.1156154901    -1.50e-04     6.17e-05     1.83e-04         2.2 
   8  -3006.1156350340    -1.95e-05     1.67e-05     2.67e-05         2.1 
   9  -3006.1156372207    -2.19e-06     8.07e-06     3.70e-06         2.2 
  10  -3006.1156376587    -4.38e-07     4.18e-06     4.99e-07         2.2 
  11  -3006.1156377428    -8.41e-08     1.78e-06     9.48e-08         2.2 

** Total SCF energy = -3006.1156377428060

Nuclear repulsion energy = 754.178638894379901
#electrons        = 98
1e energy kinetic = 3006.2198820619919388
1e energy N-e     = -8661.4807720114731637
1e energy         = -5649.4222707617927881
2e energy         = 1894.7742398882890029
QED energy        = 0.1923734240083190
QED eT energy     = 0.1709820088931254
QED eT energy from matrix = 0.1709820088931175

 Polarizability Matrix (QED energy = 0.5 * lambda.dot(matrix * lambda))
[39.99369799,  0.89907566, -0.13930788]
[ 0.89907566, 44.18430400, -0.17444546]
[-0.13930788, -0.17444546, 36.39983349]

 Polarizability Matrix (QED eT energy = 0.5 * lambda.dot(matrix * lambda))
[36.18354190,  1.01071069, -0.12399548]
[ 1.01071069, 41.06036519, -0.21264065]
[-0.12399548, -0.21264065, 31.51675820]


                      Electron        Nuclear        Total  
                  ------------------------------------------
    Monopole         -98.000000     99.000000      1.000000

      Dipole   X     -19.111931     16.994355     -2.117576
      Dipole   Y     -21.295227     22.469880      1.174653
      Dipole   Z      -8.813986     10.270194      1.456208

  Quadrupole  XX   -1200.251659   1149.727604    -50.524056
  Quadrupole  XY    -314.813641    312.877950     -1.935691
  Quadrupole  XZ    -291.321835    288.753945     -2.567891
  Quadrupole  YY    -560.205504    521.674841    -38.530662
  Quadrupole  YZ    -245.289809    247.908326      2.618517
  Quadrupole  ZZ    -317.047475    271.745771    -45.301704

    Octupole XXX   -3444.301020   3289.762413   -154.538606
    Octupole XXY    -846.993813    820.013881    -26.979933
    Octupole XXZ    -632.249035    616.156322    -16.092713
    Octupole XYY    -157.480606    122.325681    -35.154926
    Octupole XYZ     320.039599   -322.679609     -2.640010
    Octupole XZZ     279.031486   -306.287439    -27.255953
    Octupole YYY   -1054.937341   1021.399548    -33.537793
    Octupole YYZ    -190.477730    185.498857     -4.978873
    Octupole YZZ     152.096756   -184.655011    -32.558254
    Octupole ZZZ      92.006374   -158.383815    -66.377441

writing orbitals and density to disk ... done.

Total Time taken for Hartree-Fock: 23.63 secs

CD Options
{
  debug             = false
  skip_cd           = [false, 100]
  write_cv          = [false, 5000]
  diagtol           = 1e-06
  itilesize         = 1000
  max_cvecs_factor  = 12
}

- #occupied, #virtual = 98, 344

- Tilesize for the MSO space: 40

-----------------------------------------------------
Begin 2-index transformation ... 

nAO, nMO, nelectrons = 221, 442, 98
n_occ_alpha, n_vir_alpha, n_occ_beta, n_vir_beta = 49,172,49,172

Time taken for Fao->Fmo transform: 0.00 secs

-----------------------------------------------------
Number of AO tiles = 105
# of {all,non-negligible} shell-pairs = {5565,4930}

    Begin Cholesky Decomposition
---------------------------------------------
Total # of mpi ranks used for Cholesky decomposition: 4
  --> Number of nodes, mpi ranks per node: 1, 4
- CPU memory required for computing cholesky vectors: 1.93 GiB

- Time for computing the diagonal: 0.01 secs

- Total number of cholesky vectors = 1648

- Time to compute cholesky vectors: 15.93 secs

- CPU memory required for resizing the ao cholesky tensor: 1.57 GiB
- CPU memory required for ao2mo transformation: 1.70 GiB
- CPU memory required for the 2-step contraction: 2.11 GiB

- Time for ao to mo transform: 1.57 secs

   End Cholesky Decomposition
---------------------------------------------

Total Time taken for Cholesky Decomposition: 19.26 secs

scf_type = restricted
Closed-Shell SCF
QED-HF Enabled
nbf = 203
nbf_orig = 221
n_lindep = 0
focc = 1
nmo = 406
nocc = 62
nvir = 344
n_occ_alpha = 31
n_vir_alpha = 172
n_occ_beta = 31
n_vir_beta = 172
nelectrons = 98
nelectrons_alpha = 49
nelectrons_beta = 49
freeze atomic = true
n_frozen_core = 18
n_frozen_virtual = 0
----------------------------
--------- QED-CCSD --------
lambda_x: 0.0672
lambda_y: 0.0219
lambda_z: 0.0707
omega: 0.066150
coupling_factor_x: 0.012230
coupling_factor_y: 0.003974
coupling_factor_z: 0.012860
----------------------------
# of {all,non-negligible} shell-pairs = {5565,4930}
Number of AO tiles = 105
----------------------------
Electronic dipole expectation value using SCF density: 
dipole_x_elec: -19.11182623
dipole_y_elec: -21.29510331
dipole_z_elec: -8.81391407

d_n/N value: d_n is nuclear dipole moment and N is the total number of electrons 
d_nuc_x: 0.17341178
d_nuc_y: 0.22928449
d_nuc_z: 0.10479790

<d_e+d_n> expectation values: 
dipole_total_x: -2.11747157
dipole_total_y: 1.17477635
dipole_total_z: 1.45627975
----------------------------


 CCSD iterations
------------------------------------------------------------
  Iter     Residuum          Correlation          Time(s)
------------------------------------------------------------
   1     1.1845617380557    0.0000000000000         85.60
   2     0.1679409456583   -1.6008482475968         83.70
   3     0.0639283856179   -1.6254265228116         83.34
   4     0.0245739592584   -1.6848569125684         83.49
   5     0.0198533580737   -1.6835293846263         83.56
 MICROCYCLE DIIS UPDATE:                    6
   6     0.0093100193877   -1.6935663168194         82.84
   7     0.0065151728716   -1.6930868947214         82.75
   8     0.0047330809977   -1.6947383025644         82.60
   9     0.0044537048046   -1.6950564005084         84.05
  10     0.0050011879588   -1.6954359850944         84.29
 MICROCYCLE DIIS UPDATE:                   11
  11     0.0008288841100   -1.6962093793172         83.72
  12     0.0006075839807   -1.6961064055027         83.51
  13     0.0005773174058   -1.6962334614927         83.53
  14     0.0007787671764   -1.6961804198950         83.48
  15     0.0011418964147   -1.6962299091051         83.47
 MICROCYCLE DIIS UPDATE:                   16
  16     0.0001321279856   -1.6962404332549         83.70
  17     0.0000863873960   -1.6962224044712         83.41
  18     0.0000818922145   -1.6962323064534         86.11
  19     0.0000698147277   -1.6962368187811         84.28
  20     0.0000858623095   -1.6962373324971         83.18
 MICROCYCLE DIIS UPDATE:                   21
  21     0.0000270753828   -1.6962529375875         83.46
  22     0.0000182828087   -1.6962465326851         83.62
  23     0.0000160759087   -1.6962476110733         83.50
  24     0.0000199002912   -1.6962455807859         82.29
  25     0.0000289061796   -1.6962461347267         82.35
 MICROCYCLE DIIS UPDATE:                   26
  26     0.0000051729968   -1.6962450546730         82.46
  27     0.0000034908099   -1.6962446251071         82.37
  28     0.0000031997748   -1.6962452585474         83.07
  29     0.0000028761765   -1.6962454181907         83.20
  30     0.0000035380812   -1.6962454663321         83.53
 MICROCYCLE DIIS UPDATE:                   31
  31     0.0000011515752   -1.6962461440623         83.79
  32     0.0000008134096   -1.6962458119428         83.77
------------------------------------------------------------------
 Iterations converged
 CCSD correlation energy / hartree =        -1.696245811942764
 CCSD total energy / hartree       =     -3007.811883554748874

Time taken for spin-orbital canonical QED-CCSD: 2741.46 secs
