
ExaChem Git Information
{
 WARNING: Failed to retrieve the current git state.
}


TAMM Git Information
{
 Branch: main
 Commit Hash: e71357ad [e71357ad54f38748b4a7e175aa6760820d5ce96f]
 Commit Date: 2026-02-02 23:14:56 -0800
 Commit Message: add GitHub Actions workflow for releases
}


date: Fri Aug  7 06:07:14 2026
program: "/global/cfs/cdirs/m3196/heindelj/cavity_qed/software/install_gpu/bin/bin/ExaChem"
nnodes: 1, nproc_per_node: 4, nproc_total: 4, ngpus_per_node: 1, ngpus_total: 1

Memory information
{
[AMD EPYC 7763 64-Core Processor                ] : 
  CPU memory per node (GiB): 251
  Total CPU memory (GiB): 251
[NVIDIA A100-SXM4-40GB, CUDA v12.9] : 
  GPU memory per device (GiB): 39
  GPU memory per node (GiB): 39
  Total GPU memory (GiB): 39
}

------------------------------------------------------------

Input file provided: /global/cfs/cdirs/m4262/heindelj/cavity_qed/mlip/lambda_scans/grid_scans_optimized_geoms/runs_grid_no_freq/para_th72_ph126/para_th72_ph126_qed_ccsd_input.json

{
  "geometry": {
    "coordinates": [
      "C    -0.469541689600    1.225180844600    0.799472440600",
      "C     0.877231646800    1.244865975400    0.804297945300",
      "C     1.526398505400    0.004534101900    0.721991885100",
      "H    -1.027901403500    2.142250416000    0.871737142400",
      "H     1.455900372600    2.154755335200    0.855257127800",
      "N     2.992543587000    0.035981711800    0.720101776000",
      "O     3.508966375600   -0.454765889300    1.685286590300",
      "O     3.485894819600    0.573511544600   -0.232583342700",
      "C    -0.458679399300   -1.255266964600    0.582056091100",
      "H    -1.003338759100   -2.184804728800    0.477783141600",
      "C     0.896177719400   -1.237419155500    0.638306182500",
      "H     1.481581161900   -2.138067806600    0.594291661200",
      "C    -1.241308701000   -0.017390475800    0.668088167200",
      "H    -1.984919408100   -0.108221544100    1.461291422300",
      "Br   -2.273085566800    0.162377112700   -0.981938599300"
    ],
    "units": "angstrom",
    "noorient": true
  },
  "common": {
    "maxiter": 100,
    "debug": false
  },
  "basis": {
    "basisset": "6-311G*"
  },
  "SCF": {
    "charge": 1,
    "multiplicity": 1,
    "lshift": 0,
    "tol_lindep": 1e-10,
    "conve": 1e-07,
    "convd": 1e-05,
    "diis_hist": 10,
    "writem": 10,
    "restart": false,
    "noscf": false,
    "scf_type": "restricted",
    "debug": false,
    "qed_omegas": [
      0.06615
    ],
    "qed_volumes": [],
    "qed_lambdas": [
      0.1
    ],
    "qed_polvecs": [
      [
        -0.5590169943749475,
        0.7694208842938135,
        0.3090169943749475
      ]
    ],
    "direct_df": false
  },
  "CD": {
    "debug": false,
    "diagtol": 1e-06
  },
  "CC": {
    "threshold": 1e-06,
    "ndiis": 5,
    "ccsd_maxiter": 200,
    "tilesize": 40,
    "freeze": {
      "atomic": true
    },
    "readt": false,
    "writet": true,
    "writet_iter": 5,
    "debug": false,
    "profile_ccsd": false,
    "balance_tiles": true
  },
  "TASK": {
    "scf": false,
    "ccsd": true
  }
}

Output folder & files prefix: para_th72_ph126_qed_ccsd_input.6-311g*

  C (carbon)
  ----------
          Exponent        Coefficients
      ----------------  --------------------
  1 S  4.56324000E+03      0.778202
  1 S  6.82024000E+02      1.448695
  1 S  1.54973000E+02      2.383089
  1 S  4.44553000E+01      3.200089
  1 S  1.30290000E+01      3.013004
  1 S  1.82773000E+00      0.247599

  2 S  2.09642000E+01      0.800629
  2 S  4.80331000E+00      2.127420
  2 S  1.45933000E+00     -0.002868

  3 P  2.09642000E+01      2.573592
  3 P  4.80331000E+00      2.408248
  3 P  1.45933000E+00      1.865281

  4 S  4.83456000E-01      0.413217

  5 P  4.83456000E-01      0.574627

  6 S  1.45585000E-01      0.167976

  7 P  1.45585000E-01      0.128185

  8 D  6.26000000E-01      0.725128


  H (hydrogen)
  ------------
          Exponent        Coefficients
      ----------------  --------------------
  1 S  3.38650000E+01      0.255069
  1 S  5.09479000E+00      0.460109
  1 S  1.15879000E+00      0.678321

  2 S  3.25840000E-01      0.307371

  3 S  1.02741000E-01      0.129336


  N (nitrogen)
  ------------
          Exponent        Coefficients
      ----------------  --------------------
  1 S  6.29348000E+03      0.991968
  1 S  9.49044000E+02      1.823240
  1 S  2.18776000E+02      2.979891
  1 S  6.36916000E+01      4.000007
  1 S  1.88282000E+01      3.881008
  1 S  2.72023000E+00      0.386764

  2 S  3.06331000E+01      1.038501
  2 S  7.02614000E+00      2.834794
  2 S  2.11205000E+00     -0.003208

  3 P  3.06331000E+01      3.935616
  3 P  7.02614000E+00      3.870994
  3 P  2.11205000E+00      2.967271

  4 S  6.84009000E-01      0.536051

  5 P  6.84009000E-01      0.886681

  6 S  2.00878000E-01      0.213850

  7 P  2.00878000E-01      0.191693

  8 D  9.13000000E-01      1.403568


  O (oxygen)
  ----------
          Exponent        Coefficients
      ----------------  --------------------
  1 S  8.58850000E+03      1.205013
  1 S  1.29723000E+03      2.216205
  1 S  2.99296000E+02      3.627452
  1 S  8.73771000E+01      4.888452
  1 S  2.56789000E+01      4.835721
  1 S  3.74004000E+00      0.538229

  2 S  4.21175000E+01      1.341958
  2 S  9.62837000E+00      3.587114
  2 S  2.85332000E+00     -0.005123

  3 P  4.21175000E+01      5.584018
  3 P  9.62837000E+00      5.733366
  3 P  2.85332000E+00      4.332955

  4 S  9.05661000E-01      0.661659

  5 P  9.05661000E-01      1.259352

  6 S  2.55611000E-01      0.256209

  7 P  2.55611000E-01      0.259068

  8 D  1.29200000E+00      2.577026


  Br (bromine)
  ------------
          Exponent        Coefficients
      ----------------  --------------------
  1 S  4.39700000E+05      9.893706
  1 S  6.60300000E+04     18.450679
  1 S  1.51400000E+04     31.049770
  1 S  4.31700000E+03     48.888138
  1 S  1.41400000E+03     64.847798
  1 S  5.23900000E+02     42.245010

  2 S  5.23900000E+02     14.290679
  2 S  2.07700000E+02     24.083128
  2 S  8.65400000E+01      5.132542

  3 S  3.05200000E+01      9.254405

  4 S  1.29800000E+01      4.873782

  5 S  4.41200000E+00      2.169635

  6 S  1.86200000E+00      1.136043

  7 S  3.93200000E-01      0.353892

  8 S  1.40000000E-01      0.163120

  9 P  2.95700000E+03    691.874478
  9 P  7.00300000E+02    925.332763
  9 P  2.24600000E+02   1068.830732

  10 P  8.25900000E+01    122.079275
  10 P  3.31900000E+01     57.580687
  10 P  1.42000000E+01     10.176170

  11 P  1.42000000E+01      3.129736
  11 P  7.43800000E+00      6.538168
  11 P  3.52600000E+00      4.166276

  12 P  1.59500000E+00      2.555000

  13 P  8.46200000E-01      1.156861

  14 P  3.18600000E-01      0.341191

  15 P  1.09600000E-01      0.089888

  16 D  1.34800000E+02    160.709187
  16 D  3.63900000E+01    119.797406
  16 D  1.21600000E+01     55.531619
  16 D  4.34100000E+00     12.984636

  17 D  1.53500000E+00      3.484168

  18 D  4.51000000E-01      0.408525



Printing Internal Coordinates

------------------------------------------------------------
                Bond Lengths

i      j        Length (Angstroms)     Length (Bohr)
0      1          1.3469258367         2.5453209432
0      3          1.0761061082         2.0335458268
0      12         1.4686284872         2.7753056215
1      2          1.4023605293         2.6500773302
1      4          1.0795151595         2.0399880002
2      5          1.4664835236         2.7712522278
2      10         1.3952166246         2.6365773068
5      6          1.1996280383         2.2669684454
5      7          1.1999761228         2.2676262297
8      9          1.0823895423         2.0454197965
8      10         1.3561417438         2.5627364836
8      12         1.4670543083         2.7723308545
10     11         1.0750825370         2.0316115576
12     13         1.0910447152         2.0617757029
12     14         1.9543459819         3.6931786610

Number of Bonds: 15

------------------------------------------------------------
           Bond Angles

i      j      k      Angle (degrees)
0      1      2        116.7258 
0      1      4        123.2622 
0      12     8        116.0281 
0      12     13       111.3189 
0      12     14       105.9703 
1      0      3        120.4055 
1      0      12       122.5563 
1      2      5        116.3538 
1      2      10       125.5720 
2      1      4        120.0075 
2      5      6        114.8710 
2      5      7        114.9400 
2      10     8        117.7410 
2      10     11       120.1469 
3      0      12       117.0248 
5      2      10       118.0738 
6      5      7        130.1676 
8      10     11       122.0920 
8      12     13       109.6321 
8      12     14       108.0437 
9      8      10       121.1997 
9      8      12       117.5055 
10     8      12       121.2938 
13     12     14       105.1675 

Number of Angles: 24

------------------------------------------------------------
              Torsional Angles

i      j      k      l      Angle (degrees)
3      0      1      2        179.2847 
4      1      0      3         -1.4851 
8      10     2      1          2.5590 
9      8      10     2        177.6118 
10     2      1      0         -0.1032 
10     2      1      4       -179.3599 
11     10     2      1       -179.0384 
11     10     8      9         -0.7577 

Number of Torsional Angles: 8


----------------------------------------------------------------------
                          Center of Mass

         x               y               z              Unit
  -0.07585101967   0.07301706725   0.04784783749      Angstrom
   -0.1433376536    0.1379822596   0.09041930858          Bohr

----------------------------------------------------------------------
                Moment of Inertia Tensor

           973.572           71.7477          -1070.02
           71.7477           4212.92           74.3152
          -1070.02           74.3152           3969.57

----------------------------------------------------------------------
                      Principal Moments of Inertia

           x                 y                 z                Unit
        175.956259       1174.697406       1213.303496       amu * ang^2
       628.3512083       4194.920594       4332.785444      amu * bohr^2
  2.9218244152e-38  1.9506322657e-37  2.0147392301e-37          g * cm^2

 - Molecule is an asymmetric top.

----------------------------------------------------------------------

         Rotational constants (MHz)

    A = 2.8722e+03        B = 4.3022e+02        C = 4.1653e+02

----------------------------------------------------------------------

        Rotational constants (cm-1)

    A = 9.5806e-02        B = 1.4351e-02        C = 1.3894e-02

----------------------------------------------------------------------

                                Z-Matrix
C   
C        1       2.5453209
C        2       2.6500773     1        116.7258
H        3      6.30067187     2     22.43023165     1         -0.5218
H        4      4.69386791     3     40.25812740     2          0.1290
N        5      4.95264772     4    125.63161179     3         -0.1705
O        6      2.26696845     5    122.79457541     4        -99.0555
O        7      4.11253723     6     24.92005327     5       -114.7785
C        8      8.35928506     7     69.62394543     6        -14.5358
H        9      2.04541980     8    141.81437535     7        -85.8572
C       10      4.02270716     9     33.01965586     8         24.4154
H       11      2.03161156    10     96.31318838     9        179.3542
C       12      6.52348334    11     19.08762186    10         -1.5781
H       13      2.06177570    12    120.13176419    11       -120.4303
Br      14      4.67707648    13     49.65206995    12       -134.6100

----------------------------------------------------------------------

             Converted back to Cartesian

C        0.000000      0.000000      0.000000
C        0.000000      0.000000      2.545321
C        0.000000      0.094208     -0.103081
H        0.000007     -0.172793      6.191931
H       -0.000010      0.083612      1.505071
N        0.000055     -0.375938      6.436352
O        0.002562     -0.081363      4.188606
O       -0.001828     -0.646693      8.262099
C        0.006979      0.677752      0.008408
H        0.007195      0.266792      2.012118
C        0.005385      1.114595     -1.920235
H        0.005085      0.628362      0.052332
C        0.006838      2.226443     -6.272379
H        0.007479      1.648576     -4.293240
Br       0.007805      3.027181     -8.762524

----------------------------------------------------------------------
                       Geometry in bohr 

1     C      -0.8873051980    2.3152562510    1.5107839579
2     C       1.6577275614    2.3524557570    1.5199028402
3     C       2.8844751342    0.0085682108    1.3643669280
4     H      -1.9424521371    4.0482665794    1.6473444529
5     H       2.7512529708    4.0718974519    1.6162017388
6     N       5.6550877993    0.0679955808    1.3607951394
7     O       6.6309854349   -0.8593829822    3.1847300993
8     O       6.5873865128    1.0837797493   -0.4395188192
9     C      -0.8667784443   -2.3721107780    1.0999266021
10    H      -1.8960354662   -4.1286825760    0.9028792852
11    C       1.6935304498   -2.3383833068    1.2062238694
12    H       2.7997826293   -4.0403625931    1.1230484786
13    C      -2.3457334826   -0.0328632365    1.2625036640
14    H      -3.7509540633   -0.2045090793    2.7614405783
15    Br     -4.2955091820    0.3068482721   -1.8555950251

 Number of nodes, processes per node used for SCF calculation: 1, 4

Common Options
{
  maxiter       = 100
  basis         = 6-311g* spherical
  geom_units    = angstrom
  ang2au factor = 1.889726126
  debug         = false
  file_prefix   = para_th72_ph126_qed_ccsd_input
}

SCF Options
{
  charge            = 1
  multiplicity      = 1
  level shift       = 0
  tol_int           = 1e-22
  tol_sch           = 1e-12
  tol_lindep        = 1e-10
  conve             = 1e-07
  convd             = 1e-05
  diis_hist         = 10
  AO_tilesize       = 30
  writem            = 10
  damp              = 100
  n_lindep          = 0
  scf_type          = restricted
  cuscf             = false
  qed_omegas        = [0.06615,]
  qed_lambdas       = [0.1,]
  qed_polvecs       = [[-0.5590169944,0.7694208843,0.3090169944,],]
  direct_df         = false
  restart_size      = 2000
  restart           = false
  debug             = false
}

Number of basis functions = 221

Total number of shells = 105

Total number of electrons = 98
  # of alpha electrons    = 49
  # of beta electons      = 49

Nuclear repulsion energy  = 736.261385706924

# of {all,non-negligible} shell-pairs = {5565,4892}
Number of AO tiles = 105

Time for initial setup: 0.07 secs
HF exch = 1.00

Time for computing 1-e integrals T, V, S: 0.01 secs
Time for computing orthogonalizer: 0.01 secs

Superposition of Atomic Density Guess ...
Time taken for SAD: 0.99 secs
Total Time to compute initial guess: 0.99 secs


 SCF iterations
-----------------------------------------------------------------------------
 Iter     Energy            E-Diff       RMSD        |[F,P]|^2       Time(s)
-----------------------------------------------------------------------------
   1  -3011.7983811297    -3.01e+03     1.66e-02     1.51e+03         0.6 
   2  -3005.7771059292     6.02e+00     6.74e-03     8.49e+00         2.1 
   3  -3006.0014448814    -2.24e-01     2.57e-03     3.47e+00         2.1 
   4  -3006.0998119398    -9.84e-02     1.14e-03     1.19e-01         2.1 
   5  -3006.1064395446    -6.63e-03     2.47e-04     1.23e-02         2.1 
   6  -3006.1070631571    -6.24e-04     1.51e-04     1.44e-03         2.1 
   7  -3006.1072042636    -1.41e-04     6.15e-05     2.01e-04         2.1 
   8  -3006.1072262005    -2.19e-05     1.62e-05     2.31e-05         2.1 
   9  -3006.1072286804    -2.48e-06     7.65e-06     5.50e-06         2.1 
  10  -3006.1072292718    -5.91e-07     4.30e-06     1.19e-06         2.1 
  11  -3006.1072294388    -1.67e-07     2.40e-06     2.61e-07         2.1 
  12  -3006.1072294866    -4.77e-08     1.43e-06     7.40e-08         2.1 

** Total SCF energy = -3006.1072294865544

Nuclear repulsion energy = 736.261385706923875
#electrons        = 98
1e energy kinetic = 3006.2291576641136999
1e energy N-e     = -8625.4327466605900554
1e energy         = -5616.3026927987593808
2e energy         = 1876.6437233307037786
QED energy        = 0.1912504722936688
QED eT energy     = 0.1712571397420634
QED eT energy from matrix = 0.1712571397420626

 Polarizability Matrix (QED energy = 0.5 * lambda.dot(matrix * lambda))
[42.81750295,  0.59323431,  1.87026391]
[ 0.59323431, 39.02476795, -1.86360743]
[ 1.87026391, -1.86360743, 39.89163261]

 Polarizability Matrix (QED eT energy = 0.5 * lambda.dot(matrix * lambda))
[39.46908007,  0.58095605,  2.20602786]
[ 0.58095605, 35.12199716, -2.17971419]
[ 2.20602786, -2.17971419, 35.84884539]


                      Electron        Nuclear        Total  
                  ------------------------------------------
    Monopole         -98.000000     99.000000      1.000000

      Dipole   X      -6.986612      5.766859     -1.219753
      Dipole   Y     -12.523138     12.354980     -0.168158
      Dipole   Z     -21.030778     22.374592      1.343814

  Quadrupole  XX   -1780.119181   1731.278333    -48.840848
  Quadrupole  XY      30.649229    -31.033679     -0.384450
  Quadrupole  XZ    -491.308606    490.399875     -0.908731
  Quadrupole  YY    -255.900167    216.957299    -38.942868
  Quadrupole  YZ      32.737487    -30.884072      1.853415
  Quadrupole  ZZ    -344.095700    295.465591    -48.630109

    Octupole XXX   -3349.662437   3202.015494   -147.646943
    Octupole XXY    -287.669486    282.161167     -5.508319
    Octupole XXZ    -344.588000    311.023429    -33.564571
    Octupole XYY    -188.522616    166.905672    -21.616944
    Octupole XYZ      86.511562    -76.753558      9.758004
    Octupole XZZ    -160.342774    108.255485    -52.087289
    Octupole YYY     -16.136913     -0.593397    -16.730310
    Octupole YYZ    -281.699595    272.025058     -9.674537
    Octupole YZZ      -6.584996      7.868265      1.283269
    Octupole ZZZ    -258.600933    171.231332    -87.369601

writing orbitals and density to disk ... done.

Total Time taken for Hartree-Fock: 28.68 secs

CD Options
{
  debug             = false
  skip_cd           = [false, 100]
  write_cv          = [false, 5000]
  diagtol           = 1e-06
  itilesize         = 1000
  max_cvecs_factor  = 12
}

- #occupied, #virtual = 98, 344

- Tilesize for the MSO space: 40

-----------------------------------------------------
Begin 2-index transformation ... 

nAO, nMO, nelectrons = 221, 442, 98
n_occ_alpha, n_vir_alpha, n_occ_beta, n_vir_beta = 49,172,49,172

Time taken for Fao->Fmo transform: 0.00 secs

-----------------------------------------------------
Number of AO tiles = 105
# of {all,non-negligible} shell-pairs = {5565,4892}

    Begin Cholesky Decomposition
---------------------------------------------
Total # of mpi ranks used for Cholesky decomposition: 4
  --> Number of nodes, mpi ranks per node: 1, 4
- CPU memory required for computing cholesky vectors: 1.93 GiB

- Time for computing the diagonal: 0.01 secs

- Total number of cholesky vectors = 1637

- Time to compute cholesky vectors: 15.01 secs

- CPU memory required for resizing the ao cholesky tensor: 1.56 GiB
- CPU memory required for ao2mo transformation: 1.69 GiB
- CPU memory required for the 2-step contraction: 2.10 GiB

- Time for ao to mo transform: 1.58 secs

   End Cholesky Decomposition
---------------------------------------------

Total Time taken for Cholesky Decomposition: 21.19 secs

scf_type = restricted
Closed-Shell SCF
QED-HF Enabled
nbf = 203
nbf_orig = 221
n_lindep = 0
focc = 1
nmo = 406
nocc = 62
nvir = 344
n_occ_alpha = 31
n_vir_alpha = 172
n_occ_beta = 31
n_vir_beta = 172
nelectrons = 98
nelectrons_alpha = 49
nelectrons_beta = 49
freeze atomic = true
n_frozen_core = 18
n_frozen_virtual = 0
----------------------------
--------- QED-CCSD --------
lambda_x: -0.0559
lambda_y: 0.0769
lambda_z: 0.0309
omega: 0.066150
coupling_factor_x: -0.010167
coupling_factor_y: 0.013993
coupling_factor_z: 0.005620
----------------------------
# of {all,non-negligible} shell-pairs = {5565,4892}
Number of AO tiles = 105
----------------------------
Electronic dipole expectation value using SCF density: 
dipole_x_elec: -6.98654239
dipole_y_elec: -12.52330969
dipole_z_elec: -21.03078196

d_n/N value: d_n is nuclear dipole moment and N is the total number of electrons 
d_nuc_x: 0.05884550
d_nuc_y: 0.12607122
d_nuc_z: 0.22831216

<d_e+d_n> expectation values: 
dipole_total_x: -1.21968353
dipole_total_y: -0.16832979
dipole_total_z: 1.34381008
----------------------------


 CCSD iterations
------------------------------------------------------------
  Iter     Residuum          Correlation          Time(s)
------------------------------------------------------------
   1     1.1851968604598    0.0000000000000         87.00
   2     0.1675208332273   -1.6487419183448         85.40
   3     0.0692079712910   -1.6284437502741         85.39
   4     0.0247607292544   -1.6975698209144         85.52
   5     0.0217580149392   -1.6889399804468         85.34
 MICROCYCLE DIIS UPDATE:                    6
   6     0.0084023537016   -1.7001991106057         84.17
   7     0.0055635982152   -1.6999286293692         83.80
   8     0.0039664801734   -1.7015382269186         83.49
   9     0.0029101997701   -1.7017376933230         83.43
  10     0.0031315808543   -1.7021439288394         83.22
 MICROCYCLE DIIS UPDATE:                   11
  11     0.0007909767082   -1.7027647988612         83.17
  12     0.0005993434883   -1.7028106893555         83.19
  13     0.0004458651924   -1.7028268410560         83.39
  14     0.0004156712210   -1.7027963841191         83.38
  15     0.0003484849411   -1.7028218631191         84.36
 MICROCYCLE DIIS UPDATE:                   16
  16     0.0001311471091   -1.7027875560299         83.31
  17     0.0000847285306   -1.7028218407766         83.24
  18     0.0000792390209   -1.7028331830641         83.28
  19     0.0000829821318   -1.7028429446766         83.31
  20     0.0001058233892   -1.7028444120210         83.70
 MICROCYCLE DIIS UPDATE:                   21
  21     0.0000225363029   -1.7028571714621         83.92
  22     0.0000185604398   -1.7028542558051         84.34
  23     0.0000134270060   -1.7028543934274         84.83
  24     0.0000132994090   -1.7028530302623         85.08
  25     0.0000107885748   -1.7028537022951         84.94
 MICROCYCLE DIIS UPDATE:                   26
  26     0.0000045249016   -1.7028520529063         85.49
  27     0.0000028176435   -1.7028529703327         84.27
  28     0.0000025021958   -1.7028533308454         84.72
  29     0.0000024389172   -1.7028536595557         84.67
  30     0.0000031414442   -1.7028537036634         84.54
 MICROCYCLE DIIS UPDATE:                   31
  31     0.0000007732523   -1.7028541282916         85.86
------------------------------------------------------------------
 Iterations converged
 CCSD correlation energy / hartree =        -1.702854128291574
 CCSD total energy / hartree       =     -3007.810083614846008

Time taken for spin-orbital canonical QED-CCSD: 2702.56 secs
