
ExaChem Git Information
{
 WARNING: Failed to retrieve the current git state.
}


TAMM Git Information
{
 Branch: main
 Commit Hash: e71357ad [e71357ad54f38748b4a7e175aa6760820d5ce96f]
 Commit Date: 2026-02-02 23:14:56 -0800
 Commit Message: add GitHub Actions workflow for releases
}


date: Wed Aug  5 16:11:51 2026
program: "/global/cfs/cdirs/m3196/heindelj/cavity_qed/software/install_gpu/bin/bin/ExaChem"
nnodes: 1, nproc_per_node: 4, nproc_total: 4, ngpus_per_node: 1, ngpus_total: 1

Memory information
{
[AMD EPYC 7763 64-Core Processor                ] : 
  CPU memory per node (GiB): 251
  Total CPU memory (GiB): 251
[NVIDIA A100-SXM4-40GB, CUDA v12.9] : 
  GPU memory per device (GiB): 39
  GPU memory per node (GiB): 39
  Total GPU memory (GiB): 39
}

------------------------------------------------------------

Input file provided: /global/cfs/cdirs/m4262/heindelj/cavity_qed/mlip/lambda_scans/grid_scans_optimized_geoms/runs_grid_no_freq/para_th45_ph36/para_th45_ph36_qed_ccsd_input.json

{
  "geometry": {
    "coordinates": [
      "C    -0.514201854000    1.229056825800    0.838815669600",
      "C     0.843406167700    1.241880670600    0.790698381400",
      "C     1.497347446400    0.015841673100    0.723561763900",
      "H    -1.080540642400    2.150994371600    0.890698434300",
      "H     1.412697453500    2.156574876200    0.798660399900",
      "N     2.985471801000    0.050344606200    0.634835515700",
      "O     3.557462446800   -0.922629696800    1.045109467100",
      "O     3.447090165900    1.042360835800    0.138117919800",
      "C    -0.467171363600   -1.265058293600    0.748943506300",
      "H    -1.000486129500   -2.204348345600    0.734488096600",
      "C     0.886837648600   -1.241553156600    0.746457584300",
      "H     1.491780596100   -2.136335785100    0.763779941600",
      "C    -1.262607149000   -0.026031393100    0.675326837700",
      "H    -2.153532265200   -0.072479375100    1.302279598500",
      "Br   -1.877635079600    0.128902664400   -1.166333508000"
    ],
    "units": "angstrom",
    "noorient": true
  },
  "common": {
    "maxiter": 100,
    "debug": false
  },
  "basis": {
    "basisset": "6-311G*"
  },
  "SCF": {
    "charge": 1,
    "multiplicity": 1,
    "lshift": 0,
    "tol_lindep": 1e-10,
    "conve": 1e-07,
    "convd": 1e-05,
    "diis_hist": 10,
    "writem": 10,
    "restart": false,
    "noscf": false,
    "scf_type": "restricted",
    "debug": false,
    "qed_omegas": [
      0.06615
    ],
    "qed_volumes": [],
    "qed_lambdas": [
      0.1
    ],
    "qed_polvecs": [
      [
        0.5720614028176843,
        0.4156269377774534,
        0.7071067811865476
      ]
    ],
    "direct_df": false
  },
  "CD": {
    "debug": false,
    "diagtol": 1e-06
  },
  "CC": {
    "threshold": 1e-06,
    "ndiis": 5,
    "ccsd_maxiter": 200,
    "tilesize": 40,
    "freeze": {
      "atomic": true
    },
    "readt": false,
    "writet": true,
    "writet_iter": 5,
    "debug": false,
    "profile_ccsd": false,
    "balance_tiles": true
  },
  "TASK": {
    "scf": false,
    "ccsd": true
  }
}

Output folder & files prefix: para_th45_ph36_qed_ccsd_input.6-311g*

  C (carbon)
  ----------
          Exponent        Coefficients
      ----------------  --------------------
  1 S  4.56324000E+03      0.778202
  1 S  6.82024000E+02      1.448695
  1 S  1.54973000E+02      2.383089
  1 S  4.44553000E+01      3.200089
  1 S  1.30290000E+01      3.013004
  1 S  1.82773000E+00      0.247599

  2 S  2.09642000E+01      0.800629
  2 S  4.80331000E+00      2.127420
  2 S  1.45933000E+00     -0.002868

  3 P  2.09642000E+01      2.573592
  3 P  4.80331000E+00      2.408248
  3 P  1.45933000E+00      1.865281

  4 S  4.83456000E-01      0.413217

  5 P  4.83456000E-01      0.574627

  6 S  1.45585000E-01      0.167976

  7 P  1.45585000E-01      0.128185

  8 D  6.26000000E-01      0.725128


  H (hydrogen)
  ------------
          Exponent        Coefficients
      ----------------  --------------------
  1 S  3.38650000E+01      0.255069
  1 S  5.09479000E+00      0.460109
  1 S  1.15879000E+00      0.678321

  2 S  3.25840000E-01      0.307371

  3 S  1.02741000E-01      0.129336


  N (nitrogen)
  ------------
          Exponent        Coefficients
      ----------------  --------------------
  1 S  6.29348000E+03      0.991968
  1 S  9.49044000E+02      1.823240
  1 S  2.18776000E+02      2.979891
  1 S  6.36916000E+01      4.000007
  1 S  1.88282000E+01      3.881008
  1 S  2.72023000E+00      0.386764

  2 S  3.06331000E+01      1.038501
  2 S  7.02614000E+00      2.834794
  2 S  2.11205000E+00     -0.003208

  3 P  3.06331000E+01      3.935616
  3 P  7.02614000E+00      3.870994
  3 P  2.11205000E+00      2.967271

  4 S  6.84009000E-01      0.536051

  5 P  6.84009000E-01      0.886681

  6 S  2.00878000E-01      0.213850

  7 P  2.00878000E-01      0.191693

  8 D  9.13000000E-01      1.403568


  O (oxygen)
  ----------
          Exponent        Coefficients
      ----------------  --------------------
  1 S  8.58850000E+03      1.205013
  1 S  1.29723000E+03      2.216205
  1 S  2.99296000E+02      3.627452
  1 S  8.73771000E+01      4.888452
  1 S  2.56789000E+01      4.835721
  1 S  3.74004000E+00      0.538229

  2 S  4.21175000E+01      1.341958
  2 S  9.62837000E+00      3.587114
  2 S  2.85332000E+00     -0.005123

  3 P  4.21175000E+01      5.584018
  3 P  9.62837000E+00      5.733366
  3 P  2.85332000E+00      4.332955

  4 S  9.05661000E-01      0.661659

  5 P  9.05661000E-01      1.259352

  6 S  2.55611000E-01      0.256209

  7 P  2.55611000E-01      0.259068

  8 D  1.29200000E+00      2.577026


  Br (bromine)
  ------------
          Exponent        Coefficients
      ----------------  --------------------
  1 S  4.39700000E+05      9.893706
  1 S  6.60300000E+04     18.450679
  1 S  1.51400000E+04     31.049770
  1 S  4.31700000E+03     48.888138
  1 S  1.41400000E+03     64.847798
  1 S  5.23900000E+02     42.245010

  2 S  5.23900000E+02     14.290679
  2 S  2.07700000E+02     24.083128
  2 S  8.65400000E+01      5.132542

  3 S  3.05200000E+01      9.254405

  4 S  1.29800000E+01      4.873782

  5 S  4.41200000E+00      2.169635

  6 S  1.86200000E+00      1.136043

  7 S  3.93200000E-01      0.353892

  8 S  1.40000000E-01      0.163120

  9 P  2.95700000E+03    691.874478
  9 P  7.00300000E+02    925.332763
  9 P  2.24600000E+02   1068.830732

  10 P  8.25900000E+01    122.079275
  10 P  3.31900000E+01     57.580687
  10 P  1.42000000E+01     10.176170

  11 P  1.42000000E+01      3.129736
  11 P  7.43800000E+00      6.538168
  11 P  3.52600000E+00      4.166276

  12 P  1.59500000E+00      2.555000

  13 P  8.46200000E-01      1.156861

  14 P  3.18600000E-01      0.341191

  15 P  1.09600000E-01      0.089888

  16 D  1.34800000E+02    160.709187
  16 D  3.63900000E+01    119.797406
  16 D  1.21600000E+01     55.531619
  16 D  4.34100000E+00     12.984636

  17 D  1.53500000E+00      3.484168

  18 D  4.51000000E-01      0.408525



Printing Internal Coordinates

------------------------------------------------------------
                Bond Lengths

i      j        Length (Angstroms)     Length (Bohr)
0      1          1.3585209844         2.5672325968
0      3          1.0832360236         2.0470194144
0      12         1.4704031831         2.7786593108
1      2          1.3911571244         2.6289059632
1      4          1.0774142433         2.0360178439
2      5          1.4911662866         2.8178958898
2      10         1.3979585793         2.6417588503
5      6          1.2009067442         2.2693848494
5      7          1.2016305941         2.2707527274
8      9          1.0802311790         2.0413410811
8      10         1.3542152991         2.5590960309
8      12         1.4742201880         2.7858724046
10     11         1.0802277473         2.0413345960
12     13         1.0904011840         2.0605596051
12     14         1.9478133243         3.6808337274

Number of Bonds: 15

------------------------------------------------------------
           Bond Angles

i      j      k      Angle (degrees)
0      1      2        117.5902 
0      1      4        122.3971 
0      12     8        115.9261 
0      12     13       112.8486 
0      12     14       101.4167 
1      0      3        121.0732 
1      0      12       120.8476 
1      2      5        116.8458 
1      2      10       125.9173 
2      1      4        120.0122 
2      5      6        115.8650 
2      5      7        115.2820 
2      10     8        116.8907 
2      10     11       120.0487 
3      0      12       117.7547 
5      2      10       117.2330 
6      5      7        128.8376 
8      10     11       123.0604 
8      12     13       112.1074 
8      12     14       106.5251 
9      8      10       120.5771 
9      8      12       117.6295 
10     8      12       121.6549 
13     12     14       106.8004 

Number of Angles: 24

------------------------------------------------------------
              Torsional Angles

i      j      k      l      Angle (degrees)
3      0      1      2       -179.9216 
4      1      0      3         -0.1921 
8      10     2      1          4.4560 
9      8      10     2        178.0484 
10     2      1      0         -2.3210 
10     2      1      4        177.9427 
11     10     2      1       -175.3833 
11     10     8      9         -2.1176 

Number of Torsional Angles: 8


----------------------------------------------------------------------
                          Center of Mass

         x               y               z              Unit
    0.0702236096   0.06043273092  -0.03243849878      Angstrom
    0.1327033897    0.1142013105  -0.06129987864          Bohr

----------------------------------------------------------------------
                Moment of Inertia Tensor

           1078.95            48.876          -986.285
            48.876           3772.02            80.005
          -986.285            80.005           3584.52

----------------------------------------------------------------------
                      Principal Moments of Inertia

           x                 y                 z                Unit
       205.9811784       1051.007937       1105.188554       amu * ang^2
       735.5721422       3753.217481       3946.699978      amu * bohr^2
  3.4204002724e-38  1.7452409299e-37  1.8352100231e-37          g * cm^2

 - Molecule is an asymmetric top.

----------------------------------------------------------------------

         Rotational constants (MHz)

    A = 2.4535e+03        B = 4.8085e+02        C = 4.5728e+02

----------------------------------------------------------------------

        Rotational constants (cm-1)

    A = 8.1841e-02        B = 1.6039e-02        C = 1.5253e-02

----------------------------------------------------------------------

                                Z-Matrix
C   
C        1       2.5672326
C        2        2.628906     1       117.59019
H        3      6.33335127     2     22.26507650     1          0.0573
H        4      4.71475813     3     39.72940263     2          0.1878
N        5      4.97707502     4    126.67380153     3          0.9438
O        6      2.26938485     5    155.65756978     4        -75.5308
O        7      4.09508644     6     25.58948747     5       -121.1908
C        8      8.66367490     7     62.05322874     6         -9.7417
H        9      2.04134108     8    149.02162639     7        -38.4868
C       10      4.00386050     9     33.38619517     8         15.7545
H       11      2.04133460    10     97.03812636     9        178.2119
C       12      6.55924467    11     18.48415299    10          1.6447
H       13      2.06055961    12    127.43222347    11       -130.4708
Br      14      4.70944799    13     48.43686615    12       -130.9979

----------------------------------------------------------------------

             Converted back to Cartesian

C        0.000000      0.000000      0.000000
C        0.000000      0.000000      2.567233
C        0.000000      0.094147     -0.059987
H       -0.000001     -0.175587      6.267618
H       -0.000002      0.082204      1.559913
N       -0.000048     -0.381443      6.515345
O        0.002474     -0.063204      4.268385
O       -0.001640     -0.669048      8.318406
C        0.005305      0.774406     -0.224173
H        0.005752      0.343332      1.771134
C        0.003765      1.228577     -2.133637
H        0.003148      0.718622     -0.157026
C        0.006110      2.392939     -6.498977
H        0.006239      1.790044     -4.528590
Br       0.007797      3.234241     -9.011133

----------------------------------------------------------------------
                       Geometry in bohr 

1     C      -0.9717006775    2.3225807939    1.5851318857
2     C       1.5938066699    2.3468143485    1.4942033890
3     C       2.8295765890    0.0299364235    1.3673335689
4     H      -2.0419258820    4.0647902607    1.6831761016
5     H       2.6696112859    4.0753358860    1.5092494234
6     N       5.6417240605    0.0951375176    1.1996652597
7     O       6.7226297277   -1.7435174426    1.9749706644
8     O       6.5140563449    1.9697765040    0.2610050415
9     C      -0.8828259311   -2.3906137082    1.4152981107
10    H      -1.8906447775   -4.1656146593    1.3879813453
11    C       1.6758802740   -2.3461954367    1.4106003989
12    H       2.8190567666   -4.0370895468    1.4433349101
13    C      -2.3859817162   -0.0491922036    1.2761827687
14    H      -4.0695861845   -0.1369661687    2.4609517805
15    Br     -3.5482160648    0.2435907326   -2.2040509016

 Number of nodes, processes per node used for SCF calculation: 1, 4

Common Options
{
  maxiter       = 100
  basis         = 6-311g* spherical
  geom_units    = angstrom
  ang2au factor = 1.889726126
  debug         = false
  file_prefix   = para_th45_ph36_qed_ccsd_input
}

SCF Options
{
  charge            = 1
  multiplicity      = 1
  level shift       = 0
  tol_int           = 1e-22
  tol_sch           = 1e-12
  tol_lindep        = 1e-10
  conve             = 1e-07
  convd             = 1e-05
  diis_hist         = 10
  AO_tilesize       = 30
  writem            = 10
  damp              = 100
  n_lindep          = 0
  scf_type          = restricted
  cuscf             = false
  qed_omegas        = [0.06615,]
  qed_lambdas       = [0.1,]
  qed_polvecs       = [[0.5720614028,0.4156269378,0.7071067812,],]
  direct_df         = false
  restart_size      = 2000
  restart           = false
  debug             = false
}

Number of basis functions = 221

Total number of shells = 105

Total number of electrons = 98
  # of alpha electrons    = 49
  # of beta electons      = 49

Nuclear repulsion energy  = 747.875411837766

# of {all,non-negligible} shell-pairs = {5565,4922}
Number of AO tiles = 105

Time for initial setup: 0.09 secs
HF exch = 1.00

Time for computing 1-e integrals T, V, S: 0.02 secs
Time for computing orthogonalizer: 0.10 secs

Superposition of Atomic Density Guess ...
Time taken for SAD: 0.32 secs
Total Time to compute initial guess: 0.32 secs


 SCF iterations
-----------------------------------------------------------------------------
 Iter     Energy            E-Diff       RMSD        |[F,P]|^2       Time(s)
-----------------------------------------------------------------------------
   1  -3011.7343469209    -3.01e+03     1.68e-02     1.52e+03         0.7 
   2  -3005.7635428250     5.97e+00     6.67e-03     8.91e+00         2.1 
   3  -3006.0066375771    -2.43e-01     2.40e-03     3.19e+00         2.1 
   4  -3006.0970064149    -9.04e-02     1.17e-03     9.89e-02         2.1 
   5  -3006.1029068538    -5.90e-03     2.64e-04     1.15e-02         2.1 
   6  -3006.1035253161    -6.18e-04     1.90e-04     1.55e-03         2.1 
   7  -3006.1036830841    -1.58e-04     7.75e-05     1.97e-04         2.1 
   8  -3006.1037080010    -2.49e-05     1.95e-05     1.97e-05         2.2 
   9  -3006.1037103668    -2.37e-06     7.06e-06     3.68e-06         2.1 
  10  -3006.1037107830    -4.16e-07     3.77e-06     6.15e-07         2.1 
  11  -3006.1037108696    -8.66e-08     1.75e-06     9.42e-08         2.2 

** Total SCF energy = -3006.1037108696428

Nuclear repulsion energy = 747.875411837765682
#electrons        = 98
1e energy kinetic = 3006.2045643153983292
1e energy N-e     = -8648.6712847716207762
1e energy         = -5637.1357900913089907
2e energy         = 1888.2942780164255510
QED energy        = 0.1933197323906217
QED eT energy     = 0.1725272520027376
QED eT energy from matrix = 0.1725272520027220

 Polarizability Matrix (QED energy = 0.5 * lambda.dot(matrix * lambda))
[41.87434777, -0.69527441,  0.62338492]
[-0.69527441, 42.54672488, -1.97289885]
[ 0.62338492, -1.97289885, 37.19311357]

 Polarizability Matrix (QED eT energy = 0.5 * lambda.dot(matrix * lambda))
[38.31266536, -0.74851811,  0.80102359]
[-0.74851811, 39.16659426, -2.35832311]
[ 0.80102359, -2.35832311, 32.59138499]


                      Electron        Nuclear        Total  
                  ------------------------------------------
    Monopole         -98.000000     99.000000      1.000000

      Dipole   X     -31.227924     29.837037     -1.390886
      Dipole   Y     -10.245020     10.282148      0.037128
      Dipole   Z      -7.433071      8.920875      1.487804

  Quadrupole  XX   -1578.530292   1528.471280    -50.059012
  Quadrupole  XY      18.598044    -18.795304     -0.197260
  Quadrupole  XZ    -450.478511    449.610908     -0.867603
  Quadrupole  YY    -297.720407    257.048606    -40.671801
  Quadrupole  YZ      38.931642    -37.539197      1.392445
  Quadrupole  ZZ    -346.211870    300.443115    -45.768754

    Octupole XXX   -4567.525351   4391.433768   -176.091582
    Octupole XXY    -165.415517    161.551096     -3.864421
    Octupole XXZ    -365.416683    345.121466    -20.295217
    Octupole XYY    -471.779344    428.610552    -43.168792
    Octupole XYZ      99.029445    -90.583009      8.446436
    Octupole XZZ     283.727165   -330.718599    -46.991434
    Octupole YYY     -22.188682      9.275887    -12.912796
    Octupole YYZ    -351.746316    347.987160     -3.759156
    Octupole YZZ      -0.948384      2.143217      1.194833
    Octupole ZZZ      97.306924   -166.523170    -69.216245

writing orbitals and density to disk ... done.

Total Time taken for Hartree-Fock: 24.14 secs

CD Options
{
  debug             = false
  skip_cd           = [false, 100]
  write_cv          = [false, 5000]
  diagtol           = 1e-06
  itilesize         = 1000
  max_cvecs_factor  = 12
}

- #occupied, #virtual = 98, 344

- Tilesize for the MSO space: 40

-----------------------------------------------------
Begin 2-index transformation ... 

nAO, nMO, nelectrons = 221, 442, 98
n_occ_alpha, n_vir_alpha, n_occ_beta, n_vir_beta = 49,172,49,172

Time taken for Fao->Fmo transform: 0.00 secs

-----------------------------------------------------
Number of AO tiles = 105
# of {all,non-negligible} shell-pairs = {5565,4922}

    Begin Cholesky Decomposition
---------------------------------------------
Total # of mpi ranks used for Cholesky decomposition: 4
  --> Number of nodes, mpi ranks per node: 1, 4
- CPU memory required for computing cholesky vectors: 1.93 GiB

- Time for computing the diagonal: 0.01 secs

- Total number of cholesky vectors = 1647

- Time to compute cholesky vectors: 15.27 secs

- CPU memory required for resizing the ao cholesky tensor: 1.56 GiB
- CPU memory required for ao2mo transformation: 1.70 GiB
- CPU memory required for the 2-step contraction: 2.11 GiB

- Time for ao to mo transform: 1.66 secs

   End Cholesky Decomposition
---------------------------------------------

Total Time taken for Cholesky Decomposition: 18.98 secs

scf_type = restricted
Closed-Shell SCF
QED-HF Enabled
nbf = 203
nbf_orig = 221
n_lindep = 0
focc = 1
nmo = 406
nocc = 62
nvir = 344
n_occ_alpha = 31
n_vir_alpha = 172
n_occ_beta = 31
n_vir_beta = 172
nelectrons = 98
nelectrons_alpha = 49
nelectrons_beta = 49
freeze atomic = true
n_frozen_core = 18
n_frozen_virtual = 0
----------------------------
--------- QED-CCSD --------
lambda_x: 0.0572
lambda_y: 0.0416
lambda_z: 0.0707
omega: 0.066150
coupling_factor_x: 0.010404
coupling_factor_y: 0.007559
coupling_factor_z: 0.012860
----------------------------
# of {all,non-negligible} shell-pairs = {5565,4922}
Number of AO tiles = 105
----------------------------
Electronic dipole expectation value using SCF density: 
dipole_x_elec: -31.22772092
dipole_y_elec: -10.24498622
dipole_z_elec: -7.43288940

d_n/N value: d_n is nuclear dipole moment and N is the total number of electrons 
d_nuc_x: 0.30445956
d_nuc_y: 0.10491988
d_nuc_z: 0.09102934

<d_e+d_n> expectation values: 
dipole_total_x: -1.39068372
dipole_total_y: 0.03716161
dipole_total_z: 1.48798580
----------------------------


 CCSD iterations
------------------------------------------------------------
  Iter     Residuum          Correlation          Time(s)
------------------------------------------------------------
   1     1.1852875790268    0.0000000000000         86.16
   2     0.1674012249905   -1.6236283771909         85.10
   3     0.0649739237264   -1.6331043579472         85.15
   4     0.0251347229674   -1.6958121310755         85.29
   5     0.0213295817875   -1.6917977296697         85.06
 MICROCYCLE DIIS UPDATE:                    6
   6     0.0091561392659   -1.7022360982462         84.16
   7     0.0061724000011   -1.7016207109890         84.22
   8     0.0046375012344   -1.7033072597614         84.21
   9     0.0042278015214   -1.7035442336537         84.34
  10     0.0049662694804   -1.7039237548244         84.37
 MICROCYCLE DIIS UPDATE:                   11
  11     0.0008660046872   -1.7046045409039         84.42
  12     0.0006973937548   -1.7045218534335         84.09
  13     0.0006558380916   -1.7046311535625         84.89
  14     0.0008193490673   -1.7045785878704         84.15
  15     0.0011843894819   -1.7046293291827         84.18
 MICROCYCLE DIIS UPDATE:                   16
  16     0.0002032697813   -1.7046447141505         84.41
  17     0.0001394202881   -1.7046237149236         84.16
  18     0.0001230246693   -1.7046416863474         84.23
  19     0.0001075643878   -1.7046464761626         84.19
  20     0.0001237795240   -1.7046470520102         84.07
 MICROCYCLE DIIS UPDATE:                   21
  21     0.0000506574410   -1.7046683581066         84.03
  22     0.0000384371637   -1.7046572845862         84.01
  23     0.0000349357650   -1.7046588519768         84.16
  24     0.0000404288503   -1.7046555912359         84.05
  25     0.0000536265338   -1.7046570810681         84.35
 MICROCYCLE DIIS UPDATE:                   26
  26     0.0000125285272   -1.7046549945011         84.09
  27     0.0000088976944   -1.7046548564258         84.10
  28     0.0000074413800   -1.7046562755556         84.12
  29     0.0000067582385   -1.7046567563561         84.31
  30     0.0000074045862   -1.7046568155521         84.34
 MICROCYCLE DIIS UPDATE:                   31
  31     0.0000033099563   -1.7046584157983         84.35
  32     0.0000025266078   -1.7046575902662         84.43
  33     0.0000023577255   -1.7046576207543         84.25
  34     0.0000026742440   -1.7046574064765         84.42
  35     0.0000035173774   -1.7046574788690         84.20
 MICROCYCLE DIIS UPDATE:                   36
  36     0.0000008167683   -1.7046573081078         84.24
------------------------------------------------------------------
 Iterations converged
 CCSD correlation energy / hartree =        -1.704657308107806
 CCSD total energy / hartree       =     -3007.808368177750708

Time taken for spin-orbital canonical QED-CCSD: 3115.57 secs
