
ExaChem Git Information
{
 Branch: qedgrad
 Commit Hash: 9026f44 [9026f44116d5480455486ce7ea5dde64bcef9cf4]
 Commit Date: 2026-07-23 13:25:44 -0700
 Commit Message: QED gradients
}


TAMM Git Information
{
 Branch: main
 Commit Hash: e71357a [e71357ad54f38748b4a7e175aa6760820d5ce96f]
 Commit Date: 2026-02-02 23:14:56 -0800
 Commit Message: add GitHub Actions workflow for releases
}


date: Thu Jul 23 23:59:50 2026
program: "/ravenfs/scratch/meji656/codes/release_gpu/bin/ExaChem"
nnodes: 3, nproc_per_node: 1, nproc_total: 3, ngpus_per_node: 1, ngpus_total: 3

Memory information
{
[AMD EPYC 9124 16-Core Processor                ] : 
  CPU memory per node (GiB): 1007
  Total CPU memory (GiB): 3021
[NVIDIA H100 NVL, CUDA v12.9] : 
  GPU memory per device (GiB): 93
  GPU memory per node (GiB): 93
  Total GPU memory (GiB): 279
}

------------------------------------------------------------

Input file provided: /ravenfs/scratch/meji656/runs/MAPOL/NITROBENZENE/CCSDSCANS/qed_ccsd_scans/unrelaxed_dir_65_78/para_lam0.06.json

{
  "geometry": {
    "coordinates": [
      "C   -0.511618296797   1.244386024531   0.732140048697",
      "C    0.856500593203   1.251903714531   0.717948218697",
      "C    1.524118723203   0.024661924531   0.713927788697",
      "H   -1.071804396797   2.172682314531   0.745925708697",
      "H    1.436128963203   2.163921874531   0.712099008697",
      "N    3.008539583203   0.046097104531   0.698823798697",
      "O    3.575097303203  -1.082768165469   0.699174708697",
      "O    3.542114363203   1.190870854531   0.689202018697",
      "C   -0.475464946797  -1.253402765469   0.742118638697",
      "H   -1.008574426797  -2.197377955469   0.762945788697",
      "C    0.892227703203  -1.221407805469   0.728065818697",
      "H    1.498048423203  -2.116244695469   0.729653208697",
      "C   -1.267906576797  -0.015841805469   0.712127418697",
      "H   -2.116520796797  -0.025293215469   1.403161498697",
      "Br  -2.114966986797  -0.034666925469  -1.121874081303"
    ],
    "units": "angstrom",
    "noorient": true
  },
  "common": {
    "maxiter": 100,
    "debug": false
  },
  "basis": {
    "basisset": "6-311G*"
  },
  "SCF": {
    "charge": 1,
    "multiplicity": 1,
    "lshift": 0,
    "tol_lindep": 1e-10,
    "conve": 1e-07,
    "convd": 1e-05,
    "diis_hist": 10,
    "writem": 10,
    "restart": false,
    "noscf": false,
    "scf_type": "restricted",
    "debug": false,
    "qed_omegas": [
      0.06615
    ],
    "qed_volumes": [],
    "qed_lambdas": [
      0.06
    ],
    "qed_polvecs": [
      [
        0.18843198440409173,
        0.886502787416264,
        0.42261826174069944
      ]
    ],
    "direct_df": false
  },
  "CD": {
    "debug": false,
    "diagtol": 1e-06
  },
  "CC": {
    "threshold": 1e-06,
    "ndiis": 5,
    "ccsd_maxiter": 200,
    "tilesize": 40,
    "freeze": {
      "atomic": true
    },
    "readt": false,
    "writet": true,
    "writet_iter": 5,
    "debug": false,
    "profile_ccsd": false,
    "balance_tiles": true
  },
  "TASK": {
    "scf": false,
    "ccsd": true
  }
}

Output folder & files prefix: para_lam0.06.6-311g*

  C (carbon)
  ----------
          Exponent        Coefficients
      ----------------  --------------------
  1 S  4.56324000E+03      0.778202
  1 S  6.82024000E+02      1.448695
  1 S  1.54973000E+02      2.383089
  1 S  4.44553000E+01      3.200089
  1 S  1.30290000E+01      3.013004
  1 S  1.82773000E+00      0.247599

  2 S  2.09642000E+01      0.800629
  2 S  4.80331000E+00      2.127420
  2 S  1.45933000E+00     -0.002868

  3 P  2.09642000E+01      2.573592
  3 P  4.80331000E+00      2.408248
  3 P  1.45933000E+00      1.865281

  4 S  4.83456000E-01      0.413217

  5 P  4.83456000E-01      0.574627

  6 S  1.45585000E-01      0.167976

  7 P  1.45585000E-01      0.128185

  8 D  6.26000000E-01      0.725128


  H (hydrogen)
  ------------
          Exponent        Coefficients
      ----------------  --------------------
  1 S  3.38650000E+01      0.255069
  1 S  5.09479000E+00      0.460109
  1 S  1.15879000E+00      0.678321

  2 S  3.25840000E-01      0.307371

  3 S  1.02741000E-01      0.129336


  N (nitrogen)
  ------------
          Exponent        Coefficients
      ----------------  --------------------
  1 S  6.29348000E+03      0.991968
  1 S  9.49044000E+02      1.823240
  1 S  2.18776000E+02      2.979891
  1 S  6.36916000E+01      4.000007
  1 S  1.88282000E+01      3.881008
  1 S  2.72023000E+00      0.386764

  2 S  3.06331000E+01      1.038501
  2 S  7.02614000E+00      2.834794
  2 S  2.11205000E+00     -0.003208

  3 P  3.06331000E+01      3.935616
  3 P  7.02614000E+00      3.870994
  3 P  2.11205000E+00      2.967271

  4 S  6.84009000E-01      0.536051

  5 P  6.84009000E-01      0.886681

  6 S  2.00878000E-01      0.213850

  7 P  2.00878000E-01      0.191693

  8 D  9.13000000E-01      1.403568


  O (oxygen)
  ----------
          Exponent        Coefficients
      ----------------  --------------------
  1 S  8.58850000E+03      1.205013
  1 S  1.29723000E+03      2.216205
  1 S  2.99296000E+02      3.627452
  1 S  8.73771000E+01      4.888452
  1 S  2.56789000E+01      4.835721
  1 S  3.74004000E+00      0.538229

  2 S  4.21175000E+01      1.341958
  2 S  9.62837000E+00      3.587114
  2 S  2.85332000E+00     -0.005123

  3 P  4.21175000E+01      5.584018
  3 P  9.62837000E+00      5.733366
  3 P  2.85332000E+00      4.332955

  4 S  9.05661000E-01      0.661659

  5 P  9.05661000E-01      1.259352

  6 S  2.55611000E-01      0.256209

  7 P  2.55611000E-01      0.259068

  8 D  1.29200000E+00      2.577026


  Br (bromine)
  ------------
          Exponent        Coefficients
      ----------------  --------------------
  1 S  4.39700000E+05      9.893706
  1 S  6.60300000E+04     18.450679
  1 S  1.51400000E+04     31.049770
  1 S  4.31700000E+03     48.888138
  1 S  1.41400000E+03     64.847798
  1 S  5.23900000E+02     42.245010

  2 S  5.23900000E+02     14.290679
  2 S  2.07700000E+02     24.083128
  2 S  8.65400000E+01      5.132542

  3 S  3.05200000E+01      9.254405

  4 S  1.29800000E+01      4.873782

  5 S  4.41200000E+00      2.169635

  6 S  1.86200000E+00      1.136043

  7 S  3.93200000E-01      0.353892

  8 S  1.40000000E-01      0.163120

  9 P  2.95700000E+03    691.874478
  9 P  7.00300000E+02    925.332763
  9 P  2.24600000E+02   1068.830732

  10 P  8.25900000E+01    122.079275
  10 P  3.31900000E+01     57.580687
  10 P  1.42000000E+01     10.176170

  11 P  1.42000000E+01      3.129736
  11 P  7.43800000E+00      6.538168
  11 P  3.52600000E+00      4.166276

  12 P  1.59500000E+00      2.555000

  13 P  8.46200000E-01      1.156861

  14 P  3.18600000E-01      0.341191

  15 P  1.09600000E-01      0.089888

  16 D  1.34800000E+02    160.709187
  16 D  3.63900000E+01    119.797406
  16 D  1.21600000E+01     55.531619
  16 D  4.34100000E+00     12.984636

  17 D  1.53500000E+00      3.484168

  18 D  4.51000000E-01      0.408525



Printing Internal Coordinates

------------------------------------------------------------
                Bond Lengths

i      j        Length (Angstroms)     Length (Bohr)
0      1          1.3682131489         2.5855481333
0      3          1.0843119999         2.0490527148
0      12         1.4698798085         2.7776702760
1      2          1.3970871635         2.6401121131
1      4          1.0806388780         2.0421115205
2      5          1.4846524466         2.8055865161
2      10         1.3972028904         2.6403308053
5      6          1.2630615864         2.3868404785
5      7          1.2630524784         2.3868232668
8      9          1.0843102172         2.0490493461
8      10         1.3681390076         2.5854080265
8      12         1.4698368413         2.7775890798
10     11         1.0806268201         2.0420887343
12     13         1.0944238316         2.0681613075
12     14         2.0202542477         3.8177272328

Number of Bonds: 15

------------------------------------------------------------
           Bond Angles

i      j      k      Angle (degrees)
0      1      2        118.2315 
0      1      4        122.7539 
0      12     8        116.3724 
0      12     13       113.4387 
0      12     14       103.6553 
1      0      3        120.7985 
1      0      12       121.2691 
1      2      5        117.7191 
1      2      10       124.5598 
2      1      4        119.0145 
2      5      6        115.8224 
2      5      7        115.8200 
2      10     8        118.2336 
2      10     11       119.0107 
3      0      12       117.9280 
5      2      10       117.7208 
6      5      7        128.3575 
8      10     11       122.7556 
8      12     13       113.4463 
8      12     14       103.6935 
9      8      10       120.8007 
9      8      12       117.9255 
10     8      12       121.2692 
13     12     14       104.3597 

Number of Angles: 24

------------------------------------------------------------
              Torsional Angles

i      j      k      l      Angle (degrees)
3      0      1      2        179.3742 
4      1      0      3         -0.4803 
8      10     2      1          0.2429 
9      8      10     2       -179.4116 
10     2      1      0         -0.2316 
10     2      1      4        179.6285 
11     10     2      1       -179.6257 
11     10     8      9          0.4518 

Number of Torsional Angles: 8


----------------------------------------------------------------------
                          Center of Mass

         x               y               z              Unit
  -0.01040227079-0.0001705058319  -0.00551776335      Angstrom
  -0.01965744287-0.0003222093252  -0.01042706156          Bohr

----------------------------------------------------------------------
                Moment of Inertia Tensor

           1069.08          -47.2291          -1086.69
          -47.2291           4058.62           -15.869
          -1086.69           -15.869           3950.67

----------------------------------------------------------------------
                      Principal Moments of Inertia

           x                 y                 z                Unit
       197.2749739       1136.736817        1208.19211       amu * ang^2
       704.4817215       4059.360871       4314.532354      amu * bohr^2
  3.2758302469e-38  1.8875971822e-37  2.0062515687e-37          g * cm^2

 - Molecule is an asymmetric top.

----------------------------------------------------------------------

         Rotational constants (MHz)

    A = 2.5618e+03        B = 4.4459e+02        C = 4.1829e+02

----------------------------------------------------------------------

        Rotational constants (cm-1)

    A = 8.5452e-02        B = 1.4830e-02        C = 1.3953e-02

----------------------------------------------------------------------

                                Z-Matrix
C   
C        1       2.5855481
C        2       2.6401121     1       118.23147
H        3      6.36751688     2     21.85031954     1         -0.4647
H        4      4.73976718     3     39.40415687     2         -0.3589
N        5      4.98466380     4    126.79314604     3         -0.1344
O        6      2.38684048     5    170.05406683     4         -0.9876
O        7      4.29704845     6     25.82114368     5       -178.7835
C        8      8.88738362     7     59.51418551     6          0.1174
H        9      2.04904935     8    150.77165893     7          1.1897
C       10      4.03835096     9     33.36110300     8         -0.6758
H       11      2.04208873    10     96.91808150     9       -179.6173
C       12      6.56323036    11     18.69010011    10          1.6058
H       13      2.06816131    12    127.52526444    11       -126.2746
Br      14      4.77165949    13     50.81294457    12       -129.0397

----------------------------------------------------------------------

             Converted back to Cartesian

C        0.000000      0.000000      0.000000
C        0.000000      0.000000      2.585548
C        0.000000      0.095064     -0.052852
H        0.000006     -0.176564      6.308869
H       -0.000000      0.082451      1.576184
N        0.000020     -0.381933      6.539169
O        0.000039     -0.036818      4.177411
O        0.001838     -0.691506      8.424292
C       -0.010621      0.821328     -0.333377
H       -0.002685      0.380335      1.667640
C       -0.020523      1.289434     -2.267014
H       -0.004995      0.771544     -0.291748
C       -0.058948      2.471929     -6.630657
H       -0.030198      1.859803     -4.655369
Br      -0.104426      3.342038     -9.190366

----------------------------------------------------------------------
                            Geometry in angstrom

1     C      -0.5116182968    1.2443860245    0.7321400487
2     C       0.8565005932    1.2519037145    0.7179482187
3     C       1.5241187232    0.0246619245    0.7139277887
4     H      -1.0718043968    2.1726823145    0.7459257087
5     H       1.4361289632    2.1639218745    0.7120990087
6     N       3.0085395832    0.0460971045    0.6988237987
7     O       3.5750973032   -1.0827681655    0.6991747087
8     O       3.5421143632    1.1908708545    0.6892020187
9     C      -0.4754649468   -1.2534027655    0.7421186387
10    H      -1.0085744268   -2.1973779555    0.7629457887
11    C       0.8922277032   -1.2214078055    0.7280658187
12    H       1.4980484232   -2.1162446955    0.7296532087
13    C      -1.2679065768   -0.0158418055    0.7121274187
14    H      -2.1165207968   -0.0252932155    1.4031614987
15    Br     -2.1149669868   -0.0346669255   -1.1218740813

 Number of nodes, processes per node used for SCF calculation: 3, 1

Common Options
{
  maxiter       = 100
  basis         = 6-311g* spherical
  geom_units    = angstrom
  ang2au factor = 1.889726126
  debug         = false
  file_prefix   = para_lam0.06
}

SCF Options
{
  charge            = 1
  multiplicity      = 1
  level shift       = 0
  tol_int           = 1e-22
  tol_sch           = 1e-12
  tol_lindep        = 1e-10
  conve             = 1e-07
  convd             = 1e-05
  diis_hist         = 10
  AO_tilesize       = 30
  writem            = 10
  damp              = 100
  n_lindep          = 0
  scf_type          = restricted
  cuscf             = false
  qed_omegas        = [0.06615,]
  qed_lambdas       = [0.06,]
  qed_polvecs       = [[0.1884319844,0.8865027874,0.4226182617,],]
  direct_df         = false
  restart_size      = 2000
  restart           = false
  debug             = false
}

Number of basis functions = 221

Total number of shells = 105

Total number of electrons = 98
  # of alpha electrons    = 49
  # of beta electons      = 49

Nuclear repulsion energy  = 731.022769881399

Maximum angular momentum = 2
# of {all,non-negligible} shell-pairs = {5565,4887}
Number of AO tiles = 105

Time for initial setup: 0.01 secs
HF exch = 1.00

Time for computing 1-e integrals T, V, S: 0.04 secs
Time for computing orthogonalizer: 0.03 secs

Superposition of Atomic Density Guess ...
Time taken for SAD: 0.29 secs
Total Time to compute initial guess: 0.30 secs


 SCF iterations
-----------------------------------------------------------------------------
 Iter     Energy            E-Diff       RMSD        |[F,P]|^2       Time(s)
-----------------------------------------------------------------------------
   1  -3011.2763748323    -3.01e+03     1.64e-02     1.41e+02         0.7 
   2  -3005.8938300878     5.38e+00     6.76e-03     2.50e+00         2.2 
   3  -3006.0517020670    -1.58e-01     2.82e-03     1.71e+00         2.2 
   4  -3006.1970165307    -1.45e-01     1.11e-03     3.07e-02         2.2 
   5  -3006.2023470780    -5.33e-03     2.71e-04     4.99e-03         2.2 
   6  -3006.2030374730    -6.90e-04     1.27e-04     4.58e-04         2.2 
   7  -3006.2031408269    -1.03e-04     5.37e-05     8.97e-05         2.3 
   8  -3006.2031640586    -2.32e-05     2.85e-05     2.36e-05         2.3 
   9  -3006.2031708618    -6.80e-06     1.22e-05     2.94e-06         2.3 
  10  -3006.2031722896    -1.43e-06     5.72e-06     5.85e-07         2.3 
  11  -3006.2031725897    -3.00e-07     2.88e-06     9.08e-08         2.3 
  12  -3006.2031726415    -5.18e-08     1.22e-06     1.38e-08         2.3 

** Total SCF energy = -3006.2031726414680

Nuclear repulsion energy = 731.022769881399086
#electrons        = 98
1e energy kinetic = 3005.4534032031092465
1e energy N-e     = -8614.0848776935908973
1e energy         = -5607.8066590647886187
2e energy         = 1871.3277377824510950
QED energy        = 0.0777941851648490
QED eT energy     = 0.0711853491041130


                      Electron        Nuclear        Total  
                  ------------------------------------------
    Monopole         -98.000000     99.000000      1.000000

      Dipole   X     -18.168102     16.663693     -1.504408
      Dipole   Y      -0.299550      0.290343     -0.009207
      Dipole   Z     -12.192231     13.539775      1.347544

  Quadrupole  XX   -1725.808989   1675.474463    -50.334525
  Quadrupole  XY     -22.286837     22.104143     -0.182694
  Quadrupole  XZ    -498.156527    497.092249     -1.064279
  Quadrupole  YY    -314.983111    273.432765    -41.550347
  Quadrupole  YZ      -7.090217      7.079198     -0.011019
  Quadrupole  ZZ    -325.347800    279.335210    -46.012590

    Octupole XXX   -4160.996735   3986.727053   -174.269682
    Octupole XXY     -44.310116     42.468360     -1.841756
    Octupole XXZ    -339.352115    310.050490    -29.301625
    Octupole XYY    -608.883909    566.762938    -42.120971
    Octupole XYZ       4.369549     -4.752100     -0.382551
    Octupole XZZ     336.181420   -379.203808    -43.022388
    Octupole YYY     -30.429990     28.630102     -1.799888
    Octupole YYZ    -381.124518    372.627552     -8.496965
    Octupole YZZ       8.389488     -9.132848     -0.743360
    Octupole ZZZ      87.098269   -159.349200    -72.250931


writing orbitals and density to disk ... done.

Total Time taken for Hartree-Fock: 26.21 secs

CD Options
{
  debug             = false
  skip_cd           = [false, 100]
  write_cv          = [false, 5000]
  diagtol           = 1e-06
  itilesize         = 1000
  max_cvecs_factor  = 12
}

- #occupied, #virtual = 98, 344

- Tilesize for the MSO space: 40

-----------------------------------------------------
Begin 2-index transformation ... 

nAO, nMO, nelectrons = 221, 442, 98
n_occ_alpha, n_vir_alpha, n_occ_beta, n_vir_beta = 49,172,49,172

Time taken for Fao->Fmo transform: 0.02 secs

-----------------------------------------------------
Number of AO tiles = 105
# of {all,non-negligible} shell-pairs = {5565,4887}

    Begin Cholesky Decomposition
---------------------------------------------
Total # of mpi ranks used for Cholesky decomposition: 3
  --> Number of nodes, mpi ranks per node: 3, 1
- CPU memory required for computing cholesky vectors: 1.93 GiB

- Time for computing the diagonal: 0.02 secs

- Total number of cholesky vectors = 1648

- Time to compute cholesky vectors: 16.79 secs

- CPU memory required for resizing the ao cholesky tensor: 1.57 GiB
- CPU memory required for ao2mo transformation: 1.70 GiB
- CPU memory required for the 2-step contraction: 2.11 GiB

- Time for ao to mo transform: 1.77 secs

   End Cholesky Decomposition
---------------------------------------------

Total Time taken for Cholesky Decomposition: 22.16 secs

scf_type = restricted
Closed-Shell SCF
QED-HF Enabled
nbf = 203
nbf_orig = 221
n_lindep = 0
focc = 1
nmo = 406
nocc = 62
nvir = 344
n_occ_alpha = 31
n_vir_alpha = 172
n_occ_beta = 31
n_vir_beta = 172
nelectrons = 98
nelectrons_alpha = 49
nelectrons_beta = 49
freeze atomic = true
n_frozen_core = 18
n_frozen_virtual = 0
----------------------------
--------- QED-CCSD --------
lambda_x: 0.0113
lambda_y: 0.0532
lambda_z: 0.0254
omega: 0.066150
coupling_factor_x: 0.002056
coupling_factor_y: 0.009673
coupling_factor_z: 0.004612
----------------------------
# of {all,non-negligible} shell-pairs = {5565,4887}
Number of AO tiles = 105
----------------------------
Electronic dipole expectation value using SCF density: 
dipole_x_elec: -18.16796070
dipole_y_elec: -0.29945189
dipole_z_elec: -12.19212280

d_n/N value: d_n is nuclear dipole moment and N is the total number of electrons 
d_nuc_x: 0.17003769
d_nuc_y: 0.00296268
d_nuc_z: 0.13816097

<d_e+d_n> expectation values: 
dipole_total_x: -1.50426721
dipole_total_y: -0.00910890
dipole_total_z: 1.34765221
----------------------------


 CCSD iterations
------------------------------------------------------------
  Iter     Residuum          Correlation          Time(s)
------------------------------------------------------------
   1     1.1758950504344    0.0000000000000         83.15
   2     0.1701408449652   -1.6755365122620         81.49
   3     0.0758135794592   -1.6110875918306         81.53
   4     0.0260381777936   -1.6907812465990         81.47
   5     0.0208004045201   -1.6750543218658         81.49
 MICROCYCLE DIIS UPDATE:                    6
   6     0.0067088937054   -1.6872104972612         79.94
   7     0.0039523672606   -1.6871341143990         79.89
   8     0.0021102898812   -1.6882528499355         79.87
   9     0.0014501106842   -1.6883049385993         79.90
  10     0.0009478424027   -1.6886003631442         80.07
 MICROCYCLE DIIS UPDATE:                   11
  11     0.0003030371203   -1.6888439639356         80.25
  12     0.0001845633424   -1.6889400481078         80.79
  13     0.0001400008194   -1.6889186067838         80.42
  14     0.0001070901365   -1.6889215164387         80.33
  15     0.0000928658612   -1.6889174107667         80.20
 MICROCYCLE DIIS UPDATE:                   16
  16     0.0000383714225   -1.6889031493134         80.16
  17     0.0000247168932   -1.6889163201348         79.93
  18     0.0000195188732   -1.6889183327863         79.91
  19     0.0000149385146   -1.6889194273807         79.89
  20     0.0000126394644   -1.6889196570408         79.97
 MICROCYCLE DIIS UPDATE:                   21
  21     0.0000052326875   -1.6889198760465         79.65
  22     0.0000033777160   -1.6889209977086         79.60
  23     0.0000024843045   -1.6889207396238         79.61
  24     0.0000020747523   -1.6889205153332         79.50
  25     0.0000017084022   -1.6889205477264         79.53
 MICROCYCLE DIIS UPDATE:                   26
  26     0.0000008657170   -1.6889200297729         80.07
------------------------------------------------------------------
 Iterations converged
 CCSD correlation energy / hartree =        -1.688920029772918
 CCSD total energy / hartree       =     -3007.892092671240789

Time taken for spin-orbital canonical QED-CCSD: 2190.77 secs
