
ExaChem Git Information
{
 WARNING: Failed to retrieve the current git state.
}


TAMM Git Information
{
 Branch: main
 Commit Hash: e71357ad [e71357ad54f38748b4a7e175aa6760820d5ce96f]
 Commit Date: 2026-02-02 23:14:56 -0800
 Commit Message: add GitHub Actions workflow for releases
}


date: Thu Aug  6 13:46:06 2026
program: "/global/cfs/cdirs/m3196/heindelj/cavity_qed/software/install_gpu/bin/bin/ExaChem"
nnodes: 1, nproc_per_node: 4, nproc_total: 4, ngpus_per_node: 1, ngpus_total: 1

Memory information
{
[AMD EPYC 7763 64-Core Processor                ] : 
  CPU memory per node (GiB): 251
  Total CPU memory (GiB): 251
[NVIDIA A100-SXM4-40GB, CUDA v12.9] : 
  GPU memory per device (GiB): 39
  GPU memory per node (GiB): 39
  Total GPU memory (GiB): 39
}

------------------------------------------------------------

Input file provided: /global/cfs/cdirs/m4262/heindelj/cavity_qed/mlip/lambda_scans/grid_scans_optimized_geoms/runs_grid_no_freq/ortho_th45_ph198/ortho_th45_ph198_qed_ccsd_input.json

{
  "geometry": {
    "coordinates": [
      "C    -1.785751609900    1.950425707700    0.686179918600",
      "C    -0.363372945900    1.985651873100    0.708959153200",
      "C     0.298481461700    0.821251010900    0.694954173600",
      "C    -2.505545313700    0.763429149900    0.693352089800",
      "H    -2.319574432000    2.894247598000    0.675858353300",
      "H     0.167867341500    2.923824566200    0.756007701700",
      "H    -3.582748375600    0.781734342400    0.692599314900",
      "N     1.782634034400    0.834205419100    0.754859192300",
      "O     2.319478635800   -0.236638375000    0.630245072500",
      "O     2.291374180500    1.902573292300    0.954838237300",
      "C    -1.822415636100   -0.418535396600    0.758567721000",
      "H    -2.346284601400   -1.361581827000    0.825130992500",
      "C    -0.361064348300   -0.489379796800    0.666591524700",
      "H     0.099108837000   -1.189108691700    1.364020442900",
      "Br   -0.225688144800   -1.377622104100   -1.072435882700"
    ],
    "units": "angstrom",
    "noorient": true
  },
  "common": {
    "maxiter": 100,
    "debug": false
  },
  "basis": {
    "basisset": "6-311G*"
  },
  "SCF": {
    "charge": 1,
    "multiplicity": 1,
    "lshift": 0,
    "tol_lindep": 1e-10,
    "conve": 1e-07,
    "convd": 1e-05,
    "diis_hist": 10,
    "writem": 10,
    "restart": false,
    "noscf": false,
    "scf_type": "restricted",
    "debug": false,
    "qed_omegas": [
      0.06615
    ],
    "qed_volumes": [],
    "qed_lambdas": [
      0.1
    ],
    "qed_polvecs": [
      [
        -0.6724985119639574,
        -0.21850801222441044,
        0.7071067811865477
      ]
    ],
    "direct_df": false
  },
  "CD": {
    "debug": false,
    "diagtol": 1e-06
  },
  "CC": {
    "threshold": 1e-06,
    "ndiis": 5,
    "ccsd_maxiter": 200,
    "tilesize": 40,
    "freeze": {
      "atomic": true
    },
    "readt": false,
    "writet": true,
    "writet_iter": 5,
    "debug": false,
    "profile_ccsd": false,
    "balance_tiles": true
  },
  "TASK": {
    "scf": false,
    "ccsd": true
  }
}

Output folder & files prefix: ortho_th45_ph198_qed_ccsd_input.6-311g*

  C (carbon)
  ----------
          Exponent        Coefficients
      ----------------  --------------------
  1 S  4.56324000E+03      0.778202
  1 S  6.82024000E+02      1.448695
  1 S  1.54973000E+02      2.383089
  1 S  4.44553000E+01      3.200089
  1 S  1.30290000E+01      3.013004
  1 S  1.82773000E+00      0.247599

  2 S  2.09642000E+01      0.800629
  2 S  4.80331000E+00      2.127420
  2 S  1.45933000E+00     -0.002868

  3 P  2.09642000E+01      2.573592
  3 P  4.80331000E+00      2.408248
  3 P  1.45933000E+00      1.865281

  4 S  4.83456000E-01      0.413217

  5 P  4.83456000E-01      0.574627

  6 S  1.45585000E-01      0.167976

  7 P  1.45585000E-01      0.128185

  8 D  6.26000000E-01      0.725128


  H (hydrogen)
  ------------
          Exponent        Coefficients
      ----------------  --------------------
  1 S  3.38650000E+01      0.255069
  1 S  5.09479000E+00      0.460109
  1 S  1.15879000E+00      0.678321

  2 S  3.25840000E-01      0.307371

  3 S  1.02741000E-01      0.129336


  N (nitrogen)
  ------------
          Exponent        Coefficients
      ----------------  --------------------
  1 S  6.29348000E+03      0.991968
  1 S  9.49044000E+02      1.823240
  1 S  2.18776000E+02      2.979891
  1 S  6.36916000E+01      4.000007
  1 S  1.88282000E+01      3.881008
  1 S  2.72023000E+00      0.386764

  2 S  3.06331000E+01      1.038501
  2 S  7.02614000E+00      2.834794
  2 S  2.11205000E+00     -0.003208

  3 P  3.06331000E+01      3.935616
  3 P  7.02614000E+00      3.870994
  3 P  2.11205000E+00      2.967271

  4 S  6.84009000E-01      0.536051

  5 P  6.84009000E-01      0.886681

  6 S  2.00878000E-01      0.213850

  7 P  2.00878000E-01      0.191693

  8 D  9.13000000E-01      1.403568


  O (oxygen)
  ----------
          Exponent        Coefficients
      ----------------  --------------------
  1 S  8.58850000E+03      1.205013
  1 S  1.29723000E+03      2.216205
  1 S  2.99296000E+02      3.627452
  1 S  8.73771000E+01      4.888452
  1 S  2.56789000E+01      4.835721
  1 S  3.74004000E+00      0.538229

  2 S  4.21175000E+01      1.341958
  2 S  9.62837000E+00      3.587114
  2 S  2.85332000E+00     -0.005123

  3 P  4.21175000E+01      5.584018
  3 P  9.62837000E+00      5.733366
  3 P  2.85332000E+00      4.332955

  4 S  9.05661000E-01      0.661659

  5 P  9.05661000E-01      1.259352

  6 S  2.55611000E-01      0.256209

  7 P  2.55611000E-01      0.259068

  8 D  1.29200000E+00      2.577026


  Br (bromine)
  ------------
          Exponent        Coefficients
      ----------------  --------------------
  1 S  4.39700000E+05      9.893706
  1 S  6.60300000E+04     18.450679
  1 S  1.51400000E+04     31.049770
  1 S  4.31700000E+03     48.888138
  1 S  1.41400000E+03     64.847798
  1 S  5.23900000E+02     42.245010

  2 S  5.23900000E+02     14.290679
  2 S  2.07700000E+02     24.083128
  2 S  8.65400000E+01      5.132542

  3 S  3.05200000E+01      9.254405

  4 S  1.29800000E+01      4.873782

  5 S  4.41200000E+00      2.169635

  6 S  1.86200000E+00      1.136043

  7 S  3.93200000E-01      0.353892

  8 S  1.40000000E-01      0.163120

  9 P  2.95700000E+03    691.874478
  9 P  7.00300000E+02    925.332763
  9 P  2.24600000E+02   1068.830732

  10 P  8.25900000E+01    122.079275
  10 P  3.31900000E+01     57.580687
  10 P  1.42000000E+01     10.176170

  11 P  1.42000000E+01      3.129736
  11 P  7.43800000E+00      6.538168
  11 P  3.52600000E+00      4.166276

  12 P  1.59500000E+00      2.555000

  13 P  8.46200000E-01      1.156861

  14 P  3.18600000E-01      0.341191

  15 P  1.09600000E-01      0.089888

  16 D  1.34800000E+02    160.709187
  16 D  3.63900000E+01    119.797406
  16 D  1.21600000E+01     55.531619
  16 D  4.34100000E+00     12.984636

  17 D  1.53500000E+00      3.484168

  18 D  4.51000000E-01      0.408525



Printing Internal Coordinates

------------------------------------------------------------
                Bond Lengths

i      j        Length (Angstroms)     Length (Bohr)
0      1          1.4229971328         2.6890748590
0      3          1.3882057644         2.6233287011
0      4          1.0843768260         2.0491752184
1      2          1.3394315078         2.5311587142
1      5          1.0791653307         2.0393269196
2      7          1.4854175464         2.8070323452
2      12         1.4675006744         2.7731743642
3      6          1.0773588461         2.0359131585
3      10         1.3667331210         2.5827512860
7      8          1.2043409967         2.2758746459
7      9          1.2000908579         2.2678430476
10     11         1.0808357562         2.0424835662
10     12         1.4659557074         2.7702547997
12     13         1.0898564047         2.0595301214
12     14         1.9574262276         3.6989994819

Number of Bonds: 15

------------------------------------------------------------
           Bond Angles

i      j      k      Angle (degrees)
0      1      2        118.1791 
0      1      5        120.9490 
0      3      6        120.2583 
0      3      10       118.7211 
1      0      3        122.6404 
1      0      4        118.0783 
1      2      7        119.0588 
1      2      12       123.6777 
2      1      5        120.8611 
2      7      8        115.6868 
2      7      9        115.9790 
2      12     10       113.8066 
2      12     13       111.7941 
2      12     14       113.0392 
3      0      4        119.2764 
3      10     11       121.0134 
3      10     12       122.4835 
6      3      10       120.9628 
7      2      12       117.2337 
8      7      9        128.3042 
10     12     13       114.3170 
10     12     14        98.4307 
11     10     12       116.4147 
13     12     14       104.3581 

Number of Angles: 24

------------------------------------------------------------
              Torsional Angles

i      j      k      l      Angle (degrees)
3      0      1      2          2.1104 
4      0      1      2       -178.6999 
5      1      0      3       -176.6972 
5      1      0      4          2.4924 
6      3      0      1        178.9401 
6      3      0      4         -0.2402 
10     3      0      1          1.6777 
10     3      0      4       -177.5026 
11     10     3      0        176.3609 
11     10     3      6         -0.8815 
12     10     3      0         -7.1820 
12     10     3      6        175.5756 
13     12     10     3        138.4932 
13     12     10     11       -44.8971 
14     12     10     3       -111.5037 
14     12     10     11        65.1060 

Number of Torsional Angles: 16


----------------------------------------------------------------------
                          Center of Mass

         x               y               z              Unit
  -0.02879444492  -0.06076373625   0.02497635718      Angstrom
  -0.05441361485   -0.1148268199    0.0471984747          Bohr

----------------------------------------------------------------------
                Moment of Inertia Tensor

           1834.52          -146.701          -126.097
          -146.701           2000.93          -693.766
          -126.097          -693.766           2690.81

----------------------------------------------------------------------
                      Principal Moments of Inertia

           x                 y                 z                Unit
       411.8022409       541.6658096       874.0710549       amu * ang^2
         1470.5725       1934.323723       3121.364404      amu * bohr^2
  6.8381417540e-38  8.9945785180e-38  1.4514301244e-37          g * cm^2

 - Molecule is an asymmetric top.

----------------------------------------------------------------------

         Rotational constants (MHz)

    A = 1.2272e+03        B = 9.3301e+02        C = 5.7819e+02

----------------------------------------------------------------------

        Rotational constants (cm-1)

    A = 4.0936e-02        B = 3.1122e-02        C = 1.9286e-02

----------------------------------------------------------------------

                                Z-Matrix
C   
C        1       2.6890749
C        2       2.5311587     1       118.17906
C        3      5.29997000     2     61.56918626     1         -1.0001
H        4      4.04210539     3     83.83119849     2          1.1738
H        5      4.70335533     4     95.65089001     3         -1.8173
H        6      8.16302399     5     29.05957945     4         -0.9361
N        7     10.14027073     6     29.16963277     5        177.5713
O        8      2.27587465     7    115.83694794     6       -173.6086
O        9      4.08914078     8     25.79884608     7       -176.0850
C       10      8.93369586     9     61.29448685     8          6.2270
H       11      2.04248357    10    147.95132785     9         19.0524
C       12      4.10856647    11     37.14746549    10        -12.4579
H       13      2.05953012    12     94.66397353    11        139.8079
Br      14      4.65860603    13     50.28326692    12         87.9853

----------------------------------------------------------------------

             Converted back to Cartesian

C        0.000000      0.000000      0.000000
C        0.000000      0.000000      2.689075
C        0.000000      0.091101      0.159556
C        0.000030     -0.198951      5.451583
H       -0.000061      0.125244      1.422500
H        0.000212     -0.388407      6.097723
H       -0.000329      0.574864     -2.008266
N       -0.004445     -0.711028      8.050141
O        0.004977     -0.343410      5.804173
O       -0.013632     -1.035571      9.834264
C        0.035418      0.640529      1.059345
H        0.019055      0.167477      3.046225
C        0.054737      1.164126     -0.939466
H        0.030806      0.607442      1.043258
Br       0.090276      1.934987     -3.421795

----------------------------------------------------------------------
                       Geometry in bohr 

1     C      -3.3745814716    3.6857704165    1.2966921193
2     C      -0.6866753493    3.7523382216    1.3397386340
3     C       0.5640482163    1.5519394912    1.3132730582
4     C      -4.7347944389    1.4426720098    1.3102455585
5     H      -4.3833604051    5.4693353008    1.2771871876
6     H       0.3172233009    5.5252276703    1.4286475053
7     H      -6.7704132079    1.4772638104    1.3088230202
8     N       3.3686901077    1.5764197748    1.4264771371
9     O       4.3831793766   -0.4471817196    1.1909905792
10    O       4.3300696531    3.5953424569    1.8043827630
11    C      -3.4438664398   -0.7909172736    1.4334852406
12    H      -4.4338353101   -2.5730167510    1.5592715938
13    C      -0.6823127321   -0.9247937875    1.2596754195
14    H       0.1872885586   -2.2470897612    2.5776250672
15    Br     -0.4264887835   -2.6033284817   -2.0266101059

 Number of nodes, processes per node used for SCF calculation: 1, 4

Common Options
{
  maxiter       = 100
  basis         = 6-311g* spherical
  geom_units    = angstrom
  ang2au factor = 1.889726126
  debug         = false
  file_prefix   = ortho_th45_ph198_qed_ccsd_input
}

SCF Options
{
  charge            = 1
  multiplicity      = 1
  level shift       = 0
  tol_int           = 1e-22
  tol_sch           = 1e-12
  tol_lindep        = 1e-10
  conve             = 1e-07
  convd             = 1e-05
  diis_hist         = 10
  AO_tilesize       = 30
  writem            = 10
  damp              = 100
  n_lindep          = 0
  scf_type          = restricted
  cuscf             = false
  qed_omegas        = [0.06615,]
  qed_lambdas       = [0.1,]
  qed_polvecs       = [[-0.672498512,-0.2185080122,0.7071067812,],]
  direct_df         = false
  restart_size      = 2000
  restart           = false
  debug             = false
}

Number of basis functions = 221

Total number of shells = 105

Total number of electrons = 98
  # of alpha electrons    = 49
  # of beta electons      = 49

Nuclear repulsion energy  = 778.15347248071

# of {all,non-negligible} shell-pairs = {5565,4996}
Number of AO tiles = 105

Time for initial setup: 0.01 secs
HF exch = 1.00

Time for computing 1-e integrals T, V, S: 0.01 secs
Time for computing orthogonalizer: 0.01 secs

Superposition of Atomic Density Guess ...
Time taken for SAD: 0.34 secs
Total Time to compute initial guess: 0.35 secs


 SCF iterations
-----------------------------------------------------------------------------
 Iter     Energy            E-Diff       RMSD        |[F,P]|^2       Time(s)
-----------------------------------------------------------------------------
   1  -3011.8249560710    -3.01e+03     1.68e-02     1.50e+03         0.7 
   2  -3005.7969230718     6.03e+00     6.84e-03     7.90e+00         2.2 
   3  -3005.9955858078    -1.99e-01     2.84e-03     3.86e+00         2.2 
   4  -3006.1061631945    -1.11e-01     1.17e-03     1.31e-01         2.2 
   5  -3006.1136122551    -7.45e-03     2.86e-04     1.26e-02         2.2 
   6  -3006.1142829753    -6.71e-04     1.68e-04     1.53e-03         2.2 
   7  -3006.1144628880    -1.80e-04     6.56e-05     3.43e-04         2.2 
   8  -3006.1144992949    -3.64e-05     3.34e-05     8.65e-05         2.2 
   9  -3006.1145081655    -8.87e-06     1.61e-05     1.12e-05         2.2 
  10  -3006.1145096956    -1.53e-06     6.22e-06     2.18e-06         2.2 
  11  -3006.1145099360    -2.40e-07     3.18e-06     4.09e-07         2.3 
  12  -3006.1145099938    -5.78e-08     1.37e-06     8.49e-08         2.2 

** Total SCF energy = -3006.1145099938290

Nuclear repulsion energy = 778.153472480710320
#electrons        = 98
1e energy kinetic = 3006.1970920567291614
1e energy N-e     = -8709.6842389624926000
1e energy         = -5701.3990922317461809
2e energy         = 1919.0328080132067043
QED energy        = 0.1863564180199728
QED eT energy     = 0.1639942219268855
QED eT energy from matrix = 0.1639942219268827

 Polarizability Matrix (QED energy = 0.5 * lambda.dot(matrix * lambda))
[39.62697733, -1.45831451, -0.09372679]
[-1.45831451, 45.71949919,  2.21839151]
[-0.09372679,  2.21839151, 36.38374398]

 Polarizability Matrix (QED eT energy = 0.5 * lambda.dot(matrix * lambda))
[35.84324788, -1.54964439, -0.10648417]
[-1.54964439, 42.77789195,  2.60289781]
[-0.10648417,  2.60289781, 31.40923382]


                      Electron        Nuclear        Total  
                  ------------------------------------------
    Monopole         -98.000000     99.000000      1.000000

      Dipole   X       7.227312    -10.872475     -3.645163
      Dipole   Y      -3.836950      5.057502      1.220552
      Dipole   Z     -17.597956     18.887188      1.289232

  Quadrupole  XX    -797.293711    755.872931    -41.420780
  Quadrupole  XY     -63.783267     57.971079     -5.812188
  Quadrupole  XZ     -53.922411     48.389270     -5.533142
  Quadrupole  YY    -672.881799    635.720791    -37.161008
  Quadrupole  YZ    -321.769320    323.662008      1.892688
  Quadrupole  ZZ    -319.085790    273.205251    -45.880539

    Octupole XXX     -63.807994     -8.923074    -72.731068
    Octupole XXY   -1108.365634   1102.507706     -5.857928
    Octupole XXZ   -1058.605473   1046.201654    -12.403819
    Octupole XYY     115.651531   -152.867433    -37.215902
    Octupole XYZ     -28.555664     19.734371     -8.821293
    Octupole XZZ      21.147725    -11.769111      9.378614
    Octupole YYY    -752.454853    738.261106    -14.193747
    Octupole YYZ    -120.985826    106.662827    -14.322998
    Octupole YZZ     140.602000   -171.702087    -31.100087
    Octupole ZZZ      22.009082    -98.073255    -76.064173

writing orbitals and density to disk ... done.

Total Time taken for Hartree-Fock: 26.32 secs

CD Options
{
  debug             = false
  skip_cd           = [false, 100]
  write_cv          = [false, 5000]
  diagtol           = 1e-06
  itilesize         = 1000
  max_cvecs_factor  = 12
}

- #occupied, #virtual = 98, 344

- Tilesize for the MSO space: 40

-----------------------------------------------------
Begin 2-index transformation ... 

nAO, nMO, nelectrons = 221, 442, 98
n_occ_alpha, n_vir_alpha, n_occ_beta, n_vir_beta = 49,172,49,172

Time taken for Fao->Fmo transform: 0.00 secs

-----------------------------------------------------
Number of AO tiles = 105
# of {all,non-negligible} shell-pairs = {5565,4996}

    Begin Cholesky Decomposition
---------------------------------------------
Total # of mpi ranks used for Cholesky decomposition: 4
  --> Number of nodes, mpi ranks per node: 1, 4
- CPU memory required for computing cholesky vectors: 1.93 GiB

- Time for computing the diagonal: 0.01 secs

- Total number of cholesky vectors = 1650

- Time to compute cholesky vectors: 15.25 secs

- CPU memory required for resizing the ao cholesky tensor: 1.57 GiB
- CPU memory required for ao2mo transformation: 1.70 GiB
- CPU memory required for the 2-step contraction: 2.12 GiB

- Time for ao to mo transform: 1.56 secs

   End Cholesky Decomposition
---------------------------------------------

Total Time taken for Cholesky Decomposition: 18.72 secs

scf_type = restricted
Closed-Shell SCF
QED-HF Enabled
nbf = 203
nbf_orig = 221
n_lindep = 0
focc = 1
nmo = 406
nocc = 62
nvir = 344
n_occ_alpha = 31
n_vir_alpha = 172
n_occ_beta = 31
n_vir_beta = 172
nelectrons = 98
nelectrons_alpha = 49
nelectrons_beta = 49
freeze atomic = true
n_frozen_core = 18
n_frozen_virtual = 0
----------------------------
--------- QED-CCSD --------
lambda_x: -0.0672
lambda_y: -0.0219
lambda_z: 0.0707
omega: 0.066150
coupling_factor_x: -0.012230
coupling_factor_y: -0.003974
coupling_factor_z: 0.012860
----------------------------
# of {all,non-negligible} shell-pairs = {5565,4996}
Number of AO tiles = 105
----------------------------
Electronic dipole expectation value using SCF density: 
dipole_x_elec: 7.22712471
dipole_y_elec: -3.83709777
dipole_z_elec: -17.59786893

d_n/N value: d_n is nuclear dipole moment and N is the total number of electrons 
d_nuc_x: -0.11094362
d_nuc_y: 0.05160717
d_nuc_z: 0.19272640

<d_e+d_n> expectation values: 
dipole_total_x: -3.64535008
dipole_total_y: 1.22040443
dipole_total_z: 1.28931861
----------------------------


 CCSD iterations
------------------------------------------------------------
  Iter     Residuum          Correlation          Time(s)
------------------------------------------------------------
   1     1.1854692706372    0.0000000000000         86.85
   2     0.1697253689773   -1.6576755822574         85.50
   3     0.0684024941384   -1.6259792054384         85.36
   4     0.0233899477472   -1.6955895701289         84.45
   5     0.0203699753317   -1.6874309041781         84.39
 MICROCYCLE DIIS UPDATE:                    6
   6     0.0082782152475   -1.6978611050522         83.58
   7     0.0053460856293   -1.6976126672049         83.32
   8     0.0036542145912   -1.6991161230213         83.34
   9     0.0029422446281   -1.6992591762861         83.40
  10     0.0031958534958   -1.6996556730047         83.75
 MICROCYCLE DIIS UPDATE:                   11
  11     0.0007450244971   -1.7001564929976         84.04
  12     0.0006169362506   -1.7001849533768         84.21
  13     0.0004370809515   -1.7002231078130         84.03
  14     0.0004854678636   -1.7001977224915         83.94
  15     0.0004782361960   -1.7002271760040         83.72
 MICROCYCLE DIIS UPDATE:                   16
  16     0.0001228358109   -1.7002088616562         83.79
  17     0.0000795144654   -1.7002346045056         84.13
  18     0.0000691068062   -1.7002446548499         84.10
  19     0.0000533787138   -1.7002508165517         83.87
  20     0.0000579211552   -1.7002510272743         84.52
 MICROCYCLE DIIS UPDATE:                   21
  21     0.0000239436644   -1.7002627588998         84.46
  22     0.0000180684012   -1.7002589973687         84.39
  23     0.0000126297040   -1.7002588966419         84.21
  24     0.0000133046224   -1.7002571714993         84.01
  25     0.0000112761545   -1.7002576405972         84.34
 MICROCYCLE DIIS UPDATE:                   26
  26     0.0000047993288   -1.7002555282254         84.13
  27     0.0000028749703   -1.7002566424441         84.34
  28     0.0000027814946   -1.7002570179141         84.34
  29     0.0000022543540   -1.7002572885686         84.10
  30     0.0000027055039   -1.7002573125831         83.55
 MICROCYCLE DIIS UPDATE:                   31
  31     0.0000008566365   -1.7002577318776         84.46
------------------------------------------------------------------
 Iterations converged
 CCSD correlation energy / hartree =        -1.700257731877632
 CCSD total energy / hartree       =     -3007.814767725706588

Time taken for spin-orbital canonical QED-CCSD: 2689.64 secs
