
ExaChem Git Information
{
 WARNING: Failed to retrieve the current git state.
}


TAMM Git Information
{
 Branch: main
 Commit Hash: e71357ad [e71357ad54f38748b4a7e175aa6760820d5ce96f]
 Commit Date: 2026-02-02 23:14:56 -0800
 Commit Message: add GitHub Actions workflow for releases
}


date: Mon Aug 10 11:47:14 2026
program: "/global/cfs/cdirs/m3196/heindelj/cavity_qed/software/install_gpu/bin/bin/ExaChem"
nnodes: 1, nproc_per_node: 4, nproc_total: 4, ngpus_per_node: 1, ngpus_total: 1

Memory information
{
[AMD EPYC 7763 64-Core Processor                ] : 
  CPU memory per node (GiB): 251
  Total CPU memory (GiB): 251
[NVIDIA A100-SXM4-80GB, CUDA v12.9] : 
  GPU memory per device (GiB): 79
  GPU memory per node (GiB): 79
  Total GPU memory (GiB): 79
}

------------------------------------------------------------

Input file provided: /global/cfs/cdirs/m4262/heindelj/cavity_qed/mlip/lambda_scans/grid_scans_optimized_geoms/runs_grid_no_freq/ortho_th72_ph306/ortho_th72_ph306_qed_ccsd_input.json

{
  "geometry": {
    "coordinates": [
      "C    -1.752736738300    1.949756324300    0.624426391800",
      "C    -0.349130369300    1.978166608800    0.608865062500",
      "C     0.299514441200    0.801968473100    0.641552017800",
      "C    -2.506479366600    0.779626593000    0.710470042700",
      "H    -2.272362184900    2.893373356000    0.577999430100",
      "H     0.192047960100    2.913250161400    0.577707162700",
      "H    -3.583644248300    0.816017807600    0.719795283300",
      "N     1.768416577000    0.828935332800    0.698937190900",
      "O     2.348098669600    0.517682130400   -0.303525579800",
      "O     2.211350315600    1.204385429200    1.752375163900",
      "C    -1.861199910100   -0.410118507400    0.787232508500",
      "H    -2.407700726900   -1.339935142600    0.881436957300",
      "C    -0.391681010000   -0.498800549600    0.732932116900",
      "H    -0.022973667700   -1.042571246400    1.601638798000",
      "Br   -0.025020685600   -1.607259970500   -0.822114508700"
    ],
    "units": "angstrom",
    "noorient": true
  },
  "common": {
    "maxiter": 100,
    "debug": false
  },
  "basis": {
    "basisset": "6-311G*"
  },
  "SCF": {
    "charge": 1,
    "multiplicity": 1,
    "lshift": 0,
    "tol_lindep": 1e-10,
    "conve": 1e-07,
    "convd": 1e-05,
    "diis_hist": 10,
    "writem": 10,
    "restart": false,
    "noscf": false,
    "scf_type": "restricted",
    "debug": false,
    "qed_omegas": [
      0.06615
    ],
    "qed_volumes": [],
    "qed_lambdas": [
      0.1
    ],
    "qed_polvecs": [
      [
        0.5590169943749472,
        -0.7694208842938135,
        0.30901699437494745
      ]
    ],
    "direct_df": false
  },
  "CD": {
    "debug": false,
    "diagtol": 1e-06
  },
  "CC": {
    "threshold": 1e-06,
    "ndiis": 5,
    "ccsd_maxiter": 200,
    "tilesize": 40,
    "freeze": {
      "atomic": true
    },
    "readt": false,
    "writet": true,
    "writet_iter": 5,
    "debug": false,
    "profile_ccsd": false,
    "balance_tiles": true
  },
  "TASK": {
    "scf": false,
    "ccsd": true
  }
}

Output folder & files prefix: ortho_th72_ph306_qed_ccsd_input.6-311g*

  C (carbon)
  ----------
          Exponent        Coefficients
      ----------------  --------------------
  1 S  4.56324000E+03      0.778202
  1 S  6.82024000E+02      1.448695
  1 S  1.54973000E+02      2.383089
  1 S  4.44553000E+01      3.200089
  1 S  1.30290000E+01      3.013004
  1 S  1.82773000E+00      0.247599

  2 S  2.09642000E+01      0.800629
  2 S  4.80331000E+00      2.127420
  2 S  1.45933000E+00     -0.002868

  3 P  2.09642000E+01      2.573592
  3 P  4.80331000E+00      2.408248
  3 P  1.45933000E+00      1.865281

  4 S  4.83456000E-01      0.413217

  5 P  4.83456000E-01      0.574627

  6 S  1.45585000E-01      0.167976

  7 P  1.45585000E-01      0.128185

  8 D  6.26000000E-01      0.725128


  H (hydrogen)
  ------------
          Exponent        Coefficients
      ----------------  --------------------
  1 S  3.38650000E+01      0.255069
  1 S  5.09479000E+00      0.460109
  1 S  1.15879000E+00      0.678321

  2 S  3.25840000E-01      0.307371

  3 S  1.02741000E-01      0.129336


  N (nitrogen)
  ------------
          Exponent        Coefficients
      ----------------  --------------------
  1 S  6.29348000E+03      0.991968
  1 S  9.49044000E+02      1.823240
  1 S  2.18776000E+02      2.979891
  1 S  6.36916000E+01      4.000007
  1 S  1.88282000E+01      3.881008
  1 S  2.72023000E+00      0.386764

  2 S  3.06331000E+01      1.038501
  2 S  7.02614000E+00      2.834794
  2 S  2.11205000E+00     -0.003208

  3 P  3.06331000E+01      3.935616
  3 P  7.02614000E+00      3.870994
  3 P  2.11205000E+00      2.967271

  4 S  6.84009000E-01      0.536051

  5 P  6.84009000E-01      0.886681

  6 S  2.00878000E-01      0.213850

  7 P  2.00878000E-01      0.191693

  8 D  9.13000000E-01      1.403568


  O (oxygen)
  ----------
          Exponent        Coefficients
      ----------------  --------------------
  1 S  8.58850000E+03      1.205013
  1 S  1.29723000E+03      2.216205
  1 S  2.99296000E+02      3.627452
  1 S  8.73771000E+01      4.888452
  1 S  2.56789000E+01      4.835721
  1 S  3.74004000E+00      0.538229

  2 S  4.21175000E+01      1.341958
  2 S  9.62837000E+00      3.587114
  2 S  2.85332000E+00     -0.005123

  3 P  4.21175000E+01      5.584018
  3 P  9.62837000E+00      5.733366
  3 P  2.85332000E+00      4.332955

  4 S  9.05661000E-01      0.661659

  5 P  9.05661000E-01      1.259352

  6 S  2.55611000E-01      0.256209

  7 P  2.55611000E-01      0.259068

  8 D  1.29200000E+00      2.577026


  Br (bromine)
  ------------
          Exponent        Coefficients
      ----------------  --------------------
  1 S  4.39700000E+05      9.893706
  1 S  6.60300000E+04     18.450679
  1 S  1.51400000E+04     31.049770
  1 S  4.31700000E+03     48.888138
  1 S  1.41400000E+03     64.847798
  1 S  5.23900000E+02     42.245010

  2 S  5.23900000E+02     14.290679
  2 S  2.07700000E+02     24.083128
  2 S  8.65400000E+01      5.132542

  3 S  3.05200000E+01      9.254405

  4 S  1.29800000E+01      4.873782

  5 S  4.41200000E+00      2.169635

  6 S  1.86200000E+00      1.136043

  7 S  3.93200000E-01      0.353892

  8 S  1.40000000E-01      0.163120

  9 P  2.95700000E+03    691.874478
  9 P  7.00300000E+02    925.332763
  9 P  2.24600000E+02   1068.830732

  10 P  8.25900000E+01    122.079275
  10 P  3.31900000E+01     57.580687
  10 P  1.42000000E+01     10.176170

  11 P  1.42000000E+01      3.129736
  11 P  7.43800000E+00      6.538168
  11 P  3.52600000E+00      4.166276

  12 P  1.59500000E+00      2.555000

  13 P  8.46200000E-01      1.156861

  14 P  3.18600000E-01      0.341191

  15 P  1.09600000E-01      0.089888

  16 D  1.34800000E+02    160.709187
  16 D  3.63900000E+01    119.797406
  16 D  1.21600000E+01     55.531619
  16 D  4.34100000E+00     12.984636

  17 D  1.53500000E+00      3.484168

  18 D  4.51000000E-01      0.408525



Printing Internal Coordinates

------------------------------------------------------------
                Bond Lengths

i      j        Length (Angstroms)     Length (Bohr)
0      1          1.4039801061         2.6531378868
0      3          1.3945375748         2.6352940887
0      4          1.0782296462         2.0375587322
1      2          1.3435961379         2.5390287244
1      5          1.0808450626         2.0425011528
2      7          1.4702699596         2.7784075548
2      12         1.4758392611         2.7889320094
3      6          1.0778197730         2.0367841840
3      10         1.3556442959         2.5617964434
7      8          1.1991002840         2.2659711343
7      9          1.2028651772         2.2730857514
10     11         1.0826341007         2.0458819449
10     12         1.4731934139         2.7839320828
12     13         1.0891661823         2.0582257902
12     14         1.9445544706         3.6746753863

Number of Bonds: 15

------------------------------------------------------------
           Bond Angles

i      j      k      Angle (degrees)
0      1      2        117.6879 
0      1      5        121.2245 
0      3      6        120.8219 
0      3      10       118.8565 
1      0      3        123.9187 
1      0      4        117.6203 
1      2      7        117.8535 
1      2      12       123.1595 
2      1      5        121.0866 
2      7      8        116.4611 
2      7      9        114.0665 
2      12     10       114.6074 
2      12     13       109.3217 
2      12     14       111.3823 
3      0      4        118.4573 
3      10     11       121.2246 
3      10     12       121.7053 
6      3      10       120.3212 
7      2      12       118.7935 
8      7      9        129.4321 
10     12     13       109.7754 
10     12     14       104.5886 
11     10     12       117.0673 
13     12     14       106.8223 

Number of Angles: 24

------------------------------------------------------------
              Torsional Angles

i      j      k      l      Angle (degrees)
3      0      1      2          1.9283 
4      0      1      2       -178.7895 
5      1      0      3       -177.7106 
5      1      0      4          1.5716 
6      3      0      1        179.9199 
6      3      0      4          0.6433 
10     3      0      1          0.1447 
10     3      0      4       -179.1319 
11     10     3      0        178.3803 
11     10     3      6         -1.3960 

Number of Torsional Angles: 10


----------------------------------------------------------------------
                          Center of Mass

         x               y               z              Unit
   0.04332696328   -0.1469049183    0.1030773355      Angstrom
   0.08187609446   -0.2776100621    0.1947879338          Bohr

----------------------------------------------------------------------
                Moment of Inertia Tensor

           1857.65          -82.0694          -24.5164
          -82.0694           1928.22          -652.617
          -24.5164          -652.617           2729.84

----------------------------------------------------------------------
                      Principal Moments of Inertia

           x                 y                 z                Unit
        431.542786        526.301077       866.7386211       amu * ang^2
       1541.067266       1879.455266       3095.179807      amu * bohr^2
  7.1659414411e-38  8.7394409563e-38  1.4392543232e-37          g * cm^2

 - Molecule is an asymmetric top.

----------------------------------------------------------------------

         Rotational constants (MHz)

    A = 1.1711e+03        B = 9.6025e+02        C = 5.8308e+02

----------------------------------------------------------------------

        Rotational constants (cm-1)

    A = 3.9064e-02        B = 3.2030e-02        C = 1.9449e-02

----------------------------------------------------------------------

                                Z-Matrix
C   
C        1       2.6531379
C        2       2.5390287     1       117.68791
C        3      5.30432696     2     61.63793685     1         -0.9033
H        4      4.02661781     3     83.15066693     2          1.0769
H        5      4.65721174     4     96.76963696     3         -1.4078
H        6      8.16624636     5     28.64448248     4         -0.3319
N        7     10.11403543     6     28.95364160     5        179.5081
O        8      2.26597113     7    119.08177251     6       -103.8686
O        9      4.10422647     8     25.32637060     7        177.3769
C       10      8.47722560     9     74.91252202     8         13.9371
H       11      2.04588194    10    138.47347947     9         93.3557
C       12      4.13754946    11     36.80910512    10        -24.9355
H       13      2.05822579    12     93.77314478    11        129.4638
Br      14      4.70289685    13     48.41115473    12         91.6747

----------------------------------------------------------------------

             Converted back to Cartesian

C        0.000000      0.000000      0.000000
C        0.000000      0.000000      2.653138
C        0.000000      0.091004      0.115741
C        0.000027     -0.198605      5.412156
H       -0.000055      0.123000      1.398402
H        0.000182     -0.385634      6.027755
H       -0.000300      0.577031     -2.081552
N       -0.004496     -0.703652      7.951072
O        0.003452     -0.335694      5.715190
O       -0.015342     -1.033074      9.759690
C        0.049515      0.595841      1.440689
H        0.019845      0.119554      3.430137
C        0.087717      1.127163     -0.582273
H        0.041728      0.570416      1.398689
Br       0.159300      1.907999     -3.108448

----------------------------------------------------------------------
                       Geometry in bohr 

1     C      -3.3121924062    3.6845054652    1.1799948663
2     C      -0.6597607802    3.7381931220    1.1505882158
3     C       0.5660002646    1.5155007758    1.2123576092
4     C      -4.7365595431    1.4732807412    1.3425938014
5     H      -4.2941421883    5.4676832228    1.0922606238
6     H       0.3629180476    5.5052449413    1.0917083185
7     H      -6.7721061620    1.5420501702    1.3602159522
8     N       3.3418230070    1.5664607551    1.3207998700
9     O       4.4372634022    0.9782774467   -0.5735802180
10    O       4.1788464649    2.2759586112    3.3115091296
11    C      -3.5171580957   -0.7750116582    1.4876538385
12    H      -4.5498949670   -2.5321104460    1.6656744466
13    C      -0.7401698376   -0.9425964302    1.3850409698
14    H      -0.0434139401   -1.9701741224    3.0266586808
15    Br     -0.0472822433   -3.0372811574   -1.5535712656

 Number of nodes, processes per node used for SCF calculation: 1, 4

Common Options
{
  maxiter       = 100
  basis         = 6-311g* spherical
  geom_units    = angstrom
  ang2au factor = 1.889726126
  debug         = false
  file_prefix   = ortho_th72_ph306_qed_ccsd_input
}

SCF Options
{
  charge            = 1
  multiplicity      = 1
  level shift       = 0
  tol_int           = 1e-22
  tol_sch           = 1e-12
  tol_lindep        = 1e-10
  conve             = 1e-07
  convd             = 1e-05
  diis_hist         = 10
  AO_tilesize       = 30
  writem            = 10
  damp              = 100
  n_lindep          = 0
  scf_type          = restricted
  cuscf             = false
  qed_omegas        = [0.06615,]
  qed_lambdas       = [0.1,]
  qed_polvecs       = [[0.5590169944,-0.7694208843,0.3090169944,],]
  direct_df         = false
  restart_size      = 2000
  restart           = false
  debug             = false
}

Number of basis functions = 221

Total number of shells = 105

Total number of electrons = 98
  # of alpha electrons    = 49
  # of beta electons      = 49

Nuclear repulsion energy  = 776.647834344181

# of {all,non-negligible} shell-pairs = {5565,4990}
Number of AO tiles = 105

Time for initial setup: 0.01 secs
HF exch = 1.00

Time for computing 1-e integrals T, V, S: 0.01 secs
Time for computing orthogonalizer: 0.01 secs

Superposition of Atomic Density Guess ...
Time taken for SAD: 0.29 secs
Total Time to compute initial guess: 0.29 secs


 SCF iterations
-----------------------------------------------------------------------------
 Iter     Energy            E-Diff       RMSD        |[F,P]|^2       Time(s)
-----------------------------------------------------------------------------
   1  -3011.9024741781    -3.01e+03     1.66e-02     1.49e+03         0.7 
   2  -3005.7605237659     6.14e+00     6.91e-03     8.25e+00         2.2 
   3  -3005.9641786201    -2.04e-01     2.94e-03     4.16e+00         2.2 
   4  -3006.0844069243    -1.20e-01     1.23e-03     1.63e-01         2.2 
   5  -3006.0935707383    -9.16e-03     2.99e-04     1.30e-02         2.2 
   6  -3006.0943936478    -8.23e-04     1.95e-04     2.11e-03         2.2 
   7  -3006.0946851949    -2.92e-04     9.42e-05     5.80e-04         2.2 
   8  -3006.0947637040    -7.85e-05     4.70e-05     1.60e-04         2.2 
   9  -3006.0947833953    -1.97e-05     2.65e-05     3.96e-05         2.2 
  10  -3006.0947887877    -5.39e-06     1.09e-05     8.12e-06         2.2 
  11  -3006.0947897999    -1.01e-06     6.38e-06     1.71e-06         2.2 
  12  -3006.0947901341    -3.34e-07     3.99e-06     5.40e-07         2.2 
  13  -3006.0947902396    -1.05e-07     2.07e-06     1.02e-07         2.2 
  14  -3006.0947902599    -2.03e-08     5.39e-07     1.37e-08         2.2 

** Total SCF energy = -3006.0947902598623

Nuclear repulsion energy = 776.647834344181319
#electrons        = 98
1e energy kinetic = 3006.2328638885069267
1e energy N-e     = -8706.5525597052910598
1e energy         = -5697.7398423043641742
2e energy         = 1917.3785230839712312
QED energy        = 0.1985481287685595
QED eT energy     = 0.1794895474567780
QED eT energy from matrix = 0.1794895474567524

 Polarizability Matrix (QED energy = 0.5 * lambda.dot(matrix * lambda))
[40.04005260, -0.66790530, -0.91331446]
[-0.66790530, 41.10817484,  2.56714727]
[-0.91331446,  2.56714727, 40.02927862]

 Polarizability Matrix (QED eT energy = 0.5 * lambda.dot(matrix * lambda))
[36.38607402, -0.79559957, -1.04935855]
[-0.79559957, 37.52635544,  3.04077812]
[-1.04935855,  3.04077812, 35.97655093]


                      Electron        Nuclear        Total  
                  ------------------------------------------
    Monopole         -98.000000     99.000000      1.000000

      Dipole   X      -4.385374      0.971080     -3.414294
      Dipole   Y      10.253740     -9.129801      1.123939
      Dipole   Z     -30.296298     31.559930      1.263632

  Quadrupole  XX    -784.223167    743.082492    -41.140675
  Quadrupole  XY     -33.669560     27.964055     -5.705505
  Quadrupole  XZ      -8.182536      3.009471     -5.173065
  Quadrupole  YY    -697.796462    663.061358    -34.735104
  Quadrupole  YZ    -298.712216    299.374060      0.661844
  Quadrupole  ZZ    -312.968781    263.938268    -49.030512

    Octupole XXX     -20.705134    -59.664044    -80.369178
    Octupole XXY   -1108.505167   1107.014653     -1.490514
    Octupole XXZ    -986.875694    971.266127    -15.609567
    Octupole XYY     282.209863   -309.156388    -26.946526
    Octupole XYZ    -138.592279    131.140242     -7.452037
    Octupole XZZ    -254.667077    250.486581     -4.180496
    Octupole YYY     -93.927105    103.933272     10.006167
    Octupole YYZ      -7.279950    -15.164278    -22.444229
    Octupole YZZ     -58.193920     24.292323    -33.901597
    Octupole ZZZ    -387.537729    291.269317    -96.268411

writing orbitals and density to disk ... done.

Total Time taken for Hartree-Fock: 31.01 secs

CD Options
{
  debug             = false
  skip_cd           = [false, 100]
  write_cv          = [false, 5000]
  diagtol           = 1e-06
  itilesize         = 1000
  max_cvecs_factor  = 12
}

- #occupied, #virtual = 98, 344

- Tilesize for the MSO space: 40

-----------------------------------------------------
Begin 2-index transformation ... 

nAO, nMO, nelectrons = 221, 442, 98
n_occ_alpha, n_vir_alpha, n_occ_beta, n_vir_beta = 49,172,49,172

Time taken for Fao->Fmo transform: 0.00 secs

-----------------------------------------------------
Number of AO tiles = 105
# of {all,non-negligible} shell-pairs = {5565,4990}

    Begin Cholesky Decomposition
---------------------------------------------
Total # of mpi ranks used for Cholesky decomposition: 4
  --> Number of nodes, mpi ranks per node: 1, 4
- CPU memory required for computing cholesky vectors: 1.93 GiB

- Time for computing the diagonal: 0.01 secs

- Total number of cholesky vectors = 1639

- Time to compute cholesky vectors: 17.74 secs

- CPU memory required for resizing the ao cholesky tensor: 1.56 GiB
- CPU memory required for ao2mo transformation: 1.69 GiB
- CPU memory required for the 2-step contraction: 2.10 GiB

- Time for ao to mo transform: 1.52 secs

   End Cholesky Decomposition
---------------------------------------------

Total Time taken for Cholesky Decomposition: 22.80 secs

scf_type = restricted
Closed-Shell SCF
QED-HF Enabled
nbf = 203
nbf_orig = 221
n_lindep = 0
focc = 1
nmo = 406
nocc = 62
nvir = 344
n_occ_alpha = 31
n_vir_alpha = 172
n_occ_beta = 31
n_vir_beta = 172
nelectrons = 98
nelectrons_alpha = 49
nelectrons_beta = 49
freeze atomic = true
n_frozen_core = 18
n_frozen_virtual = 0
----------------------------
--------- QED-CCSD --------
lambda_x: 0.0559
lambda_y: -0.0769
lambda_z: 0.0309
omega: 0.066150
coupling_factor_x: 0.010167
coupling_factor_y: -0.013993
coupling_factor_z: 0.005620
----------------------------
# of {all,non-negligible} shell-pairs = {5565,4990}
Number of AO tiles = 105
----------------------------
Electronic dipole expectation value using SCF density: 
dipole_x_elec: -4.38545475
dipole_y_elec: 10.25364747
dipole_z_elec: -30.29628736

d_n/N value: d_n is nuclear dipole moment and N is the total number of electrons 
d_nuc_x: 0.00990898
d_nuc_y: -0.09316123
d_nuc_z: 0.32204010

<d_e+d_n> expectation values: 
dipole_total_x: -3.41437488
dipole_total_y: 1.12384657
dipole_total_z: 1.26364256
----------------------------


 CCSD iterations
------------------------------------------------------------
  Iter     Residuum          Correlation          Time(s)
------------------------------------------------------------
   1     1.1860412889647    0.0000000000000         85.46
   2     0.1758605472082   -1.6672924468003         84.50
   3     0.0746338772905   -1.6272657702517         84.54
   4     0.0273277516238   -1.7058758357328         85.34
   5     0.0249165317066   -1.6933597157337         85.17
 MICROCYCLE DIIS UPDATE:                    6
   6     0.0094619655803   -1.7058602759672         84.26
   7     0.0057122348840   -1.7053937220576         83.88
   8     0.0047298838118   -1.7071907981709         84.55
   9     0.0033710022315   -1.7072672235318         83.93
  10     0.0042509909210   -1.7077557693433         83.94
 MICROCYCLE DIIS UPDATE:                   11
  11     0.0008371950455   -1.7082965238307         83.88
  12     0.0007779699028   -1.7084185955747         83.85
  13     0.0004254661087   -1.7083862366765         83.92
  14     0.0005329525505   -1.7083718933298         83.76
  15     0.0003215622892   -1.7083936122802         83.71
 MICROCYCLE DIIS UPDATE:                   16
  16     0.0001198747991   -1.7083594232655         84.52
  17     0.0000739346657   -1.7084088191787         84.63
  18     0.0000694016846   -1.7084200989890         84.70
  19     0.0000607419335   -1.7084268715585         84.58
  20     0.0000677611131   -1.7084298870101         83.61
 MICROCYCLE DIIS UPDATE:                   21
  21     0.0000170412698   -1.7084377922767         85.16
  22     0.0000140155490   -1.7084380994981         84.97
  23     0.0000092818825   -1.7084373444702         84.13
  24     0.0000092005848   -1.7084371155654         84.00
  25     0.0000063881955   -1.7084372722396         83.99
 MICROCYCLE DIIS UPDATE:                   26
  26     0.0000024484043   -1.7084366754404         83.43
  27     0.0000013106409   -1.7084374341940         83.64
  28     0.0000013180932   -1.7084376663803         83.78
  29     0.0000011332345   -1.7084378415547         83.87
  30     0.0000012764287   -1.7084378816536         83.70
 MICROCYCLE DIIS UPDATE:                   31
  31     0.0000003028824   -1.7084380451814         83.49
------------------------------------------------------------------
 Iterations converged
 CCSD correlation energy / hartree =        -1.708438045181354
 CCSD total energy / hartree       =     -3007.803228305043831

Time taken for spin-orbital canonical QED-CCSD: 2690.27 secs
