
ExaChem Git Information
{
 WARNING: Failed to retrieve the current git state.
}


TAMM Git Information
{
 Branch: main
 Commit Hash: e71357ad [e71357ad54f38748b4a7e175aa6760820d5ce96f]
 Commit Date: 2026-02-02 23:14:56 -0800
 Commit Message: add GitHub Actions workflow for releases
}


date: Mon Aug 10 03:29:07 2026
program: "/global/cfs/cdirs/m3196/heindelj/cavity_qed/software/install_gpu/bin/bin/ExaChem"
nnodes: 1, nproc_per_node: 4, nproc_total: 4, ngpus_per_node: 1, ngpus_total: 1

Memory information
{
[AMD EPYC 7763 64-Core Processor                ] : 
  CPU memory per node (GiB): 251
  Total CPU memory (GiB): 251
[NVIDIA A100-SXM4-80GB, CUDA v12.9] : 
  GPU memory per device (GiB): 79
  GPU memory per node (GiB): 79
  Total GPU memory (GiB): 79
}

------------------------------------------------------------

Input file provided: /global/cfs/cdirs/m4262/heindelj/cavity_qed/mlip/lambda_scans/grid_scans_optimized_geoms/runs_grid_no_freq/para_th36_ph270/para_th36_ph270_qed_ccsd_input.json

{
  "geometry": {
    "coordinates": [
      "C    -0.461539250300    1.249274144000    0.464296098700",
      "C     0.891533591100    1.256391983100    0.590151085100",
      "C     1.534974170600    0.021472608800    0.712845231600",
      "H    -1.015064785200    2.170779907000    0.353571826500",
      "H     1.473767227500    2.165103968000    0.600291406500",
      "N     3.016686931600    0.025851215900    0.877062808400",
      "O     3.589303514900   -0.943086937100    0.457264857000",
      "O     3.478874955600    0.996699445700    1.413065231500",
      "C    -0.454094313400   -1.233556066300    0.610459578400",
      "H    -1.001599234200   -2.166260665900    0.611570414600",
      "C     0.901460771000   -1.221106109000    0.696097857700",
      "H     1.494112796300   -2.121536829400    0.743776870000",
      "C    -1.230721202100    0.006269429300    0.567138028000",
      "H    -1.694004463900    0.089168630900    1.566131112300",
      "Br   -2.757771392400   -0.147944246300   -0.598282705700"
    ],
    "units": "angstrom",
    "noorient": true
  },
  "common": {
    "maxiter": 100,
    "debug": false
  },
  "basis": {
    "basisset": "6-311G*"
  },
  "SCF": {
    "charge": 1,
    "multiplicity": 1,
    "lshift": 0,
    "tol_lindep": 1e-10,
    "conve": 1e-07,
    "convd": 1e-05,
    "diis_hist": 10,
    "writem": 10,
    "restart": false,
    "noscf": false,
    "scf_type": "restricted",
    "debug": false,
    "qed_omegas": [
      0.06615
    ],
    "qed_volumes": [],
    "qed_lambdas": [
      0.1
    ],
    "qed_polvecs": [
      [
        -1.079743991708995e-16,
        -0.5877852522924731,
        0.8090169943749475
      ]
    ],
    "direct_df": false
  },
  "CD": {
    "debug": false,
    "diagtol": 1e-06
  },
  "CC": {
    "threshold": 1e-06,
    "ndiis": 5,
    "ccsd_maxiter": 200,
    "tilesize": 40,
    "freeze": {
      "atomic": true
    },
    "readt": false,
    "writet": true,
    "writet_iter": 5,
    "debug": false,
    "profile_ccsd": false,
    "balance_tiles": true
  },
  "TASK": {
    "scf": false,
    "ccsd": true
  }
}

Output folder & files prefix: para_th36_ph270_qed_ccsd_input.6-311g*

  C (carbon)
  ----------
          Exponent        Coefficients
      ----------------  --------------------
  1 S  4.56324000E+03      0.778202
  1 S  6.82024000E+02      1.448695
  1 S  1.54973000E+02      2.383089
  1 S  4.44553000E+01      3.200089
  1 S  1.30290000E+01      3.013004
  1 S  1.82773000E+00      0.247599

  2 S  2.09642000E+01      0.800629
  2 S  4.80331000E+00      2.127420
  2 S  1.45933000E+00     -0.002868

  3 P  2.09642000E+01      2.573592
  3 P  4.80331000E+00      2.408248
  3 P  1.45933000E+00      1.865281

  4 S  4.83456000E-01      0.413217

  5 P  4.83456000E-01      0.574627

  6 S  1.45585000E-01      0.167976

  7 P  1.45585000E-01      0.128185

  8 D  6.26000000E-01      0.725128


  H (hydrogen)
  ------------
          Exponent        Coefficients
      ----------------  --------------------
  1 S  3.38650000E+01      0.255069
  1 S  5.09479000E+00      0.460109
  1 S  1.15879000E+00      0.678321

  2 S  3.25840000E-01      0.307371

  3 S  1.02741000E-01      0.129336


  N (nitrogen)
  ------------
          Exponent        Coefficients
      ----------------  --------------------
  1 S  6.29348000E+03      0.991968
  1 S  9.49044000E+02      1.823240
  1 S  2.18776000E+02      2.979891
  1 S  6.36916000E+01      4.000007
  1 S  1.88282000E+01      3.881008
  1 S  2.72023000E+00      0.386764

  2 S  3.06331000E+01      1.038501
  2 S  7.02614000E+00      2.834794
  2 S  2.11205000E+00     -0.003208

  3 P  3.06331000E+01      3.935616
  3 P  7.02614000E+00      3.870994
  3 P  2.11205000E+00      2.967271

  4 S  6.84009000E-01      0.536051

  5 P  6.84009000E-01      0.886681

  6 S  2.00878000E-01      0.213850

  7 P  2.00878000E-01      0.191693

  8 D  9.13000000E-01      1.403568


  O (oxygen)
  ----------
          Exponent        Coefficients
      ----------------  --------------------
  1 S  8.58850000E+03      1.205013
  1 S  1.29723000E+03      2.216205
  1 S  2.99296000E+02      3.627452
  1 S  8.73771000E+01      4.888452
  1 S  2.56789000E+01      4.835721
  1 S  3.74004000E+00      0.538229

  2 S  4.21175000E+01      1.341958
  2 S  9.62837000E+00      3.587114
  2 S  2.85332000E+00     -0.005123

  3 P  4.21175000E+01      5.584018
  3 P  9.62837000E+00      5.733366
  3 P  2.85332000E+00      4.332955

  4 S  9.05661000E-01      0.661659

  5 P  9.05661000E-01      1.259352

  6 S  2.55611000E-01      0.256209

  7 P  2.55611000E-01      0.259068

  8 D  1.29200000E+00      2.577026


  Br (bromine)
  ------------
          Exponent        Coefficients
      ----------------  --------------------
  1 S  4.39700000E+05      9.893706
  1 S  6.60300000E+04     18.450679
  1 S  1.51400000E+04     31.049770
  1 S  4.31700000E+03     48.888138
  1 S  1.41400000E+03     64.847798
  1 S  5.23900000E+02     42.245010

  2 S  5.23900000E+02     14.290679
  2 S  2.07700000E+02     24.083128
  2 S  8.65400000E+01      5.132542

  3 S  3.05200000E+01      9.254405

  4 S  1.29800000E+01      4.873782

  5 S  4.41200000E+00      2.169635

  6 S  1.86200000E+00      1.136043

  7 S  3.93200000E-01      0.353892

  8 S  1.40000000E-01      0.163120

  9 P  2.95700000E+03    691.874478
  9 P  7.00300000E+02    925.332763
  9 P  2.24600000E+02   1068.830732

  10 P  8.25900000E+01    122.079275
  10 P  3.31900000E+01     57.580687
  10 P  1.42000000E+01     10.176170

  11 P  1.42000000E+01      3.129736
  11 P  7.43800000E+00      6.538168
  11 P  3.52600000E+00      4.166276

  12 P  1.59500000E+00      2.555000

  13 P  8.46200000E-01      1.156861

  14 P  3.18600000E-01      0.341191

  15 P  1.09600000E-01      0.089888

  16 D  1.34800000E+02    160.709187
  16 D  3.63900000E+01    119.797406
  16 D  1.21600000E+01     55.531619
  16 D  4.34100000E+00     12.984636

  17 D  1.53500000E+00      3.484168

  18 D  4.51000000E-01      0.408525



Printing Internal Coordinates

------------------------------------------------------------
                Bond Lengths

i      j        Length (Angstroms)     Length (Bohr)
0      1          1.3589320275         2.5680093557
0      3          1.0806587128         2.0421490027
0      12         1.4653593614         2.7691278692
1      2          1.3978896573         2.6416286065
1      4          1.0792850898         2.0395532314
2      5          1.4907914981         2.8171876423
2      10         1.3948553946         2.6358946811
5      6          1.2012332063         2.2700017732
5      7          1.2014419055         2.2703961577
8      9          1.0815270419         2.0437899070
8      10         1.3583145818         2.5668425525
8      12         1.4636233602         2.7658473023
10     11         1.0790204787         2.0390531891
12     13         1.1043055921         2.0868351284
12     14         1.9271402720         3.6417673203

Number of Bonds: 15

------------------------------------------------------------
           Bond Angles

i      j      k      Angle (degrees)
0      1      2        117.5040 
0      1      4        122.8483 
0      12     8        116.2382 
0      12     13       102.7104 
0      12     14       116.1914 
1      0      3        120.9992 
1      0      12       121.3718 
1      2      5        117.6821 
1      2      10       125.2303 
2      1      4        119.6476 
2      5      6        115.6532 
2      5      7        115.7133 
2      10     8        117.5277 
2      10     11       119.5643 
3      0      12       117.4942 
5      2      10       117.0876 
6      5      7        128.6334 
8      10     11       122.9066 
8      12     13       105.0358 
8      12     14       111.7509 
9      8      10       120.8668 
9      8      12       117.5126 
10     8      12       121.5770 
13     12     14       102.7472 

Number of Angles: 24

------------------------------------------------------------
              Torsional Angles

i      j      k      l      Angle (degrees)
3      0      1      2       -179.2420 
4      1      0      3          0.8803 
8      10     2      1         -2.9399 
8      12     0      1         -8.8133 
8      12     0      3        175.3673 
9      8      10     2       -178.8765 
9      8      12     0       -175.5314 
10     2      1      0          1.0359 
10     2      1      4       -179.0824 
10     8      12     0          6.8521 
11     10     2      1        176.6452 
11     10     8      9          1.5533 
12     0      1      2          5.0847 
12     0      1      4       -174.7930 
12     8      10     2         -1.3394 
12     8      10     11       179.0904 
13     12     0      1        105.2446 
13     12     0      3        -70.5747 
13     12     8      9         71.7383 
13     12     8      10      -105.8782 
14     12     0      1       -143.4698 
14     12     0      3         40.7109 
14     12     8      9        -38.9423 
14     12     8      10       143.4413 

Number of Torsional Angles: 24


----------------------------------------------------------------------
                          Center of Mass

         x               y               z              Unit
   -0.2545616867  -0.04691033001    0.2068613028      Angstrom
     -0.48105187   -0.0886476762    0.3909112084          Bohr

----------------------------------------------------------------------
                Moment of Inertia Tensor

           788.795          -117.003          -1055.37
          -117.003           4637.91          -75.4798
          -1055.37          -75.4798           4734.77

----------------------------------------------------------------------
                      Principal Moments of Inertia

           x                 y                 z                Unit
        145.627099       1298.382488       1401.491219       amu * ang^2
       520.0438115       4636.608042       5004.816002      amu * bohr^2
  2.4181965202e-38  2.1560163171e-37  2.3272325088e-37          g * cm^2

 - Molecule is an asymmetric top.

----------------------------------------------------------------------

         Rotational constants (MHz)

    A = 3.4704e+03        B = 3.8924e+02        C = 3.6060e+02

----------------------------------------------------------------------

        Rotational constants (cm-1)

    A = 1.1576e-01        B = 1.2984e-02        C = 1.2028e-02

----------------------------------------------------------------------

                                Z-Matrix
C   
C        1       2.5680094
C        2       2.6416286     1       117.50404
H        3      6.33869973     2     22.27253580     1          0.5523
H        4      4.72627552     3     39.77695095     2          0.2544
N        5      5.01173252     4    126.23228116     3         -0.4717
O        6      2.27000177     5    153.06196403     4         76.5159
O        7      4.09182221     6     25.68568646     5        119.6646
C        8      8.67762211     7     62.05834713     6          9.4552
H        9      2.04378991     8    148.45740655     7         41.3430
C       10      4.01854578     9     33.24895421     8        -15.3727
H       11      2.03905319    10     97.03018088     9       -178.6861
C       12      6.54169610    11     18.64427903    10         -0.3417
H       13      2.08683513    12    109.28117286    11       -101.4263
Br      14      4.57942279    13     50.86361199    12       -137.4519

----------------------------------------------------------------------

             Converted back to Cartesian

C        0.000000      0.000000      0.000000
C        0.000000      0.000000      2.568009
C        0.000000      0.094534     -0.071927
H       -0.000007     -0.175276      6.261028
H        0.000003      0.083099      1.541820
N        0.000002     -0.383057      6.531826
O       -0.002469     -0.066833      4.283959
O        0.001565     -0.668530      8.331298
C       -0.005308      0.769516     -0.226336
H       -0.005802      0.340074      1.771828
C       -0.003709      1.224185     -2.148256
H       -0.003151      0.717011     -0.173284
C       -0.005937      2.380072     -6.500053
H       -0.001045      1.782779     -4.500529
Br      -0.012897      3.161315     -8.867520

----------------------------------------------------------------------
                       Geometry in bohr 

1     C      -0.8721827794    2.3607859883    0.8773924679
2     C       1.6847543192    2.3742367548    1.1152239237
3     C       2.9006807928    0.0405773498    1.3470822579
4     H      -1.9181944441    4.1021795039    0.6681539179
5     H       2.7850164333    4.0914535336    1.1343863540
6     N       5.7007121083    0.0488517181    1.6574085031
7     O       6.7828006259   -1.7821760240    0.8641053467
8     O       6.5741208924    1.8834889822    2.6703062856
9     C      -0.8581138877   -2.3310831263    1.1536014141
10    H      -1.8927482406   -4.0936393759    1.1557005903
11    C       1.7035139704   -2.3075561167    1.3154343079
12    H       2.8234639862   -4.0091235736    1.4055345831
13    C      -2.3257260093    0.0118475043    1.0717355485
14    H      -3.2012044928    0.1685042914    2.9595588795
15    Br     -5.2114326495   -0.2795741074   -1.1305904596

 Number of nodes, processes per node used for SCF calculation: 1, 4

Common Options
{
  maxiter       = 100
  basis         = 6-311g* spherical
  geom_units    = angstrom
  ang2au factor = 1.889726126
  debug         = false
  file_prefix   = para_th36_ph270_qed_ccsd_input
}

SCF Options
{
  charge            = 1
  multiplicity      = 1
  level shift       = 0
  tol_int           = 1e-22
  tol_sch           = 1e-12
  tol_lindep        = 1e-10
  conve             = 1e-07
  convd             = 1e-05
  diis_hist         = 10
  AO_tilesize       = 30
  writem            = 10
  damp              = 100
  n_lindep          = 0
  scf_type          = restricted
  cuscf             = false
  qed_omegas        = [0.06615,]
  qed_lambdas       = [0.1,]
  qed_polvecs       = [[-1.079743992e-16,-0.5877852523,0.8090169944,],]
  direct_df         = false
  restart_size      = 2000
  restart           = false
  debug             = false
}

Number of basis functions = 221

Total number of shells = 105

Total number of electrons = 98
  # of alpha electrons    = 49
  # of beta electons      = 49

Nuclear repulsion energy  = 723.352391420529

# of {all,non-negligible} shell-pairs = {5565,4845}
Number of AO tiles = 105

Time for initial setup: 0.05 secs
HF exch = 1.00

Time for computing 1-e integrals T, V, S: 0.01 secs
Time for computing orthogonalizer: 0.01 secs

Superposition of Atomic Density Guess ...
Time taken for SAD: 0.30 secs
Total Time to compute initial guess: 0.30 secs


 SCF iterations
-----------------------------------------------------------------------------
 Iter     Energy            E-Diff       RMSD        |[F,P]|^2       Time(s)
-----------------------------------------------------------------------------
   1  -3011.7445523017    -3.01e+03     1.70e-02     1.50e+03         0.6 
   2  -3005.8228090229     5.92e+00     7.02e-03     7.54e+00         2.0 
   3  -3006.0010967630    -1.78e-01     2.92e-03     3.87e+00         2.1 
   4  -3006.1106359918    -1.10e-01     1.22e-03     1.14e-01         2.0 
   5  -3006.1166354616    -6.00e-03     2.49e-04     1.21e-02         2.0 
   6  -3006.1172286698    -5.93e-04     1.70e-04     1.36e-03         2.1 
   7  -3006.1173705034    -1.42e-04     7.76e-05     2.12e-04         2.1 
   8  -3006.1173986680    -2.82e-05     2.53e-05     3.78e-05         2.1 
   9  -3006.1174027006    -4.03e-06     1.09e-05     8.62e-06         2.1 
  10  -3006.1174034828    -7.82e-07     4.38e-06     1.52e-06         2.1 
  11  -3006.1174036049    -1.22e-07     1.79e-06     1.30e-07         2.1 
  12  -3006.1174036186    -1.37e-08     6.08e-07     1.15e-08         2.1 

** Total SCF energy = -3006.1174036185976

Nuclear repulsion energy = 723.352391420529329
#electrons        = 98
1e energy kinetic = 3006.1725885165251384
1e energy N-e     = -8599.8512585492808284
1e energy         = -5592.6452897334038425
2e energy         = 1864.0275928396181371
QED energy        = 0.1812821540118674
QED eT energy     = 0.1575932865101145
QED eT energy from matrix = 0.1575932865101186

 Polarizability Matrix (QED energy = 0.5 * lambda.dot(matrix * lambda))
[43.87175957,  0.07848227,  1.60084852]
[ 0.07848227, 42.19075965,  2.00379680]
[ 1.60084852,  2.00379680, 36.03559916]

 Polarizability Matrix (QED eT energy = 0.5 * lambda.dot(matrix * lambda))
[40.68652024,  0.08529446,  2.07967812]
[ 0.08529446, 38.79494651,  2.35327741]
[ 2.07967812,  2.35327741, 31.09727809]


                      Electron        Nuclear        Total  
                  ------------------------------------------
    Monopole         -98.000000     99.000000      1.000000

      Dipole   X      22.470882    -23.645894     -1.175012
      Dipole   Y       7.491382     -7.480404      0.010979
      Dipole   Z     -47.709270     48.912640      1.203371

  Quadrupole  XX   -2100.632525   2051.456648    -49.175877
  Quadrupole  XY     -55.053071     55.315069      0.261997
  Quadrupole  XZ    -477.870545    476.547776     -1.322769
  Quadrupole  YY    -295.463114    254.794207    -40.668907
  Quadrupole  YZ     -33.163754     31.432157     -1.731597
  Quadrupole  ZZ    -236.811733    189.016090    -47.795643

    Octupole XXX   -1361.747283   1231.467166   -130.280117
    Octupole XXY     256.331248   -254.257411      2.073837
    Octupole XXZ    -807.194950    754.354605    -52.840345
    Octupole XYY    -448.471774    426.964206    -21.507568
    Octupole XYZ    -134.302226    125.166464     -9.135762
    Octupole XZZ    -330.757830    304.671313    -26.086517
    Octupole YYY     -13.748738     21.413617      7.664879
    Octupole YYZ    -339.489907    313.662111    -25.827796
    Octupole YZZ     -70.388852     66.987183     -3.401669
    Octupole ZZZ    -329.127665    228.074151   -101.053514

writing orbitals and density to disk ... done.

Total Time taken for Hartree-Fock: 25.70 secs

CD Options
{
  debug             = false
  skip_cd           = [false, 100]
  write_cv          = [false, 5000]
  diagtol           = 1e-06
  itilesize         = 1000
  max_cvecs_factor  = 12
}

- #occupied, #virtual = 98, 344

- Tilesize for the MSO space: 40

-----------------------------------------------------
Begin 2-index transformation ... 

nAO, nMO, nelectrons = 221, 442, 98
n_occ_alpha, n_vir_alpha, n_occ_beta, n_vir_beta = 49,172,49,172

Time taken for Fao->Fmo transform: 0.00 secs

-----------------------------------------------------
Number of AO tiles = 105
# of {all,non-negligible} shell-pairs = {5565,4845}

    Begin Cholesky Decomposition
---------------------------------------------
Total # of mpi ranks used for Cholesky decomposition: 4
  --> Number of nodes, mpi ranks per node: 1, 4
- CPU memory required for computing cholesky vectors: 1.93 GiB

- Time for computing the diagonal: 0.01 secs

- Total number of cholesky vectors = 1642

- Time to compute cholesky vectors: 15.17 secs

- CPU memory required for resizing the ao cholesky tensor: 1.56 GiB
- CPU memory required for ao2mo transformation: 1.70 GiB
- CPU memory required for the 2-step contraction: 2.11 GiB

- Time for ao to mo transform: 1.62 secs

   End Cholesky Decomposition
---------------------------------------------

Total Time taken for Cholesky Decomposition: 18.67 secs

scf_type = restricted
Closed-Shell SCF
QED-HF Enabled
nbf = 203
nbf_orig = 221
n_lindep = 0
focc = 1
nmo = 406
nocc = 62
nvir = 344
n_occ_alpha = 31
n_vir_alpha = 172
n_occ_beta = 31
n_vir_beta = 172
nelectrons = 98
nelectrons_alpha = 49
nelectrons_beta = 49
freeze atomic = true
n_frozen_core = 18
n_frozen_virtual = 0
----------------------------
--------- QED-CCSD --------
lambda_x: -0.0000
lambda_y: -0.0588
lambda_z: 0.0809
omega: 0.066150
coupling_factor_x: -0.000000
coupling_factor_y: -0.010690
coupling_factor_z: 0.014713
----------------------------
# of {all,non-negligible} shell-pairs = {5565,4845}
Number of AO tiles = 105
----------------------------
Electronic dipole expectation value using SCF density: 
dipole_x_elec: 22.47095637
dipole_y_elec: 7.49135697
dipole_z_elec: -47.70925999

d_n/N value: d_n is nuclear dipole moment and N is the total number of electrons 
d_nuc_x: -0.24128463
d_nuc_y: -0.07633065
d_nuc_z: 0.49910857

<d_e+d_n> expectation values: 
dipole_total_x: -1.17493778
dipole_total_y: 0.01095341
dipole_total_z: 1.20338035
----------------------------


 CCSD iterations
------------------------------------------------------------
  Iter     Residuum          Correlation          Time(s)
------------------------------------------------------------
   1     1.1857725664656    0.0000000000000         87.82
   2     0.1690386565962   -1.6921931290021         85.99
   3     0.0701047591497   -1.6257683675916         86.09
   4     0.0225597378357   -1.7013426025497         86.11
   5     0.0176170636693   -1.6885488995475         86.15
 MICROCYCLE DIIS UPDATE:                    6
   6     0.0066419252880   -1.6990861355947         85.90
   7     0.0036769397423   -1.6989773601771         85.47
   8     0.0024181168399   -1.7000052861452         85.60
   9     0.0013381694895   -1.7001059756105         85.59
  10     0.0012267989896   -1.7003498277556         85.36
 MICROCYCLE DIIS UPDATE:                   11
  11     0.0004378471312   -1.7006086038152         85.86
  12     0.0003511594051   -1.7007149905555         85.44
  13     0.0002420105474   -1.7006799201457         85.40
  14     0.0002078718627   -1.7006761035049         85.67
  15     0.0001559330208   -1.7006759837475         85.63
 MICROCYCLE DIIS UPDATE:                   16
  16     0.0000539981735   -1.7006568086848         85.62
  17     0.0000378456667   -1.7006738705673         85.52
  18     0.0000283863254   -1.7006791002944         85.34
  19     0.0000236181930   -1.7006800592118         85.21
  20     0.0000206260025   -1.7006813937916         85.18
 MICROCYCLE DIIS UPDATE:                   21
  21     0.0000072830816   -1.7006818654348         85.50
  22     0.0000054951310   -1.7006838496713         85.17
  23     0.0000038554327   -1.7006830525431         85.46
  24     0.0000033238762   -1.7006829115539         85.27
  25     0.0000025580685   -1.7006828226815         85.25
 MICROCYCLE DIIS UPDATE:                   26
  26     0.0000011062125   -1.7006820703247         85.45
  27     0.0000007149542   -1.7006826113929         85.40
------------------------------------------------------------------
 Iterations converged
 CCSD correlation energy / hartree =        -1.700682611392872
 CCSD total energy / hartree       =     -3007.818086229990513

Time taken for spin-orbital canonical QED-CCSD: 2374.66 secs
