
ExaChem Git Information
{
 WARNING: Failed to retrieve the current git state.
}


TAMM Git Information
{
 Branch: main
 Commit Hash: e71357ad [e71357ad54f38748b4a7e175aa6760820d5ce96f]
 Commit Date: 2026-02-02 23:14:56 -0800
 Commit Message: add GitHub Actions workflow for releases
}


date: Fri Aug  7 08:00:39 2026
program: "/global/cfs/cdirs/m3196/heindelj/cavity_qed/software/install_gpu/bin/bin/ExaChem"
nnodes: 1, nproc_per_node: 4, nproc_total: 4, ngpus_per_node: 1, ngpus_total: 1

Memory information
{
[AMD EPYC 7763 64-Core Processor                ] : 
  CPU memory per node (GiB): 251
  Total CPU memory (GiB): 251
[NVIDIA A100-SXM4-40GB, CUDA v12.9] : 
  GPU memory per device (GiB): 39
  GPU memory per node (GiB): 39
  Total GPU memory (GiB): 39
}

------------------------------------------------------------

Input file provided: /global/cfs/cdirs/m4262/heindelj/cavity_qed/mlip/lambda_scans/grid_scans_optimized_geoms/runs_grid_no_freq/ortho_th54_ph270/ortho_th54_ph270_qed_ccsd_input.json

{
  "geometry": {
    "coordinates": [
      "C    -1.775016424300    1.951202351300    0.677783526300",
      "C    -0.361100404600    1.978423755500    0.698690122500",
      "C     0.310395344200    0.816707843000    0.656452379100",
      "C    -2.515651204700    0.779321700500    0.655775877000",
      "H    -2.301276921100    2.894269038400    0.686759240800",
      "H     0.176095094500    2.912129642200    0.750425478700",
      "H    -3.595490714700    0.802765684600    0.632051337200",
      "N     1.789573682500    0.848352635700    0.703114451900",
      "O     2.355969102100    0.020619768900    0.040132637700",
      "O     2.274799313300    1.703123825700    1.394473435400",
      "C    -1.841459799400   -0.404091486900    0.735661311800",
      "H    -2.378082484000   -1.336121423100    0.829000348900",
      "C    -0.374505057800   -0.486519459500    0.704310324100",
      "H     0.024373872400   -1.092781855800    1.510494262100",
      "Br   -0.142124351400   -1.602925210600   -0.885396687300"
    ],
    "units": "angstrom",
    "noorient": true
  },
  "common": {
    "maxiter": 100,
    "debug": false
  },
  "basis": {
    "basisset": "6-311G*"
  },
  "SCF": {
    "charge": 1,
    "multiplicity": 1,
    "lshift": 0,
    "tol_lindep": 1e-10,
    "conve": 1e-07,
    "convd": 1e-05,
    "diis_hist": 10,
    "writem": 10,
    "restart": false,
    "noscf": false,
    "scf_type": "restricted",
    "debug": false,
    "qed_omegas": [
      0.06615
    ],
    "qed_volumes": [],
    "qed_lambdas": [
      0.1
    ],
    "qed_polvecs": [
      [
        -1.4861401089256373e-16,
        -0.8090169943749475,
        0.5877852522924731
      ]
    ],
    "direct_df": false
  },
  "CD": {
    "debug": false,
    "diagtol": 1e-06
  },
  "CC": {
    "threshold": 1e-06,
    "ndiis": 5,
    "ccsd_maxiter": 200,
    "tilesize": 40,
    "freeze": {
      "atomic": true
    },
    "readt": false,
    "writet": true,
    "writet_iter": 5,
    "debug": false,
    "profile_ccsd": false,
    "balance_tiles": true
  },
  "TASK": {
    "scf": false,
    "ccsd": true
  }
}

Output folder & files prefix: ortho_th54_ph270_qed_ccsd_input.6-311g*

  C (carbon)
  ----------
          Exponent        Coefficients
      ----------------  --------------------
  1 S  4.56324000E+03      0.778202
  1 S  6.82024000E+02      1.448695
  1 S  1.54973000E+02      2.383089
  1 S  4.44553000E+01      3.200089
  1 S  1.30290000E+01      3.013004
  1 S  1.82773000E+00      0.247599

  2 S  2.09642000E+01      0.800629
  2 S  4.80331000E+00      2.127420
  2 S  1.45933000E+00     -0.002868

  3 P  2.09642000E+01      2.573592
  3 P  4.80331000E+00      2.408248
  3 P  1.45933000E+00      1.865281

  4 S  4.83456000E-01      0.413217

  5 P  4.83456000E-01      0.574627

  6 S  1.45585000E-01      0.167976

  7 P  1.45585000E-01      0.128185

  8 D  6.26000000E-01      0.725128


  H (hydrogen)
  ------------
          Exponent        Coefficients
      ----------------  --------------------
  1 S  3.38650000E+01      0.255069
  1 S  5.09479000E+00      0.460109
  1 S  1.15879000E+00      0.678321

  2 S  3.25840000E-01      0.307371

  3 S  1.02741000E-01      0.129336


  N (nitrogen)
  ------------
          Exponent        Coefficients
      ----------------  --------------------
  1 S  6.29348000E+03      0.991968
  1 S  9.49044000E+02      1.823240
  1 S  2.18776000E+02      2.979891
  1 S  6.36916000E+01      4.000007
  1 S  1.88282000E+01      3.881008
  1 S  2.72023000E+00      0.386764

  2 S  3.06331000E+01      1.038501
  2 S  7.02614000E+00      2.834794
  2 S  2.11205000E+00     -0.003208

  3 P  3.06331000E+01      3.935616
  3 P  7.02614000E+00      3.870994
  3 P  2.11205000E+00      2.967271

  4 S  6.84009000E-01      0.536051

  5 P  6.84009000E-01      0.886681

  6 S  2.00878000E-01      0.213850

  7 P  2.00878000E-01      0.191693

  8 D  9.13000000E-01      1.403568


  O (oxygen)
  ----------
          Exponent        Coefficients
      ----------------  --------------------
  1 S  8.58850000E+03      1.205013
  1 S  1.29723000E+03      2.216205
  1 S  2.99296000E+02      3.627452
  1 S  8.73771000E+01      4.888452
  1 S  2.56789000E+01      4.835721
  1 S  3.74004000E+00      0.538229

  2 S  4.21175000E+01      1.341958
  2 S  9.62837000E+00      3.587114
  2 S  2.85332000E+00     -0.005123

  3 P  4.21175000E+01      5.584018
  3 P  9.62837000E+00      5.733366
  3 P  2.85332000E+00      4.332955

  4 S  9.05661000E-01      0.661659

  5 P  9.05661000E-01      1.259352

  6 S  2.55611000E-01      0.256209

  7 P  2.55611000E-01      0.259068

  8 D  1.29200000E+00      2.577026


  Br (bromine)
  ------------
          Exponent        Coefficients
      ----------------  --------------------
  1 S  4.39700000E+05      9.893706
  1 S  6.60300000E+04     18.450679
  1 S  1.51400000E+04     31.049770
  1 S  4.31700000E+03     48.888138
  1 S  1.41400000E+03     64.847798
  1 S  5.23900000E+02     42.245010

  2 S  5.23900000E+02     14.290679
  2 S  2.07700000E+02     24.083128
  2 S  8.65400000E+01      5.132542

  3 S  3.05200000E+01      9.254405

  4 S  1.29800000E+01      4.873782

  5 S  4.41200000E+00      2.169635

  6 S  1.86200000E+00      1.136043

  7 S  3.93200000E-01      0.353892

  8 S  1.40000000E-01      0.163120

  9 P  2.95700000E+03    691.874478
  9 P  7.00300000E+02    925.332763
  9 P  2.24600000E+02   1068.830732

  10 P  8.25900000E+01    122.079275
  10 P  3.31900000E+01     57.580687
  10 P  1.42000000E+01     10.176170

  11 P  1.42000000E+01      3.129736
  11 P  7.43800000E+00      6.538168
  11 P  3.52600000E+00      4.166276

  12 P  1.59500000E+00      2.555000

  13 P  8.46200000E-01      1.156861

  14 P  3.18600000E-01      0.341191

  15 P  1.09600000E-01      0.089888

  16 D  1.34800000E+02    160.709187
  16 D  3.63900000E+01    119.797406
  16 D  1.21600000E+01     55.531619
  16 D  4.34100000E+00     12.984636

  17 D  1.53500000E+00      3.484168

  18 D  4.51000000E-01      0.408525



Printing Internal Coordinates

------------------------------------------------------------
                Bond Lengths

i      j        Length (Angstroms)     Length (Bohr)
0      1          1.4143325639         2.6727011968
0      3          1.3864806073         2.6200686266
0      4          1.0800025233         2.0409089843
1      2          1.3424881485         2.5369349280
1      5          1.0784536310         2.0379820021
2      7          1.4802524442         2.7972717167
2      12         1.4730174288         2.7835995191
3      6          1.0803544981         2.0415741203
3      10         1.3643249268         2.5782004583
7      8          1.2022854720         2.2719902672
7      9          1.2016883723         2.2708619123
10     11         1.0795165045         2.0399905419
10     12         1.4696031672         2.7771474997
12     13         1.0847078114         2.0498006901
12     14         1.9564076712         3.6970746892

Number of Bonds: 15

------------------------------------------------------------
           Bond Angles

i      j      k      Angle (degrees)
0      1      2        118.8763 
0      1      5        121.0203 
0      3      6        121.0600 
0      3      10       117.9202 
1      0      3        123.4033 
1      0      4        118.0476 
1      2      7        118.7072 
1      2      12       122.1412 
2      1      5        120.1031 
2      7      8        116.0182 
2      7      9        115.9022 
2      12     10       114.5317 
2      12     13       110.3442 
2      12     14       115.0391 
3      0      4        118.5476 
3      10     11       120.5514 
3      10     12       122.7292 
6      3      10       120.9327 
7      2      12       118.8499 
8      7      9        128.0786 
10     12     13       112.4924 
10     12     14        99.6661 
11     10     12       116.7192 
13     12     14       103.9633 

Number of Angles: 24

------------------------------------------------------------
              Torsional Angles

i      j      k      l      Angle (degrees)
3      0      1      2          1.9958 
4      0      1      2       -178.4641 
5      1      0      3       -177.8317 
5      1      0      4          1.7083 
6      3      0      1       -179.4936 
6      3      0      4          0.9685 
10     3      0      1          3.8684 
10     3      0      4       -175.6694 
11     10     3      0        173.4053 
11     10     3      6         -3.2371 

Number of Torsional Angles: 10


----------------------------------------------------------------------
                          Center of Mass

         x               y               z              Unit
   0.00465416122   -0.1419867473   0.07894447036      Angstrom
  0.008795090051   -0.2683160659    0.1491834281          Bohr

----------------------------------------------------------------------
                Moment of Inertia Tensor

           1889.58          -131.822          -71.1181
          -131.822            1924.7           -718.96
          -71.1181           -718.96           2828.51

----------------------------------------------------------------------
                      Principal Moments of Inertia

           x                 y                 z                Unit
       412.6227442       544.2328183       903.3142343       amu * ang^2
        1473.50257       1943.490677       3225.793693      amu * bohr^2
  6.8517665414e-38  9.0372047297e-38  1.4999895992e-37          g * cm^2

 - Molecule is an asymmetric top.

----------------------------------------------------------------------

         Rotational constants (MHz)

    A = 1.2248e+03        B = 9.2861e+02        C = 5.5947e+02

----------------------------------------------------------------------

        Rotational constants (cm-1)

    A = 4.0855e-02        B = 3.0975e-02        C = 1.8662e-02

----------------------------------------------------------------------

                                Z-Matrix
C   
C        1       2.6727012
C        2       2.5369349     1       118.87628
C        3      5.34092145     2     60.74552439     1         -0.9367
H        4      4.01757665     3     83.45474815     2          1.2354
H        5      4.68322194     4     96.21974857     3         -1.4719
H        6      8.16927714     5     28.79404423     4         -0.1004
N        7     10.17754751     6     28.73751125     5        178.5091
O        8      2.27199027     7    117.25410329     6       -143.0448
O        9      4.08445294     8     25.95378796     7        179.9950
C       10      8.82685771     9     66.01744216     8         11.1956
H       11      2.03999054    10    144.62314434     9         59.5816
C       12      4.11929677    11     37.02701644    10        -20.3866
H       13      2.04980069    12     94.45295509    11        135.1999
Br      14      4.63975345    13     50.64934864    12         87.1551

----------------------------------------------------------------------

             Converted back to Cartesian

C        0.000000      0.000000      0.000000
C        0.000000      0.000000      2.672701
C        0.000000      0.091847      0.137429
C        0.000028     -0.200241      5.470358
H       -0.000061      0.121374      1.465675
H        0.000195     -0.390172      6.120875
H       -0.000328      0.573344     -1.991383
N       -0.004423     -0.715334      8.104248
O        0.004338     -0.347737      5.862210
O       -0.016288     -1.040059      9.887508
C        0.054483      0.628796      1.220136
H        0.023280      0.156494      3.204454
C        0.094230      1.154642     -0.791453
H        0.046481      0.602293      1.181949
Br       0.167768      1.920059     -3.265083

----------------------------------------------------------------------
                       Geometry in bohr 

1     C      -3.3542949109    3.6872380602    1.2808252374
2     C      -0.6823808686    3.7386790589    1.3203329784
3     C       0.5865621913    1.5433541482    1.2405152112
4     C      -4.7538918052    1.4727045779    1.2392368075
5     H      -4.3487831208    5.4693758173    1.2977868795
6     H       0.3327715007    5.5031274669    1.4180986326
7     H      -6.7944927390    1.5170072872    1.1944039248
8     N       3.3818041421    1.6031541397    1.3286937493
9     O       4.4521363641    0.0389657160    0.0758396940
10    O       4.2987476935    3.2184375891    2.6351728828
11    C      -3.4798546927   -0.7636222401    1.3901984007
12    H      -4.4939245996   -2.5249035606    1.5665836177
13    C      -0.7077119920   -0.9193885334    1.3309536202
14    H       0.0460599435   -2.0650584228    2.8544204701
15    Br     -0.2685761000   -3.0290896483   -1.6731572518

 Number of nodes, processes per node used for SCF calculation: 1, 4

Common Options
{
  maxiter       = 100
  basis         = 6-311g* spherical
  geom_units    = angstrom
  ang2au factor = 1.889726126
  debug         = false
  file_prefix   = ortho_th54_ph270_qed_ccsd_input
}

SCF Options
{
  charge            = 1
  multiplicity      = 1
  level shift       = 0
  tol_int           = 1e-22
  tol_sch           = 1e-12
  tol_lindep        = 1e-10
  conve             = 1e-07
  convd             = 1e-05
  diis_hist         = 10
  AO_tilesize       = 30
  writem            = 10
  damp              = 100
  n_lindep          = 0
  scf_type          = restricted
  cuscf             = false
  qed_omegas        = [0.06615,]
  qed_lambdas       = [0.1,]
  qed_polvecs       = [[-1.486140109e-16,-0.8090169944,0.5877852523,],]
  direct_df         = false
  restart_size      = 2000
  restart           = false
  debug             = false
}

Number of basis functions = 221

Total number of shells = 105

Total number of electrons = 98
  # of alpha electrons    = 49
  # of beta electons      = 49

Nuclear repulsion energy  = 775.269261033877

# of {all,non-negligible} shell-pairs = {5565,4990}
Number of AO tiles = 105

Time for initial setup: 0.01 secs
HF exch = 1.00

Time for computing 1-e integrals T, V, S: 0.01 secs
Time for computing orthogonalizer: 0.01 secs

Superposition of Atomic Density Guess ...
Time taken for SAD: 0.30 secs
Total Time to compute initial guess: 0.30 secs


 SCF iterations
-----------------------------------------------------------------------------
 Iter     Energy            E-Diff       RMSD        |[F,P]|^2       Time(s)
-----------------------------------------------------------------------------
   1  -3011.7437640615    -3.01e+03     1.67e-02     1.49e+03         0.6 
   2  -3005.7948238640     5.95e+00     7.33e-03     7.90e+00         2.2 
   3  -3005.9730157951    -1.78e-01     3.21e-03     4.37e+00         2.2 
   4  -3006.0995202724    -1.27e-01     1.14e-03     1.24e-01         2.2 
   5  -3006.1064774054    -6.96e-03     2.46e-04     1.05e-02         2.2 
   6  -3006.1070440081    -5.67e-04     1.61e-04     1.25e-03         2.2 
   7  -3006.1072140786    -1.70e-04     6.95e-05     2.61e-04         2.2 
   8  -3006.1072481780    -3.41e-05     2.66e-05     5.52e-05         2.2 
   9  -3006.1072541557    -5.98e-06     1.43e-05     1.30e-05         2.2 
  10  -3006.1072556353    -1.48e-06     6.06e-06     2.70e-06         2.2 
  11  -3006.1072559436    -3.08e-07     4.28e-06     6.13e-07         2.2 
  12  -3006.1072560612    -1.18e-07     2.16e-06     1.47e-07         2.2 
  13  -3006.1072560926    -3.13e-08     1.27e-06     3.64e-08         2.2 

** Total SCF energy = -3006.1072560925604

Nuclear repulsion energy = 775.269261033877342
#electrons        = 98
1e energy kinetic = 3006.2098279072361038
1e energy N-e     = -8703.9441010341488436
1e energy         = -5696.4473542482319317
2e energy         = 1916.1693788721813689
QED energy        = 0.1883771282931614
QED eT energy     = 0.1665631386396718
QED eT energy from matrix = 0.1665631386396625

 Polarizability Matrix (QED energy = 0.5 * lambda.dot(matrix * lambda))
[40.80648672, -1.44897904, -0.70702720]
[-1.44897904, 43.53038650,  4.10402447]
[-0.70702720,  4.10402447, 37.88103880]

 Polarizability Matrix (QED eT energy = 0.5 * lambda.dot(matrix * lambda))
[37.14790607, -1.57339980, -0.75689088]
[-1.57339980, 40.36697977,  4.85652923]
[-0.75689088,  4.85652923, 33.31754947]


                      Electron        Nuclear        Total  
                  ------------------------------------------
    Monopole         -98.000000     99.000000      1.000000

      Dipole   X       1.865581     -5.328264     -3.462683
      Dipole   Y       9.401930     -8.283493      1.118436
      Dipole   Z     -26.261697     27.572120      1.310423

  Quadrupole  XX    -799.718471    757.996469    -41.722002
  Quadrupole  XY     -56.929547     51.242324     -5.687223
  Quadrupole  XZ     -28.503984     23.467983     -5.036001
  Quadrupole  YY    -732.297070    696.463279    -35.833791
  Quadrupole  YZ    -332.915783    333.712500      0.796717
  Quadrupole  ZZ    -289.814987    242.636584    -47.178403

    Octupole XXX     -73.621922     -1.800304    -75.422227
    Octupole XXY   -1131.993063   1129.748688     -2.244375
    Octupole XXZ    -996.172582    980.982525    -15.190057
    Octupole XYY     201.258050   -233.330680    -32.072630
    Octupole XYZ    -150.000451    138.261453    -11.738998
    Octupole XZZ     -96.347931    101.072825      4.724894
    Octupole YYY    -278.890376    279.865437      0.975061
    Octupole YYZ     -94.204467     72.318333    -21.886134
    Octupole YZZ     -17.454203    -14.172153    -31.626357
    Octupole ZZZ    -197.769641    112.278176    -85.491466

writing orbitals and density to disk ... done.

Total Time taken for Hartree-Fock: 27.72 secs

CD Options
{
  debug             = false
  skip_cd           = [false, 100]
  write_cv          = [false, 5000]
  diagtol           = 1e-06
  itilesize         = 1000
  max_cvecs_factor  = 12
}

- #occupied, #virtual = 98, 344

- Tilesize for the MSO space: 40

-----------------------------------------------------
Begin 2-index transformation ... 

nAO, nMO, nelectrons = 221, 442, 98
n_occ_alpha, n_vir_alpha, n_occ_beta, n_vir_beta = 49,172,49,172

Time taken for Fao->Fmo transform: 0.00 secs

-----------------------------------------------------
Number of AO tiles = 105
# of {all,non-negligible} shell-pairs = {5565,4990}

    Begin Cholesky Decomposition
---------------------------------------------
Total # of mpi ranks used for Cholesky decomposition: 4
  --> Number of nodes, mpi ranks per node: 1, 4
- CPU memory required for computing cholesky vectors: 1.93 GiB

- Time for computing the diagonal: 0.01 secs

- Total number of cholesky vectors = 1637

- Time to compute cholesky vectors: 13.39 secs

- CPU memory required for resizing the ao cholesky tensor: 1.56 GiB
- CPU memory required for ao2mo transformation: 1.69 GiB
- CPU memory required for the 2-step contraction: 2.10 GiB

- Time for ao to mo transform: 1.55 secs

   End Cholesky Decomposition
---------------------------------------------

Total Time taken for Cholesky Decomposition: 16.90 secs

scf_type = restricted
Closed-Shell SCF
QED-HF Enabled
nbf = 203
nbf_orig = 221
n_lindep = 0
focc = 1
nmo = 406
nocc = 62
nvir = 344
n_occ_alpha = 31
n_vir_alpha = 172
n_occ_beta = 31
n_vir_beta = 172
nelectrons = 98
nelectrons_alpha = 49
nelectrons_beta = 49
freeze atomic = true
n_frozen_core = 18
n_frozen_virtual = 0
----------------------------
--------- QED-CCSD --------
lambda_x: -0.0000
lambda_y: -0.0809
lambda_z: 0.0588
omega: 0.066150
coupling_factor_x: -0.000000
coupling_factor_y: -0.014713
coupling_factor_z: 0.010690
----------------------------
# of {all,non-negligible} shell-pairs = {5565,4990}
Number of AO tiles = 105
----------------------------
Electronic dipole expectation value using SCF density: 
dipole_x_elec: 1.86544056
dipole_y_elec: 9.40184372
dipole_z_elec: -26.26173781

d_n/N value: d_n is nuclear dipole moment and N is the total number of electrons 
d_nuc_x: -0.05437004
d_nuc_y: -0.08452544
d_nuc_z: 0.28134816

<d_e+d_n> expectation values: 
dipole_total_x: -3.46282297
dipole_total_y: 1.11835046
dipole_total_z: 1.31038230
----------------------------


 CCSD iterations
------------------------------------------------------------
  Iter     Residuum          Correlation          Time(s)
------------------------------------------------------------
   1     1.1862549354613    0.0000000000000         86.82
   2     0.1720161909091   -1.6925263074151         85.65
   3     0.0723346353075   -1.6260201022894         85.74
   4     0.0239271371980   -1.7057022936918         85.85
   5     0.0188599796323   -1.6909443359462         85.36
 MICROCYCLE DIIS UPDATE:                    6
   6     0.0071480317737   -1.7026078137046         84.00
   7     0.0039203367261   -1.7024711030746         83.95
   8     0.0030333036942   -1.7036100425786         83.98
   9     0.0015927735444   -1.7037108254479         83.92
  10     0.0018372471497   -1.7039888406402         84.35
 MICROCYCLE DIIS UPDATE:                   11
  11     0.0005740213374   -1.7043058118909         83.90
  12     0.0005390916902   -1.7044204209762         83.99
  13     0.0003080056812   -1.7043827801833         84.17
  14     0.0003353953831   -1.7043702782364         84.87
  15     0.0001957167332   -1.7043772512378         84.52
 MICROCYCLE DIIS UPDATE:                   16
  16     0.0000729035494   -1.7043535674919         84.60
  17     0.0000590333175   -1.7043768728018         84.50
  18     0.0000346119078   -1.7043851475936         84.53
  19     0.0000352575808   -1.7043867421308         84.31
  20     0.0000217525103   -1.7043894227072         84.42
 MICROCYCLE DIIS UPDATE:                   21
  21     0.0000105803833   -1.7043908419145         84.51
  22     0.0000079101774   -1.7043937495611         83.68
  23     0.0000053410382   -1.7043927646658         83.73
  24     0.0000048489800   -1.7043924288037         84.10
  25     0.0000034762733   -1.7043924167562         84.01
 MICROCYCLE DIIS UPDATE:                   26
  26     0.0000015706816   -1.7043914513955         84.09
  27     0.0000011365656   -1.7043920880437         84.03
  28     0.0000007729460   -1.7043921909278         84.07
------------------------------------------------------------------
 Iterations converged
 CCSD correlation energy / hartree =        -1.704392190927837
 CCSD total energy / hartree       =     -3007.811648283488466

Time taken for spin-orbital canonical QED-CCSD: 2424.50 secs
