
ExaChem Git Information
{
 WARNING: Failed to retrieve the current git state.
}


TAMM Git Information
{
 Branch: main
 Commit Hash: e71357ad [e71357ad54f38748b4a7e175aa6760820d5ce96f]
 Commit Date: 2026-02-02 23:14:56 -0800
 Commit Message: add GitHub Actions workflow for releases
}


date: Mon Aug 10 02:15:59 2026
program: "/global/cfs/cdirs/m3196/heindelj/cavity_qed/software/install_gpu/bin/bin/ExaChem"
nnodes: 1, nproc_per_node: 4, nproc_total: 4, ngpus_per_node: 1, ngpus_total: 1

Memory information
{
[AMD EPYC 7763 64-Core Processor                ] : 
  CPU memory per node (GiB): 251
  Total CPU memory (GiB): 251
[NVIDIA A100-SXM4-80GB, CUDA v12.9] : 
  GPU memory per device (GiB): 79
  GPU memory per node (GiB): 79
  Total GPU memory (GiB): 79
}

------------------------------------------------------------

Input file provided: /global/cfs/cdirs/m4262/heindelj/cavity_qed/mlip/lambda_scans/grid_scans_optimized_geoms/runs_grid_no_freq/ortho_th72_ph108/ortho_th72_ph108_qed_ccsd_input.json

{
  "geometry": {
    "coordinates": [
      "C    -1.767799464000    1.912881343500    0.774485734400",
      "C    -0.366752372100    1.968053307100    0.758670437600",
      "C     0.303952577900    0.802098634500    0.726741853000",
      "C    -2.503927208500    0.724904677700    0.785890245600",
      "H    -2.306847598600    2.846988717600    0.793618562000",
      "H     0.165199926700    2.906027112000    0.790964408500",
      "H    -3.582443994500    0.745209630300    0.831211080700",
      "N     1.768600124000    0.802149597100    0.811302873300",
      "O     2.188877908600    0.290169196800    1.817087002500",
      "O     2.370891569400    1.320505279900   -0.085593928100",
      "C    -1.834782237200   -0.450241747800    0.720403815000",
      "H    -2.364899868400   -1.390606592300    0.682631229900",
      "C    -0.367936399300   -0.495881033300    0.567497610200",
      "H     0.107379470000   -1.281007695200    1.147829923900",
      "Br   -0.163013326900   -0.916773687800   -1.333012870100"
    ],
    "units": "angstrom",
    "noorient": true
  },
  "common": {
    "maxiter": 100,
    "debug": false
  },
  "basis": {
    "basisset": "6-311G*"
  },
  "SCF": {
    "charge": 1,
    "multiplicity": 1,
    "lshift": 0,
    "tol_lindep": 1e-10,
    "conve": 1e-07,
    "convd": 1e-05,
    "diis_hist": 10,
    "writem": 10,
    "restart": false,
    "noscf": false,
    "scf_type": "restricted",
    "debug": false,
    "qed_omegas": [
      0.06615
    ],
    "qed_volumes": [],
    "qed_lambdas": [
      0.1
    ],
    "qed_polvecs": [
      [
        -0.29389262614623646,
        0.9045084971874737,
        0.30901699437494745
      ]
    ],
    "direct_df": false
  },
  "CD": {
    "debug": false,
    "diagtol": 1e-06
  },
  "CC": {
    "threshold": 1e-06,
    "ndiis": 5,
    "ccsd_maxiter": 200,
    "tilesize": 40,
    "freeze": {
      "atomic": true
    },
    "readt": false,
    "writet": true,
    "writet_iter": 5,
    "debug": false,
    "profile_ccsd": false,
    "balance_tiles": true
  },
  "TASK": {
    "scf": false,
    "ccsd": true
  }
}

Output folder & files prefix: ortho_th72_ph108_qed_ccsd_input.6-311g*

  C (carbon)
  ----------
          Exponent        Coefficients
      ----------------  --------------------
  1 S  4.56324000E+03      0.778202
  1 S  6.82024000E+02      1.448695
  1 S  1.54973000E+02      2.383089
  1 S  4.44553000E+01      3.200089
  1 S  1.30290000E+01      3.013004
  1 S  1.82773000E+00      0.247599

  2 S  2.09642000E+01      0.800629
  2 S  4.80331000E+00      2.127420
  2 S  1.45933000E+00     -0.002868

  3 P  2.09642000E+01      2.573592
  3 P  4.80331000E+00      2.408248
  3 P  1.45933000E+00      1.865281

  4 S  4.83456000E-01      0.413217

  5 P  4.83456000E-01      0.574627

  6 S  1.45585000E-01      0.167976

  7 P  1.45585000E-01      0.128185

  8 D  6.26000000E-01      0.725128


  H (hydrogen)
  ------------
          Exponent        Coefficients
      ----------------  --------------------
  1 S  3.38650000E+01      0.255069
  1 S  5.09479000E+00      0.460109
  1 S  1.15879000E+00      0.678321

  2 S  3.25840000E-01      0.307371

  3 S  1.02741000E-01      0.129336


  N (nitrogen)
  ------------
          Exponent        Coefficients
      ----------------  --------------------
  1 S  6.29348000E+03      0.991968
  1 S  9.49044000E+02      1.823240
  1 S  2.18776000E+02      2.979891
  1 S  6.36916000E+01      4.000007
  1 S  1.88282000E+01      3.881008
  1 S  2.72023000E+00      0.386764

  2 S  3.06331000E+01      1.038501
  2 S  7.02614000E+00      2.834794
  2 S  2.11205000E+00     -0.003208

  3 P  3.06331000E+01      3.935616
  3 P  7.02614000E+00      3.870994
  3 P  2.11205000E+00      2.967271

  4 S  6.84009000E-01      0.536051

  5 P  6.84009000E-01      0.886681

  6 S  2.00878000E-01      0.213850

  7 P  2.00878000E-01      0.191693

  8 D  9.13000000E-01      1.403568


  O (oxygen)
  ----------
          Exponent        Coefficients
      ----------------  --------------------
  1 S  8.58850000E+03      1.205013
  1 S  1.29723000E+03      2.216205
  1 S  2.99296000E+02      3.627452
  1 S  8.73771000E+01      4.888452
  1 S  2.56789000E+01      4.835721
  1 S  3.74004000E+00      0.538229

  2 S  4.21175000E+01      1.341958
  2 S  9.62837000E+00      3.587114
  2 S  2.85332000E+00     -0.005123

  3 P  4.21175000E+01      5.584018
  3 P  9.62837000E+00      5.733366
  3 P  2.85332000E+00      4.332955

  4 S  9.05661000E-01      0.661659

  5 P  9.05661000E-01      1.259352

  6 S  2.55611000E-01      0.256209

  7 P  2.55611000E-01      0.259068

  8 D  1.29200000E+00      2.577026


  Br (bromine)
  ------------
          Exponent        Coefficients
      ----------------  --------------------
  1 S  4.39700000E+05      9.893706
  1 S  6.60300000E+04     18.450679
  1 S  1.51400000E+04     31.049770
  1 S  4.31700000E+03     48.888138
  1 S  1.41400000E+03     64.847798
  1 S  5.23900000E+02     42.245010

  2 S  5.23900000E+02     14.290679
  2 S  2.07700000E+02     24.083128
  2 S  8.65400000E+01      5.132542

  3 S  3.05200000E+01      9.254405

  4 S  1.29800000E+01      4.873782

  5 S  4.41200000E+00      2.169635

  6 S  1.86200000E+00      1.136043

  7 S  3.93200000E-01      0.353892

  8 S  1.40000000E-01      0.163120

  9 P  2.95700000E+03    691.874478
  9 P  7.00300000E+02    925.332763
  9 P  2.24600000E+02   1068.830732

  10 P  8.25900000E+01    122.079275
  10 P  3.31900000E+01     57.580687
  10 P  1.42000000E+01     10.176170

  11 P  1.42000000E+01      3.129736
  11 P  7.43800000E+00      6.538168
  11 P  3.52600000E+00      4.166276

  12 P  1.59500000E+00      2.555000

  13 P  8.46200000E-01      1.156861

  14 P  3.18600000E-01      0.341191

  15 P  1.09600000E-01      0.089888

  16 D  1.34800000E+02    160.709187
  16 D  3.63900000E+01    119.797406
  16 D  1.21600000E+01     55.531619
  16 D  4.34100000E+00     12.984636

  17 D  1.53500000E+00      3.484168

  18 D  4.51000000E-01      0.408525



Printing Internal Coordinates

------------------------------------------------------------
                Bond Lengths

i      j        Length (Angstroms)     Length (Bohr)
0      1          1.4022221732         2.6498158749
0      3          1.3976060524         2.6410926709
0      4          1.0786545058         2.0383616004
1      2          1.3454794175         2.5425876072
1      5          1.0788007265         2.0386379175
2      7          1.4670865697         2.7723918198
2      12         1.4702192845         2.7783117928
3      6          1.0796595421         2.0402608438
3      10         1.3538879520         2.5584774344
7      8          1.2043085406         2.2758133129
7      9          1.1982785450         2.2644182726
10     11         1.0801562442         2.0411994747
10     12         1.4754999031         2.7882907156
12     13         1.0858796642         2.0520151711
12     14         1.9573155540         3.6987903390

Number of Bonds: 15

------------------------------------------------------------
           Bond Angles

i      j      k      Angle (degrees)
0      1      2        117.6611 
0      1      5        121.7730 
0      3      6        120.6975 
0      3      10       118.4946 
1      0      3        124.0421 
1      0      4        117.7393 
1      2      7        119.7529 
1      2      12       122.6709 
2      1      5        120.5545 
2      7      8        113.3609 
2      7      9        117.3012 
2      12     10       114.5689 
2      12     13       112.3586 
2      12     14       104.3100 
3      0      4        118.2123 
3      10     11       120.9825 
3      10     12       121.5472 
6      3      10       120.8019 
7      2      12       117.5494 
8      7      9        129.3160 
10     12     13       113.7119 
10     12     14       102.2018 
11     10     12       117.2161 
13     12     14       108.5190 

Number of Angles: 24

------------------------------------------------------------
              Torsional Angles

i      j      k      l      Angle (degrees)
3      0      1      2          1.3242 
4      0      1      2       -179.6120 
5      1      0      3       -177.4537 
5      1      0      4          1.6101 
6      3      0      1        177.9437 
6      3      0      4         -1.1161 
10     3      0      1         -2.9452 
10     3      0      4        177.9951 
11     10     3      0       -177.2870 
11     10     3      6          1.8231 

Number of Torsional Angles: 10


----------------------------------------------------------------------
                          Center of Mass

         x               y               z              Unit
 -0.008965476772    0.1041059227  -0.05513791375      Angstrom
  -0.01694229569     0.196731682   -0.1041955561          Bohr

----------------------------------------------------------------------
                Moment of Inertia Tensor

           1710.88          -109.241          -115.753
          -109.241           2282.44          -569.956
          -115.753          -569.956           2241.78

----------------------------------------------------------------------
                      Principal Moments of Inertia

           x                 y                 z                Unit
       431.7757225       521.0696098       793.1614458       amu * ang^2
       1541.899097       1860.773358       2832.430944      amu * bohr^2
  7.1698094454e-38  8.6525703410e-38  1.3170764658e-37          g * cm^2

 - Molecule is an asymmetric top.

----------------------------------------------------------------------

         Rotational constants (MHz)

    A = 1.1705e+03        B = 9.6989e+02        C = 6.3717e+02

----------------------------------------------------------------------

        Rotational constants (cm-1)

    A = 3.9043e-02        B = 3.2352e-02        C = 2.1254e-02

----------------------------------------------------------------------

                                Z-Matrix
C   
C        1       2.6498159
C        2       2.5425876     1       117.66114
C        3      5.30930530     2     61.64851858     1         -0.6202
H        4      4.02744077     3     83.12532564     2          0.5395
H        5      4.67282753     4     96.67371195     3         -1.1539
H        6      8.17524155     5     28.60221309     4         -1.2171
N        7     10.11265032     6     29.35831195     5        179.6637
O        8      2.27581331     7    109.95767982     6        117.8512
O        9      4.10332441     8     25.27387382     7       -177.0691
C       10      8.75676934     9     65.80694632     8        -12.9129
H       11      2.04119947    10    140.53563703     9        -79.3437
C       12      4.14089519    11     36.78443430    10         10.7055
H       13      2.05201517    12     94.33601530    11        139.8655
Br      14      4.76584270    13     47.38469473    12         95.0143

----------------------------------------------------------------------

             Converted back to Cartesian

C        0.000000      0.000000      0.000000
C        0.000000      0.000000      2.649816
C        0.000000      0.091111      0.108861
C        0.000019     -0.198744      5.410249
H       -0.000031      0.122876      1.395670
H        0.000124     -0.387269      6.040567
H       -0.000172      0.576013     -2.077725
N       -0.004723     -0.705178      7.953438
O       -0.002290     -0.341426      5.706884
O       -0.005557     -1.028423      9.752288
C       -0.004122      0.610343      1.150227
H        0.000409      0.143017      3.137205
C       -0.011516      1.136087     -0.882830
H       -0.004648      0.586945      1.094330
Br      -0.023703      1.928414     -3.478782

----------------------------------------------------------------------
                       Geometry in bohr 

1     C      -3.3406568325    3.6148218506    1.4635659264
2     C      -0.6930615393    3.7190817516    1.4336793469
3     C       0.5743871275    1.5157467452    1.3733430664
4     C      -4.7317366633    1.3698713082    1.4851173292
5     H      -4.3593101756    5.3800289598    1.4997217306
6     H       0.3121826175    5.4915953561    1.4947061074
7     H      -6.7698380110    1.4082421077    1.5707612953
8     N       3.3421698606    1.5158430505    1.5331402357
9     O       4.1363797703    0.5483403121    3.4337967817
10    O       4.4803357404    2.4953933268   -0.1617490821
11    C      -3.4672359290   -0.8508335938    1.3613659104
12    H      -4.4690130665   -2.6278656083    1.2899860695
13    C      -0.6952990264   -0.9370793440    1.0724150604
14    H       0.2029177898   -2.4207537091    2.1690841953
15    Br     -0.3080505427   -1.7324511894   -2.5190292468

 Number of nodes, processes per node used for SCF calculation: 1, 4

Common Options
{
  maxiter       = 100
  basis         = 6-311g* spherical
  geom_units    = angstrom
  ang2au factor = 1.889726126
  debug         = false
  file_prefix   = ortho_th72_ph108_qed_ccsd_input
}

SCF Options
{
  charge            = 1
  multiplicity      = 1
  level shift       = 0
  tol_int           = 1e-22
  tol_sch           = 1e-12
  tol_lindep        = 1e-10
  conve             = 1e-07
  convd             = 1e-05
  diis_hist         = 10
  AO_tilesize       = 30
  writem            = 10
  damp              = 100
  n_lindep          = 0
  scf_type          = restricted
  cuscf             = false
  qed_omegas        = [0.06615,]
  qed_lambdas       = [0.1,]
  qed_polvecs       = [[-0.2938926261,0.9045084972,0.3090169944,],]
  direct_df         = false
  restart_size      = 2000
  restart           = false
  debug             = false
}

Number of basis functions = 221

Total number of shells = 105

Total number of electrons = 98
  # of alpha electrons    = 49
  # of beta electons      = 49

Nuclear repulsion energy  = 783.671609885864

# of {all,non-negligible} shell-pairs = {5565,4993}
Number of AO tiles = 105

Time for initial setup: 0.04 secs
HF exch = 1.00

Time for computing 1-e integrals T, V, S: 0.01 secs
Time for computing orthogonalizer: 0.01 secs

Superposition of Atomic Density Guess ...
Time taken for SAD: 0.29 secs
Total Time to compute initial guess: 0.29 secs


 SCF iterations
-----------------------------------------------------------------------------
 Iter     Energy            E-Diff       RMSD        |[F,P]|^2       Time(s)
-----------------------------------------------------------------------------
   1  -3011.9037532363    -3.01e+03     1.67e-02     1.51e+03         0.7 
   2  -3005.7637329667     6.14e+00     6.86e-03     8.17e+00         2.2 
   3  -3005.9615285030    -1.98e-01     2.94e-03     4.26e+00         2.2 
   4  -3006.0844566541    -1.23e-01     1.24e-03     1.63e-01         2.2 
   5  -3006.0935130399    -9.06e-03     2.95e-04     1.18e-02         2.2 
   6  -3006.0942784174    -7.65e-04     1.83e-04     1.96e-03         2.2 
   7  -3006.0945340758    -2.56e-04     8.54e-05     6.11e-04         2.2 
   8  -3006.0946013521    -6.73e-05     4.98e-05     2.01e-04         2.2 
   9  -3006.0946240428    -2.27e-05     3.05e-05     3.54e-05         2.2 
  10  -3006.0946299781    -5.94e-06     1.23e-05     6.89e-06         2.2 
  11  -3006.0946309759    -9.98e-07     7.12e-06     1.46e-06         2.3 
  12  -3006.0946312898    -3.14e-07     4.02e-06     4.50e-07         2.3 
  13  -3006.0946313809    -9.11e-08     2.18e-06     9.33e-08         2.3 

** Total SCF energy = -3006.0946313809327

Nuclear repulsion energy = 783.671609885863973
#electrons        = 98
1e energy kinetic = 3006.2345113956002933
1e energy N-e     = -8720.2669740091077983
1e energy         = -5710.9955650865404095
2e energy         = 1924.0655537801203536
QED energy        = 0.2006675665876312
QED eT energy     = 0.1818773528655155
QED eT energy from matrix = 0.1818773528655137

 Polarizability Matrix (QED energy = 0.5 * lambda.dot(matrix * lambda))
[40.52145073, -0.38127538, -0.72649989]
[-0.38127538, 40.36312360, -1.03143005]
[-0.72649989, -1.03143005, 40.34883522]

 Polarizability Matrix (QED eT energy = 0.5 * lambda.dot(matrix * lambda))
[36.86063715, -0.42548299, -0.85984984]
[-0.42548299, 36.68859784, -1.22128697]
[-0.85984984, -1.22128697, 36.39897102]


                      Electron        Nuclear        Total  
                  ------------------------------------------
    Monopole         -98.000000     99.000000      1.000000

      Dipole   X       4.323799     -7.657534     -3.333735
      Dipole   Y     -30.978693     32.145878      1.167185
      Dipole   Z      -4.771250      5.903519      1.132269

  Quadrupole  XX    -786.494758    745.109839    -41.384918
  Quadrupole  XY     -46.746173     41.730906     -5.015268
  Quadrupole  XZ     -48.705563     43.305853     -5.399711
  Quadrupole  YY    -479.048511    443.252996    -35.795515
  Quadrupole  YZ    -262.352168    266.145537      3.793370
  Quadrupole  ZZ    -462.466752    414.157988    -48.308764

    Octupole XXX     -19.076812    -48.664516    -67.741328
    Octupole XXY   -1096.041943   1078.987609    -17.054334
    Octupole XXZ   -1094.340266   1087.693866     -6.646400
    Octupole XYY     263.087041   -288.834955    -25.747914
    Octupole XYZ     126.236167   -128.854778     -2.618611
    Octupole XZZ    -195.175560    194.443137     -0.732423
    Octupole YYY    -912.883575    879.553694    -33.329881
    Octupole YYZ    -150.262737    154.403698      4.140961
    Octupole YZZ     148.434213   -183.818341    -35.384129
    Octupole ZZZ       8.821072    -93.200295    -84.379223

writing orbitals and density to disk ... done.

Total Time taken for Hartree-Fock: 28.98 secs

CD Options
{
  debug             = false
  skip_cd           = [false, 100]
  write_cv          = [false, 5000]
  diagtol           = 1e-06
  itilesize         = 1000
  max_cvecs_factor  = 12
}

- #occupied, #virtual = 98, 344

- Tilesize for the MSO space: 40

-----------------------------------------------------
Begin 2-index transformation ... 

nAO, nMO, nelectrons = 221, 442, 98
n_occ_alpha, n_vir_alpha, n_occ_beta, n_vir_beta = 49,172,49,172

Time taken for Fao->Fmo transform: 0.00 secs

-----------------------------------------------------
Number of AO tiles = 105
# of {all,non-negligible} shell-pairs = {5565,4993}

    Begin Cholesky Decomposition
---------------------------------------------
Total # of mpi ranks used for Cholesky decomposition: 4
  --> Number of nodes, mpi ranks per node: 1, 4
- CPU memory required for computing cholesky vectors: 1.93 GiB

- Time for computing the diagonal: 0.01 secs

- Total number of cholesky vectors = 1638

- Time to compute cholesky vectors: 15.06 secs

- CPU memory required for resizing the ao cholesky tensor: 1.56 GiB
- CPU memory required for ao2mo transformation: 1.69 GiB
- CPU memory required for the 2-step contraction: 2.10 GiB

- Time for ao to mo transform: 1.55 secs

   End Cholesky Decomposition
---------------------------------------------

Total Time taken for Cholesky Decomposition: 18.39 secs

scf_type = restricted
Closed-Shell SCF
QED-HF Enabled
nbf = 203
nbf_orig = 221
n_lindep = 0
focc = 1
nmo = 406
nocc = 62
nvir = 344
n_occ_alpha = 31
n_vir_alpha = 172
n_occ_beta = 31
n_vir_beta = 172
nelectrons = 98
nelectrons_alpha = 49
nelectrons_beta = 49
freeze atomic = true
n_frozen_core = 18
n_frozen_virtual = 0
----------------------------
--------- QED-CCSD --------
lambda_x: -0.0294
lambda_y: 0.0905
lambda_z: 0.0309
omega: 0.066150
coupling_factor_x: -0.005345
coupling_factor_y: 0.016450
coupling_factor_z: 0.005620
----------------------------
# of {all,non-negligible} shell-pairs = {5565,4993}
Number of AO tiles = 105
----------------------------
Electronic dipole expectation value using SCF density: 
dipole_x_elec: 4.32352058
dipole_y_elec: -30.97882698
dipole_z_elec: -4.77133791

d_n/N value: d_n is nuclear dipole moment and N is the total number of electrons 
d_nuc_x: -0.07813810
d_nuc_y: 0.32801917
d_nuc_z: 0.06023999

<d_e+d_n> expectation values: 
dipole_total_x: -3.33401333
dipole_total_y: 1.16705127
dipole_total_z: 1.13218094
----------------------------


 CCSD iterations
------------------------------------------------------------
  Iter     Residuum          Correlation          Time(s)
------------------------------------------------------------
   1     1.1863217928596    0.0000000000000         85.19
   2     0.1766909752264   -1.6720867915754         83.39
   3     0.0769064730975   -1.6270303950416         83.23
   4     0.0291476576824   -1.7098072460338         83.11
   5     0.0258119826560   -1.6942070729227         82.99
 MICROCYCLE DIIS UPDATE:                    6
   6     0.0091364780263   -1.7079045541575         83.24
   7     0.0058445844838   -1.7074213062665         82.62
   8     0.0042888398662   -1.7092287838811         82.73
   9     0.0035512940058   -1.7093226998834         82.88
  10     0.0039932295422   -1.7097681681390         82.87
 MICROCYCLE DIIS UPDATE:                   11
  11     0.0008896546241   -1.7103179610857         83.19
  12     0.0007015507902   -1.7103930783231         83.37
  13     0.0005035929036   -1.7103947911769         83.14
  14     0.0004799786119   -1.7103633707234         83.13
  15     0.0003706178793   -1.7103967128661         83.12
 MICROCYCLE DIIS UPDATE:                   16
  16     0.0001308466410   -1.7103552090534         83.79
  17     0.0000862168330   -1.7104020856976         83.37
  18     0.0000792045780   -1.7104094633326         83.38
  19     0.0000696550439   -1.7104209745141         84.11
  20     0.0000819340227   -1.7104197227235         83.37
 MICROCYCLE DIIS UPDATE:                   21
  21     0.0000210671610   -1.7104306099886         83.10
  22     0.0000167383112   -1.7104298229259         83.08
  23     0.0000125825934   -1.7104296060716         83.20
  24     0.0000123921672   -1.7104285099664         83.13
  25     0.0000111948749   -1.7104291687734         83.00
 MICROCYCLE DIIS UPDATE:                   26
  26     0.0000036797704   -1.7104274474161         83.43
  27     0.0000019984360   -1.7104288129616         82.32
  28     0.0000016879069   -1.7104290279743         82.78
  29     0.0000013324384   -1.7104293369243         83.18
  30     0.0000015109079   -1.7104293442076         83.45
 MICROCYCLE DIIS UPDATE:                   31
  31     0.0000005549553   -1.7104296247806         83.22
------------------------------------------------------------------
 Iterations converged
 CCSD correlation energy / hartree =        -1.710429624780649
 CCSD total energy / hartree       =     -3007.805061005713469

Time taken for spin-orbital canonical QED-CCSD: 2653.73 secs
