
ExaChem Git Information
{
 WARNING: Failed to retrieve the current git state.
}


TAMM Git Information
{
 Branch: main
 Commit Hash: e71357ad [e71357ad54f38748b4a7e175aa6760820d5ce96f]
 Commit Date: 2026-02-02 23:14:56 -0800
 Commit Message: add GitHub Actions workflow for releases
}


date: Sun Aug  9 20:35:13 2026
program: "/global/cfs/cdirs/m3196/heindelj/cavity_qed/software/install_gpu/bin/bin/ExaChem"
nnodes: 1, nproc_per_node: 4, nproc_total: 4, ngpus_per_node: 1, ngpus_total: 1

Memory information
{
[AMD EPYC 7763 64-Core Processor                ] : 
  CPU memory per node (GiB): 251
  Total CPU memory (GiB): 251
[NVIDIA A100-SXM4-80GB, CUDA v12.9] : 
  GPU memory per device (GiB): 79
  GPU memory per node (GiB): 79
  Total GPU memory (GiB): 79
}

------------------------------------------------------------

Input file provided: /global/cfs/cdirs/m4262/heindelj/cavity_qed/mlip/lambda_scans/grid_scans_optimized_geoms/runs_grid_no_freq/para_th36_ph108/para_th36_ph108_qed_ccsd_input.json

{
  "geometry": {
    "coordinates": [
      "C    -0.477216932800    1.230837222100    0.631312200800",
      "C     0.877465971500    1.248542353700    0.695754766200",
      "C     1.533828995800    0.016574807900    0.718529787600",
      "H    -1.043705873300    2.151189507900    0.632594469400",
      "H     1.451743205500    2.162123080500    0.717446261100",
      "N     3.018795906000    0.046253988200    0.825854718300",
      "O     3.516972596200   -0.885729020400    1.397642174100",
      "O     3.556530510100    1.004999219900    0.340798677100",
      "C    -0.442542560500   -1.256637020900    0.532068368300",
      "H    -0.978889738800   -2.193300962500    0.457997826400",
      "C     0.911871699300   -1.233257283800    0.646271717000",
      "H     1.511153324700   -2.130057830600    0.671036096800",
      "C    -1.233210042300   -0.023366235900    0.596387061400",
      "H    -1.798833103900   -0.096604125900    1.535251536900",
      "Br   -2.638044700400    0.105952777500   -0.733506033500"
    ],
    "units": "angstrom",
    "noorient": true
  },
  "common": {
    "maxiter": 100,
    "debug": false
  },
  "basis": {
    "basisset": "6-311G*"
  },
  "SCF": {
    "charge": 1,
    "multiplicity": 1,
    "lshift": 0,
    "tol_lindep": 1e-10,
    "conve": 1e-07,
    "convd": 1e-05,
    "diis_hist": 10,
    "writem": 10,
    "restart": false,
    "noscf": false,
    "scf_type": "restricted",
    "debug": false,
    "qed_omegas": [
      0.06615
    ],
    "qed_volumes": [],
    "qed_lambdas": [
      0.1
    ],
    "qed_polvecs": [
      [
        -0.18163563200134017,
        0.5590169943749475,
        0.8090169943749475
      ]
    ],
    "direct_df": false
  },
  "CD": {
    "debug": false,
    "diagtol": 1e-06
  },
  "CC": {
    "threshold": 1e-06,
    "ndiis": 5,
    "ccsd_maxiter": 200,
    "tilesize": 40,
    "freeze": {
      "atomic": true
    },
    "readt": false,
    "writet": true,
    "writet_iter": 5,
    "debug": false,
    "profile_ccsd": false,
    "balance_tiles": true
  },
  "TASK": {
    "scf": false,
    "ccsd": true
  }
}

Output folder & files prefix: para_th36_ph108_qed_ccsd_input.6-311g*

  C (carbon)
  ----------
          Exponent        Coefficients
      ----------------  --------------------
  1 S  4.56324000E+03      0.778202
  1 S  6.82024000E+02      1.448695
  1 S  1.54973000E+02      2.383089
  1 S  4.44553000E+01      3.200089
  1 S  1.30290000E+01      3.013004
  1 S  1.82773000E+00      0.247599

  2 S  2.09642000E+01      0.800629
  2 S  4.80331000E+00      2.127420
  2 S  1.45933000E+00     -0.002868

  3 P  2.09642000E+01      2.573592
  3 P  4.80331000E+00      2.408248
  3 P  1.45933000E+00      1.865281

  4 S  4.83456000E-01      0.413217

  5 P  4.83456000E-01      0.574627

  6 S  1.45585000E-01      0.167976

  7 P  1.45585000E-01      0.128185

  8 D  6.26000000E-01      0.725128


  H (hydrogen)
  ------------
          Exponent        Coefficients
      ----------------  --------------------
  1 S  3.38650000E+01      0.255069
  1 S  5.09479000E+00      0.460109
  1 S  1.15879000E+00      0.678321

  2 S  3.25840000E-01      0.307371

  3 S  1.02741000E-01      0.129336


  N (nitrogen)
  ------------
          Exponent        Coefficients
      ----------------  --------------------
  1 S  6.29348000E+03      0.991968
  1 S  9.49044000E+02      1.823240
  1 S  2.18776000E+02      2.979891
  1 S  6.36916000E+01      4.000007
  1 S  1.88282000E+01      3.881008
  1 S  2.72023000E+00      0.386764

  2 S  3.06331000E+01      1.038501
  2 S  7.02614000E+00      2.834794
  2 S  2.11205000E+00     -0.003208

  3 P  3.06331000E+01      3.935616
  3 P  7.02614000E+00      3.870994
  3 P  2.11205000E+00      2.967271

  4 S  6.84009000E-01      0.536051

  5 P  6.84009000E-01      0.886681

  6 S  2.00878000E-01      0.213850

  7 P  2.00878000E-01      0.191693

  8 D  9.13000000E-01      1.403568


  O (oxygen)
  ----------
          Exponent        Coefficients
      ----------------  --------------------
  1 S  8.58850000E+03      1.205013
  1 S  1.29723000E+03      2.216205
  1 S  2.99296000E+02      3.627452
  1 S  8.73771000E+01      4.888452
  1 S  2.56789000E+01      4.835721
  1 S  3.74004000E+00      0.538229

  2 S  4.21175000E+01      1.341958
  2 S  9.62837000E+00      3.587114
  2 S  2.85332000E+00     -0.005123

  3 P  4.21175000E+01      5.584018
  3 P  9.62837000E+00      5.733366
  3 P  2.85332000E+00      4.332955

  4 S  9.05661000E-01      0.661659

  5 P  9.05661000E-01      1.259352

  6 S  2.55611000E-01      0.256209

  7 P  2.55611000E-01      0.259068

  8 D  1.29200000E+00      2.577026


  Br (bromine)
  ------------
          Exponent        Coefficients
      ----------------  --------------------
  1 S  4.39700000E+05      9.893706
  1 S  6.60300000E+04     18.450679
  1 S  1.51400000E+04     31.049770
  1 S  4.31700000E+03     48.888138
  1 S  1.41400000E+03     64.847798
  1 S  5.23900000E+02     42.245010

  2 S  5.23900000E+02     14.290679
  2 S  2.07700000E+02     24.083128
  2 S  8.65400000E+01      5.132542

  3 S  3.05200000E+01      9.254405

  4 S  1.29800000E+01      4.873782

  5 S  4.41200000E+00      2.169635

  6 S  1.86200000E+00      1.136043

  7 S  3.93200000E-01      0.353892

  8 S  1.40000000E-01      0.163120

  9 P  2.95700000E+03    691.874478
  9 P  7.00300000E+02    925.332763
  9 P  2.24600000E+02   1068.830732

  10 P  8.25900000E+01    122.079275
  10 P  3.31900000E+01     57.580687
  10 P  1.42000000E+01     10.176170

  11 P  1.42000000E+01      3.129736
  11 P  7.43800000E+00      6.538168
  11 P  3.52600000E+00      4.166276

  12 P  1.59500000E+00      2.555000

  13 P  8.46200000E-01      1.156861

  14 P  3.18600000E-01      0.341191

  15 P  1.09600000E-01      0.089888

  16 D  1.34800000E+02    160.709187
  16 D  3.63900000E+01    119.797406
  16 D  1.21600000E+01     55.531619
  16 D  4.34100000E+00     12.984636

  17 D  1.53500000E+00      3.484168

  18 D  4.51000000E-01      0.408525



Printing Internal Coordinates

------------------------------------------------------------
                Bond Lengths

i      j        Length (Angstroms)     Length (Bohr)
0      1          1.3563303754         2.5630929457
0      3          1.0807218393         2.0422682945
0      12         1.4648452686         2.7681563745
1      2          1.3960928175         2.6382330715
1      4          1.0793028337         2.0395867626
2      5          1.4891360646         2.8140593263
2      10         1.3979028453         2.6416535282
5      6          1.2015461862         2.2705932196
5      7          1.2015116674         2.2705279884
8      9          1.0818937473         2.0444828796
8      10         1.3594215697         2.5689344563
8      12         1.4663726642         2.7710427338
10     11         1.0788896894         2.0388060329
12     13         1.0985261671         2.0759135979
12     14         1.9387881441         3.6637786085

Number of Bonds: 15

------------------------------------------------------------
           Bond Angles

i      j      k      Angle (degrees)
0      1      2        117.3115 
0      1      4        122.9181 
0      12     8        116.2869 
0      12     13       107.6040 
0      12     14       109.4632 
1      0      3        120.8216 
1      0      12       121.8551 
1      2      5        116.8987 
1      2      10       125.3766 
2      1      4        119.7662 
2      5      6        115.6130 
2      5      7        115.6647 
2      10     8        117.5810 
2      10     11       119.6602 
3      0      12       117.3003 
5      2      10       117.7245 
6      5      7        128.7179 
8      10     11       122.7550 
8      12     13       105.0135 
8      12     14       114.6272 
9      8      10       120.9683 
9      8      12       117.6347 
10     8      12       121.2695 
13     12     14       102.5683 

Number of Angles: 24

------------------------------------------------------------
              Torsional Angles

i      j      k      l      Angle (degrees)
3      0      1      2        178.6487 
4      1      0      3         -2.0965 
8      10     2      1          0.6363 
8      12     0      1         -4.4868 
8      12     0      3        177.2419 
9      8      10     2        179.1375 
9      8      12     0       -177.1660 
10     2      1      0          1.7182 
10     2      1      4       -177.5611 
10     8      12     0          6.9007 
11     10     2      1        179.9506 
11     10     8      9         -0.1540 
12     0      1      2          0.4375 
12     0      1      4        179.6923 
12     8      10     2         -5.0645 
12     8      10     11       175.6440 
13     12     0      1        112.8904 
13     12     0      3        -65.3809 
13     12     8      9         64.0364 
13     12     8      10      -111.8969 
14     12     0      1       -136.3614 
14     12     0      3         45.3673 
14     12     8      9        -47.7276 
14     12     8      10       136.3391 

Number of Torsional Angles: 24


----------------------------------------------------------------------
                          Center of Mass

         x               y               z              Unit
   -0.2081006997   0.05276032856     0.150979654      Angstrom
    -0.393253329   0.09970257129    0.2853101966          Bohr

----------------------------------------------------------------------
                Moment of Inertia Tensor

           844.266           38.8727          -1087.26
           38.8727           4535.71           68.3708
          -1087.26           68.3708           4562.55

----------------------------------------------------------------------
                      Principal Moments of Inertia

           x                 y                 z                Unit
       153.7103366       1267.700328         1362.7804       amu * ang^2
       548.9095772       4527.040058       4866.577159      amu * bohr^2
  2.5524219308e-38  2.1050673565e-37  2.2629516382e-37          g * cm^2

 - Molecule is an asymmetric top.

----------------------------------------------------------------------

         Rotational constants (MHz)

    A = 3.2879e+03        B = 3.9866e+02        C = 3.7084e+02

----------------------------------------------------------------------

        Rotational constants (cm-1)

    A = 1.0967e-01        B = 1.3298e-02        C = 1.2370e-02

----------------------------------------------------------------------

                                Z-Matrix
C   
C        1       2.5630929
C        2       2.6382331     1       117.31149
H        3      6.32639294     2     22.32350623     1         -0.9862
H        4      4.71848587     3     39.86551086     2         -0.1555
N        5      4.97981688     4    126.31281833     3         -1.5323
O        6      2.27059322     5    152.73798449     4        -74.3985
O        7      4.09392332     6     25.64067365     5       -117.4675
C        8      8.68948760     7     62.26211448     6         -8.4069
H        9      2.04448288     8    148.66263219     7        -43.5332
C       10      4.02299114     9     33.19823794     8         14.3893
H       11      2.03880603    10     96.92162285     9        179.8695
C       12      6.53944968    11     18.73149184    10         -4.9818
H       13      2.07591360    12    110.44520045    11       -113.4701
Br      14      4.58723624    13     51.21948329    12       -140.5355

----------------------------------------------------------------------

             Converted back to Cartesian

C        0.000000      0.000000      0.000000
C        0.000000      0.000000      2.563093
C        0.000000      0.094258     -0.073456
H        0.000013     -0.174756      6.247215
H       -0.000011      0.083117      1.535781
N        0.000152     -0.380112      6.494006
O        0.002395     -0.064005      4.245525
O       -0.001206     -0.665596      8.295005
C        0.004572      0.774068     -0.274390
H        0.005489      0.344441      1.724442
C        0.002506      1.229545     -2.199974
H        0.002463      0.722489     -0.225227
C        0.003622      2.384968     -6.549827
H        0.003758      1.789989     -4.561004
Br       0.006005      3.173102     -8.934759

----------------------------------------------------------------------
                       Geometry in bohr 

1     C      -0.9018093056    2.3259452553    1.1930071595
2     C       1.6581703709    2.3594031051    1.3147859589
3     C       2.8985167260    0.0313218475    1.3578245119
4     H      -1.9723182565    4.0651590149    1.1954302959
5     H       2.7433970635    4.0858204726    1.3557769435
6     N       5.7046974924    0.0874073699    1.5606392374
7     O       6.6461149991   -1.6737852703    2.6411609311
8     O       6.7208686225    1.8991732824    0.6440161638
9     C      -0.8362842384   -2.3746998092    1.0054634963
10    H      -1.8498335138   -4.1447381308    0.8654904582
11    C       1.7231877736   -2.3305185092    1.2212765481
12    H       2.8556659179   -4.0252259322    1.2680744436
13    C      -2.3304292357   -0.0441557864    1.1270082111
14    H      -3.3993019126   -0.1825553406    2.9012049391
15    Br     -4.9851819917    0.2002217318   -1.3861255150

 Number of nodes, processes per node used for SCF calculation: 1, 4

Common Options
{
  maxiter       = 100
  basis         = 6-311g* spherical
  geom_units    = angstrom
  ang2au factor = 1.889726126
  debug         = false
  file_prefix   = para_th36_ph108_qed_ccsd_input
}

SCF Options
{
  charge            = 1
  multiplicity      = 1
  level shift       = 0
  tol_int           = 1e-22
  tol_sch           = 1e-12
  tol_lindep        = 1e-10
  conve             = 1e-07
  convd             = 1e-05
  diis_hist         = 10
  AO_tilesize       = 30
  writem            = 10
  damp              = 100
  n_lindep          = 0
  scf_type          = restricted
  cuscf             = false
  qed_omegas        = [0.06615,]
  qed_lambdas       = [0.1,]
  qed_polvecs       = [[-0.181635632,0.5590169944,0.8090169944,],]
  direct_df         = false
  restart_size      = 2000
  restart           = false
  debug             = false
}

Number of basis functions = 221

Total number of shells = 105

Total number of electrons = 98
  # of alpha electrons    = 49
  # of beta electons      = 49

Nuclear repulsion energy  = 725.681979483665

# of {all,non-negligible} shell-pairs = {5565,4851}
Number of AO tiles = 105

Time for initial setup: 0.05 secs
HF exch = 1.00

Time for computing 1-e integrals T, V, S: 0.01 secs
Time for computing orthogonalizer: 0.01 secs

Superposition of Atomic Density Guess ...
Time taken for SAD: 0.67 secs
Total Time to compute initial guess: 0.67 secs


 SCF iterations
-----------------------------------------------------------------------------
 Iter     Energy            E-Diff       RMSD        |[F,P]|^2       Time(s)
-----------------------------------------------------------------------------
   1  -3011.7282719944    -3.01e+03     1.69e-02     1.50e+03         0.6 
   2  -3005.8287620977     5.90e+00     6.95e-03     7.49e+00         2.0 
   3  -3006.0021383373    -1.73e-01     2.89e-03     3.94e+00         2.0 
   4  -3006.1136030047    -1.11e-01     1.17e-03     1.14e-01         2.1 
   5  -3006.1195039429    -5.90e-03     2.44e-04     1.22e-02         2.1 
   6  -3006.1200853672    -5.81e-04     1.52e-04     1.23e-03         2.0 
   7  -3006.1202119841    -1.27e-04     6.91e-05     1.88e-04         2.0 
   8  -3006.1202364013    -2.44e-05     2.36e-05     2.80e-05         2.1 
   9  -3006.1202399027    -3.50e-06     9.59e-06     4.27e-06         2.1 
  10  -3006.1202404067    -5.04e-07     2.93e-06     7.53e-07         2.1 
  11  -3006.1202404642    -5.75e-08     1.43e-06     1.70e-07         2.1 

** Total SCF energy = -3006.1202404642409

Nuclear repulsion energy = 725.681979483665373
#electrons        = 98
1e energy kinetic = 3006.1732437188143194
1e energy N-e     = -8604.4898177769973699
1e energy         = -5597.6099544279622933
2e energy         = 1866.3347923609812824
QED energy        = 0.1795617492949513
QED eT energy     = 0.1554386694250123
QED eT energy from matrix = 0.1554386694250050

 Polarizability Matrix (QED energy = 0.5 * lambda.dot(matrix * lambda))
[43.82879539,  0.09687509,  1.87522853]
[ 0.09687509, 42.03756100, -2.18452142]
[ 1.87522853, -2.18452142, 36.47980315]

 Polarizability Matrix (QED eT energy = 0.5 * lambda.dot(matrix * lambda))
[40.58756334,  0.09586401,  2.33344017]
[ 0.09586401, 38.60597508, -2.57981164]
[ 2.33344017, -2.57981164, 31.66197540]


                      Electron        Nuclear        Total  
                  ------------------------------------------
    Monopole         -98.000000     99.000000      1.000000

      Dipole   X      14.764726    -15.966896     -1.202170
      Dipole   Y      -9.073533      9.024953     -0.048580
      Dipole   Z     -38.335755     39.593671      1.257916

  Quadrupole  XX   -2022.423380   1973.285002    -49.138378
  Quadrupole  XY      18.046353    -18.470409     -0.424056
  Quadrupole  XZ    -495.990633    494.811181     -1.179452
  Quadrupole  YY    -292.204711    251.659493    -40.545219
  Quadrupole  YZ      30.878749    -29.346752      1.531998
  Quadrupole  ZZ    -257.662273    210.070784    -47.591488

    Octupole XXX   -1987.582183   1851.484624   -136.097559
    Octupole XXY    -289.720986    285.269663     -4.451323
    Octupole XXZ    -583.600183    536.200328    -47.399855
    Octupole XYY    -441.395647    417.738115    -23.657532
    Octupole XYZ     125.379313   -116.102362      9.276952
    Octupole XZZ    -197.408511    166.181988    -31.226524
    Octupole YYY     -26.566249     14.543918    -12.022331
    Octupole YYZ    -330.660385    310.295569    -20.364815
    Octupole YZZ      62.470142    -60.861273      1.608869
    Octupole ZZZ    -272.006123    178.693258    -93.312865

writing orbitals and density to disk ... done.

Total Time taken for Hartree-Fock: 24.97 secs

CD Options
{
  debug             = false
  skip_cd           = [false, 100]
  write_cv          = [false, 5000]
  diagtol           = 1e-06
  itilesize         = 1000
  max_cvecs_factor  = 12
}

- #occupied, #virtual = 98, 344

- Tilesize for the MSO space: 40

-----------------------------------------------------
Begin 2-index transformation ... 

nAO, nMO, nelectrons = 221, 442, 98
n_occ_alpha, n_vir_alpha, n_occ_beta, n_vir_beta = 49,172,49,172

Time taken for Fao->Fmo transform: 0.00 secs

-----------------------------------------------------
Number of AO tiles = 105
# of {all,non-negligible} shell-pairs = {5565,4851}

    Begin Cholesky Decomposition
---------------------------------------------
Total # of mpi ranks used for Cholesky decomposition: 4
  --> Number of nodes, mpi ranks per node: 1, 4
- CPU memory required for computing cholesky vectors: 1.93 GiB

- Time for computing the diagonal: 0.01 secs

- Total number of cholesky vectors = 1643

- Time to compute cholesky vectors: 15.32 secs

- CPU memory required for resizing the ao cholesky tensor: 1.56 GiB
- CPU memory required for ao2mo transformation: 1.70 GiB
- CPU memory required for the 2-step contraction: 2.11 GiB

- Time for ao to mo transform: 1.57 secs

   End Cholesky Decomposition
---------------------------------------------

Total Time taken for Cholesky Decomposition: 19.67 secs

scf_type = restricted
Closed-Shell SCF
QED-HF Enabled
nbf = 203
nbf_orig = 221
n_lindep = 0
focc = 1
nmo = 406
nocc = 62
nvir = 344
n_occ_alpha = 31
n_vir_alpha = 172
n_occ_beta = 31
n_vir_beta = 172
nelectrons = 98
nelectrons_alpha = 49
nelectrons_beta = 49
freeze atomic = true
n_frozen_core = 18
n_frozen_virtual = 0
----------------------------
--------- QED-CCSD --------
lambda_x: -0.0182
lambda_y: 0.0559
lambda_z: 0.0809
omega: 0.066150
coupling_factor_x: -0.003303
coupling_factor_y: 0.010167
coupling_factor_z: 0.014713
----------------------------
# of {all,non-negligible} shell-pairs = {5565,4851}
Number of AO tiles = 105
----------------------------
Electronic dipole expectation value using SCF density: 
dipole_x_elec: 14.76492225
dipole_y_elec: -9.07383288
dipole_z_elec: -38.33552133

d_n/N value: d_n is nuclear dipole moment and N is the total number of electrons 
d_nuc_x: -0.16292751
d_nuc_y: 0.09209136
d_nuc_z: 0.40401705

<d_e+d_n> expectation values: 
dipole_total_x: -1.20197420
dipole_total_y: -0.04887988
dipole_total_z: 1.25814946
----------------------------


 CCSD iterations
------------------------------------------------------------
  Iter     Residuum          Correlation          Time(s)
------------------------------------------------------------
   1     1.1856958675779    0.0000000000000         84.38
   2     0.1696754898938   -1.6960636747662         83.42
   3     0.0705683118851   -1.6244692667348         83.07
   4     0.0227623315593   -1.7009176114177         83.72
   5     0.0178203679377   -1.6876007357703         83.71
 MICROCYCLE DIIS UPDATE:                    6
   6     0.0066812396962   -1.6981387526091         83.26
   7     0.0035941085207   -1.6980155481552         83.23
   8     0.0025311354333   -1.6990398959682         82.94
   9     0.0013376240624   -1.6991102623186         82.68
  10     0.0013558262242   -1.6993643789394         82.52
 MICROCYCLE DIIS UPDATE:                   11
  11     0.0004305201299   -1.6995994338697         82.56
  12     0.0003899647518   -1.6997062501302         82.46
  13     0.0002375896641   -1.6996724021944         82.31
  14     0.0002347307225   -1.6996682789050         82.78
  15     0.0001536103800   -1.6996688417001         83.00
 MICROCYCLE DIIS UPDATE:                   16
  16     0.0000501778166   -1.6996541626599         83.24
  17     0.0000396756634   -1.6996666383217         82.65
  18     0.0000238095420   -1.6996738193740         82.80
  19     0.0000231446602   -1.6996727071763         82.69
  20     0.0000146344678   -1.6996751810254         82.99
 MICROCYCLE DIIS UPDATE:                   21
  21     0.0000063281322   -1.6996747466729         82.71
  22     0.0000052559927   -1.6996771012418         82.89
  23     0.0000031177931   -1.6996760285721         82.72
  24     0.0000030848882   -1.6996761129945         82.61
  25     0.0000019908733   -1.6996759131043         82.47
 MICROCYCLE DIIS UPDATE:                   26
  26     0.0000008879153   -1.6996754550826         82.71
------------------------------------------------------------------
 Iterations converged
 CCSD correlation energy / hartree =        -1.699675455082608
 CCSD total energy / hartree       =     -3007.819915919323648

Time taken for spin-orbital canonical QED-CCSD: 2232.85 secs
