
ExaChem Git Information
{
 WARNING: Failed to retrieve the current git state.
}


TAMM Git Information
{
 Branch: main
 Commit Hash: e71357ad [e71357ad54f38748b4a7e175aa6760820d5ce96f]
 Commit Date: 2026-02-02 23:14:56 -0800
 Commit Message: add GitHub Actions workflow for releases
}


date: Sun Aug  9 21:29:56 2026
program: "/global/cfs/cdirs/m3196/heindelj/cavity_qed/software/install_gpu/bin/bin/ExaChem"
nnodes: 1, nproc_per_node: 4, nproc_total: 4, ngpus_per_node: 1, ngpus_total: 1

Memory information
{
[AMD EPYC 7763 64-Core Processor                ] : 
  CPU memory per node (GiB): 251
  Total CPU memory (GiB): 251
[NVIDIA A100-SXM4-80GB, CUDA v12.9] : 
  GPU memory per device (GiB): 79
  GPU memory per node (GiB): 79
  Total GPU memory (GiB): 79
}

------------------------------------------------------------

Input file provided: /global/cfs/cdirs/m4262/heindelj/cavity_qed/mlip/lambda_scans/grid_scans_optimized_geoms/runs_grid_no_freq/ortho_th63_ph342/ortho_th63_ph342_qed_ccsd_input.json

{
  "geometry": {
    "coordinates": [
      "C    -1.786019229500    1.947392741600    0.682147787100",
      "C    -0.360829731400    1.992849840300    0.684672073400",
      "C     0.289811938100    0.829954388600    0.679551324100",
      "C    -2.504472899500    0.765109653100    0.735206892400",
      "H    -2.312733520800    2.891613859800    0.666549969300",
      "H     0.172366035200    2.932956359300    0.705803580300",
      "H    -3.579646168500    0.777523855500    0.756483588000",
      "N     1.769602715400    0.824033241600    0.779546580500",
      "O     2.270056890000   -0.266057603100    0.696142644100",
      "O     2.308212380100    1.885527110100    0.927004686300",
      "C    -1.825604280100   -0.425598744400    0.753078125300",
      "H    -2.341751052500   -1.374634860000    0.812766631400",
      "C    -0.370573332800   -0.479637234400    0.667795890600",
      "H     0.073537284300   -1.197915289300    1.344988096600",
      "Br   -0.155457959900   -1.318640531700   -1.102009845700"
    ],
    "units": "angstrom",
    "noorient": true
  },
  "common": {
    "maxiter": 100,
    "debug": false
  },
  "basis": {
    "basisset": "6-311G*"
  },
  "SCF": {
    "charge": 1,
    "multiplicity": 1,
    "lshift": 0,
    "tol_lindep": 1e-10,
    "conve": 1e-07,
    "convd": 1e-05,
    "diis_hist": 10,
    "writem": 10,
    "restart": false,
    "noscf": false,
    "scf_type": "restricted",
    "debug": false,
    "qed_omegas": [
      0.06615
    ],
    "qed_volumes": [],
    "qed_lambdas": [
      0.1
    ],
    "qed_polvecs": [
      [
        0.8473975608908426,
        -0.27533615807315853,
        0.45399049973954686
      ]
    ],
    "direct_df": false
  },
  "CD": {
    "debug": false,
    "diagtol": 1e-06
  },
  "CC": {
    "threshold": 1e-06,
    "ndiis": 5,
    "ccsd_maxiter": 200,
    "tilesize": 40,
    "freeze": {
      "atomic": true
    },
    "readt": false,
    "writet": true,
    "writet_iter": 5,
    "debug": false,
    "profile_ccsd": false,
    "balance_tiles": true
  },
  "TASK": {
    "scf": false,
    "ccsd": true
  }
}

Output folder & files prefix: ortho_th63_ph342_qed_ccsd_input.6-311g*

  C (carbon)
  ----------
          Exponent        Coefficients
      ----------------  --------------------
  1 S  4.56324000E+03      0.778202
  1 S  6.82024000E+02      1.448695
  1 S  1.54973000E+02      2.383089
  1 S  4.44553000E+01      3.200089
  1 S  1.30290000E+01      3.013004
  1 S  1.82773000E+00      0.247599

  2 S  2.09642000E+01      0.800629
  2 S  4.80331000E+00      2.127420
  2 S  1.45933000E+00     -0.002868

  3 P  2.09642000E+01      2.573592
  3 P  4.80331000E+00      2.408248
  3 P  1.45933000E+00      1.865281

  4 S  4.83456000E-01      0.413217

  5 P  4.83456000E-01      0.574627

  6 S  1.45585000E-01      0.167976

  7 P  1.45585000E-01      0.128185

  8 D  6.26000000E-01      0.725128


  H (hydrogen)
  ------------
          Exponent        Coefficients
      ----------------  --------------------
  1 S  3.38650000E+01      0.255069
  1 S  5.09479000E+00      0.460109
  1 S  1.15879000E+00      0.678321

  2 S  3.25840000E-01      0.307371

  3 S  1.02741000E-01      0.129336


  N (nitrogen)
  ------------
          Exponent        Coefficients
      ----------------  --------------------
  1 S  6.29348000E+03      0.991968
  1 S  9.49044000E+02      1.823240
  1 S  2.18776000E+02      2.979891
  1 S  6.36916000E+01      4.000007
  1 S  1.88282000E+01      3.881008
  1 S  2.72023000E+00      0.386764

  2 S  3.06331000E+01      1.038501
  2 S  7.02614000E+00      2.834794
  2 S  2.11205000E+00     -0.003208

  3 P  3.06331000E+01      3.935616
  3 P  7.02614000E+00      3.870994
  3 P  2.11205000E+00      2.967271

  4 S  6.84009000E-01      0.536051

  5 P  6.84009000E-01      0.886681

  6 S  2.00878000E-01      0.213850

  7 P  2.00878000E-01      0.191693

  8 D  9.13000000E-01      1.403568


  O (oxygen)
  ----------
          Exponent        Coefficients
      ----------------  --------------------
  1 S  8.58850000E+03      1.205013
  1 S  1.29723000E+03      2.216205
  1 S  2.99296000E+02      3.627452
  1 S  8.73771000E+01      4.888452
  1 S  2.56789000E+01      4.835721
  1 S  3.74004000E+00      0.538229

  2 S  4.21175000E+01      1.341958
  2 S  9.62837000E+00      3.587114
  2 S  2.85332000E+00     -0.005123

  3 P  4.21175000E+01      5.584018
  3 P  9.62837000E+00      5.733366
  3 P  2.85332000E+00      4.332955

  4 S  9.05661000E-01      0.661659

  5 P  9.05661000E-01      1.259352

  6 S  2.55611000E-01      0.256209

  7 P  2.55611000E-01      0.259068

  8 D  1.29200000E+00      2.577026


  Br (bromine)
  ------------
          Exponent        Coefficients
      ----------------  --------------------
  1 S  4.39700000E+05      9.893706
  1 S  6.60300000E+04     18.450679
  1 S  1.51400000E+04     31.049770
  1 S  4.31700000E+03     48.888138
  1 S  1.41400000E+03     64.847798
  1 S  5.23900000E+02     42.245010

  2 S  5.23900000E+02     14.290679
  2 S  2.07700000E+02     24.083128
  2 S  8.65400000E+01      5.132542

  3 S  3.05200000E+01      9.254405

  4 S  1.29800000E+01      4.873782

  5 S  4.41200000E+00      2.169635

  6 S  1.86200000E+00      1.136043

  7 S  3.93200000E-01      0.353892

  8 S  1.40000000E-01      0.163120

  9 P  2.95700000E+03    691.874478
  9 P  7.00300000E+02    925.332763
  9 P  2.24600000E+02   1068.830732

  10 P  8.25900000E+01    122.079275
  10 P  3.31900000E+01     57.580687
  10 P  1.42000000E+01     10.176170

  11 P  1.42000000E+01      3.129736
  11 P  7.43800000E+00      6.538168
  11 P  3.52600000E+00      4.166276

  12 P  1.59500000E+00      2.555000

  13 P  8.46200000E-01      1.156861

  14 P  3.18600000E-01      0.341191

  15 P  1.09600000E-01      0.089888

  16 D  1.34800000E+02    160.709187
  16 D  3.63900000E+01    119.797406
  16 D  1.21600000E+01     55.531619
  16 D  4.34100000E+00     12.984636

  17 D  1.53500000E+00      3.484168

  18 D  4.51000000E-01      0.408525



Printing Internal Coordinates

------------------------------------------------------------
                Bond Lengths

i      j        Length (Angstroms)     Length (Bohr)
0      1          1.4259164861         2.6945916371
0      3          1.3844797745         2.6162876006
0      4          1.0813069669         2.0433740254
1      2          1.3325489243         2.5181525164
1      5          1.0809923835         2.0427795490
2      7          1.4831772840         2.8027988630
2      12         1.4667232579         2.7717052599
3      6          1.0754554238         2.0323162116
3      10         1.3707547086         2.5903509851
7      8          1.2023762503         2.2721618133
7      9          1.1994221512         2.2665793751
10     11         1.0819610701         2.0446101013
10     12         1.4585294908         2.7562212842
12     13         1.0824725808         2.0455767166
12     14         1.9703840998         3.7234863115

Number of Bonds: 15

------------------------------------------------------------
           Bond Angles

i      j      k      Angle (degrees)
0      1      2        117.3995 
0      1      5        121.3828 
0      3      6        120.6438 
0      3      10       119.0312 
1      0      3        123.0811 
1      0      4        117.3257 
1      2      7        119.3655 
1      2      12       124.0132 
2      1      5        121.2107 
2      7      8        114.4698 
2      7      9        116.9227 
2      12     10       114.5581 
2      12     13       113.7488 
2      12     14       109.7693 
3      0      4        119.5688 
3      10     11       121.7621 
3      10     12       121.7009 
6      3      10       120.3241 
7      2      12       116.4997 
8      7      9        128.6072 
10     12     13       113.4092 
10     12     14       100.2072 
11     10     12       116.5277 
13     12     14       103.5667 

Number of Angles: 24

------------------------------------------------------------
              Torsional Angles

i      j      k      l      Angle (degrees)
3      10     12     2          4.9932 
6      3      0      4          0.2791 
10     3      0      4        179.9311 
10     12     2      1         -3.9406 
11     10     3      0        178.8403 
11     10     3      6         -1.5066 
11     10     12     2       -176.0964 
12     2      1      5        179.2292 
12     10     3      0         -2.3063 
12     10     3      6        177.3468 
13     12     2      1       -136.6494 
13     12     10     3        137.8621 
13     12     10     11       -43.2275 
14     12     2      1        107.8534 
14     12     10     3       -112.4024 
14     12     10     11        66.5081 

Number of Torsional Angles: 16


----------------------------------------------------------------------
                          Center of Mass

         x               y               z              Unit
 -0.005704728363  -0.04098058579   0.01753612501      Angstrom
  -0.01078037423  -0.07744208363   0.03313847358          Bohr

----------------------------------------------------------------------
                Moment of Inertia Tensor

           1810.45          -113.594          -106.298
          -113.594           2004.97          -679.507
          -106.298          -679.507           2626.93

----------------------------------------------------------------------
                      Principal Moments of Inertia

           x                 y                 z                Unit
       418.4882361       527.5816435       857.9726359       amu * ang^2
       1494.448622       1884.028252       3063.875906      amu * bohr^2
  6.9491653930e-38  8.7607052775e-38  1.4246980524e-37          g * cm^2

 - Molecule is an asymmetric top.

----------------------------------------------------------------------

         Rotational constants (MHz)

    A = 1.2076e+03        B = 9.5792e+02        C = 5.8904e+02

----------------------------------------------------------------------

        Rotational constants (cm-1)

    A = 4.0282e-02        B = 3.1953e-02        C = 1.9648e-02

----------------------------------------------------------------------

                                Z-Matrix
C   
C        1       2.6945916
C        2       2.5181525     1       117.39951
C        3      5.28290172     2     62.10357931     1         -1.4025
H        4      4.03689817     3     83.48615066     2          1.3690
H        5      4.69739310     4     96.07214570     3         -2.0448
H        6      8.17752716     5     28.96506530     4         -1.0733
N        7     10.10909139     6     29.39190710     5        178.6126
O        8      2.27216181     7    114.08051790     6       -173.7257
O        9      4.08987986     8     25.66248726     7       -176.1872
C       10      8.95578541     9     59.72865701     8          4.7051
H       11      2.04461010    10    147.33441242     9         15.0448
C       12      4.10013040    11     36.97414068    10        -11.0451
H       13      2.04557672    12     93.28030001    11        140.9827
Br      14      4.64995993    13     51.11555325    12         89.8216

----------------------------------------------------------------------

             Converted back to Cartesian

C        0.000000      0.000000      0.000000
C        0.000000      0.000000      2.694592
C        0.000000      0.090035      0.178049
C        0.000043     -0.198689      5.453055
H       -0.000077      0.124365      1.429104
H        0.000264     -0.388394      6.098427
H       -0.000411      0.575937     -2.022042
N       -0.004396     -0.705875      8.005454
O        0.004866     -0.340078      5.762950
O       -0.013481     -1.030000      9.794176
C        0.034991      0.640887      0.995774
H        0.018850      0.169829      2.985316
C        0.053917      1.159253     -0.993488
H        0.030547      0.609726      0.976755
Br       0.088999      1.928280     -3.481959

----------------------------------------------------------------------
                       Geometry in bohr 

1     C      -3.3750871994    3.6800389412    1.2890724950
2     C      -0.6818693704    3.7659404082    1.2938427048
3     C       0.5476651910    1.5683864914    1.2841658910
4     C      -4.7327678698    1.4458477006    1.3893396725
5     H      -4.3704329565    5.4643582569    1.2595968912
6     H       0.3257245999    5.5424842583    1.3337754655
7     H      -6.7645508861    1.4693071433    1.4295468001
8     N       3.3440644838    1.5571971453    1.4731295395
9     O       4.2897858123   -0.5027760036    1.3155189419
10    O       4.3618892388    3.5631298411    1.7517849745
11    C      -3.4498921037   -0.8042650664    1.4231114082
12    H      -4.4252681443   -2.5976834085    1.5359063376
13    C      -0.7002821086   -0.9063830128    1.2619513412
14    H       0.1389653274   -2.2637318188    2.5416591452
15    Br     -0.2937729683   -2.4918694634   -2.0824967964

 Number of nodes, processes per node used for SCF calculation: 1, 4

Common Options
{
  maxiter       = 100
  basis         = 6-311g* spherical
  geom_units    = angstrom
  ang2au factor = 1.889726126
  debug         = false
  file_prefix   = ortho_th63_ph342_qed_ccsd_input
}

SCF Options
{
  charge            = 1
  multiplicity      = 1
  level shift       = 0
  tol_int           = 1e-22
  tol_sch           = 1e-12
  tol_lindep        = 1e-10
  conve             = 1e-07
  convd             = 1e-05
  diis_hist         = 10
  AO_tilesize       = 30
  writem            = 10
  damp              = 100
  n_lindep          = 0
  scf_type          = restricted
  cuscf             = false
  qed_omegas        = [0.06615,]
  qed_lambdas       = [0.1,]
  qed_polvecs       = [[0.8473975609,-0.2753361581,0.4539904997,],]
  direct_df         = false
  restart_size      = 2000
  restart           = false
  debug             = false
}

Number of basis functions = 221

Total number of shells = 105

Total number of electrons = 98
  # of alpha electrons    = 49
  # of beta electons      = 49

Nuclear repulsion energy  = 780.601368872684

# of {all,non-negligible} shell-pairs = {5565,5001}
Number of AO tiles = 105

Time for initial setup: 0.03 secs
HF exch = 1.00

Time for computing 1-e integrals T, V, S: 0.01 secs
Time for computing orthogonalizer: 0.01 secs

Superposition of Atomic Density Guess ...
Time taken for SAD: 0.29 secs
Total Time to compute initial guess: 0.29 secs


 SCF iterations
-----------------------------------------------------------------------------
 Iter     Energy            E-Diff       RMSD        |[F,P]|^2       Time(s)
-----------------------------------------------------------------------------
   1  -3011.8243398870    -3.01e+03     1.67e-02     1.51e+03         0.6 
   2  -3005.7740424546     6.05e+00     6.86e-03     8.42e+00         2.2 
   3  -3006.0055144233    -2.31e-01     2.69e-03     3.34e+00         2.2 
   4  -3006.1009261340    -9.54e-02     1.16e-03     1.31e-01         2.2 
   5  -3006.1083629418    -7.44e-03     3.21e-04     1.65e-02         2.2 
   6  -3006.1092222203    -8.59e-04     1.88e-04     1.84e-03         2.2 
   7  -3006.1094402225    -2.18e-04     7.58e-05     3.84e-04         2.2 
   8  -3006.1094865054    -4.63e-05     3.55e-05     8.23e-05         2.2 
   9  -3006.1094963740    -9.87e-06     1.69e-05     1.14e-05         2.2 
  10  -3006.1094982831    -1.91e-06     6.98e-06     2.44e-06         2.2 
  11  -3006.1094985872    -3.04e-07     3.48e-06     4.61e-07         2.3 
  12  -3006.1094986682    -8.11e-08     1.66e-06     1.27e-07         2.3 

** Total SCF energy = -3006.1094986682110

Nuclear repulsion energy = 780.601368872683679
#electrons        = 98
1e energy kinetic = 3006.2253611464129790
1e energy N-e     = -8714.5513659119242220
1e energy         = -5705.2424881682709383
2e energy         = 1921.4232124019824823
QED energy        = 0.1919248226319055
QED eT energy     = 0.1717069823917265
QED eT energy from matrix = 0.1717069823917113

 Polarizability Matrix (QED energy = 0.5 * lambda.dot(matrix * lambda))
[39.27115301, -0.89525215, -0.95662247]
[-0.89525215, 45.74518069,  2.18292353]
[-0.95662247,  2.18292353, 36.78231752]

 Polarizability Matrix (QED eT energy = 0.5 * lambda.dot(matrix * lambda))
[35.48616521, -0.96302174, -0.99313786]
[-0.96302174, 42.81854028,  2.50566298]
[-0.99313786,  2.50566298, 31.80137599]


                      Electron        Nuclear        Total  
                  ------------------------------------------
    Monopole         -98.000000     99.000000      1.000000

      Dipole   X       3.460162     -7.109165     -3.649003
      Dipole   Y      -7.114804      8.279907      1.165102
      Dipole   Z     -16.482446     17.712336      1.229890

  Quadrupole  XX    -788.301886    746.978953    -41.322933
  Quadrupole  XY     -48.496965     42.942549     -5.554417
  Quadrupole  XZ     -45.303969     39.596366     -5.707603
  Quadrupole  YY    -652.174959    614.964649    -37.210310
  Quadrupole  YZ    -315.186684    317.064325      1.877640
  Quadrupole  ZZ    -328.716224    282.798542    -45.917682

    Octupole XXX     -37.285463    -39.377941    -76.663403
    Octupole XXY   -1110.588477   1103.035024     -7.553452
    Octupole XXZ   -1087.487285   1075.155478    -12.331807
    Octupole XYY      82.995654   -120.018128    -37.022473
    Octupole XYZ     -39.631069     32.500405     -7.130664
    Octupole XZZ       4.126413      4.456945      8.583358
    Octupole YYY    -823.926031    806.397522    -17.528509
    Octupole YYZ    -134.976141    121.025239    -13.950902
    Octupole YZZ     152.410129   -184.939072    -32.528943
    Octupole ZZZ      45.030690   -121.169287    -76.138597

writing orbitals and density to disk ... done.

Total Time taken for Hartree-Fock: 26.23 secs

CD Options
{
  debug             = false
  skip_cd           = [false, 100]
  write_cv          = [false, 5000]
  diagtol           = 1e-06
  itilesize         = 1000
  max_cvecs_factor  = 12
}

- #occupied, #virtual = 98, 344

- Tilesize for the MSO space: 40

-----------------------------------------------------
Begin 2-index transformation ... 

nAO, nMO, nelectrons = 221, 442, 98
n_occ_alpha, n_vir_alpha, n_occ_beta, n_vir_beta = 49,172,49,172

Time taken for Fao->Fmo transform: 0.00 secs

-----------------------------------------------------
Number of AO tiles = 105
# of {all,non-negligible} shell-pairs = {5565,5001}

    Begin Cholesky Decomposition
---------------------------------------------
Total # of mpi ranks used for Cholesky decomposition: 4
  --> Number of nodes, mpi ranks per node: 1, 4
- CPU memory required for computing cholesky vectors: 1.93 GiB

- Time for computing the diagonal: 0.01 secs

- Total number of cholesky vectors = 1648

- Time to compute cholesky vectors: 18.06 secs

- CPU memory required for resizing the ao cholesky tensor: 1.57 GiB
- CPU memory required for ao2mo transformation: 1.70 GiB
- CPU memory required for the 2-step contraction: 2.11 GiB

- Time for ao to mo transform: 1.54 secs

   End Cholesky Decomposition
---------------------------------------------

Total Time taken for Cholesky Decomposition: 21.66 secs

scf_type = restricted
Closed-Shell SCF
QED-HF Enabled
nbf = 203
nbf_orig = 221
n_lindep = 0
focc = 1
nmo = 406
nocc = 62
nvir = 344
n_occ_alpha = 31
n_vir_alpha = 172
n_occ_beta = 31
n_vir_beta = 172
nelectrons = 98
nelectrons_alpha = 49
nelectrons_beta = 49
freeze atomic = true
n_frozen_core = 18
n_frozen_virtual = 0
----------------------------
--------- QED-CCSD --------
lambda_x: 0.0847
lambda_y: -0.0275
lambda_z: 0.0454
omega: 0.066150
coupling_factor_x: 0.015411
coupling_factor_y: -0.005007
coupling_factor_z: 0.008257
----------------------------
# of {all,non-negligible} shell-pairs = {5565,5001}
Number of AO tiles = 105
----------------------------
Electronic dipole expectation value using SCF density: 
dipole_x_elec: 3.45990609
dipole_y_elec: -7.11497114
dipole_z_elec: -16.48236536

d_n/N value: d_n is nuclear dipole moment and N is the total number of electrons 
d_nuc_x: -0.07254250
d_nuc_y: 0.08448884
d_nuc_z: 0.18073812

<d_e+d_n> expectation values: 
dipole_total_x: -3.64925883
dipole_total_y: 1.16493556
dipole_total_z: 1.22997059
----------------------------


 CCSD iterations
------------------------------------------------------------
  Iter     Residuum          Correlation          Time(s)
------------------------------------------------------------
   1     1.1852647419099    0.0000000000000         84.66
   2     0.1703773408616   -1.6327426803451         83.72
   3     0.0653870409523   -1.6282947782696         83.67
   4     0.0229926408225   -1.6926374351503         83.62
   5     0.0183681895204   -1.6884405176412         83.88
 MICROCYCLE DIIS UPDATE:                    6
   6     0.0086585673022   -1.6984073413505         82.21
   7     0.0060083595354   -1.6981432975661         82.23
   8     0.0047978971467   -1.6996357651342         82.12
   9     0.0049182731255   -1.6998673682606         82.39
  10     0.0060709315481   -1.7002238511592         82.98
 MICROCYCLE DIIS UPDATE:                   11
  11     0.0008524847278   -1.7008414196486         83.96
  12     0.0006321308340   -1.7007439532181         83.74
  13     0.0004982675151   -1.7008674586669         83.68
  14     0.0005548944035   -1.7008254942313         83.29
  15     0.0007762434609   -1.7008697763100         83.06
 MICROCYCLE DIIS UPDATE:                   16
  16     0.0001338859185   -1.7008988777359         83.07
  17     0.0000895869082   -1.7008712923735         83.33
  18     0.0000877534427   -1.7008907953089         83.43
  19     0.0000811745646   -1.7008921108014         83.69
  20     0.0001057748180   -1.7008946311516         83.56
 MICROCYCLE DIIS UPDATE:                   21
  21     0.0000271119725   -1.7009072546174         83.61
  22     0.0000220215945   -1.7009016341034         83.52
  23     0.0000180970832   -1.7009024924154         83.63
  24     0.0000217301396   -1.7009008958158         83.57
  25     0.0000304217650   -1.7009014652128         83.12
 MICROCYCLE DIIS UPDATE:                   26
  26     0.0000064295452   -1.7009005096004         83.30
  27     0.0000041860801   -1.7009000804958         83.36
  28     0.0000037194502   -1.7009009654686         83.90
  29     0.0000035281096   -1.7009010891507         83.41
  30     0.0000047739786   -1.7009012332697         83.26
 MICROCYCLE DIIS UPDATE:                   31
  31     0.0000014392218   -1.7009018840086         82.97
  32     0.0000012036959   -1.7009015381961         83.07
  33     0.0000009825638   -1.7009015386599         83.05
------------------------------------------------------------------
 Iterations converged
 CCSD correlation energy / hartree =        -1.700901538659874
 CCSD total energy / hartree       =     -3007.810400206870781

Time taken for spin-orbital canonical QED-CCSD: 2826.82 secs
