
ExaChem Git Information
{
 WARNING: Failed to retrieve the current git state.
}


TAMM Git Information
{
 Branch: main
 Commit Hash: e71357ad [e71357ad54f38748b4a7e175aa6760820d5ce96f]
 Commit Date: 2026-02-02 23:14:56 -0800
 Commit Message: add GitHub Actions workflow for releases
}


date: Mon Aug 10 13:38:01 2026
program: "/global/cfs/cdirs/m3196/heindelj/cavity_qed/software/install_gpu/bin/bin/ExaChem"
nnodes: 1, nproc_per_node: 4, nproc_total: 4, ngpus_per_node: 1, ngpus_total: 1

Memory information
{
[AMD EPYC 7763 64-Core Processor                ] : 
  CPU memory per node (GiB): 251
  Total CPU memory (GiB): 251
[NVIDIA A100-SXM4-80GB, CUDA v12.9] : 
  GPU memory per device (GiB): 79
  GPU memory per node (GiB): 79
  Total GPU memory (GiB): 79
}

------------------------------------------------------------

Input file provided: /global/cfs/cdirs/m4262/heindelj/cavity_qed/mlip/lambda_scans/grid_scans_optimized_geoms/runs_grid_no_freq/ortho_th27_ph180/ortho_th27_ph180_qed_ccsd_input.json

{
  "geometry": {
    "coordinates": [
      "C    -1.788132841900    1.943308665200    0.701938027600",
      "C    -0.369337290700    1.986081094800    0.714865856000",
      "C     0.294806067800    0.820465523200    0.701011156700",
      "C    -2.512038412000    0.753936818000    0.728916970700",
      "H    -2.324615783000    2.885367157100    0.685750183100",
      "H     0.163479490400    2.925879236500    0.749720630200",
      "H    -3.590776632300    0.772418193000    0.744518467500",
      "N     1.782568079000    0.830674711700    0.756387640200",
      "O     2.309533584800   -0.250164282000    0.828445321900",
      "O     2.304823278100    1.911745097700    0.757292552300",
      "C    -1.831430455100   -0.428717609100    0.754093100600",
      "H    -2.355425830500   -1.375992847800    0.784610479600",
      "C    -0.367273358400   -0.490042648600    0.643512061700",
      "H     0.090800871700   -1.191207428000    1.341908755900",
      "Br   -0.160481677600   -1.309274922400   -1.103243207900"
    ],
    "units": "angstrom",
    "noorient": true
  },
  "common": {
    "maxiter": 100,
    "debug": false
  },
  "basis": {
    "basisset": "6-311G*"
  },
  "SCF": {
    "charge": 1,
    "multiplicity": 1,
    "lshift": 0,
    "tol_lindep": 1e-10,
    "conve": 1e-07,
    "convd": 1e-05,
    "diis_hist": 10,
    "writem": 10,
    "restart": false,
    "noscf": false,
    "scf_type": "restricted",
    "debug": false,
    "qed_omegas": [
      0.06615
    ],
    "qed_volumes": [],
    "qed_lambdas": [
      0.1
    ],
    "qed_polvecs": [
      [
        -0.45399049973954675,
        5.559780123493432e-17,
        0.8910065241883679
      ]
    ],
    "direct_df": false
  },
  "CD": {
    "debug": false,
    "diagtol": 1e-06
  },
  "CC": {
    "threshold": 1e-06,
    "ndiis": 5,
    "ccsd_maxiter": 200,
    "tilesize": 40,
    "freeze": {
      "atomic": true
    },
    "readt": false,
    "writet": true,
    "writet_iter": 5,
    "debug": false,
    "profile_ccsd": false,
    "balance_tiles": true
  },
  "TASK": {
    "scf": false,
    "ccsd": true
  }
}

Output folder & files prefix: ortho_th27_ph180_qed_ccsd_input.6-311g*

  C (carbon)
  ----------
          Exponent        Coefficients
      ----------------  --------------------
  1 S  4.56324000E+03      0.778202
  1 S  6.82024000E+02      1.448695
  1 S  1.54973000E+02      2.383089
  1 S  4.44553000E+01      3.200089
  1 S  1.30290000E+01      3.013004
  1 S  1.82773000E+00      0.247599

  2 S  2.09642000E+01      0.800629
  2 S  4.80331000E+00      2.127420
  2 S  1.45933000E+00     -0.002868

  3 P  2.09642000E+01      2.573592
  3 P  4.80331000E+00      2.408248
  3 P  1.45933000E+00      1.865281

  4 S  4.83456000E-01      0.413217

  5 P  4.83456000E-01      0.574627

  6 S  1.45585000E-01      0.167976

  7 P  1.45585000E-01      0.128185

  8 D  6.26000000E-01      0.725128


  H (hydrogen)
  ------------
          Exponent        Coefficients
      ----------------  --------------------
  1 S  3.38650000E+01      0.255069
  1 S  5.09479000E+00      0.460109
  1 S  1.15879000E+00      0.678321

  2 S  3.25840000E-01      0.307371

  3 S  1.02741000E-01      0.129336


  N (nitrogen)
  ------------
          Exponent        Coefficients
      ----------------  --------------------
  1 S  6.29348000E+03      0.991968
  1 S  9.49044000E+02      1.823240
  1 S  2.18776000E+02      2.979891
  1 S  6.36916000E+01      4.000007
  1 S  1.88282000E+01      3.881008
  1 S  2.72023000E+00      0.386764

  2 S  3.06331000E+01      1.038501
  2 S  7.02614000E+00      2.834794
  2 S  2.11205000E+00     -0.003208

  3 P  3.06331000E+01      3.935616
  3 P  7.02614000E+00      3.870994
  3 P  2.11205000E+00      2.967271

  4 S  6.84009000E-01      0.536051

  5 P  6.84009000E-01      0.886681

  6 S  2.00878000E-01      0.213850

  7 P  2.00878000E-01      0.191693

  8 D  9.13000000E-01      1.403568


  O (oxygen)
  ----------
          Exponent        Coefficients
      ----------------  --------------------
  1 S  8.58850000E+03      1.205013
  1 S  1.29723000E+03      2.216205
  1 S  2.99296000E+02      3.627452
  1 S  8.73771000E+01      4.888452
  1 S  2.56789000E+01      4.835721
  1 S  3.74004000E+00      0.538229

  2 S  4.21175000E+01      1.341958
  2 S  9.62837000E+00      3.587114
  2 S  2.85332000E+00     -0.005123

  3 P  4.21175000E+01      5.584018
  3 P  9.62837000E+00      5.733366
  3 P  2.85332000E+00      4.332955

  4 S  9.05661000E-01      0.661659

  5 P  9.05661000E-01      1.259352

  6 S  2.55611000E-01      0.256209

  7 P  2.55611000E-01      0.259068

  8 D  1.29200000E+00      2.577026


  Br (bromine)
  ------------
          Exponent        Coefficients
      ----------------  --------------------
  1 S  4.39700000E+05      9.893706
  1 S  6.60300000E+04     18.450679
  1 S  1.51400000E+04     31.049770
  1 S  4.31700000E+03     48.888138
  1 S  1.41400000E+03     64.847798
  1 S  5.23900000E+02     42.245010

  2 S  5.23900000E+02     14.290679
  2 S  2.07700000E+02     24.083128
  2 S  8.65400000E+01      5.132542

  3 S  3.05200000E+01      9.254405

  4 S  1.29800000E+01      4.873782

  5 S  4.41200000E+00      2.169635

  6 S  1.86200000E+00      1.136043

  7 S  3.93200000E-01      0.353892

  8 S  1.40000000E-01      0.163120

  9 P  2.95700000E+03    691.874478
  9 P  7.00300000E+02    925.332763
  9 P  2.24600000E+02   1068.830732

  10 P  8.25900000E+01    122.079275
  10 P  3.31900000E+01     57.580687
  10 P  1.42000000E+01     10.176170

  11 P  1.42000000E+01      3.129736
  11 P  7.43800000E+00      6.538168
  11 P  3.52600000E+00      4.166276

  12 P  1.59500000E+00      2.555000

  13 P  8.46200000E-01      1.156861

  14 P  3.18600000E-01      0.341191

  15 P  1.09600000E-01      0.089888

  16 D  1.34800000E+02    160.709187
  16 D  3.63900000E+01    119.797406
  16 D  1.21600000E+01     55.531619
  16 D  4.34100000E+00     12.984636

  17 D  1.53500000E+00      3.484168

  18 D  4.51000000E-01      0.408525



Printing Internal Coordinates

------------------------------------------------------------
                Bond Lengths

i      j        Length (Angstroms)     Length (Bohr)
0      1          1.4194990051         2.6824643557
0      3          1.3926135604         2.6316582284
0      4          1.0842279256         2.0488938374
1      2          1.3416176855         2.5352899913
1      5          1.0808927443         2.0425912582
2      7          1.4888272514         2.8134757539
2      12         1.4693831974         2.7767318171
3      6          1.0790093215         2.0390321049
3      10         1.3647463216         2.5789967793
7      8          1.2046152432         2.2763928967
7      9          1.2006100497         2.2688241779
10     11         1.0829740725         2.0465243985
10     12         1.4696070667         2.7771548687
12     13         1.0905145531         2.0607738418
12     14         1.9403758114         3.6667788649

Number of Bonds: 15

------------------------------------------------------------
           Bond Angles

i      j      k      Angle (degrees)
0      1      2        117.9378 
0      1      5        121.2779 
0      3      6        120.3539 
0      3      10       118.7654 
1      0      3        123.0328 
1      0      4        117.9380 
1      2      7        119.2313 
1      2      12       123.5198 
2      1      5        120.7781 
2      7      8        115.6718 
2      7      9        116.1602 
2      12     10       114.1264 
2      12     13       111.0460 
2      12     14       111.3313 
3      0      4        119.0222 
3      10     11       121.1455 
3      10     12       122.1157 
6      3      10       120.8744 
7      2      12       117.2473 
8      7      9        128.1395 
10     12     13       113.3993 
10     12     14       101.0422 
11     10     12       116.5946 
13     12     14       105.0875 

Number of Angles: 24

------------------------------------------------------------
              Torsional Angles

i      j      k      l      Angle (degrees)
3      0      1      2          2.6101 
4      0      1      2       -178.3618 
5      1      0      3       -176.4912 
5      1      0      4          2.5368 
6      3      0      1        178.3454 
6      3      0      4         -0.6726 
10     3      0      1         -0.7480 
10     3      0      4       -179.7660 
11     10     3      0        179.4381 
11     10     3      6          0.3496 

Number of Torsional Angles: 10


----------------------------------------------------------------------
                          Center of Mass

         x               y               z              Unit
 -0.005014219711  -0.03624348929    0.0150796908      Angstrom
 -0.009475501989  -0.06849026861   0.02849648568          Bohr

----------------------------------------------------------------------
                Moment of Inertia Tensor

            1803.3          -121.652          -101.837
          -121.652           2017.91          -662.471
          -101.837          -662.471           2638.96

----------------------------------------------------------------------
                      Principal Moments of Inertia

           x                 y                 z                Unit
        423.355298        528.671673        857.004746       amu * ang^2
       1511.829216       1887.920818       3060.419508      amu * bohr^2
  7.0299849126e-38  8.7788056559e-38  1.4230908324e-37          g * cm^2

 - Molecule is an asymmetric top.

----------------------------------------------------------------------

         Rotational constants (MHz)

    A = 1.1937e+03        B = 9.5594e+02        C = 5.8970e+02

----------------------------------------------------------------------

        Rotational constants (cm-1)

    A = 3.9819e-02        B = 3.1887e-02        C = 1.9670e-02

----------------------------------------------------------------------

                                Z-Matrix
C   
C        1       2.6824644
C        2         2.53529     1       117.93783
C        3      5.30591914     2     61.68069394     1         -1.2326
H        4      4.04418429     3     83.60702177     2          1.4645
H        5      4.70399543     4     95.92503010     3         -2.0444
H        6      8.17879505     5     28.93664944     4         -1.2073
N        7     10.15477142     6     29.21765840     5        177.2162
O        8      2.27639290     7    115.33015616     6        176.3506
O        9      4.08763839     8     25.88384689     7       -175.7628
C       10      8.98094620     9     60.64078237     8          2.8670
H       11      2.04652440    10    148.41347321     9          0.9621
C       12      4.12184175    11     37.04764150    10         -6.7194
H       13      2.06077384    12     94.60530222    11        137.2928
Br      14      4.65035874    13     49.58015681    12         90.2849

----------------------------------------------------------------------

             Converted back to Cartesian

C        0.000000      0.000000      0.000000
C        0.000000      0.000000      2.682464
C        0.000000      0.091063      0.148810
C        0.000037     -0.199105      5.446789
H       -0.000076      0.124823      1.415599
H        0.000254     -0.388785      6.091471
H       -0.000397      0.575846     -2.030239
N       -0.004368     -0.711412      8.042612
O       -0.003543     -0.343714      5.796112
O       -0.003273     -1.035715      9.824750
C       -0.013026      0.647666      1.002985
H       -0.005727      0.173746      2.993867
C       -0.022880      1.173378     -1.004886
H       -0.013660      0.616202      0.979115
Br      -0.037154      1.940950     -3.478500

----------------------------------------------------------------------
                       Geometry in bohr 

1     C      -3.3790813479    3.6723211553    1.3264706295
2     C      -0.6979463275    3.7531493330    1.3509006846
3     C       0.5571027284    1.5504551346    1.3247190974
4     C      -4.7470646164    1.4247341023    1.3774534431
5     H      -4.3928871778    5.4525536996    1.2958800369
6     H       0.3089314641    5.5291104345    1.4167666620
7     H      -6.7855844144    1.4596588394    1.4069359993
8     N       3.3685654701    1.5697477048    1.4293654850
9     O       4.3643859539   -0.4727419795    1.5655347687
10    O       4.3554847642    3.6126746572    1.4310755210
11    C      -3.4609019788   -0.8101588666    1.4250294336
12    H      -4.4511097295   -2.6002496335    1.4826989220
13    C      -0.6940460607   -0.9260463959    1.2160615553
14    H       0.1715887795   -2.2510557981    2.5358400346
15    Br     -0.3032664189   -2.4741710269   -2.0848275132

 Number of nodes, processes per node used for SCF calculation: 1, 4

Common Options
{
  maxiter       = 100
  basis         = 6-311g* spherical
  geom_units    = angstrom
  ang2au factor = 1.889726126
  debug         = false
  file_prefix   = ortho_th27_ph180_qed_ccsd_input
}

SCF Options
{
  charge            = 1
  multiplicity      = 1
  level shift       = 0
  tol_int           = 1e-22
  tol_sch           = 1e-12
  tol_lindep        = 1e-10
  conve             = 1e-07
  convd             = 1e-05
  diis_hist         = 10
  AO_tilesize       = 30
  writem            = 10
  damp              = 100
  n_lindep          = 0
  scf_type          = restricted
  cuscf             = false
  qed_omegas        = [0.06615,]
  qed_lambdas       = [0.1,]
  qed_polvecs       = [[-0.4539904997,5.559780123e-17,0.8910065242,],]
  direct_df         = false
  restart_size      = 2000
  restart           = false
  debug             = false
}

Number of basis functions = 221

Total number of shells = 105

Total number of electrons = 98
  # of alpha electrons    = 49
  # of beta electons      = 49

Nuclear repulsion energy  = 779.396719226649

# of {all,non-negligible} shell-pairs = {5565,4995}
Number of AO tiles = 105

Time for initial setup: 0.02 secs
HF exch = 1.00

Time for computing 1-e integrals T, V, S: 0.01 secs
Time for computing orthogonalizer: 0.01 secs

Superposition of Atomic Density Guess ...
Time taken for SAD: 0.33 secs
Total Time to compute initial guess: 0.33 secs


 SCF iterations
-----------------------------------------------------------------------------
 Iter     Energy            E-Diff       RMSD        |[F,P]|^2       Time(s)
-----------------------------------------------------------------------------
   1  -3011.8039789867    -3.01e+03     1.68e-02     1.50e+03         0.7 
   2  -3005.8144450888     5.99e+00     6.82e-03     7.54e+00         2.2 
   3  -3005.9917119078    -1.77e-01     2.91e-03     4.11e+00         2.2 
   4  -3006.1094239477    -1.18e-01     1.16e-03     1.25e-01         2.2 
   5  -3006.1164460324    -7.02e-03     2.64e-04     1.09e-02         2.2 
   6  -3006.1170129987    -5.67e-04     1.45e-04     1.46e-03         2.2 
   7  -3006.1171634921    -1.50e-04     6.65e-05     4.77e-04         2.2 
   8  -3006.1172054991    -4.20e-05     3.82e-05     1.01e-04         2.2 
   9  -3006.1172170510    -1.16e-05     1.67e-05     1.24e-05         2.2 
  10  -3006.1172190034    -1.95e-06     6.88e-06     2.88e-06         2.2 
  11  -3006.1172193602    -3.57e-07     4.34e-06     6.39e-07         2.3 
  12  -3006.1172194767    -1.17e-07     1.94e-06     1.51e-07         2.2 
  13  -3006.1172195051    -2.84e-08     1.15e-06     3.60e-08         2.2 

** Total SCF energy = -3006.1172195050517

Nuclear repulsion energy = 779.396719226648656
#electrons        = 98
1e energy kinetic = 3006.1887437567165762
1e energy N-e     = -8712.1485347518209892
1e energy         = -5704.0271741772130554
2e energy         = 1920.2612203777650848
QED energy        = 0.1846318856401987
QED eT energy     = 0.1610715812409761
QED eT energy from matrix = 0.1610715812409584

 Polarizability Matrix (QED energy = 0.5 * lambda.dot(matrix * lambda))
[40.14331598, -1.14625879, -0.13364594]
[-1.14625879, 45.53014897,  1.04554173]
[-0.13364594,  1.04554173, 35.95501573]

 Polarizability Matrix (QED eT energy = 0.5 * lambda.dot(matrix * lambda))
[36.35918323, -1.23113187, -0.17111350]
[-1.23113187, 42.57331693,  1.24237995]
[-0.17111350,  1.24237995, 30.96386834]


                      Electron        Nuclear        Total  
                  ------------------------------------------
    Monopole         -98.000000     99.000000      1.000000

      Dipole   X       3.321209     -6.956087     -3.634878
      Dipole   Y      -7.835383      9.088454      1.253071
      Dipole   Z     -15.953576     17.271408      1.317833

  Quadrupole  XX    -796.629909    755.332462    -41.297447
  Quadrupole  XY     -52.547714     46.799704     -5.748010
  Quadrupole  XZ     -43.016939     37.380907     -5.636032
  Quadrupole  YY    -650.570783    613.080440    -37.490343
  Quadrupole  YZ    -306.648322    309.135389      2.487066
  Quadrupole  ZZ    -326.964279    281.192576    -45.771703

    Octupole XXX     -59.409903    -17.785754    -77.195657
    Octupole XXY   -1118.843066   1111.503401     -7.339665
    Octupole XXZ   -1082.640387   1071.402363    -11.238024
    Octupole XYY      70.226213   -108.537636    -38.311423
    Octupole XYZ       7.947745    -14.276193     -6.328447
    Octupole XZZ      18.277150     -9.715493      8.561657
    Octupole YYY    -842.990961    824.707301    -18.283660
    Octupole YYZ    -118.252276    107.162908    -11.089367
    Octupole YZZ     176.905699   -206.745915    -29.840215
    Octupole ZZZ      54.044731   -128.626370    -74.581639

writing orbitals and density to disk ... done.

Total Time taken for Hartree-Fock: 28.31 secs

CD Options
{
  debug             = false
  skip_cd           = [false, 100]
  write_cv          = [false, 5000]
  diagtol           = 1e-06
  itilesize         = 1000
  max_cvecs_factor  = 12
}

- #occupied, #virtual = 98, 344

- Tilesize for the MSO space: 40

-----------------------------------------------------
Begin 2-index transformation ... 

nAO, nMO, nelectrons = 221, 442, 98
n_occ_alpha, n_vir_alpha, n_occ_beta, n_vir_beta = 49,172,49,172

Time taken for Fao->Fmo transform: 0.00 secs

-----------------------------------------------------
Number of AO tiles = 105
# of {all,non-negligible} shell-pairs = {5565,4995}

    Begin Cholesky Decomposition
---------------------------------------------
Total # of mpi ranks used for Cholesky decomposition: 4
  --> Number of nodes, mpi ranks per node: 1, 4
- CPU memory required for computing cholesky vectors: 1.93 GiB

- Time for computing the diagonal: 0.01 secs

- Total number of cholesky vectors = 1650

- Time to compute cholesky vectors: 15.21 secs

- CPU memory required for resizing the ao cholesky tensor: 1.57 GiB
- CPU memory required for ao2mo transformation: 1.70 GiB
- CPU memory required for the 2-step contraction: 2.12 GiB

- Time for ao to mo transform: 1.57 secs

   End Cholesky Decomposition
---------------------------------------------

Total Time taken for Cholesky Decomposition: 18.69 secs

scf_type = restricted
Closed-Shell SCF
QED-HF Enabled
nbf = 203
nbf_orig = 221
n_lindep = 0
focc = 1
nmo = 406
nocc = 62
nvir = 344
n_occ_alpha = 31
n_vir_alpha = 172
n_occ_beta = 31
n_vir_beta = 172
nelectrons = 98
nelectrons_alpha = 49
nelectrons_beta = 49
freeze atomic = true
n_frozen_core = 18
n_frozen_virtual = 0
----------------------------
--------- QED-CCSD --------
lambda_x: -0.0454
lambda_y: 0.0000
lambda_z: 0.0891
omega: 0.066150
coupling_factor_x: -0.008257
coupling_factor_y: 0.000000
coupling_factor_z: 0.016204
----------------------------
# of {all,non-negligible} shell-pairs = {5565,4995}
Number of AO tiles = 105
----------------------------
Electronic dipole expectation value using SCF density: 
dipole_x_elec: 3.32101970
dipole_y_elec: -7.83544845
dipole_z_elec: -15.95359447

d_n/N value: d_n is nuclear dipole moment and N is the total number of electrons 
d_nuc_x: -0.07098048
d_nuc_y: 0.09273932
d_nuc_z: 0.17623886

<d_e+d_n> expectation values: 
dipole_total_x: -3.63506762
dipole_total_y: 1.25300529
dipole_total_z: 1.31781400
----------------------------


 CCSD iterations
------------------------------------------------------------
  Iter     Residuum          Correlation          Time(s)
------------------------------------------------------------
   1     1.1859737862956    0.0000000000000         88.72
   2     0.1705887221470   -1.6741522406398         87.83
   3     0.0706924593714   -1.6252758871145         87.18
   4     0.0247151068167   -1.6995111025990         86.86
   5     0.0212222560016   -1.6879119157530         86.87
 MICROCYCLE DIIS UPDATE:                    6
   6     0.0080176613200   -1.6988112038726         86.64
   7     0.0050345763763   -1.6985184909568         85.65
   8     0.0033069301524   -1.6999805872686         85.61
   9     0.0023017498822   -1.7000667640086         85.77
  10     0.0023484216039   -1.7004265527431         84.92
 MICROCYCLE DIIS UPDATE:                   11
  11     0.0006242598198   -1.7008245465783         84.86
  12     0.0004178044079   -1.7009305612132         84.69
  13     0.0003030332457   -1.7008905582165         84.70
  14     0.0002429182469   -1.7008929053861         84.79
  15     0.0001837891780   -1.7008931435414         84.79
 MICROCYCLE DIIS UPDATE:                   16
  16     0.0000794770411   -1.7008795204271         85.58
  17     0.0000512884446   -1.7009028479611         85.81
  18     0.0000437300579   -1.7009099317128         85.36
  19     0.0000322992144   -1.7009123120931         85.71
  20     0.0000324644188   -1.7009139342248         85.47
 MICROCYCLE DIIS UPDATE:                   21
  21     0.0000136654031   -1.7009181516311         85.61
  22     0.0000092034212   -1.7009192675208         85.73
  23     0.0000064116133   -1.7009177173720         85.67
  24     0.0000054777403   -1.7009175081414         85.63
  25     0.0000043989221   -1.7009172256589         85.39
 MICROCYCLE DIIS UPDATE:                   26
  26     0.0000023346785   -1.7009161457249         86.34
  27     0.0000014807587   -1.7009169132064         85.25
  28     0.0000012173323   -1.7009170781001         84.31
  29     0.0000009787481   -1.7009171805429         84.23
------------------------------------------------------------------
 Iterations converged
 CCSD correlation energy / hartree =        -1.700917180542888
 CCSD total energy / hartree       =     -3007.818136685594709

Time taken for spin-orbital canonical QED-CCSD: 2545.05 secs
