
ExaChem Git Information
{
 WARNING: Failed to retrieve the current git state.
}


TAMM Git Information
{
 Branch: main
 Commit Hash: e71357ad [e71357ad54f38748b4a7e175aa6760820d5ce96f]
 Commit Date: 2026-02-02 23:14:56 -0800
 Commit Message: add GitHub Actions workflow for releases
}


date: Wed Aug  5 21:05:41 2026
program: "/global/cfs/cdirs/m3196/heindelj/cavity_qed/software/install_gpu/bin/bin/ExaChem"
nnodes: 1, nproc_per_node: 4, nproc_total: 4, ngpus_per_node: 1, ngpus_total: 1

Memory information
{
[AMD EPYC 7763 64-Core Processor                ] : 
  CPU memory per node (GiB): 251
  Total CPU memory (GiB): 251
[NVIDIA A100-SXM4-40GB, CUDA v12.9] : 
  GPU memory per device (GiB): 39
  GPU memory per node (GiB): 39
  Total GPU memory (GiB): 39
}

------------------------------------------------------------

Input file provided: /global/cfs/cdirs/m4262/heindelj/cavity_qed/mlip/lambda_scans/grid_scans_optimized_geoms/runs_grid_no_freq/ortho_th81_ph90/ortho_th81_ph90_qed_ccsd_input.json

{
  "geometry": {
    "coordinates": [
      "C    -1.774559962600    1.919443467500    0.822603303300",
      "C    -0.375666326800    1.972898709200    0.799414564000",
      "C     0.302892940600    0.810616905800    0.714790459300",
      "C    -2.510666855000    0.728610728600    0.779185916700",
      "H    -2.318128858000    2.849447491200    0.886715023100",
      "H     0.148358147100    2.910210295300    0.864531193800",
      "H    -3.589127119600    0.750333710300    0.824682558600",
      "N     1.766585274000    0.797388025200    0.782727752200",
      "O     2.190552026800    0.492354017000    1.867395357700",
      "O     2.364194877900    1.081736659300   -0.215411913600",
      "C    -1.835582076200   -0.434775396400    0.669269734100",
      "H    -2.363692325600   -1.372742702000    0.612037683000",
      "C    -0.366859187600   -0.485917574600    0.541999977600",
      "H     0.081982928400   -1.255215680800    1.165973918200",
      "Br   -0.073784364200   -0.979911929600   -1.326187563700"
    ],
    "units": "angstrom",
    "noorient": true
  },
  "common": {
    "maxiter": 100,
    "debug": false
  },
  "basis": {
    "basisset": "6-311G*"
  },
  "SCF": {
    "charge": 1,
    "multiplicity": 1,
    "lshift": 0,
    "tol_lindep": 1e-10,
    "conve": 1e-07,
    "convd": 1e-05,
    "diis_hist": 10,
    "writem": 10,
    "restart": false,
    "noscf": false,
    "scf_type": "restricted",
    "debug": false,
    "qed_omegas": [
      0.06615
    ],
    "qed_volumes": [],
    "qed_lambdas": [
      0.1
    ],
    "qed_polvecs": [
      [
        6.047846824324981e-17,
        0.9876883405951378,
        0.15643446504023092
      ]
    ],
    "direct_df": false
  },
  "CD": {
    "debug": false,
    "diagtol": 1e-06
  },
  "CC": {
    "threshold": 1e-06,
    "ndiis": 5,
    "ccsd_maxiter": 200,
    "tilesize": 40,
    "freeze": {
      "atomic": true
    },
    "readt": false,
    "writet": true,
    "writet_iter": 5,
    "debug": false,
    "profile_ccsd": false,
    "balance_tiles": true
  },
  "TASK": {
    "scf": false,
    "ccsd": true
  }
}

Output folder & files prefix: ortho_th81_ph90_qed_ccsd_input.6-311g*

  C (carbon)
  ----------
          Exponent        Coefficients
      ----------------  --------------------
  1 S  4.56324000E+03      0.778202
  1 S  6.82024000E+02      1.448695
  1 S  1.54973000E+02      2.383089
  1 S  4.44553000E+01      3.200089
  1 S  1.30290000E+01      3.013004
  1 S  1.82773000E+00      0.247599

  2 S  2.09642000E+01      0.800629
  2 S  4.80331000E+00      2.127420
  2 S  1.45933000E+00     -0.002868

  3 P  2.09642000E+01      2.573592
  3 P  4.80331000E+00      2.408248
  3 P  1.45933000E+00      1.865281

  4 S  4.83456000E-01      0.413217

  5 P  4.83456000E-01      0.574627

  6 S  1.45585000E-01      0.167976

  7 P  1.45585000E-01      0.128185

  8 D  6.26000000E-01      0.725128


  H (hydrogen)
  ------------
          Exponent        Coefficients
      ----------------  --------------------
  1 S  3.38650000E+01      0.255069
  1 S  5.09479000E+00      0.460109
  1 S  1.15879000E+00      0.678321

  2 S  3.25840000E-01      0.307371

  3 S  1.02741000E-01      0.129336


  N (nitrogen)
  ------------
          Exponent        Coefficients
      ----------------  --------------------
  1 S  6.29348000E+03      0.991968
  1 S  9.49044000E+02      1.823240
  1 S  2.18776000E+02      2.979891
  1 S  6.36916000E+01      4.000007
  1 S  1.88282000E+01      3.881008
  1 S  2.72023000E+00      0.386764

  2 S  3.06331000E+01      1.038501
  2 S  7.02614000E+00      2.834794
  2 S  2.11205000E+00     -0.003208

  3 P  3.06331000E+01      3.935616
  3 P  7.02614000E+00      3.870994
  3 P  2.11205000E+00      2.967271

  4 S  6.84009000E-01      0.536051

  5 P  6.84009000E-01      0.886681

  6 S  2.00878000E-01      0.213850

  7 P  2.00878000E-01      0.191693

  8 D  9.13000000E-01      1.403568


  O (oxygen)
  ----------
          Exponent        Coefficients
      ----------------  --------------------
  1 S  8.58850000E+03      1.205013
  1 S  1.29723000E+03      2.216205
  1 S  2.99296000E+02      3.627452
  1 S  8.73771000E+01      4.888452
  1 S  2.56789000E+01      4.835721
  1 S  3.74004000E+00      0.538229

  2 S  4.21175000E+01      1.341958
  2 S  9.62837000E+00      3.587114
  2 S  2.85332000E+00     -0.005123

  3 P  4.21175000E+01      5.584018
  3 P  9.62837000E+00      5.733366
  3 P  2.85332000E+00      4.332955

  4 S  9.05661000E-01      0.661659

  5 P  9.05661000E-01      1.259352

  6 S  2.55611000E-01      0.256209

  7 P  2.55611000E-01      0.259068

  8 D  1.29200000E+00      2.577026


  Br (bromine)
  ------------
          Exponent        Coefficients
      ----------------  --------------------
  1 S  4.39700000E+05      9.893706
  1 S  6.60300000E+04     18.450679
  1 S  1.51400000E+04     31.049770
  1 S  4.31700000E+03     48.888138
  1 S  1.41400000E+03     64.847798
  1 S  5.23900000E+02     42.245010

  2 S  5.23900000E+02     14.290679
  2 S  2.07700000E+02     24.083128
  2 S  8.65400000E+01      5.132542

  3 S  3.05200000E+01      9.254405

  4 S  1.29800000E+01      4.873782

  5 S  4.41200000E+00      2.169635

  6 S  1.86200000E+00      1.136043

  7 S  3.93200000E-01      0.353892

  8 S  1.40000000E-01      0.163120

  9 P  2.95700000E+03    691.874478
  9 P  7.00300000E+02    925.332763
  9 P  2.24600000E+02   1068.830732

  10 P  8.25900000E+01    122.079275
  10 P  3.31900000E+01     57.580687
  10 P  1.42000000E+01     10.176170

  11 P  1.42000000E+01      3.129736
  11 P  7.43800000E+00      6.538168
  11 P  3.52600000E+00      4.166276

  12 P  1.59500000E+00      2.555000

  13 P  8.46200000E-01      1.156861

  14 P  3.18600000E-01      0.341191

  15 P  1.09600000E-01      0.089888

  16 D  1.34800000E+02    160.709187
  16 D  3.63900000E+01    119.797406
  16 D  1.21600000E+01     55.531619
  16 D  4.34100000E+00     12.984636

  17 D  1.53500000E+00      3.484168

  18 D  4.51000000E-01      0.408525



Printing Internal Coordinates

------------------------------------------------------------
                Bond Lengths

i      j        Length (Angstroms)     Length (Bohr)
0      1          1.4001066334         2.6458180841
0      3          1.4006502199         2.6468453138
0      4          1.0791130343         2.0392280937
1      2          1.3485187833         2.5483311761
1      5          1.0758228637         2.0330105725
2      7          1.4653278561         2.7690683327
2      12         1.4694985957         2.7769498882
3      6          1.0796380758         2.0402202783
3      10         1.3495511482         2.5502820630
7      8          1.2038676705         2.2749801891
7      9          1.1976118640         2.2631584281
10     11         1.0779418396         2.0370148565
10     12         1.4751135674         2.7875606470
12     13         1.0874843906         2.0550476645
12     14         1.9544942989         3.6934589395

Number of Bonds: 15

------------------------------------------------------------
           Bond Angles

i      j      k      Angle (degrees)
0      1      2        118.0918 
0      1      5        121.2606 
0      3      6        120.4350 
0      3      10       118.1999 
1      0      3        123.8512 
1      0      4        118.1227 
1      2      7        120.4974 
1      2      12       122.5808 
2      1      5        120.6389 
2      7      8        113.3182 
2      7      9        117.2362 
2      12     10       114.3972 
2      12     13       111.6273 
2      12     14       105.4887 
3      0      4        118.0236 
3      10     11       120.6214 
3      10     12       122.3423 
6      3      10       121.3632 
7      2      12       116.9200 
8      7      9        129.4456 
10     12     13       112.7038 
10     12     14       103.9178 
11     10     12       116.9398 
13     12     14       107.9240 

Number of Angles: 24

------------------------------------------------------------
              Torsional Angles

i      j      k      l      Angle (degrees)
3      0      1      2          0.7954 
4      0      1      2       -179.7830 
5      1      0      3       -178.1378 
5      1      0      4          1.2838 
6      3      0      1        178.4871 
6      3      0      4         -0.9350 
10     3      0      1         -2.0133 
10     3      0      4        178.5645 
11     10     3      0       -178.7360 
11     10     3      6          0.7587 

Number of Torsional Angles: 10


----------------------------------------------------------------------
                          Center of Mass

         x               y               z              Unit
   0.02397146554   0.07920786913  -0.06053344613      Angstrom
   0.04529950471    0.1496811797   -0.1143916346          Bohr

----------------------------------------------------------------------
                Moment of Inertia Tensor

           1731.99          -73.0227          -69.0911
          -73.0227           2283.69          -617.501
          -69.0911          -617.501           2251.61

----------------------------------------------------------------------
                      Principal Moments of Inertia

           x                 y                 z                Unit
       443.1340865       503.8980725       807.9868504       amu * ang^2
       1582.460552       1799.452685       2885.373425      amu * bohr^2
  7.3584196469e-38  8.3674300613e-38  1.3416946461e-37          g * cm^2

 - Molecule is an asymmetric top.

----------------------------------------------------------------------

         Rotational constants (MHz)

    A = 1.1405e+03        B = 1.0029e+03        C = 6.2548e+02

----------------------------------------------------------------------

        Rotational constants (cm-1)

    A = 3.8042e-02        B = 3.3454e-02        C = 2.0864e-02

----------------------------------------------------------------------

                                Z-Matrix
C   
C        1       2.6458181
C        2       2.5483312     1       118.09178
C        3      5.32050722     2     61.36850057     1         -0.3744
H        4      4.02940926     3     83.22028857     2          0.3160
H        5      4.66258756     4     96.56368484     3         -0.8134
H        6      8.15772047     5     28.63085959     4         -0.9212
N        7     10.12153076     6     29.53587388     5       -179.7998
O        8      2.27498019     7    110.05137911     6        103.9782
O        9      4.10362627     8     25.20672641     7        179.8311
C       10      8.60201109     9     69.47560903     8        -16.4017
H       11      2.03701486    10    137.01988462     9        -92.8801
C       12      4.13098915    11     36.98216270    10         12.9121
H       13      2.05504766    12     94.10868923    11        137.1803
Br      14      4.74728558    13     47.75310148    12         95.2666

----------------------------------------------------------------------

             Converted back to Cartesian

C        0.000000      0.000000      0.000000
C        0.000000      0.000000      2.645818
C        0.000000      0.091651      0.099136
C        0.000011     -0.199059      5.411695
H       -0.000019      0.123019      1.395178
H        0.000079     -0.386200      6.029875
H       -0.000104      0.575422     -2.070969
N        0.005124     -0.707936      7.968869
O       -0.002647     -0.344290      5.723154
O        0.012371     -1.031305      9.768835
C       -0.023971      0.587889      1.320670
H       -0.010704      0.121439      3.303516
C       -0.040337      1.112541     -0.706710
H       -0.024611      0.562525      1.273304
Br      -0.064082      1.899420     -3.281679

----------------------------------------------------------------------
                       Geometry in bohr 

1     C      -3.3534323233    3.6272224677    1.5544949535
2     C      -0.7099064724    3.7282382345    1.5106745870
3     C       0.5723847032    1.5318439450    1.3507582055
4     C      -4.7444727493    1.3768747295    1.4724479837
5     H      -4.3806286662    5.3846753685    1.6756485454
6     H       0.2803562666    5.4995004269    1.6337271836
7     H      -6.7824672871    1.4179252155    1.5584241766
8     N       3.3383623459    1.5068449837    1.4791410828
9     O       4.1395433952    0.9304142491    3.5288657948
10    O       4.4676808275    2.0441860264   -0.4070695210
11    C      -3.4687474056   -0.8216064255    1.2647365018
12    H      -4.4667311413   -2.5941077481    1.1565835996
13    C      -0.6932633913   -0.9182511358    1.0242315179
14    H       0.1549252817   -2.3720138657    2.2033713753
15    Br     -0.1394322407   -1.8517651745   -2.5061312870

 Number of nodes, processes per node used for SCF calculation: 1, 4

Common Options
{
  maxiter       = 100
  basis         = 6-311g* spherical
  geom_units    = angstrom
  ang2au factor = 1.889726126
  debug         = false
  file_prefix   = ortho_th81_ph90_qed_ccsd_input
}

SCF Options
{
  charge            = 1
  multiplicity      = 1
  level shift       = 0
  tol_int           = 1e-22
  tol_sch           = 1e-12
  tol_lindep        = 1e-10
  conve             = 1e-07
  convd             = 1e-05
  diis_hist         = 10
  AO_tilesize       = 30
  writem            = 10
  damp              = 100
  n_lindep          = 0
  scf_type          = restricted
  cuscf             = false
  qed_omegas        = [0.06615,]
  qed_lambdas       = [0.1,]
  qed_polvecs       = [[6.047846824e-17,0.9876883406,0.156434465,],]
  direct_df         = false
  restart_size      = 2000
  restart           = false
  debug             = false
}

Number of basis functions = 221

Total number of shells = 105

Total number of electrons = 98
  # of alpha electrons    = 49
  # of beta electons      = 49

Nuclear repulsion energy  = 783.032396201741

# of {all,non-negligible} shell-pairs = {5565,5001}
Number of AO tiles = 105

Time for initial setup: 0.02 secs
HF exch = 1.00

Time for computing 1-e integrals T, V, S: 0.01 secs
Time for computing orthogonalizer: 0.01 secs

Superposition of Atomic Density Guess ...
Time taken for SAD: 0.47 secs
Total Time to compute initial guess: 0.47 secs


 SCF iterations
-----------------------------------------------------------------------------
 Iter     Energy            E-Diff       RMSD        |[F,P]|^2       Time(s)
-----------------------------------------------------------------------------
   1  -3011.8448178815    -3.01e+03     1.66e-02     1.50e+03         0.7 
   2  -3005.7622295949     6.08e+00     6.78e-03     8.38e+00         2.2 
   3  -3005.9606422941    -1.98e-01     2.86e-03     4.37e+00         2.2 
   4  -3006.0874147505    -1.27e-01     1.20e-03     1.47e-01         2.2 
   5  -3006.0958282165    -8.41e-03     2.75e-04     1.10e-02         2.2 
   6  -3006.0965318074    -7.04e-04     1.79e-04     1.66e-03         2.2 
   7  -3006.0967587349    -2.27e-04     7.73e-05     3.57e-04         2.2 
   8  -3006.0968064462    -4.77e-05     3.20e-05     8.02e-05         2.2 
   9  -3006.0968158197    -9.37e-06     1.96e-05     2.39e-05         2.2 
  10  -3006.0968187686    -2.95e-06     9.38e-06     4.96e-06         2.2 
  11  -3006.0968194264    -6.58e-07     5.98e-06     1.11e-06         2.3 
  12  -3006.0968196568    -2.30e-07     3.06e-06     2.93e-07         2.3 
  13  -3006.0968197168    -6.00e-08     1.70e-06     6.24e-08         2.3 

** Total SCF energy = -3006.0968197167617

Nuclear repulsion energy = 783.032396201740880
#electrons        = 98
1e energy kinetic = 3006.2443807826466582
1e energy N-e     = -8719.0658518084492243
1e energy         = -5710.0093797766912758
2e energy         = 1923.4943835691910863
QED energy        = 0.1978715381097089
QED eT energy     = 0.1789393200460076
QED eT energy from matrix = 0.1789393200460136

 Polarizability Matrix (QED energy = 0.5 * lambda.dot(matrix * lambda))
[40.70712686, -1.02522120, -1.03435425]
[-1.02522120, 39.51667803,  0.06297611]
[-1.03435425,  0.06297611, 41.07639158]

 Polarizability Matrix (QED eT energy = 0.5 * lambda.dot(matrix * lambda))
[37.05807688, -1.10253284, -1.20598313]
[-1.10253284, 35.72357430,  0.08834204]
[-1.20598313,  0.08834204, 37.23513490]


                      Electron        Nuclear        Total  
                  ------------------------------------------
    Monopole         -98.000000     99.000000      1.000000

      Dipole   X      -1.020185     -2.232970     -3.253154
      Dipole   Y     -26.762519     28.014846      1.252327
      Dipole   Z      -3.737318      4.905580      1.168262

  Quadrupole  XX    -784.778613    743.306745    -41.471868
  Quadrupole  XY     -30.975523     25.802616     -5.172907
  Quadrupole  XZ     -26.645193     21.260691     -5.384503
  Quadrupole  YY    -481.831368    446.773132    -35.058237
  Quadrupole  YZ    -286.002808    289.954023      3.951215
  Quadrupole  ZZ    -466.920485    418.225284    -48.695201

    Octupole XXX      -7.831099    -64.438469    -72.269568
    Octupole XXY   -1084.190335   1070.458706    -13.731628
    Octupole XXZ   -1070.410143   1064.785859     -5.624285
    Octupole XYY     308.585692   -334.403666    -25.817974
    Octupole XYZ      87.823240    -93.483431     -5.660191
    Octupole XZZ    -257.318111    254.097811     -3.220300
    Octupole YYY    -823.057337    797.512520    -25.544817
    Octupole YYZ    -144.321632    149.644643      5.323011
    Octupole YZZ     110.425326   -145.673517    -35.248192
    Octupole ZZZ     -27.253994    -56.393680    -83.647674

writing orbitals and density to disk ... done.

Total Time taken for Hartree-Fock: 29.79 secs

CD Options
{
  debug             = false
  skip_cd           = [false, 100]
  write_cv          = [false, 5000]
  diagtol           = 1e-06
  itilesize         = 1000
  max_cvecs_factor  = 12
}

- #occupied, #virtual = 98, 344

- Tilesize for the MSO space: 40

-----------------------------------------------------
Begin 2-index transformation ... 

nAO, nMO, nelectrons = 221, 442, 98
n_occ_alpha, n_vir_alpha, n_occ_beta, n_vir_beta = 49,172,49,172

Time taken for Fao->Fmo transform: 0.00 secs

-----------------------------------------------------
Number of AO tiles = 105
# of {all,non-negligible} shell-pairs = {5565,5001}

    Begin Cholesky Decomposition
---------------------------------------------
Total # of mpi ranks used for Cholesky decomposition: 4
  --> Number of nodes, mpi ranks per node: 1, 4
- CPU memory required for computing cholesky vectors: 1.93 GiB

- Time for computing the diagonal: 0.01 secs

- Total number of cholesky vectors = 1638

- Time to compute cholesky vectors: 15.18 secs

- CPU memory required for resizing the ao cholesky tensor: 1.56 GiB
- CPU memory required for ao2mo transformation: 1.69 GiB
- CPU memory required for the 2-step contraction: 2.10 GiB

- Time for ao to mo transform: 1.56 secs

   End Cholesky Decomposition
---------------------------------------------

Total Time taken for Cholesky Decomposition: 19.15 secs

scf_type = restricted
Closed-Shell SCF
QED-HF Enabled
nbf = 203
nbf_orig = 221
n_lindep = 0
focc = 1
nmo = 406
nocc = 62
nvir = 344
n_occ_alpha = 31
n_vir_alpha = 172
n_occ_beta = 31
n_vir_beta = 172
nelectrons = 98
nelectrons_alpha = 49
nelectrons_beta = 49
freeze atomic = true
n_frozen_core = 18
n_frozen_virtual = 0
----------------------------
--------- QED-CCSD --------
lambda_x: 0.0000
lambda_y: 0.0988
lambda_z: 0.0156
omega: 0.066150
coupling_factor_x: 0.000000
coupling_factor_y: 0.017963
coupling_factor_z: 0.002845
----------------------------
# of {all,non-negligible} shell-pairs = {5565,5001}
Number of AO tiles = 105
----------------------------
Electronic dipole expectation value using SCF density: 
dipole_x_elec: -1.02038353
dipole_y_elec: -26.76259822
dipole_z_elec: -3.73738870

d_n/N value: d_n is nuclear dipole moment and N is the total number of electrons 
d_nuc_x: -0.02278540
d_nuc_y: 0.28586578
d_nuc_z: 0.05005694

<d_e+d_n> expectation values: 
dipole_total_x: -3.25335313
dipole_total_y: 1.25224806
dipole_total_z: 1.16819141
----------------------------


 CCSD iterations
------------------------------------------------------------
  Iter     Residuum          Correlation          Time(s)
------------------------------------------------------------
   1     1.1863851738971    0.0000000000000         86.98
   2     0.1738130437740   -1.6735292106073         86.02
   3     0.0747793279256   -1.6275891782932         85.81
   4     0.0266172900709   -1.7084266716451         85.91
   5     0.0228090873257   -1.6936711890393         85.86
 MICROCYCLE DIIS UPDATE:                    6
   6     0.0084511769524   -1.7067588563224         84.59
   7     0.0054368678367   -1.7063719140944         83.58
   8     0.0037929759279   -1.7080217327083         84.30
   9     0.0028774930294   -1.7081357995491         85.06
  10     0.0029074569223   -1.7085345366690         84.86
 MICROCYCLE DIIS UPDATE:                   11
  11     0.0007927815423   -1.7090511293780         83.56
  12     0.0006115077653   -1.7091392236404         84.20
  13     0.0004420203927   -1.7091211538612         85.36
  14     0.0003933569601   -1.7090986002007         84.48
  15     0.0003113948988   -1.7091175579460         84.52
 MICROCYCLE DIIS UPDATE:                   16
  16     0.0001096586153   -1.7090769591264         84.72
  17     0.0000697535963   -1.7091194395200         84.45
  18     0.0000576086696   -1.7091253826839         85.13
  19     0.0000489609794   -1.7091353226989         85.54
  20     0.0000523053555   -1.7091348849221         85.73
 MICROCYCLE DIIS UPDATE:                   21
  21     0.0000155615186   -1.7091431262228         85.01
  22     0.0000114984865   -1.7091434246866         84.86
  23     0.0000088085058   -1.7091430936363         85.01
  24     0.0000079307130   -1.7091423190956         85.41
  25     0.0000069453471   -1.7091426550499         85.01
 MICROCYCLE DIIS UPDATE:                   26
  26     0.0000025372485   -1.7091413262653         85.63
  27     0.0000014800641   -1.7091423606561         85.24
  28     0.0000012033052   -1.7091425055266         85.08
  29     0.0000009622112   -1.7091427272433         84.95
------------------------------------------------------------------
 Iterations converged
 CCSD correlation energy / hartree =        -1.709142727243328
 CCSD total energy / hartree       =     -3007.805962444005218

Time taken for spin-orbital canonical QED-CCSD: 2524.57 secs
