
ExaChem Git Information
{
 WARNING: Failed to retrieve the current git state.
}


TAMM Git Information
{
 Branch: main
 Commit Hash: e71357ad [e71357ad54f38748b4a7e175aa6760820d5ce96f]
 Commit Date: 2026-02-02 23:14:56 -0800
 Commit Message: add GitHub Actions workflow for releases
}


date: Tue Aug 11 02:00:32 2026
program: "/global/cfs/cdirs/m3196/heindelj/cavity_qed/software/install_gpu/bin/bin/ExaChem"
nnodes: 1, nproc_per_node: 4, nproc_total: 4, ngpus_per_node: 1, ngpus_total: 1

Memory information
{
[AMD EPYC 7763 64-Core Processor                ] : 
  CPU memory per node (GiB): 251
  Total CPU memory (GiB): 251
[NVIDIA A100-SXM4-80GB, CUDA v12.9] : 
  GPU memory per device (GiB): 79
  GPU memory per node (GiB): 79
  Total GPU memory (GiB): 79
}

------------------------------------------------------------

Input file provided: /global/cfs/cdirs/m4262/heindelj/cavity_qed/mlip/lambda_scans/grid_scans_optimized_geoms/runs_grid_no_freq/para_th9_ph54/para_th9_ph54_qed_ccsd_input.json

{
  "geometry": {
    "coordinates": [
      "C    -0.482761869500    1.240701778200    0.553251968300",
      "C     0.874499273900    1.254058356400    0.657029800100",
      "C     1.529389719400    0.023733067800    0.715065679400",
      "H    -1.047703417600    2.164080787300    0.508836421700",
      "H     1.448727272900    2.168951813400    0.689892490400",
      "N     3.024981249900    0.049453009300    0.864230569600",
      "O     3.556744714700   -1.016928882200    1.018283181100",
      "O     3.538451020800    1.134406268900    0.810547508700",
      "C    -0.443775806400   -1.254749633000    0.541535450900",
      "H    -0.980456585300   -2.194146937200    0.488698433600",
      "C     0.912886427000   -1.227061921700    0.652287313000",
      "H     1.514667491400   -2.124170346700    0.689631393600",
      "C    -1.232007689000   -0.018691684200    0.557414390600",
      "H    -1.710256521100   -0.038151820100    1.552022504100",
      "Br   -2.737466038600   -0.013963378100   -0.633287496400"
    ],
    "units": "angstrom",
    "noorient": true
  },
  "common": {
    "maxiter": 100,
    "debug": false
  },
  "basis": {
    "basisset": "6-311G*"
  },
  "SCF": {
    "charge": 1,
    "multiplicity": 1,
    "lshift": 0,
    "tol_lindep": 1e-10,
    "conve": 1e-07,
    "convd": 1e-05,
    "diis_hist": 10,
    "writem": 10,
    "restart": false,
    "noscf": false,
    "scf_type": "restricted",
    "debug": false,
    "qed_omegas": [
      0.06615
    ],
    "qed_volumes": [],
    "qed_lambdas": [
      0.1
    ],
    "qed_polvecs": [
      [
        0.09194987150091018,
        0.12655814072350038,
        0.9876883405951378
      ]
    ],
    "direct_df": false
  },
  "CD": {
    "debug": false,
    "diagtol": 1e-06
  },
  "CC": {
    "threshold": 1e-06,
    "ndiis": 5,
    "ccsd_maxiter": 200,
    "tilesize": 40,
    "freeze": {
      "atomic": true
    },
    "readt": false,
    "writet": true,
    "writet_iter": 5,
    "debug": false,
    "profile_ccsd": false,
    "balance_tiles": true
  },
  "TASK": {
    "scf": false,
    "ccsd": true
  }
}

Output folder & files prefix: para_th9_ph54_qed_ccsd_input.6-311g*

  C (carbon)
  ----------
          Exponent        Coefficients
      ----------------  --------------------
  1 S  4.56324000E+03      0.778202
  1 S  6.82024000E+02      1.448695
  1 S  1.54973000E+02      2.383089
  1 S  4.44553000E+01      3.200089
  1 S  1.30290000E+01      3.013004
  1 S  1.82773000E+00      0.247599

  2 S  2.09642000E+01      0.800629
  2 S  4.80331000E+00      2.127420
  2 S  1.45933000E+00     -0.002868

  3 P  2.09642000E+01      2.573592
  3 P  4.80331000E+00      2.408248
  3 P  1.45933000E+00      1.865281

  4 S  4.83456000E-01      0.413217

  5 P  4.83456000E-01      0.574627

  6 S  1.45585000E-01      0.167976

  7 P  1.45585000E-01      0.128185

  8 D  6.26000000E-01      0.725128


  H (hydrogen)
  ------------
          Exponent        Coefficients
      ----------------  --------------------
  1 S  3.38650000E+01      0.255069
  1 S  5.09479000E+00      0.460109
  1 S  1.15879000E+00      0.678321

  2 S  3.25840000E-01      0.307371

  3 S  1.02741000E-01      0.129336


  N (nitrogen)
  ------------
          Exponent        Coefficients
      ----------------  --------------------
  1 S  6.29348000E+03      0.991968
  1 S  9.49044000E+02      1.823240
  1 S  2.18776000E+02      2.979891
  1 S  6.36916000E+01      4.000007
  1 S  1.88282000E+01      3.881008
  1 S  2.72023000E+00      0.386764

  2 S  3.06331000E+01      1.038501
  2 S  7.02614000E+00      2.834794
  2 S  2.11205000E+00     -0.003208

  3 P  3.06331000E+01      3.935616
  3 P  7.02614000E+00      3.870994
  3 P  2.11205000E+00      2.967271

  4 S  6.84009000E-01      0.536051

  5 P  6.84009000E-01      0.886681

  6 S  2.00878000E-01      0.213850

  7 P  2.00878000E-01      0.191693

  8 D  9.13000000E-01      1.403568


  O (oxygen)
  ----------
          Exponent        Coefficients
      ----------------  --------------------
  1 S  8.58850000E+03      1.205013
  1 S  1.29723000E+03      2.216205
  1 S  2.99296000E+02      3.627452
  1 S  8.73771000E+01      4.888452
  1 S  2.56789000E+01      4.835721
  1 S  3.74004000E+00      0.538229

  2 S  4.21175000E+01      1.341958
  2 S  9.62837000E+00      3.587114
  2 S  2.85332000E+00     -0.005123

  3 P  4.21175000E+01      5.584018
  3 P  9.62837000E+00      5.733366
  3 P  2.85332000E+00      4.332955

  4 S  9.05661000E-01      0.661659

  5 P  9.05661000E-01      1.259352

  6 S  2.55611000E-01      0.256209

  7 P  2.55611000E-01      0.259068

  8 D  1.29200000E+00      2.577026


  Br (bromine)
  ------------
          Exponent        Coefficients
      ----------------  --------------------
  1 S  4.39700000E+05      9.893706
  1 S  6.60300000E+04     18.450679
  1 S  1.51400000E+04     31.049770
  1 S  4.31700000E+03     48.888138
  1 S  1.41400000E+03     64.847798
  1 S  5.23900000E+02     42.245010

  2 S  5.23900000E+02     14.290679
  2 S  2.07700000E+02     24.083128
  2 S  8.65400000E+01      5.132542

  3 S  3.05200000E+01      9.254405

  4 S  1.29800000E+01      4.873782

  5 S  4.41200000E+00      2.169635

  6 S  1.86200000E+00      1.136043

  7 S  3.93200000E-01      0.353892

  8 S  1.40000000E-01      0.163120

  9 P  2.95700000E+03    691.874478
  9 P  7.00300000E+02    925.332763
  9 P  2.24600000E+02   1068.830732

  10 P  8.25900000E+01    122.079275
  10 P  3.31900000E+01     57.580687
  10 P  1.42000000E+01     10.176170

  11 P  1.42000000E+01      3.129736
  11 P  7.43800000E+00      6.538168
  11 P  3.52600000E+00      4.166276

  12 P  1.59500000E+00      2.555000

  13 P  8.46200000E-01      1.156861

  14 P  3.18600000E-01      0.341191

  15 P  1.09600000E-01      0.089888

  16 D  1.34800000E+02    160.709187
  16 D  3.63900000E+01    119.797406
  16 D  1.21600000E+01     55.531619
  16 D  4.34100000E+00     12.984636

  17 D  1.53500000E+00      3.484168

  18 D  4.51000000E-01      0.408525



Printing Internal Coordinates

------------------------------------------------------------
                Bond Lengths

i      j        Length (Angstroms)     Length (Bohr)
0      1          1.3612883779         2.5724622127
0      3          1.0834022743         2.0473335826
0      12         1.4654209351         2.7692442264
1      2          1.3949731089         2.6361171289
1      4          1.0806700648         2.0421704549
2      5          1.5032317539         2.8406963187
2      10         1.3958887988         2.6378475319
5      6          1.2015302444         2.2705630938
5      7          1.2015226391         2.2705487219
8      9          1.0831829504         2.0469191205
8      10         1.3614569401         2.5727807491
8      12         1.4660835223         2.7704963348
10     11         1.0808971071         2.0425995026
12     13         1.1037870908         2.0858553029
12     14         1.9194265245         3.6271904501

Number of Bonds: 15

------------------------------------------------------------
           Bond Angles

i      j      k      Angle (degrees)
0      1      2        117.5546 
0      1      4        122.7119 
0      12     8        116.7211 
0      12     13       103.8417 
0      12     14       113.3992 
1      0      3        120.9755 
1      0      12       121.1973 
1      2      5        117.1368 
1      2      10       125.5267 
2      1      4        119.7327 
2      5      6        115.9674 
2      5      7        115.8613 
2      10     8        117.5151 
2      10     11       119.7525 
3      0      12       117.7734 
5      2      10       117.3359 
6      5      7        128.1710 
8      10     11       122.7322 
8      12     13       103.1703 
8      12     14       114.6483 
9      8      10       121.0193 
9      8      12       117.7315 
10     8      12       121.1797 
13     12     14       102.6616 

Number of Angles: 24

------------------------------------------------------------
              Torsional Angles

i      j      k      l      Angle (degrees)
3      0      1      2        179.7072 
4      1      0      3         -0.6189 
8      10     2      1         -0.8591 
8      12     0      1         -5.9889 
8      12     0      3        176.6534 
9      8      10     2       -179.9809 
9      8      12     0       -176.6727 
10     2      1      0          1.1895 
10     2      1      4       -178.4945 
10     8      12     0          6.3284 
11     10     2      1        178.9804 
11     10     8      9          0.1848 
12     0      1      2          2.4340 
12     0      1      4       -177.8921 
12     8      10     2         -3.0807 
12     8      10     11       177.0850 
13     12     0      1        106.7639 
13     12     0      3        -70.5939 
13     12     8      9         70.1936 
13     12     8      10      -106.8053 
14     12     0      1       -142.5898 
14     12     0      3         40.0524 
14     12     8      9        -40.6032 
14     12     8      10       142.3980 

Number of Torsional Angles: 24


----------------------------------------------------------------------
                          Center of Mass

         x               y               z              Unit
   -0.2454070132  0.008119741799    0.1912927758      Angstrom
   -0.4637520443   0.01534408821    0.3614909561          Bohr

----------------------------------------------------------------------
                Moment of Inertia Tensor

           799.012          -41.7908          -1070.18
          -41.7908           4609.78           1.50125
          -1070.18           1.50125           4741.67

----------------------------------------------------------------------
                      Principal Moments of Inertia

           x                 y                 z                Unit
       147.5361503       1290.886096       1403.997825       amu * ang^2
       526.8611578       4609.837938       5013.767256      amu * bohr^2
  2.4498970858e-38  2.1435682560e-37  2.3313948295e-37          g * cm^2

 - Molecule is an asymmetric top.

----------------------------------------------------------------------

         Rotational constants (MHz)

    A = 3.4255e+03        B = 3.9150e+02        C = 3.5996e+02

----------------------------------------------------------------------

        Rotational constants (cm-1)

    A = 1.1426e-01        B = 1.3059e-02        C = 1.2007e-02

----------------------------------------------------------------------

                                Z-Matrix
C   
C        1       2.5724622
C        2       2.6361171     1        117.5546
H        3      6.34256612     2     22.26227647     1         -0.2139
H        4      4.72997023     3     39.73414259     2          0.0599
N        5      5.00233227     4    126.66281626     3         -1.1008
O        6      2.27056309     5    169.29546841     4        -22.3998
O        7      4.08448978     6     25.91442806     5       -158.4104
C        8      8.79049001     7     60.10538054     6         -1.5283
H        9      2.04691912     8    150.73939818     7         -8.1033
C       10      4.02948926     9     33.17378035     8          1.9723
H       11      2.04259950    10     96.92539475     9       -179.8434
C       12      6.54477017    11     18.66278279    10         -3.2185
H       13      2.08585530    12    107.36774109    11       -106.6186
Br      14      4.56333617    13     50.85268768    12       -139.9327

----------------------------------------------------------------------

             Converted back to Cartesian

C        0.000000      0.000000      0.000000
C        0.000000      0.000000      2.572462
C        0.000000      0.094377     -0.061965
H        0.000003     -0.175675      6.274849
H       -0.000004      0.082898      1.551952
N        0.000084     -0.383033      6.532538
O        0.000794     -0.055297      4.285753
O        0.000866     -0.676716      8.322694
C       -0.005949      0.819383     -0.339543
H       -0.000245      0.378878      1.659406
C       -0.013280      1.285721     -2.266692
H       -0.000708      0.767771     -0.290893
C       -0.044631      2.463138     -6.612112
H       -0.021768      1.857800     -4.616158
Br      -0.077961      3.249337     -8.961788

----------------------------------------------------------------------
                       Geometry in bohr 

1     C      -0.9122877174    2.3445865647    1.0454946987
2     C       1.6525641250    2.3698268395    1.2416063787
3     C       2.8901277094    0.0448489983    1.3512782961
4     H      -1.9798725204    4.0895200023    0.9615614799
5     H       2.7376977769    4.0987249076    1.3037078632
6     N       5.7163860983    0.0934526437    1.6331590862
7     O       6.7212734106   -1.9217170769    1.9242763309
8     O       6.6867033393    2.1437171637    1.5317128035
9     C      -0.8386147354   -2.3711331630    1.0233536897
10    H      -1.8527944246   -4.1463367913    0.9235061977
11    C       1.7251053311   -2.3188109715    1.2326443770
12    H       2.8623067306   -4.0141002000    1.3032144617
13    C      -2.3281571172   -0.0353221640    1.0533605369
14    H      -3.2319164299   -0.0720964912    2.9328974740
15    Br     -5.1730610919   -0.0263869604   -1.1967399272

 Number of nodes, processes per node used for SCF calculation: 1, 4

Common Options
{
  maxiter       = 100
  basis         = 6-311g* spherical
  geom_units    = angstrom
  ang2au factor = 1.889726126
  debug         = false
  file_prefix   = para_th9_ph54_qed_ccsd_input
}

SCF Options
{
  charge            = 1
  multiplicity      = 1
  level shift       = 0
  tol_int           = 1e-22
  tol_sch           = 1e-12
  tol_lindep        = 1e-10
  conve             = 1e-07
  convd             = 1e-05
  diis_hist         = 10
  AO_tilesize       = 30
  writem            = 10
  damp              = 100
  n_lindep          = 0
  scf_type          = restricted
  cuscf             = false
  qed_omegas        = [0.06615,]
  qed_lambdas       = [0.1,]
  qed_polvecs       = [[0.0919498715,0.1265581407,0.9876883406,],]
  direct_df         = false
  restart_size      = 2000
  restart           = false
  debug             = false
}

Number of basis functions = 221

Total number of shells = 105

Total number of electrons = 98
  # of alpha electrons    = 49
  # of beta electons      = 49

Nuclear repulsion energy  = 723.541443051578

# of {all,non-negligible} shell-pairs = {5565,4848}
Number of AO tiles = 105

Time for initial setup: 0.02 secs
HF exch = 1.00

Time for computing 1-e integrals T, V, S: 0.01 secs
Time for computing orthogonalizer: 0.01 secs

Superposition of Atomic Density Guess ...
Time taken for SAD: 0.31 secs
Total Time to compute initial guess: 0.32 secs


 SCF iterations
-----------------------------------------------------------------------------
 Iter     Energy            E-Diff       RMSD        |[F,P]|^2       Time(s)
-----------------------------------------------------------------------------
   1  -3011.6976001055    -3.01e+03     1.70e-02     1.50e+03         0.6 
   2  -3005.8274968053     5.87e+00     6.68e-03     7.68e+00         2.0 
   3  -3006.0072911370    -1.80e-01     2.70e-03     3.84e+00         2.0 
   4  -3006.1156581906    -1.08e-01     1.16e-03     9.90e-02         2.0 
   5  -3006.1210094638    -5.35e-03     2.54e-04     1.17e-02         2.1 
   6  -3006.1215764873    -5.67e-04     1.74e-04     1.21e-03         2.0 
   7  -3006.1217017773    -1.25e-04     7.87e-05     1.77e-04         2.0 
   8  -3006.1217255439    -2.38e-05     2.67e-05     2.76e-05         2.0 
   9  -3006.1217292478    -3.70e-06     1.04e-05     4.57e-06         2.1 
  10  -3006.1217298416    -5.94e-07     3.64e-06     8.18e-07         2.1 
  11  -3006.1217299144    -7.28e-08     1.63e-06     1.62e-07         2.1 

** Total SCF energy = -3006.1217299143918

Nuclear repulsion energy = 723.541443051578426
#electrons        = 98
1e energy kinetic = 3006.1525544535234076
1e energy N-e     = -8600.2726439044236031
1e energy         = -5592.5512955345566297
2e energy         = 1864.2800007694841042
QED energy        = 0.1769157154476413
QED eT energy     = 0.1513507958544769
QED eT energy from matrix = 0.1513507958544832

 Polarizability Matrix (QED energy = 0.5 * lambda.dot(matrix * lambda))
[43.60208940, -0.04368415,  1.52257699]
[-0.04368415, 43.69761589, -0.50096784]
[ 1.52257699, -0.50096784, 35.02133138]

 Polarizability Matrix (QED eT energy = 0.5 * lambda.dot(matrix * lambda))
[40.34395454, -0.04409208,  2.02987074]
[-0.04409208, 40.45560970, -0.59219216]
[ 2.02987074, -0.59219216, 29.79048643]


                      Electron        Nuclear        Total  
                  ------------------------------------------
    Monopole         -98.000000     99.000000      1.000000

      Dipole   X      20.854391    -22.110775     -1.256384
      Dipole   Y      -1.682292      1.666314     -0.015978
      Dipole   Z     -45.076292     46.305445      1.229153

  Quadrupole  XX   -2093.779489   2044.039008    -49.740481
  Quadrupole  XY     -19.488197     19.276114     -0.212082
  Quadrupole  XZ    -486.000805    484.555468     -1.445337
  Quadrupole  YY    -307.112889    265.921176    -41.191713
  Quadrupole  YZ       0.649482     -0.343645      0.305837
  Quadrupole  ZZ    -226.816198    179.787220    -47.028978

    Octupole XXX   -1534.037631   1398.281740   -135.755891
    Octupole XXY     -70.222490     68.049787     -2.172704
    Octupole XXZ    -760.866249    707.902568    -52.963681
    Octupole XYY    -550.438825    524.736295    -25.702530
    Octupole XYZ      24.879288    -23.197592      1.681696
    Octupole XZZ    -209.775651    186.252808    -23.522843
    Octupole YYY     -29.244822     25.719290     -3.525532
    Octupole YYZ    -363.626162    338.740755    -24.885407
    Octupole YZZ      15.049406    -14.980709      0.068697
    Octupole ZZZ    -240.579321    145.414481    -95.164840

writing orbitals and density to disk ... done.

Total Time taken for Hartree-Fock: 23.35 secs

CD Options
{
  debug             = false
  skip_cd           = [false, 100]
  write_cv          = [false, 5000]
  diagtol           = 1e-06
  itilesize         = 1000
  max_cvecs_factor  = 12
}

- #occupied, #virtual = 98, 344

- Tilesize for the MSO space: 40

-----------------------------------------------------
Begin 2-index transformation ... 

nAO, nMO, nelectrons = 221, 442, 98
n_occ_alpha, n_vir_alpha, n_occ_beta, n_vir_beta = 49,172,49,172

Time taken for Fao->Fmo transform: 0.00 secs

-----------------------------------------------------
Number of AO tiles = 105
# of {all,non-negligible} shell-pairs = {5565,4848}

    Begin Cholesky Decomposition
---------------------------------------------
Total # of mpi ranks used for Cholesky decomposition: 4
  --> Number of nodes, mpi ranks per node: 1, 4
- CPU memory required for computing cholesky vectors: 1.93 GiB

- Time for computing the diagonal: 0.01 secs

- Total number of cholesky vectors = 1645

- Time to compute cholesky vectors: 15.21 secs

- CPU memory required for resizing the ao cholesky tensor: 1.56 GiB
- CPU memory required for ao2mo transformation: 1.70 GiB
- CPU memory required for the 2-step contraction: 2.11 GiB

- Time for ao to mo transform: 1.59 secs

   End Cholesky Decomposition
---------------------------------------------

Total Time taken for Cholesky Decomposition: 20.00 secs

scf_type = restricted
Closed-Shell SCF
QED-HF Enabled
nbf = 203
nbf_orig = 221
n_lindep = 0
focc = 1
nmo = 406
nocc = 62
nvir = 344
n_occ_alpha = 31
n_vir_alpha = 172
n_occ_beta = 31
n_vir_beta = 172
nelectrons = 98
nelectrons_alpha = 49
nelectrons_beta = 49
freeze atomic = true
n_frozen_core = 18
n_frozen_virtual = 0
----------------------------
--------- QED-CCSD --------
lambda_x: 0.0092
lambda_y: 0.0127
lambda_z: 0.0988
omega: 0.066150
coupling_factor_x: 0.001672
coupling_factor_y: 0.002302
coupling_factor_z: 0.017963
----------------------------
# of {all,non-negligible} shell-pairs = {5565,4848}
Number of AO tiles = 105
----------------------------
Electronic dipole expectation value using SCF density: 
dipole_x_elec: 20.85464899
dipole_y_elec: -1.68200629
dipole_z_elec: -45.07620574

d_n/N value: d_n is nuclear dipole moment and N is the total number of electrons 
d_nuc_x: -0.22562015
d_nuc_y: 0.01700320
d_nuc_z: 0.47250454

<d_e+d_n> expectation values: 
dipole_total_x: -1.25612583
dipole_total_y: -0.01569265
dipole_total_z: 1.22923883
----------------------------


 CCSD iterations
------------------------------------------------------------
  Iter     Residuum          Correlation          Time(s)
------------------------------------------------------------
   1     1.1859833560009    0.0000000000000         85.11
   2     0.1648857640250   -1.6847933039348         84.32
   3     0.0642776379456   -1.6293392997935         84.51
   4     0.0185522228004   -1.6968392395795         84.10
   5     0.0134934067907   -1.6892309085815         83.90
 MICROCYCLE DIIS UPDATE:                    6
   6     0.0058542560878   -1.6977083445993         82.12
   7     0.0031910873146   -1.6976447116386         82.02
   8     0.0020238206962   -1.6984117204721         82.19
   9     0.0012293029145   -1.6985029885358         82.81
  10     0.0010434866858   -1.6986856179806         83.10
 MICROCYCLE DIIS UPDATE:                   11
  11     0.0003070892456   -1.6988826902347         82.75
  12     0.0002304617912   -1.6989187072178         82.57
  13     0.0001724576992   -1.6989285053486         82.58
  14     0.0001518515474   -1.6989209620801         82.57
  15     0.0001327058895   -1.6989249163990         82.57
 MICROCYCLE DIIS UPDATE:                   16
  16     0.0000423185632   -1.6989124110038         82.62
  17     0.0000242383405   -1.6989237967412         82.66
  18     0.0000177027565   -1.6989263266907         83.09
  19     0.0000135712748   -1.6989274509184         82.80
  20     0.0000117116306   -1.6989278306278         82.70
 MICROCYCLE DIIS UPDATE:                   21
  21     0.0000061843811   -1.6989285528876         82.70
  22     0.0000046883461   -1.6989288965906         82.76
  23     0.0000035739469   -1.6989288298395         82.72
  24     0.0000032783555   -1.6989286222399         82.65
  25     0.0000028829261   -1.6989286492678         82.83
 MICROCYCLE DIIS UPDATE:                   26
  26     0.0000010710244   -1.6989281783653         83.10
  27     0.0000006233676   -1.6989285241215         82.65
------------------------------------------------------------------
 Iterations converged
 CCSD correlation energy / hartree =        -1.698928524121530
 CCSD total energy / hartree       =     -3007.820658438513419

Time taken for spin-orbital canonical QED-CCSD: 2302.34 secs
