
ExaChem Git Information
{
 WARNING: Failed to retrieve the current git state.
}


TAMM Git Information
{
 Branch: main
 Commit Hash: e71357ad [e71357ad54f38748b4a7e175aa6760820d5ce96f]
 Commit Date: 2026-02-02 23:14:56 -0800
 Commit Message: add GitHub Actions workflow for releases
}


date: Fri Aug  7 10:22:30 2026
program: "/global/cfs/cdirs/m3196/heindelj/cavity_qed/software/install_gpu/bin/bin/ExaChem"
nnodes: 1, nproc_per_node: 4, nproc_total: 4, ngpus_per_node: 1, ngpus_total: 1

Memory information
{
[AMD EPYC 7763 64-Core Processor                ] : 
  CPU memory per node (GiB): 251
  Total CPU memory (GiB): 251
[NVIDIA A100-SXM4-40GB, CUDA v12.9] : 
  GPU memory per device (GiB): 39
  GPU memory per node (GiB): 39
  Total GPU memory (GiB): 39
}

------------------------------------------------------------

Input file provided: /global/cfs/cdirs/m4262/heindelj/cavity_qed/mlip/lambda_scans/grid_scans_optimized_geoms/runs_grid_no_freq/meta_th90_ph90/meta_th90_ph90_qed_ccsd_input.json

{
  "geometry": {
    "coordinates": [
      "C    -0.899682534700    1.984629314100    0.940986980100",
      "C     0.492260375600    1.920413178500    0.883684540700",
      "C     1.164137998800    0.712215876300    0.656226506500",
      "C     0.481770437800   -0.432767404300    0.506067234000",
      "C    -1.634327034700    0.848823627800    0.815714193000",
      "H    -1.391914083700    2.926758570700    1.091021253900",
      "H     1.077708822300    2.823507184600    0.997207291000",
      "H     0.995991003100   -1.363043411100    0.328495737000",
      "H    -2.716412318700    0.864153584200    0.883239100900",
      "N     2.635421822300    0.715052553300    0.602346207300",
      "O     3.185806667500    1.025246218800    1.627078908500",
      "O     3.132164181200    0.418215513000   -0.450991523000",
      "C    -0.986179284100   -0.442110735800    0.565202828200",
      "H    -1.368086175300   -1.203837820200    1.239016751300",
      "Br   -1.560493157400   -0.995657308400   -1.213838357200"
    ],
    "units": "angstrom",
    "noorient": true
  },
  "common": {
    "maxiter": 100,
    "debug": false
  },
  "basis": {
    "basisset": "6-311G*"
  },
  "SCF": {
    "charge": 1,
    "multiplicity": 1,
    "lshift": 0,
    "tol_lindep": 1e-10,
    "conve": 1e-07,
    "convd": 1e-05,
    "diis_hist": 10,
    "writem": 10,
    "restart": false,
    "noscf": false,
    "scf_type": "restricted",
    "debug": false,
    "qed_omegas": [
      0.06615
    ],
    "qed_volumes": [],
    "qed_lambdas": [
      0.1
    ],
    "qed_polvecs": [
      [
        6.123233995736766e-17,
        1.0,
        6.123233995736766e-17
      ]
    ],
    "direct_df": false
  },
  "CD": {
    "debug": false,
    "diagtol": 1e-06
  },
  "CC": {
    "threshold": 1e-06,
    "ndiis": 5,
    "ccsd_maxiter": 200,
    "tilesize": 40,
    "freeze": {
      "atomic": true
    },
    "readt": false,
    "writet": true,
    "writet_iter": 5,
    "debug": false,
    "profile_ccsd": false,
    "balance_tiles": true
  },
  "TASK": {
    "scf": false,
    "ccsd": true
  }
}

Output folder & files prefix: meta_th90_ph90_qed_ccsd_input.6-311g*

  C (carbon)
  ----------
          Exponent        Coefficients
      ----------------  --------------------
  1 S  4.56324000E+03      0.778202
  1 S  6.82024000E+02      1.448695
  1 S  1.54973000E+02      2.383089
  1 S  4.44553000E+01      3.200089
  1 S  1.30290000E+01      3.013004
  1 S  1.82773000E+00      0.247599

  2 S  2.09642000E+01      0.800629
  2 S  4.80331000E+00      2.127420
  2 S  1.45933000E+00     -0.002868

  3 P  2.09642000E+01      2.573592
  3 P  4.80331000E+00      2.408248
  3 P  1.45933000E+00      1.865281

  4 S  4.83456000E-01      0.413217

  5 P  4.83456000E-01      0.574627

  6 S  1.45585000E-01      0.167976

  7 P  1.45585000E-01      0.128185

  8 D  6.26000000E-01      0.725128


  H (hydrogen)
  ------------
          Exponent        Coefficients
      ----------------  --------------------
  1 S  3.38650000E+01      0.255069
  1 S  5.09479000E+00      0.460109
  1 S  1.15879000E+00      0.678321

  2 S  3.25840000E-01      0.307371

  3 S  1.02741000E-01      0.129336


  N (nitrogen)
  ------------
          Exponent        Coefficients
      ----------------  --------------------
  1 S  6.29348000E+03      0.991968
  1 S  9.49044000E+02      1.823240
  1 S  2.18776000E+02      2.979891
  1 S  6.36916000E+01      4.000007
  1 S  1.88282000E+01      3.881008
  1 S  2.72023000E+00      0.386764

  2 S  3.06331000E+01      1.038501
  2 S  7.02614000E+00      2.834794
  2 S  2.11205000E+00     -0.003208

  3 P  3.06331000E+01      3.935616
  3 P  7.02614000E+00      3.870994
  3 P  2.11205000E+00      2.967271

  4 S  6.84009000E-01      0.536051

  5 P  6.84009000E-01      0.886681

  6 S  2.00878000E-01      0.213850

  7 P  2.00878000E-01      0.191693

  8 D  9.13000000E-01      1.403568


  O (oxygen)
  ----------
          Exponent        Coefficients
      ----------------  --------------------
  1 S  8.58850000E+03      1.205013
  1 S  1.29723000E+03      2.216205
  1 S  2.99296000E+02      3.627452
  1 S  8.73771000E+01      4.888452
  1 S  2.56789000E+01      4.835721
  1 S  3.74004000E+00      0.538229

  2 S  4.21175000E+01      1.341958
  2 S  9.62837000E+00      3.587114
  2 S  2.85332000E+00     -0.005123

  3 P  4.21175000E+01      5.584018
  3 P  9.62837000E+00      5.733366
  3 P  2.85332000E+00      4.332955

  4 S  9.05661000E-01      0.661659

  5 P  9.05661000E-01      1.259352

  6 S  2.55611000E-01      0.256209

  7 P  2.55611000E-01      0.259068

  8 D  1.29200000E+00      2.577026


  Br (bromine)
  ------------
          Exponent        Coefficients
      ----------------  --------------------
  1 S  4.39700000E+05      9.893706
  1 S  6.60300000E+04     18.450679
  1 S  1.51400000E+04     31.049770
  1 S  4.31700000E+03     48.888138
  1 S  1.41400000E+03     64.847798
  1 S  5.23900000E+02     42.245010

  2 S  5.23900000E+02     14.290679
  2 S  2.07700000E+02     24.083128
  2 S  8.65400000E+01      5.132542

  3 S  3.05200000E+01      9.254405

  4 S  1.29800000E+01      4.873782

  5 S  4.41200000E+00      2.169635

  6 S  1.86200000E+00      1.136043

  7 S  3.93200000E-01      0.353892

  8 S  1.40000000E-01      0.163120

  9 P  2.95700000E+03    691.874478
  9 P  7.00300000E+02    925.332763
  9 P  2.24600000E+02   1068.830732

  10 P  8.25900000E+01    122.079275
  10 P  3.31900000E+01     57.580687
  10 P  1.42000000E+01     10.176170

  11 P  1.42000000E+01      3.129736
  11 P  7.43800000E+00      6.538168
  11 P  3.52600000E+00      4.166276

  12 P  1.59500000E+00      2.555000

  13 P  8.46200000E-01      1.156861

  14 P  3.18600000E-01      0.341191

  15 P  1.09600000E-01      0.089888

  16 D  1.34800000E+02    160.709187
  16 D  3.63900000E+01    119.797406
  16 D  1.21600000E+01     55.531619
  16 D  4.34100000E+00     12.984636

  17 D  1.53500000E+00      3.484168

  18 D  4.51000000E-01      0.408525



Printing Internal Coordinates

------------------------------------------------------------
                Bond Lengths

i      j        Length (Angstroms)     Length (Bohr)
0      1          1.3946011427         2.6354142145
0      4          1.3584735439         2.5671429473
0      5          1.0735034780         2.0286275686
1      2          1.4010344103         2.6475713285
1      6          1.0822273709         2.0451133371
2      3          1.3413277035         2.5347420048
2      9          1.4722728085         2.7821923907
3      7          1.0776677944         2.0364969862
3      12         1.4691700727         2.7763290697
4      8          1.0842984749         2.0490271562
4      12         1.4660705923         2.7704719007
9      10         1.2038358264         2.2749200124
9      11         1.2018259332         2.2711218647
12     13         1.0863269432         2.0528604059
12     14         1.9496763250         3.6843542885

Number of Bonds: 15

------------------------------------------------------------
           Bond Angles

i      j      k      Angle (degrees)
0      1      2        121.6698 
0      1      6        119.8150 
0      4      8        121.4745 
0      4      12       120.8563 
1      0      4        119.8326 
1      0      5        120.2523 
1      2      3        120.6864 
1      2      9        118.9153 
2      1      6        118.5044 
2      3      7        120.8354 
2      3      12       120.6123 
2      9      10       115.2285 
2      9      11       116.4006 
3      2      9        120.3932 
3      12     4        116.2960 
3      12     13       112.3765 
3      12     14       105.0346 
4      0      5        119.9135 
4      12     13       110.8560 
4      12     14       106.0031 
7      3      12       118.5488 
8      4      12       117.6641 
10     9      11       128.3692 
13     12     14       105.2685 

Number of Angles: 24

------------------------------------------------------------
              Torsional Angles

i      j      k      l      Angle (degrees)
3      2      1      0         -1.0486 
4      0      1      2          2.0609 
5      0      1      2       -178.4000 
6      1      0      4       -179.1559 
6      1      0      5          0.3832 
6      1      2      3       -179.8472 
7      3      2      1        179.8419 
8      4      0      1        178.3071 
8      4      0      5         -1.2336 
12     4      0      1         -2.5341 
12     4      0      5        177.9252 
13     12     4      0        131.9809 
13     12     4      8        -48.8292 
14     12     4      0       -114.2886 
14     12     4      8         64.9014 

Number of Torsional Angles: 15


----------------------------------------------------------------------
                          Center of Mass

         x               y               z              Unit
  -0.03332549402   0.06260297363  -0.06292492478      Angstrom
  -0.06297605672    0.1183024748   -0.1189108743          Bohr

----------------------------------------------------------------------
                Moment of Inertia Tensor

           1603.84          -739.252          -763.208
          -739.252           3257.01          -653.562
          -763.208          -653.562           3344.42

----------------------------------------------------------------------
                      Principal Moments of Inertia

           x                 y                 z                Unit
       263.7622324       925.7151254       1108.232813       amu * ang^2
        941.912032       3305.788728       3957.571223      amu * bohr^2
  4.3798779020e-38  1.5371871795e-37  1.8402651369e-37          g * cm^2

 - Molecule is an asymmetric top.

----------------------------------------------------------------------

         Rotational constants (MHz)

    A = 1.9160e+03        B = 5.4593e+02        C = 4.5602e+02

----------------------------------------------------------------------

        Rotational constants (cm-1)

    A = 6.3912e-02        B = 1.8210e-02        C = 1.5211e-02

----------------------------------------------------------------------

                                Z-Matrix
C   
C        1       2.6354142
C        2       2.6475713     1       121.66982
C        3      2.53474200     2    120.68643028     1         -1.0486
C        4      4.71153305     3     88.80164881     2          0.0273
H        5      3.98744377     4    115.14421268     3          1.3658
H        6      4.67435101     5     93.93624732     4         -1.6769
H        7      8.01320952     6     91.60175997     5          1.3508
H        8      8.24797483     7     59.50567584     6         -1.2254
N        9     10.13133985     8     29.55109912     7         -0.5690
O       10      2.27492001     9    113.86753597     8       -116.7198
O       11      4.09235475    10     25.79225655     9       -178.0019
C       12      8.17916717    11     81.60429049    10        -13.8951
H       13      2.05286041    12    128.28077944    11        -67.3156
Br      14      4.66607697    13     49.61721582    12       -112.1591

----------------------------------------------------------------------

             Converted back to Cartesian

C        0.000000      0.000000      0.000000
C        0.000000      0.000000      2.635414
C        0.000000      0.098104     -0.010339
C        0.000030     -0.088856      2.517499
C       -0.000067      0.385621     -2.170082
H        0.000002     -0.154809      1.780569
H        0.000001      0.610963     -2.830630
H       -0.000223     -0.921831      5.034615
H        0.000215      0.802348     -3.031134
N       -0.000433     -1.404633      6.856904
O        0.002612     -0.832423      4.655125
O       -0.002304     -1.892853      8.607698
C        0.004823      0.422253      0.763018
H        0.005745     -0.235239      2.707739
Br       0.003675      1.325852     -1.689449

----------------------------------------------------------------------
                       Geometry in bohr 

1     C      -1.7001535908    3.7504058651    1.7782076804
2     C       0.9302372925    3.6290549559    1.6699217636
3     C       2.1999019905    1.3458929487    1.2400883738
4     C       0.9104141830   -0.8178118703    0.9563284736
5     C      -3.0884304957    1.6040441857    1.5414764218
6     H      -2.6303364090    5.5307721353    2.0617313674
7     H       2.0365745176    5.3356552934    1.8844486707
8     H       1.8821502197   -2.5757787447    0.6207669765
9     H      -5.1332753274    1.6330136049    1.6690800044
10    N       4.9802254704    1.3512534914    1.1382693648
11    O       6.0203020917    1.9374345652    3.0747335223
12    O       5.9189324838    0.7903127812   -0.8522504636
13    C      -1.8636087580   -0.8354682080    1.0680785509
14    H      -2.5853081880   -2.2749237802    2.3414023254
15    Br     -2.9489046888   -1.8815196281   -2.2938220562

 Number of nodes, processes per node used for SCF calculation: 1, 4

Common Options
{
  maxiter       = 100
  basis         = 6-311g* spherical
  geom_units    = angstrom
  ang2au factor = 1.889726126
  debug         = false
  file_prefix   = meta_th90_ph90_qed_ccsd_input
}

SCF Options
{
  charge            = 1
  multiplicity      = 1
  level shift       = 0
  tol_int           = 1e-22
  tol_sch           = 1e-12
  tol_lindep        = 1e-10
  conve             = 1e-07
  convd             = 1e-05
  diis_hist         = 10
  AO_tilesize       = 30
  writem            = 10
  damp              = 100
  n_lindep          = 0
  scf_type          = restricted
  cuscf             = false
  qed_omegas        = [0.06615,]
  qed_lambdas       = [0.1,]
  qed_polvecs       = [[6.123233996e-17,1,6.123233996e-17,],]
  direct_df         = false
  restart_size      = 2000
  restart           = false
  debug             = false
}

Number of basis functions = 221

Total number of shells = 105

Total number of electrons = 98
  # of alpha electrons    = 49
  # of beta electons      = 49

Nuclear repulsion energy  = 745.793204612688

# of {all,non-negligible} shell-pairs = {5565,4917}
Number of AO tiles = 105

Time for initial setup: 0.01 secs
HF exch = 1.00

Time for computing 1-e integrals T, V, S: 0.01 secs
Time for computing orthogonalizer: 0.01 secs

Superposition of Atomic Density Guess ...
Time taken for SAD: 0.33 secs
Total Time to compute initial guess: 0.34 secs


 SCF iterations
-----------------------------------------------------------------------------
 Iter     Energy            E-Diff       RMSD        |[F,P]|^2       Time(s)
-----------------------------------------------------------------------------
   1  -3011.8304928153    -3.01e+03     1.65e-02     1.51e+03         0.6 
   2  -3005.7850527498     6.05e+00     7.04e-03     7.84e+00         2.1 
   3  -3005.9902680050    -2.05e-01     2.76e-03     3.67e+00         2.1 
   4  -3006.0952357112    -1.05e-01     1.22e-03     1.40e-01         2.1 
   5  -3006.1031991428    -7.96e-03     2.66e-04     1.10e-02         2.1 
   6  -3006.1038669255    -6.68e-04     1.67e-04     1.79e-03         2.1 
   7  -3006.1040680438    -2.01e-04     7.05e-05     4.68e-04         2.1 
   8  -3006.1041139634    -4.59e-05     3.22e-05     1.06e-04         2.1 
   9  -3006.1041239756    -1.00e-05     1.46e-05     1.46e-05         2.1 
  10  -3006.1041255242    -1.55e-06     5.67e-06     2.38e-06         2.2 
  11  -3006.1041257400    -2.16e-07     2.34e-06     2.32e-07         2.2 
  12  -3006.1041257659    -2.59e-08     7.46e-07     1.89e-08         2.1 

** Total SCF energy = -3006.1041257658617

Nuclear repulsion energy = 745.793204612688214
#electrons        = 98
1e energy kinetic = 3006.2627016184446802
1e energy N-e     = -8644.8485093197305105
1e energy         = -5636.2216838795684453
2e energy         = 1886.4927443117039729
QED energy        = 0.1957330110341440
QED eT energy     = 0.1761696661231379
QED eT energy from matrix = 0.1761696661231461

 Polarizability Matrix (QED energy = 0.5 * lambda.dot(matrix * lambda))
[40.98125298,  1.44152651,  0.96390357]
[ 1.44152651, 39.14660221,  2.78452259]
[ 0.96390357,  2.78452259, 40.76751756]

 Polarizability Matrix (QED eT energy = 0.5 * lambda.dot(matrix * lambda))
[37.38428278,  1.61416927,  1.11456705]
[ 1.61416927, 35.23393322,  3.35892576]
[ 1.11456705,  3.35892576, 36.89584959]


                      Electron        Nuclear        Total  
                  ------------------------------------------
    Monopole         -98.000000     99.000000      1.000000

      Dipole   X      -7.297677      5.063759     -2.233918
      Dipole   Y     -23.910095     25.133012      1.222917
      Dipole   Z      -2.155764      3.566015      1.410251

  Quadrupole  XX   -1280.343038   1230.459763    -49.883274
  Quadrupole  XY    -337.773728    335.918382     -1.855346
  Quadrupole  XZ    -344.048251    341.390619     -2.657632
  Quadrupole  YY    -478.643102    443.167305    -35.475797
  Quadrupole  YZ    -309.450792    312.526936      3.076144
  Quadrupole  ZZ    -411.048766    362.643967    -48.404800

    Octupole XXX   -3187.616979   3044.163225   -143.453754
    Octupole XXY    -746.121355    717.592876    -28.528480
    Octupole XXZ    -444.816384    426.800814    -18.015570
    Octupole XYY     212.292251   -226.323829    -14.031578
    Octupole XYZ     190.257436   -201.847754    -11.590318
    Octupole XZZ      44.828499    -88.053365    -43.224866
    Octupole YYY    -803.550361    778.736385    -24.813976
    Octupole YYZ    -279.865876    283.422976      3.557100
    Octupole YZZ     -42.620019      7.382589    -35.237430
    Octupole ZZZ     -26.335254    -43.667892    -70.003146

writing orbitals and density to disk ... done.

Total Time taken for Hartree-Fock: 25.46 secs

CD Options
{
  debug             = false
  skip_cd           = [false, 100]
  write_cv          = [false, 5000]
  diagtol           = 1e-06
  itilesize         = 1000
  max_cvecs_factor  = 12
}

- #occupied, #virtual = 98, 344

- Tilesize for the MSO space: 40

-----------------------------------------------------
Begin 2-index transformation ... 

nAO, nMO, nelectrons = 221, 442, 98
n_occ_alpha, n_vir_alpha, n_occ_beta, n_vir_beta = 49,172,49,172

Time taken for Fao->Fmo transform: 0.00 secs

-----------------------------------------------------
Number of AO tiles = 105
# of {all,non-negligible} shell-pairs = {5565,4917}

    Begin Cholesky Decomposition
---------------------------------------------
Total # of mpi ranks used for Cholesky decomposition: 4
  --> Number of nodes, mpi ranks per node: 1, 4
- CPU memory required for computing cholesky vectors: 1.93 GiB

- Time for computing the diagonal: 0.01 secs

- Total number of cholesky vectors = 1639

- Time to compute cholesky vectors: 15.76 secs

- CPU memory required for resizing the ao cholesky tensor: 1.56 GiB
- CPU memory required for ao2mo transformation: 1.69 GiB
- CPU memory required for the 2-step contraction: 2.10 GiB

- Time for ao to mo transform: 1.52 secs

   End Cholesky Decomposition
---------------------------------------------

Total Time taken for Cholesky Decomposition: 18.99 secs

scf_type = restricted
Closed-Shell SCF
QED-HF Enabled
nbf = 203
nbf_orig = 221
n_lindep = 0
focc = 1
nmo = 406
nocc = 62
nvir = 344
n_occ_alpha = 31
n_vir_alpha = 172
n_occ_beta = 31
n_vir_beta = 172
nelectrons = 98
nelectrons_alpha = 49
nelectrons_beta = 49
freeze atomic = true
n_frozen_core = 18
n_frozen_virtual = 0
----------------------------
--------- QED-CCSD --------
lambda_x: 0.0000
lambda_y: 0.1000
lambda_z: 0.0000
omega: 0.066150
coupling_factor_x: 0.000000
coupling_factor_y: 0.018187
coupling_factor_z: 0.000000
----------------------------
# of {all,non-negligible} shell-pairs = {5565,4917}
Number of AO tiles = 105
----------------------------
Electronic dipole expectation value using SCF density: 
dipole_x_elec: -7.29765604
dipole_y_elec: -23.91004089
dipole_z_elec: -2.15573436

d_n/N value: d_n is nuclear dipole moment and N is the total number of electrons 
d_nuc_x: 0.05167101
d_nuc_y: 0.25645931
d_nuc_z: 0.03638791

<d_e+d_n> expectation values: 
dipole_total_x: -2.23389671
dipole_total_y: 1.22297110
dipole_total_z: 1.41028062
----------------------------


 CCSD iterations
------------------------------------------------------------
  Iter     Residuum          Correlation          Time(s)
------------------------------------------------------------
   1     1.1855185781005    0.0000000000000         86.38
   2     0.1730942541619   -1.6687727551380         85.14
   3     0.0740970530015   -1.6221794773382         85.09
   4     0.0255052626590   -1.7013719502375         85.16
   5     0.0212808048066   -1.6876581638783         85.11
 MICROCYCLE DIIS UPDATE:                    6
   6     0.0078829569104   -1.7001855581731         83.87
   7     0.0049594688477   -1.6999860475993         84.04
   8     0.0032091261417   -1.7014602519852         84.24
   9     0.0022567766302   -1.7016221331474         83.98
  10     0.0021474345860   -1.7019674676823         84.04
 MICROCYCLE DIIS UPDATE:                   11
  11     0.0005130268908   -1.7024192254787         83.96
  12     0.0003709485464   -1.7024689719129         83.99
  13     0.0002622976079   -1.7024900109901         84.04
  14     0.0002336978353   -1.7024656567479         84.04
  15     0.0001828908686   -1.7024852349015         84.17
 MICROCYCLE DIIS UPDATE:                   16
  16     0.0000739920060   -1.7024641112780         83.99
  17     0.0000481493873   -1.7024851837735         83.99
  18     0.0000423512523   -1.7024876289810         83.97
  19     0.0000310610211   -1.7024925735212         83.95
  20     0.0000317241805   -1.7024918467342         84.04
 MICROCYCLE DIIS UPDATE:                   21
  21     0.0000124380137   -1.7024970854805         83.95
  22     0.0000089643013   -1.7024962745947         84.13
  23     0.0000064573533   -1.7024959772156         83.97
  24     0.0000059570484   -1.7024952316577         84.08
  25     0.0000050306268   -1.7024954182021         84.03
 MICROCYCLE DIIS UPDATE:                   26
  26     0.0000021204465   -1.7024942907740         83.94
  27     0.0000012920336   -1.7024950150355         84.01
  28     0.0000010748676   -1.7024950808852         84.03
  29     0.0000008106959   -1.7024952460533         84.40
------------------------------------------------------------------
 Iterations converged
 CCSD correlation energy / hartree =        -1.702495246053252
 CCSD total energy / hartree       =     -3007.806621011915013

Time taken for spin-orbital canonical QED-CCSD: 2501.51 secs
