
ExaChem Git Information
{
 WARNING: Failed to retrieve the current git state.
}


TAMM Git Information
{
 Branch: main
 Commit Hash: e71357ad [e71357ad54f38748b4a7e175aa6760820d5ce96f]
 Commit Date: 2026-02-02 23:14:56 -0800
 Commit Message: add GitHub Actions workflow for releases
}


date: Mon Aug 10 19:33:05 2026
program: "/global/cfs/cdirs/m3196/heindelj/cavity_qed/software/install_gpu/bin/bin/ExaChem"
nnodes: 1, nproc_per_node: 4, nproc_total: 4, ngpus_per_node: 1, ngpus_total: 1

Memory information
{
[AMD EPYC 7763 64-Core Processor                ] : 
  CPU memory per node (GiB): 251
  Total CPU memory (GiB): 251
[NVIDIA A100-SXM4-80GB, CUDA v12.9] : 
  GPU memory per device (GiB): 79
  GPU memory per node (GiB): 79
  Total GPU memory (GiB): 79
}

------------------------------------------------------------

Input file provided: /global/cfs/cdirs/m4262/heindelj/cavity_qed/mlip/lambda_scans/grid_scans_optimized_geoms/runs_grid_no_freq/para_th45_ph288/para_th45_ph288_qed_ccsd_input.json

{
  "geometry": {
    "coordinates": [
      "C    -0.458604268500    1.257229410500    0.512949408900",
      "C     0.892992812600    1.261897639900    0.597049290200",
      "C     1.534587656800    0.020768370500    0.709131277300",
      "H    -1.008885029000    2.178984176000    0.402348860200",
      "H     1.480414084600    2.167010549600    0.586441789500",
      "N     3.011170047900    0.015431404700    0.815544268100",
      "O     3.569835745300   -0.837602652200    0.180880223700",
      "O     3.480012115500    0.865893025200    1.522520015500",
      "C    -0.462185267400   -1.221378541500    0.717037383700",
      "H    -1.015453374300   -2.149430163200    0.763588343200",
      "C     0.894283565100   -1.217641965000    0.737675941400",
      "H     1.479996733200   -2.121176012600    0.782991460300",
      "C    -1.239538112000    0.017604662600    0.613699909600",
      "H    -1.853271034900    0.117288303400    1.522316050700",
      "Br   -2.539436350500   -0.207357728600   -0.798734513500"
    ],
    "units": "angstrom",
    "noorient": true
  },
  "common": {
    "maxiter": 100,
    "debug": false
  },
  "basis": {
    "basisset": "6-311G*"
  },
  "SCF": {
    "charge": 1,
    "multiplicity": 1,
    "lshift": 0,
    "tol_lindep": 1e-10,
    "conve": 1e-07,
    "convd": 1e-05,
    "diis_hist": 10,
    "writem": 10,
    "restart": false,
    "noscf": false,
    "scf_type": "restricted",
    "debug": false,
    "qed_omegas": [
      0.06615
    ],
    "qed_volumes": [],
    "qed_lambdas": [
      0.1
    ],
    "qed_polvecs": [
      [
        0.2185080122244104,
        -0.6724985119639574,
        0.7071067811865477
      ]
    ],
    "direct_df": false
  },
  "CD": {
    "debug": false,
    "diagtol": 1e-06
  },
  "CC": {
    "threshold": 1e-06,
    "ndiis": 5,
    "ccsd_maxiter": 200,
    "tilesize": 40,
    "freeze": {
      "atomic": true
    },
    "readt": false,
    "writet": true,
    "writet_iter": 5,
    "debug": false,
    "profile_ccsd": false,
    "balance_tiles": true
  },
  "TASK": {
    "scf": false,
    "ccsd": true
  }
}

Output folder & files prefix: para_th45_ph288_qed_ccsd_input.6-311g*

  C (carbon)
  ----------
          Exponent        Coefficients
      ----------------  --------------------
  1 S  4.56324000E+03      0.778202
  1 S  6.82024000E+02      1.448695
  1 S  1.54973000E+02      2.383089
  1 S  4.44553000E+01      3.200089
  1 S  1.30290000E+01      3.013004
  1 S  1.82773000E+00      0.247599

  2 S  2.09642000E+01      0.800629
  2 S  4.80331000E+00      2.127420
  2 S  1.45933000E+00     -0.002868

  3 P  2.09642000E+01      2.573592
  3 P  4.80331000E+00      2.408248
  3 P  1.45933000E+00      1.865281

  4 S  4.83456000E-01      0.413217

  5 P  4.83456000E-01      0.574627

  6 S  1.45585000E-01      0.167976

  7 P  1.45585000E-01      0.128185

  8 D  6.26000000E-01      0.725128


  H (hydrogen)
  ------------
          Exponent        Coefficients
      ----------------  --------------------
  1 S  3.38650000E+01      0.255069
  1 S  5.09479000E+00      0.460109
  1 S  1.15879000E+00      0.678321

  2 S  3.25840000E-01      0.307371

  3 S  1.02741000E-01      0.129336


  N (nitrogen)
  ------------
          Exponent        Coefficients
      ----------------  --------------------
  1 S  6.29348000E+03      0.991968
  1 S  9.49044000E+02      1.823240
  1 S  2.18776000E+02      2.979891
  1 S  6.36916000E+01      4.000007
  1 S  1.88282000E+01      3.881008
  1 S  2.72023000E+00      0.386764

  2 S  3.06331000E+01      1.038501
  2 S  7.02614000E+00      2.834794
  2 S  2.11205000E+00     -0.003208

  3 P  3.06331000E+01      3.935616
  3 P  7.02614000E+00      3.870994
  3 P  2.11205000E+00      2.967271

  4 S  6.84009000E-01      0.536051

  5 P  6.84009000E-01      0.886681

  6 S  2.00878000E-01      0.213850

  7 P  2.00878000E-01      0.191693

  8 D  9.13000000E-01      1.403568


  O (oxygen)
  ----------
          Exponent        Coefficients
      ----------------  --------------------
  1 S  8.58850000E+03      1.205013
  1 S  1.29723000E+03      2.216205
  1 S  2.99296000E+02      3.627452
  1 S  8.73771000E+01      4.888452
  1 S  2.56789000E+01      4.835721
  1 S  3.74004000E+00      0.538229

  2 S  4.21175000E+01      1.341958
  2 S  9.62837000E+00      3.587114
  2 S  2.85332000E+00     -0.005123

  3 P  4.21175000E+01      5.584018
  3 P  9.62837000E+00      5.733366
  3 P  2.85332000E+00      4.332955

  4 S  9.05661000E-01      0.661659

  5 P  9.05661000E-01      1.259352

  6 S  2.55611000E-01      0.256209

  7 P  2.55611000E-01      0.259068

  8 D  1.29200000E+00      2.577026


  Br (bromine)
  ------------
          Exponent        Coefficients
      ----------------  --------------------
  1 S  4.39700000E+05      9.893706
  1 S  6.60300000E+04     18.450679
  1 S  1.51400000E+04     31.049770
  1 S  4.31700000E+03     48.888138
  1 S  1.41400000E+03     64.847798
  1 S  5.23900000E+02     42.245010

  2 S  5.23900000E+02     14.290679
  2 S  2.07700000E+02     24.083128
  2 S  8.65400000E+01      5.132542

  3 S  3.05200000E+01      9.254405

  4 S  1.29800000E+01      4.873782

  5 S  4.41200000E+00      2.169635

  6 S  1.86200000E+00      1.136043

  7 S  3.93200000E-01      0.353892

  8 S  1.40000000E-01      0.163120

  9 P  2.95700000E+03    691.874478
  9 P  7.00300000E+02    925.332763
  9 P  2.24600000E+02   1068.830732

  10 P  8.25900000E+01    122.079275
  10 P  3.31900000E+01     57.580687
  10 P  1.42000000E+01     10.176170

  11 P  1.42000000E+01      3.129736
  11 P  7.43800000E+00      6.538168
  11 P  3.52600000E+00      4.166276

  12 P  1.59500000E+00      2.555000

  13 P  8.46200000E-01      1.156861

  14 P  3.18600000E-01      0.341191

  15 P  1.09600000E-01      0.089888

  16 D  1.34800000E+02    160.709187
  16 D  3.63900000E+01    119.797406
  16 D  1.21600000E+01     55.531619
  16 D  4.34100000E+00     12.984636

  17 D  1.53500000E+00      3.484168

  18 D  4.51000000E-01      0.408525



Printing Internal Coordinates

------------------------------------------------------------
                Bond Lengths

i      j        Length (Angstroms)     Length (Bohr)
0      1          1.3542190561         2.5591031306
0      3          1.0792002801         2.0393929643
0      12         1.4685631913         2.7751822302
1      2          1.4016448121         2.6487248207
1      4          1.0790762944         2.0391586654
2      5          1.4804214824         2.7975911526
2      10         1.3944404924         2.6351106295
5      6          1.2010715686         2.2696963223
5      7          1.2012129535         2.2699635010
8      9          1.0814584608         2.0436603075
8      10         1.3566309762         2.5636609990
8      12         1.4662999211         2.7709052693
10     11         1.0777231494         2.0366015919
12     13         1.1009941965         2.0805774976
12     14         1.9326961757         3.6522664566

Number of Bonds: 15

------------------------------------------------------------
           Bond Angles

i      j      k      Angle (degrees)
0      1      2        117.3079 
0      1      4        123.0658 
0      12     8        115.8596 
0      12     13       106.0585 
0      12     14       113.9396 
1      0      3        120.8191 
1      0      12       121.9640 
1      2      5        117.7424 
1      2      10       125.2994 
2      1      4        119.6256 
2      5      6        115.3731 
2      5      7        115.4072 
2      10     8        117.4687 
2      10     11       119.7272 
3      0      12       117.1836 
5      2      10       116.9569 
6      5      7        129.2196 
8      10     11       122.8021 
8      12     13       108.2923 
8      12     14       108.0422 
9      8      10       120.8800 
9      8      12       117.1889 
10     8      12       121.9263 
13     12     14       103.8117 

Number of Angles: 24

------------------------------------------------------------
              Torsional Angles

i      j      k      l      Angle (degrees)
3      0      1      2       -178.5983 
4      1      0      3          1.7334 
8      10     2      1         -3.1972 
9      8      10     2       -178.3783 
10     2      1      0          0.1685 
10     2      1      4        179.8487 
11     10     2      1        177.3155 
11     10     8      9          1.0920 
12     8      10     2          2.4433 
12     8      10     11      -178.0865 
13     12     8      9         62.7713 
13     12     8      10      -118.0213 
14     12     8      9        -49.0750 
14     12     8      10       130.1324 

Number of Torsional Angles: 14


----------------------------------------------------------------------
                          Center of Mass

         x               y               z              Unit
   -0.1724649089    -0.070396058    0.1260110067      Angstrom
   -0.3259114442     -0.13302927    0.2381262915          Bohr

----------------------------------------------------------------------
                Moment of Inertia Tensor

           884.069          -146.076          -1090.69
          -146.076           4442.91          -102.455
          -1090.69          -102.455           4402.67

----------------------------------------------------------------------
                      Principal Moments of Inertia

           x                 y                 z                Unit
       158.5175551       1242.719623       1323.343507       amu * ang^2
       566.0764662       4437.832342       4725.745456      amu * bohr^2
  2.6322477268e-38  2.0635858919e-37  2.1974650912e-37          g * cm^2

 - Molecule is an asymmetric top.

----------------------------------------------------------------------

         Rotational constants (MHz)

    A = 3.1882e+03        B = 4.0667e+02        C = 3.8190e+02

----------------------------------------------------------------------

        Rotational constants (cm-1)

    A = 1.0635e-01        B = 1.3565e-02        C = 1.2739e-02

----------------------------------------------------------------------

                                Z-Matrix
C   
C        1       2.5591031
C        2       2.6487248     1       117.30787
H        3      6.33023396     2     22.27438261     1          1.0231
H        4      4.71699400     3     39.90977988     2          0.4120
N        5      5.00866360     4    125.88997532     3          0.0714
O        6      2.26969632     5    143.08285561     4         85.2387
O        7      4.10116858     6     25.39178150     5        116.4231
C        8      8.56578169     7     64.19537650     6         12.5386
H        9      2.04366031     8    146.35077851     7         58.1238
C       10      4.01583292     9     33.22257875     8        -20.1949
H       11      2.03660159    10     96.90850227     9       -179.0754
C       12      6.54590661    11     18.84783541    10          2.6085
H       13      2.08057750    12    116.94988774    11       -107.1162
Br      14      4.61476135    13     50.22362245    12       -133.8870

----------------------------------------------------------------------

             Converted back to Cartesian

C        0.000000      0.000000      0.000000
C        0.000000      0.000000      2.559103
C        0.000000      0.094629     -0.087931
H       -0.000013     -0.174446      6.236582
H        0.000007      0.083334      1.526637
N       -0.000055     -0.381924      6.513645
O       -0.002574     -0.072856      4.265091
O        0.001669     -0.662725      8.323616
C       -0.006199      0.734801     -0.127389
H       -0.006477      0.311871      1.872031
C       -0.004720      1.182636     -2.048260
H       -0.004124      0.682562     -0.074008
C       -0.006999      2.326259     -6.410185
H       -0.001778      1.732542     -4.416125
Br      -0.014580      3.116915     -8.818326

----------------------------------------------------------------------
                       Geometry in bohr 

1     C      -0.8666364676    2.3758192633    0.9693338993
2     C       1.6875118482    2.3846409383    1.1282596421
3     C       2.8999503876    0.0392465323    1.3400639014
4     H      -1.9065163973    4.1176833253    0.7603291528
5     H       2.7975771728    4.0950564507    1.1082143709
6     N       5.6902867091    0.0291611286    1.5411553103
7     O       6.7460118731   -1.5828396150    0.3418140844
8     O       6.5762698131    1.6363006720    2.8771458505
9     C      -0.8734035748   -2.3080709395    1.3550042772
10    H      -1.9189287711   -4.0618343352    1.4429728416
11    C       1.6899510169   -2.3010098333    1.3940054989
12    H       2.7967884930   -4.0084417287    1.4796394189
13    C      -2.3423875543    0.0332679909    1.1597247526
14    H      -3.5021746930    0.2216427712    2.8767604129
15    Br     -4.7988392166   -0.3918493171   -1.5093894778

 Number of nodes, processes per node used for SCF calculation: 1, 4

Common Options
{
  maxiter       = 100
  basis         = 6-311g* spherical
  geom_units    = angstrom
  ang2au factor = 1.889726126
  debug         = false
  file_prefix   = para_th45_ph288_qed_ccsd_input
}

SCF Options
{
  charge            = 1
  multiplicity      = 1
  level shift       = 0
  tol_int           = 1e-22
  tol_sch           = 1e-12
  tol_lindep        = 1e-10
  conve             = 1e-07
  convd             = 1e-05
  diis_hist         = 10
  AO_tilesize       = 30
  writem            = 10
  damp              = 100
  n_lindep          = 0
  scf_type          = restricted
  cuscf             = false
  qed_omegas        = [0.06615,]
  qed_lambdas       = [0.1,]
  qed_polvecs       = [[0.2185080122,-0.672498512,0.7071067812,],]
  direct_df         = false
  restart_size      = 2000
  restart           = false
  debug             = false
}

Number of basis functions = 221

Total number of shells = 105

Total number of electrons = 98
  # of alpha electrons    = 49
  # of beta electons      = 49

Nuclear repulsion energy  = 728.84955514967

# of {all,non-negligible} shell-pairs = {5565,4859}
Number of AO tiles = 105

Time for initial setup: 0.02 secs
HF exch = 1.00

Time for computing 1-e integrals T, V, S: 0.01 secs
Time for computing orthogonalizer: 0.01 secs

Superposition of Atomic Density Guess ...
Time taken for SAD: 0.40 secs
Total Time to compute initial guess: 0.40 secs


 SCF iterations
-----------------------------------------------------------------------------
 Iter     Energy            E-Diff       RMSD        |[F,P]|^2       Time(s)
-----------------------------------------------------------------------------
   1  -3011.7568771305    -3.01e+03     1.68e-02     1.50e+03         0.6 
   2  -3005.8037549313     5.95e+00     6.91e-03     7.92e+00         2.1 
   3  -3006.0008309692    -1.97e-01     2.77e-03     3.72e+00         2.1 
   4  -3006.1059896870    -1.05e-01     1.19e-03     1.15e-01         2.1 
   5  -3006.1122769839    -6.29e-03     2.40e-04     1.16e-02         2.2 
   6  -3006.1128564543    -5.79e-04     1.58e-04     1.36e-03         2.2 
   7  -3006.1129901269    -1.34e-04     6.55e-05     1.92e-04         2.1 
   8  -3006.1130127584    -2.26e-05     1.89e-05     2.86e-05         2.1 
   9  -3006.1130155127    -2.75e-06     8.42e-06     6.67e-06         2.1 
  10  -3006.1130161065    -5.94e-07     3.70e-06     1.13e-06         2.1 
  11  -3006.1130162149    -1.08e-07     1.66e-06     1.46e-07         2.1 
  12  -3006.1130162328    -1.79e-08     7.21e-07     2.27e-08         2.1 

** Total SCF energy = -3006.1130162328418

Nuclear repulsion energy = 728.849555149669641
#electrons        = 98
1e energy kinetic = 3006.1920874519369136
1e energy N-e     = -8610.7348985519420239
1e energy         = -5602.3203087726469676
2e energy         = 1869.3939553158716080
QED energy        = 0.1862844016243725
QED eT energy     = 0.1645242774134980
QED eT energy from matrix = 0.1645242774135044

 Polarizability Matrix (QED energy = 0.5 * lambda.dot(matrix * lambda))
[43.48954484,  0.42601953,  1.35447648]
[ 0.42601953, 41.07320532,  2.44108340]
[ 1.35447648,  2.44108340, 37.26632748]

 Polarizability Matrix (QED eT energy = 0.5 * lambda.dot(matrix * lambda))
[40.21976411,  0.45460929,  1.75912593]
[ 0.45460929, 37.50365918,  2.86396242]
[ 1.75912593,  2.86396242, 32.67428010]


                      Electron        Nuclear        Total  
                  ------------------------------------------
    Monopole         -98.000000     99.000000      1.000000

      Dipole   X       8.958319    -10.112452     -1.154133
      Dipole   Y      11.358357    -11.375440     -0.017083
      Dipole   Z     -34.167202     35.457403      1.290201

  Quadrupole  XX   -1953.634203   1904.628444    -49.005759
  Quadrupole  XY     -67.538648     67.822541      0.283893
  Quadrupole  XZ    -499.148652    498.097592     -1.051060
  Quadrupole  YY    -285.071328    244.916066    -40.155262
  Quadrupole  YZ     -45.527326     43.361997     -2.165329
  Quadrupole  ZZ    -280.565344    232.672625    -47.892719

    Octupole XXX   -2395.141474   2259.010471   -136.131003
    Octupole XXY     314.858785   -311.406269      3.452516
    Octupole XXZ    -519.081808    475.742664    -43.339145
    Octupole XYY    -355.172337    332.018797    -23.153541
    Octupole XYZ    -131.157077    119.590691    -11.566386
    Octupole XZZ    -196.310807    159.670478    -36.640330
    Octupole YYY     -11.086286     23.251007     12.164721
    Octupole YYZ    -316.790626    298.513420    -18.277205
    Octupole YZZ     -52.107597     48.176372     -3.931226
    Octupole ZZZ    -289.091532    197.033048    -92.058484

writing orbitals and density to disk ... done.

Total Time taken for Hartree-Fock: 25.48 secs

CD Options
{
  debug             = false
  skip_cd           = [false, 100]
  write_cv          = [false, 5000]
  diagtol           = 1e-06
  itilesize         = 1000
  max_cvecs_factor  = 12
}

- #occupied, #virtual = 98, 344

- Tilesize for the MSO space: 40

-----------------------------------------------------
Begin 2-index transformation ... 

nAO, nMO, nelectrons = 221, 442, 98
n_occ_alpha, n_vir_alpha, n_occ_beta, n_vir_beta = 49,172,49,172

Time taken for Fao->Fmo transform: 0.00 secs

-----------------------------------------------------
Number of AO tiles = 105
# of {all,non-negligible} shell-pairs = {5565,4859}

    Begin Cholesky Decomposition
---------------------------------------------
Total # of mpi ranks used for Cholesky decomposition: 4
  --> Number of nodes, mpi ranks per node: 1, 4
- CPU memory required for computing cholesky vectors: 1.93 GiB

- Time for computing the diagonal: 0.01 secs

- Total number of cholesky vectors = 1640

- Time to compute cholesky vectors: 15.13 secs

- CPU memory required for resizing the ao cholesky tensor: 1.56 GiB
- CPU memory required for ao2mo transformation: 1.69 GiB
- CPU memory required for the 2-step contraction: 2.10 GiB

- Time for ao to mo transform: 1.61 secs

   End Cholesky Decomposition
---------------------------------------------

Total Time taken for Cholesky Decomposition: 18.54 secs

scf_type = restricted
Closed-Shell SCF
QED-HF Enabled
nbf = 203
nbf_orig = 221
n_lindep = 0
focc = 1
nmo = 406
nocc = 62
nvir = 344
n_occ_alpha = 31
n_vir_alpha = 172
n_occ_beta = 31
n_vir_beta = 172
nelectrons = 98
nelectrons_alpha = 49
nelectrons_beta = 49
freeze atomic = true
n_frozen_core = 18
n_frozen_virtual = 0
----------------------------
--------- QED-CCSD --------
lambda_x: 0.0219
lambda_y: -0.0672
lambda_z: 0.0707
omega: 0.066150
coupling_factor_x: 0.003974
coupling_factor_y: -0.012230
coupling_factor_z: 0.012860
----------------------------
# of {all,non-negligible} shell-pairs = {5565,4859}
Number of AO tiles = 105
----------------------------
Electronic dipole expectation value using SCF density: 
dipole_x_elec: 8.95837465
dipole_y_elec: 11.35826680
dipole_z_elec: -34.16716320

d_n/N value: d_n is nuclear dipole moment and N is the total number of electrons 
d_nuc_x: -0.10318829
d_nuc_y: -0.11607591
d_nuc_z: 0.36181023

<d_e+d_n> expectation values: 
dipole_total_x: -1.15407774
dipole_total_y: -0.01717275
dipole_total_z: 1.29023975
----------------------------


 CCSD iterations
------------------------------------------------------------
  Iter     Residuum          Correlation          Time(s)
------------------------------------------------------------
   1     1.1854054893167    0.0000000000000         86.01
   2     0.1671199848097   -1.6701157188945         89.49
   3     0.0686365123494   -1.6280127213223         84.59
   4     0.0226127245925   -1.6993558627662         84.01
   5     0.0186818683081   -1.6893370981435         84.39
 MICROCYCLE DIIS UPDATE:                    6
   6     0.0073749738799   -1.6998686815497         83.38
   7     0.0045918072771   -1.6996661046018         83.71
   8     0.0028309307882   -1.7009435019823         83.03
   9     0.0018552332215   -1.7011110194915         82.68
  10     0.0015697277806   -1.7014030523389         82.75
 MICROCYCLE DIIS UPDATE:                   11
  11     0.0005914415742   -1.7018041260965         84.06
  12     0.0004378893451   -1.7019113002479         83.95
  13     0.0003476388009   -1.7018772159151         84.00
  14     0.0002840734487   -1.7018672894301         83.33
  15     0.0002475059857   -1.7018711172730         83.02
 MICROCYCLE DIIS UPDATE:                   16
  16     0.0000937943815   -1.7018323419807         82.93
  17     0.0000658868617   -1.7018682241152         82.90
  18     0.0000509570976   -1.7018718619884         83.41
  19     0.0000467848320   -1.7018789663021         84.10
  20     0.0000445006475   -1.7018788823788         84.16
 MICROCYCLE DIIS UPDATE:                   21
  21     0.0000160803865   -1.7018840346402         83.95
  22     0.0000109260124   -1.7018851136769         84.15
  23     0.0000087839969   -1.7018845441342         84.14
  24     0.0000070775884   -1.7018836442210         83.93
  25     0.0000062155372   -1.7018837742317         84.07
 MICROCYCLE DIIS UPDATE:                   26
  26     0.0000028882478   -1.7018820600028         84.13
  27     0.0000019622565   -1.7018831937387         84.07
  28     0.0000015419250   -1.7018832740829         84.02
  29     0.0000013774186   -1.7018835163239         82.59
  30     0.0000013044863   -1.7018835112383         83.90
 MICROCYCLE DIIS UPDATE:                   31
  31     0.0000004985547   -1.7018836820967         83.49
------------------------------------------------------------------
 Iterations converged
 CCSD correlation energy / hartree =        -1.701883682096670
 CCSD total energy / hartree       =     -3007.814899914938451

Time taken for spin-orbital canonical QED-CCSD: 2669.01 secs
