
ExaChem Git Information
{
 WARNING: Failed to retrieve the current git state.
}


TAMM Git Information
{
 Branch: main
 Commit Hash: e71357ad [e71357ad54f38748b4a7e175aa6760820d5ce96f]
 Commit Date: 2026-02-02 23:14:56 -0800
 Commit Message: add GitHub Actions workflow for releases
}


date: Wed Aug  5 18:06:20 2026
program: "/global/cfs/cdirs/m3196/heindelj/cavity_qed/software/install_gpu/bin/bin/ExaChem"
nnodes: 1, nproc_per_node: 4, nproc_total: 4, ngpus_per_node: 1, ngpus_total: 1

Memory information
{
[AMD EPYC 7763 64-Core Processor                ] : 
  CPU memory per node (GiB): 251
  Total CPU memory (GiB): 251
[NVIDIA A100-SXM4-40GB, CUDA v12.9] : 
  GPU memory per device (GiB): 39
  GPU memory per node (GiB): 39
  Total GPU memory (GiB): 39
}

------------------------------------------------------------

Input file provided: /global/cfs/cdirs/m4262/heindelj/cavity_qed/mlip/lambda_scans/grid_scans_optimized_geoms/runs_grid_no_freq/meta_th18_ph126/meta_th18_ph126_qed_ccsd_input.json

{
  "geometry": {
    "coordinates": [
      "C    -0.920090487300    2.014547729200    0.764401987400",
      "C     0.476563053300    1.952004240200    0.703376390800",
      "C     1.158579848000    0.725042595000    0.665209164000",
      "C     0.497569047700   -0.450691990800    0.632981500100",
      "C    -1.628571618000    0.854330311400    0.757362115800",
      "H    -1.413973140300    2.973621564600    0.812769773300",
      "H     1.071696435500    2.858954666100    0.686753154200",
      "H     1.037196375300   -1.389000052800    0.591186167600",
      "H    -2.710990336100    0.859789723600    0.798624517200",
      "N     2.644750256800    0.745831915000    0.643035365000",
      "O     3.191365784500   -0.311800991500    0.801274547600",
      "O     3.154035849500    1.824035955400    0.479264002600",
      "C    -0.973318495800   -0.458807525400    0.648392290300",
      "H    -1.312146485300   -1.121483282200    1.449032178800",
      "Br   -1.664499357100   -1.274775873800   -0.962205462900"
    ],
    "units": "angstrom",
    "noorient": true
  },
  "common": {
    "maxiter": 100,
    "debug": false
  },
  "basis": {
    "basisset": "6-311G*"
  },
  "SCF": {
    "charge": 1,
    "multiplicity": 1,
    "lshift": 0,
    "tol_lindep": 1e-10,
    "conve": 1e-07,
    "convd": 1e-05,
    "diis_hist": 10,
    "writem": 10,
    "restart": false,
    "noscf": false,
    "scf_type": "restricted",
    "debug": false,
    "qed_omegas": [
      0.06615
    ],
    "qed_volumes": [],
    "qed_lambdas": [
      0.1
    ],
    "qed_polvecs": [
      [
        -0.1816356320013402,
        0.25,
        0.9510565162951536
      ]
    ],
    "direct_df": false
  },
  "CD": {
    "debug": false,
    "diagtol": 1e-06
  },
  "CC": {
    "threshold": 1e-06,
    "ndiis": 5,
    "ccsd_maxiter": 200,
    "tilesize": 40,
    "freeze": {
      "atomic": true
    },
    "readt": false,
    "writet": true,
    "writet_iter": 5,
    "debug": false,
    "profile_ccsd": false,
    "balance_tiles": true
  },
  "TASK": {
    "scf": false,
    "ccsd": true
  }
}

Output folder & files prefix: meta_th18_ph126_qed_ccsd_input.6-311g*

  C (carbon)
  ----------
          Exponent        Coefficients
      ----------------  --------------------
  1 S  4.56324000E+03      0.778202
  1 S  6.82024000E+02      1.448695
  1 S  1.54973000E+02      2.383089
  1 S  4.44553000E+01      3.200089
  1 S  1.30290000E+01      3.013004
  1 S  1.82773000E+00      0.247599

  2 S  2.09642000E+01      0.800629
  2 S  4.80331000E+00      2.127420
  2 S  1.45933000E+00     -0.002868

  3 P  2.09642000E+01      2.573592
  3 P  4.80331000E+00      2.408248
  3 P  1.45933000E+00      1.865281

  4 S  4.83456000E-01      0.413217

  5 P  4.83456000E-01      0.574627

  6 S  1.45585000E-01      0.167976

  7 P  1.45585000E-01      0.128185

  8 D  6.26000000E-01      0.725128


  H (hydrogen)
  ------------
          Exponent        Coefficients
      ----------------  --------------------
  1 S  3.38650000E+01      0.255069
  1 S  5.09479000E+00      0.460109
  1 S  1.15879000E+00      0.678321

  2 S  3.25840000E-01      0.307371

  3 S  1.02741000E-01      0.129336


  N (nitrogen)
  ------------
          Exponent        Coefficients
      ----------------  --------------------
  1 S  6.29348000E+03      0.991968
  1 S  9.49044000E+02      1.823240
  1 S  2.18776000E+02      2.979891
  1 S  6.36916000E+01      4.000007
  1 S  1.88282000E+01      3.881008
  1 S  2.72023000E+00      0.386764

  2 S  3.06331000E+01      1.038501
  2 S  7.02614000E+00      2.834794
  2 S  2.11205000E+00     -0.003208

  3 P  3.06331000E+01      3.935616
  3 P  7.02614000E+00      3.870994
  3 P  2.11205000E+00      2.967271

  4 S  6.84009000E-01      0.536051

  5 P  6.84009000E-01      0.886681

  6 S  2.00878000E-01      0.213850

  7 P  2.00878000E-01      0.191693

  8 D  9.13000000E-01      1.403568


  O (oxygen)
  ----------
          Exponent        Coefficients
      ----------------  --------------------
  1 S  8.58850000E+03      1.205013
  1 S  1.29723000E+03      2.216205
  1 S  2.99296000E+02      3.627452
  1 S  8.73771000E+01      4.888452
  1 S  2.56789000E+01      4.835721
  1 S  3.74004000E+00      0.538229

  2 S  4.21175000E+01      1.341958
  2 S  9.62837000E+00      3.587114
  2 S  2.85332000E+00     -0.005123

  3 P  4.21175000E+01      5.584018
  3 P  9.62837000E+00      5.733366
  3 P  2.85332000E+00      4.332955

  4 S  9.05661000E-01      0.661659

  5 P  9.05661000E-01      1.259352

  6 S  2.55611000E-01      0.256209

  7 P  2.55611000E-01      0.259068

  8 D  1.29200000E+00      2.577026


  Br (bromine)
  ------------
          Exponent        Coefficients
      ----------------  --------------------
  1 S  4.39700000E+05      9.893706
  1 S  6.60300000E+04     18.450679
  1 S  1.51400000E+04     31.049770
  1 S  4.31700000E+03     48.888138
  1 S  1.41400000E+03     64.847798
  1 S  5.23900000E+02     42.245010

  2 S  5.23900000E+02     14.290679
  2 S  2.07700000E+02     24.083128
  2 S  8.65400000E+01      5.132542

  3 S  3.05200000E+01      9.254405

  4 S  1.29800000E+01      4.873782

  5 S  4.41200000E+00      2.169635

  6 S  1.86200000E+00      1.136043

  7 S  3.93200000E-01      0.353892

  8 S  1.40000000E-01      0.163120

  9 P  2.95700000E+03    691.874478
  9 P  7.00300000E+02    925.332763
  9 P  2.24600000E+02   1068.830732

  10 P  8.25900000E+01    122.079275
  10 P  3.31900000E+01     57.580687
  10 P  1.42000000E+01     10.176170

  11 P  1.42000000E+01      3.129736
  11 P  7.43800000E+00      6.538168
  11 P  3.52600000E+00      4.166276

  12 P  1.59500000E+00      2.555000

  13 P  8.46200000E-01      1.156861

  14 P  3.18600000E-01      0.341191

  15 P  1.09600000E-01      0.089888

  16 D  1.34800000E+02    160.709187
  16 D  3.63900000E+01    119.797406
  16 D  1.21600000E+01     55.531619
  16 D  4.34100000E+00     12.984636

  17 D  1.53500000E+00      3.484168

  18 D  4.51000000E-01      0.408525



Printing Internal Coordinates

------------------------------------------------------------
                Bond Lengths

i      j        Length (Angstroms)     Length (Bohr)
0      1          1.3993844804         2.6444534128
0      4          1.3594482443         2.5689848641
0      5          1.0798528323         2.0406261093
1      2          1.4042928912         2.6537289649
1      6          1.0849051339         2.0501735757
2      3          1.3491944696         2.5496080380
2      9          1.4864811997         2.8090423588
3      7          1.0832204400         2.0469899657
3      12         1.4709906594         2.7797694800
4      8          1.0832186632         2.0469866079
4      12         1.4715848788         2.7808923919
9      10         1.2010060528         2.2695725154
9      11         1.2036265313         2.2745245020
12     13         1.0931458257         2.0657462262
12     14         1.9332771274         3.6533642962

Number of Bonds: 15

------------------------------------------------------------
           Bond Angles

i      j      k      Angle (degrees)
0      1      2        121.6651 
0      1      6        120.7167 
0      4      8        121.0824 
0      4      12       121.9977 
1      0      4        118.8009 
1      0      5        119.8755 
1      2      3        121.6076 
1      2      9        118.2780 
2      1      6        117.6180 
2      3      7        120.7777 
2      3      12       119.6337 
2      9      10       116.1520 
2      9      11       115.9506 
3      2      9        120.1098 
3      12     4        116.1736 
3      12     13       108.7206 
3      12     14       110.5542 
4      0      5        121.3234 
4      12     13       110.4071 
4      12     14       106.2076 
7      3      12       119.5880 
8      4      12       116.8887 
10     9      11       127.8944 
13     12     14       104.0930 

Number of Angles: 24

------------------------------------------------------------
              Torsional Angles

i      j      k      l      Angle (degrees)
3      2      1      0          2.6252 
4      0      1      2         -1.4253 
5      0      1      2        178.7629 
6      1      0      4        178.7497 
6      1      0      5         -1.0621 
6      1      2      3       -177.5446 
7      3      2      1        179.2278 
8      4      0      1       -179.7125 
8      4      0      5          0.0965 

Number of Torsional Angles: 9


----------------------------------------------------------------------
                          Center of Mass

         x               y               z              Unit
   -0.0715338869  -0.03642262321   0.03460715196      Angstrom
    -0.135179455  -0.06882878265    0.0653980392          Bohr

----------------------------------------------------------------------
                Moment of Inertia Tensor

           1644.29          -908.026          -713.248
          -908.026           3076.93          -568.294
          -713.248          -568.294           3773.27

----------------------------------------------------------------------
                      Principal Moments of Inertia

           x                 y                 z                Unit
       258.9281396       968.0923776       1151.678598       amu * ang^2
       924.6491732       3457.120643       4112.718939      amu * bohr^2
  4.2996058480e-38  1.6075563103e-37  1.9124086099e-37          g * cm^2

 - Molecule is an asymmetric top.

----------------------------------------------------------------------

         Rotational constants (MHz)

    A = 1.9518e+03        B = 5.2204e+02        C = 4.3882e+02

----------------------------------------------------------------------

        Rotational constants (cm-1)

    A = 6.5105e-02        B = 1.7413e-02        C = 1.4637e-02

----------------------------------------------------------------------

                                Z-Matrix
C   
C        1       2.6444534
C        2        2.653729     1       121.66507
C        3      2.54960804     2    121.60757980     1          2.6252
C        4      4.72016663     3     87.73877226     2         -1.8166
H        5      4.02672123     4    115.79825391     3          0.9827
H        6      4.70825631     5     93.06023659     4          0.5337
H        7      8.02976687     6     92.23781740     5         -0.4713
H        8      8.26935813     7     59.47850569     6          0.4572
N        9     10.12744265     8     29.73945210     7         -1.5081
O       10      2.26957252     9    118.01722018     8        -12.0491
O       11      4.08236997    10     26.08333989     9       -178.0783
C       12      8.91883320    11     62.06670789    10         -2.5095
H       13      2.06574623    12    126.19410788    11         53.2568
Br      14      4.61407433    13     50.17065680    12       -143.6890

----------------------------------------------------------------------

             Converted back to Cartesian

C        0.000000      0.000000      0.000000
C        0.000000      0.000000      2.644453
C        0.000000      0.098328     -0.007453
C       -0.000076     -0.090438      2.535157
C        0.000235      0.384699     -2.161035
H       -0.000264     -0.161671      1.828447
H        0.000517      0.609134     -2.816285
H       -0.001116     -0.927469      5.065086
H        0.000744      0.801771     -3.021447
N       -0.001601     -1.405650      6.862499
O       -0.000717     -0.831672      4.666705
O       -0.000691     -1.895419      8.608049
C       -0.009024      0.590748      0.042741
H       -0.004486     -0.060864      2.003019
Br      -0.013846      1.461324     -2.352728

----------------------------------------------------------------------
                       Geometry in bohr 

1     C      -1.7387190321    3.8069434758    1.4445104063
2     C       0.9005736525    3.6887534106    1.3291887420
3     C       2.1893986077    1.3701319342    1.2570631364
4     C       0.9402692289   -0.8516844298    1.1961616780
5     C      -3.0775543344    1.6144503096    1.4312069770
6     H      -2.6720219846    5.6193303592    1.5359122750
7     H       2.0252127532    5.4026413253    1.2977753775
8     H       1.9600170881   -2.6248296887    1.1171799462
9     H      -5.1230292652    1.6247671035    1.5091816149
10    N       4.9978536568    1.4094180553    1.2151607291
11    O       6.0308073003   -0.5892184797    1.5141894466
12    O       5.9602639468    3.4469283995    0.9056777069
13    C      -1.8393053903   -0.8670205675    1.2252838508
14    H      -2.4795974943   -2.1192962581    2.7382739656
15    Br     -3.1454479217   -2.4089772734   -1.8183048017

 Number of nodes, processes per node used for SCF calculation: 1, 4

Common Options
{
  maxiter       = 100
  basis         = 6-311g* spherical
  geom_units    = angstrom
  ang2au factor = 1.889726126
  debug         = false
  file_prefix   = meta_th18_ph126_qed_ccsd_input
}

SCF Options
{
  charge            = 1
  multiplicity      = 1
  level shift       = 0
  tol_int           = 1e-22
  tol_sch           = 1e-12
  tol_lindep        = 1e-10
  conve             = 1e-07
  convd             = 1e-05
  diis_hist         = 10
  AO_tilesize       = 30
  writem            = 10
  damp              = 100
  n_lindep          = 0
  scf_type          = restricted
  cuscf             = false
  qed_omegas        = [0.06615,]
  qed_lambdas       = [0.1,]
  qed_polvecs       = [[-0.181635632,0.25,0.9510565163,],]
  direct_df         = false
  restart_size      = 2000
  restart           = false
  debug             = false
}

Number of basis functions = 221

Total number of shells = 105

Total number of electrons = 98
  # of alpha electrons    = 49
  # of beta electons      = 49

Nuclear repulsion energy  = 741.062211158902

# of {all,non-negligible} shell-pairs = {5565,4907}
Number of AO tiles = 105

Time for initial setup: 0.02 secs
HF exch = 1.00

Time for computing 1-e integrals T, V, S: 0.01 secs
Time for computing orthogonalizer: 0.01 secs

Superposition of Atomic Density Guess ...
Time taken for SAD: 0.29 secs
Total Time to compute initial guess: 0.29 secs


 SCF iterations
-----------------------------------------------------------------------------
 Iter     Energy            E-Diff       RMSD        |[F,P]|^2       Time(s)
-----------------------------------------------------------------------------
   1  -3011.7465297647    -3.01e+03     1.67e-02     1.50e+03         0.6 
   2  -3005.8400956463     5.91e+00     6.58e-03     7.19e+00         2.1 
   3  -3006.0191140814    -1.79e-01     2.64e-03     3.65e+00         2.1 
   4  -3006.1232252342    -1.04e-01     1.12e-03     1.11e-01         2.1 
   5  -3006.1296741666    -6.45e-03     2.28e-04     8.49e-03         2.1 
   6  -3006.1301679303    -4.94e-04     1.38e-04     1.29e-03         2.1 
   7  -3006.1303035323    -1.36e-04     5.62e-05     2.27e-04         2.1 
   8  -3006.1303273236    -2.38e-05     2.13e-05     4.22e-05         2.1 
   9  -3006.1303311335    -3.81e-06     9.30e-06     8.06e-06         2.1 
  10  -3006.1303317855    -6.52e-07     3.83e-06     1.44e-06         2.1 
  11  -3006.1303319064    -1.21e-07     2.00e-06     1.84e-07         2.1 
  12  -3006.1303319315    -2.52e-08     8.26e-07     3.02e-08         2.2 

** Total SCF energy = -3006.1303319315139

Nuclear repulsion energy = 741.062211158901619
#electrons        = 98
1e energy kinetic = 3006.1909621830354808
1e energy N-e     = -8635.3760536183690419
1e energy         = -5627.6654746324829830
2e energy         = 1881.8119448360680508
QED energy        = 0.1806035088493672
QED eT energy     = 0.1561781638161676
QED eT energy from matrix = 0.1561781638161803

 Polarizability Matrix (QED energy = 0.5 * lambda.dot(matrix * lambda))
[41.15532373,  1.62069379,  0.82170333]
[ 1.62069379, 44.48037942,  0.32096532]
[ 0.82170333,  0.32096532, 35.66727508]

 Polarizability Matrix (QED eT energy = 0.5 * lambda.dot(matrix * lambda))
[37.41793676,  1.80442501,  0.97527902]
[ 1.80442501, 41.42194213,  0.45142693]
[ 0.97527902,  0.45142693, 30.62264842]


                      Electron        Nuclear        Total  
                  ------------------------------------------
    Monopole         -98.000000     99.000000      1.000000

      Dipole   X      -0.921408     -1.218574     -2.139983
      Dipole   Y      -7.648676      8.885459      1.236782
      Dipole   Z     -18.306347     19.723206      1.416859

  Quadrupole  XX   -1328.382114   1277.970838    -50.411277
  Quadrupole  XY    -413.212148    411.323991     -1.888157
  Quadrupole  XZ    -323.072697    320.546687     -2.526010
  Quadrupole  YY    -632.260323    593.993727    -38.266597
  Quadrupole  YZ    -263.515484    266.617665      3.102180
  Quadrupole  ZZ    -274.314732    228.509952    -45.804779

    Octupole XXX   -3046.488741   2908.934672   -137.554069
    Octupole XXY    -522.715388    498.260003    -24.455384
    Octupole XXZ    -564.768044    539.186656    -25.581388
    Octupole XYY      96.734401   -127.862372    -31.127971
    Octupole XYZ     369.324559   -374.220286     -4.895727
    Octupole XZZ     209.933296   -231.086806    -21.153510
    Octupole YYY    -852.420949    833.384820    -19.036129
    Octupole YYZ    -138.606324    129.629986     -8.976338
    Octupole YZZ     114.567876   -141.018861    -26.450986
    Octupole ZZZ     -20.935589    -49.972203    -70.907792

writing orbitals and density to disk ... done.

Total Time taken for Hartree-Fock: 24.96 secs

CD Options
{
  debug             = false
  skip_cd           = [false, 100]
  write_cv          = [false, 5000]
  diagtol           = 1e-06
  itilesize         = 1000
  max_cvecs_factor  = 12
}

- #occupied, #virtual = 98, 344

- Tilesize for the MSO space: 40

-----------------------------------------------------
Begin 2-index transformation ... 

nAO, nMO, nelectrons = 221, 442, 98
n_occ_alpha, n_vir_alpha, n_occ_beta, n_vir_beta = 49,172,49,172

Time taken for Fao->Fmo transform: 0.00 secs

-----------------------------------------------------
Number of AO tiles = 105
# of {all,non-negligible} shell-pairs = {5565,4907}

    Begin Cholesky Decomposition
---------------------------------------------
Total # of mpi ranks used for Cholesky decomposition: 4
  --> Number of nodes, mpi ranks per node: 1, 4
- CPU memory required for computing cholesky vectors: 1.93 GiB

- Time for computing the diagonal: 0.01 secs

- Total number of cholesky vectors = 1649

- Time to compute cholesky vectors: 15.86 secs

- CPU memory required for resizing the ao cholesky tensor: 1.57 GiB
- CPU memory required for ao2mo transformation: 1.70 GiB
- CPU memory required for the 2-step contraction: 2.12 GiB

- Time for ao to mo transform: 1.54 secs

   End Cholesky Decomposition
---------------------------------------------

Total Time taken for Cholesky Decomposition: 19.35 secs

scf_type = restricted
Closed-Shell SCF
QED-HF Enabled
nbf = 203
nbf_orig = 221
n_lindep = 0
focc = 1
nmo = 406
nocc = 62
nvir = 344
n_occ_alpha = 31
n_vir_alpha = 172
n_occ_beta = 31
n_vir_beta = 172
nelectrons = 98
nelectrons_alpha = 49
nelectrons_beta = 49
freeze atomic = true
n_frozen_core = 18
n_frozen_virtual = 0
----------------------------
--------- QED-CCSD --------
lambda_x: -0.0182
lambda_y: 0.0250
lambda_z: 0.0951
omega: 0.066150
coupling_factor_x: -0.003303
coupling_factor_y: 0.004547
coupling_factor_z: 0.017296
----------------------------
# of {all,non-negligible} shell-pairs = {5565,4907}
Number of AO tiles = 105
----------------------------
Electronic dipole expectation value using SCF density: 
dipole_x_elec: -0.92130535
dipole_y_elec: -7.64864621
dipole_z_elec: -18.30632634

d_n/N value: d_n is nuclear dipole moment and N is the total number of electrons 
d_nuc_x: -0.01243443
d_nuc_y: 0.09066795
d_nuc_z: 0.20125721

<d_e+d_n> expectation values: 
dipole_total_x: -2.13987954
dipole_total_y: 1.23681261
dipole_total_z: 1.41687986
----------------------------


 CCSD iterations
------------------------------------------------------------
  Iter     Residuum          Correlation          Time(s)
------------------------------------------------------------
   1     1.1851987667885    0.0000000000000         85.61
   2     0.1673916398711   -1.6737173874776         84.78
   3     0.0689004843949   -1.6199771157789         83.82
   4     0.0216388768814   -1.6915635507518         83.74
   5     0.0174002818959   -1.6815324122490         83.84
 MICROCYCLE DIIS UPDATE:                    6
   6     0.0069300709498   -1.6913778699947         82.64
   7     0.0042608610648   -1.6912824725298         82.77
   8     0.0026487039159   -1.6924208344561         82.63
   9     0.0017579789540   -1.6925343354052         82.93
  10     0.0014731797619   -1.6928131478129         82.98
 MICROCYCLE DIIS UPDATE:                   11
  11     0.0003670458789   -1.6931194133984         82.44
  12     0.0002368496184   -1.6932067603951         82.44
  13     0.0001605337432   -1.6931880565212         83.10
  14     0.0001230553303   -1.6931866726486         84.77
  15     0.0000931255451   -1.6931864237905         83.83
 MICROCYCLE DIIS UPDATE:                   16
  16     0.0000400382550   -1.6931745870242         83.85
  17     0.0000259852730   -1.6931872368687         83.72
  18     0.0000210600658   -1.6931897788429         83.73
  19     0.0000153208824   -1.6931911313044         84.04
  20     0.0000137139574   -1.6931914747430         83.85
 MICROCYCLE DIIS UPDATE:                   21
  21     0.0000052874655   -1.6931922805351         83.98
  22     0.0000031321419   -1.6931934480143         83.76
  23     0.0000022834177   -1.6931929450026         83.46
  24     0.0000016729245   -1.6931927728574         83.62
  25     0.0000014345579   -1.6931927212414         83.67
 MICROCYCLE DIIS UPDATE:                   26
  26     0.0000007357696   -1.6931922457225         84.40
------------------------------------------------------------------
 Iterations converged
 CCSD correlation energy / hartree =        -1.693192245722470
 CCSD total energy / hartree       =     -3007.823524177236322

Time taken for spin-orbital canonical QED-CCSD: 2229.78 secs
