
ExaChem Git Information
{
 WARNING: Failed to retrieve the current git state.
}


TAMM Git Information
{
 Branch: main
 Commit Hash: e71357ad [e71357ad54f38748b4a7e175aa6760820d5ce96f]
 Commit Date: 2026-02-02 23:14:56 -0800
 Commit Message: add GitHub Actions workflow for releases
}


date: Mon Aug 10 12:37:17 2026
program: "/global/cfs/cdirs/m3196/heindelj/cavity_qed/software/install_gpu/bin/bin/ExaChem"
nnodes: 1, nproc_per_node: 4, nproc_total: 4, ngpus_per_node: 1, ngpus_total: 1

Memory information
{
[AMD EPYC 7763 64-Core Processor                ] : 
  CPU memory per node (GiB): 251
  Total CPU memory (GiB): 251
[NVIDIA A100-SXM4-40GB, CUDA v12.9] : 
  GPU memory per device (GiB): 39
  GPU memory per node (GiB): 39
  Total GPU memory (GiB): 39
}

------------------------------------------------------------

Input file provided: /global/cfs/cdirs/m4262/heindelj/cavity_qed/mlip/lambda_scans/grid_scans_optimized_geoms/runs_grid_no_freq/meta_th63_ph0/meta_th63_ph0_qed_ccsd_input.json

{
  "geometry": {
    "coordinates": [
      "C    -0.933242477600    2.020256182600    0.766281833700",
      "C     0.464798822100    1.957018823100    0.667480664200",
      "C     1.140069873400    0.731197742400    0.666123619900",
      "C     0.481745213400   -0.443766270700    0.725817014100",
      "C    -1.633131586500    0.861486997300    0.802785145000",
      "H    -1.421011096600    2.981793254300    0.803567675300",
      "H     1.051265426700    2.866585675000    0.600795143200",
      "H     1.018587991900   -1.383232189500    0.711119898700",
      "H    -2.709542540700    0.872072562200    0.866485927600",
      "N     2.622006401600    0.721821730600    0.611235023100",
      "O     3.133945442700   -0.363943088700    0.594617413700",
      "O     3.149740621500    1.800277502300    0.568425253800",
      "C    -0.983551000100   -0.454633772700    0.706548006400",
      "H    -1.398006573500   -1.158591521200    1.429835879500",
      "Br   -1.375507805600   -1.206744713400   -1.049660873200"
    ],
    "units": "angstrom",
    "noorient": true
  },
  "common": {
    "maxiter": 100,
    "debug": false
  },
  "basis": {
    "basisset": "6-311G*"
  },
  "SCF": {
    "charge": 1,
    "multiplicity": 1,
    "lshift": 0,
    "tol_lindep": 1e-10,
    "conve": 1e-07,
    "convd": 1e-05,
    "diis_hist": 10,
    "writem": 10,
    "restart": false,
    "noscf": false,
    "scf_type": "restricted",
    "debug": false,
    "qed_omegas": [
      0.06615
    ],
    "qed_volumes": [],
    "qed_lambdas": [
      0.1
    ],
    "qed_polvecs": [
      [
        0.8910065241883679,
        0.0,
        0.45399049973954686
      ]
    ],
    "direct_df": false
  },
  "CD": {
    "debug": false,
    "diagtol": 1e-06
  },
  "CC": {
    "threshold": 1e-06,
    "ndiis": 5,
    "ccsd_maxiter": 200,
    "tilesize": 40,
    "freeze": {
      "atomic": true
    },
    "readt": false,
    "writet": true,
    "writet_iter": 5,
    "debug": false,
    "profile_ccsd": false,
    "balance_tiles": true
  },
  "TASK": {
    "scf": false,
    "ccsd": true
  }
}

Output folder & files prefix: meta_th63_ph0_qed_ccsd_input.6-311g*

  C (carbon)
  ----------
          Exponent        Coefficients
      ----------------  --------------------
  1 S  4.56324000E+03      0.778202
  1 S  6.82024000E+02      1.448695
  1 S  1.54973000E+02      2.383089
  1 S  4.44553000E+01      3.200089
  1 S  1.30290000E+01      3.013004
  1 S  1.82773000E+00      0.247599

  2 S  2.09642000E+01      0.800629
  2 S  4.80331000E+00      2.127420
  2 S  1.45933000E+00     -0.002868

  3 P  2.09642000E+01      2.573592
  3 P  4.80331000E+00      2.408248
  3 P  1.45933000E+00      1.865281

  4 S  4.83456000E-01      0.413217

  5 P  4.83456000E-01      0.574627

  6 S  1.45585000E-01      0.167976

  7 P  1.45585000E-01      0.128185

  8 D  6.26000000E-01      0.725128


  H (hydrogen)
  ------------
          Exponent        Coefficients
      ----------------  --------------------
  1 S  3.38650000E+01      0.255069
  1 S  5.09479000E+00      0.460109
  1 S  1.15879000E+00      0.678321

  2 S  3.25840000E-01      0.307371

  3 S  1.02741000E-01      0.129336


  N (nitrogen)
  ------------
          Exponent        Coefficients
      ----------------  --------------------
  1 S  6.29348000E+03      0.991968
  1 S  9.49044000E+02      1.823240
  1 S  2.18776000E+02      2.979891
  1 S  6.36916000E+01      4.000007
  1 S  1.88282000E+01      3.881008
  1 S  2.72023000E+00      0.386764

  2 S  3.06331000E+01      1.038501
  2 S  7.02614000E+00      2.834794
  2 S  2.11205000E+00     -0.003208

  3 P  3.06331000E+01      3.935616
  3 P  7.02614000E+00      3.870994
  3 P  2.11205000E+00      2.967271

  4 S  6.84009000E-01      0.536051

  5 P  6.84009000E-01      0.886681

  6 S  2.00878000E-01      0.213850

  7 P  2.00878000E-01      0.191693

  8 D  9.13000000E-01      1.403568


  O (oxygen)
  ----------
          Exponent        Coefficients
      ----------------  --------------------
  1 S  8.58850000E+03      1.205013
  1 S  1.29723000E+03      2.216205
  1 S  2.99296000E+02      3.627452
  1 S  8.73771000E+01      4.888452
  1 S  2.56789000E+01      4.835721
  1 S  3.74004000E+00      0.538229

  2 S  4.21175000E+01      1.341958
  2 S  9.62837000E+00      3.587114
  2 S  2.85332000E+00     -0.005123

  3 P  4.21175000E+01      5.584018
  3 P  9.62837000E+00      5.733366
  3 P  2.85332000E+00      4.332955

  4 S  9.05661000E-01      0.661659

  5 P  9.05661000E-01      1.259352

  6 S  2.55611000E-01      0.256209

  7 P  2.55611000E-01      0.259068

  8 D  1.29200000E+00      2.577026


  Br (bromine)
  ------------
          Exponent        Coefficients
      ----------------  --------------------
  1 S  4.39700000E+05      9.893706
  1 S  6.60300000E+04     18.450679
  1 S  1.51400000E+04     31.049770
  1 S  4.31700000E+03     48.888138
  1 S  1.41400000E+03     64.847798
  1 S  5.23900000E+02     42.245010

  2 S  5.23900000E+02     14.290679
  2 S  2.07700000E+02     24.083128
  2 S  8.65400000E+01      5.132542

  3 S  3.05200000E+01      9.254405

  4 S  1.29800000E+01      4.873782

  5 S  4.41200000E+00      2.169635

  6 S  1.86200000E+00      1.136043

  7 S  3.93200000E-01      0.353892

  8 S  1.40000000E-01      0.163120

  9 P  2.95700000E+03    691.874478
  9 P  7.00300000E+02    925.332763
  9 P  2.24600000E+02   1068.830732

  10 P  8.25900000E+01    122.079275
  10 P  3.31900000E+01     57.580687
  10 P  1.42000000E+01     10.176170

  11 P  1.42000000E+01      3.129736
  11 P  7.43800000E+00      6.538168
  11 P  3.52600000E+00      4.166276

  12 P  1.59500000E+00      2.555000

  13 P  8.46200000E-01      1.156861

  14 P  3.18600000E-01      0.341191

  15 P  1.09600000E-01      0.089888

  16 D  1.34800000E+02    160.709187
  16 D  3.63900000E+01    119.797406
  16 D  1.21600000E+01     55.531619
  16 D  4.34100000E+00     12.984636

  17 D  1.53500000E+00      3.484168

  18 D  4.51000000E-01      0.408525



Printing Internal Coordinates

------------------------------------------------------------
                Bond Lengths

i      j        Length (Angstroms)     Length (Bohr)
0      1          1.4029540657         2.6511989514
0      4          1.3542242360         2.5591129191
0      5          1.0788243601         2.0386825785
1      2          1.3995106846         2.6446919041
1      6          1.0842978812         2.0490260343
2      3          1.3481450558         2.5476249334
2      9          1.4829823132         2.8024304215
3      7          1.0821332573         2.0449354881
3      12         1.4654632000         2.7693240956
4      8          1.0783461347         2.0377788635
4      12         1.4708468331         2.7794976876
9      10         1.2005177923         2.2686498367
9      11         1.2014170528         2.2703491928
12     13         1.0910890346         2.0618594543
12     14         1.9502745020         3.6854846792

Number of Bonds: 15

------------------------------------------------------------
           Bond Angles

i      j      k      Angle (degrees)
0      1      2        121.3567 
0      1      6        120.3645 
0      4      8        120.6029 
0      4      12       122.3878 
1      0      4        118.5770 
1      0      5        119.5481 
1      2      3        121.8513 
1      2      9        119.1920 
2      1      6        118.2755 
2      3      7        120.9162 
2      3      12       119.6133 
2      9      10       115.6175 
2      9      11       115.7594 
3      2      9        118.9537 
3      12     4        115.7275 
3      12     13       112.0787 
3      12     14       102.4538 
4      0      5        121.8733 
4      12     13       111.4806 
4      12     14       108.3751 
7      3      12       119.3027 
8      4      12       116.9680 
10     9      11       128.6119 
13     12     14       105.7706 

Number of Angles: 24

------------------------------------------------------------
              Torsional Angles

i      j      k      l      Angle (degrees)
3      2      1      0          1.6739 
4      0      1      2         -2.8406 
5      0      1      2        177.6107 
6      1      0      4        177.8352 
6      1      0      5         -1.7135 
6      1      2      3       -178.9882 
7      3      2      1        179.2139 
8      4      0      1       -179.2638 
8      4      0      5          0.2738 
12     3      2      1          3.9548 
13     12     3      2       -137.2313 
13     12     3      7         47.4326 
14     12     3      2        109.8177 
14     12     3      7        -65.5184 

Number of Torsional Angles: 14


----------------------------------------------------------------------
                          Center of Mass

         x               y               z              Unit
   0.03080514122  -0.01521081356 -0.001264021425      Angstrom
   0.05821328017  -0.02874427179  -0.00238865431          Bohr

----------------------------------------------------------------------
                Moment of Inertia Tensor

           1643.35            -758.9          -630.265
            -758.9           2849.26          -582.928
          -630.265          -582.928           3448.36

----------------------------------------------------------------------
                      Principal Moments of Inertia

           x                 y                 z                Unit
       279.6520305       874.8526601       1069.193177       amu * ang^2
       998.6555309       3124.155567       3818.158152      amu * bohr^2
  4.6437343862e-38  1.4527280111e-37  1.7754382519e-37          g * cm^2

 - Molecule is an asymmetric top.

----------------------------------------------------------------------

         Rotational constants (MHz)

    A = 1.8072e+03        B = 5.7767e+02        C = 4.7267e+02

----------------------------------------------------------------------

        Rotational constants (cm-1)

    A = 6.0281e-02        B = 1.9269e-02        C = 1.5767e-02

----------------------------------------------------------------------

                                Z-Matrix
C   
C        1        2.651199
C        2       2.6446919     1       121.35668
C        3      2.54762493     2    121.85134871     1          1.6739
C        4      4.69866410     3     87.66183003     2         -0.2375
H        5      4.02679946     4    115.95628152     3         -1.7732
H        6      4.69266626     5     93.03305730     4          2.7287
H        7      8.03393482     6     92.09780843     5         -1.9349
H        8      8.23918324     7     59.36370703     6          1.4868
N        9     10.09070266     8     29.53901585     7         -0.9865
O       10      2.26864984     9    116.86471879     8          0.1938
O       11      4.09019260    10     25.70435856     9        179.4214
C       12      8.90135275    11     60.95998351    10         -1.7339
H       13      2.06185945    12    131.42297870    11         59.2941
Br      14      4.68664616    13     49.18102684    12       -135.4638

----------------------------------------------------------------------

             Converted back to Cartesian

C        0.000000      0.000000      0.000000
C        0.000000      0.000000      2.651199
C        0.000000      0.097745      0.008314
C       -0.000048     -0.090824      2.548951
C        0.000114      0.381947     -2.125868
H       -0.000031     -0.164454      1.863688
H        0.000032      0.603783     -2.765667
H        0.000236     -0.933255      5.119865
H       -0.000246      0.789024     -2.937299
N        0.000538     -1.408992      6.911102
O        0.000185     -0.836329      4.715919
O       -0.000858     -1.899709      8.665463
C        0.010166      0.573467      0.114594
H        0.001757     -0.078018      2.070805
Br       0.028730      1.468837     -2.353126

----------------------------------------------------------------------
                       Geometry in bohr 

1     C      -1.7635726917    3.8177308893    1.4480628010
2     C       0.8783424774    3.6982295989    1.2613556497
3     C       2.1544198251    1.3817634770    1.2587912076
4     C       0.9103665158   -0.8385967155    1.3715953742
5     C      -3.0861714261    1.6279744859    1.5170440620
6     H      -2.6853217944    5.6347726147    1.5185228299
7     H       1.9866037421    5.4170618422    1.1353382784
8     H       1.9248523398   -2.6139300067    1.3438218512
9     H      -5.1202933284    1.6479783045    1.6374210951
10    N       4.9548739994    1.3640453826    1.1550667922
11    O       5.9222985802   -0.6877527631    1.1236640616
12    O       5.9521471423    3.4020314300    1.0741680527
13    C      -1.8586420211   -0.8591333180    1.3351822269
14    H      -2.6418495461   -2.1894206669    2.7019982173
15    Br     -2.5993330366   -2.2804170122   -1.9835715754

 Number of nodes, processes per node used for SCF calculation: 1, 4

Common Options
{
  maxiter       = 100
  basis         = 6-311g* spherical
  geom_units    = angstrom
  ang2au factor = 1.889726126
  debug         = false
  file_prefix   = meta_th63_ph0_qed_ccsd_input
}

SCF Options
{
  charge            = 1
  multiplicity      = 1
  level shift       = 0
  tol_int           = 1e-22
  tol_sch           = 1e-12
  tol_lindep        = 1e-10
  conve             = 1e-07
  convd             = 1e-05
  diis_hist         = 10
  AO_tilesize       = 30
  writem            = 10
  damp              = 100
  n_lindep          = 0
  scf_type          = restricted
  cuscf             = false
  qed_omegas        = [0.06615,]
  qed_lambdas       = [0.1,]
  qed_polvecs       = [[0.8910065242,0,0.4539904997,],]
  direct_df         = false
  restart_size      = 2000
  restart           = false
  debug             = false
}

Number of basis functions = 221

Total number of shells = 105

Total number of electrons = 98
  # of alpha electrons    = 49
  # of beta electons      = 49

Nuclear repulsion energy  = 750.656137790675

# of {all,non-negligible} shell-pairs = {5565,4926}
Number of AO tiles = 105

Time for initial setup: 0.10 secs
HF exch = 1.00

Time for computing 1-e integrals T, V, S: 0.01 secs
Time for computing orthogonalizer: 0.01 secs

Superposition of Atomic Density Guess ...
Time taken for SAD: 0.41 secs
Total Time to compute initial guess: 0.41 secs


 SCF iterations
-----------------------------------------------------------------------------
 Iter     Energy            E-Diff       RMSD        |[F,P]|^2       Time(s)
-----------------------------------------------------------------------------
   1  -3011.7401449052    -3.01e+03     1.67e-02     1.52e+03         0.6 
   2  -3005.7520237918     5.99e+00     6.58e-03     9.24e+00         2.1 
   3  -3006.0357685595    -2.84e-01     2.24e-03     2.46e+00         2.2 
   4  -3006.1077744356    -7.20e-02     1.20e-03     9.02e-02         2.1 
   5  -3006.1142357191    -6.46e-03     2.99e-04     7.00e-03         2.1 
   6  -3006.1148215412    -5.86e-04     1.84e-04     1.42e-03         2.1 
   7  -3006.1149707153    -1.49e-04     5.87e-05     1.36e-04         2.1 
   8  -3006.1149865171    -1.58e-05     1.28e-05     1.51e-05         2.1 
   9  -3006.1149878898    -1.37e-06     6.03e-06     3.28e-06         2.1 
  10  -3006.1149882073    -3.17e-07     3.91e-06     6.39e-07         2.1 
  11  -3006.1149882940    -8.68e-08     1.67e-06     9.46e-08         2.2 

** Total SCF energy = -3006.1149882940126

Nuclear repulsion energy = 750.656137790675302
#electrons        = 98
1e energy kinetic = 3006.2301429180001833
1e energy N-e     = -8654.4712405645259423
1e energy         = -5642.0258057248456680
2e energy         = 1891.2757776238613587
QED energy        = 0.1941939379755491
QED eT energy     = 0.1740025253226917
QED eT energy from matrix = 0.1740025253226984

 Polarizability Matrix (QED energy = 0.5 * lambda.dot(matrix * lambda))
[39.42316299,  1.33552541,  0.05481089]
[ 1.33552541, 44.76058048,  1.03616022]
[ 0.05481089,  1.03616022, 36.37272222]

 Polarizability Matrix (QED eT energy = 0.5 * lambda.dot(matrix * lambda))
[35.59801159,  1.49525680,  0.09006407]
[ 1.49525680, 41.72251479,  1.23595497]
[ 0.09006407,  1.23595497, 31.37511617]


                      Electron        Nuclear        Total  
                  ------------------------------------------
    Monopole         -98.000000     99.000000      1.000000

      Dipole   X     -17.631291     15.575475     -2.055816
      Dipole   Y     -11.097349     12.312224      1.214875
      Dipole   Z     -12.295790     13.732410      1.436620

  Quadrupole  XX   -1204.973635   1154.392670    -50.580964
  Quadrupole  XY    -345.609601    343.940162     -1.669439
  Quadrupole  XZ    -284.704233    282.257122     -2.447111
  Quadrupole  YY    -610.563870    572.364103    -38.199767
  Quadrupole  YZ    -270.669672    273.005063      2.335391
  Quadrupole  ZZ    -294.603011    249.190294    -45.412718

    Octupole XXX   -3401.758636   3249.271907   -152.486728
    Octupole XXY    -768.355767    744.541751    -23.814016
    Octupole XXZ    -638.858232    620.468946    -18.389286
    Octupole XYY     -48.782059     13.635275    -35.146784
    Octupole XYZ     279.703970   -285.838890     -6.134921
    Octupole XZZ     250.333752   -275.626461    -25.292709
    Octupole YYY    -922.604074    900.806362    -21.797712
    Octupole YYZ    -155.142580    146.220657     -8.921923
    Octupole YZZ     142.056973   -172.852969    -30.795996
    Octupole ZZZ      48.987183   -116.656010    -67.668827

writing orbitals and density to disk ... done.

Total Time taken for Hartree-Fock: 25.33 secs

CD Options
{
  debug             = false
  skip_cd           = [false, 100]
  write_cv          = [false, 5000]
  diagtol           = 1e-06
  itilesize         = 1000
  max_cvecs_factor  = 12
}

- #occupied, #virtual = 98, 344

- Tilesize for the MSO space: 40

-----------------------------------------------------
Begin 2-index transformation ... 

nAO, nMO, nelectrons = 221, 442, 98
n_occ_alpha, n_vir_alpha, n_occ_beta, n_vir_beta = 49,172,49,172

Time taken for Fao->Fmo transform: 0.00 secs

-----------------------------------------------------
Number of AO tiles = 105
# of {all,non-negligible} shell-pairs = {5565,4926}

    Begin Cholesky Decomposition
---------------------------------------------
Total # of mpi ranks used for Cholesky decomposition: 4
  --> Number of nodes, mpi ranks per node: 1, 4
- CPU memory required for computing cholesky vectors: 1.93 GiB

- Time for computing the diagonal: 0.01 secs

- Total number of cholesky vectors = 1649

- Time to compute cholesky vectors: 18.52 secs

- CPU memory required for resizing the ao cholesky tensor: 1.57 GiB
- CPU memory required for ao2mo transformation: 1.70 GiB
- CPU memory required for the 2-step contraction: 2.12 GiB

- Time for ao to mo transform: 1.54 secs

   End Cholesky Decomposition
---------------------------------------------

Total Time taken for Cholesky Decomposition: 23.93 secs

scf_type = restricted
Closed-Shell SCF
QED-HF Enabled
nbf = 203
nbf_orig = 221
n_lindep = 0
focc = 1
nmo = 406
nocc = 62
nvir = 344
n_occ_alpha = 31
n_vir_alpha = 172
n_occ_beta = 31
n_vir_beta = 172
nelectrons = 98
nelectrons_alpha = 49
nelectrons_beta = 49
freeze atomic = true
n_frozen_core = 18
n_frozen_virtual = 0
----------------------------
--------- QED-CCSD --------
lambda_x: 0.0891
lambda_y: 0.0000
lambda_z: 0.0454
omega: 0.066150
coupling_factor_x: 0.016204
coupling_factor_y: 0.000000
coupling_factor_z: 0.008257
----------------------------
# of {all,non-negligible} shell-pairs = {5565,4926}
Number of AO tiles = 105
----------------------------
Electronic dipole expectation value using SCF density: 
dipole_x_elec: -17.63103559
dipole_y_elec: -11.09720321
dipole_z_elec: -12.29571787

d_n/N value: d_n is nuclear dipole moment and N is the total number of electrons 
d_nuc_x: 0.15893342
d_nuc_y: 0.12563494
d_nuc_z: 0.14012663

<d_e+d_n> expectation values: 
dipole_total_x: -2.05556061
dipole_total_y: 1.21502097
dipole_total_z: 1.43669165
----------------------------


 CCSD iterations
------------------------------------------------------------
  Iter     Residuum          Correlation          Time(s)
------------------------------------------------------------
   1     1.1838925868389    0.0000000000000         86.16
   2     0.1736744342765   -1.5801233301942         85.61
   3     0.0662188921219   -1.6212631821963         85.50
   4     0.0266351311569   -1.6814392849986         85.57
   5     0.0208132204566   -1.6805395489299         85.64
 MICROCYCLE DIIS UPDATE:                    6
   6     0.0099310115099   -1.6915279774391         83.20
   7     0.0069247500741   -1.6912466151527         83.39
   8     0.0052051380407   -1.6928796636902         83.21
   9     0.0051588903211   -1.6932593315849         83.21
  10     0.0059233819002   -1.6936698493194         83.14
 MICROCYCLE DIIS UPDATE:                   11
  11     0.0009605796276   -1.6945575036658         83.12
  12     0.0006414470031   -1.6944308474191         83.13
  13     0.0006252085510   -1.6945855118937         83.04
  14     0.0008539276840   -1.6945236404920         83.20
  15     0.0012595927873   -1.6945812900541         83.12
 MICROCYCLE DIIS UPDATE:                   16
  16     0.0001295479292   -1.6945908091227         83.27
  17     0.0000891231921   -1.6945726867969         83.33
  18     0.0000814758449   -1.6945804341732         82.95
  19     0.0000818668002   -1.6945859123612         82.44
  20     0.0001007822713   -1.6945866436542         82.88
 MICROCYCLE DIIS UPDATE:                   21
  21     0.0000254917931   -1.6945998381852         84.25
  22     0.0000173608341   -1.6945966534471         84.15
  23     0.0000154016793   -1.6945977246636         84.24
  24     0.0000172789659   -1.6945962843152         84.14
  25     0.0000250564957   -1.6945966220177         84.14
 MICROCYCLE DIIS UPDATE:                   26
  26     0.0000052196468   -1.6945956395704         84.80
  27     0.0000038078229   -1.6945954086340         84.65
  28     0.0000035332818   -1.6945957815744         83.92
  29     0.0000038553815   -1.6945959753326         83.91
  30     0.0000054388398   -1.6945959900931         83.77
 MICROCYCLE DIIS UPDATE:                   31
  31     0.0000012357178   -1.6945965127024         83.76
  32     0.0000008368646   -1.6945963075101         83.77
------------------------------------------------------------------
 Iterations converged
 CCSD correlation energy / hartree =        -1.694596307510069
 CCSD total energy / hartree       =     -3007.809584601522602

Time taken for spin-orbital canonical QED-CCSD: 2769.67 secs
