
ExaChem Git Information
{
 WARNING: Failed to retrieve the current git state.
}


TAMM Git Information
{
 Branch: main
 Commit Hash: e71357ad [e71357ad54f38748b4a7e175aa6760820d5ce96f]
 Commit Date: 2026-02-02 23:14:56 -0800
 Commit Message: add GitHub Actions workflow for releases
}


date: Thu Aug  6 15:04:32 2026
program: "/global/cfs/cdirs/m3196/heindelj/cavity_qed/software/install_gpu/bin/bin/ExaChem"
nnodes: 1, nproc_per_node: 4, nproc_total: 4, ngpus_per_node: 1, ngpus_total: 1

Memory information
{
[AMD EPYC 7763 64-Core Processor                ] : 
  CPU memory per node (GiB): 251
  Total CPU memory (GiB): 251
[NVIDIA A100-SXM4-40GB, CUDA v12.9] : 
  GPU memory per device (GiB): 39
  GPU memory per node (GiB): 39
  Total GPU memory (GiB): 39
}

------------------------------------------------------------

Input file provided: /global/cfs/cdirs/m4262/heindelj/cavity_qed/mlip/lambda_scans/grid_scans_optimized_geoms/runs_grid_no_freq/para_th63_ph162/para_th63_ph162_qed_ccsd_input.json

{
  "geometry": {
    "coordinates": [
      "C    -0.469632858300    1.246942879800    0.653737238100",
      "C     0.879444510600    1.252270553300    0.760662178000",
      "C     1.516842964200    0.012897971100    0.761452250400",
      "H    -1.021180343600    2.175335664700    0.635796584600",
      "H     1.458975726400    2.162898430500    0.780590493200",
      "N     3.005388624300    0.031946314200    0.766599094400",
      "O     3.533597827700   -0.930913651400    1.250736314900",
      "O     3.507436866400    1.014528963800    0.292105806900",
      "C    -0.455154444700   -1.251592569100    0.572721128900",
      "H    -0.993128743100   -2.186512898800    0.473380347300",
      "C     0.896126030600   -1.231547352200    0.710008871400",
      "H     1.485299519600   -2.134084232100    0.723495088700",
      "C    -1.233519753800   -0.007528040500    0.605851791800",
      "H    -1.832057356000   -0.048285812200    1.521447907500",
      "Br   -2.512519276200    0.041164257500   -0.843145423400"
    ],
    "units": "angstrom",
    "noorient": true
  },
  "common": {
    "maxiter": 100,
    "debug": false
  },
  "basis": {
    "basisset": "6-311G*"
  },
  "SCF": {
    "charge": 1,
    "multiplicity": 1,
    "lshift": 0,
    "tol_lindep": 1e-10,
    "conve": 1e-07,
    "convd": 1e-05,
    "diis_hist": 10,
    "writem": 10,
    "restart": false,
    "noscf": false,
    "scf_type": "restricted",
    "debug": false,
    "qed_omegas": [
      0.06615
    ],
    "qed_volumes": [],
    "qed_lambdas": [
      0.1
    ],
    "qed_polvecs": [
      [
        -0.8473975608908426,
        0.2753361580731584,
        0.45399049973954686
      ]
    ],
    "direct_df": false
  },
  "CD": {
    "debug": false,
    "diagtol": 1e-06
  },
  "CC": {
    "threshold": 1e-06,
    "ndiis": 5,
    "ccsd_maxiter": 200,
    "tilesize": 40,
    "freeze": {
      "atomic": true
    },
    "readt": false,
    "writet": true,
    "writet_iter": 5,
    "debug": false,
    "profile_ccsd": false,
    "balance_tiles": true
  },
  "TASK": {
    "scf": false,
    "ccsd": true
  }
}

Output folder & files prefix: para_th63_ph162_qed_ccsd_input.6-311g*

  C (carbon)
  ----------
          Exponent        Coefficients
      ----------------  --------------------
  1 S  4.56324000E+03      0.778202
  1 S  6.82024000E+02      1.448695
  1 S  1.54973000E+02      2.383089
  1 S  4.44553000E+01      3.200089
  1 S  1.30290000E+01      3.013004
  1 S  1.82773000E+00      0.247599

  2 S  2.09642000E+01      0.800629
  2 S  4.80331000E+00      2.127420
  2 S  1.45933000E+00     -0.002868

  3 P  2.09642000E+01      2.573592
  3 P  4.80331000E+00      2.408248
  3 P  1.45933000E+00      1.865281

  4 S  4.83456000E-01      0.413217

  5 P  4.83456000E-01      0.574627

  6 S  1.45585000E-01      0.167976

  7 P  1.45585000E-01      0.128185

  8 D  6.26000000E-01      0.725128


  H (hydrogen)
  ------------
          Exponent        Coefficients
      ----------------  --------------------
  1 S  3.38650000E+01      0.255069
  1 S  5.09479000E+00      0.460109
  1 S  1.15879000E+00      0.678321

  2 S  3.25840000E-01      0.307371

  3 S  1.02741000E-01      0.129336


  N (nitrogen)
  ------------
          Exponent        Coefficients
      ----------------  --------------------
  1 S  6.29348000E+03      0.991968
  1 S  9.49044000E+02      1.823240
  1 S  2.18776000E+02      2.979891
  1 S  6.36916000E+01      4.000007
  1 S  1.88282000E+01      3.881008
  1 S  2.72023000E+00      0.386764

  2 S  3.06331000E+01      1.038501
  2 S  7.02614000E+00      2.834794
  2 S  2.11205000E+00     -0.003208

  3 P  3.06331000E+01      3.935616
  3 P  7.02614000E+00      3.870994
  3 P  2.11205000E+00      2.967271

  4 S  6.84009000E-01      0.536051

  5 P  6.84009000E-01      0.886681

  6 S  2.00878000E-01      0.213850

  7 P  2.00878000E-01      0.191693

  8 D  9.13000000E-01      1.403568


  O (oxygen)
  ----------
          Exponent        Coefficients
      ----------------  --------------------
  1 S  8.58850000E+03      1.205013
  1 S  1.29723000E+03      2.216205
  1 S  2.99296000E+02      3.627452
  1 S  8.73771000E+01      4.888452
  1 S  2.56789000E+01      4.835721
  1 S  3.74004000E+00      0.538229

  2 S  4.21175000E+01      1.341958
  2 S  9.62837000E+00      3.587114
  2 S  2.85332000E+00     -0.005123

  3 P  4.21175000E+01      5.584018
  3 P  9.62837000E+00      5.733366
  3 P  2.85332000E+00      4.332955

  4 S  9.05661000E-01      0.661659

  5 P  9.05661000E-01      1.259352

  6 S  2.55611000E-01      0.256209

  7 P  2.55611000E-01      0.259068

  8 D  1.29200000E+00      2.577026


  Br (bromine)
  ------------
          Exponent        Coefficients
      ----------------  --------------------
  1 S  4.39700000E+05      9.893706
  1 S  6.60300000E+04     18.450679
  1 S  1.51400000E+04     31.049770
  1 S  4.31700000E+03     48.888138
  1 S  1.41400000E+03     64.847798
  1 S  5.23900000E+02     42.245010

  2 S  5.23900000E+02     14.290679
  2 S  2.07700000E+02     24.083128
  2 S  8.65400000E+01      5.132542

  3 S  3.05200000E+01      9.254405

  4 S  1.29800000E+01      4.873782

  5 S  4.41200000E+00      2.169635

  6 S  1.86200000E+00      1.136043

  7 S  3.93200000E-01      0.353892

  8 S  1.40000000E-01      0.163120

  9 P  2.95700000E+03    691.874478
  9 P  7.00300000E+02    925.332763
  9 P  2.24600000E+02   1068.830732

  10 P  8.25900000E+01    122.079275
  10 P  3.31900000E+01     57.580687
  10 P  1.42000000E+01     10.176170

  11 P  1.42000000E+01      3.129736
  11 P  7.43800000E+00      6.538168
  11 P  3.52600000E+00      4.166276

  12 P  1.59500000E+00      2.555000

  13 P  8.46200000E-01      1.156861

  14 P  3.18600000E-01      0.341191

  15 P  1.09600000E-01      0.089888

  16 D  1.34800000E+02    160.709187
  16 D  3.63900000E+01    119.797406
  16 D  1.21600000E+01     55.531619
  16 D  4.34100000E+00     12.984636

  17 D  1.53500000E+00      3.484168

  18 D  4.51000000E-01      0.408525



Printing Internal Coordinates

------------------------------------------------------------
                Bond Lengths

i      j        Length (Angstroms)     Length (Bohr)
0      1          1.3533185413         2.5574014041
0      3          1.0800183603         2.0409389120
0      12         1.4695283240         2.7770060666
1      2          1.3936720598         2.6336585024
1      4          1.0795817239         2.0401137887
2      5          1.4886764294         2.8131907417
2      10         1.3916106121         2.6297629307
5      6          1.2002054508         2.2680595969
5      7          1.2011098953         2.2697687492
8      9          1.0832178726         2.0469851139
8      10         1.3583845766         2.5669748234
8      12         1.4678715021         2.7738751269
10     11         1.0779054215         2.0369460363
12     13         1.0946345072         2.0685594265
12     14         1.9333400239         3.6534831533

Number of Bonds: 15

------------------------------------------------------------
           Bond Angles

i      j      k      Angle (degrees)
0      1      2        116.9018 
0      1      4        122.6774 
0      12     8        116.6533 
0      12     13       106.7838 
0      12     14       110.2922 
1      0      3        120.4650 
1      0      12       121.6093 
1      2      5        116.4832 
1      2      10       126.2438 
2      1      4        120.3042 
2      5      6        115.5431 
2      5      7        115.2806 
2      10     8        117.4285 
2      10     11       120.2978 
3      0      12       117.8920 
5      2      10       117.2306 
6      5      7        129.1745 
8      10     11       122.1841 
8      12     13       106.0972 
8      12     14       110.8074 
9      8      10       121.0678 
9      8      12       118.0482 
10     8      12       120.8443 
13     12     14       105.4324 

Number of Angles: 24

------------------------------------------------------------
              Torsional Angles

i      j      k      l      Angle (degrees)
3      0      1      2       -179.2956 
4      1      0      3         -3.2163 
8      10     2      1          3.8425 
9      8      10     2        176.7175 
10     2      1      0         -2.4154 
10     2      1      4       -178.5932 
11     10     2      1       -179.5245 
11     10     8      9          0.1526 

Number of Torsional Angles: 8


----------------------------------------------------------------------
                          Center of Mass

         x               y               z              Unit
   -0.1645059383   0.02611944162    0.1033335793      Angstrom
   -0.3108711695   0.04935859122    0.1952721645          Bohr

----------------------------------------------------------------------
                Moment of Inertia Tensor

           894.536           5.69894          -1086.04
           5.69894           4386.96           50.9177
          -1086.04           50.9177           4375.96

----------------------------------------------------------------------
                      Principal Moments of Inertia

           x                 y                 z                Unit
       163.3755177       1226.455295       1314.531231       amu * ang^2
       583.4245653       4379.751372       4694.276249      amu * bohr^2
  2.7129161477e-38  2.0365783214e-37  2.1828319538e-37          g * cm^2

 - Molecule is an asymmetric top.

----------------------------------------------------------------------

         Rotational constants (MHz)

    A = 3.0934e+03        B = 4.1206e+02        C = 3.8446e+02

----------------------------------------------------------------------

        Rotational constants (cm-1)

    A = 1.0318e-01        B = 1.3745e-02        C = 1.2824e-02

----------------------------------------------------------------------

                                Z-Matrix
C   
C        1       2.5574014
C        2       2.6336585     1       116.90178
H        3      6.30542695     2     22.44754695     1          0.5146
H        4      4.69485488     3     40.11274487     2          2.5237
N        5      4.97559741     4    126.16141081     3          2.2077
O        6      2.26805960     5    154.90721634     4        -78.6296
O        7      4.09874749     6     25.42299790     5       -118.6399
C        8      8.64251357     7     62.54169336     6         -9.6833
H        9      2.04698511     8    148.46790903     7        -43.8596
C       10      4.02526563     9     33.10942862     8         19.1529
H       11      2.03694604    10     96.36140947     9       -179.8701
C       12      6.52655143    11     18.86741205    10         -2.3969
H       13      2.06855943    12    112.27343820    11       -109.8131
Br      14      4.65284626    13     49.19198974    12       -137.9789

----------------------------------------------------------------------

             Converted back to Cartesian

C        0.000000      0.000000      0.000000
C        0.000000      0.000000      2.557401
C        0.000000      0.093766     -0.074587
H       -0.000007     -0.173808      6.225160
H       -0.000037      0.082719      1.537318
N       -0.000017     -0.379832      6.491369
O        0.002543     -0.062729      4.245588
O       -0.001697     -0.667195      8.299516
C        0.005724      0.769970     -0.222664
H        0.006059      0.338691      1.778373
C        0.004247      1.226400     -2.147787
H        0.010133      0.719269     -0.174989
C       -0.011817      2.380338     -6.486585
H        0.003314      1.786241     -4.505232
Br      -0.035848      3.188994     -8.941417

----------------------------------------------------------------------
                       Geometry in bohr 

1     C      -0.8874774819    2.3563805375    1.2353843383
2     C       1.6619092680    2.3664483813    1.4374431908
3     C       2.8664177783    0.0243736330    1.4389362112
4     H      -1.9297511746    4.1107886382    1.2014814167
5     H       2.7570645472    4.0872856718    1.4751022486
6     N       5.6793614018    0.0603697846    1.4486623368
7     O       6.6775321335   -1.7591718480    2.3635490909
8     O       6.6280950814    1.9171818884    0.5519999748
9     C      -0.8601172455   -2.3651671768    1.0822860801
10    H      -1.8767413322   -4.1319105495    0.8945592098
11    C       1.6934327721   -2.3272872067    1.3417223139
12    H       2.8068093070   -4.0328347283    1.3672075711
13    C      -2.3310145056   -0.0142259348    1.1448939594
14    H      -3.4620866498   -0.0912469608    2.8751198600
15    Br     -4.7479733181    0.0777891729   -1.5933139345

 Number of nodes, processes per node used for SCF calculation: 1, 4

Common Options
{
  maxiter       = 100
  basis         = 6-311g* spherical
  geom_units    = angstrom
  ang2au factor = 1.889726126
  debug         = false
  file_prefix   = para_th63_ph162_qed_ccsd_input
}

SCF Options
{
  charge            = 1
  multiplicity      = 1
  level shift       = 0
  tol_int           = 1e-22
  tol_sch           = 1e-12
  tol_lindep        = 1e-10
  conve             = 1e-07
  convd             = 1e-05
  diis_hist         = 10
  AO_tilesize       = 30
  writem            = 10
  damp              = 100
  n_lindep          = 0
  scf_type          = restricted
  cuscf             = false
  qed_omegas        = [0.06615,]
  qed_lambdas       = [0.1,]
  qed_polvecs       = [[-0.8473975609,0.2753361581,0.4539904997,],]
  direct_df         = false
  restart_size      = 2000
  restart           = false
  debug             = false
}

Number of basis functions = 221

Total number of shells = 105

Total number of electrons = 98
  # of alpha electrons    = 49
  # of beta electons      = 49

Nuclear repulsion energy  = 729.918843311179

# of {all,non-negligible} shell-pairs = {5565,4869}
Number of AO tiles = 105

Time for initial setup: 0.02 secs
HF exch = 1.00

Time for computing 1-e integrals T, V, S: 0.01 secs
Time for computing orthogonalizer: 0.01 secs

Superposition of Atomic Density Guess ...
Time taken for SAD: 0.57 secs
Total Time to compute initial guess: 0.57 secs


 SCF iterations
-----------------------------------------------------------------------------
 Iter     Energy            E-Diff       RMSD        |[F,P]|^2       Time(s)
-----------------------------------------------------------------------------
   1  -3011.7735673932    -3.01e+03     1.68e-02     1.51e+03         0.6 
   2  -3005.7386173013     6.03e+00     6.99e-03     9.59e+00         2.1 
   3  -3006.0130625123    -2.74e-01     2.42e-03     2.94e+00         2.1 
   4  -3006.0974875957    -8.44e-02     1.18e-03     9.97e-02         2.1 
   5  -3006.1036367780    -6.15e-03     3.01e-04     1.26e-02         2.1 
   6  -3006.1043376325    -7.01e-04     2.17e-04     2.00e-03         2.1 
   7  -3006.1045397228    -2.02e-04     9.82e-05     2.89e-04         2.1 
   8  -3006.1045751727    -3.54e-05     2.32e-05     3.43e-05         2.1 
   9  -3006.1045794584    -4.29e-06     1.21e-05     7.46e-06         2.1 
  10  -3006.1045803537    -8.95e-07     5.18e-06     9.62e-07         2.1 
  11  -3006.1045804834    -1.30e-07     1.73e-06     1.12e-07         2.1 
  12  -3006.1045804960    -1.26e-08     6.87e-07     1.59e-08         2.1 

** Total SCF energy = -3006.1045804959754

Nuclear repulsion energy = 729.918843311179103
#electrons        = 98
1e energy kinetic = 3006.2145136396320595
1e energy N-e     = -8612.9378826931679214
1e energy         = -5601.3548575434342638
2e energy         = 1870.5055234452433979
QED energy        = 0.1944218011368601
QED eT energy     = 0.1741715623264572
QED eT energy from matrix = 0.1741715623264617

 Polarizability Matrix (QED energy = 0.5 * lambda.dot(matrix * lambda))
[42.12934887,  0.34496884,  2.06098665]
[ 0.34496884, 42.73534821, -1.73287417]
[ 2.06098665, -1.73287417, 36.73910482]

 Polarizability Matrix (QED eT energy = 0.5 * lambda.dot(matrix * lambda))
[38.82409465,  0.33615056,  2.51527443]
[ 0.33615056, 39.37261382, -2.09287484]
[ 2.51527443, -2.09287484, 31.95398001]


                      Electron        Nuclear        Total  
                  ------------------------------------------
    Monopole         -98.000000     99.000000      1.000000

      Dipole   X       7.487294     -8.824320     -1.337026
      Dipole   Y      -4.662338      4.594505     -0.067832
      Dipole   Z     -30.268169     31.596508      1.328339

  Quadrupole  XX   -1932.254462   1882.522484    -49.731978
  Quadrupole  XY       2.370142     -2.530073     -0.159931
  Quadrupole  XZ    -497.180676    496.389395     -0.791282
  Quadrupole  YY    -294.850944    254.330843    -40.520101
  Quadrupole  YZ      24.608097    -23.132176      1.475921
  Quadrupole  ZZ    -271.937567    224.898714    -47.038853

    Octupole XXX   -2493.378470   2349.305231   -144.073239
    Octupole XXY    -122.793659    120.789079     -2.004580
    Octupole XXZ    -378.076548    336.939435    -41.137113
    Octupole XYY    -466.453102    438.829203    -27.623899
    Octupole XYZ     150.087333   -141.733400      8.353933
    Octupole XZZ     -29.781063     -3.516510    -33.297573
    Octupole YYY     -24.311628     17.456329     -6.855298
    Octupole YYZ    -342.981766    326.316103    -16.665663
    Octupole YZZ      55.800665    -53.572315      2.228350
    Octupole ZZZ    -182.890761     96.780425    -86.110336

writing orbitals and density to disk ... done.

Total Time taken for Hartree-Fock: 25.19 secs

CD Options
{
  debug             = false
  skip_cd           = [false, 100]
  write_cv          = [false, 5000]
  diagtol           = 1e-06
  itilesize         = 1000
  max_cvecs_factor  = 12
}

- #occupied, #virtual = 98, 344

- Tilesize for the MSO space: 40

-----------------------------------------------------
Begin 2-index transformation ... 

nAO, nMO, nelectrons = 221, 442, 98
n_occ_alpha, n_vir_alpha, n_occ_beta, n_vir_beta = 49,172,49,172

Time taken for Fao->Fmo transform: 0.00 secs

-----------------------------------------------------
Number of AO tiles = 105
# of {all,non-negligible} shell-pairs = {5565,4869}

    Begin Cholesky Decomposition
---------------------------------------------
Total # of mpi ranks used for Cholesky decomposition: 4
  --> Number of nodes, mpi ranks per node: 1, 4
- CPU memory required for computing cholesky vectors: 1.93 GiB

- Time for computing the diagonal: 0.01 secs

- Total number of cholesky vectors = 1643

- Time to compute cholesky vectors: 15.14 secs

- CPU memory required for resizing the ao cholesky tensor: 1.56 GiB
- CPU memory required for ao2mo transformation: 1.70 GiB
- CPU memory required for the 2-step contraction: 2.11 GiB

- Time for ao to mo transform: 1.57 secs

   End Cholesky Decomposition
---------------------------------------------

Total Time taken for Cholesky Decomposition: 25.08 secs

scf_type = restricted
Closed-Shell SCF
QED-HF Enabled
nbf = 203
nbf_orig = 221
n_lindep = 0
focc = 1
nmo = 406
nocc = 62
nvir = 344
n_occ_alpha = 31
n_vir_alpha = 172
n_occ_beta = 31
n_vir_beta = 172
nelectrons = 98
nelectrons_alpha = 49
nelectrons_beta = 49
freeze atomic = true
n_frozen_core = 18
n_frozen_virtual = 0
----------------------------
--------- QED-CCSD --------
lambda_x: -0.0847
lambda_y: 0.0275
lambda_z: 0.0454
omega: 0.066150
coupling_factor_x: -0.015411
coupling_factor_y: 0.005007
coupling_factor_z: 0.008257
----------------------------
# of {all,non-negligible} shell-pairs = {5565,4869}
Number of AO tiles = 105
----------------------------
Electronic dipole expectation value using SCF density: 
dipole_x_elec: 7.48738100
dipole_y_elec: -4.66243475
dipole_z_elec: -30.26811126

d_n/N value: d_n is nuclear dipole moment and N is the total number of electrons 
d_nuc_x: -0.09004409
d_nuc_y: 0.04688271
d_nuc_z: 0.32241335

<d_e+d_n> expectation values: 
dipole_total_x: -1.33693939
dipole_total_y: -0.06792941
dipole_total_z: 1.32839678
----------------------------


 CCSD iterations
------------------------------------------------------------
  Iter     Residuum          Correlation          Time(s)
------------------------------------------------------------
   1     1.1848636798181    0.0000000000000         86.04
   2     0.1721046032998   -1.6085679449568         84.53
   3     0.0643294982588   -1.6301980851654         84.65
   4     0.0240959928438   -1.6920462329070         84.39
   5     0.0172980514277   -1.6897839080693         84.23
 MICROCYCLE DIIS UPDATE:                    6
   6     0.0093355634759   -1.7001289705382         83.61
   7     0.0059369123972   -1.6998590238066         83.42
   8     0.0047964798893   -1.7012153172133         83.66
   9     0.0040913346143   -1.7015654586701         83.43
  10     0.0046791117211   -1.7018535694943         83.38
 MICROCYCLE DIIS UPDATE:                   11
  11     0.0008355019408   -1.7025844494226         84.82
  12     0.0006309452217   -1.7024774856273         83.71
  13     0.0005342628794   -1.7025977095734         83.95
  14     0.0006331089405   -1.7025488798569         83.50
  15     0.0008878670224   -1.7025903108729         83.89
 MICROCYCLE DIIS UPDATE:                   16
  16     0.0001923122840   -1.7026179983745         84.70
  17     0.0001399995067   -1.7025811967802         83.87
  18     0.0001372461611   -1.7026058793168         83.63
  19     0.0001448733934   -1.7026054881054         83.76
  20     0.0002025448329   -1.7026099547749         84.02
 MICROCYCLE DIIS UPDATE:                   21
  21     0.0000537907805   -1.7026314342111         83.86
  22     0.0000405729974   -1.7026196667791         83.91
  23     0.0000330327289   -1.7026209280118         83.75
  24     0.0000361780521   -1.7026180049338         83.80
  25     0.0000443662366   -1.7026186799118         83.64
 MICROCYCLE DIIS UPDATE:                   26
  26     0.0000146405839   -1.7026170237502         84.23
  27     0.0000107976560   -1.7026161066582         83.87
  28     0.0000098782652   -1.7026177739887         83.98
  29     0.0000100433436   -1.7026180999876         84.27
  30     0.0000135403019   -1.7026183947393         83.88
 MICROCYCLE DIIS UPDATE:                   31
  31     0.0000040707723   -1.7026203493568         84.28
  32     0.0000030692511   -1.7026193136348         84.17
  33     0.0000025242353   -1.7026193047731         84.56
  34     0.0000027059413   -1.7026190806143         84.05
  35     0.0000031769460   -1.7026191019217         84.00
 MICROCYCLE DIIS UPDATE:                   36
  36     0.0000011049826   -1.7026189254146         84.16
  37     0.0000008171827   -1.7026188746596         83.68
------------------------------------------------------------------
 Iterations converged
 CCSD correlation energy / hartree =        -1.702618874659626
 CCSD total energy / hartree       =     -3007.807199370634862

Time taken for spin-orbital canonical QED-CCSD: 3181.81 secs
