
ExaChem Git Information
{
 WARNING: Failed to retrieve the current git state.
}


TAMM Git Information
{
 Branch: main
 Commit Hash: e71357ad [e71357ad54f38748b4a7e175aa6760820d5ce96f]
 Commit Date: 2026-02-02 23:14:56 -0800
 Commit Message: add GitHub Actions workflow for releases
}


date: Fri Aug  7 14:50:59 2026
program: "/global/cfs/cdirs/m3196/heindelj/cavity_qed/software/install_gpu/bin/bin/ExaChem"
nnodes: 1, nproc_per_node: 4, nproc_total: 4, ngpus_per_node: 1, ngpus_total: 1

Memory information
{
[AMD EPYC 7763 64-Core Processor                ] : 
  CPU memory per node (GiB): 251
  Total CPU memory (GiB): 251
[NVIDIA A100-SXM4-40GB, CUDA v12.9] : 
  GPU memory per device (GiB): 39
  GPU memory per node (GiB): 39
  Total GPU memory (GiB): 39
}

------------------------------------------------------------

Input file provided: /global/cfs/cdirs/m4262/heindelj/cavity_qed/mlip/lambda_scans/grid_scans_optimized_geoms/runs_grid_no_freq/ortho_th63_ph0/ortho_th63_ph0_qed_ccsd_input.json

{
  "geometry": {
    "coordinates": [
      "C    -1.790622425400    1.944685032200    0.711890538100",
      "C    -0.366751666500    1.993496138200    0.707548955900",
      "C     0.281512983200    0.826555302200    0.700687925400",
      "C    -2.503138265500    0.754974545700    0.751454120100",
      "H    -2.326423111400    2.884957119500    0.695579880100",
      "H     0.162422773100    2.935565118200    0.706540242200",
      "H    -3.577602293000    0.768218065200    0.764299546200",
      "N     1.758659460600    0.820711274400    0.768756147500",
      "O     2.262026272700   -0.266324935600    0.887357131800",
      "O     2.295011623800    1.890536751000    0.697389948600",
      "C    -1.823890382200   -0.433673724800    0.750663054500",
      "H    -2.339725955400   -1.384315959300    0.793319331700",
      "C    -0.368744243800   -0.486024131100    0.662827392600",
      "H     0.077846268800   -1.218364178300    1.329001397000",
      "Br   -0.094081892200   -1.246519723400   -1.137587679900"
    ],
    "units": "angstrom",
    "noorient": true
  },
  "common": {
    "maxiter": 100,
    "debug": false
  },
  "basis": {
    "basisset": "6-311G*"
  },
  "SCF": {
    "charge": 1,
    "multiplicity": 1,
    "lshift": 0,
    "tol_lindep": 1e-10,
    "conve": 1e-07,
    "convd": 1e-05,
    "diis_hist": 10,
    "writem": 10,
    "restart": false,
    "noscf": false,
    "scf_type": "restricted",
    "debug": false,
    "qed_omegas": [
      0.06615
    ],
    "qed_volumes": [],
    "qed_lambdas": [
      0.1
    ],
    "qed_polvecs": [
      [
        0.8910065241883679,
        0.0,
        0.45399049973954686
      ]
    ],
    "direct_df": false
  },
  "CD": {
    "debug": false,
    "diagtol": 1e-06
  },
  "CC": {
    "threshold": 1e-06,
    "ndiis": 5,
    "ccsd_maxiter": 200,
    "tilesize": 40,
    "freeze": {
      "atomic": true
    },
    "readt": false,
    "writet": true,
    "writet_iter": 5,
    "debug": false,
    "profile_ccsd": false,
    "balance_tiles": true
  },
  "TASK": {
    "scf": false,
    "ccsd": true
  }
}

Output folder & files prefix: ortho_th63_ph0_qed_ccsd_input.6-311g*

  C (carbon)
  ----------
          Exponent        Coefficients
      ----------------  --------------------
  1 S  4.56324000E+03      0.778202
  1 S  6.82024000E+02      1.448695
  1 S  1.54973000E+02      2.383089
  1 S  4.44553000E+01      3.200089
  1 S  1.30290000E+01      3.013004
  1 S  1.82773000E+00      0.247599

  2 S  2.09642000E+01      0.800629
  2 S  4.80331000E+00      2.127420
  2 S  1.45933000E+00     -0.002868

  3 P  2.09642000E+01      2.573592
  3 P  4.80331000E+00      2.408248
  3 P  1.45933000E+00      1.865281

  4 S  4.83456000E-01      0.413217

  5 P  4.83456000E-01      0.574627

  6 S  1.45585000E-01      0.167976

  7 P  1.45585000E-01      0.128185

  8 D  6.26000000E-01      0.725128


  H (hydrogen)
  ------------
          Exponent        Coefficients
      ----------------  --------------------
  1 S  3.38650000E+01      0.255069
  1 S  5.09479000E+00      0.460109
  1 S  1.15879000E+00      0.678321

  2 S  3.25840000E-01      0.307371

  3 S  1.02741000E-01      0.129336


  N (nitrogen)
  ------------
          Exponent        Coefficients
      ----------------  --------------------
  1 S  6.29348000E+03      0.991968
  1 S  9.49044000E+02      1.823240
  1 S  2.18776000E+02      2.979891
  1 S  6.36916000E+01      4.000007
  1 S  1.88282000E+01      3.881008
  1 S  2.72023000E+00      0.386764

  2 S  3.06331000E+01      1.038501
  2 S  7.02614000E+00      2.834794
  2 S  2.11205000E+00     -0.003208

  3 P  3.06331000E+01      3.935616
  3 P  7.02614000E+00      3.870994
  3 P  2.11205000E+00      2.967271

  4 S  6.84009000E-01      0.536051

  5 P  6.84009000E-01      0.886681

  6 S  2.00878000E-01      0.213850

  7 P  2.00878000E-01      0.191693

  8 D  9.13000000E-01      1.403568


  O (oxygen)
  ----------
          Exponent        Coefficients
      ----------------  --------------------
  1 S  8.58850000E+03      1.205013
  1 S  1.29723000E+03      2.216205
  1 S  2.99296000E+02      3.627452
  1 S  8.73771000E+01      4.888452
  1 S  2.56789000E+01      4.835721
  1 S  3.74004000E+00      0.538229

  2 S  4.21175000E+01      1.341958
  2 S  9.62837000E+00      3.587114
  2 S  2.85332000E+00     -0.005123

  3 P  4.21175000E+01      5.584018
  3 P  9.62837000E+00      5.733366
  3 P  2.85332000E+00      4.332955

  4 S  9.05661000E-01      0.661659

  5 P  9.05661000E-01      1.259352

  6 S  2.55611000E-01      0.256209

  7 P  2.55611000E-01      0.259068

  8 D  1.29200000E+00      2.577026


  Br (bromine)
  ------------
          Exponent        Coefficients
      ----------------  --------------------
  1 S  4.39700000E+05      9.893706
  1 S  6.60300000E+04     18.450679
  1 S  1.51400000E+04     31.049770
  1 S  4.31700000E+03     48.888138
  1 S  1.41400000E+03     64.847798
  1 S  5.23900000E+02     42.245010

  2 S  5.23900000E+02     14.290679
  2 S  2.07700000E+02     24.083128
  2 S  8.65400000E+01      5.132542

  3 S  3.05200000E+01      9.254405

  4 S  1.29800000E+01      4.873782

  5 S  4.41200000E+00      2.169635

  6 S  1.86200000E+00      1.136043

  7 S  3.93200000E-01      0.353892

  8 S  1.40000000E-01      0.163120

  9 P  2.95700000E+03    691.874478
  9 P  7.00300000E+02    925.332763
  9 P  2.24600000E+02   1068.830732

  10 P  8.25900000E+01    122.079275
  10 P  3.31900000E+01     57.580687
  10 P  1.42000000E+01     10.176170

  11 P  1.42000000E+01      3.129736
  11 P  7.43800000E+00      6.538168
  11 P  3.52600000E+00      4.166276

  12 P  1.59500000E+00      2.555000

  13 P  8.46200000E-01      1.156861

  14 P  3.18600000E-01      0.341191

  15 P  1.09600000E-01      0.089888

  16 D  1.34800000E+02    160.709187
  16 D  3.63900000E+01    119.797406
  16 D  1.21600000E+01     55.531619
  16 D  4.34100000E+00     12.984636

  17 D  1.53500000E+00      3.484168

  18 D  4.51000000E-01      0.408525



Printing Internal Coordinates

------------------------------------------------------------
                Bond Lengths

i      j        Length (Angstroms)     Length (Bohr)
0      1          1.4247137647         2.6923188232
0      3          1.3873194085         2.6216537312
0      4          1.0823400625         2.0453262932
1      2          1.3349325992         2.5226570091
1      5          1.0805186570         2.0418843356
2      7          1.4787255158         2.7943862403
2      12         1.4653097454         2.7690341084
3      6          1.0746224184         2.0307420596
3      10         1.3690372616         2.5871054806
7      8          1.2037823985         2.2748190483
7      9          1.1988716894         2.2655391531
10     11         1.0824169966         2.0454716776
10     12         1.4587343667         2.7566084435
12     13         1.0860722052         2.0523790207
12     14         1.9736482429         3.7296546479

Number of Bonds: 15

------------------------------------------------------------
           Bond Angles

i      j      k      Angle (degrees)
0      1      2        117.0904 
0      1      5        121.2870 
0      3      6        120.2178 
0      3      10       119.3229 
1      0      3        122.8714 
1      0      4        117.7061 
1      2      7        119.2299 
1      2      12       124.5883 
2      1      5        121.6224 
2      7      8        115.2021 
2      7      9        116.1445 
2      12     10       114.1404 
2      12     13       113.9346 
2      12     14       107.8770 
3      0      4        119.4181 
3      10     11       121.7402 
3      10     12       121.7439 
6      3      10       120.4498 
7      2      12       116.1641 
8      7      9        128.6534 
10     12     13       113.4190 
10     12     14       101.9805 
11     10     12       116.5028 
13     12     14       104.0336 

Number of Angles: 24

------------------------------------------------------------
              Torsional Angles

i      j      k      l      Angle (degrees)
3      0      1      2          2.0744 
3      10     12     2          5.2756 
4      0      1      2       -178.6915 
5      1      0      3       -178.1236 
5      1      0      4          1.1105 
6      3      0      1        179.3108 
6      3      0      4          0.0892 
10     3      0      1         -1.8046 
10     3      0      4        178.9739 
10     12     2      1         -5.1134 
11     10     3      0        179.2166 
11     10     3      6         -1.9014 
11     10     12     2       -176.0199 
12     2      1      0          1.6409 
12     2      1      5       -178.1605 
12     10     3      0         -2.1467 
12     10     3      6        176.7353 
13     12     2      1       -137.6019 
13     12     10     3        138.0098 
13     12     10     11       -43.2857 
14     12     2      1        107.4415 
14     12     10     3       -110.7636 
14     12     10     11        67.9409 

Number of Torsional Angles: 23


----------------------------------------------------------------------
                          Center of Mass

         x               y               z              Unit
   0.01513501809  -0.01442969517  0.004651282516      Angstrom
   0.02860103911  -0.02726817195  0.008789650089          Bohr

----------------------------------------------------------------------
                Moment of Inertia Tensor

              1782          -88.2162          -75.5668
          -88.2162            2016.2          -646.258
          -75.5668          -646.258           2563.69

----------------------------------------------------------------------
                      Principal Moments of Inertia

           x                 y                 z                Unit
       429.6756314       514.0014536       837.8330582       amu * ang^2
       1534.399536       1835.532514       2991.956168      amu * bohr^2
  7.1349365884e-38  8.5352007656e-38  1.3912554741e-37          g * cm^2

 - Molecule is an asymmetric top.

----------------------------------------------------------------------

         Rotational constants (MHz)

    A = 1.1762e+03        B = 9.8322e+02        C = 6.0320e+02

----------------------------------------------------------------------

        Rotational constants (cm-1)

    A = 3.9233e-02        B = 3.2797e-02        C = 2.0121e-02

----------------------------------------------------------------------

                                Z-Matrix
C   
C        1       2.6923188
C        2        2.522657     1       117.09038
C        3      5.26484061     2     62.41854053     1         -0.9786
H        4      4.04029277     3     83.76051702     2          1.1793
H        5      4.70425491     4     95.89889079     3         -1.2953
H        6      8.16932711     5     28.94465559     4         -0.5068
N        7     10.08456466     6     29.53907571     5        179.5423
O        8      2.27481905     7    114.16297998     6        175.4598
O        9      4.09213109     8     25.61702091     7       -177.3587
C       10      8.93785444     9     59.75435594     8          0.3918
H       11      2.04547168    10    147.89128053     9         -2.2291
C       12      4.10062961    11     36.98431856    10         -5.1190
H       13      2.05237902    12     93.29447885    11        140.9353
Br      14      4.67279014    13     50.74541097    12         92.1115

----------------------------------------------------------------------

             Converted back to Cartesian

C        0.000000      0.000000      0.000000
C        0.000000      0.000000      2.692319
C        0.000000      0.089958      0.171266
C        0.000030     -0.197788      5.428238
H       -0.000061      0.125882      1.400931
H        0.000189     -0.387779      6.077058
H       -0.000309      0.575799     -2.035243
N       -0.004573     -0.703612      7.967833
O       -0.003585     -0.336730      5.722795
O       -0.003649     -1.028156      9.756090
C       -0.012259      0.641885      0.975649
H       -0.005274      0.169716      2.965866
C       -0.021715      1.161115     -1.013081
H       -0.012915      0.608531      0.963490
Br      -0.035679      1.935995     -3.516721

----------------------------------------------------------------------
                       Geometry in bohr 

1     C      -3.3837859789    3.6749221120    1.3452781486
2     C      -0.6930602059    3.7671617343    1.3370737473
3     C       0.5319824391    1.5619631491    1.3241082787
4     C      -4.7302457771    1.4266951234    1.4200424832
5     H      -4.3963025335    5.4517788408    1.3144554721
6     H       0.3069345578    5.5474140982    1.3351675547
7     H      -6.7606885212    1.4517217482    1.4443168205
8     N       3.3233847293    1.5509195371    1.4527385764
9     O       4.2746101450   -0.5032811888    1.6768619550
10    O       4.3369434248    3.5725966904    1.3178760058
11    C      -3.4466533060   -0.8195245679    1.4185475858
12    H      -4.4214412654   -2.6159780348    1.4991562673
13    C      -0.6968256313   -0.9184524984    1.2525622408
14    H       0.1471081280   -2.3023746186    2.5114486613
15    Br     -0.1777890097   -2.3555808878   -2.1497291592

 Number of nodes, processes per node used for SCF calculation: 1, 4

Common Options
{
  maxiter       = 100
  basis         = 6-311g* spherical
  geom_units    = angstrom
  ang2au factor = 1.889726126
  debug         = false
  file_prefix   = ortho_th63_ph0_qed_ccsd_input
}

SCF Options
{
  charge            = 1
  multiplicity      = 1
  level shift       = 0
  tol_int           = 1e-22
  tol_sch           = 1e-12
  tol_lindep        = 1e-10
  conve             = 1e-07
  convd             = 1e-05
  diis_hist         = 10
  AO_tilesize       = 30
  writem            = 10
  damp              = 100
  n_lindep          = 0
  scf_type          = restricted
  cuscf             = false
  qed_omegas        = [0.06615,]
  qed_lambdas       = [0.1,]
  qed_polvecs       = [[0.8910065242,0,0.4539904997,],]
  direct_df         = false
  restart_size      = 2000
  restart           = false
  debug             = false
}

Number of basis functions = 221

Total number of shells = 105

Total number of electrons = 98
  # of alpha electrons    = 49
  # of beta electons      = 49

Nuclear repulsion energy  = 781.89945684825

# of {all,non-negligible} shell-pairs = {5565,5002}
Number of AO tiles = 105

Time for initial setup: 0.01 secs
HF exch = 1.00

Time for computing 1-e integrals T, V, S: 0.01 secs
Time for computing orthogonalizer: 0.01 secs

Superposition of Atomic Density Guess ...
Time taken for SAD: 0.28 secs
Total Time to compute initial guess: 0.28 secs


 SCF iterations
-----------------------------------------------------------------------------
 Iter     Energy            E-Diff       RMSD        |[F,P]|^2       Time(s)
-----------------------------------------------------------------------------
   1  -3011.7908487264    -3.01e+03     1.67e-02     1.51e+03         0.6 
   2  -3005.7704010117     6.02e+00     6.85e-03     8.68e+00         2.2 
   3  -3006.0116670600    -2.41e-01     2.63e-03     3.26e+00         2.2 
   4  -3006.1049468719    -9.33e-02     1.14e-03     1.24e-01         2.2 
   5  -3006.1121259029    -7.18e-03     3.20e-04     1.67e-02         2.2 
   6  -3006.1129889784    -8.63e-04     1.91e-04     1.74e-03         2.2 
   7  -3006.1131938400    -2.05e-04     6.96e-05     2.97e-04         2.2 
   8  -3006.1132289449    -3.51e-05     2.79e-05     5.89e-05         2.2 
   9  -3006.1132351820    -6.24e-06     1.34e-05     8.15e-06         2.2 
  10  -3006.1132364732    -1.29e-06     6.06e-06     1.59e-06         2.2 
  11  -3006.1132366922    -2.19e-07     2.93e-06     3.34e-07         2.3 
  12  -3006.1132367470    -5.48e-08     1.36e-06     8.09e-08         2.3 

** Total SCF energy = -3006.1132367470045

Nuclear repulsion energy = 781.899456848250338
#electrons        = 98
1e energy kinetic = 3006.2170628665312506
1e energy N-e     = -8717.1187298204768013
1e energy         = -5707.3218952722054382
2e energy         = 1922.6999283051400198
QED energy        = 0.1890450535511046
QED eT energy     = 0.1686432094444451
QED eT energy from matrix = 0.1686432094444557

 Polarizability Matrix (QED energy = 0.5 * lambda.dot(matrix * lambda))
[39.17803542, -1.30924115, -1.09468400]
[-1.30924115, 45.79238598,  1.21934906]
[-1.09468400,  1.21934906, 36.83262322]

 Polarizability Matrix (QED eT energy = 0.5 * lambda.dot(matrix * lambda))
[35.38530182, -1.38759231, -1.15100966]
[-1.38759231, 42.84236964,  1.33860547]
[-1.15100966,  1.33860547, 31.86542018]


                      Electron        Nuclear        Total  
                  ------------------------------------------
    Monopole         -98.000000     99.000000      1.000000

      Dipole   X       0.048394     -3.702414     -3.654020
      Dipole   Y     -11.450672     12.654782      1.204110
      Dipole   Z     -14.324967     15.576773      1.251806

  Quadrupole  XX    -782.730215    741.492186    -41.238029
  Quadrupole  XY     -37.423334     31.634123     -5.789211
  Quadrupole  XZ     -31.051186     25.326716     -5.724470
  Quadrupole  YY    -629.302611    592.047021    -37.255590
  Quadrupole  YZ    -298.866493    301.458614      2.592121
  Quadrupole  ZZ    -338.570248    292.751627    -45.818622

    Octupole XXX     -17.678841    -62.485855    -80.164696
    Octupole XXY   -1107.661860   1098.790395     -8.871465
    Octupole XXZ   -1079.394777   1068.195368    -11.199409
    Octupole XYY      53.436969    -92.621056    -39.184087
    Octupole XYZ       9.843383    -14.883152     -5.039769
    Octupole XZZ       5.408613      2.608790      8.017403
    Octupole YYY    -910.137966    889.006164    -21.131802
    Octupole YYZ    -133.151227    123.344447     -9.806780
    Octupole YZZ     191.095849   -222.376033    -31.280184
    Octupole ZZZ      79.380220   -154.365567    -74.985347

writing orbitals and density to disk ... done.

Total Time taken for Hartree-Fock: 29.42 secs

CD Options
{
  debug             = false
  skip_cd           = [false, 100]
  write_cv          = [false, 5000]
  diagtol           = 1e-06
  itilesize         = 1000
  max_cvecs_factor  = 12
}

- #occupied, #virtual = 98, 344

- Tilesize for the MSO space: 40

-----------------------------------------------------
Begin 2-index transformation ... 

nAO, nMO, nelectrons = 221, 442, 98
n_occ_alpha, n_vir_alpha, n_occ_beta, n_vir_beta = 49,172,49,172

Time taken for Fao->Fmo transform: 0.00 secs

-----------------------------------------------------
Number of AO tiles = 105
# of {all,non-negligible} shell-pairs = {5565,5002}

    Begin Cholesky Decomposition
---------------------------------------------
Total # of mpi ranks used for Cholesky decomposition: 4
  --> Number of nodes, mpi ranks per node: 1, 4
- CPU memory required for computing cholesky vectors: 1.93 GiB

- Time for computing the diagonal: 0.01 secs

- Total number of cholesky vectors = 1644

- Time to compute cholesky vectors: 15.17 secs

- CPU memory required for resizing the ao cholesky tensor: 1.56 GiB
- CPU memory required for ao2mo transformation: 1.70 GiB
- CPU memory required for the 2-step contraction: 2.11 GiB

- Time for ao to mo transform: 1.53 secs

   End Cholesky Decomposition
---------------------------------------------

Total Time taken for Cholesky Decomposition: 18.46 secs

scf_type = restricted
Closed-Shell SCF
QED-HF Enabled
nbf = 203
nbf_orig = 221
n_lindep = 0
focc = 1
nmo = 406
nocc = 62
nvir = 344
n_occ_alpha = 31
n_vir_alpha = 172
n_occ_beta = 31
n_vir_beta = 172
nelectrons = 98
nelectrons_alpha = 49
nelectrons_beta = 49
freeze atomic = true
n_frozen_core = 18
n_frozen_virtual = 0
----------------------------
--------- QED-CCSD --------
lambda_x: 0.0891
lambda_y: 0.0000
lambda_z: 0.0454
omega: 0.066150
coupling_factor_x: 0.016204
coupling_factor_y: 0.000000
coupling_factor_z: 0.008257
----------------------------
# of {all,non-negligible} shell-pairs = {5565,5002}
Number of AO tiles = 105
----------------------------
Electronic dipole expectation value using SCF density: 
dipole_x_elec: 0.04817323
dipole_y_elec: -11.45075778
dipole_z_elec: -14.32495010

d_n/N value: d_n is nuclear dipole moment and N is the total number of electrons 
d_nuc_x: -0.03777974
d_nuc_y: 0.12913043
d_nuc_z: 0.15894666

<d_e+d_n> expectation values: 
dipole_total_x: -3.65424084
dipole_total_y: 1.20402427
dipole_total_z: 1.25182273
----------------------------


 CCSD iterations
------------------------------------------------------------
  Iter     Residuum          Correlation          Time(s)
------------------------------------------------------------
   1     1.1847846858942    0.0000000000000         85.23
   2     0.1695998497011   -1.6180746196131         84.06
   3     0.0639951626492   -1.6276276558620         83.83
   4     0.0232927236230   -1.6881405269968         83.40
   5     0.0185216839185   -1.6860591326948         83.68
 MICROCYCLE DIIS UPDATE:                    6
   6     0.0088676844093   -1.6956167093976         83.20
   7     0.0061932073726   -1.6953989624285         82.91
   8     0.0048237172309   -1.6968721078511         83.67
   9     0.0049973154394   -1.6971454160223         83.10
  10     0.0059813475359   -1.6975011821692         83.05
 MICROCYCLE DIIS UPDATE:                   11
  11     0.0008662671683   -1.6981706973042         83.17
  12     0.0005937616629   -1.6980764286507         82.87
  13     0.0005191029227   -1.6981960160994         82.36
  14     0.0005950323257   -1.6981573980841         82.47
  15     0.0008393499798   -1.6981993906152         82.01
 MICROCYCLE DIIS UPDATE:                   16
  16     0.0001240428812   -1.6982243673137         82.41
  17     0.0000876476345   -1.6982018183762         82.85
  18     0.0000796853607   -1.6982185871734         82.90
  19     0.0000798770044   -1.6982220351801         82.80
  20     0.0000967535323   -1.6982234760509         83.07
 MICROCYCLE DIIS UPDATE:                   21
  21     0.0000241779912   -1.6982357874459         84.14
  22     0.0000177388490   -1.6982309890104         83.94
  23     0.0000171248126   -1.6982320204363         84.75
  24     0.0000217851707   -1.6982307068655         84.14
  25     0.0000332575011   -1.6982312575424         84.54
 MICROCYCLE DIIS UPDATE:                   26
  26     0.0000048680077   -1.6982306003011         83.19
  27     0.0000034342025   -1.6982303437787         82.75
  28     0.0000028358185   -1.6982309074773         83.06
  29     0.0000028892376   -1.6982310494460         82.54
  30     0.0000040754165   -1.6982311351846         82.68
 MICROCYCLE DIIS UPDATE:                   31
  31     0.0000010795573   -1.6982316315792         82.82
  32     0.0000008063431   -1.6982313889570         82.67
------------------------------------------------------------------
 Iterations converged
 CCSD correlation energy / hartree =        -1.698231388956975
 CCSD total energy / hartree       =     -3007.811468135961604

Time taken for spin-orbital canonical QED-CCSD: 2748.78 secs
