
ExaChem Git Information
{
 WARNING: Failed to retrieve the current git state.
}


TAMM Git Information
{
 Branch: main
 Commit Hash: e71357ad [e71357ad54f38748b4a7e175aa6760820d5ce96f]
 Commit Date: 2026-02-02 23:14:56 -0800
 Commit Message: add GitHub Actions workflow for releases
}


date: Tue Aug 11 02:25:37 2026
program: "/global/cfs/cdirs/m3196/heindelj/cavity_qed/software/install_gpu/bin/bin/ExaChem"
nnodes: 1, nproc_per_node: 4, nproc_total: 4, ngpus_per_node: 1, ngpus_total: 1

Memory information
{
[AMD EPYC 7763 64-Core Processor                ] : 
  CPU memory per node (GiB): 251
  Total CPU memory (GiB): 251
[NVIDIA A100-SXM4-80GB, CUDA v12.9] : 
  GPU memory per device (GiB): 79
  GPU memory per node (GiB): 79
  Total GPU memory (GiB): 79
}

------------------------------------------------------------

Input file provided: /global/cfs/cdirs/m4262/heindelj/cavity_qed/mlip/lambda_scans/grid_scans_optimized_geoms/runs_grid_no_freq/ortho_th81_ph270/ortho_th81_ph270_qed_ccsd_input.json

{
  "geometry": {
    "coordinates": [
      "C    -1.762678401300    1.945073283700    0.569247400500",
      "C    -0.363256405800    1.977719402900    0.539037324900",
      "C     0.304156240000    0.812266379900    0.661870910800",
      "C    -2.512976061800    0.775311670800    0.742137137700",
      "H    -2.294580367500    2.877744124600    0.461629788900",
      "H     0.169033979900    2.907067501000    0.433145163700",
      "H    -3.591629013100    0.817001371800    0.771241344100",
      "N     1.768206092000    0.805507076200    0.729329290500",
      "O     2.363822530000    0.730831226800   -0.307024465900",
      "O     2.193864391100    0.876581245600    1.852878590800",
      "C    -1.849819361000   -0.393888776000    0.859973205800",
      "H    -2.386238763200   -1.320514788600    0.983285854100",
      "C    -0.380161232400   -0.484980214000    0.773799003000",
      "H     0.036701867700   -1.068686156700    1.592354698400",
      "Br   -0.047946430600   -1.472556556900   -0.873177218100"
    ],
    "units": "angstrom",
    "noorient": true
  },
  "common": {
    "maxiter": 100,
    "debug": false
  },
  "basis": {
    "basisset": "6-311G*"
  },
  "SCF": {
    "charge": 1,
    "multiplicity": 1,
    "lshift": 0,
    "tol_lindep": 1e-10,
    "conve": 1e-07,
    "convd": 1e-05,
    "diis_hist": 10,
    "writem": 10,
    "restart": false,
    "noscf": false,
    "scf_type": "restricted",
    "debug": false,
    "qed_omegas": [
      0.06615
    ],
    "qed_volumes": [],
    "qed_lambdas": [
      0.1
    ],
    "qed_polvecs": [
      [
        -1.8143540472974943e-16,
        -0.9876883405951378,
        0.15643446504023092
      ]
    ],
    "direct_df": false
  },
  "CD": {
    "debug": false,
    "diagtol": 1e-06
  },
  "CC": {
    "threshold": 1e-06,
    "ndiis": 5,
    "ccsd_maxiter": 200,
    "tilesize": 40,
    "freeze": {
      "atomic": true
    },
    "readt": false,
    "writet": true,
    "writet_iter": 5,
    "debug": false,
    "profile_ccsd": false,
    "balance_tiles": true
  },
  "TASK": {
    "scf": false,
    "ccsd": true
  }
}

Output folder & files prefix: ortho_th81_ph270_qed_ccsd_input.6-311g*

  C (carbon)
  ----------
          Exponent        Coefficients
      ----------------  --------------------
  1 S  4.56324000E+03      0.778202
  1 S  6.82024000E+02      1.448695
  1 S  1.54973000E+02      2.383089
  1 S  4.44553000E+01      3.200089
  1 S  1.30290000E+01      3.013004
  1 S  1.82773000E+00      0.247599

  2 S  2.09642000E+01      0.800629
  2 S  4.80331000E+00      2.127420
  2 S  1.45933000E+00     -0.002868

  3 P  2.09642000E+01      2.573592
  3 P  4.80331000E+00      2.408248
  3 P  1.45933000E+00      1.865281

  4 S  4.83456000E-01      0.413217

  5 P  4.83456000E-01      0.574627

  6 S  1.45585000E-01      0.167976

  7 P  1.45585000E-01      0.128185

  8 D  6.26000000E-01      0.725128


  H (hydrogen)
  ------------
          Exponent        Coefficients
      ----------------  --------------------
  1 S  3.38650000E+01      0.255069
  1 S  5.09479000E+00      0.460109
  1 S  1.15879000E+00      0.678321

  2 S  3.25840000E-01      0.307371

  3 S  1.02741000E-01      0.129336


  N (nitrogen)
  ------------
          Exponent        Coefficients
      ----------------  --------------------
  1 S  6.29348000E+03      0.991968
  1 S  9.49044000E+02      1.823240
  1 S  2.18776000E+02      2.979891
  1 S  6.36916000E+01      4.000007
  1 S  1.88282000E+01      3.881008
  1 S  2.72023000E+00      0.386764

  2 S  3.06331000E+01      1.038501
  2 S  7.02614000E+00      2.834794
  2 S  2.11205000E+00     -0.003208

  3 P  3.06331000E+01      3.935616
  3 P  7.02614000E+00      3.870994
  3 P  2.11205000E+00      2.967271

  4 S  6.84009000E-01      0.536051

  5 P  6.84009000E-01      0.886681

  6 S  2.00878000E-01      0.213850

  7 P  2.00878000E-01      0.191693

  8 D  9.13000000E-01      1.403568


  O (oxygen)
  ----------
          Exponent        Coefficients
      ----------------  --------------------
  1 S  8.58850000E+03      1.205013
  1 S  1.29723000E+03      2.216205
  1 S  2.99296000E+02      3.627452
  1 S  8.73771000E+01      4.888452
  1 S  2.56789000E+01      4.835721
  1 S  3.74004000E+00      0.538229

  2 S  4.21175000E+01      1.341958
  2 S  9.62837000E+00      3.587114
  2 S  2.85332000E+00     -0.005123

  3 P  4.21175000E+01      5.584018
  3 P  9.62837000E+00      5.733366
  3 P  2.85332000E+00      4.332955

  4 S  9.05661000E-01      0.661659

  5 P  9.05661000E-01      1.259352

  6 S  2.55611000E-01      0.256209

  7 P  2.55611000E-01      0.259068

  8 D  1.29200000E+00      2.577026


  Br (bromine)
  ------------
          Exponent        Coefficients
      ----------------  --------------------
  1 S  4.39700000E+05      9.893706
  1 S  6.60300000E+04     18.450679
  1 S  1.51400000E+04     31.049770
  1 S  4.31700000E+03     48.888138
  1 S  1.41400000E+03     64.847798
  1 S  5.23900000E+02     42.245010

  2 S  5.23900000E+02     14.290679
  2 S  2.07700000E+02     24.083128
  2 S  8.65400000E+01      5.132542

  3 S  3.05200000E+01      9.254405

  4 S  1.29800000E+01      4.873782

  5 S  4.41200000E+00      2.169635

  6 S  1.86200000E+00      1.136043

  7 S  3.93200000E-01      0.353892

  8 S  1.40000000E-01      0.163120

  9 P  2.95700000E+03    691.874478
  9 P  7.00300000E+02    925.332763
  9 P  2.24600000E+02   1068.830732

  10 P  8.25900000E+01    122.079275
  10 P  3.31900000E+01     57.580687
  10 P  1.42000000E+01     10.176170

  11 P  1.42000000E+01      3.129736
  11 P  7.43800000E+00      6.538168
  11 P  3.52600000E+00      4.166276

  12 P  1.59500000E+00      2.555000

  13 P  8.46200000E-01      1.156861

  14 P  3.18600000E-01      0.341191

  15 P  1.09600000E-01      0.089888

  16 D  1.34800000E+02    160.709187
  16 D  3.63900000E+01    119.797406
  16 D  1.21600000E+01     55.531619
  16 D  4.34100000E+00     12.984636

  17 D  1.53500000E+00      3.484168

  18 D  4.51000000E-01      0.408525



Printing Internal Coordinates

------------------------------------------------------------
                Bond Lengths

i      j        Length (Angstroms)     Length (Bohr)
0      1          1.4001286867         2.6458597588
0      3          1.4004212479         2.6464126195
0      4          1.0790626254         2.0391328346
1      2          1.3486320767         2.5485452697
1      5          1.0762128470         2.0337475339
2      7          1.4656187398         2.7696180231
2      12         1.4709408643         2.7796753809
3      6          1.0798505801         2.0406218533
3      10         1.3493301425         2.5498644228
7      8          1.1976495865         2.2632297133
7      9          1.2035778144         2.2744324405
10     11         1.0777697117         2.0366895820
10     12         1.4749978503         2.7873419733
12     13         1.0883569719         2.0566966041
12     14         1.9488982478         3.6828839357

Number of Bonds: 15

------------------------------------------------------------
           Bond Angles

i      j      k      Angle (degrees)
0      1      2        118.1978 
0      1      5        121.1047 
0      3      6        120.4144 
0      3      10       118.1156 
1      0      3        123.8924 
1      0      4        118.0587 
1      2      7        120.1675 
1      2      12       122.6040 
2      1      5        120.6932 
2      7      8        117.2097 
2      7      9        113.3269 
2      12     10       114.4262 
2      12     13       110.6114 
2      12     14       107.6553 
3      0      4        118.0466 
3      10     11       120.6884 
3      10     12       122.5546 
6      3      10       121.4682 
7      2      12       117.2038 
8      7      9        129.4634 
10     12     13       111.7659 
10     12     14       104.5078 
11     10     12       116.7115 
13     12     14       107.3690 

Number of Angles: 24

------------------------------------------------------------
              Torsional Angles

i      j      k      l      Angle (degrees)
3      0      1      2          1.1158 
4      0      1      2       -179.4456 
5      1      0      3       -178.1338 
5      1      0      4          1.3047 
6      3      0      1        179.0911 
6      3      0      4         -0.3475 
10     3      0      1         -1.3809 
10     3      0      4        179.1805 
11     10     3      0       -179.3017 
11     10     3      6          0.2210 

Number of Torsional Angles: 10


----------------------------------------------------------------------
                          Center of Mass

         x               y               z              Unit
   0.03410588091   -0.1028240072   0.09453139958      Angstrom
    0.0644507742   -0.1943092128    0.1786384555          Bohr

----------------------------------------------------------------------
                Moment of Inertia Tensor

           1772.97          -69.5889          -39.6211
          -69.5889           1983.87          -594.342
          -39.6211          -594.342           2593.95

----------------------------------------------------------------------
                      Principal Moments of Inertia

           x                 y                 z                Unit
        444.265524       506.1027561        828.034473       amu * ang^2
       1586.500988       1807.325753       2956.964785      amu * bohr^2
  7.3772076205e-38  8.4040397187e-38  1.3749845293e-37          g * cm^2

 - Molecule is an asymmetric top.

----------------------------------------------------------------------

         Rotational constants (MHz)

    A = 1.1376e+03        B = 9.9857e+02        C = 6.1034e+02

----------------------------------------------------------------------

        Rotational constants (cm-1)

    A = 3.7945e-02        B = 3.3309e-02        C = 2.0359e-02

----------------------------------------------------------------------

                                Z-Matrix
C   
C        1       2.6458598
C        2       2.5485453     1       118.19778
C        3      5.32622677     2     61.26798198     1         -0.5248
H        4      4.02941870     3     83.16285737     2          0.5546
H        5      4.65619732     4     96.64197229     3         -0.9588
H        6      8.15549216     5     28.60510178     4         -0.6557
N        7     10.12895338     6     29.43235379     5       -179.8016
O        8      2.26322971     7    120.27857882     6        -85.6991
O        9      4.10349581     8     25.33508148     7       -179.4967
C       10      8.22656918     9     79.99398712     8         16.7941
H       11      2.03668958    10    133.40334018     9        107.4406
C       12      4.12564471    11     37.12190136    10        -25.5977
H       13      2.05669660    12     94.27387856    11        133.7196
Br      14      4.72398432    13     48.07885684    12         93.9786

----------------------------------------------------------------------

             Converted back to Cartesian

C        0.000000      0.000000      0.000000
C        0.000000      0.000000      2.645860
C        0.000000      0.091741      0.098966
C        0.000016     -0.199290      5.417236
H       -0.000030      0.122724      1.400705
H        0.000108     -0.385834      6.029046
H       -0.000163      0.575527     -2.069586
N        0.005183     -0.708456      7.977655
O        0.001579     -0.339553      5.744696
O        0.010762     -1.039531      9.788040
C       -0.025424      0.560067      1.718565
H       -0.011840      0.083342      3.698629
C       -0.041592      1.094263     -0.301133
H       -0.026342      0.533259      1.677514
Br      -0.063827      1.888192     -2.847835

----------------------------------------------------------------------
                       Geometry in bohr 

1     C      -3.3309794265    3.6756558010    1.0757216848
2     C      -0.6864551204    3.7373480254    1.0186329157
3     C       0.5747719931    1.5349609993    1.2507547521
4     C      -4.7488365178    1.4651267200    1.4024359381
5     H      -4.3361284685    5.4381482559    0.8723538726
6     H       0.3194279280    5.4935614064    0.8185257322
7     H      -6.7871951806    1.5439088372    1.4574349173
8     N       3.3414252480    1.5221877665    1.3782326146
9     O       4.4669771920    1.3810708629   -0.5801921545
10    O       4.1458028566    1.6564984813    3.5014330812
11    C      -3.4956519747   -0.7443419107    1.6251138346
12    H      -4.5093377335   -2.4954112957    1.8581409677
13    C      -0.7184006129   -0.9164797809    1.4622681922
14    H       0.0693564783   -2.0195241507    3.0091142753
15    Br     -0.0906056225   -2.7827285975   -1.6500658016

 Number of nodes, processes per node used for SCF calculation: 1, 4

Common Options
{
  maxiter       = 100
  basis         = 6-311g* spherical
  geom_units    = angstrom
  ang2au factor = 1.889726126
  debug         = false
  file_prefix   = ortho_th81_ph270_qed_ccsd_input
}

SCF Options
{
  charge            = 1
  multiplicity      = 1
  level shift       = 0
  tol_int           = 1e-22
  tol_sch           = 1e-12
  tol_lindep        = 1e-10
  conve             = 1e-07
  convd             = 1e-05
  diis_hist         = 10
  AO_tilesize       = 30
  writem            = 10
  damp              = 100
  n_lindep          = 0
  scf_type          = restricted
  cuscf             = false
  qed_omegas        = [0.06615,]
  qed_lambdas       = [0.1,]
  qed_polvecs       = [[-1.814354047e-16,-0.9876883406,0.156434465,],]
  direct_df         = false
  restart_size      = 2000
  restart           = false
  debug             = false
}

Number of basis functions = 221

Total number of shells = 105

Total number of electrons = 98
  # of alpha electrons    = 49
  # of beta electons      = 49

Nuclear repulsion energy  = 780.767710226476

# of {all,non-negligible} shell-pairs = {5565,4998}
Number of AO tiles = 105

Time for initial setup: 0.03 secs
HF exch = 1.00

Time for computing 1-e integrals T, V, S: 0.01 secs
Time for computing orthogonalizer: 0.01 secs

Superposition of Atomic Density Guess ...
Time taken for SAD: 0.34 secs
Total Time to compute initial guess: 0.34 secs


 SCF iterations
-----------------------------------------------------------------------------
 Iter     Energy            E-Diff       RMSD        |[F,P]|^2       Time(s)
-----------------------------------------------------------------------------
   1  -3011.8438907053    -3.01e+03     1.66e-02     1.50e+03         0.6 
   2  -3005.7620899967     6.08e+00     6.77e-03     8.39e+00         2.2 
   3  -3005.9597744937    -1.98e-01     2.86e-03     4.40e+00         2.2 
   4  -3006.0875446066    -1.28e-01     1.20e-03     1.47e-01         2.2 
   5  -3006.0959955276    -8.45e-03     2.77e-04     1.12e-02         2.2 
   6  -3006.0967048840    -7.09e-04     1.80e-04     1.68e-03         2.2 
   7  -3006.0969320667    -2.27e-04     7.61e-05     3.66e-04         2.2 
   8  -3006.0969789350    -4.69e-05     3.15e-05     9.17e-05         2.2 
   9  -3006.0969885647    -9.63e-06     1.98e-05     2.42e-05         2.2 
  10  -3006.0969916302    -3.07e-06     9.06e-06     4.83e-06         2.2 
  11  -3006.0969922658    -6.36e-07     5.67e-06     1.05e-06         2.2 
  12  -3006.0969924843    -2.18e-07     2.93e-06     2.84e-07         2.2 
  13  -3006.0969925419    -5.76e-08     1.62e-06     6.02e-08         2.3 

** Total SCF energy = -3006.0969925418804

Nuclear repulsion energy = 780.767710226476197
#electrons        = 98
1e energy kinetic = 3006.2448804210703202
1e energy N-e     = -8714.6086937293712253
1e energy         = -5705.6630092341247291
2e energy         = 1921.3016322850903634
QED energy        = 0.1974782548547869
QED eT energy     = 0.1784927774512400
QED eT energy from matrix = 0.1784927774512204

 Polarizability Matrix (QED energy = 0.5 * lambda.dot(matrix * lambda))
[40.69576584, -1.32460667, -0.82495752]
[-1.32460667, 39.83840545,  1.18110621]
[-0.82495752,  1.18110621, 40.74669425]

 Polarizability Matrix (QED eT energy = 0.5 * lambda.dot(matrix * lambda))
[37.04490704, -1.45946569, -0.98263452]
[-1.45946569, 36.09976460,  1.35681156]
[-0.98263452,  1.35681156, 36.83811505]


                      Electron        Nuclear        Total  
                  ------------------------------------------
    Monopole         -98.000000     99.000000      1.000000

      Dipole   X      -2.699458     -0.556167     -3.255625
      Dipole   Y       3.228690     -1.965330      1.263360
      Dipole   Z     -29.102120     30.290386      1.188266

  Quadrupole  XX    -785.441346    743.989547    -41.451799
  Quadrupole  XY     -27.272737     21.785862     -5.486875
  Quadrupole  XZ     -14.648676      9.553607     -5.095069
  Quadrupole  YY    -631.513049    597.146654    -34.366395
  Quadrupole  YZ    -270.416886    271.276866      0.859980
  Quadrupole  ZZ    -337.754376    288.458952    -49.295424

    Octupole XXX      -9.168173    -65.228472    -74.396645
    Octupole XXY   -1090.486515   1088.719911     -1.766604
    Octupole XXZ   -1023.618449   1007.912019    -15.706430
    Octupole XYY     344.668137   -369.587219    -24.919081
    Octupole XYZ     -71.970745     68.843711     -3.127034
    Octupole XZZ    -284.069295    279.347321     -4.721974
    Octupole YYY    -272.875988    279.106056      6.230067
    Octupole YYZ      37.479045    -57.942085    -20.463040
    Octupole YZZ       1.828430    -37.622365    -35.793934
    Octupole ZZZ    -426.838830    327.524263    -99.314567

writing orbitals and density to disk ... done.

Total Time taken for Hartree-Fock: 28.52 secs

CD Options
{
  debug             = false
  skip_cd           = [false, 100]
  write_cv          = [false, 5000]
  diagtol           = 1e-06
  itilesize         = 1000
  max_cvecs_factor  = 12
}

- #occupied, #virtual = 98, 344

- Tilesize for the MSO space: 40

-----------------------------------------------------
Begin 2-index transformation ... 

nAO, nMO, nelectrons = 221, 442, 98
n_occ_alpha, n_vir_alpha, n_occ_beta, n_vir_beta = 49,172,49,172

Time taken for Fao->Fmo transform: 0.00 secs

-----------------------------------------------------
Number of AO tiles = 105
# of {all,non-negligible} shell-pairs = {5565,4998}

    Begin Cholesky Decomposition
---------------------------------------------
Total # of mpi ranks used for Cholesky decomposition: 4
  --> Number of nodes, mpi ranks per node: 1, 4
- CPU memory required for computing cholesky vectors: 1.93 GiB

- Time for computing the diagonal: 0.01 secs

- Total number of cholesky vectors = 1639

- Time to compute cholesky vectors: 16.78 secs

- CPU memory required for resizing the ao cholesky tensor: 1.56 GiB
- CPU memory required for ao2mo transformation: 1.69 GiB
- CPU memory required for the 2-step contraction: 2.10 GiB

- Time for ao to mo transform: 1.54 secs

   End Cholesky Decomposition
---------------------------------------------

Total Time taken for Cholesky Decomposition: 20.65 secs

scf_type = restricted
Closed-Shell SCF
QED-HF Enabled
nbf = 203
nbf_orig = 221
n_lindep = 0
focc = 1
nmo = 406
nocc = 62
nvir = 344
n_occ_alpha = 31
n_vir_alpha = 172
n_occ_beta = 31
n_vir_beta = 172
nelectrons = 98
nelectrons_alpha = 49
nelectrons_beta = 49
freeze atomic = true
n_frozen_core = 18
n_frozen_virtual = 0
----------------------------
--------- QED-CCSD --------
lambda_x: -0.0000
lambda_y: -0.0988
lambda_z: 0.0156
omega: 0.066150
coupling_factor_x: -0.000000
coupling_factor_y: -0.017963
coupling_factor_z: 0.002845
----------------------------
# of {all,non-negligible} shell-pairs = {5565,4998}
Number of AO tiles = 105
----------------------------
Electronic dipole expectation value using SCF density: 
dipole_x_elec: -2.69965397
dipole_y_elec: 3.22859762
dipole_z_elec: -29.10216339

d_n/N value: d_n is nuclear dipole moment and N is the total number of electrons 
d_nuc_x: -0.00567517
d_nuc_y: -0.02005438
d_nuc_z: 0.30908557

<d_e+d_n> expectation values: 
dipole_total_x: -3.25582057
dipole_total_y: 1.26326800
dipole_total_z: 1.18822294
----------------------------


 CCSD iterations
------------------------------------------------------------
  Iter     Residuum          Correlation          Time(s)
------------------------------------------------------------
   1     1.1863802381975    0.0000000000000         84.86
   2     0.1738985083291   -1.6746392309933         83.52
   3     0.0747190397594   -1.6273302528721         83.46
   4     0.0262406105382   -1.7081963736199         84.33
   5     0.0222580585131   -1.6935234531022         84.24
 MICROCYCLE DIIS UPDATE:                    6
   6     0.0083362044742   -1.7065104234778         83.13
   7     0.0052373267164   -1.7061719624020         83.16
   8     0.0036803488613   -1.7077512570986         83.37
   9     0.0026688919132   -1.7078706526702         83.00
  10     0.0026724702204   -1.7082553365067         83.00
 MICROCYCLE DIIS UPDATE:                   11
  11     0.0007597632909   -1.7087546610260         83.80
  12     0.0006103377576   -1.7088409177722         83.90
  13     0.0004223563674   -1.7088257997305         83.76
  14     0.0003909946631   -1.7088011618803         83.60
  15     0.0002998196821   -1.7088207141971         83.88
 MICROCYCLE DIIS UPDATE:                   16
  16     0.0001064727162   -1.7087775008430         83.74
  17     0.0000650289765   -1.7088208498879         83.61
  18     0.0000532420777   -1.7088258834224         83.48
  19     0.0000436530662   -1.7088357472848         83.45
  20     0.0000461672685   -1.7088354611304         83.51
 MICROCYCLE DIIS UPDATE:                   21
  21     0.0000143662514   -1.7088432514665         83.79
  22     0.0000107488099   -1.7088435430412         83.62
  23     0.0000080773850   -1.7088432521201         83.48
  24     0.0000073331859   -1.7088425473255         82.10
  25     0.0000063491687   -1.7088428556852         82.54
 MICROCYCLE DIIS UPDATE:                   26
  26     0.0000022691521   -1.7088416565101         82.80
  27     0.0000012936688   -1.7088425887201         82.76
  28     0.0000010355756   -1.7088427305518         83.02
  29     0.0000008084269   -1.7088429221276         83.13
------------------------------------------------------------------
 Iterations converged
 CCSD correlation energy / hartree =        -1.708842922127641
 CCSD total energy / hartree       =     -3007.805835464007941

Time taken for spin-orbital canonical QED-CCSD: 2482.79 secs
