
ExaChem Git Information
{
 WARNING: Failed to retrieve the current git state.
}


TAMM Git Information
{
 Branch: main
 Commit Hash: e71357ad [e71357ad54f38748b4a7e175aa6760820d5ce96f]
 Commit Date: 2026-02-02 23:14:56 -0800
 Commit Message: add GitHub Actions workflow for releases
}


date: Sun Aug  9 20:08:41 2026
program: "/global/cfs/cdirs/m3196/heindelj/cavity_qed/software/install_gpu/bin/bin/ExaChem"
nnodes: 1, nproc_per_node: 4, nproc_total: 4, ngpus_per_node: 1, ngpus_total: 1

Memory information
{
[AMD EPYC 7763 64-Core Processor                ] : 
  CPU memory per node (GiB): 251
  Total CPU memory (GiB): 251
[NVIDIA A100-SXM4-80GB, CUDA v12.9] : 
  GPU memory per device (GiB): 79
  GPU memory per node (GiB): 79
  Total GPU memory (GiB): 79
}

------------------------------------------------------------

Input file provided: /global/cfs/cdirs/m4262/heindelj/cavity_qed/mlip/lambda_scans/grid_scans_optimized_geoms/runs_grid_no_freq/ortho_th18_ph108/ortho_th18_ph108_qed_ccsd_input.json

{
  "geometry": {
    "coordinates": [
      "C    -1.793824069700    1.944284874400    0.740478365300",
      "C    -0.378468421600    1.988806778600    0.710865411900",
      "C     0.285384230500    0.820592594800    0.693755338400",
      "C    -2.522626561300    0.753328657100    0.769806016600",
      "H    -2.331617425200    2.885586232400    0.762904487900",
      "H     0.157742352000    2.927530970000    0.724552429200",
      "H    -3.602139777200    0.777034371800    0.821097957200",
      "N     1.772567470400    0.813960912800    0.745680678500",
      "O     2.277643748700   -0.246601314800    1.013184108500",
      "O     2.318418285800    1.862408263600    0.534204299500",
      "C    -1.846870937800   -0.428828404600    0.712496125300",
      "H    -2.376030958400   -1.373445291500    0.686602063200",
      "C    -0.379893829600   -0.487135198900    0.611762621000",
      "H     0.034407282500   -1.170346413300    1.357217909100",
      "Br    0.031807698900   -1.282700268800   -1.094879811100"
    ],
    "units": "angstrom",
    "noorient": true
  },
  "common": {
    "maxiter": 100,
    "debug": false
  },
  "basis": {
    "basisset": "6-311G*"
  },
  "SCF": {
    "charge": 1,
    "multiplicity": 1,
    "lshift": 0,
    "tol_lindep": 1e-10,
    "conve": 1e-07,
    "convd": 1e-05,
    "diis_hist": 10,
    "writem": 10,
    "restart": false,
    "noscf": false,
    "scf_type": "restricted",
    "debug": false,
    "qed_omegas": [
      0.06615
    ],
    "qed_volumes": [],
    "qed_lambdas": [
      0.1
    ],
    "qed_polvecs": [
      [
        -0.09549150281252626,
        0.2938926261462366,
        0.9510565162951536
      ]
    ],
    "direct_df": false
  },
  "CD": {
    "debug": false,
    "diagtol": 1e-06
  },
  "CC": {
    "threshold": 1e-06,
    "ndiis": 5,
    "ccsd_maxiter": 200,
    "tilesize": 40,
    "freeze": {
      "atomic": true
    },
    "readt": false,
    "writet": true,
    "writet_iter": 5,
    "debug": false,
    "profile_ccsd": false,
    "balance_tiles": true
  },
  "TASK": {
    "scf": false,
    "ccsd": true
  }
}

Output folder & files prefix: ortho_th18_ph108_qed_ccsd_input.6-311g*

  C (carbon)
  ----------
          Exponent        Coefficients
      ----------------  --------------------
  1 S  4.56324000E+03      0.778202
  1 S  6.82024000E+02      1.448695
  1 S  1.54973000E+02      2.383089
  1 S  4.44553000E+01      3.200089
  1 S  1.30290000E+01      3.013004
  1 S  1.82773000E+00      0.247599

  2 S  2.09642000E+01      0.800629
  2 S  4.80331000E+00      2.127420
  2 S  1.45933000E+00     -0.002868

  3 P  2.09642000E+01      2.573592
  3 P  4.80331000E+00      2.408248
  3 P  1.45933000E+00      1.865281

  4 S  4.83456000E-01      0.413217

  5 P  4.83456000E-01      0.574627

  6 S  1.45585000E-01      0.167976

  7 P  1.45585000E-01      0.128185

  8 D  6.26000000E-01      0.725128


  H (hydrogen)
  ------------
          Exponent        Coefficients
      ----------------  --------------------
  1 S  3.38650000E+01      0.255069
  1 S  5.09479000E+00      0.460109
  1 S  1.15879000E+00      0.678321

  2 S  3.25840000E-01      0.307371

  3 S  1.02741000E-01      0.129336


  N (nitrogen)
  ------------
          Exponent        Coefficients
      ----------------  --------------------
  1 S  6.29348000E+03      0.991968
  1 S  9.49044000E+02      1.823240
  1 S  2.18776000E+02      2.979891
  1 S  6.36916000E+01      4.000007
  1 S  1.88282000E+01      3.881008
  1 S  2.72023000E+00      0.386764

  2 S  3.06331000E+01      1.038501
  2 S  7.02614000E+00      2.834794
  2 S  2.11205000E+00     -0.003208

  3 P  3.06331000E+01      3.935616
  3 P  7.02614000E+00      3.870994
  3 P  2.11205000E+00      2.967271

  4 S  6.84009000E-01      0.536051

  5 P  6.84009000E-01      0.886681

  6 S  2.00878000E-01      0.213850

  7 P  2.00878000E-01      0.191693

  8 D  9.13000000E-01      1.403568


  O (oxygen)
  ----------
          Exponent        Coefficients
      ----------------  --------------------
  1 S  8.58850000E+03      1.205013
  1 S  1.29723000E+03      2.216205
  1 S  2.99296000E+02      3.627452
  1 S  8.73771000E+01      4.888452
  1 S  2.56789000E+01      4.835721
  1 S  3.74004000E+00      0.538229

  2 S  4.21175000E+01      1.341958
  2 S  9.62837000E+00      3.587114
  2 S  2.85332000E+00     -0.005123

  3 P  4.21175000E+01      5.584018
  3 P  9.62837000E+00      5.733366
  3 P  2.85332000E+00      4.332955

  4 S  9.05661000E-01      0.661659

  5 P  9.05661000E-01      1.259352

  6 S  2.55611000E-01      0.256209

  7 P  2.55611000E-01      0.259068

  8 D  1.29200000E+00      2.577026


  Br (bromine)
  ------------
          Exponent        Coefficients
      ----------------  --------------------
  1 S  4.39700000E+05      9.893706
  1 S  6.60300000E+04     18.450679
  1 S  1.51400000E+04     31.049770
  1 S  4.31700000E+03     48.888138
  1 S  1.41400000E+03     64.847798
  1 S  5.23900000E+02     42.245010

  2 S  5.23900000E+02     14.290679
  2 S  2.07700000E+02     24.083128
  2 S  8.65400000E+01      5.132542

  3 S  3.05200000E+01      9.254405

  4 S  1.29800000E+01      4.873782

  5 S  4.41200000E+00      2.169635

  6 S  1.86200000E+00      1.136043

  7 S  3.93200000E-01      0.353892

  8 S  1.40000000E-01      0.163120

  9 P  2.95700000E+03    691.874478
  9 P  7.00300000E+02    925.332763
  9 P  2.24600000E+02   1068.830732

  10 P  8.25900000E+01    122.079275
  10 P  3.31900000E+01     57.580687
  10 P  1.42000000E+01     10.176170

  11 P  1.42000000E+01      3.129736
  11 P  7.43800000E+00      6.538168
  11 P  3.52600000E+00      4.166276

  12 P  1.59500000E+00      2.555000

  13 P  8.46200000E-01      1.156861

  14 P  3.18600000E-01      0.341191

  15 P  1.09600000E-01      0.089888

  16 D  1.34800000E+02    160.709187
  16 D  3.63900000E+01    119.797406
  16 D  1.21600000E+01     55.531619
  16 D  4.34100000E+00     12.984636

  17 D  1.53500000E+00      3.484168

  18 D  4.51000000E-01      0.408525



Printing Internal Coordinates

------------------------------------------------------------
                Bond Lengths

i      j        Length (Angstroms)     Length (Bohr)
0      1          1.4163653263         2.6765425610
0      3          1.3965636020         2.6391227252
0      4          1.0843306095         2.0490878820
1      2          1.3437698752         2.5393570404
1      5          1.0811625390         2.0431010963
2      7          1.4881042333         2.8121094478
2      12         1.4695134179         2.7769778982
3      6          1.0809910302         2.0427769916
3      10         1.3628739505         2.5754585105
7      8          1.2047623710         2.2766709280
7      9          1.2007985755         2.2691804401
10     11         1.0830428860         2.0466544371
10     12         1.4715871558         2.7808966949
12     13         1.0927609810         2.0650189751
12     14         1.9274465803         3.6423461592

Number of Bonds: 15

------------------------------------------------------------
           Bond Angles

i      j      k      Angle (degrees)
0      1      2        117.8144 
0      1      5        121.5090 
0      3      6        120.2276 
0      3      10       118.6896 
1      0      3        123.2797 
1      0      4        117.9538 
1      2      7        119.8114 
1      2      12       123.4151 
2      1      5        120.6618 
2      7      8        115.5085 
2      7      9        116.3757 
2      12     10       114.3445 
2      12     13       110.2843 
2      12     14       108.6640 
3      0      4        118.7529 
3      10     11       121.0165 
3      10     12       122.1085 
6      3      10       121.0757 
7      2      12       116.7707 
8      7      9        128.1084 
10     12     13       110.8560 
10     12     14       106.8517 
11     10     12       116.7990 
13     12     14       105.3660 

Number of Angles: 24

------------------------------------------------------------
              Torsional Angles

i      j      k      l      Angle (degrees)
3      0      1      2          0.8460 
4      0      1      2        179.4869 
5      1      0      3       -177.7612 
5      1      0      4          0.8797 
6      3      0      1        178.1967 
6      3      0      4         -0.4340 
10     3      0      1         -2.7644 
10     3      0      4        178.6050 
11     10     3      0       -177.1566 
11     10     3      6          1.8739 

Number of Torsional Angles: 10


----------------------------------------------------------------------
                          Center of Mass

         x               y               z              Unit
   0.06435223639  -0.03003551623   0.01453370259      Angstrom
    0.1216081024  -0.05675889973   0.02746471749          Bohr

----------------------------------------------------------------------
                Moment of Inertia Tensor

           1769.44          -44.1833          -26.1632
          -44.1833           2005.38          -628.427
          -26.1632          -628.427           2598.03

----------------------------------------------------------------------
                      Principal Moments of Inertia

           x                 y                 z                Unit
       445.8245139       499.6524776       839.1040237       amu * ang^2
       1592.068242        1784.29139       2996.494869      amu * bohr^2
  7.4030952750e-38  8.2969302509e-38  1.3933659634e-37          g * cm^2

 - Molecule is an asymmetric top.

----------------------------------------------------------------------

         Rotational constants (MHz)

    A = 1.1336e+03        B = 1.0115e+03        C = 6.0228e+02

----------------------------------------------------------------------

        Rotational constants (cm-1)

    A = 3.7812e-02        B = 3.3739e-02        C = 2.0090e-02

----------------------------------------------------------------------

                                Z-Matrix
C   
C        1       2.6765426
C        2        2.539357     1       117.81443
C        3      5.30983879     2     61.75561229     1         -0.3990
H        4      4.04553886     3     83.50623970     2          0.0045
H        5      4.70543412     4     96.08635785     3         -0.6721
H        6      8.18726331     5     28.79986398     4         -0.9535
N        7     10.15796424     6     29.37289834     5       -179.8611
O        8      2.27667093     7    114.20605110     6        166.7109
O        9      4.08766834     8     25.89987502     7       -176.1347
C       10      8.98985198     9     60.37029773     8         -1.7976
H       11      2.04665444    10    147.88369421     9        -19.5215
C       12      4.12969368    11     36.94615828    10          1.1415
H       13      2.06501898    12     93.97818943    11        131.7409
Br      14      4.63865733    13     49.21328021    12         94.5561

----------------------------------------------------------------------

             Converted back to Cartesian

C        0.000000      0.000000      0.000000
C        0.000000      0.000000      2.676543
C        0.000000      0.091114      0.138821
C        0.000012     -0.199191      5.440718
H       -0.000010      0.124662      1.408162
H        0.000061     -0.389119      6.085462
H       -0.000065      0.576202     -2.044693
N        0.005071     -0.711545      8.031314
O       -0.004426     -0.344991      5.784365
O        0.017738     -1.034526      9.813395
C       -0.057105      0.642561      0.981678
H       -0.024999      0.171834      2.973205
C       -0.097376      1.166190     -1.034336
H       -0.053895      0.612277      0.954531
Br      -0.162095      1.922547     -3.493910

----------------------------------------------------------------------
                       Geometry in bohr 

1     C      -3.3898362098    3.6741659234    1.3993013126
2     C      -0.7152016641    3.7583001289    1.3433409409
3     C       0.5392980363    1.5506952651    1.3110075880
4     C      -4.7670733188    1.4235848447    1.4547225415
5     H      -4.4061183640    5.4529676919    1.4416805424
6     H       0.2980898437    5.5322317584    1.3692056550
7     H      -6.8070576461    1.4683821531    1.5516502617
8     N       3.3496670587    1.5381632024    1.4091322597
9     O       4.3041228974   -0.4660089473    1.9146404802
10    O       4.3811756055    3.5194415528    1.0094998213
11    C      -3.4900802623   -0.8103682397    1.3464225426
12    H      -4.4900477781   -2.5954354499    1.2974898569
13    C      -0.7178952949   -0.9205521122    1.1560638078
14    H       0.0650203407   -2.2116341936    2.5647701414
15    Br      0.0601078396   -2.4239522097   -2.0690229838

 Number of nodes, processes per node used for SCF calculation: 1, 4

Common Options
{
  maxiter       = 100
  basis         = 6-311g* spherical
  geom_units    = angstrom
  ang2au factor = 1.889726126
  debug         = false
  file_prefix   = ortho_th18_ph108_qed_ccsd_input
}

SCF Options
{
  charge            = 1
  multiplicity      = 1
  level shift       = 0
  tol_int           = 1e-22
  tol_sch           = 1e-12
  tol_lindep        = 1e-10
  conve             = 1e-07
  convd             = 1e-05
  diis_hist         = 10
  AO_tilesize       = 30
  writem            = 10
  damp              = 100
  n_lindep          = 0
  scf_type          = restricted
  cuscf             = false
  qed_omegas        = [0.06615,]
  qed_lambdas       = [0.1,]
  qed_polvecs       = [[-0.09549150281,0.2938926261,0.9510565163,],]
  direct_df         = false
  restart_size      = 2000
  restart           = false
  debug             = false
}

Number of basis functions = 221

Total number of shells = 105

Total number of electrons = 98
  # of alpha electrons    = 49
  # of beta electons      = 49

Nuclear repulsion energy  = 781.508515520438

# of {all,non-negligible} shell-pairs = {5565,5003}
Number of AO tiles = 105

Time for initial setup: 0.01 secs
HF exch = 1.00

Time for computing 1-e integrals T, V, S: 0.01 secs
Time for computing orthogonalizer: 0.01 secs

Superposition of Atomic Density Guess ...
Time taken for SAD: 0.42 secs
Total Time to compute initial guess: 0.42 secs


 SCF iterations
-----------------------------------------------------------------------------
 Iter     Energy            E-Diff       RMSD        |[F,P]|^2       Time(s)
-----------------------------------------------------------------------------
   1  -3011.7529701253    -3.01e+03     1.67e-02     1.50e+03         0.7 
   2  -3005.8125980576     5.94e+00     6.89e-03     7.68e+00         2.2 
   3  -3005.9895314325    -1.77e-01     2.95e-03     4.20e+00         2.2 
   4  -3006.1101023474    -1.21e-01     1.15e-03     1.14e-01         2.2 
   5  -3006.1167809311    -6.68e-03     2.58e-04     9.59e-03         2.2 
   6  -3006.1173219293    -5.41e-04     1.56e-04     1.35e-03         2.2 
   7  -3006.1174775159    -1.56e-04     6.90e-05     4.00e-04         2.2 
   8  -3006.1175145064    -3.70e-05     3.54e-05     9.69e-05         2.2 
   9  -3006.1175248692    -1.04e-05     1.61e-05     1.34e-05         2.2 
  10  -3006.1175270120    -2.14e-06     7.52e-06     3.22e-06         2.3 
  11  -3006.1175274622    -4.50e-07     5.19e-06     7.55e-07         2.4 
  12  -3006.1175276142    -1.52e-07     2.02e-06     1.48e-07         2.4 
  13  -3006.1175276416    -2.74e-08     9.82e-07     2.87e-08         2.4 

** Total SCF energy = -3006.1175276415888

Nuclear repulsion energy = 781.508515520438436
#electrons        = 98
1e energy kinetic = 3006.1812295060590259
1e energy N-e     = -8716.3722735544015450
1e energy         = -5707.6208957955132064
2e energy         = 1922.3807687362868819
QED energy        = 0.1842321500284885
QED eT energy     = 0.1607960322141956
QED eT energy from matrix = 0.1607960322142116

 Polarizability Matrix (QED energy = 0.5 * lambda.dot(matrix * lambda))
[40.72354768, -1.09338263, -0.57629827]
[-1.09338263, 44.96993543, -0.08319821]
[-0.57629827, -0.08319821, 35.89946099]

 Polarizability Matrix (QED eT energy = 0.5 * lambda.dot(matrix * lambda))
[36.97883211, -1.18326007, -0.69797331]
[-1.18326007, 41.95958586, -0.02869422]
[-0.69797331, -0.02869422, 30.97891217]


                      Electron        Nuclear        Total  
                  ------------------------------------------
    Monopole         -98.000000     99.000000      1.000000

      Dipole   X      -8.046749      4.448986     -3.597763
      Dipole   Y      -8.739749     10.057743      1.317994
      Dipole   Z     -15.776216     17.131193      1.354976

  Quadrupole  XX    -793.787521    752.719459    -41.068063
  Quadrupole  XY     -17.606009     11.790098     -5.815911
  Quadrupole  XZ      -8.947087      3.066215     -5.880873
  Quadrupole  YY    -635.915324    598.517006    -37.398318
  Quadrupole  YZ    -290.121333    293.495733      3.374401
  Quadrupole  ZZ    -326.294277    280.312784    -45.981493

    Octupole XXX     -29.223952    -59.948221    -89.172173
    Octupole XXY   -1120.844153   1113.529144     -7.315009
    Octupole XXZ   -1088.750898   1078.578913    -10.171986
    Octupole XYY      18.789435    -59.809870    -41.020435
    Octupole XYZ      25.262027    -29.417539     -4.155512
    Octupole XZZ     -33.980278     39.135736      5.155459
    Octupole YYY    -846.290357    829.184341    -17.106016
    Octupole YYZ     -93.244581     85.592101     -7.652479
    Octupole YZZ     191.593670   -218.723067    -27.129397
    Octupole ZZZ      36.655209   -110.789737    -74.134527

writing orbitals and density to disk ... done.

Total Time taken for Hartree-Fock: 29.41 secs

CD Options
{
  debug             = false
  skip_cd           = [false, 100]
  write_cv          = [false, 5000]
  diagtol           = 1e-06
  itilesize         = 1000
  max_cvecs_factor  = 12
}

- #occupied, #virtual = 98, 344

- Tilesize for the MSO space: 40

-----------------------------------------------------
Begin 2-index transformation ... 

nAO, nMO, nelectrons = 221, 442, 98
n_occ_alpha, n_vir_alpha, n_occ_beta, n_vir_beta = 49,172,49,172

Time taken for Fao->Fmo transform: 0.00 secs

-----------------------------------------------------
Number of AO tiles = 105
# of {all,non-negligible} shell-pairs = {5565,5003}

    Begin Cholesky Decomposition
---------------------------------------------
Total # of mpi ranks used for Cholesky decomposition: 4
  --> Number of nodes, mpi ranks per node: 1, 4
- CPU memory required for computing cholesky vectors: 1.93 GiB

- Time for computing the diagonal: 0.01 secs

- Total number of cholesky vectors = 1645

- Time to compute cholesky vectors: 16.01 secs

- CPU memory required for resizing the ao cholesky tensor: 1.56 GiB
- CPU memory required for ao2mo transformation: 1.70 GiB
- CPU memory required for the 2-step contraction: 2.11 GiB

- Time for ao to mo transform: 1.63 secs

   End Cholesky Decomposition
---------------------------------------------

Total Time taken for Cholesky Decomposition: 19.54 secs

scf_type = restricted
Closed-Shell SCF
QED-HF Enabled
nbf = 203
nbf_orig = 221
n_lindep = 0
focc = 1
nmo = 406
nocc = 62
nvir = 344
n_occ_alpha = 31
n_vir_alpha = 172
n_occ_beta = 31
n_vir_beta = 172
nelectrons = 98
nelectrons_alpha = 49
nelectrons_beta = 49
freeze atomic = true
n_frozen_core = 18
n_frozen_virtual = 0
----------------------------
--------- QED-CCSD --------
lambda_x: -0.0095
lambda_y: 0.0294
lambda_z: 0.0951
omega: 0.066150
coupling_factor_x: -0.001737
coupling_factor_y: 0.005345
coupling_factor_z: 0.017296
----------------------------
# of {all,non-negligible} shell-pairs = {5565,5003}
Number of AO tiles = 105
----------------------------
Electronic dipole expectation value using SCF density: 
dipole_x_elec: -8.04688513
dipole_y_elec: -8.73977994
dipole_z_elec: -15.77623303

d_n/N value: d_n is nuclear dipole moment and N is the total number of electrons 
d_nuc_x: 0.04539782
d_nuc_y: 0.10263003
d_nuc_z: 0.17480809

<d_e+d_n> expectation values: 
dipole_total_x: -3.59789920
dipole_total_y: 1.31796281
dipole_total_z: 1.35495963
----------------------------


 CCSD iterations
------------------------------------------------------------
  Iter     Residuum          Correlation          Time(s)
------------------------------------------------------------
   1     1.1860818579284    0.0000000000000         86.83
   2     0.1676599548048   -1.6719932324181         85.77
   3     0.0681935382198   -1.6281596402326         85.49
   4     0.0225953456596   -1.6990154056331         85.61
   5     0.0187154254811   -1.6894985126774         85.37
 MICROCYCLE DIIS UPDATE:                    6
   6     0.0074266362188   -1.6994352471382         84.59
   7     0.0048156878990   -1.6991351111979         84.73
   8     0.0031554574006   -1.7004444302886         84.74
   9     0.0024088595494   -1.7005834818279         84.58
  10     0.0024708114818   -1.7008461284224         84.39
 MICROCYCLE DIIS UPDATE:                   11
  11     0.0005255398815   -1.7012284324875         84.74
  12     0.0003809168994   -1.7012650681421         84.89
  13     0.0002780847478   -1.7012753115035         84.80
  14     0.0002441893607   -1.7012538643862         84.91
  15     0.0002010618818   -1.7012706352465         84.52
 MICROCYCLE DIIS UPDATE:                   16
  16     0.0000741398094   -1.7012473161071         84.70
  17     0.0000484908931   -1.7012702974694         84.95
  18     0.0000423759179   -1.7012726788755         84.74
  19     0.0000327501013   -1.7012780508607         84.67
  20     0.0000338898652   -1.7012769225098         84.77
 MICROCYCLE DIIS UPDATE:                   21
  21     0.0000121724864   -1.7012814404908         84.81
  22     0.0000078823627   -1.7012815952292         84.99
  23     0.0000060096260   -1.7012811805573         84.86
  24     0.0000050005314   -1.7012804354929         84.74
  25     0.0000044626421   -1.7012806131510         84.69
 MICROCYCLE DIIS UPDATE:                   26
  26     0.0000020813914   -1.7012793369191         85.25
  27     0.0000012256053   -1.7012802466037         84.95
  28     0.0000011027939   -1.7012803017385         84.87
  29     0.0000008219120   -1.7012804523446         85.53
------------------------------------------------------------------
 Iterations converged
 CCSD correlation energy / hartree =        -1.701280452344559
 CCSD total energy / hartree       =     -3007.818808093933512

Time taken for spin-orbital canonical QED-CCSD: 2540.61 secs
