
ExaChem Git Information
{
 WARNING: Failed to retrieve the current git state.
}


TAMM Git Information
{
 Branch: main
 Commit Hash: e71357ad [e71357ad54f38748b4a7e175aa6760820d5ce96f]
 Commit Date: 2026-02-02 23:14:56 -0800
 Commit Message: add GitHub Actions workflow for releases
}


date: Mon Aug 10 12:33:10 2026
program: "/global/cfs/cdirs/m3196/heindelj/cavity_qed/software/install_gpu/bin/bin/ExaChem"
nnodes: 1, nproc_per_node: 4, nproc_total: 4, ngpus_per_node: 1, ngpus_total: 1

Memory information
{
[AMD EPYC 7763 64-Core Processor                ] : 
  CPU memory per node (GiB): 251
  Total CPU memory (GiB): 251
[NVIDIA A100-SXM4-80GB, CUDA v12.9] : 
  GPU memory per device (GiB): 79
  GPU memory per node (GiB): 79
  Total GPU memory (GiB): 79
}

------------------------------------------------------------

Input file provided: /global/cfs/cdirs/m4262/heindelj/cavity_qed/mlip/lambda_scans/grid_scans_optimized_geoms/runs_grid_no_freq/ortho_th72_ph324/ortho_th72_ph324_qed_ccsd_input.json

{
  "geometry": {
    "coordinates": [
      "C    -1.753475480900    1.953490162400    0.625161686600",
      "C    -0.345690931100    1.978181915700    0.605194082400",
      "C     0.294117532600    0.800997690200    0.637257282400",
      "C    -2.502369063000    0.782266184700    0.714123691900",
      "H    -2.270774390100    2.899679789800    0.580899183700",
      "H     0.195350346000    2.913687242500    0.575134514800",
      "H    -3.577888492400    0.818863116400    0.725927152200",
      "N     1.762296199000    0.829618871200    0.699832873100",
      "O     2.346328709100    0.517189312800   -0.300351231700",
      "O     2.196838810100    1.211466524200    1.754281259700",
      "C    -1.857968569400   -0.411500942300    0.786722404200",
      "H    -2.403657131500   -1.342743622100    0.878622843500",
      "C    -0.391093222700   -0.501060530100    0.731315408600",
      "H    -0.023463728000   -1.049541680700    1.598484570600",
      "Br   -0.022051540000   -1.616117225200   -0.822877674500"
    ],
    "units": "angstrom",
    "noorient": true
  },
  "common": {
    "maxiter": 100,
    "debug": false
  },
  "basis": {
    "basisset": "6-311G*"
  },
  "SCF": {
    "charge": 1,
    "multiplicity": 1,
    "lshift": 0,
    "tol_lindep": 1e-10,
    "conve": 1e-07,
    "convd": 1e-05,
    "diis_hist": 10,
    "writem": 10,
    "restart": false,
    "noscf": false,
    "scf_type": "restricted",
    "debug": false,
    "qed_omegas": [
      0.06615
    ],
    "qed_volumes": [],
    "qed_lambdas": [
      0.1
    ],
    "qed_polvecs": [
      [
        0.7694208842938133,
        -0.5590169943749477,
        0.30901699437494745
      ]
    ],
    "direct_df": false
  },
  "CD": {
    "debug": false,
    "diagtol": 1e-06
  },
  "CC": {
    "threshold": 1e-06,
    "ndiis": 5,
    "ccsd_maxiter": 200,
    "tilesize": 40,
    "freeze": {
      "atomic": true
    },
    "readt": false,
    "writet": true,
    "writet_iter": 5,
    "debug": false,
    "profile_ccsd": false,
    "balance_tiles": true
  },
  "TASK": {
    "scf": false,
    "ccsd": true
  }
}

Output folder & files prefix: ortho_th72_ph324_qed_ccsd_input.6-311g*

  C (carbon)
  ----------
          Exponent        Coefficients
      ----------------  --------------------
  1 S  4.56324000E+03      0.778202
  1 S  6.82024000E+02      1.448695
  1 S  1.54973000E+02      2.383089
  1 S  4.44553000E+01      3.200089
  1 S  1.30290000E+01      3.013004
  1 S  1.82773000E+00      0.247599

  2 S  2.09642000E+01      0.800629
  2 S  4.80331000E+00      2.127420
  2 S  1.45933000E+00     -0.002868

  3 P  2.09642000E+01      2.573592
  3 P  4.80331000E+00      2.408248
  3 P  1.45933000E+00      1.865281

  4 S  4.83456000E-01      0.413217

  5 P  4.83456000E-01      0.574627

  6 S  1.45585000E-01      0.167976

  7 P  1.45585000E-01      0.128185

  8 D  6.26000000E-01      0.725128


  H (hydrogen)
  ------------
          Exponent        Coefficients
      ----------------  --------------------
  1 S  3.38650000E+01      0.255069
  1 S  5.09479000E+00      0.460109
  1 S  1.15879000E+00      0.678321

  2 S  3.25840000E-01      0.307371

  3 S  1.02741000E-01      0.129336


  N (nitrogen)
  ------------
          Exponent        Coefficients
      ----------------  --------------------
  1 S  6.29348000E+03      0.991968
  1 S  9.49044000E+02      1.823240
  1 S  2.18776000E+02      2.979891
  1 S  6.36916000E+01      4.000007
  1 S  1.88282000E+01      3.881008
  1 S  2.72023000E+00      0.386764

  2 S  3.06331000E+01      1.038501
  2 S  7.02614000E+00      2.834794
  2 S  2.11205000E+00     -0.003208

  3 P  3.06331000E+01      3.935616
  3 P  7.02614000E+00      3.870994
  3 P  2.11205000E+00      2.967271

  4 S  6.84009000E-01      0.536051

  5 P  6.84009000E-01      0.886681

  6 S  2.00878000E-01      0.213850

  7 P  2.00878000E-01      0.191693

  8 D  9.13000000E-01      1.403568


  O (oxygen)
  ----------
          Exponent        Coefficients
      ----------------  --------------------
  1 S  8.58850000E+03      1.205013
  1 S  1.29723000E+03      2.216205
  1 S  2.99296000E+02      3.627452
  1 S  8.73771000E+01      4.888452
  1 S  2.56789000E+01      4.835721
  1 S  3.74004000E+00      0.538229

  2 S  4.21175000E+01      1.341958
  2 S  9.62837000E+00      3.587114
  2 S  2.85332000E+00     -0.005123

  3 P  4.21175000E+01      5.584018
  3 P  9.62837000E+00      5.733366
  3 P  2.85332000E+00      4.332955

  4 S  9.05661000E-01      0.661659

  5 P  9.05661000E-01      1.259352

  6 S  2.55611000E-01      0.256209

  7 P  2.55611000E-01      0.259068

  8 D  1.29200000E+00      2.577026


  Br (bromine)
  ------------
          Exponent        Coefficients
      ----------------  --------------------
  1 S  4.39700000E+05      9.893706
  1 S  6.60300000E+04     18.450679
  1 S  1.51400000E+04     31.049770
  1 S  4.31700000E+03     48.888138
  1 S  1.41400000E+03     64.847798
  1 S  5.23900000E+02     42.245010

  2 S  5.23900000E+02     14.290679
  2 S  2.07700000E+02     24.083128
  2 S  8.65400000E+01      5.132542

  3 S  3.05200000E+01      9.254405

  4 S  1.29800000E+01      4.873782

  5 S  4.41200000E+00      2.169635

  6 S  1.86200000E+00      1.136043

  7 S  3.93200000E-01      0.353892

  8 S  1.40000000E-01      0.163120

  9 P  2.95700000E+03    691.874478
  9 P  7.00300000E+02    925.332763
  9 P  2.24600000E+02   1068.830732

  10 P  8.25900000E+01    122.079275
  10 P  3.31900000E+01     57.580687
  10 P  1.42000000E+01     10.176170

  11 P  1.42000000E+01      3.129736
  11 P  7.43800000E+00      6.538168
  11 P  3.52600000E+00      4.166276

  12 P  1.59500000E+00      2.555000

  13 P  8.46200000E-01      1.156861

  14 P  3.18600000E-01      0.341191

  15 P  1.09600000E-01      0.089888

  16 D  1.34800000E+02    160.709187
  16 D  3.63900000E+01    119.797406
  16 D  1.21600000E+01     55.531619
  16 D  4.34100000E+00     12.984636

  17 D  1.53500000E+00      3.484168

  18 D  4.51000000E-01      0.408525



Printing Internal Coordinates

------------------------------------------------------------
                Bond Lengths

i      j        Length (Angstroms)     Length (Bohr)
0      1          1.4081426514         2.6610039573
0      3          1.3930260018         2.6324376296
0      4          1.0792738956         2.0395320774
1      2          1.3402035740         2.5326177078
1      5          1.0811102893         2.0430023587
2      7          1.4697902820         2.7775010955
2      12         1.4743528476         2.7861230950
3      6          1.0762066252         2.0337357765
3      10         1.3585295443         2.5672487726
7      8          1.1996142902         2.2669424652
7      9          1.2027037503         2.2727806987
10     11         1.0832518757         2.0470493705
10     12         1.4706509231         2.7791274715
12     13         1.0899382430         2.0596847733
12     14         1.9480912033         3.6813588425

Number of Bonds: 15

------------------------------------------------------------
           Bond Angles

i      j      k      Angle (degrees)
0      1      2        117.4861 
0      1      5        121.0570 
0      3      6        120.6218 
0      3      10       119.1577 
1      0      3        123.5809 
1      0      4        117.5955 
1      2      7        117.4379 
1      2      12       123.7362 
2      1      5        121.4541 
2      7      8        116.4712 
2      7      9        113.8546 
2      12     10       114.3420 
2      12     13       109.7803 
2      12     14       111.5034 
3      0      4        118.8191 
3      10     11       121.3992 
3      10     12       121.6425 
6      3      10       120.2205 
7      2      12       118.6022 
8      7      9        129.6254 
10     12     13       109.7002 
10     12     14       104.7064 
11     10     12       116.9557 
13     12     14       106.4280 

Number of Angles: 24

------------------------------------------------------------
              Torsional Angles

i      j      k      l      Angle (degrees)
3      0      1      2          1.8875 
4      0      1      2       -178.8906 
5      1      0      3       -177.5147 
5      1      0      4          1.7072 
6      3      0      1        179.9815 
6      3      0      4          0.7685 
10     3      0      1          0.0106 
10     3      0      4       -179.2023 
11     10     3      0        178.6519 
11     10     3      6         -1.3191 

Number of Torsional Angles: 10


----------------------------------------------------------------------
                          Center of Mass

         x               y               z              Unit
   0.04317060966   -0.1497222603     0.102904215      Angstrom
   0.08158062895   -0.2829340669    0.1944607836          Bohr

----------------------------------------------------------------------
                Moment of Inertia Tensor

           1867.71          -80.0847          -22.6998
          -80.0847           1921.59          -656.068
          -22.6998          -656.068           2732.48

----------------------------------------------------------------------
                      Principal Moments of Inertia

           x                 y                 z                Unit
       430.1242564       528.4722171         867.68888       amu * ang^2
       1536.001605       1887.208549       3098.573244      amu * bohr^2
  7.1423861882e-38  8.7754936111e-38  1.4408322663e-37          g * cm^2

 - Molecule is an asymmetric top.

----------------------------------------------------------------------

         Rotational constants (MHz)

    A = 1.1750e+03        B = 9.5630e+02        C = 5.8244e+02

----------------------------------------------------------------------

        Rotational constants (cm-1)

    A = 3.9192e-02        B = 3.1899e-02        C = 1.9428e-02

----------------------------------------------------------------------

                                Z-Matrix
C   
C        1        2.661004
C        2       2.5326177     1       117.48612
C        3      5.28670822     2     61.92239266     1         -0.8873
H        4      4.03306040     3     83.29079240     2          1.0244
H        5      4.66038825     4     96.56294924     3         -1.4439
H        6      8.16054502     5     28.76698796     4         -0.3293
N        7     10.09162747     6     28.96695797     5        179.6695
O        8      2.26694247     7    119.36640865     6       -103.8278
O        9      4.10809368     8     25.22194564     7        177.1231
C       10      8.45357454     9     75.05100061     8         13.7910
H       11      2.04704937    10    138.60331462     9         93.0307
C       12      4.13178296    11     36.83742522    10        -25.0911
H       13      2.05968477    12     93.62058747    11        129.5169
Br      14      4.69930661    13     48.71201651    12         91.5348

----------------------------------------------------------------------

             Converted back to Cartesian

C        0.000000      0.000000      0.000000
C        0.000000      0.000000      2.661004
C        0.000000      0.090619      0.130008
C        0.000027     -0.198161      5.408823
H       -0.000053      0.124231      1.388669
H        0.000179     -0.384773      6.021177
H       -0.000294      0.577563     -2.082427
N       -0.004498     -0.700746      7.927910
O        0.003478     -0.332334      5.691119
O       -0.015358     -1.030780      9.739359
C        0.049419      0.594775      1.443800
H        0.019702      0.117853      3.434296
C        0.087544      1.124823     -0.572328
H        0.041511      0.567392      1.409957
Br       0.159098      1.905015     -3.093422

----------------------------------------------------------------------
                       Geometry in bohr 

1     C      -3.3135884274    3.6915613966    1.1813843721
2     C      -0.6532611840    3.7382220479    1.1436510688
3     C       0.5558015854    1.5136662620    1.2042417355
4     C      -4.7287921950    1.4782688466    1.3494981977
5     H      -4.2911416910    5.4796006556    1.0977403640
6     H       0.3691586525    5.5060709049    1.0868467185
7     H      -6.7612293597    1.5474270246    1.3718035050
8     N       3.3302571688    1.5677524555    1.3224924641
9     O       4.4339186616    0.9773461564   -0.5675815695
10    O       4.1514236939    2.2893399414    3.3151111286
11    C      -3.5110517467   -0.7776240815    1.4866898811
12    H      -4.5422536791   -2.5374177031    1.6603565422
13    C      -0.7390590806   -0.9468671744    1.3819858339
14    H      -0.0443400198   -1.9833463342    3.0206980549
15    Br     -0.0416713713   -3.0540189430   -1.5550134399

 Number of nodes, processes per node used for SCF calculation: 1, 4

Common Options
{
  maxiter       = 100
  basis         = 6-311g* spherical
  geom_units    = angstrom
  ang2au factor = 1.889726126
  debug         = false
  file_prefix   = ortho_th72_ph324_qed_ccsd_input
}

SCF Options
{
  charge            = 1
  multiplicity      = 1
  level shift       = 0
  tol_int           = 1e-22
  tol_sch           = 1e-12
  tol_lindep        = 1e-10
  conve             = 1e-07
  convd             = 1e-05
  diis_hist         = 10
  AO_tilesize       = 30
  writem            = 10
  damp              = 100
  n_lindep          = 0
  scf_type          = restricted
  cuscf             = false
  qed_omegas        = [0.06615,]
  qed_lambdas       = [0.1,]
  qed_polvecs       = [[0.7694208843,-0.5590169944,0.3090169944,],]
  direct_df         = false
  restart_size      = 2000
  restart           = false
  debug             = false
}

Number of basis functions = 221

Total number of shells = 105

Total number of electrons = 98
  # of alpha electrons    = 49
  # of beta electons      = 49

Nuclear repulsion energy  = 776.408393655789

# of {all,non-negligible} shell-pairs = {5565,4991}
Number of AO tiles = 105

Time for initial setup: 0.02 secs
HF exch = 1.00

Time for computing 1-e integrals T, V, S: 0.01 secs
Time for computing orthogonalizer: 0.01 secs

Superposition of Atomic Density Guess ...
Time taken for SAD: 0.33 secs
Total Time to compute initial guess: 0.34 secs


 SCF iterations
-----------------------------------------------------------------------------
 Iter     Energy            E-Diff       RMSD        |[F,P]|^2       Time(s)
-----------------------------------------------------------------------------
   1  -3011.9094706373    -3.01e+03     1.67e-02     1.50e+03         0.6 
   2  -3005.7541610247     6.16e+00     6.81e-03     8.45e+00         2.2 
   3  -3005.9744338397    -2.20e-01     2.84e-03     3.86e+00         2.2 
   4  -3006.0855999259    -1.11e-01     1.21e-03     1.58e-01         2.2 
   5  -3006.0947765495    -9.18e-03     3.15e-04     1.43e-02         2.2 
   6  -3006.0956715555    -8.95e-04     2.04e-04     2.28e-03         2.2 
   7  -3006.0959888878    -3.17e-04     9.75e-05     6.17e-04         2.2 
   8  -3006.0960727070    -8.38e-05     5.02e-05     1.53e-04         2.2 
   9  -3006.0960941486    -2.14e-05     2.64e-05     3.66e-05         2.2 
  10  -3006.0960997184    -5.57e-06     1.16e-05     9.29e-06         2.2 
  11  -3006.0961009143    -1.20e-06     6.85e-06     2.10e-06         2.2 
  12  -3006.0961013107    -3.96e-07     3.96e-06     6.09e-07         2.2 
  13  -3006.0961014221    -1.11e-07     2.12e-06     1.17e-07         2.2 
  14  -3006.0961014435    -2.14e-08     5.50e-07     1.42e-08         2.2 

** Total SCF energy = -3006.0961014434633

Nuclear repulsion energy = 776.408393655789155
#electrons        = 98
1e energy kinetic = 3006.2340812637567069
1e energy N-e     = -8706.1189490431679587
1e energy         = -5696.9876995241320401
2e energy         = 1917.1832596470212593
QED energy        = 0.1971130331383515
QED eT energy     = 0.1781129294268141
QED eT energy from matrix = 0.1781129294268504

 Polarizability Matrix (QED energy = 0.5 * lambda.dot(matrix * lambda))
[39.42654865, -0.72596781, -0.99384668]
[-0.72596781, 41.60606259,  2.58648326]
[-0.99384668,  2.58648326, 40.01994631]

 Polarizability Matrix (QED eT energy = 0.5 * lambda.dot(matrix * lambda))
[35.75834411, -0.85149687, -1.13393262]
[-0.85149687, 38.03425777,  3.06774468]
[-1.13393262,  3.06774468, 35.96385896]


                      Electron        Nuclear        Total  
                  ------------------------------------------
    Monopole         -98.000000     99.000000      1.000000

      Dipole   X      -4.428216      0.926529     -3.501687
      Dipole   Y      10.706977     -9.587209      1.119769
      Dipole   Z     -30.274156     31.534365      1.260209

  Quadrupole  XX    -780.390406    739.449339    -40.941066
  Quadrupole  XY     -32.908575     27.010802     -5.897773
  Quadrupole  XZ      -7.412419      2.113415     -5.299004
  Quadrupole  YY    -702.503520    667.808733    -34.694787
  Quadrupole  YZ    -300.200891    300.862273      0.661382
  Quadrupole  ZZ    -313.155534    264.092134    -49.063400

    Octupole XXX     -13.117536    -69.010206    -82.127742
    Octupole XXY   -1105.246222   1104.208161     -1.038061
    Octupole XXZ    -981.579040    966.255045    -15.323995
    Octupole XYY     280.836701   -308.411972    -27.575271
    Octupole XYZ    -139.210323    131.403004     -7.807319
    Octupole XZZ    -253.165912    248.538928     -4.626984
    Octupole YYY     -81.299841     92.035270     10.735428
    Octupole YYZ      -3.575242    -18.881632    -22.456874
    Octupole YZZ     -57.666132     23.858677    -33.807455
    Octupole ZZZ    -387.829922    291.559949    -96.269974

writing orbitals and density to disk ... done.

Total Time taken for Hartree-Fock: 31.33 secs

CD Options
{
  debug             = false
  skip_cd           = [false, 100]
  write_cv          = [false, 5000]
  diagtol           = 1e-06
  itilesize         = 1000
  max_cvecs_factor  = 12
}

- #occupied, #virtual = 98, 344

- Tilesize for the MSO space: 40

-----------------------------------------------------
Begin 2-index transformation ... 

nAO, nMO, nelectrons = 221, 442, 98
n_occ_alpha, n_vir_alpha, n_occ_beta, n_vir_beta = 49,172,49,172

Time taken for Fao->Fmo transform: 0.01 secs

-----------------------------------------------------
Number of AO tiles = 105
# of {all,non-negligible} shell-pairs = {5565,4991}

    Begin Cholesky Decomposition
---------------------------------------------
Total # of mpi ranks used for Cholesky decomposition: 4
  --> Number of nodes, mpi ranks per node: 1, 4
- CPU memory required for computing cholesky vectors: 1.93 GiB

- Time for computing the diagonal: 0.01 secs

- Total number of cholesky vectors = 1640

- Time to compute cholesky vectors: 16.61 secs

- CPU memory required for resizing the ao cholesky tensor: 1.56 GiB
- CPU memory required for ao2mo transformation: 1.69 GiB
- CPU memory required for the 2-step contraction: 2.10 GiB

- Time for ao to mo transform: 1.56 secs

   End Cholesky Decomposition
---------------------------------------------

Total Time taken for Cholesky Decomposition: 21.63 secs

scf_type = restricted
Closed-Shell SCF
QED-HF Enabled
nbf = 203
nbf_orig = 221
n_lindep = 0
focc = 1
nmo = 406
nocc = 62
nvir = 344
n_occ_alpha = 31
n_vir_alpha = 172
n_occ_beta = 31
n_vir_beta = 172
nelectrons = 98
nelectrons_alpha = 49
nelectrons_beta = 49
freeze atomic = true
n_frozen_core = 18
n_frozen_virtual = 0
----------------------------
--------- QED-CCSD --------
lambda_x: 0.0769
lambda_y: -0.0559
lambda_z: 0.0309
omega: 0.066150
coupling_factor_x: 0.013993
coupling_factor_y: -0.010167
coupling_factor_z: 0.005620
----------------------------
# of {all,non-negligible} shell-pairs = {5565,4991}
Number of AO tiles = 105
----------------------------
Electronic dipole expectation value using SCF density: 
dipole_x_elec: -4.42830819
dipole_y_elec: 10.70688792
dipole_z_elec: -30.27415045

d_n/N value: d_n is nuclear dipole moment and N is the total number of electrons 
d_nuc_x: 0.00945437
d_nuc_y: -0.09782866
d_nuc_z: 0.32177924

<d_e+d_n> expectation values: 
dipole_total_x: -3.50177955
dipole_total_y: 1.11967922
dipole_total_z: 1.26021459
----------------------------


 CCSD iterations
------------------------------------------------------------
  Iter     Residuum          Correlation          Time(s)
------------------------------------------------------------
   1     1.1854949169409    0.0000000000000         86.52
   2     0.1740567309844   -1.6476540547013         85.51
   3     0.0714193191896   -1.6277920851761         85.49
   4     0.0266130420497   -1.6997599278146         85.74
   5     0.0260982156215   -1.6916322051342         85.57
 MICROCYCLE DIIS UPDATE:                    6
   6     0.0101134497608   -1.7030733958979         86.31
   7     0.0067791112200   -1.7025089055579         85.51
   8     0.0059025740683   -1.7045605627410         85.81
   9     0.0056898612140   -1.7046347644788         85.65
  10     0.0076066340183   -1.7052347053692         85.62
 MICROCYCLE DIIS UPDATE:                   11
  11     0.0010579650505   -1.7058974088643         85.94
  12     0.0009546010627   -1.7059341948761         85.71
  13     0.0006152694154   -1.7059834224181         85.65
  14     0.0007379975482   -1.7059558488249         85.78
  15     0.0006988930794   -1.7060031834688         85.01
 MICROCYCLE DIIS UPDATE:                   16
  16     0.0001775081907   -1.7059926650874         85.03
  17     0.0001129725213   -1.7060309510818         84.89
  18     0.0001359342139   -1.7060545145410         85.24
  19     0.0001354328271   -1.7060652683098         85.14
  20     0.0001910686198   -1.7060665104908         85.87
 MICROCYCLE DIIS UPDATE:                   21
  21     0.0000247531574   -1.7060808694552         85.71
  22     0.0000269399819   -1.7060786485840         85.11
  23     0.0000156061179   -1.7060796974821         85.14
  24     0.0000209737846   -1.7060783783886         85.37
  25     0.0000166227533   -1.7060799525633         85.26
 MICROCYCLE DIIS UPDATE:                   26
  26     0.0000043017920   -1.7060791858401         84.62
  27     0.0000023726606   -1.7060801698498         84.92
  28     0.0000026128414   -1.7060806751288         84.89
  29     0.0000032196237   -1.7060809776278         85.53
  30     0.0000042493336   -1.7060810393141         84.78
 MICROCYCLE DIIS UPDATE:                   31
  31     0.0000006177259   -1.7060813252014         84.83
------------------------------------------------------------------
 Iterations converged
 CCSD correlation energy / hartree =        -1.706081325201354
 CCSD total energy / hartree       =     -3007.802182768664807

Time taken for spin-orbital canonical QED-CCSD: 2730.42 secs
