
ExaChem Git Information
{
 WARNING: Failed to retrieve the current git state.
}


TAMM Git Information
{
 Branch: main
 Commit Hash: e71357ad [e71357ad54f38748b4a7e175aa6760820d5ce96f]
 Commit Date: 2026-02-02 23:14:56 -0800
 Commit Message: add GitHub Actions workflow for releases
}


date: Fri Aug  7 04:39:21 2026
program: "/global/cfs/cdirs/m3196/heindelj/cavity_qed/software/install_gpu/bin/bin/ExaChem"
nnodes: 1, nproc_per_node: 4, nproc_total: 4, ngpus_per_node: 1, ngpus_total: 1

Memory information
{
[AMD EPYC 7763 64-Core Processor                ] : 
  CPU memory per node (GiB): 251
  Total CPU memory (GiB): 251
[NVIDIA A100-SXM4-40GB, CUDA v12.9] : 
  GPU memory per device (GiB): 39
  GPU memory per node (GiB): 39
  Total GPU memory (GiB): 39
}

------------------------------------------------------------

Input file provided: /global/cfs/cdirs/m4262/heindelj/cavity_qed/mlip/lambda_scans/grid_scans_optimized_geoms/runs_grid_no_freq/meta_th36_ph324/meta_th36_ph324_qed_ccsd_input.json

{
  "geometry": {
    "coordinates": [
      "C    -0.911640560600    2.037692481600    0.725680067100",
      "C     0.487869931000    1.970094331100    0.736786271800",
      "C     1.156962054200    0.742667607100    0.635132718900",
      "C     0.484625239700   -0.421330632600    0.512286463300",
      "C    -1.629828303200    0.886495313400    0.619814036900",
      "H    -1.399868540000    2.998006017300    0.792804840100",
      "H     1.085154457600    2.871001661700    0.830490504100",
      "H     1.017208435800   -1.358064046300    0.411889121000",
      "H    -2.711591657600    0.900507562500    0.617641621000",
      "N     2.641391685800    0.726365879700    0.675583350700",
      "O     3.160040705600   -0.319014787600    0.393016885600",
      "O     3.172965549300    1.761199451900    0.982096083800",
      "C    -0.977385753400   -0.427748850600    0.586007038900",
      "H    -1.213077351400   -0.854609212300    1.574583467100",
      "Br   -1.754659129800   -1.711663674400   -0.622354662200"
    ],
    "units": "angstrom",
    "noorient": true
  },
  "common": {
    "maxiter": 100,
    "debug": false
  },
  "basis": {
    "basisset": "6-311G*"
  },
  "SCF": {
    "charge": 1,
    "multiplicity": 1,
    "lshift": 0,
    "tol_lindep": 1e-10,
    "conve": 1e-07,
    "convd": 1e-05,
    "diis_hist": 10,
    "writem": 10,
    "restart": false,
    "noscf": false,
    "scf_type": "restricted",
    "debug": false,
    "qed_omegas": [
      0.06615
    ],
    "qed_volumes": [],
    "qed_lambdas": [
      0.1
    ],
    "qed_polvecs": [
      [
        0.47552825814757677,
        -0.34549150281252644,
        0.8090169943749475
      ]
    ],
    "direct_df": false
  },
  "CD": {
    "debug": false,
    "diagtol": 1e-06
  },
  "CC": {
    "threshold": 1e-06,
    "ndiis": 5,
    "ccsd_maxiter": 200,
    "tilesize": 40,
    "freeze": {
      "atomic": true
    },
    "readt": false,
    "writet": true,
    "writet_iter": 5,
    "debug": false,
    "profile_ccsd": false,
    "balance_tiles": true
  },
  "TASK": {
    "scf": false,
    "ccsd": true
  }
}

Output folder & files prefix: meta_th36_ph324_qed_ccsd_input.6-311g*

  C (carbon)
  ----------
          Exponent        Coefficients
      ----------------  --------------------
  1 S  4.56324000E+03      0.778202
  1 S  6.82024000E+02      1.448695
  1 S  1.54973000E+02      2.383089
  1 S  4.44553000E+01      3.200089
  1 S  1.30290000E+01      3.013004
  1 S  1.82773000E+00      0.247599

  2 S  2.09642000E+01      0.800629
  2 S  4.80331000E+00      2.127420
  2 S  1.45933000E+00     -0.002868

  3 P  2.09642000E+01      2.573592
  3 P  4.80331000E+00      2.408248
  3 P  1.45933000E+00      1.865281

  4 S  4.83456000E-01      0.413217

  5 P  4.83456000E-01      0.574627

  6 S  1.45585000E-01      0.167976

  7 P  1.45585000E-01      0.128185

  8 D  6.26000000E-01      0.725128


  H (hydrogen)
  ------------
          Exponent        Coefficients
      ----------------  --------------------
  1 S  3.38650000E+01      0.255069
  1 S  5.09479000E+00      0.460109
  1 S  1.15879000E+00      0.678321

  2 S  3.25840000E-01      0.307371

  3 S  1.02741000E-01      0.129336


  N (nitrogen)
  ------------
          Exponent        Coefficients
      ----------------  --------------------
  1 S  6.29348000E+03      0.991968
  1 S  9.49044000E+02      1.823240
  1 S  2.18776000E+02      2.979891
  1 S  6.36916000E+01      4.000007
  1 S  1.88282000E+01      3.881008
  1 S  2.72023000E+00      0.386764

  2 S  3.06331000E+01      1.038501
  2 S  7.02614000E+00      2.834794
  2 S  2.11205000E+00     -0.003208

  3 P  3.06331000E+01      3.935616
  3 P  7.02614000E+00      3.870994
  3 P  2.11205000E+00      2.967271

  4 S  6.84009000E-01      0.536051

  5 P  6.84009000E-01      0.886681

  6 S  2.00878000E-01      0.213850

  7 P  2.00878000E-01      0.191693

  8 D  9.13000000E-01      1.403568


  O (oxygen)
  ----------
          Exponent        Coefficients
      ----------------  --------------------
  1 S  8.58850000E+03      1.205013
  1 S  1.29723000E+03      2.216205
  1 S  2.99296000E+02      3.627452
  1 S  8.73771000E+01      4.888452
  1 S  2.56789000E+01      4.835721
  1 S  3.74004000E+00      0.538229

  2 S  4.21175000E+01      1.341958
  2 S  9.62837000E+00      3.587114
  2 S  2.85332000E+00     -0.005123

  3 P  4.21175000E+01      5.584018
  3 P  9.62837000E+00      5.733366
  3 P  2.85332000E+00      4.332955

  4 S  9.05661000E-01      0.661659

  5 P  9.05661000E-01      1.259352

  6 S  2.55611000E-01      0.256209

  7 P  2.55611000E-01      0.259068

  8 D  1.29200000E+00      2.577026


  Br (bromine)
  ------------
          Exponent        Coefficients
      ----------------  --------------------
  1 S  4.39700000E+05      9.893706
  1 S  6.60300000E+04     18.450679
  1 S  1.51400000E+04     31.049770
  1 S  4.31700000E+03     48.888138
  1 S  1.41400000E+03     64.847798
  1 S  5.23900000E+02     42.245010

  2 S  5.23900000E+02     14.290679
  2 S  2.07700000E+02     24.083128
  2 S  8.65400000E+01      5.132542

  3 S  3.05200000E+01      9.254405

  4 S  1.29800000E+01      4.873782

  5 S  4.41200000E+00      2.169635

  6 S  1.86200000E+00      1.136043

  7 S  3.93200000E-01      0.353892

  8 S  1.40000000E-01      0.163120

  9 P  2.95700000E+03    691.874478
  9 P  7.00300000E+02    925.332763
  9 P  2.24600000E+02   1068.830732

  10 P  8.25900000E+01    122.079275
  10 P  3.31900000E+01     57.580687
  10 P  1.42000000E+01     10.176170

  11 P  1.42000000E+01      3.129736
  11 P  7.43800000E+00      6.538168
  11 P  3.52600000E+00      4.166276

  12 P  1.59500000E+00      2.555000

  13 P  8.46200000E-01      1.156861

  14 P  3.18600000E-01      0.341191

  15 P  1.09600000E-01      0.089888

  16 D  1.34800000E+02    160.709187
  16 D  3.63900000E+01    119.797406
  16 D  1.21600000E+01     55.531619
  16 D  4.34100000E+00     12.984636

  17 D  1.53500000E+00      3.484168

  18 D  4.51000000E-01      0.408525



Printing Internal Coordinates

------------------------------------------------------------
                Bond Lengths

i      j        Length (Angstroms)     Length (Bohr)
0      1          1.4011860954         2.6478579717
0      4          1.3609761828         2.5718722493
0      5          1.0793861134         2.0397441385
1      2          1.4016397814         2.6487153141
1      6          1.0849715698         2.0502991212
2      3          1.3498221722         2.5507942242
2      9          1.4850701435         2.8063758490
3      7          1.0822171573         2.0450940360
3      12         1.4638825297         2.7663370616
4      8          1.0818562832         2.0444120828
4      12         1.4676722783         2.7734986486
9      10         1.2006920307         2.2689790995
9      11         1.2030799433         2.2734916005
12     13         1.1022901851         2.0830265611
12     14         1.9268443573         3.6412081225

Number of Bonds: 15

------------------------------------------------------------
           Bond Angles

i      j      k      Angle (degrees)
0      1      2        121.2294 
0      1      6        120.6954 
0      4      8        121.1216 
0      4      12       121.6442 
1      0      4        119.1356 
1      0      5        119.6175 
1      2      3        121.5997 
1      2      9        118.9991 
2      1      6        118.0743 
2      3      7        120.6459 
2      3      12       119.7789 
2      9      10       115.7801 
2      9      11       116.0497 
3      2      9        119.3992 
3      12     4        116.1810 
3      12     13       105.0943 
3      12     14       111.9759 
4      0      5        121.2450 
4      12     13       103.3593 
4      12     14       115.5815 
7      3      12       119.4965 
8      4      12       117.1329 
10     9      11       128.1695 
13     12     14       102.5996 

Number of Angles: 24

------------------------------------------------------------
              Torsional Angles

i      j      k      l      Angle (degrees)
3      2      1      0          0.5175 
4      0      1      2          0.2866 
5      0      1      2       -179.2192 
6      1      0      4       -179.3617 
6      1      0      5          1.1325 
6      1      2      3       -179.8253 
7      3      2      1        178.5749 
8      4      0      1        179.4056 
8      4      0      5         -1.0968 
12     3      2      1         -4.6694 
13     12     3      2       -105.8934 
13     12     3      7         70.8998 
14     12     3      2        143.4679 
14     12     3      7        -39.7389 

Number of Torsional Angles: 14


----------------------------------------------------------------------
                          Center of Mass

         x               y               z              Unit
   -0.1077264127   -0.2045063577    0.1565303938      Angstrom
   -0.2035734165    -0.386461007    0.2957995746          Bohr

----------------------------------------------------------------------
                Moment of Inertia Tensor

           1807.11          -1130.45          -611.238
          -1130.45           2980.06          -605.005
          -611.238          -605.005           4185.75

----------------------------------------------------------------------
                      Principal Moments of Inertia

           x                 y                 z                Unit
       253.6377101       1013.709934       1245.326676       amu * ang^2
       905.7567062       3620.023893       4447.142295      amu * bohr^2
  4.2117561379e-38  1.6833060961e-37  2.0679150075e-37          g * cm^2

 - Molecule is an asymmetric top.

----------------------------------------------------------------------

         Rotational constants (MHz)

    A = 1.9925e+03        B = 4.9854e+02        C = 4.0582e+02

----------------------------------------------------------------------

        Rotational constants (cm-1)

    A = 6.6463e-02        B = 1.6630e-02        C = 1.3537e-02

----------------------------------------------------------------------

                                Z-Matrix
C   
C        1        2.647858
C        2       2.6487153     1       121.22937
C        3      2.55079422     2    121.59972725     1          0.5175
C        4      4.70267930     3     88.05699404     2         -0.6324
H        5      4.02706125     4    115.62905157     3          1.1673
H        6      4.70268118     5     93.34903950     4         -1.1152
H        7      8.03185637     6     91.90977632     5          1.0712
H        8      8.24740003     7     59.60830918     6         -0.8825
N        9     10.12161609     8     29.51887282     7         -1.0771
O       10      2.26897910     9    117.22371183     8          9.0863
O       11      4.08568780    10     25.94288546     9       -179.6524
C       12      8.89854298    11     61.61172364    10          4.3928
H       13      2.08302656    12    107.03965222    11         90.6681
Br      14      4.57235250    13     51.00271646    12       -146.9341

----------------------------------------------------------------------

             Converted back to Cartesian

C        0.000000      0.000000      0.000000
C        0.000000      0.000000      2.647858
C        0.000000      0.097791      0.000949
C       -0.000015     -0.090719      2.544768
C        0.000057      0.382479     -2.134044
H       -0.000105     -0.163580      1.855824
H        0.000223      0.606305     -2.783410
H       -0.000644     -0.929897      5.100168
H        0.000491      0.794251     -2.964999
N       -0.001021     -1.410624      6.913545
O       -0.000801     -0.837609      4.718113
O        0.000616     -1.900580      8.663102
C       -0.012072      0.575119      0.115891
H       -0.007073     -0.069296      2.096725
Br      -0.016983      1.412602     -2.228814

----------------------------------------------------------------------
                       Geometry in bohr 

1     C      -1.7227509848    3.8506807190    1.3713365818
2     C       0.9219405547    3.7229387280    1.3923242670
3     C       2.1863414205    1.4034383800    1.2002268923
4     C       0.9158089767   -0.7961995041    0.9680811136
5     C      -3.0799291253    1.6752333542    1.1712787787
6     H      -2.6453681529    5.6654102965    1.4981840191
7     H       2.0506447292    5.4254068476    1.5693996029
8     H       1.9222453566   -2.5663691089    0.7783576329
9     H      -5.1241655982    1.7017126674    1.1671735077
10    N       4.9915068774    1.3726325798    1.2766675080
11    O       5.9716114803   -0.6028505787    0.7426942766
12    O       5.9960358951    3.3281846172    1.8558926277
13    C      -1.8469913933   -0.8083281783    1.1073928114
14    H      -2.2923839637   -1.6149773559    2.9755315152
15    Br     -3.3158251996   -3.2345755643   -1.1760798647

 Number of nodes, processes per node used for SCF calculation: 1, 4

Common Options
{
  maxiter       = 100
  basis         = 6-311g* spherical
  geom_units    = angstrom
  ang2au factor = 1.889726126
  debug         = false
  file_prefix   = meta_th36_ph324_qed_ccsd_input
}

SCF Options
{
  charge            = 1
  multiplicity      = 1
  level shift       = 0
  tol_int           = 1e-22
  tol_sch           = 1e-12
  tol_lindep        = 1e-10
  conve             = 1e-07
  convd             = 1e-05
  diis_hist         = 10
  AO_tilesize       = 30
  writem            = 10
  damp              = 100
  n_lindep          = 0
  scf_type          = restricted
  cuscf             = false
  qed_omegas        = [0.06615,]
  qed_lambdas       = [0.1,]
  qed_polvecs       = [[0.4755282581,-0.3454915028,0.8090169944,],]
  direct_df         = false
  restart_size      = 2000
  restart           = false
  debug             = false
}

Number of basis functions = 221

Total number of shells = 105

Total number of electrons = 98
  # of alpha electrons    = 49
  # of beta electons      = 49

Nuclear repulsion energy  = 732.356779041417

# of {all,non-negligible} shell-pairs = {5565,4870}
Number of AO tiles = 105

Time for initial setup: 0.03 secs
HF exch = 1.00

Time for computing 1-e integrals T, V, S: 0.01 secs
Time for computing orthogonalizer: 0.01 secs

Superposition of Atomic Density Guess ...
Time taken for SAD: 0.29 secs
Total Time to compute initial guess: 0.29 secs


 SCF iterations
-----------------------------------------------------------------------------
 Iter     Energy            E-Diff       RMSD        |[F,P]|^2       Time(s)
-----------------------------------------------------------------------------
   1  -3011.7102374601    -3.01e+03     1.70e-02     1.50e+03         0.6 
   2  -3005.8198755332     5.89e+00     6.88e-03     7.77e+00         2.1 
   3  -3006.0265302547    -2.07e-01     2.68e-03     3.33e+00         2.1 
   4  -3006.1221067885    -9.56e-02     1.18e-03     9.50e-02         2.1 
   5  -3006.1283648039    -6.26e-03     2.54e-04     7.40e-03         2.1 
   6  -3006.1288854256    -5.21e-04     1.79e-04     1.51e-03         2.1 
   7  -3006.1290471198    -1.62e-04     7.00e-05     2.28e-04         2.1 
   8  -3006.1290730398    -2.59e-05     2.21e-05     3.33e-05         2.1 
   9  -3006.1290763752    -3.34e-06     9.86e-06     4.13e-06         2.1 
  10  -3006.1290768787    -5.03e-07     3.64e-06     6.35e-07         2.1 
  11  -3006.1290769389    -6.03e-08     1.42e-06     1.16e-07         2.1 

** Total SCF energy = -3006.1290769389307

Nuclear repulsion energy = 732.356779041417326
#electrons        = 98
1e energy kinetic = 3006.1868372798253404
1e energy N-e     = -8618.1059956976259855
1e energy         = -5609.8464920266487752
2e energy         = 1873.2533500347346944
QED energy        = 0.1799524027191257
QED eT energy     = 0.1555824386910894
QED eT energy from matrix = 0.1555824386910801

 Polarizability Matrix (QED energy = 0.5 * lambda.dot(matrix * lambda))
[40.78833519,  1.95646545,  0.49482962]
[ 1.95646545, 44.86442719,  2.72790326]
[ 0.49482962,  2.72790326, 35.44490024]

 Polarizability Matrix (QED eT energy = 0.5 * lambda.dot(matrix * lambda))
[37.10706151,  2.23526223,  0.71644875]
[ 2.23526223, 41.94338146,  3.41577034]
[ 0.71644875,  3.41577034, 30.26961285]


                      Electron        Nuclear        Total  
                  ------------------------------------------
    Monopole         -98.000000     99.000000      1.000000

      Dipole   X       5.135114     -7.214666     -2.079552
      Dipole   Y      20.253822    -18.901280      1.352542
      Dipole   Z     -38.466010     39.815061      1.349051

  Quadrupole  XX   -1362.989020   1312.535220    -50.453800
  Quadrupole  XY    -514.807239    513.207580     -1.599658
  Quadrupole  XZ    -276.757448    274.224424     -2.533024
  Quadrupole  YY    -790.384170    753.028018    -37.356152
  Quadrupole  YZ    -275.822623    278.097607      2.274984
  Quadrupole  ZZ    -206.825973    160.087261    -46.738712

    Octupole XXX   -2831.461108   2701.595638   -129.865470
    Octupole XXY     -85.954805     71.729896    -14.224909
    Octupole XXZ    -778.161323    742.142382    -36.018941
    Octupole XYY     707.538895   -738.763611    -31.224715
    Octupole XYZ     135.220690   -147.736966    -12.516276
    Octupole XZZ     -53.605817     37.388163    -16.217654
    Octupole YYY    -134.133823    142.953005      8.819182
    Octupole YYZ    -165.572631    143.061694    -22.510937
    Octupole YZZ     -80.019664     62.909985    -17.109679
    Octupole ZZZ    -199.177873    112.956045    -86.221828

writing orbitals and density to disk ... done.

Total Time taken for Hartree-Fock: 22.71 secs

CD Options
{
  debug             = false
  skip_cd           = [false, 100]
  write_cv          = [false, 5000]
  diagtol           = 1e-06
  itilesize         = 1000
  max_cvecs_factor  = 12
}

- #occupied, #virtual = 98, 344

- Tilesize for the MSO space: 40

-----------------------------------------------------
Begin 2-index transformation ... 

nAO, nMO, nelectrons = 221, 442, 98
n_occ_alpha, n_vir_alpha, n_occ_beta, n_vir_beta = 49,172,49,172

Time taken for Fao->Fmo transform: 0.00 secs

-----------------------------------------------------
Number of AO tiles = 105
# of {all,non-negligible} shell-pairs = {5565,4870}

    Begin Cholesky Decomposition
---------------------------------------------
Total # of mpi ranks used for Cholesky decomposition: 4
  --> Number of nodes, mpi ranks per node: 1, 4
- CPU memory required for computing cholesky vectors: 1.93 GiB

- Time for computing the diagonal: 0.01 secs

- Total number of cholesky vectors = 1646

- Time to compute cholesky vectors: 15.85 secs

- CPU memory required for resizing the ao cholesky tensor: 1.56 GiB
- CPU memory required for ao2mo transformation: 1.70 GiB
- CPU memory required for the 2-step contraction: 2.11 GiB

- Time for ao to mo transform: 1.60 secs

   End Cholesky Decomposition
---------------------------------------------

Total Time taken for Cholesky Decomposition: 19.41 secs

scf_type = restricted
Closed-Shell SCF
QED-HF Enabled
nbf = 203
nbf_orig = 221
n_lindep = 0
focc = 1
nmo = 406
nocc = 62
nvir = 344
n_occ_alpha = 31
n_vir_alpha = 172
n_occ_beta = 31
n_vir_beta = 172
nelectrons = 98
nelectrons_alpha = 49
nelectrons_beta = 49
freeze atomic = true
n_frozen_core = 18
n_frozen_virtual = 0
----------------------------
--------- QED-CCSD --------
lambda_x: 0.0476
lambda_y: -0.0345
lambda_z: 0.0809
omega: 0.066150
coupling_factor_x: 0.008648
coupling_factor_y: -0.006283
coupling_factor_z: 0.014713
----------------------------
# of {all,non-negligible} shell-pairs = {5565,4870}
Number of AO tiles = 105
----------------------------
Electronic dipole expectation value using SCF density: 
dipole_x_elec: 5.13512688
dipole_y_elec: 20.25356249
dipole_z_elec: -38.46599800

d_n/N value: d_n is nuclear dipole moment and N is the total number of electrons 
d_nuc_x: -0.07361904
d_nuc_y: -0.19287020
d_nuc_z: 0.40627614

<d_e+d_n> expectation values: 
dipole_total_x: -2.07953890
dipole_total_y: 1.35228245
dipole_total_z: 1.34906347
----------------------------


 CCSD iterations
------------------------------------------------------------
  Iter     Residuum          Correlation          Time(s)
------------------------------------------------------------
   1     1.1848763675081    0.0000000000000         88.55
   2     0.1627557251315   -1.6525821376919         86.63
   3     0.0628866697215   -1.6235927847359         86.37
   4     0.0186892421928   -1.6856602873481         86.44
   5     0.0146302646960   -1.6813972131000         86.29
 MICROCYCLE DIIS UPDATE:                    6
   6     0.0069922207322   -1.6897358313523         85.45
   7     0.0044551808292   -1.6897240087144         85.09
   8     0.0028791488607   -1.6908018514611         85.16
   9     0.0020410570658   -1.6910033151936         85.27
  10     0.0018067124087   -1.6912671660308         85.23
 MICROCYCLE DIIS UPDATE:                   11
  11     0.0004154178168   -1.6916683445305         85.02
  12     0.0003052135268   -1.6916989635377         85.07
  13     0.0002206230140   -1.6917255652440         84.98
  14     0.0002080493320   -1.6917093174075         85.51
  15     0.0001881426044   -1.6917206797135         85.38
 MICROCYCLE DIIS UPDATE:                   16
  16     0.0000534686601   -1.6917078926655         85.84
  17     0.0000342463125   -1.6917200948893         85.95
  18     0.0000266608570   -1.6917238659909         85.90
  19     0.0000202136520   -1.6917255677426         85.54
  20     0.0000179080734   -1.6917261201234         85.26
 MICROCYCLE DIIS UPDATE:                   21
  21     0.0000072989723   -1.6917283031420         85.05
  22     0.0000051321352   -1.6917283901478         84.91
  23     0.0000038557933   -1.6917282546325         85.01
  24     0.0000035464967   -1.6917278657187         85.87
  25     0.0000032157333   -1.6917279145939         84.94
 MICROCYCLE DIIS UPDATE:                   26
  26     0.0000011159454   -1.6917273077932         85.08
  27     0.0000006992671   -1.6917276883112         85.27
------------------------------------------------------------------
 Iterations converged
 CCSD correlation energy / hartree =        -1.691727688311186
 CCSD total energy / hartree       =     -3007.820804627242069

Time taken for spin-orbital canonical QED-CCSD: 2367.93 secs
