
ExaChem Git Information
{
 WARNING: Failed to retrieve the current git state.
}


TAMM Git Information
{
 Branch: main
 Commit Hash: e71357ad [e71357ad54f38748b4a7e175aa6760820d5ce96f]
 Commit Date: 2026-02-02 23:14:56 -0800
 Commit Message: add GitHub Actions workflow for releases
}


date: Tue Aug 11 02:39:49 2026
program: "/global/cfs/cdirs/m3196/heindelj/cavity_qed/software/install_gpu/bin/bin/ExaChem"
nnodes: 1, nproc_per_node: 4, nproc_total: 4, ngpus_per_node: 1, ngpus_total: 1

Memory information
{
[AMD EPYC 7763 64-Core Processor                ] : 
  CPU memory per node (GiB): 251
  Total CPU memory (GiB): 251
[NVIDIA A100-SXM4-80GB, CUDA v12.9] : 
  GPU memory per device (GiB): 79
  GPU memory per node (GiB): 79
  Total GPU memory (GiB): 79
}

------------------------------------------------------------

Input file provided: /global/cfs/cdirs/m4262/heindelj/cavity_qed/mlip/lambda_scans/grid_scans_optimized_geoms/runs_grid_no_freq/para_th9_ph72/para_th9_ph72_qed_ccsd_input.json

{
  "geometry": {
    "coordinates": [
      "C    -0.482145765300    1.240208580300    0.544037690700",
      "C     0.874923350900    1.253517062100    0.653732025200",
      "C     1.529882611800    0.023592590900    0.715558850700",
      "H    -1.047258779100    2.163381228800    0.498416490000",
      "H     1.448951951900    2.168512572200    0.687405352400",
      "N     3.024429755700    0.049944080300    0.873181932200",
      "O     3.553673394000   -1.014685382400    1.047044914000",
      "O     3.539824983000    1.133369328600    0.807503817000",
      "C    -0.442829286200   -1.254762615600    0.528120065000",
      "H    -0.979117117700   -2.194121853700    0.471303313900",
      "C     0.913522908800   -1.227012862900    0.647271603500",
      "H     1.515296057000   -2.124143147500    0.686017824300",
      "C    -1.230627872200   -0.019017949100    0.551435759100",
      "H    -1.687011521600   -0.041332296300    1.556478165100",
      "Br   -2.765595424800   -0.009928857600   -0.602068189700"
    ],
    "units": "angstrom",
    "noorient": true
  },
  "common": {
    "maxiter": 100,
    "debug": false
  },
  "basis": {
    "basisset": "6-311G*"
  },
  "SCF": {
    "charge": 1,
    "multiplicity": 1,
    "lshift": 0,
    "tol_lindep": 1e-10,
    "conve": 1e-07,
    "convd": 1e-05,
    "diis_hist": 10,
    "writem": 10,
    "restart": false,
    "noscf": false,
    "scf_type": "restricted",
    "debug": false,
    "qed_omegas": [
      0.06615
    ],
    "qed_volumes": [],
    "qed_lambdas": [
      0.1
    ],
    "qed_polvecs": [
      [
        0.048340908203384936,
        0.14877801734965795,
        0.9876883405951378
      ]
    ],
    "direct_df": false
  },
  "CD": {
    "debug": false,
    "diagtol": 1e-06
  },
  "CC": {
    "threshold": 1e-06,
    "ndiis": 5,
    "ccsd_maxiter": 200,
    "tilesize": 40,
    "freeze": {
      "atomic": true
    },
    "readt": false,
    "writet": true,
    "writet_iter": 5,
    "debug": false,
    "profile_ccsd": false,
    "balance_tiles": true
  },
  "TASK": {
    "scf": false,
    "ccsd": true
  }
}

Output folder & files prefix: para_th9_ph72_qed_ccsd_input.6-311g*

  C (carbon)
  ----------
          Exponent        Coefficients
      ----------------  --------------------
  1 S  4.56324000E+03      0.778202
  1 S  6.82024000E+02      1.448695
  1 S  1.54973000E+02      2.383089
  1 S  4.44553000E+01      3.200089
  1 S  1.30290000E+01      3.013004
  1 S  1.82773000E+00      0.247599

  2 S  2.09642000E+01      0.800629
  2 S  4.80331000E+00      2.127420
  2 S  1.45933000E+00     -0.002868

  3 P  2.09642000E+01      2.573592
  3 P  4.80331000E+00      2.408248
  3 P  1.45933000E+00      1.865281

  4 S  4.83456000E-01      0.413217

  5 P  4.83456000E-01      0.574627

  6 S  1.45585000E-01      0.167976

  7 P  1.45585000E-01      0.128185

  8 D  6.26000000E-01      0.725128


  H (hydrogen)
  ------------
          Exponent        Coefficients
      ----------------  --------------------
  1 S  3.38650000E+01      0.255069
  1 S  5.09479000E+00      0.460109
  1 S  1.15879000E+00      0.678321

  2 S  3.25840000E-01      0.307371

  3 S  1.02741000E-01      0.129336


  N (nitrogen)
  ------------
          Exponent        Coefficients
      ----------------  --------------------
  1 S  6.29348000E+03      0.991968
  1 S  9.49044000E+02      1.823240
  1 S  2.18776000E+02      2.979891
  1 S  6.36916000E+01      4.000007
  1 S  1.88282000E+01      3.881008
  1 S  2.72023000E+00      0.386764

  2 S  3.06331000E+01      1.038501
  2 S  7.02614000E+00      2.834794
  2 S  2.11205000E+00     -0.003208

  3 P  3.06331000E+01      3.935616
  3 P  7.02614000E+00      3.870994
  3 P  2.11205000E+00      2.967271

  4 S  6.84009000E-01      0.536051

  5 P  6.84009000E-01      0.886681

  6 S  2.00878000E-01      0.213850

  7 P  2.00878000E-01      0.191693

  8 D  9.13000000E-01      1.403568


  O (oxygen)
  ----------
          Exponent        Coefficients
      ----------------  --------------------
  1 S  8.58850000E+03      1.205013
  1 S  1.29723000E+03      2.216205
  1 S  2.99296000E+02      3.627452
  1 S  8.73771000E+01      4.888452
  1 S  2.56789000E+01      4.835721
  1 S  3.74004000E+00      0.538229

  2 S  4.21175000E+01      1.341958
  2 S  9.62837000E+00      3.587114
  2 S  2.85332000E+00     -0.005123

  3 P  4.21175000E+01      5.584018
  3 P  9.62837000E+00      5.733366
  3 P  2.85332000E+00      4.332955

  4 S  9.05661000E-01      0.661659

  5 P  9.05661000E-01      1.259352

  6 S  2.55611000E-01      0.256209

  7 P  2.55611000E-01      0.259068

  8 D  1.29200000E+00      2.577026


  Br (bromine)
  ------------
          Exponent        Coefficients
      ----------------  --------------------
  1 S  4.39700000E+05      9.893706
  1 S  6.60300000E+04     18.450679
  1 S  1.51400000E+04     31.049770
  1 S  4.31700000E+03     48.888138
  1 S  1.41400000E+03     64.847798
  1 S  5.23900000E+02     42.245010

  2 S  5.23900000E+02     14.290679
  2 S  2.07700000E+02     24.083128
  2 S  8.65400000E+01      5.132542

  3 S  3.05200000E+01      9.254405

  4 S  1.29800000E+01      4.873782

  5 S  4.41200000E+00      2.169635

  6 S  1.86200000E+00      1.136043

  7 S  3.93200000E-01      0.353892

  8 S  1.40000000E-01      0.163120

  9 P  2.95700000E+03    691.874478
  9 P  7.00300000E+02    925.332763
  9 P  2.24600000E+02   1068.830732

  10 P  8.25900000E+01    122.079275
  10 P  3.31900000E+01     57.580687
  10 P  1.42000000E+01     10.176170

  11 P  1.42000000E+01      3.129736
  11 P  7.43800000E+00      6.538168
  11 P  3.52600000E+00      4.166276

  12 P  1.59500000E+00      2.555000

  13 P  8.46200000E-01      1.156861

  14 P  3.18600000E-01      0.341191

  15 P  1.09600000E-01      0.089888

  16 D  1.34800000E+02    160.709187
  16 D  3.63900000E+01    119.797406
  16 D  1.21600000E+01     55.531619
  16 D  4.34100000E+00     12.984636

  17 D  1.53500000E+00      3.484168

  18 D  4.51000000E-01      0.408525



Printing Internal Coordinates

------------------------------------------------------------
                Bond Lengths

i      j        Length (Angstroms)     Length (Bohr)
0      1          1.3615603361         2.5729761391
0      3          1.0833659360         2.0472649132
0      12         1.4648998765         2.7682595684
1      2          1.3948148245         2.6358180147
1      4          1.0806754884         2.0421807041
2      5          1.5030670651         2.8403851019
2      10         1.3959141925         2.6378955190
5      6          1.2015669178         2.2706323966
5      7          1.2015640323         2.2706269438
8      9          1.0831567567         2.0468696216
8      10         1.3618584415         2.5735394768
8      12         1.4656858853         2.7697449099
10     11         1.0809601931         2.0427187180
12     13         1.1040354176         2.0863245726
12     14         1.9200987889         3.6284608456

Number of Bonds: 15

------------------------------------------------------------
           Bond Angles

i      j      k      Angle (degrees)
0      1      2        117.5790 
0      1      4        122.6979 
0      12     8        116.7458 
0      12     13       103.4846 
0      12     14       113.6630 
1      0      3        120.9954 
1      0      12       121.1482 
1      2      5        117.1354 
1      2      10       125.4850 
2      1      4        119.7220 
2      5      6        115.9512 
2      5      7        115.8860 
2      10     8        117.5353 
2      10     11       119.7345 
3      0      12       117.7869 
5      2      10       117.3793 
6      5      7        128.1628 
8      10     11       122.7297 
8      12     13       102.6872 
8      12     14       115.0949 
9      8      10       121.0225 
9      8      12       117.7684 
10     8      12       121.1145 
13     12     14       102.5047 

Number of Angles: 24

------------------------------------------------------------
              Torsional Angles

i      j      k      l      Angle (degrees)
3      0      1      2        179.5860 
4      1      0      3         -0.8028 
8      10     2      1         -0.9294 
8      12     0      1         -6.7439 
8      12     0      3        176.2578 
9      8      10     2       -179.9447 
9      8      12     0       -176.2982 
10     2      1      0          1.3773 
10     2      1      4       -178.2460 
10     8      12     0          7.2031 
11     10     2      1        178.8439 
11     10     8      9          0.2894 
12     0      1      2          2.6840 
12     0      1      4       -177.7047 
12     8      10     2         -3.5600 
12     8      10     11       176.6740 
13     12     0      1        105.2036 
13     12     0      3        -71.7946 
13     12     8      9         71.2995 
13     12     8      10      -105.1992 
14     12     0      1       -144.4207 
14     12     0      3         38.5810 
14     12     8      9        -39.2186 
14     12     8      10       144.2827 

Number of Torsional Angles: 24


----------------------------------------------------------------------
                          Center of Mass

         x               y               z              Unit
   -0.2562611858  0.009729597352    0.2039305037      Angstrom
   -0.4842634579   0.01838627431    0.3853728007          Bohr

----------------------------------------------------------------------
                Moment of Inertia Tensor

           785.858          -39.6445          -1061.68
          -39.6445           4636.23           4.03973
          -1061.68           4.03973           4780.12

----------------------------------------------------------------------
                      Principal Moments of Inertia

           x                 y                 z                Unit
       145.8547578        1298.24627        1412.80736       amu * ang^2
       520.8567961       4636.121598       5045.226676      amu * bohr^2
  2.4219768876e-38  2.1557901214e-37  2.3460234163e-37          g * cm^2

 - Molecule is an asymmetric top.

----------------------------------------------------------------------

         Rotational constants (MHz)

    A = 3.4649e+03        B = 3.8928e+02        C = 3.5771e+02

----------------------------------------------------------------------

        Rotational constants (cm-1)

    A = 1.1558e-01        B = 1.2985e-02        C = 1.1932e-02

----------------------------------------------------------------------

                                Z-Matrix
C   
C        1       2.5729761
C        2        2.635818     1       117.57895
H        3      6.34326313     2     22.25789932     1         -0.3024
H        4      4.73066474     3     39.72305794     2          0.0436
N        5      5.00152201     4    126.67115620     3         -1.2033
O        6      2.27063240     5    168.98618644     4        -25.8415
O        7      4.08448063     6     25.91857743     5       -155.1044
C        8      8.79134319     7     60.13072403     6         -1.7366
H        9      2.04686962     8    150.71500878     7         -9.3659
C       10      4.03019304     9     33.17703387     8          2.3732
H       11      2.04271872    10     96.92949050     9       -179.7548
C       12      6.54341041    11     18.65981514    10         -3.6409
H       13      2.08632457    12    106.26893273    11       -106.0074
Br      14      4.56033311    13     50.96694274    12       -140.2780

----------------------------------------------------------------------

             Converted back to Cartesian

C        0.000000      0.000000      0.000000
C        0.000000      0.000000      2.572976
C        0.000000      0.094386     -0.061151
H        0.000004     -0.175735      6.276358
H       -0.000005      0.082890      1.552768
N        0.000096     -0.382992      6.532544
O        0.000915     -0.055447      4.285661
O        0.000726     -0.676512      8.322648
C       -0.005200      0.819056     -0.340548
H        0.000139      0.378725      1.658391
C       -0.012116      1.285410     -2.268469
H       -0.000034      0.767578     -0.292513
C       -0.042313      2.462123     -6.612556
H       -0.020182      1.857442     -4.615904
Br      -0.074601      3.246499     -8.959197

----------------------------------------------------------------------
                       Geometry in bohr 

1     C      -0.9111234492    2.3436545558    1.0280822376
2     C       1.6533655144    2.3688039415    1.2353744874
3     C       2.8910591411    0.0445835354    1.3522102548
4     H      -1.9790322755    4.0881980284    0.9418706627
5     H       2.7381223587    4.0978948620    1.2990078535
6     N       5.7153439253    0.0943806334    1.6500747099
7     O       6.7154694556   -1.9174774767    1.9786281290
8     O       6.6892997515    2.1417576306    1.5259610598
9     C      -0.8368260714   -2.3711576965    0.9980022844
10    H      -1.8502631976   -4.1462893904    0.8906341855
11    C       1.7263081074   -2.3187182638    1.2231660597
12    H       2.8634945474   -4.0140488010    1.2963858054
13    C      -2.3255496414   -0.0359387153    1.0420625607
14    H      -3.1879897471   -0.0781067202    2.9413174530
15    Br     -5.2262179279   -0.0187628216   -1.1377439877

 Number of nodes, processes per node used for SCF calculation: 1, 4

Common Options
{
  maxiter       = 100
  basis         = 6-311g* spherical
  geom_units    = angstrom
  ang2au factor = 1.889726126
  debug         = false
  file_prefix   = para_th9_ph72_qed_ccsd_input
}

SCF Options
{
  charge            = 1
  multiplicity      = 1
  level shift       = 0
  tol_int           = 1e-22
  tol_sch           = 1e-12
  tol_lindep        = 1e-10
  conve             = 1e-07
  convd             = 1e-05
  diis_hist         = 10
  AO_tilesize       = 30
  writem            = 10
  damp              = 100
  n_lindep          = 0
  scf_type          = restricted
  cuscf             = false
  qed_omegas        = [0.06615,]
  qed_lambdas       = [0.1,]
  qed_polvecs       = [[0.0483409082,0.1487780173,0.9876883406,],]
  direct_df         = false
  restart_size      = 2000
  restart           = false
  debug             = false
}

Number of basis functions = 221

Total number of shells = 105

Total number of electrons = 98
  # of alpha electrons    = 49
  # of beta electons      = 49

Nuclear repulsion energy  = 722.858909437743

# of {all,non-negligible} shell-pairs = {5565,4844}
Number of AO tiles = 105

Time for initial setup: 0.01 secs
HF exch = 1.00

Time for computing 1-e integrals T, V, S: 0.01 secs
Time for computing orthogonalizer: 0.01 secs

Superposition of Atomic Density Guess ...
Time taken for SAD: 0.28 secs
Total Time to compute initial guess: 0.28 secs


 SCF iterations
-----------------------------------------------------------------------------
 Iter     Energy            E-Diff       RMSD        |[F,P]|^2       Time(s)
-----------------------------------------------------------------------------
   1  -3011.6978417992    -3.01e+03     1.70e-02     1.50e+03         0.6 
   2  -3005.8310778737     5.87e+00     6.73e-03     7.60e+00         2.0 
   3  -3006.0069641959    -1.76e-01     2.75e-03     3.87e+00         2.0 
   4  -3006.1164094129    -1.09e-01     1.17e-03     9.99e-02         2.0 
   5  -3006.1217569566    -5.35e-03     2.55e-04     1.18e-02         2.0 
   6  -3006.1223292982    -5.72e-04     1.74e-04     1.21e-03         2.0 
   7  -3006.1224557155    -1.26e-04     7.96e-05     1.82e-04         2.0 
   8  -3006.1224803385    -2.46e-05     2.76e-05     2.92e-05         2.0 
   9  -3006.1224842728    -3.93e-06     1.07e-05     4.84e-06         2.0 
  10  -3006.1224848889    -6.16e-07     3.70e-06     9.47e-07         2.0 
  11  -3006.1224849669    -7.79e-08     1.71e-06     1.72e-07         2.1 

** Total SCF energy = -3006.1224849668592

Nuclear repulsion energy = 722.858909437743478
#electrons        = 98
1e energy kinetic = 3006.1497734033600864
1e energy N-e     = -8598.9167901864857413
1e energy         = -5591.4988325486219765
2e energy         = 1863.6096194761403240
QED energy        = 0.1760029023854544
QED eT energy     = 0.1501455591195388
QED eT energy from matrix = 0.1501455591195364

 Polarizability Matrix (QED energy = 0.5 * lambda.dot(matrix * lambda))
[43.68130853, -0.03604563,  1.58523091]
[-0.03604563, 43.68641184, -0.57807713]
[ 1.58523091, -0.57807713, 35.00723278]

 Polarizability Matrix (QED eT energy = 0.5 * lambda.dot(matrix * lambda))
[40.44108059, -0.03559033,  2.09911159]
[-0.03559033, 40.44717751, -0.68314341]
[ 2.09911159, -0.68314341, 29.76863906]


                      Electron        Nuclear        Total  
                  ------------------------------------------
    Monopole         -98.000000     99.000000      1.000000

      Dipole   X      22.648888    -23.904333     -1.255445
      Dipole   Y      -1.950478      1.933219     -0.017259
      Dipole   Z     -47.194562     48.408800      1.214239

  Quadrupole  XX   -2112.340564   2062.641314    -49.699250
  Quadrupole  XY     -18.443695     18.215352     -0.228344
  Quadrupole  XZ    -481.163332    479.678157     -1.485175
  Quadrupole  YY    -306.818056    265.638378    -41.179678
  Quadrupole  YZ       1.745741     -1.384753      0.360988
  Quadrupole  ZZ    -223.068462    175.951005    -47.117457

    Octupole XXX   -1379.891476   1245.134032   -134.757444
    Octupole XXY     -79.860628     77.554172     -2.306456
    Octupole XXZ    -814.056591    759.831821    -54.224770
    Octupole XYY    -548.577888    523.622847    -24.955041
    Octupole XYZ      29.033837    -27.052205      1.981632
    Octupole XZZ    -244.783100    222.140450    -22.642650
    Octupole YYY     -29.436931     25.586505     -3.850425
    Octupole YYZ    -362.620351    336.681845    -25.938506
    Octupole YZZ      17.719722    -17.553886      0.165835
    Octupole ZZZ    -255.221999    158.058437    -97.163562

writing orbitals and density to disk ... done.

Total Time taken for Hartree-Fock: 24.54 secs

CD Options
{
  debug             = false
  skip_cd           = [false, 100]
  write_cv          = [false, 5000]
  diagtol           = 1e-06
  itilesize         = 1000
  max_cvecs_factor  = 12
}

- #occupied, #virtual = 98, 344

- Tilesize for the MSO space: 40

-----------------------------------------------------
Begin 2-index transformation ... 

nAO, nMO, nelectrons = 221, 442, 98
n_occ_alpha, n_vir_alpha, n_occ_beta, n_vir_beta = 49,172,49,172

Time taken for Fao->Fmo transform: 0.00 secs

-----------------------------------------------------
Number of AO tiles = 105
# of {all,non-negligible} shell-pairs = {5565,4844}

    Begin Cholesky Decomposition
---------------------------------------------
Total # of mpi ranks used for Cholesky decomposition: 4
  --> Number of nodes, mpi ranks per node: 1, 4
- CPU memory required for computing cholesky vectors: 1.93 GiB

- Time for computing the diagonal: 0.01 secs

- Total number of cholesky vectors = 1647

- Time to compute cholesky vectors: 15.23 secs

- CPU memory required for resizing the ao cholesky tensor: 1.56 GiB
- CPU memory required for ao2mo transformation: 1.70 GiB
- CPU memory required for the 2-step contraction: 2.11 GiB

- Time for ao to mo transform: 1.61 secs

   End Cholesky Decomposition
---------------------------------------------

Total Time taken for Cholesky Decomposition: 19.02 secs

scf_type = restricted
Closed-Shell SCF
QED-HF Enabled
nbf = 203
nbf_orig = 221
n_lindep = 0
focc = 1
nmo = 406
nocc = 62
nvir = 344
n_occ_alpha = 31
n_vir_alpha = 172
n_occ_beta = 31
n_vir_beta = 172
nelectrons = 98
nelectrons_alpha = 49
nelectrons_beta = 49
freeze atomic = true
n_frozen_core = 18
n_frozen_virtual = 0
----------------------------
--------- QED-CCSD --------
lambda_x: 0.0048
lambda_y: 0.0149
lambda_z: 0.0988
omega: 0.066150
coupling_factor_x: 0.000879
coupling_factor_y: 0.002706
coupling_factor_z: 0.017963
----------------------------
# of {all,non-negligible} shell-pairs = {5565,4844}
Number of AO tiles = 105
----------------------------
Electronic dipole expectation value using SCF density: 
dipole_x_elec: 22.64916318
dipole_y_elec: -1.95019893
dipole_z_elec: -47.19446856

d_n/N value: d_n is nuclear dipole moment and N is the total number of electrons 
d_nuc_x: -0.24392177
d_nuc_y: 0.01972672
d_nuc_z: 0.49396735

<d_e+d_n> expectation values: 
dipole_total_x: -1.25516987
dipole_total_y: -0.01697990
dipole_total_z: 1.21433162
----------------------------


 CCSD iterations
------------------------------------------------------------
  Iter     Residuum          Correlation          Time(s)
------------------------------------------------------------
   1     1.1860266577673    0.0000000000000         85.92
   2     0.1655635598353   -1.6897276801118         84.94
   3     0.0650941413807   -1.6285126342249         84.94
   4     0.0189353036491   -1.6974411282697         84.95
   5     0.0138250332138   -1.6888927143630         85.11
 MICROCYCLE DIIS UPDATE:                    6
   6     0.0058126394587   -1.6975485556598         84.70
   7     0.0030848023198   -1.6974716945919         85.77
   8     0.0019678104248   -1.6982361673504         84.79
   9     0.0011540327047   -1.6983085972218         85.59
  10     0.0009795098828   -1.6984966968995         84.83
 MICROCYCLE DIIS UPDATE:                   11
  11     0.0003035506361   -1.6986719779357         84.93
  12     0.0002383649555   -1.6987280160879         84.85
  13     0.0001677944915   -1.6987261923872         85.17
  14     0.0001486746363   -1.6987217089181         84.82
  15     0.0001171495150   -1.6987236038793         84.83
 MICROCYCLE DIIS UPDATE:                   16
  16     0.0000408406030   -1.6987072684405         85.42
  17     0.0000219873574   -1.6987233908070         84.60
  18     0.0000168367602   -1.6987247344396         84.71
  19     0.0000122262673   -1.6987265132670         84.20
  20     0.0000111746649   -1.6987267574251         84.36
 MICROCYCLE DIIS UPDATE:                   21
  21     0.0000055491093   -1.6987274503227         84.13
  22     0.0000043106448   -1.6987279782242         84.58
  23     0.0000030585187   -1.6987279110499         84.71
  24     0.0000028222780   -1.6987277101931         84.59
  25     0.0000021866346   -1.6987277348880         84.87
 MICROCYCLE DIIS UPDATE:                   26
  26     0.0000009390169   -1.6987272553799         85.02
------------------------------------------------------------------
 Iterations converged
 CCSD correlation energy / hartree =        -1.698727255379911
 CCSD total energy / hartree       =     -3007.821212222238955

Time taken for spin-orbital canonical QED-CCSD: 2276.16 secs
