
ExaChem Git Information
{
 WARNING: Failed to retrieve the current git state.
}


TAMM Git Information
{
 Branch: main
 Commit Hash: e71357ad [e71357ad54f38748b4a7e175aa6760820d5ce96f]
 Commit Date: 2026-02-02 23:14:56 -0800
 Commit Message: add GitHub Actions workflow for releases
}


date: Mon Aug 10 20:23:10 2026
program: "/global/cfs/cdirs/m3196/heindelj/cavity_qed/software/install_gpu/bin/bin/ExaChem"
nnodes: 1, nproc_per_node: 4, nproc_total: 4, ngpus_per_node: 1, ngpus_total: 1

Memory information
{
[AMD EPYC 7763 64-Core Processor                ] : 
  CPU memory per node (GiB): 251
  Total CPU memory (GiB): 251
[NVIDIA A100-SXM4-40GB, CUDA v12.9] : 
  GPU memory per device (GiB): 39
  GPU memory per node (GiB): 39
  Total GPU memory (GiB): 39
}

------------------------------------------------------------

Input file provided: /global/cfs/cdirs/m4262/heindelj/cavity_qed/mlip/lambda_scans/grid_scans_optimized_geoms/runs_grid_no_freq/meta_th63_ph252/meta_th63_ph252_qed_ccsd_input.json

{
  "geometry": {
    "coordinates": [
      "C    -0.908884247100    2.028811794100    0.675550599700",
      "C     0.479636146600    1.942288788300    0.783493599400",
      "C     1.155995262800    0.729769792400    0.631721989200",
      "C     0.490380665500   -0.429453972600    0.447406586100",
      "C    -1.630484259300    0.887108214100    0.511013308300",
      "H    -1.397514367100    2.989038653000    0.720671893700",
      "H     1.074125610300    2.826077022900    0.967673580200",
      "H     1.023225633200   -1.363661465100    0.324559925500",
      "H    -2.711294567100    0.912998983900    0.459892183400",
      "N     2.636034605100    0.728570124000    0.663567470300",
      "O     3.186185070800   -0.131843597200    0.032040378500",
      "O     3.131180281800    1.577998393100    1.355149490000",
      "C    -0.971781881700   -0.424500106400    0.571987099400",
      "H    -1.077969576000   -0.632765312400    1.655814243300",
      "Br   -1.870667638300   -1.838838296700   -0.329084623500"
    ],
    "units": "angstrom",
    "noorient": true
  },
  "common": {
    "maxiter": 100,
    "debug": false
  },
  "basis": {
    "basisset": "6-311G*"
  },
  "SCF": {
    "charge": 1,
    "multiplicity": 1,
    "lshift": 0,
    "tol_lindep": 1e-10,
    "conve": 1e-07,
    "convd": 1e-05,
    "diis_hist": 10,
    "writem": 10,
    "restart": false,
    "noscf": false,
    "scf_type": "restricted",
    "debug": false,
    "qed_omegas": [
      0.06615
    ],
    "qed_volumes": [],
    "qed_lambdas": [
      0.1
    ],
    "qed_polvecs": [
      [
        -0.2753361580731585,
        -0.8473975608908426,
        0.45399049973954686
      ]
    ],
    "direct_df": false
  },
  "CD": {
    "debug": false,
    "diagtol": 1e-06
  },
  "CC": {
    "threshold": 1e-06,
    "ndiis": 5,
    "ccsd_maxiter": 200,
    "tilesize": 40,
    "freeze": {
      "atomic": true
    },
    "readt": false,
    "writet": true,
    "writet_iter": 5,
    "debug": false,
    "profile_ccsd": false,
    "balance_tiles": true
  },
  "TASK": {
    "scf": false,
    "ccsd": true
  }
}

Output folder & files prefix: meta_th63_ph252_qed_ccsd_input.6-311g*

  C (carbon)
  ----------
          Exponent        Coefficients
      ----------------  --------------------
  1 S  4.56324000E+03      0.778202
  1 S  6.82024000E+02      1.448695
  1 S  1.54973000E+02      2.383089
  1 S  4.44553000E+01      3.200089
  1 S  1.30290000E+01      3.013004
  1 S  1.82773000E+00      0.247599

  2 S  2.09642000E+01      0.800629
  2 S  4.80331000E+00      2.127420
  2 S  1.45933000E+00     -0.002868

  3 P  2.09642000E+01      2.573592
  3 P  4.80331000E+00      2.408248
  3 P  1.45933000E+00      1.865281

  4 S  4.83456000E-01      0.413217

  5 P  4.83456000E-01      0.574627

  6 S  1.45585000E-01      0.167976

  7 P  1.45585000E-01      0.128185

  8 D  6.26000000E-01      0.725128


  H (hydrogen)
  ------------
          Exponent        Coefficients
      ----------------  --------------------
  1 S  3.38650000E+01      0.255069
  1 S  5.09479000E+00      0.460109
  1 S  1.15879000E+00      0.678321

  2 S  3.25840000E-01      0.307371

  3 S  1.02741000E-01      0.129336


  N (nitrogen)
  ------------
          Exponent        Coefficients
      ----------------  --------------------
  1 S  6.29348000E+03      0.991968
  1 S  9.49044000E+02      1.823240
  1 S  2.18776000E+02      2.979891
  1 S  6.36916000E+01      4.000007
  1 S  1.88282000E+01      3.881008
  1 S  2.72023000E+00      0.386764

  2 S  3.06331000E+01      1.038501
  2 S  7.02614000E+00      2.834794
  2 S  2.11205000E+00     -0.003208

  3 P  3.06331000E+01      3.935616
  3 P  7.02614000E+00      3.870994
  3 P  2.11205000E+00      2.967271

  4 S  6.84009000E-01      0.536051

  5 P  6.84009000E-01      0.886681

  6 S  2.00878000E-01      0.213850

  7 P  2.00878000E-01      0.191693

  8 D  9.13000000E-01      1.403568


  O (oxygen)
  ----------
          Exponent        Coefficients
      ----------------  --------------------
  1 S  8.58850000E+03      1.205013
  1 S  1.29723000E+03      2.216205
  1 S  2.99296000E+02      3.627452
  1 S  8.73771000E+01      4.888452
  1 S  2.56789000E+01      4.835721
  1 S  3.74004000E+00      0.538229

  2 S  4.21175000E+01      1.341958
  2 S  9.62837000E+00      3.587114
  2 S  2.85332000E+00     -0.005123

  3 P  4.21175000E+01      5.584018
  3 P  9.62837000E+00      5.733366
  3 P  2.85332000E+00      4.332955

  4 S  9.05661000E-01      0.661659

  5 P  9.05661000E-01      1.259352

  6 S  2.55611000E-01      0.256209

  7 P  2.55611000E-01      0.259068

  8 D  1.29200000E+00      2.577026


  Br (bromine)
  ------------
          Exponent        Coefficients
      ----------------  --------------------
  1 S  4.39700000E+05      9.893706
  1 S  6.60300000E+04     18.450679
  1 S  1.51400000E+04     31.049770
  1 S  4.31700000E+03     48.888138
  1 S  1.41400000E+03     64.847798
  1 S  5.23900000E+02     42.245010

  2 S  5.23900000E+02     14.290679
  2 S  2.07700000E+02     24.083128
  2 S  8.65400000E+01      5.132542

  3 S  3.05200000E+01      9.254405

  4 S  1.29800000E+01      4.873782

  5 S  4.41200000E+00      2.169635

  6 S  1.86200000E+00      1.136043

  7 S  3.93200000E-01      0.353892

  8 S  1.40000000E-01      0.163120

  9 P  2.95700000E+03    691.874478
  9 P  7.00300000E+02    925.332763
  9 P  2.24600000E+02   1068.830732

  10 P  8.25900000E+01    122.079275
  10 P  3.31900000E+01     57.580687
  10 P  1.42000000E+01     10.176170

  11 P  1.42000000E+01      3.129736
  11 P  7.43800000E+00      6.538168
  11 P  3.52600000E+00      4.166276

  12 P  1.59500000E+00      2.555000

  13 P  8.46200000E-01      1.156861

  14 P  3.18600000E-01      0.341191

  15 P  1.09600000E-01      0.089888

  16 D  1.34800000E+02    160.709187
  16 D  3.63900000E+01    119.797406
  16 D  1.21600000E+01     55.531619
  16 D  4.34100000E+00     12.984636

  17 D  1.53500000E+00      3.484168

  18 D  4.51000000E-01      0.408525



Printing Internal Coordinates

------------------------------------------------------------
                Bond Lengths

i      j        Length (Angstroms)     Length (Bohr)
0      1          1.3953948565         2.6369141162
0      4          1.3606124218         2.5711848408
0      5          1.0783463942         2.0377793539
1      2          1.3966741177         2.6393315697
1      6          1.0809355353         2.0426721214
2      3          1.3493756694         2.5499504562
2      9          1.4803823927         2.7975172838
3      7          1.0824780370         2.0455870273
3      12         1.4674686230         2.7731137959
4      8          1.0823283341         2.0453041298
4      12         1.4689870700         2.7759832448
9      10         1.2007513374         2.2690911730
9      11         1.2020745881         2.2715917545
12     13         1.1087522267         2.0952380500
12     14         1.9027029116         3.5955874019

Number of Bonds: 15

------------------------------------------------------------
           Bond Angles

i      j      k      Angle (degrees)
0      1      2        121.8234 
0      1      6        120.6472 
0      4      8        121.0138 
0      4      12       120.4231 
1      0      4        119.0165 
1      0      5        120.1903 
1      2      3        121.4515 
1      2      9        118.8500 
2      1      6        117.5157 
2      3      7        120.9372 
2      3      12       118.4894 
2      9      10       116.5727 
2      9      11       115.0632 
3      2      9        119.6964 
3      12     4        116.5049 
3      12     13       100.2404 
3      12     14       115.3410 
4      0      5        120.7931 
4      12     13        99.5172 
4      12     14       115.6072 
7      3      12       120.1996 
8      4      12       118.1055 
10     9      11       128.3315 
13     12     14       106.1443 

Number of Angles: 24

------------------------------------------------------------
              Torsional Angles

i      j      k      l      Angle (degrees)
3      2      1      0         -3.7676 
3      12     4      0        -16.1250 
4      0      1      2          4.6721 
4      12     3      2         16.7750 
5      0      1      2       -175.2145 
6      1      0      4       -176.7075 
6      1      0      5          3.4058 
6      1      2      3        177.5708 
7      3      2      1        179.6176 
7      3      12     4       -170.1769 
8      4      0      1        177.7504 
8      4      0      5         -2.3637 
8      4      12     3        171.5583 
12     3      2      1         -7.3876 
12     4      0      1          5.6596 
12     4      0      5       -174.4545 
13     12     3      2        -89.3566 
13     12     3      7         83.6916 
13     12     4      0         90.4360 
13     12     4      8        -81.8807 
14     12     3      2        157.1779 
14     12     3      7        -29.7739 
14     12     4      0       -156.4228 
14     12     4      8         31.2605 

Number of Torsional Angles: 24


----------------------------------------------------------------------
                          Center of Mass

         x               y               z              Unit
   -0.1540992047   -0.2564353774    0.2601431399      Angstrom
   -0.2912052931   -0.4845926322    0.4915992879          Bohr

----------------------------------------------------------------------
                Moment of Inertia Tensor

           1791.18          -1235.46          -501.772
          -1235.46           3003.45          -525.353
          -501.772          -525.353           4350.97

----------------------------------------------------------------------
                      Principal Moments of Inertia

           x                 y                 z                Unit
        245.898108       1045.288919       1269.841624       amu * ang^2
       878.1180855       3732.794496       4534.686763      amu * bohr^2
  4.0832369345e-38  1.7357442703e-37  2.1086230636e-37          g * cm^2

 - Molecule is an asymmetric top.

----------------------------------------------------------------------

         Rotational constants (MHz)

    A = 2.0552e+03        B = 4.8348e+02        C = 3.9799e+02

----------------------------------------------------------------------

        Rotational constants (cm-1)

    A = 6.8555e-02        B = 1.6127e-02        C = 1.3275e-02

----------------------------------------------------------------------

                                Z-Matrix
C   
C        1       2.6369141
C        2       2.6393316     1       121.82339
C        3      2.54995046     2    121.45150273     1         -3.7676
C        4      4.71881295     3     87.85297031     2          1.3580
H        5      4.01598737     4    115.52335268     3          2.2261
H        6      4.70407855     5     93.08897894     4         -4.3359
H        7      8.01076605     6     92.16211086     5          3.6058
H        8      8.26917438     7     59.42526264     6         -2.9845
N        9     10.11831914     8     29.65076926     7          1.5478
O       10      2.26909117     9    117.53196876     8         30.3978
O       11      4.08688080    10     25.84950735     9       -179.9615
C       12      8.75366386    11     64.99581595    10         11.2696
H       13      2.09523805    12     90.04375489    11        119.9380
Br      14      4.63765349    13     48.13579088    12       -148.6199

----------------------------------------------------------------------

             Converted back to Cartesian

C        0.000000      0.000000      0.000000
C        0.000000      0.000000      2.636914
C        0.000000      0.097922     -0.000600
C        0.000108     -0.090871      2.542352
C       -0.000289      0.384296     -2.152477
H        0.000173     -0.160426      1.826397
H       -0.000309      0.609512     -2.814245
H        0.000165     -0.922963      5.048573
H        0.000044      0.805602     -3.037917
N       -0.000076     -1.398786      6.837358
O       -0.000563     -0.825487      4.641885
O        0.002281     -1.889107      8.587934
C       -0.014994      0.555585      0.182589
H       -0.009251     -0.084499      2.177654
Br      -0.020783      1.396867     -2.217031

----------------------------------------------------------------------
                       Geometry in bohr 

1     C      -1.7175423072    3.8338986519    1.2766056176
2     C       0.9063809572    3.6703938673    1.4805883243
3     C       2.1845144495    1.3790650426    1.1937815473
4     C       0.9266851552   -0.8115503919    0.8454759147
5     C      -3.0811687027    1.6763915687    0.9656751994
6     H      -2.6409194108    5.6484644339    1.3618725057
7     H       2.0298032283    5.3405115840    1.8286380459
8     H       1.9336162118   -2.5769466975    0.6133293706
9     H      -5.1236041785    1.7253180328    0.8690702741
10    N       4.9813834621    1.3767979979    1.2539607849
11    O       6.0210171703   -0.2491482902    0.0605475403
12    O       5.9170731834    2.9819847901    2.5608613958
13    C      -1.8364016105   -0.8021889415    1.0808989654
14    H      -2.0370672707   -1.1957531424    3.1290354352
15    Br     -3.5350495090   -3.4749007706   -0.6218798107

 Number of nodes, processes per node used for SCF calculation: 1, 4

Common Options
{
  maxiter       = 100
  basis         = 6-311g* spherical
  geom_units    = angstrom
  ang2au factor = 1.889726126
  debug         = false
  file_prefix   = meta_th63_ph252_qed_ccsd_input
}

SCF Options
{
  charge            = 1
  multiplicity      = 1
  level shift       = 0
  tol_int           = 1e-22
  tol_sch           = 1e-12
  tol_lindep        = 1e-10
  conve             = 1e-07
  convd             = 1e-05
  diis_hist         = 10
  AO_tilesize       = 30
  writem            = 10
  damp              = 100
  n_lindep          = 0
  scf_type          = restricted
  cuscf             = false
  qed_omegas        = [0.06615,]
  qed_lambdas       = [0.1,]
  qed_polvecs       = [[-0.2753361581,-0.8473975609,0.4539904997,],]
  direct_df         = false
  restart_size      = 2000
  restart           = false
  debug             = false
}

Number of basis functions = 221

Total number of shells = 105

Total number of electrons = 98
  # of alpha electrons    = 49
  # of beta electons      = 49

Nuclear repulsion energy  = 730.984677876995

# of {all,non-negligible} shell-pairs = {5565,4854}
Number of AO tiles = 105

Time for initial setup: 0.02 secs
HF exch = 1.00

Time for computing 1-e integrals T, V, S: 0.01 secs
Time for computing orthogonalizer: 0.01 secs

Superposition of Atomic Density Guess ...
Time taken for SAD: 0.29 secs
Total Time to compute initial guess: 0.30 secs


 SCF iterations
-----------------------------------------------------------------------------
 Iter     Energy            E-Diff       RMSD        |[F,P]|^2       Time(s)
-----------------------------------------------------------------------------
   1  -3011.8618044497    -3.01e+03     1.74e-02     1.53e+03         0.6 
   2  -3005.7766330640     6.09e+00     7.42e-03     8.18e+00         2.0 
   3  -3006.0012742121    -2.25e-01     2.94e-03     3.43e+00         2.1 
   4  -3006.1001133064    -9.88e-02     1.39e-03     1.22e-01         2.1 
   5  -3006.1078527626    -7.74e-03     3.28e-04     1.31e-02         2.0 
   6  -3006.1086911244    -8.38e-04     2.48e-04     2.50e-03         2.1 
   7  -3006.1089769767    -2.86e-04     1.21e-04     5.81e-04         2.1 
   8  -3006.1090442611    -6.73e-05     4.62e-05     1.07e-04         2.1 
   9  -3006.1090564365    -1.22e-05     1.79e-05     1.34e-05         2.1 
  10  -3006.1090580687    -1.63e-06     6.94e-06     2.04e-06         2.1 
  11  -3006.1090582499    -1.81e-07     2.74e-06     2.35e-07         2.1 
  12  -3006.1090582736    -2.38e-08     1.06e-06     2.02e-08         2.1 

** Total SCF energy = -3006.1090582736488

Nuclear repulsion energy = 730.984677876995420
#electrons        = 98
1e energy kinetic = 3006.2242343786333549
1e energy N-e     = -8615.3217258944441710
1e energy         = -5605.4208380627687802
2e energy         = 1871.8098555517724435
QED energy        = 0.1938998133951491
QED eT energy     = 0.1732600571453989
QED eT energy from matrix = 0.1732600571453987

 Polarizability Matrix (QED energy = 0.5 * lambda.dot(matrix * lambda))
[41.20041766,  1.07286293,  0.82654476]
[ 1.07286293, 42.56532428,  3.59237474]
[ 0.82654476,  3.59237474, 36.68565736]

 Polarizability Matrix (QED eT energy = 0.5 * lambda.dot(matrix * lambda))
[37.64706823,  1.34700054,  1.08030378]
[ 1.34700054, 39.45595681,  4.48670481]
[ 1.08030378,  4.48670481, 31.82335578]


                      Electron        Nuclear        Total  
                  ------------------------------------------
    Monopole         -98.000000     99.000000      1.000000

      Dipole   X      12.772621    -14.895690     -2.123069
      Dipole   Y      28.815108    -27.503596      1.311512
      Dipole   Z     -55.552675     56.843303      1.290627

  Quadrupole  XX   -1410.173708   1360.038797    -50.134910
  Quadrupole  XY    -565.435367    563.500746     -1.934621
  Quadrupole  XZ    -223.164665    220.763385     -2.401280
  Quadrupole  YY    -820.866834    784.108430    -36.758404
  Quadrupole  YZ    -233.107724    234.569582      1.461858
  Quadrupole  ZZ    -189.714787    141.533053    -48.181734

    Octupole XXX   -2527.894859   2405.605119   -122.289739
    Octupole XXY     213.044895   -225.118500    -12.073605
    Octupole XXZ    -925.019501    881.089109    -43.930392
    Octupole XYY    1118.475341  -1144.332964    -25.857623
    Octupole XYZ    -142.045793    126.483648    -15.562145
    Octupole XZZ    -300.623488    284.060573    -16.562914
    Octupole YYY     264.386301   -246.947939     17.438361
    Octupole YYZ    -341.419818    312.445744    -28.974073
    Octupole YZZ    -253.196093    239.352380    -13.843713
    Octupole ZZZ    -344.314181    238.674634   -105.639547

writing orbitals and density to disk ... done.

Total Time taken for Hartree-Fock: 24.56 secs

CD Options
{
  debug             = false
  skip_cd           = [false, 100]
  write_cv          = [false, 5000]
  diagtol           = 1e-06
  itilesize         = 1000
  max_cvecs_factor  = 12
}

- #occupied, #virtual = 98, 344

- Tilesize for the MSO space: 40

-----------------------------------------------------
Begin 2-index transformation ... 

nAO, nMO, nelectrons = 221, 442, 98
n_occ_alpha, n_vir_alpha, n_occ_beta, n_vir_beta = 49,172,49,172

Time taken for Fao->Fmo transform: 0.00 secs

-----------------------------------------------------
Number of AO tiles = 105
# of {all,non-negligible} shell-pairs = {5565,4854}

    Begin Cholesky Decomposition
---------------------------------------------
Total # of mpi ranks used for Cholesky decomposition: 4
  --> Number of nodes, mpi ranks per node: 1, 4
- CPU memory required for computing cholesky vectors: 1.93 GiB

- Time for computing the diagonal: 0.01 secs

- Total number of cholesky vectors = 1638

- Time to compute cholesky vectors: 18.62 secs

- CPU memory required for resizing the ao cholesky tensor: 1.56 GiB
- CPU memory required for ao2mo transformation: 1.69 GiB
- CPU memory required for the 2-step contraction: 2.10 GiB

- Time for ao to mo transform: 1.58 secs

   End Cholesky Decomposition
---------------------------------------------

Total Time taken for Cholesky Decomposition: 22.03 secs

scf_type = restricted
Closed-Shell SCF
QED-HF Enabled
nbf = 203
nbf_orig = 221
n_lindep = 0
focc = 1
nmo = 406
nocc = 62
nvir = 344
n_occ_alpha = 31
n_vir_alpha = 172
n_occ_beta = 31
n_vir_beta = 172
nelectrons = 98
nelectrons_alpha = 49
nelectrons_beta = 49
freeze atomic = true
n_frozen_core = 18
n_frozen_virtual = 0
----------------------------
--------- QED-CCSD --------
lambda_x: -0.0275
lambda_y: -0.0847
lambda_z: 0.0454
omega: 0.066150
coupling_factor_x: -0.005007
coupling_factor_y: -0.015411
coupling_factor_z: 0.008257
----------------------------
# of {all,non-negligible} shell-pairs = {5565,4854}
Number of AO tiles = 105
----------------------------
Electronic dipole expectation value using SCF density: 
dipole_x_elec: 12.77269254
dipole_y_elec: 28.81519442
dipole_z_elec: -55.55267543

d_n/N value: d_n is nuclear dipole moment and N is the total number of electrons 
d_nuc_x: -0.15199683
d_nuc_y: -0.28064894
d_nuc_z: 0.58003370

<d_e+d_n> expectation values: 
dipole_total_x: -2.12299698
dipole_total_y: 1.31159843
dipole_total_z: 1.29062723
----------------------------


 CCSD iterations
------------------------------------------------------------
  Iter     Residuum          Correlation          Time(s)
------------------------------------------------------------
   1     1.1854412640462    0.0000000000000         86.72
   2     0.1674364926663   -1.6455236066772         86.15
   3     0.0672840979009   -1.6266145502381         85.12
   4     0.0212977381659   -1.6944074785140         85.21
   5     0.0169202779866   -1.6879787024243         85.16
 MICROCYCLE DIIS UPDATE:                    6
   6     0.0075861168252   -1.6981680745862         84.28
   7     0.0049317780884   -1.6980411487667         84.04
   8     0.0032727247048   -1.6993398692334         84.38
   9     0.0023140803990   -1.6995643978949         83.94
  10     0.0022630350264   -1.6998634847273         84.04
 MICROCYCLE DIIS UPDATE:                   11
  11     0.0005323733970   -1.7003504459014         85.15
  12     0.0004004757311   -1.7003487720497         85.06
  13     0.0003029094222   -1.7003993238371         84.77
  14     0.0002965295029   -1.7003715162035         84.70
  15     0.0002921098244   -1.7003927534030         84.85
 MICROCYCLE DIIS UPDATE:                   16
  16     0.0000734339176   -1.7003840541856         84.95
  17     0.0000457650713   -1.7003911527363         85.00
  18     0.0000369642133   -1.7003982370874         84.96
  19     0.0000281768224   -1.7004002008657         84.92
  20     0.0000288644498   -1.7004010390110         84.99
 MICROCYCLE DIIS UPDATE:                   21
  21     0.0000116589643   -1.7004053896547         84.64
  22     0.0000086509160   -1.7004041494843         84.71
  23     0.0000064829504   -1.7004042250236         84.14
  24     0.0000064095446   -1.7004035445842         84.18
  25     0.0000064003617   -1.7004037479386         84.21
 MICROCYCLE DIIS UPDATE:                   26
  26     0.0000019996759   -1.7004030053058         84.47
  27     0.0000012516957   -1.7004033524767         84.10
  28     0.0000009712523   -1.7004035561278         84.13
------------------------------------------------------------------
 Iterations converged
 CCSD correlation energy / hartree =        -1.700403556127826
 CCSD total energy / hartree       =     -3007.809461829776410

Time taken for spin-orbital canonical QED-CCSD: 2430.33 secs
