
ExaChem Git Information
{
 WARNING: Failed to retrieve the current git state.
}


TAMM Git Information
{
 Branch: main
 Commit Hash: e71357ad [e71357ad54f38748b4a7e175aa6760820d5ce96f]
 Commit Date: 2026-02-02 23:14:56 -0800
 Commit Message: add GitHub Actions workflow for releases
}


date: Mon Aug 10 12:10:06 2026
program: "/global/cfs/cdirs/m3196/heindelj/cavity_qed/software/install_gpu/bin/bin/ExaChem"
nnodes: 1, nproc_per_node: 4, nproc_total: 4, ngpus_per_node: 1, ngpus_total: 1

Memory information
{
[AMD EPYC 7763 64-Core Processor                ] : 
  CPU memory per node (GiB): 251
  Total CPU memory (GiB): 251
[NVIDIA A100-SXM4-80GB, CUDA v12.9] : 
  GPU memory per device (GiB): 79
  GPU memory per node (GiB): 79
  Total GPU memory (GiB): 79
}

------------------------------------------------------------

Input file provided: /global/cfs/cdirs/m4262/heindelj/cavity_qed/mlip/lambda_scans/grid_scans_optimized_geoms/runs_grid_no_freq/para_th45_ph126/para_th45_ph126_qed_ccsd_input.json

{
  "geometry": {
    "coordinates": [
      "C    -0.473397630200    1.231808684500    0.659045648300",
      "C     0.879067134100    1.247392649900    0.719108611000",
      "C     1.530201664300    0.011871538600    0.727419587700",
      "H    -1.035195952900    2.153492237000    0.675422413800",
      "H     1.458803395900    2.157998762900    0.737691869100",
      "N     3.015330575600    0.044882486900    0.794215288400",
      "O     3.526417547400   -0.858889696600    1.397780979800",
      "O     3.537419876400    0.982655546100    0.253964217900",
      "C    -0.448547912200   -1.256717080800    0.547532719800",
      "H    -0.988968386400   -2.190899303400    0.463319434300",
      "C     0.905829267600   -1.235653126600    0.668549600500",
      "H     1.501363370200   -2.133768621900    0.693719255500",
      "C    -1.234241276300   -0.020523097200    0.609857772900",
      "H    -1.842637750200   -0.092631070200    1.517592765500",
      "Br   -2.565524654700    0.106500568900   -0.799780523800"
    ],
    "units": "angstrom",
    "noorient": true
  },
  "common": {
    "maxiter": 100,
    "debug": false
  },
  "basis": {
    "basisset": "6-311G*"
  },
  "SCF": {
    "charge": 1,
    "multiplicity": 1,
    "lshift": 0,
    "tol_lindep": 1e-10,
    "conve": 1e-07,
    "convd": 1e-05,
    "diis_hist": 10,
    "writem": 10,
    "restart": false,
    "noscf": false,
    "scf_type": "restricted",
    "debug": false,
    "qed_omegas": [
      0.06615
    ],
    "qed_volumes": [],
    "qed_lambdas": [
      0.1
    ],
    "qed_polvecs": [
      [
        -0.41562693777745335,
        0.5720614028176844,
        0.7071067811865477
      ]
    ],
    "direct_df": false
  },
  "CD": {
    "debug": false,
    "diagtol": 1e-06
  },
  "CC": {
    "threshold": 1e-06,
    "ndiis": 5,
    "ccsd_maxiter": 200,
    "tilesize": 40,
    "freeze": {
      "atomic": true
    },
    "readt": false,
    "writet": true,
    "writet_iter": 5,
    "debug": false,
    "profile_ccsd": false,
    "balance_tiles": true
  },
  "TASK": {
    "scf": false,
    "ccsd": true
  }
}

Output folder & files prefix: para_th45_ph126_qed_ccsd_input.6-311g*

  C (carbon)
  ----------
          Exponent        Coefficients
      ----------------  --------------------
  1 S  4.56324000E+03      0.778202
  1 S  6.82024000E+02      1.448695
  1 S  1.54973000E+02      2.383089
  1 S  4.44553000E+01      3.200089
  1 S  1.30290000E+01      3.013004
  1 S  1.82773000E+00      0.247599

  2 S  2.09642000E+01      0.800629
  2 S  4.80331000E+00      2.127420
  2 S  1.45933000E+00     -0.002868

  3 P  2.09642000E+01      2.573592
  3 P  4.80331000E+00      2.408248
  3 P  1.45933000E+00      1.865281

  4 S  4.83456000E-01      0.413217

  5 P  4.83456000E-01      0.574627

  6 S  1.45585000E-01      0.167976

  7 P  1.45585000E-01      0.128185

  8 D  6.26000000E-01      0.725128


  H (hydrogen)
  ------------
          Exponent        Coefficients
      ----------------  --------------------
  1 S  3.38650000E+01      0.255069
  1 S  5.09479000E+00      0.460109
  1 S  1.15879000E+00      0.678321

  2 S  3.25840000E-01      0.307371

  3 S  1.02741000E-01      0.129336


  N (nitrogen)
  ------------
          Exponent        Coefficients
      ----------------  --------------------
  1 S  6.29348000E+03      0.991968
  1 S  9.49044000E+02      1.823240
  1 S  2.18776000E+02      2.979891
  1 S  6.36916000E+01      4.000007
  1 S  1.88282000E+01      3.881008
  1 S  2.72023000E+00      0.386764

  2 S  3.06331000E+01      1.038501
  2 S  7.02614000E+00      2.834794
  2 S  2.11205000E+00     -0.003208

  3 P  3.06331000E+01      3.935616
  3 P  7.02614000E+00      3.870994
  3 P  2.11205000E+00      2.967271

  4 S  6.84009000E-01      0.536051

  5 P  6.84009000E-01      0.886681

  6 S  2.00878000E-01      0.213850

  7 P  2.00878000E-01      0.191693

  8 D  9.13000000E-01      1.403568


  O (oxygen)
  ----------
          Exponent        Coefficients
      ----------------  --------------------
  1 S  8.58850000E+03      1.205013
  1 S  1.29723000E+03      2.216205
  1 S  2.99296000E+02      3.627452
  1 S  8.73771000E+01      4.888452
  1 S  2.56789000E+01      4.835721
  1 S  3.74004000E+00      0.538229

  2 S  4.21175000E+01      1.341958
  2 S  9.62837000E+00      3.587114
  2 S  2.85332000E+00     -0.005123

  3 P  4.21175000E+01      5.584018
  3 P  9.62837000E+00      5.733366
  3 P  2.85332000E+00      4.332955

  4 S  9.05661000E-01      0.661659

  5 P  9.05661000E-01      1.259352

  6 S  2.55611000E-01      0.256209

  7 P  2.55611000E-01      0.259068

  8 D  1.29200000E+00      2.577026


  Br (bromine)
  ------------
          Exponent        Coefficients
      ----------------  --------------------
  1 S  4.39700000E+05      9.893706
  1 S  6.60300000E+04     18.450679
  1 S  1.51400000E+04     31.049770
  1 S  4.31700000E+03     48.888138
  1 S  1.41400000E+03     64.847798
  1 S  5.23900000E+02     42.245010

  2 S  5.23900000E+02     14.290679
  2 S  2.07700000E+02     24.083128
  2 S  8.65400000E+01      5.132542

  3 S  3.05200000E+01      9.254405

  4 S  1.29800000E+01      4.873782

  5 S  4.41200000E+00      2.169635

  6 S  1.86200000E+00      1.136043

  7 S  3.93200000E-01      0.353892

  8 S  1.40000000E-01      0.163120

  9 P  2.95700000E+03    691.874478
  9 P  7.00300000E+02    925.332763
  9 P  2.24600000E+02   1068.830732

  10 P  8.25900000E+01    122.079275
  10 P  3.31900000E+01     57.580687
  10 P  1.42000000E+01     10.176170

  11 P  1.42000000E+01      3.129736
  11 P  7.43800000E+00      6.538168
  11 P  3.52600000E+00      4.166276

  12 P  1.59500000E+00      2.555000

  13 P  8.46200000E-01      1.156861

  14 P  3.18600000E-01      0.341191

  15 P  1.09600000E-01      0.089888

  16 D  1.34800000E+02    160.709187
  16 D  3.63900000E+01    119.797406
  16 D  1.21600000E+01     55.531619
  16 D  4.34100000E+00     12.984636

  17 D  1.53500000E+00      3.484168

  18 D  4.51000000E-01      0.408525



Printing Internal Coordinates

------------------------------------------------------------
                Bond Lengths

i      j        Length (Angstroms)     Length (Bohr)
0      1          1.3538874983         2.5584765771
0      3          1.0795305113         2.0400170109
0      12         1.4661641765         2.7706487491
1      2          1.3966236663         2.6392362302
1      4          1.0796494634         2.0402417978
2      5          1.4869967288         2.8100165676
2      10         1.3962894956         2.6386047391
5      6          1.2009602809         2.2694860190
5      7          1.2016100731         2.2707139483
8      9          1.0825167857         2.0456602517
8      10         1.3599361458         2.5699068643
8      12         1.4660743636         2.7704790275
10     11         1.0779173539         2.0369685852
12     13         1.0951386424         2.0695121040
12     14         1.9430724569         3.6718747864

Number of Bonds: 15

------------------------------------------------------------
           Bond Angles

i      j      k      Angle (degrees)
0      1      2        117.1172 
0      1      4        123.1529 
0      12     8        116.3302 
0      12     13       108.4649 
0      12     14       108.9077 
1      0      3        120.6214 
1      0      12       121.9858 
1      2      5        116.5042 
1      2      10       125.5679 
2      1      4        119.7152 
2      5      6        115.5247 
2      5      7        115.5358 
2      10     8        117.5762 
2      10     11       119.7613 
3      0      12       117.3685 
5      2      10       117.9261 
6      5      7        128.9292 
8      10     11       122.6428 
8      12     13       106.1076 
8      12     14       113.0454 
9      8      10       121.1630 
9      8      12       117.6082 
10     8      12       121.1234 
13     12     14       103.0030 

Number of Angles: 24

------------------------------------------------------------
              Torsional Angles

i      j      k      l      Angle (degrees)
3      0      1      2        178.4017 
4      1      0      3         -3.0007 
8      10     2      1          2.3501 
8      12     0      1         -3.5653 
8      12     0      3        178.2160 
9      8      10     2        177.9282 
9      8      12     0       -177.1779 
10     2      1      0          0.5332 
10     2      1      4       -178.1149 
10     8      12     0          6.5141 
11     10     2      1       -179.2227 
11     10     8      9         -0.4504 
12     0      1      2          0.2401 
12     0      1      4        178.8376 
12     8      10     2         -5.8954 
12     8      10     11       175.7260 
13     12     0      1        115.8811 
13     12     0      3        -62.3376 
13     12     8      9         62.1090 
13     12     8      10      -114.1990 
14     12     0      1       -132.7040 
14     12     0      3         49.0773 
14     12     8      9        -50.0610 
14     12     8      10       133.6310 

Number of Torsional Angles: 24


----------------------------------------------------------------------
                          Center of Mass

         x               y               z              Unit
    -0.181451029   0.05297298096     0.122805567      Angstrom
     -0.34289275    0.1001044261    0.2320688884          Bohr

----------------------------------------------------------------------
                Moment of Inertia Tensor

           874.794           38.4497          -1092.32
           38.4497           4465.97           71.9074
          -1092.32           71.9074           4452.31

----------------------------------------------------------------------
                      Principal Moments of Inertia

           x                 y                 z                Unit
        158.728012       1247.641535       1335.970421       amu * ang^2
       566.8280215       4455.408806       4770.836985      amu * bohr^2
  2.6357424487e-38  2.0717589234e-37  2.2184325897e-37          g * cm^2

 - Molecule is an asymmetric top.

----------------------------------------------------------------------

         Rotational constants (MHz)

    A = 3.1839e+03        B = 4.0507e+02        C = 3.7829e+02

----------------------------------------------------------------------

        Rotational constants (cm-1)

    A = 1.0620e-01        B = 1.3512e-02        C = 1.2618e-02

----------------------------------------------------------------------

                                Z-Matrix
C   
C        1       2.5584766
C        2       2.6392362     1       117.11718
H        3      6.31590118     2     22.36012829     1         -1.1677
H        4      4.71445219     3     39.95394633     2          0.1078
N        5      4.96074962     4    126.28728272     3         -0.7998
O        6      2.26948602     5    150.33349080     4        -78.7782
O        7      4.09670951     6     25.54279642     5       -115.4938
C        8      8.65752641     7     63.03513547     6         -9.2252
H        9      2.04566025     8    148.34050478     7        -48.7267
C       10      4.02865182     9     33.08321397     8         17.6929
H       11      2.03696859    10     96.88967010     9        179.6180
C       12      6.53429263    11     18.76065933    10         -5.0218
H       13      2.06951210    12    112.28223352    11       -115.1145
Br      14      4.60272964    13     51.01442097    12       -139.4339

----------------------------------------------------------------------

             Converted back to Cartesian

C        0.000000      0.000000      0.000000
C        0.000000      0.000000      2.558477
C        0.000000      0.094137     -0.079080
H        0.000015     -0.174127      6.231121
H       -0.000018      0.083427      1.523709
N        0.000138     -0.377887      6.462963
O        0.002494     -0.063648      4.215339
O       -0.001382     -0.662437      8.268050
C        0.005305      0.767181     -0.270622
H        0.005934      0.338614      1.729642
C        0.003505      1.222256     -2.200906
H        0.003205      0.717035     -0.227586
C        0.005175      2.373846     -6.548341
H        0.005125      1.780960     -4.565574
Br       0.007693      3.167903     -8.954367

----------------------------------------------------------------------
                       Geometry in bohr 

1     C      -0.8945918697    2.3277810532    1.2454157798
2     C       1.6611961297    2.3572304798    1.3589183296
3     C       2.8916620629    0.0224339566    1.3746237994
4     H      -1.9562368376    4.0695105422    1.2763633814
5     H       2.7567388898    4.0780266419    1.3940355979
6     N       5.6981489670    0.0848156081    1.5008493801
7     O       6.6639633702   -1.6230662989    2.6414232358
8     O       6.6847547587    1.8569498582    0.4799228176
9     C      -0.8476327084   -2.3748511005    1.0346868854
10    H      -1.8688793975   -4.1401996529    0.8755468396
11    C       1.7117692326   -2.3350459959    1.2633756465
12    H       2.8371655851   -4.0322383114    1.3109394012
13    C      -2.3323779855   -0.0387830330    1.1524641665
14    H      -3.4820806971   -0.1750473534    2.8678346975
15    Br     -4.8481389666    0.2012569075   -1.5113661508

 Number of nodes, processes per node used for SCF calculation: 1, 4

Common Options
{
  maxiter       = 100
  basis         = 6-311g* spherical
  geom_units    = angstrom
  ang2au factor = 1.889726126
  debug         = false
  file_prefix   = para_th45_ph126_qed_ccsd_input
}

SCF Options
{
  charge            = 1
  multiplicity      = 1
  level shift       = 0
  tol_int           = 1e-22
  tol_sch           = 1e-12
  tol_lindep        = 1e-10
  conve             = 1e-07
  convd             = 1e-05
  diis_hist         = 10
  AO_tilesize       = 30
  writem            = 10
  damp              = 100
  n_lindep          = 0
  scf_type          = restricted
  cuscf             = false
  qed_omegas        = [0.06615,]
  qed_lambdas       = [0.1,]
  qed_polvecs       = [[-0.4156269378,0.5720614028,0.7071067812,],]
  direct_df         = false
  restart_size      = 2000
  restart           = false
  debug             = false
}

Number of basis functions = 221

Total number of shells = 105

Total number of electrons = 98
  # of alpha electrons    = 49
  # of beta electons      = 49

Nuclear repulsion energy  = 727.558553357416

# of {all,non-negligible} shell-pairs = {5565,4856}
Number of AO tiles = 105

Time for initial setup: 0.06 secs
HF exch = 1.00

Time for computing 1-e integrals T, V, S: 0.01 secs
Time for computing orthogonalizer: 0.01 secs

Superposition of Atomic Density Guess ...
Time taken for SAD: 0.75 secs
Total Time to compute initial guess: 0.76 secs


 SCF iterations
-----------------------------------------------------------------------------
 Iter     Energy            E-Diff       RMSD        |[F,P]|^2       Time(s)
-----------------------------------------------------------------------------
   1  -3011.7432274386    -3.01e+03     1.68e-02     1.50e+03         0.6 
   2  -3005.8141166983     5.93e+00     6.99e-03     7.82e+00         2.1 
   3  -3006.0037673772    -1.90e-01     2.81e-03     3.78e+00         2.1 
   4  -3006.1108157759    -1.07e-01     1.17e-03     1.13e-01         2.1 
   5  -3006.1168131099    -6.00e-03     2.48e-04     1.25e-02         2.1 
   6  -3006.1174133660    -6.00e-04     1.55e-04     1.31e-03         2.1 
   7  -3006.1175476246    -1.34e-04     6.94e-05     2.03e-04         2.1 
   8  -3006.1175727510    -2.51e-05     2.29e-05     3.49e-05         2.1 
   9  -3006.1175764477    -3.70e-06     1.06e-05     7.79e-06         2.1 
  10  -3006.1175772083    -7.61e-07     4.44e-06     1.32e-06         2.1 
  11  -3006.1175773353    -1.27e-07     1.84e-06     1.54e-07         2.1 
  12  -3006.1175773546    -1.93e-08     7.54e-07     2.57e-08         2.1 

** Total SCF energy = -3006.1175773545597

Nuclear repulsion energy = 727.558553357415690
#electrons        = 98
1e energy kinetic = 3006.1861297688278682
1e energy N-e     = -8608.2189390079420264
1e energy         = -5600.7943542163939128
2e energy         = 1868.1742171961873282
QED energy        = 0.1824613309508372
QED eT energy     = 0.1592314777537373
QED eT energy from matrix = 0.1592314777537400

 Polarizability Matrix (QED energy = 0.5 * lambda.dot(matrix * lambda))
[43.52642614,  0.32208266,  2.08148174]
[ 0.32208266, 41.82495751, -2.21945279]
[ 2.08148174, -2.21945279, 36.91612932]

 Polarizability Matrix (QED eT energy = 0.5 * lambda.dot(matrix * lambda))
[40.26150007,  0.31640234,  2.52613474]
[ 0.31640234, 38.36592019, -2.62850747]
[ 2.52613474, -2.62850747, 32.19534460]


                      Electron        Nuclear        Total  
                  ------------------------------------------
    Monopole         -98.000000     99.000000      1.000000

      Dipole   X      10.351336    -11.581219     -1.229883
      Dipole   Y      -9.154789      9.061414     -0.093376
      Dipole   Z     -33.595165     34.880526      1.285361

  Quadrupole  XX   -1972.969688   1923.847714    -49.121974
  Quadrupole  XY      17.383125    -17.773477     -0.390352
  Quadrupole  XZ    -499.573319    498.542645     -1.030674
  Quadrupole  YY    -289.588809    249.167712    -40.421096
  Quadrupole  YZ      32.969788    -31.369677      1.600111
  Quadrupole  ZZ    -270.882150    223.350482    -47.531668

    Octupole XXX   -2309.589387   2170.094726   -139.494661
    Octupole XXY    -272.579586    268.357621     -4.221965
    Octupole XXZ    -477.340962    433.354939    -43.986023
    Octupole XYY    -423.974446    399.300361    -24.674085
    Octupole XYZ     135.089044   -125.446310      9.642734
    Octupole XZZ    -132.831442     98.729783    -34.101659
    Octupole YYY     -26.019842     13.503329    -12.516512
    Octupole YYZ    -327.493261    309.725032    -17.768229
    Octupole YZZ      58.223585    -56.624373      1.599212
    Octupole ZZZ    -242.564474    152.615100    -89.949374

writing orbitals and density to disk ... done.

Total Time taken for Hartree-Fock: 25.62 secs

CD Options
{
  debug             = false
  skip_cd           = [false, 100]
  write_cv          = [false, 5000]
  diagtol           = 1e-06
  itilesize         = 1000
  max_cvecs_factor  = 12
}

- #occupied, #virtual = 98, 344

- Tilesize for the MSO space: 40

-----------------------------------------------------
Begin 2-index transformation ... 

nAO, nMO, nelectrons = 221, 442, 98
n_occ_alpha, n_vir_alpha, n_occ_beta, n_vir_beta = 49,172,49,172

Time taken for Fao->Fmo transform: 0.00 secs

-----------------------------------------------------
Number of AO tiles = 105
# of {all,non-negligible} shell-pairs = {5565,4856}

    Begin Cholesky Decomposition
---------------------------------------------
Total # of mpi ranks used for Cholesky decomposition: 4
  --> Number of nodes, mpi ranks per node: 1, 4
- CPU memory required for computing cholesky vectors: 1.93 GiB

- Time for computing the diagonal: 0.01 secs

- Total number of cholesky vectors = 1640

- Time to compute cholesky vectors: 15.14 secs

- CPU memory required for resizing the ao cholesky tensor: 1.56 GiB
- CPU memory required for ao2mo transformation: 1.69 GiB
- CPU memory required for the 2-step contraction: 2.10 GiB

- Time for ao to mo transform: 1.56 secs

   End Cholesky Decomposition
---------------------------------------------

Total Time taken for Cholesky Decomposition: 18.59 secs

scf_type = restricted
Closed-Shell SCF
QED-HF Enabled
nbf = 203
nbf_orig = 221
n_lindep = 0
focc = 1
nmo = 406
nocc = 62
nvir = 344
n_occ_alpha = 31
n_vir_alpha = 172
n_occ_beta = 31
n_vir_beta = 172
nelectrons = 98
nelectrons_alpha = 49
nelectrons_beta = 49
freeze atomic = true
n_frozen_core = 18
n_frozen_virtual = 0
----------------------------
--------- QED-CCSD --------
lambda_x: -0.0416
lambda_y: 0.0572
lambda_z: 0.0707
omega: 0.066150
coupling_factor_x: -0.007559
coupling_factor_y: 0.010404
coupling_factor_z: 0.012860
----------------------------
# of {all,non-negligible} shell-pairs = {5565,4856}
Number of AO tiles = 105
----------------------------
Electronic dipole expectation value using SCF density: 
dipole_x_elec: 10.35140629
dipole_y_elec: -9.15482598
dipole_z_elec: -33.59516583

d_n/N value: d_n is nuclear dipole moment and N is the total number of electrons 
d_nuc_x: -0.11817571
d_nuc_y: 0.09246340
d_nuc_z: 0.35592374

<d_e+d_n> expectation values: 
dipole_total_x: -1.22981303
dipole_total_y: -0.09341246
dipole_total_z: 1.28536054
----------------------------


 CCSD iterations
------------------------------------------------------------
  Iter     Residuum          Correlation          Time(s)
------------------------------------------------------------
   1     1.1854989366815    0.0000000000000         85.98
   2     0.1677850297539   -1.6818646949407         85.08
   3     0.0682543731985   -1.6266845501470         84.78
   4     0.0216629617515   -1.6988703343125         84.52
   5     0.0173817891332   -1.6883077176045         84.71
 MICROCYCLE DIIS UPDATE:                    6
   6     0.0070595343493   -1.6983463417290         83.29
   7     0.0041417002820   -1.6982144835502         82.49
   8     0.0029102627092   -1.6993532490799         82.40
   9     0.0017374552518   -1.6994843253557         82.46
  10     0.0018116475552   -1.6997439842359         82.27
 MICROCYCLE DIIS UPDATE:                   11
  11     0.0004986985577   -1.7000724731970         84.01
  12     0.0004387518966   -1.7001488797186         84.08
  13     0.0002898018271   -1.7001386522807         84.22
  14     0.0002804243058   -1.7001225552076         83.75
  15     0.0001961507238   -1.7001320327010         83.68
 MICROCYCLE DIIS UPDATE:                   16
  16     0.0000786091780   -1.7000974367281         83.81
  17     0.0000506260927   -1.7001309362074         83.98
  18     0.0000396361636   -1.7001336538565         83.90
  19     0.0000323074353   -1.7001387042712         83.73
  20     0.0000296436612   -1.7001386901446         83.92
 MICROCYCLE DIIS UPDATE:                   21
  21     0.0000120254007   -1.7001414312349         84.10
  22     0.0000085984109   -1.7001427197341         83.69
  23     0.0000065723077   -1.7001424595900         83.01
  24     0.0000056246720   -1.7001417404350         82.87
  25     0.0000046117054   -1.7001419260788         83.85
 MICROCYCLE DIIS UPDATE:                   26
  26     0.0000021270900   -1.7001404926945         83.75
  27     0.0000012898910   -1.7001414981447         84.02
  28     0.0000009844927   -1.7001415795295         84.33
------------------------------------------------------------------
 Iterations converged
 CCSD correlation energy / hartree =        -1.700141579529462
 CCSD total energy / hartree       =     -3007.817718934089044

Time taken for spin-orbital canonical QED-CCSD: 2420.98 secs
