
ExaChem Git Information
{
 WARNING: Failed to retrieve the current git state.
}


TAMM Git Information
{
 Branch: main
 Commit Hash: e71357ad [e71357ad54f38748b4a7e175aa6760820d5ce96f]
 Commit Date: 2026-02-02 23:14:56 -0800
 Commit Message: add GitHub Actions workflow for releases
}


date: Thu Aug  6 02:59:35 2026
program: "/global/cfs/cdirs/m3196/heindelj/cavity_qed/software/install_gpu/bin/bin/ExaChem"
nnodes: 1, nproc_per_node: 4, nproc_total: 4, ngpus_per_node: 1, ngpus_total: 1

Memory information
{
[AMD EPYC 7763 64-Core Processor                ] : 
  CPU memory per node (GiB): 251
  Total CPU memory (GiB): 251
[NVIDIA A100-SXM4-40GB, CUDA v12.9] : 
  GPU memory per device (GiB): 39
  GPU memory per node (GiB): 39
  Total GPU memory (GiB): 39
}

------------------------------------------------------------

Input file provided: /global/cfs/cdirs/m4262/heindelj/cavity_qed/mlip/lambda_scans/grid_scans_optimized_geoms/runs_grid_no_freq/meta_th18_ph36/meta_th18_ph36_qed_ccsd_input.json

{
  "geometry": {
    "coordinates": [
      "C    -0.924779127100    2.020598612800    0.770676373800",
      "C     0.472648708000    1.954926549600    0.702909987500",
      "C     1.154176428800    0.729001775100    0.663090677000",
      "C     0.494023429000   -0.447108048500    0.641847759300",
      "C    -1.633822334500    0.860839786100    0.755634835300",
      "H    -1.417977530300    2.981551703200    0.818122985900",
      "H     1.069685628400    2.860388839000    0.687173726600",
      "H     1.031762423900   -1.386726190400    0.587944979200",
      "H    -2.716692612100    0.867275974000    0.779522617400",
      "N     2.641830131000    0.739671404900    0.638852762800",
      "O     3.180620233000   -0.331744260000    0.707691862200",
      "O     3.158527347700    1.821678551200    0.545046595600",
      "C    -0.977133606300   -0.453524819700    0.649174901400",
      "H    -1.321888941000   -1.089914917100    1.470750832700",
      "Br   -1.602813459800   -1.325316022800   -0.946983249500"
    ],
    "units": "angstrom",
    "noorient": true
  },
  "common": {
    "maxiter": 100,
    "debug": false
  },
  "basis": {
    "basisset": "6-311G*"
  },
  "SCF": {
    "charge": 1,
    "multiplicity": 1,
    "lshift": 0,
    "tol_lindep": 1e-10,
    "conve": 1e-07,
    "convd": 1e-05,
    "diis_hist": 10,
    "writem": 10,
    "restart": false,
    "noscf": false,
    "scf_type": "restricted",
    "debug": false,
    "qed_omegas": [
      0.06615
    ],
    "qed_volumes": [],
    "qed_lambdas": [
      0.1
    ],
    "qed_polvecs": [
      [
        0.25,
        0.18163563200134022,
        0.9510565162951536
      ]
    ],
    "direct_df": false
  },
  "CD": {
    "debug": false,
    "diagtol": 1e-06
  },
  "CC": {
    "threshold": 1e-06,
    "ndiis": 5,
    "ccsd_maxiter": 200,
    "tilesize": 40,
    "freeze": {
      "atomic": true
    },
    "readt": false,
    "writet": true,
    "writet_iter": 5,
    "debug": false,
    "profile_ccsd": false,
    "balance_tiles": true
  },
  "TASK": {
    "scf": false,
    "ccsd": true
  }
}

Output folder & files prefix: meta_th18_ph36_qed_ccsd_input.6-311g*

  C (carbon)
  ----------
          Exponent        Coefficients
      ----------------  --------------------
  1 S  4.56324000E+03      0.778202
  1 S  6.82024000E+02      1.448695
  1 S  1.54973000E+02      2.383089
  1 S  4.44553000E+01      3.200089
  1 S  1.30290000E+01      3.013004
  1 S  1.82773000E+00      0.247599

  2 S  2.09642000E+01      0.800629
  2 S  4.80331000E+00      2.127420
  2 S  1.45933000E+00     -0.002868

  3 P  2.09642000E+01      2.573592
  3 P  4.80331000E+00      2.408248
  3 P  1.45933000E+00      1.865281

  4 S  4.83456000E-01      0.413217

  5 P  4.83456000E-01      0.574627

  6 S  1.45585000E-01      0.167976

  7 P  1.45585000E-01      0.128185

  8 D  6.26000000E-01      0.725128


  H (hydrogen)
  ------------
          Exponent        Coefficients
      ----------------  --------------------
  1 S  3.38650000E+01      0.255069
  1 S  5.09479000E+00      0.460109
  1 S  1.15879000E+00      0.678321

  2 S  3.25840000E-01      0.307371

  3 S  1.02741000E-01      0.129336


  N (nitrogen)
  ------------
          Exponent        Coefficients
      ----------------  --------------------
  1 S  6.29348000E+03      0.991968
  1 S  9.49044000E+02      1.823240
  1 S  2.18776000E+02      2.979891
  1 S  6.36916000E+01      4.000007
  1 S  1.88282000E+01      3.881008
  1 S  2.72023000E+00      0.386764

  2 S  3.06331000E+01      1.038501
  2 S  7.02614000E+00      2.834794
  2 S  2.11205000E+00     -0.003208

  3 P  3.06331000E+01      3.935616
  3 P  7.02614000E+00      3.870994
  3 P  2.11205000E+00      2.967271

  4 S  6.84009000E-01      0.536051

  5 P  6.84009000E-01      0.886681

  6 S  2.00878000E-01      0.213850

  7 P  2.00878000E-01      0.191693

  8 D  9.13000000E-01      1.403568


  O (oxygen)
  ----------
          Exponent        Coefficients
      ----------------  --------------------
  1 S  8.58850000E+03      1.205013
  1 S  1.29723000E+03      2.216205
  1 S  2.99296000E+02      3.627452
  1 S  8.73771000E+01      4.888452
  1 S  2.56789000E+01      4.835721
  1 S  3.74004000E+00      0.538229

  2 S  4.21175000E+01      1.341958
  2 S  9.62837000E+00      3.587114
  2 S  2.85332000E+00     -0.005123

  3 P  4.21175000E+01      5.584018
  3 P  9.62837000E+00      5.733366
  3 P  2.85332000E+00      4.332955

  4 S  9.05661000E-01      0.661659

  5 P  9.05661000E-01      1.259352

  6 S  2.55611000E-01      0.256209

  7 P  2.55611000E-01      0.259068

  8 D  1.29200000E+00      2.577026


  Br (bromine)
  ------------
          Exponent        Coefficients
      ----------------  --------------------
  1 S  4.39700000E+05      9.893706
  1 S  6.60300000E+04     18.450679
  1 S  1.51400000E+04     31.049770
  1 S  4.31700000E+03     48.888138
  1 S  1.41400000E+03     64.847798
  1 S  5.23900000E+02     42.245010

  2 S  5.23900000E+02     14.290679
  2 S  2.07700000E+02     24.083128
  2 S  8.65400000E+01      5.132542

  3 S  3.05200000E+01      9.254405

  4 S  1.29800000E+01      4.873782

  5 S  4.41200000E+00      2.169635

  6 S  1.86200000E+00      1.136043

  7 S  3.93200000E-01      0.353892

  8 S  1.40000000E-01      0.163120

  9 P  2.95700000E+03    691.874478
  9 P  7.00300000E+02    925.332763
  9 P  2.24600000E+02   1068.830732

  10 P  8.25900000E+01    122.079275
  10 P  3.31900000E+01     57.580687
  10 P  1.42000000E+01     10.176170

  11 P  1.42000000E+01      3.129736
  11 P  7.43800000E+00      6.538168
  11 P  3.52600000E+00      4.166276

  12 P  1.59500000E+00      2.555000

  13 P  8.46200000E-01      1.156861

  14 P  3.18600000E-01      0.341191

  15 P  1.09600000E-01      0.089888

  16 D  1.34800000E+02    160.709187
  16 D  3.63900000E+01    119.797406
  16 D  1.21600000E+01     55.531619
  16 D  4.34100000E+00     12.984636

  17 D  1.53500000E+00      3.484168

  18 D  4.51000000E-01      0.408525



Printing Internal Coordinates

------------------------------------------------------------
                Bond Lengths

i      j        Length (Angstroms)     Length (Bohr)
0      1          1.4006104588         2.6467701762
0      4          1.3594149675         2.5689219801
0      5          1.0811691301         2.0431135517
1      2          1.4031953408         2.6516548953
1      6          1.0846947367         2.0497759825
2      3          1.3488838207         2.5490209969
2      9          1.4878893961         2.8117034644
3      7          1.0839515621         2.0483715861
3      12         1.4711892755         2.7801448102
4      8          1.0831528464         2.0468622323
4      12         1.4731354725         2.7838225893
9      10         1.2012348324         2.2700048462
9      11         1.2027115512         2.2727954402
12     13         1.0949135161         2.0690866770
12     14         1.9233346104         3.6345756621

Number of Bonds: 15

------------------------------------------------------------
           Bond Angles

i      j      k      Angle (degrees)
0      1      2        121.7983 
0      1      6        120.7125 
0      4      8        121.0730 
0      4      12       121.9699 
1      0      4        118.6761 
1      0      5        119.9294 
1      2      3        121.6349 
1      2      9        118.6735 
2      1      6        117.4875 
2      3      7        120.9177 
2      3      12       119.5459 
2      9      10       116.1760 
2      9      11       115.9294 
3      2      9        119.6912 
3      12     4        116.2466 
3      12     13       108.7316 
3      12     14       108.8533 
4      0      5        121.3877 
4      12     13       108.9046 
4      12     14       108.6253 
7      3      12       119.5081 
8      4      12       116.9078 
10     9      11       127.8932 
13     12     14       104.8822 

Number of Angles: 24

------------------------------------------------------------
              Torsional Angles

i      j      k      l      Angle (degrees)
3      2      1      0          2.3134 
4      0      1      2         -2.0474 
5      0      1      2        178.8876 
6      1      0      4        178.4388 
6      1      0      5         -0.6262 
6      1      2      3       -178.1579 
7      3      2      1        178.5720 
8      4      0      1       -178.3489 
8      4      0      5          0.7019 

Number of Torsional Angles: 9


----------------------------------------------------------------------
                          Center of Mass

         x               y               z              Unit
  -0.04958606067  -0.05658125169   0.03883383697      Angstrom
  -0.09370407433   -0.1069230695   0.07338531628          Bohr

----------------------------------------------------------------------
                Moment of Inertia Tensor

           1669.93          -902.477          -681.892
          -902.477           3006.95          -585.576
          -681.892          -585.576           3753.29

----------------------------------------------------------------------
                      Principal Moments of Inertia

           x                 y                 z                Unit
       263.9884913       950.8166075       1145.883669       amu * ang^2
       942.7200171       3395.427748        4092.02487      amu * bohr^2
  4.3836350218e-38  1.5788691995e-37  1.9027858967e-37          g * cm^2

 - Molecule is an asymmetric top.

----------------------------------------------------------------------

         Rotational constants (MHz)

    A = 1.9144e+03        B = 5.3152e+02        C = 4.4104e+02

----------------------------------------------------------------------

        Rotational constants (cm-1)

    A = 6.3857e-02        B = 1.7730e-02        C = 1.4711e-02

----------------------------------------------------------------------

                                Z-Matrix
C   
C        1       2.6467702
C        2       2.6516549     1       121.79832
C        3      2.54902100     2    121.63492450     1          2.3134
C        4      4.72484540     3     87.68885144     2         -1.2203
H        5      4.02999893     4    115.81109238     3          0.1943
H        6      4.71307551     5     92.92936479     4          1.0151
H        7      8.02839432     6     92.34338323     5         -0.6198
H        8      8.27349267     7     59.46603304     6          0.8357
N        9     10.13249878     8     29.65303083     7         -1.2921
O       10      2.27000485     9    117.90272170     8         -6.9463
O       11      4.08118345    10     26.07062939     9       -179.6666
C       12      8.92204619    11     61.75753351    10         -2.2380
H       13      2.06908668    12    124.92122716    11         59.9284
Br      14      4.62105482    13     49.47670876    12       -142.9086

----------------------------------------------------------------------

             Converted back to Cartesian

C        0.000000      0.000000      0.000000
C        0.000000      0.000000      2.646770
C        0.000000      0.098359     -0.003060
C       -0.000067     -0.090488      2.538956
C        0.000193      0.385278     -2.161875
H       -0.000189     -0.161687      1.830834
H        0.000367      0.609897     -2.818654
H       -0.000723     -0.926680      5.061323
H        0.000456      0.803637     -3.029207
N       -0.000985     -1.404885      6.859673
O       -0.000492     -0.830874      4.663442
O        0.000327     -1.894155      8.603682
C       -0.010181      0.591737      0.034951
H       -0.005094     -0.059897      1.998740
Br      -0.015764      1.461381     -2.364716

----------------------------------------------------------------------
                       Geometry in bohr 

1     C      -1.7475792772    3.8183779886    1.4563672782
2     C       0.8931766119    3.6942757750    1.3283073675
3     C       2.1810773514    1.3776137002    1.2530597762
4     C       0.9335689806   -0.8449117604    1.2129164796
5     C      -3.0874767506    1.6267514340    1.4279428899
6     H      -2.6795891850    5.6343161493    1.5460283807
7     H       2.0214128785    5.4053515193    1.2985701442
8     H       1.9497484082   -2.6205327115    1.1110549878
9     H      -5.1338050051    1.6389140664    1.4730842558
10    N       4.9923354188    1.3977763784    1.2072567565
11    O       6.0105011509   -0.6269057952    1.3373438011
12    O       5.9687516483    3.4424735512    1.0299887915
13    C      -1.8465149043   -0.8570377005    1.2267627715
14    H      -2.4980080674   -2.0596406939    2.7793162733
15    Br     -3.0288784699   -2.5044843134   -1.7895389874

 Number of nodes, processes per node used for SCF calculation: 1, 4

Common Options
{
  maxiter       = 100
  basis         = 6-311g* spherical
  geom_units    = angstrom
  ang2au factor = 1.889726126
  debug         = false
  file_prefix   = meta_th18_ph36_qed_ccsd_input
}

SCF Options
{
  charge            = 1
  multiplicity      = 1
  level shift       = 0
  tol_int           = 1e-22
  tol_sch           = 1e-12
  tol_lindep        = 1e-10
  conve             = 1e-07
  convd             = 1e-05
  diis_hist         = 10
  AO_tilesize       = 30
  writem            = 10
  damp              = 100
  n_lindep          = 0
  scf_type          = restricted
  cuscf             = false
  qed_omegas        = [0.06615,]
  qed_lambdas       = [0.1,]
  qed_polvecs       = [[0.25,0.181635632,0.9510565163,],]
  direct_df         = false
  restart_size      = 2000
  restart           = false
  debug             = false
}

Number of basis functions = 221

Total number of shells = 105

Total number of electrons = 98
  # of alpha electrons    = 49
  # of beta electons      = 49

Nuclear repulsion energy  = 742.069747170219

# of {all,non-negligible} shell-pairs = {5565,4912}
Number of AO tiles = 105

Time for initial setup: 0.02 secs
HF exch = 1.00

Time for computing 1-e integrals T, V, S: 0.01 secs
Time for computing orthogonalizer: 0.01 secs

Superposition of Atomic Density Guess ...
Time taken for SAD: 0.30 secs
Total Time to compute initial guess: 0.30 secs


 SCF iterations
-----------------------------------------------------------------------------
 Iter     Energy            E-Diff       RMSD        |[F,P]|^2       Time(s)
-----------------------------------------------------------------------------
   1  -3011.7124871503    -3.01e+03     1.67e-02     1.50e+03         0.6 
   2  -3005.8224308160     5.89e+00     6.57e-03     7.69e+00         2.1 
   3  -3006.0234343740    -2.01e-01     2.50e-03     3.40e+00         2.1 
   4  -3006.1207660269    -9.73e-02     1.13e-03     9.73e-02         2.1 
   5  -3006.1269053036    -6.14e-03     2.44e-04     7.61e-03         2.1 
   6  -3006.1273958583    -4.91e-04     1.54e-04     1.35e-03         2.1 
   7  -3006.1275323184    -1.36e-04     5.94e-05     2.33e-04         2.1 
   8  -3006.1275548019    -2.25e-05     2.08e-05     3.86e-05         2.1 
   9  -3006.1275581830    -3.38e-06     8.38e-06     5.49e-06         2.1 
  10  -3006.1275587085    -5.25e-07     3.35e-06     9.51e-07         2.1 
  11  -3006.1275587946    -8.61e-08     1.77e-06     1.53e-07         2.1 

** Total SCF energy = -3006.1275587945875

Nuclear repulsion energy = 742.069747170219443
#electrons        = 98
1e energy kinetic = 3006.1945444802004204
1e energy N-e     = -8637.3849741893500322
1e energy         = -5628.0903654391540840
2e energy         = 1882.8100810461596666
QED energy        = 0.1830426981813971
QED eT energy     = 0.1591753878693515
QED eT energy from matrix = 0.1591753878693517

 Polarizability Matrix (QED energy = 0.5 * lambda.dot(matrix * lambda))
[40.94770551,  1.34039927,  0.32688961]
[ 1.34039927, 44.60106322,  0.58626181]
[ 0.32688961,  0.58626181, 35.48681542]

 Polarizability Matrix (QED eT energy = 0.5 * lambda.dot(matrix * lambda))
[37.18697934,  1.52376407,  0.46421819]
[ 1.52376407, 41.56880190,  0.80681189]
[ 0.46421819,  0.80681189, 30.40501417]


                      Electron        Nuclear        Total  
                  ------------------------------------------
    Monopole         -98.000000     99.000000      1.000000

      Dipole   X      -4.503510      2.386895     -2.116615
      Dipole   Y      -4.290284      5.540851      1.250567
      Dipole   Z     -18.956165     20.395787      1.439622

  Quadrupole  XX   -1302.292539   1251.773809    -50.518730
  Quadrupole  XY    -410.397994    408.449574     -1.948420
  Quadrupole  XZ    -309.030176    306.525716     -2.504459
  Quadrupole  YY    -649.545677    611.240964    -38.304713
  Quadrupole  YZ    -271.602237    274.491045      2.888808
  Quadrupole  ZZ    -268.845140    223.112650    -45.732490

    Octupole XXX   -3147.363398   3007.220836   -140.142562
    Octupole XXY    -543.028556    520.624899    -22.403657
    Octupole XXZ    -599.444297    574.791817    -24.652480
    Octupole XYY     124.318318   -156.970250    -32.651932
    Octupole XYZ     340.622338   -346.630147     -6.007809
    Octupole XZZ     200.077479   -221.373687    -21.296207
    Octupole YYY    -794.353712    778.814051    -15.539661
    Octupole YYZ    -130.192302    119.610042    -10.582260
    Octupole YZZ     107.826428   -133.830725    -26.004297
    Octupole ZZZ     -26.190749    -44.812517    -71.003267

writing orbitals and density to disk ... done.

Total Time taken for Hartree-Fock: 25.63 secs

CD Options
{
  debug             = false
  skip_cd           = [false, 100]
  write_cv          = [false, 5000]
  diagtol           = 1e-06
  itilesize         = 1000
  max_cvecs_factor  = 12
}

- #occupied, #virtual = 98, 344

- Tilesize for the MSO space: 40

-----------------------------------------------------
Begin 2-index transformation ... 

nAO, nMO, nelectrons = 221, 442, 98
n_occ_alpha, n_vir_alpha, n_occ_beta, n_vir_beta = 49,172,49,172

Time taken for Fao->Fmo transform: 0.00 secs

-----------------------------------------------------
Number of AO tiles = 105
# of {all,non-negligible} shell-pairs = {5565,4912}

    Begin Cholesky Decomposition
---------------------------------------------
Total # of mpi ranks used for Cholesky decomposition: 4
  --> Number of nodes, mpi ranks per node: 1, 4
- CPU memory required for computing cholesky vectors: 1.93 GiB

- Time for computing the diagonal: 0.01 secs

- Total number of cholesky vectors = 1648

- Time to compute cholesky vectors: 14.14 secs

- CPU memory required for resizing the ao cholesky tensor: 1.57 GiB
- CPU memory required for ao2mo transformation: 1.70 GiB
- CPU memory required for the 2-step contraction: 2.11 GiB

- Time for ao to mo transform: 1.57 secs

   End Cholesky Decomposition
---------------------------------------------

Total Time taken for Cholesky Decomposition: 17.46 secs

scf_type = restricted
Closed-Shell SCF
QED-HF Enabled
nbf = 203
nbf_orig = 221
n_lindep = 0
focc = 1
nmo = 406
nocc = 62
nvir = 344
n_occ_alpha = 31
n_vir_alpha = 172
n_occ_beta = 31
n_vir_beta = 172
nelectrons = 98
nelectrons_alpha = 49
nelectrons_beta = 49
freeze atomic = true
n_frozen_core = 18
n_frozen_virtual = 0
----------------------------
--------- QED-CCSD --------
lambda_x: 0.0250
lambda_y: 0.0182
lambda_z: 0.0951
omega: 0.066150
coupling_factor_x: 0.004547
coupling_factor_y: 0.003303
coupling_factor_z: 0.017296
----------------------------
# of {all,non-negligible} shell-pairs = {5565,4912}
Number of AO tiles = 105
----------------------------
Electronic dipole expectation value using SCF density: 
dipole_x_elec: -4.50340301
dipole_y_elec: -4.29020955
dipole_z_elec: -18.95602538

d_n/N value: d_n is nuclear dipole moment and N is the total number of electrons 
d_nuc_x: 0.02435607
d_nuc_y: 0.05653929
d_nuc_z: 0.20812027

<d_e+d_n> expectation values: 
dipole_total_x: -2.11650803
dipole_total_y: 1.25064113
dipole_total_z: 1.43976152
----------------------------


 CCSD iterations
------------------------------------------------------------
  Iter     Residuum          Correlation          Time(s)
------------------------------------------------------------
   1     1.1851414684791    0.0000000000000         84.75
   2     0.1627386904959   -1.6500773140258         83.66
   3     0.0634218527891   -1.6249982199786         83.81
   4     0.0194070254431   -1.6878707093788         84.65
   5     0.0154448200269   -1.6833406105729         84.47
 MICROCYCLE DIIS UPDATE:                    6
   6     0.0070760111819   -1.6919340887681         84.69
   7     0.0048456279478   -1.6917057120935         84.30
   8     0.0028800068002   -1.6929175891967         84.43
   9     0.0021882646833   -1.6931314621405         84.43
  10     0.0018479916404   -1.6933821007937         84.32
 MICROCYCLE DIIS UPDATE:                   11
  11     0.0003935873195   -1.6938037284236         84.80
  12     0.0002605931387   -1.6938233626803         84.28
  13     0.0002042417472   -1.6938489815743         83.85
  14     0.0001997212791   -1.6938309631263         83.72
  15     0.0002150162548   -1.6938430156131         83.63
 MICROCYCLE DIIS UPDATE:                   16
  16     0.0000419082149   -1.6938352938696         83.86
  17     0.0000270491304   -1.6938396298168         83.97
  18     0.0000215404931   -1.6938427373948         84.02
  19     0.0000172053709   -1.6938444621527         83.68
  20     0.0000160223205   -1.6938449028141         83.06
 MICROCYCLE DIIS UPDATE:                   21
  21     0.0000067567478   -1.6938482027204         83.53
  22     0.0000042958329   -1.6938471925829         83.69
  23     0.0000034596303   -1.6938471425914         83.73
  24     0.0000031741909   -1.6938466602793         83.39
  25     0.0000031644274   -1.6938467250240         83.63
 MICROCYCLE DIIS UPDATE:                   26
  26     0.0000010610855   -1.6938461631874         83.60
  27     0.0000006598677   -1.6938463788574         83.52
------------------------------------------------------------------
 Iterations converged
 CCSD correlation energy / hartree =        -1.693846378857387
 CCSD total energy / hartree       =     -3007.821405173444873

Time taken for spin-orbital canonical QED-CCSD: 2322.30 secs
