
ExaChem Git Information
{
 WARNING: Failed to retrieve the current git state.
}


TAMM Git Information
{
 Branch: main
 Commit Hash: e71357ad [e71357ad54f38748b4a7e175aa6760820d5ce96f]
 Commit Date: 2026-02-02 23:14:56 -0800
 Commit Message: add GitHub Actions workflow for releases
}


date: Mon Aug 10 06:19:17 2026
program: "/global/cfs/cdirs/m3196/heindelj/cavity_qed/software/install_gpu/bin/bin/ExaChem"
nnodes: 1, nproc_per_node: 4, nproc_total: 4, ngpus_per_node: 1, ngpus_total: 1

Memory information
{
[AMD EPYC 7763 64-Core Processor                ] : 
  CPU memory per node (GiB): 251
  Total CPU memory (GiB): 251
[NVIDIA A100-SXM4-80GB, CUDA v12.9] : 
  GPU memory per device (GiB): 79
  GPU memory per node (GiB): 79
  Total GPU memory (GiB): 79
}

------------------------------------------------------------

Input file provided: /global/cfs/cdirs/m4262/heindelj/cavity_qed/mlip/lambda_scans/grid_scans_optimized_geoms/runs_grid_no_freq/para_th81_ph90/para_th81_ph90_qed_ccsd_input.json

{
  "geometry": {
    "coordinates": [
      "C    -0.478455998900    1.223056564600    0.839494769500",
      "C     0.872942257100    1.239966795600    0.847080455800",
      "C     1.537062132800    0.012558520800    0.715880206700",
      "H    -1.043196202700    2.135733252100    0.938746458700",
      "H     1.443951795200    2.146628895900    0.945958346300",
      "N     2.997849352900    0.029601240600    0.712332737100",
      "O     3.506776063800   -0.156576999500    1.781963785100",
      "O     3.497679023700    0.227477833500   -0.359241935200",
      "C    -0.451194527500   -1.241139979700    0.569104923800",
      "H    -0.994898030400   -2.166108404000    0.466225102100",
      "C     0.899883535600   -1.230737634500    0.588389069300",
      "H     1.491654773500   -2.125918272900    0.506639992000",
      "C    -1.246557519200   -0.013901078700    0.671607669000",
      "H    -2.016755112900   -0.109194949400    1.441813134200",
      "Br   -2.250822293000    0.176074693300   -1.000555096400"
    ],
    "units": "angstrom",
    "noorient": true
  },
  "common": {
    "maxiter": 100,
    "debug": false
  },
  "basis": {
    "basisset": "6-311G*"
  },
  "SCF": {
    "charge": 1,
    "multiplicity": 1,
    "lshift": 0,
    "tol_lindep": 1e-10,
    "conve": 1e-07,
    "convd": 1e-05,
    "diis_hist": 10,
    "writem": 10,
    "restart": false,
    "noscf": false,
    "scf_type": "restricted",
    "debug": false,
    "qed_omegas": [
      0.06615
    ],
    "qed_volumes": [],
    "qed_lambdas": [
      0.1
    ],
    "qed_polvecs": [
      [
        6.047846824324981e-17,
        0.9876883405951378,
        0.15643446504023092
      ]
    ],
    "direct_df": false
  },
  "CD": {
    "debug": false,
    "diagtol": 1e-06
  },
  "CC": {
    "threshold": 1e-06,
    "ndiis": 5,
    "ccsd_maxiter": 200,
    "tilesize": 40,
    "freeze": {
      "atomic": true
    },
    "readt": false,
    "writet": true,
    "writet_iter": 5,
    "debug": false,
    "profile_ccsd": false,
    "balance_tiles": true
  },
  "TASK": {
    "scf": false,
    "ccsd": true
  }
}

Output folder & files prefix: para_th81_ph90_qed_ccsd_input.6-311g*

  C (carbon)
  ----------
          Exponent        Coefficients
      ----------------  --------------------
  1 S  4.56324000E+03      0.778202
  1 S  6.82024000E+02      1.448695
  1 S  1.54973000E+02      2.383089
  1 S  4.44553000E+01      3.200089
  1 S  1.30290000E+01      3.013004
  1 S  1.82773000E+00      0.247599

  2 S  2.09642000E+01      0.800629
  2 S  4.80331000E+00      2.127420
  2 S  1.45933000E+00     -0.002868

  3 P  2.09642000E+01      2.573592
  3 P  4.80331000E+00      2.408248
  3 P  1.45933000E+00      1.865281

  4 S  4.83456000E-01      0.413217

  5 P  4.83456000E-01      0.574627

  6 S  1.45585000E-01      0.167976

  7 P  1.45585000E-01      0.128185

  8 D  6.26000000E-01      0.725128


  H (hydrogen)
  ------------
          Exponent        Coefficients
      ----------------  --------------------
  1 S  3.38650000E+01      0.255069
  1 S  5.09479000E+00      0.460109
  1 S  1.15879000E+00      0.678321

  2 S  3.25840000E-01      0.307371

  3 S  1.02741000E-01      0.129336


  N (nitrogen)
  ------------
          Exponent        Coefficients
      ----------------  --------------------
  1 S  6.29348000E+03      0.991968
  1 S  9.49044000E+02      1.823240
  1 S  2.18776000E+02      2.979891
  1 S  6.36916000E+01      4.000007
  1 S  1.88282000E+01      3.881008
  1 S  2.72023000E+00      0.386764

  2 S  3.06331000E+01      1.038501
  2 S  7.02614000E+00      2.834794
  2 S  2.11205000E+00     -0.003208

  3 P  3.06331000E+01      3.935616
  3 P  7.02614000E+00      3.870994
  3 P  2.11205000E+00      2.967271

  4 S  6.84009000E-01      0.536051

  5 P  6.84009000E-01      0.886681

  6 S  2.00878000E-01      0.213850

  7 P  2.00878000E-01      0.191693

  8 D  9.13000000E-01      1.403568


  O (oxygen)
  ----------
          Exponent        Coefficients
      ----------------  --------------------
  1 S  8.58850000E+03      1.205013
  1 S  1.29723000E+03      2.216205
  1 S  2.99296000E+02      3.627452
  1 S  8.73771000E+01      4.888452
  1 S  2.56789000E+01      4.835721
  1 S  3.74004000E+00      0.538229

  2 S  4.21175000E+01      1.341958
  2 S  9.62837000E+00      3.587114
  2 S  2.85332000E+00     -0.005123

  3 P  4.21175000E+01      5.584018
  3 P  9.62837000E+00      5.733366
  3 P  2.85332000E+00      4.332955

  4 S  9.05661000E-01      0.661659

  5 P  9.05661000E-01      1.259352

  6 S  2.55611000E-01      0.256209

  7 P  2.55611000E-01      0.259068

  8 D  1.29200000E+00      2.577026


  Br (bromine)
  ------------
          Exponent        Coefficients
      ----------------  --------------------
  1 S  4.39700000E+05      9.893706
  1 S  6.60300000E+04     18.450679
  1 S  1.51400000E+04     31.049770
  1 S  4.31700000E+03     48.888138
  1 S  1.41400000E+03     64.847798
  1 S  5.23900000E+02     42.245010

  2 S  5.23900000E+02     14.290679
  2 S  2.07700000E+02     24.083128
  2 S  8.65400000E+01      5.132542

  3 S  3.05200000E+01      9.254405

  4 S  1.29800000E+01      4.873782

  5 S  4.41200000E+00      2.169635

  6 S  1.86200000E+00      1.136043

  7 S  3.93200000E-01      0.353892

  8 S  1.40000000E-01      0.163120

  9 P  2.95700000E+03    691.874478
  9 P  7.00300000E+02    925.332763
  9 P  2.24600000E+02   1068.830732

  10 P  8.25900000E+01    122.079275
  10 P  3.31900000E+01     57.580687
  10 P  1.42000000E+01     10.176170

  11 P  1.42000000E+01      3.129736
  11 P  7.43800000E+00      6.538168
  11 P  3.52600000E+00      4.166276

  12 P  1.59500000E+00      2.555000

  13 P  8.46200000E-01      1.156861

  14 P  3.18600000E-01      0.341191

  15 P  1.09600000E-01      0.089888

  16 D  1.34800000E+02    160.709187
  16 D  3.63900000E+01    119.797406
  16 D  1.21600000E+01     55.531619
  16 D  4.34100000E+00     12.984636

  17 D  1.53500000E+00      3.484168

  18 D  4.51000000E-01      0.408525



Printing Internal Coordinates

------------------------------------------------------------
                Bond Lengths

i      j        Length (Angstroms)     Length (Bohr)
0      1          1.3515253401         2.5540127450
0      3          1.0778502361         2.0368417510
0      12         1.4656842209         2.7697417645
1      2          1.4017131617         2.6488539827
1      4          1.0760413068         2.0334233700
2      5          1.4608909409         2.7606837781
2      10         1.4028670231         2.6510344648
5      6          1.1990743567         2.2659221388
5      7          1.1988565903         2.2655106199
8      9          1.0778517258         2.0368445660
8      10         1.3512557196         2.5535032360
8      12         1.4660233359         2.7703825991
10     11         1.0762083836         2.0337390995
12     13         1.0933900099         2.0662076675
12     14         1.9597874486         3.7034615429

Number of Bonds: 15

------------------------------------------------------------
           Bond Angles

i      j      k      Angle (degrees)
0      1      2        117.5334 
0      1      4        122.7971 
0      12     8        115.4788 
0      12     13       111.2242 
0      12     14       106.5272 
1      0      3        120.8498 
1      0      12       122.3581 
1      2      5        117.6306 
1      2      10       124.7055 
2      1      4        119.6693 
2      5      6        114.8614 
2      5      7        114.8970 
2      10     8        117.5329 
2      10     11       119.6258 
3      0      12       116.7812 
5      2      10       117.6639 
6      5      7        130.2416 
8      10     11       122.8408 
8      12     13       111.0056 
8      12     14       107.4277 
9      8      10       120.8195 
9      8      12       116.8327 
10     8      12       122.3451 
13     12     14       104.3899 

Number of Angles: 24

------------------------------------------------------------
              Torsional Angles

i      j      k      l      Angle (degrees)
3      0      1      2        179.8772 
4      1      0      3         -0.2831 
8      10     2      1          1.1306 
8      12     0      1          2.4863 
8      12     0      3       -178.7035 
9      8      10     2        179.5633 
9      8      12     0        178.7337 
10     2      1      0         -0.5418 
10     2      1      4        179.6133 
10     8      12     0         -1.8665 
11     10     2      1       -179.1239 
11     10     8      9         -0.1733 
12     0      1      2         -1.3601 
12     0      1      4        178.4796 
12     8      10     2          0.1870 
12     8      10     11      -179.5496 
13     12     0      1        130.1504 
13     12     0      3        -51.0394 
13     12     8      9         50.9605 
13     12     8      10      -129.6397 
14     12     0      1       -116.6877 
14     12     0      3         62.1224 
14     12     8      9        -62.5898 
14     12     8      10       116.8100 

Number of Torsional Angles: 24


----------------------------------------------------------------------
                          Center of Mass

         x               y               z              Unit
   -0.0659623403   0.07577134838   0.03883744899      Angstrom
   -0.1246507578    0.1431870966   0.07339214202          Bohr

----------------------------------------------------------------------
                Moment of Inertia Tensor

           981.474           91.2716          -1065.93
           91.2716            4229.9           37.8199
          -1065.93           37.8199           3920.84

----------------------------------------------------------------------
                      Principal Moments of Inertia

           x                 y                 z                Unit
       177.2360888       1184.770342       1195.271863       amu * ang^2
       632.9215634         4230.8917       4268.393314      amu * bohr^2
  2.9430765030e-38  1.9673587800e-37  1.9847969785e-37          g * cm^2

 - Molecule is an asymmetric top.

----------------------------------------------------------------------

         Rotational constants (MHz)

    A = 2.8514e+03        B = 4.2656e+02        C = 4.2282e+02

----------------------------------------------------------------------

        Rotational constants (cm-1)

    A = 9.5114e-02        B = 1.4229e-02        C = 1.4104e-02

----------------------------------------------------------------------

                                Z-Matrix
C   
C        1       2.5540127
C        2        2.648854     1        117.5334
H        3      6.32854394     2     22.11597211     1         -0.0901
H        4      4.70009341     3     39.87065688     2          0.0381
N        5      4.98221003     4    125.84556503     3          0.2381
O        6      2.26592214     5    107.20458592     4       -109.0802
O        7      4.11090051     6     24.87681128     5       -121.7294
C        8      8.15264481     7     74.45034929     6        -17.3262
H        9      2.03684457     8    137.16454925     7       -102.4431
C       10      3.99981402     9     33.24728389     8         22.5993
H       11      2.03373910    10     96.90768367     9        179.8533
C       12      6.54228466    11     18.92214751    10          0.4205
H       13      2.06620767    12    122.51607987    11       -120.8302
Br      14      4.66778755    13     50.22087531    12       -133.0307

----------------------------------------------------------------------

             Converted back to Cartesian

C        0.000000      0.000000      0.000000
C        0.000000      0.000000      2.554013
C        0.000000      0.094816     -0.093144
H        0.000001     -0.174317      6.229675
H       -0.000002      0.082579      1.536607
N       -0.000005     -0.380196      6.497278
O        0.002457     -0.096214      4.249223
O       -0.001890     -0.642314      8.323688
C        0.006993      0.623659      0.269940
H        0.007310      0.223635      2.267117
C        0.005200      1.048827     -1.646649
H        0.005187      0.570708      0.330090
C        0.005907      2.145377     -6.019863
H        0.007132      1.573592     -4.034347
Br       0.005914      2.933768     -8.499564

----------------------------------------------------------------------
                       Geometry in bohr 

1     C      -0.9041508012    2.3112419436    1.5864151985
2     C       1.6496217897    2.3431976489    1.6007500681
3     C       2.9046264695    0.0237321649    1.3528175296
4     H      -1.9713551187    4.0359509245    1.7739737086
5     H       2.7286734319    4.0565407072    1.7876022010
6     N       5.6651142437    0.0559382377    1.3461137836
7     O       6.6268463455   -0.2958876467    3.3674235201
8     O       6.6096554311    0.4298708050   -0.6788688705
9     C      -0.8526340865   -2.3454146455    1.0754524429
10    H      -1.8800848007   -4.0933516426    0.8810377560
11    C       1.7005334275   -2.3257570621    1.1118941965
12    H       2.8188189963   -4.0174033018    0.9574108293
13    C      -2.3556523115   -0.0262692316    1.2691545585
14    H      -3.8111148264   -0.2063485487    2.7246319484
15    Br     -4.2534376919    0.3327329480   -1.8907751061

 Number of nodes, processes per node used for SCF calculation: 1, 4

Common Options
{
  maxiter       = 100
  basis         = 6-311g* spherical
  geom_units    = angstrom
  ang2au factor = 1.889726126
  debug         = false
  file_prefix   = para_th81_ph90_qed_ccsd_input
}

SCF Options
{
  charge            = 1
  multiplicity      = 1
  level shift       = 0
  tol_int           = 1e-22
  tol_sch           = 1e-12
  tol_lindep        = 1e-10
  conve             = 1e-07
  convd             = 1e-05
  diis_hist         = 10
  AO_tilesize       = 30
  writem            = 10
  damp              = 100
  n_lindep          = 0
  scf_type          = restricted
  cuscf             = false
  qed_omegas        = [0.06615,]
  qed_lambdas       = [0.1,]
  qed_polvecs       = [[6.047846824e-17,0.9876883406,0.156434465,],]
  direct_df         = false
  restart_size      = 2000
  restart           = false
  debug             = false
}

Number of basis functions = 221

Total number of shells = 105

Total number of electrons = 98
  # of alpha electrons    = 49
  # of beta electons      = 49

Nuclear repulsion energy  = 736.097758052391

# of {all,non-negligible} shell-pairs = {5565,4897}
Number of AO tiles = 105

Time for initial setup: 0.03 secs
HF exch = 1.00

Time for computing 1-e integrals T, V, S: 0.01 secs
Time for computing orthogonalizer: 0.01 secs

Superposition of Atomic Density Guess ...
Time taken for SAD: 0.30 secs
Total Time to compute initial guess: 0.30 secs


 SCF iterations
-----------------------------------------------------------------------------
 Iter     Energy            E-Diff       RMSD        |[F,P]|^2       Time(s)
-----------------------------------------------------------------------------
   1  -3011.8067077984    -3.01e+03     1.66e-02     1.50e+03         0.6 
   2  -3005.8070837685     6.00e+00     6.36e-03     7.66e+00         2.1 
   3  -3005.9931731028    -1.86e-01     2.58e-03     3.87e+00         2.1 
   4  -3006.1027091574    -1.10e-01     1.15e-03     1.42e-01         2.1 
   5  -3006.1100054823    -7.30e-03     2.31e-04     1.11e-02         2.1 
   6  -3006.1105701567    -5.65e-04     1.27e-04     1.34e-03         2.1 
   7  -3006.1106941444    -1.24e-04     5.08e-05     1.86e-04         2.1 
   8  -3006.1107142529    -2.01e-05     1.57e-05     2.07e-05         2.1 
   9  -3006.1107163072    -2.05e-06     6.58e-06     3.87e-06         2.1 
  10  -3006.1107166227    -3.15e-07     2.55e-06     9.08e-07         2.1 
  11  -3006.1107166820    -5.93e-08     1.17e-06     9.92e-08         2.1 

** Total SCF energy = -3006.1107166819957

Nuclear repulsion energy = 736.097758052390986
#electrons        = 98
1e energy kinetic = 3006.2193649078435556
1e energy N-e     = -8625.0597193871708441
1e energy         = -5617.6546072691407971
2e energy         = 1876.4448035450595853
QED energy        = 0.1870761998821280
QED eT energy     = 0.1664409772322196
QED eT energy from matrix = 0.1664409772322114

 Polarizability Matrix (QED energy = 0.5 * lambda.dot(matrix * lambda))
[43.53950923, -0.16162918,  1.70008272]
[-0.16162918, 37.55801975, -0.72544474]
[ 1.70008272, -0.72544474, 40.88410001]

 Polarizability Matrix (QED eT energy = 0.5 * lambda.dot(matrix * lambda))
[40.16252667, -0.19000891,  2.01210150]
[-0.19000891, 33.45229716, -0.81261063]
[ 2.01210150, -0.81261063, 37.00777679]


                      Electron        Nuclear        Total  
                  ------------------------------------------
    Monopole         -98.000000     99.000000      1.000000

      Dipole   X      -8.527610      7.416499     -1.111110
      Dipole   Y     -12.785957     12.768859     -0.017098
      Dipole   Z     -19.480551     20.857665      1.377114

  Quadrupole  XX   -1771.257807   1722.884271    -48.373536
  Quadrupole  XY      40.085672    -40.293727     -0.208054
  Quadrupole  XZ    -488.957287    488.246264     -0.711023
  Quadrupole  YY    -240.732554    202.220264    -38.512290
  Quadrupole  YZ      13.109289    -11.554524      1.554765
  Quadrupole  ZZ    -362.300931    313.149778    -49.151153

    Octupole XXX   -3453.000881   3307.541547   -145.459333
    Octupole XXY    -270.267236    265.383804     -4.883432
    Octupole XXZ    -321.193554    290.070349    -31.123205
    Octupole XYY     -95.254994     77.089923    -18.165072
    Octupole XYZ     -31.615375     36.927292      5.311917
    Octupole XZZ    -223.992591    168.056464    -55.936127
    Octupole YYY     -14.468366     -0.845380    -15.313745
    Octupole YYZ    -266.096527    257.873205     -8.223321
    Octupole YZZ     -71.086674     71.762308      0.675633
    Octupole ZZZ    -295.992347    207.947136    -88.045211

writing orbitals and density to disk ... done.

Total Time taken for Hartree-Fock: 25.78 secs

CD Options
{
  debug             = false
  skip_cd           = [false, 100]
  write_cv          = [false, 5000]
  diagtol           = 1e-06
  itilesize         = 1000
  max_cvecs_factor  = 12
}

- #occupied, #virtual = 98, 344

- Tilesize for the MSO space: 40

-----------------------------------------------------
Begin 2-index transformation ... 

nAO, nMO, nelectrons = 221, 442, 98
n_occ_alpha, n_vir_alpha, n_occ_beta, n_vir_beta = 49,172,49,172

Time taken for Fao->Fmo transform: 0.00 secs

-----------------------------------------------------
Number of AO tiles = 105
# of {all,non-negligible} shell-pairs = {5565,4897}

    Begin Cholesky Decomposition
---------------------------------------------
Total # of mpi ranks used for Cholesky decomposition: 4
  --> Number of nodes, mpi ranks per node: 1, 4
- CPU memory required for computing cholesky vectors: 1.93 GiB

- Time for computing the diagonal: 0.01 secs

- Total number of cholesky vectors = 1639

- Time to compute cholesky vectors: 17.88 secs

- CPU memory required for resizing the ao cholesky tensor: 1.56 GiB
- CPU memory required for ao2mo transformation: 1.69 GiB
- CPU memory required for the 2-step contraction: 2.10 GiB

- Time for ao to mo transform: 1.57 secs

   End Cholesky Decomposition
---------------------------------------------

Total Time taken for Cholesky Decomposition: 21.52 secs

scf_type = restricted
Closed-Shell SCF
QED-HF Enabled
nbf = 203
nbf_orig = 221
n_lindep = 0
focc = 1
nmo = 406
nocc = 62
nvir = 344
n_occ_alpha = 31
n_vir_alpha = 172
n_occ_beta = 31
n_vir_beta = 172
nelectrons = 98
nelectrons_alpha = 49
nelectrons_beta = 49
freeze atomic = true
n_frozen_core = 18
n_frozen_virtual = 0
----------------------------
--------- QED-CCSD --------
lambda_x: 0.0000
lambda_y: 0.0988
lambda_z: 0.0156
omega: 0.066150
coupling_factor_x: 0.000000
coupling_factor_y: 0.017963
coupling_factor_z: 0.002845
----------------------------
# of {all,non-negligible} shell-pairs = {5565,4897}
Number of AO tiles = 105
----------------------------
Electronic dipole expectation value using SCF density: 
dipole_x_elec: -8.52752557
dipole_y_elec: -12.78600042
dipole_z_elec: -19.48025661

d_n/N value: d_n is nuclear dipole moment and N is the total number of electrons 
d_nuc_x: 0.07567856
d_nuc_y: 0.13029448
d_nuc_z: 0.21283332

<d_e+d_n> expectation values: 
dipole_total_x: -1.11102626
dipole_total_y: -0.01714126
dipole_total_z: 1.37740877
----------------------------


 CCSD iterations
------------------------------------------------------------
  Iter     Residuum          Correlation          Time(s)
------------------------------------------------------------
   1     1.1853968651954    0.0000000000000         86.12
   2     0.1728416615657   -1.6822800272401         84.96
   3     0.0774085756770   -1.6208710132303         84.62
   4     0.0281853120757   -1.7031776205204         84.10
   5     0.0250144222499   -1.6861219889471         84.13
 MICROCYCLE DIIS UPDATE:                    6
   6     0.0083176891454   -1.6994472749542         83.20
   7     0.0049272071149   -1.6992487842504         83.57
   8     0.0032326808608   -1.7008428435103         83.56
   9     0.0019104053176   -1.7008869317757         83.11
  10     0.0016749135294   -1.7013430283835         83.00
 MICROCYCLE DIIS UPDATE:                   11
  11     0.0005701959670   -1.7017580120893         83.34
  12     0.0003827795137   -1.7019382033360         83.55
  13     0.0002645196084   -1.7018461648441         83.20
  14     0.0001885631139   -1.7018627382912         83.22
  15     0.0001518278635   -1.7018445171722         82.50
 MICROCYCLE DIIS UPDATE:                   16
  16     0.0000574294954   -1.7018284760154         82.91
  17     0.0000358974587   -1.7018444922449         83.24
  18     0.0000249653396   -1.7018538325652         83.77
  19     0.0000172868827   -1.7018542103349         83.25
  20     0.0000149060608   -1.7018573551081         84.20
 MICROCYCLE DIIS UPDATE:                   21
  21     0.0000055994689   -1.7018586252546         83.66
  22     0.0000043313498   -1.7018607454051         84.16
  23     0.0000025506314   -1.7018596924962         83.79
  24     0.0000023219874   -1.7018598650066         83.69
  25     0.0000014671352   -1.7018596342518         83.70
 MICROCYCLE DIIS UPDATE:                   26
  26     0.0000006520067   -1.7018592913502         83.67
------------------------------------------------------------------
 Iterations converged
 CCSD correlation energy / hartree =        -1.701859291350211
 CCSD total energy / hartree       =     -3007.812575973345702

Time taken for spin-orbital canonical QED-CCSD: 2259.47 secs
