
ExaChem Git Information
{
 WARNING: Failed to retrieve the current git state.
}


TAMM Git Information
{
 Branch: main
 Commit Hash: e71357ad [e71357ad54f38748b4a7e175aa6760820d5ce96f]
 Commit Date: 2026-02-02 23:14:56 -0800
 Commit Message: add GitHub Actions workflow for releases
}


date: Thu Aug  6 04:51:41 2026
program: "/global/cfs/cdirs/m3196/heindelj/cavity_qed/software/install_gpu/bin/bin/ExaChem"
nnodes: 1, nproc_per_node: 4, nproc_total: 4, ngpus_per_node: 1, ngpus_total: 1

Memory information
{
[AMD EPYC 7763 64-Core Processor                ] : 
  CPU memory per node (GiB): 251
  Total CPU memory (GiB): 251
[NVIDIA A100-SXM4-40GB, CUDA v12.9] : 
  GPU memory per device (GiB): 39
  GPU memory per node (GiB): 39
  Total GPU memory (GiB): 39
}

------------------------------------------------------------

Input file provided: /global/cfs/cdirs/m4262/heindelj/cavity_qed/mlip/lambda_scans/grid_scans_optimized_geoms/runs_grid_no_freq/meta_th72_ph252/meta_th72_ph252_qed_ccsd_input.json

{
  "geometry": {
    "coordinates": [
      "C    -0.905865314600    2.030655714400    0.663861652100",
      "C     0.480820089900    1.942183864200    0.761631985500",
      "C     1.153741601900    0.726659752800    0.624702223300",
      "C     0.490510736300   -0.432806774700    0.457241304300",
      "C    -1.628924192600    0.886365595900    0.526779474700",
      "H    -1.393260951800    2.991557812300    0.696152071000",
      "H     1.077348827800    2.826312368100    0.929172601800",
      "H     1.021065646500   -1.368273586600    0.341105484700",
      "H    -2.710428374400    0.910964950400    0.480643945300",
      "N     2.626549535300    0.727256625800    0.665638909000",
      "O     3.190301388300   -0.062293776400   -0.040710004100",
      "O     3.113088412400    1.508789765200    1.436482836700",
      "C    -0.970121173400   -0.425624862200    0.589287426100",
      "H    -1.071971832300   -0.637840734600    1.674422545500",
      "Br   -1.864687659900   -1.822307698800   -0.334954732200"
    ],
    "units": "angstrom",
    "noorient": true
  },
  "common": {
    "maxiter": 100,
    "debug": false
  },
  "basis": {
    "basisset": "6-311G*"
  },
  "SCF": {
    "charge": 1,
    "multiplicity": 1,
    "lshift": 0,
    "tol_lindep": 1e-10,
    "conve": 1e-07,
    "convd": 1e-05,
    "diis_hist": 10,
    "writem": 10,
    "restart": false,
    "noscf": false,
    "scf_type": "restricted",
    "debug": false,
    "qed_omegas": [
      0.06615
    ],
    "qed_volumes": [],
    "qed_lambdas": [
      0.1
    ],
    "qed_polvecs": [
      [
        -0.29389262614623674,
        -0.9045084971874737,
        0.3090169943749475
      ]
    ],
    "direct_df": false
  },
  "CD": {
    "debug": false,
    "diagtol": 1e-06
  },
  "CC": {
    "threshold": 1e-06,
    "ndiis": 5,
    "ccsd_maxiter": 200,
    "tilesize": 40,
    "freeze": {
      "atomic": true
    },
    "readt": false,
    "writet": true,
    "writet_iter": 5,
    "debug": false,
    "profile_ccsd": false,
    "balance_tiles": true
  },
  "TASK": {
    "scf": false,
    "ccsd": true
  }
}

Output folder & files prefix: meta_th72_ph252_qed_ccsd_input.6-311g*

  C (carbon)
  ----------
          Exponent        Coefficients
      ----------------  --------------------
  1 S  4.56324000E+03      0.778202
  1 S  6.82024000E+02      1.448695
  1 S  1.54973000E+02      2.383089
  1 S  4.44553000E+01      3.200089
  1 S  1.30290000E+01      3.013004
  1 S  1.82773000E+00      0.247599

  2 S  2.09642000E+01      0.800629
  2 S  4.80331000E+00      2.127420
  2 S  1.45933000E+00     -0.002868

  3 P  2.09642000E+01      2.573592
  3 P  4.80331000E+00      2.408248
  3 P  1.45933000E+00      1.865281

  4 S  4.83456000E-01      0.413217

  5 P  4.83456000E-01      0.574627

  6 S  1.45585000E-01      0.167976

  7 P  1.45585000E-01      0.128185

  8 D  6.26000000E-01      0.725128


  H (hydrogen)
  ------------
          Exponent        Coefficients
      ----------------  --------------------
  1 S  3.38650000E+01      0.255069
  1 S  5.09479000E+00      0.460109
  1 S  1.15879000E+00      0.678321

  2 S  3.25840000E-01      0.307371

  3 S  1.02741000E-01      0.129336


  N (nitrogen)
  ------------
          Exponent        Coefficients
      ----------------  --------------------
  1 S  6.29348000E+03      0.991968
  1 S  9.49044000E+02      1.823240
  1 S  2.18776000E+02      2.979891
  1 S  6.36916000E+01      4.000007
  1 S  1.88282000E+01      3.881008
  1 S  2.72023000E+00      0.386764

  2 S  3.06331000E+01      1.038501
  2 S  7.02614000E+00      2.834794
  2 S  2.11205000E+00     -0.003208

  3 P  3.06331000E+01      3.935616
  3 P  7.02614000E+00      3.870994
  3 P  2.11205000E+00      2.967271

  4 S  6.84009000E-01      0.536051

  5 P  6.84009000E-01      0.886681

  6 S  2.00878000E-01      0.213850

  7 P  2.00878000E-01      0.191693

  8 D  9.13000000E-01      1.403568


  O (oxygen)
  ----------
          Exponent        Coefficients
      ----------------  --------------------
  1 S  8.58850000E+03      1.205013
  1 S  1.29723000E+03      2.216205
  1 S  2.99296000E+02      3.627452
  1 S  8.73771000E+01      4.888452
  1 S  2.56789000E+01      4.835721
  1 S  3.74004000E+00      0.538229

  2 S  4.21175000E+01      1.341958
  2 S  9.62837000E+00      3.587114
  2 S  2.85332000E+00     -0.005123

  3 P  4.21175000E+01      5.584018
  3 P  9.62837000E+00      5.733366
  3 P  2.85332000E+00      4.332955

  4 S  9.05661000E-01      0.661659

  5 P  9.05661000E-01      1.259352

  6 S  2.55611000E-01      0.256209

  7 P  2.55611000E-01      0.259068

  8 D  1.29200000E+00      2.577026


  Br (bromine)
  ------------
          Exponent        Coefficients
      ----------------  --------------------
  1 S  4.39700000E+05      9.893706
  1 S  6.60300000E+04     18.450679
  1 S  1.51400000E+04     31.049770
  1 S  4.31700000E+03     48.888138
  1 S  1.41400000E+03     64.847798
  1 S  5.23900000E+02     42.245010

  2 S  5.23900000E+02     14.290679
  2 S  2.07700000E+02     24.083128
  2 S  8.65400000E+01      5.132542

  3 S  3.05200000E+01      9.254405

  4 S  1.29800000E+01      4.873782

  5 S  4.41200000E+00      2.169635

  6 S  1.86200000E+00      1.136043

  7 S  3.93200000E-01      0.353892

  8 S  1.40000000E-01      0.163120

  9 P  2.95700000E+03    691.874478
  9 P  7.00300000E+02    925.332763
  9 P  2.24600000E+02   1068.830732

  10 P  8.25900000E+01    122.079275
  10 P  3.31900000E+01     57.580687
  10 P  1.42000000E+01     10.176170

  11 P  1.42000000E+01      3.129736
  11 P  7.43800000E+00      6.538168
  11 P  3.52600000E+00      4.166276

  12 P  1.59500000E+00      2.555000

  13 P  8.46200000E-01      1.156861

  14 P  3.18600000E-01      0.341191

  15 P  1.09600000E-01      0.089888

  16 D  1.34800000E+02    160.709187
  16 D  3.63900000E+01    119.797406
  16 D  1.21600000E+01     55.531619
  16 D  4.34100000E+00     12.984636

  17 D  1.53500000E+00      3.484168

  18 D  4.51000000E-01      0.408525



Printing Internal Coordinates

------------------------------------------------------------
                Bond Lengths

i      j        Length (Angstroms)     Length (Bohr)
0      1          1.3929403137         2.6322757026
0      4          1.3605166444         2.5710038477
0      5          1.0779285784         2.0369897964
1      2          1.3960916827         2.6382309269
1      6          1.0796293830         2.0402038514
2      3          1.3462098532         2.5439679306
2      9          1.4733768619         2.7842787492
3      7          1.0816996799         2.0441161455
3      12         1.4666060595         2.7714837871
4      8          1.0827672467         2.0461335544
4      12         1.4694378599         2.7768351143
9      10         1.2000561555         2.2677774697
9      11         1.2007141574         2.2690209130
12     13         1.1103726224         2.0983001540
12     14         1.8987352928         3.5880896889

Number of Bonds: 15

------------------------------------------------------------
           Bond Angles

i      j      k      Angle (degrees)
0      1      2        121.8876 
0      1      6        120.5925 
0      4      8        121.0659 
0      4      12       120.5568 
1      0      4        118.8635 
1      0      5        120.3078 
1      2      3        121.6427 
1      2      9        118.6031 
2      1      6        117.5098 
2      3      7        121.1017 
2      3      12       118.3750 
2      9      10       116.9344 
2      9      11       115.0338 
3      2      9        119.7542 
3      12     4        116.5547 
3      12     13       100.2769 
3      12     14       114.9477 
4      0      5        120.8287 
4      12     13        99.8512 
4      12     14       115.1402 
7      3      12       120.1580 
8      4      12       118.0285 
10     9      11       128.0068 
13     12     14       106.9718 

Number of Angles: 24

------------------------------------------------------------
              Torsional Angles

i      j      k      l      Angle (degrees)
3      2      1      0         -3.3627 
4      0      1      2          4.7920 
5      0      1      2       -175.1715 
6      1      0      4       -176.3933 
6      1      0      5          3.6433 
6      1      2      3        177.7876 
7      3      2      1        179.3184 
8      4      0      1        177.9517 
8      4      0      5         -2.0850 
12     3      2      1         -7.6103 
13     12     3      2        -90.2281 
13     12     3      7         82.9107 
14     12     3      2        155.4704 
14     12     3      7        -31.3907 

Number of Torsional Angles: 14


----------------------------------------------------------------------
                          Center of Mass

         x               y               z              Unit
   -0.1531264566   -0.2504240005    0.2587534842      Angstrom
   -0.2893670657   -0.4732327764    0.4889732193          Bohr

----------------------------------------------------------------------
                Moment of Inertia Tensor

           1777.55          -1222.77           -501.77
          -1222.77           3003.16          -523.698
           -501.77          -523.698            4308.7

----------------------------------------------------------------------
                      Principal Moments of Inertia

           x                 y                 z                Unit
       245.9898153       1040.420455       1258.883093       amu * ang^2
       878.4455781       3715.408895        4495.55314      amu * bohr^2
  4.0847597704e-38  1.7276599900e-37  2.0904259830e-37          g * cm^2

 - Molecule is an asymmetric top.

----------------------------------------------------------------------

         Rotational constants (MHz)

    A = 2.0545e+03        B = 4.8575e+02        C = 4.0145e+02

----------------------------------------------------------------------

        Rotational constants (cm-1)

    A = 6.8530e-02        B = 1.6203e-02        C = 1.3391e-02

----------------------------------------------------------------------

                                Z-Matrix
C   
C        1       2.6322757
C        2       2.6382309     1       121.88761
C        3      2.54396793     2    121.64265722     1         -3.3627
C        4      4.71942055     3     87.69007571     2          0.9072
H        5      4.01586077     4    115.55486657     3          2.7849
H        6      4.69988120     5     92.96977569     4         -4.7454
H        7      8.00484553     6     92.26873051     5          3.9203
H        8      8.26708139     7     59.40263374     6         -3.1462
N        9     10.09745322     8     29.68588290     7          0.9580
O       10      2.26777747     9    118.12869687     8         36.1485
O       11      4.07776628    10     26.00423335     9       -179.9309
C       12      8.68704871    11     66.37482064    10         12.5342
H       13      2.09830015    12     88.95681247    11        125.0324
Br      14      4.65538832    13     47.49107802    12       -148.1621

----------------------------------------------------------------------

             Converted back to Cartesian

C        0.000000      0.000000      0.000000
C        0.000000      0.000000      2.632276
C        0.000000      0.097933     -0.004137
C        0.000097     -0.090615      2.532834
C       -0.000246      0.384746     -2.162585
H        0.000109     -0.160109      1.816142
H       -0.000174      0.609148     -2.820357
H       -0.000186     -0.922460      5.036597
H        0.000298      0.805885     -3.047799
N       -0.000608     -1.394328      6.807028
O       -0.001022     -0.820881      4.612952
O        0.001736     -1.883174      8.549918
C       -0.015755      0.548608      0.210197
H       -0.009935     -0.093115      2.207951
Br      -0.021692      1.394602     -2.203307

----------------------------------------------------------------------
                       Geometry in bohr 

1     C      -1.7118373516    3.8373831562    1.2545167080
2     C       0.9086182857    3.6701955895    1.4392758613
3     C       2.1802556477    1.3731879195    1.1805161123
4     C       0.9269309534   -0.8178862696    0.8640608386
5     C      -3.0782206039    1.6749882237    0.9954689359
6     H      -2.6328816208    5.6532249551    1.3155367562
7     H       2.0358942266    5.3409563220    1.7558817411
8     H       1.9295344285   -2.5856623440    0.6445959461
9     H      -5.1219673115    1.7214742666    0.9082854207
10    N       4.9634592778    1.3743158460    1.2578752368
11    O       6.0287958830   -0.1177181767   -0.0769307583
12    O       5.8828845052    2.8511994378    2.7145591459
13    C      -1.8332633267   -0.8043144219    1.1135918448
14    H      -2.0257331777   -1.2053443003    3.1642000300
15    Br     -3.5237489876   -3.4436624679   -0.6329727084

 Number of nodes, processes per node used for SCF calculation: 1, 4

Common Options
{
  maxiter       = 100
  basis         = 6-311g* spherical
  geom_units    = angstrom
  ang2au factor = 1.889726126
  debug         = false
  file_prefix   = meta_th72_ph252_qed_ccsd_input
}

SCF Options
{
  charge            = 1
  multiplicity      = 1
  level shift       = 0
  tol_int           = 1e-22
  tol_sch           = 1e-12
  tol_lindep        = 1e-10
  conve             = 1e-07
  convd             = 1e-05
  diis_hist         = 10
  AO_tilesize       = 30
  writem            = 10
  damp              = 100
  n_lindep          = 0
  scf_type          = restricted
  cuscf             = false
  qed_omegas        = [0.06615,]
  qed_lambdas       = [0.1,]
  qed_polvecs       = [[-0.2938926261,-0.9045084972,0.3090169944,],]
  direct_df         = false
  restart_size      = 2000
  restart           = false
  debug             = false
}

Number of basis functions = 221

Total number of shells = 105

Total number of electrons = 98
  # of alpha electrons    = 49
  # of beta electons      = 49

Nuclear repulsion energy  = 732.382725225596

# of {all,non-negligible} shell-pairs = {5565,4862}
Number of AO tiles = 105

Time for initial setup: 0.02 secs
HF exch = 1.00

Time for computing 1-e integrals T, V, S: 0.01 secs
Time for computing orthogonalizer: 0.01 secs

Superposition of Atomic Density Guess ...
Time taken for SAD: 0.29 secs
Total Time to compute initial guess: 0.29 secs


 SCF iterations
-----------------------------------------------------------------------------
 Iter     Energy            E-Diff       RMSD        |[F,P]|^2       Time(s)
-----------------------------------------------------------------------------
   1  -3011.9199092856    -3.01e+03     1.74e-02     1.54e+03         0.6 
   2  -3005.7597783297     6.16e+00     7.50e-03     8.43e+00         2.1 
   3  -3005.9966317734    -2.37e-01     2.91e-03     3.35e+00         2.1 
   4  -3006.0933404588    -9.67e-02     1.42e-03     1.29e-01         2.1 
   5  -3006.1014734744    -8.13e-03     3.51e-04     1.46e-02         2.1 
   6  -3006.1023974864    -9.24e-04     2.64e-04     2.70e-03         2.1 
   7  -3006.1027084045    -3.11e-04     1.30e-04     6.17e-04         2.1 
   8  -3006.1027824551    -7.41e-05     4.78e-05     1.15e-04         2.1 
   9  -3006.1027957957    -1.33e-05     1.91e-05     1.47e-05         2.1 
  10  -3006.1027976800    -1.88e-06     7.23e-06     2.12e-06         2.1 
  11  -3006.1027978789    -1.99e-07     2.97e-06     2.69e-07         2.2 
  12  -3006.1027979063    -2.74e-08     1.22e-06     2.38e-08         2.1 

** Total SCF energy = -3006.1027979062887

Nuclear repulsion energy = 732.382725225596346
#electrons        = 98
1e energy kinetic = 3006.2679272134382700
1e energy N-e     = -8618.1044996074706432
1e energy         = -5607.3104952467774638
2e energy         = 1873.1517676575274436
QED energy        = 0.1992816046219898
QED eT energy     = 0.1804673359554952
QED eT energy from matrix = 0.1804673359554937

 Polarizability Matrix (QED energy = 0.5 * lambda.dot(matrix * lambda))
[41.11853427,  0.96925839,  0.71072157]
[ 0.96925839, 41.94341117,  3.46902395]
[ 0.71072157,  3.46902395, 37.09669380]

 Polarizability Matrix (QED eT energy = 0.5 * lambda.dot(matrix * lambda))
[37.58564315,  1.23996400,  0.95186753]
[ 1.23996400, 38.74619136,  4.34532465]
[ 0.95186753,  4.34532465, 32.36116114]


                      Electron        Nuclear        Total  
                  ------------------------------------------
    Monopole         -98.000000     99.000000      1.000000

      Dipole   X      12.615452    -14.753808     -2.138357
      Dipole   Y      27.825839    -26.514151      1.311688
      Dipole   Z     -55.345054     56.625191      1.280136

  Quadrupole  XX   -1403.190324   1353.045515    -50.144810
  Quadrupole  XY    -559.491619    557.514688     -1.976930
  Quadrupole  XZ    -223.166808    220.682331     -2.484476
  Quadrupole  YY    -806.667932    770.229524    -36.438408
  Quadrupole  YZ    -232.713011    233.976005      1.262995
  Quadrupole  ZZ    -196.812005    148.262611    -48.549394

    Octupole XXX   -2512.702753   2390.427147   -122.275606
    Octupole XXY     200.852242   -212.876811    -12.024569
    Octupole XXZ    -916.857860    873.013426    -43.844434
    Octupole XYY    1129.811153  -1153.324309    -23.513156
    Octupole XYZ    -143.858224    127.623987    -16.234237
    Octupole XZZ    -335.076353    316.229547    -18.846805
    Octupole YYY     252.111155   -233.642750     18.468405
    Octupole YYZ    -328.640990    299.240967    -29.400023
    Octupole YZZ    -258.703180    243.180185    -15.522994
    Octupole ZZZ    -370.066196    263.146559   -106.919637

writing orbitals and density to disk ... done.

Total Time taken for Hartree-Fock: 24.91 secs

CD Options
{
  debug             = false
  skip_cd           = [false, 100]
  write_cv          = [false, 5000]
  diagtol           = 1e-06
  itilesize         = 1000
  max_cvecs_factor  = 12
}

- #occupied, #virtual = 98, 344

- Tilesize for the MSO space: 40

-----------------------------------------------------
Begin 2-index transformation ... 

nAO, nMO, nelectrons = 221, 442, 98
n_occ_alpha, n_vir_alpha, n_occ_beta, n_vir_beta = 49,172,49,172

Time taken for Fao->Fmo transform: 0.00 secs

-----------------------------------------------------
Number of AO tiles = 105
# of {all,non-negligible} shell-pairs = {5565,4862}

    Begin Cholesky Decomposition
---------------------------------------------
Total # of mpi ranks used for Cholesky decomposition: 4
  --> Number of nodes, mpi ranks per node: 1, 4
- CPU memory required for computing cholesky vectors: 1.93 GiB

- Time for computing the diagonal: 0.01 secs

- Total number of cholesky vectors = 1639

- Time to compute cholesky vectors: 16.24 secs

- CPU memory required for resizing the ao cholesky tensor: 1.56 GiB
- CPU memory required for ao2mo transformation: 1.69 GiB
- CPU memory required for the 2-step contraction: 2.10 GiB

- Time for ao to mo transform: 1.52 secs

   End Cholesky Decomposition
---------------------------------------------

Total Time taken for Cholesky Decomposition: 23.87 secs

scf_type = restricted
Closed-Shell SCF
QED-HF Enabled
nbf = 203
nbf_orig = 221
n_lindep = 0
focc = 1
nmo = 406
nocc = 62
nvir = 344
n_occ_alpha = 31
n_vir_alpha = 172
n_occ_beta = 31
n_vir_beta = 172
nelectrons = 98
nelectrons_alpha = 49
nelectrons_beta = 49
freeze atomic = true
n_frozen_core = 18
n_frozen_virtual = 0
----------------------------
--------- QED-CCSD --------
lambda_x: -0.0294
lambda_y: -0.0905
lambda_z: 0.0309
omega: 0.066150
coupling_factor_x: -0.005345
coupling_factor_y: -0.016450
coupling_factor_z: 0.005620
----------------------------
# of {all,non-negligible} shell-pairs = {5565,4862}
Number of AO tiles = 105
----------------------------
Electronic dipole expectation value using SCF density: 
dipole_x_elec: 12.61554490
dipole_y_elec: 27.82594007
dipole_z_elec: -55.34504663

d_n/N value: d_n is nuclear dipole moment and N is the total number of electrons 
d_nuc_x: -0.15054906
d_nuc_y: -0.27055256
d_nuc_z: 0.57780807

<d_e+d_n> expectation values: 
dipole_total_x: -2.13826344
dipole_total_y: 1.31178879
dipole_total_z: 1.28014404
----------------------------


 CCSD iterations
------------------------------------------------------------
  Iter     Residuum          Correlation          Time(s)
------------------------------------------------------------
   1     1.1856289538617    0.0000000000000         84.08
   2     0.1690348113861   -1.6357238452041         83.01
   3     0.0679548946789   -1.6274015623529         82.83
   4     0.0223553318480   -1.6955689529274         82.86
   5     0.0177578025540   -1.6895004909559         82.87
 MICROCYCLE DIIS UPDATE:                    6
   6     0.0079849317836   -1.7002532401456         81.70
   7     0.0053102986015   -1.7000272720720         81.75
   8     0.0035813436373   -1.7014461261747         82.24
   9     0.0027394102409   -1.7016953665844         82.63
  10     0.0028036064770   -1.7020145419350         82.81
 MICROCYCLE DIIS UPDATE:                   11
  11     0.0006026643561   -1.7025695743068         81.77
  12     0.0004491057604   -1.7025336237244         81.74
  13     0.0003559368661   -1.7026115736581         81.77
  14     0.0003679925186   -1.7025751040643         81.84
  15     0.0004218300984   -1.7026051460885         82.05
 MICROCYCLE DIIS UPDATE:                   16
  16     0.0000882420793   -1.7026062098092         81.76
  17     0.0000570658946   -1.7026022305585         81.75
  18     0.0000475215052   -1.7026120696766         81.73
  19     0.0000388100987   -1.7026134102529         81.72
  20     0.0000423737923   -1.7026145278386         82.05
 MICROCYCLE DIIS UPDATE:                   21
  21     0.0000156946986   -1.7026213145577         82.44
  22     0.0000113772045   -1.7026180742283         81.86
  23     0.0000089793390   -1.7026185420552         81.75
  24     0.0000093328848   -1.7026175005875         81.81
  25     0.0000113683599   -1.7026178288139         82.52
 MICROCYCLE DIIS UPDATE:                   26
  26     0.0000029062363   -1.7026171297632         82.43
  27     0.0000019013451   -1.7026171693848         82.47
  28     0.0000015196759   -1.7026175481535         82.57
  29     0.0000012647695   -1.7026176305033         83.31
  30     0.0000013429502   -1.7026176848560         82.68
 MICROCYCLE DIIS UPDATE:                   31
  31     0.0000005514349   -1.7026179606593         83.02
------------------------------------------------------------------
 Iterations converged
 CCSD correlation energy / hartree =        -1.702617960659339
 CCSD total energy / hartree       =     -3007.805415866947897

Time taken for spin-orbital canonical QED-CCSD: 2615.35 secs
