
ExaChem Git Information
{
 WARNING: Failed to retrieve the current git state.
}


TAMM Git Information
{
 Branch: main
 Commit Hash: e71357ad [e71357ad54f38748b4a7e175aa6760820d5ce96f]
 Commit Date: 2026-02-02 23:14:56 -0800
 Commit Message: add GitHub Actions workflow for releases
}


date: Mon Aug 10 09:27:51 2026
program: "/global/cfs/cdirs/m3196/heindelj/cavity_qed/software/install_gpu/bin/bin/ExaChem"
nnodes: 1, nproc_per_node: 4, nproc_total: 4, ngpus_per_node: 1, ngpus_total: 1

Memory information
{
[AMD EPYC 7763 64-Core Processor                ] : 
  CPU memory per node (GiB): 251
  Total CPU memory (GiB): 251
[NVIDIA A100-SXM4-40GB, CUDA v12.9] : 
  GPU memory per device (GiB): 39
  GPU memory per node (GiB): 39
  Total GPU memory (GiB): 39
}

------------------------------------------------------------

Input file provided: /global/cfs/cdirs/m4262/heindelj/cavity_qed/mlip/lambda_scans/grid_scans_optimized_geoms/runs_grid_no_freq/meta_th54_ph36/meta_th54_ph36_qed_ccsd_input.json

{
  "geometry": {
    "coordinates": [
      "C    -0.938750128200    2.001102600000    0.814339451400",
      "C     0.448328046100    1.927452884400    0.651558269000",
      "C     1.135671860700    0.711844591300    0.704881128300",
      "C     0.488224303800   -0.466616931300    0.796582947800",
      "C    -1.639077427000    0.841865283400    0.887283898200",
      "H    -1.431375892200    2.961582212000    0.857776961200",
      "H     1.029802393300    2.826234327600    0.498469956900",
      "H     1.033609996200   -1.402864644100    0.817207017700",
      "H    -2.716693657400    0.852972666000    0.974228625200",
      "N     2.614187768000    0.714202635500    0.605104748700",
      "O     3.176091676300   -0.272624140400    0.997496552200",
      "O     3.092992405500    1.693767287500    0.100151712500",
      "C    -0.981907302500   -0.468734965800    0.698014092300",
      "H    -1.446442808600   -1.269844593500    1.268168523500",
      "Br   -1.256494517500   -0.848740285200   -1.199806246600"
    ],
    "units": "angstrom",
    "noorient": true
  },
  "common": {
    "maxiter": 100,
    "debug": false
  },
  "basis": {
    "basisset": "6-311G*"
  },
  "SCF": {
    "charge": 1,
    "multiplicity": 1,
    "lshift": 0,
    "tol_lindep": 1e-10,
    "conve": 1e-07,
    "convd": 1e-05,
    "diis_hist": 10,
    "writem": 10,
    "restart": false,
    "noscf": false,
    "scf_type": "restricted",
    "debug": false,
    "qed_omegas": [
      0.06615
    ],
    "qed_volumes": [],
    "qed_lambdas": [
      0.1
    ],
    "qed_polvecs": [
      [
        0.6545084971874737,
        0.4755282581475768,
        0.5877852522924731
      ]
    ],
    "direct_df": false
  },
  "CD": {
    "debug": false,
    "diagtol": 1e-06
  },
  "CC": {
    "threshold": 1e-06,
    "ndiis": 5,
    "ccsd_maxiter": 200,
    "tilesize": 40,
    "freeze": {
      "atomic": true
    },
    "readt": false,
    "writet": true,
    "writet_iter": 5,
    "debug": false,
    "profile_ccsd": false,
    "balance_tiles": true
  },
  "TASK": {
    "scf": false,
    "ccsd": true
  }
}

Output folder & files prefix: meta_th54_ph36_qed_ccsd_input.6-311g*

  C (carbon)
  ----------
          Exponent        Coefficients
      ----------------  --------------------
  1 S  4.56324000E+03      0.778202
  1 S  6.82024000E+02      1.448695
  1 S  1.54973000E+02      2.383089
  1 S  4.44553000E+01      3.200089
  1 S  1.30290000E+01      3.013004
  1 S  1.82773000E+00      0.247599

  2 S  2.09642000E+01      0.800629
  2 S  4.80331000E+00      2.127420
  2 S  1.45933000E+00     -0.002868

  3 P  2.09642000E+01      2.573592
  3 P  4.80331000E+00      2.408248
  3 P  1.45933000E+00      1.865281

  4 S  4.83456000E-01      0.413217

  5 P  4.83456000E-01      0.574627

  6 S  1.45585000E-01      0.167976

  7 P  1.45585000E-01      0.128185

  8 D  6.26000000E-01      0.725128


  H (hydrogen)
  ------------
          Exponent        Coefficients
      ----------------  --------------------
  1 S  3.38650000E+01      0.255069
  1 S  5.09479000E+00      0.460109
  1 S  1.15879000E+00      0.678321

  2 S  3.25840000E-01      0.307371

  3 S  1.02741000E-01      0.129336


  N (nitrogen)
  ------------
          Exponent        Coefficients
      ----------------  --------------------
  1 S  6.29348000E+03      0.991968
  1 S  9.49044000E+02      1.823240
  1 S  2.18776000E+02      2.979891
  1 S  6.36916000E+01      4.000007
  1 S  1.88282000E+01      3.881008
  1 S  2.72023000E+00      0.386764

  2 S  3.06331000E+01      1.038501
  2 S  7.02614000E+00      2.834794
  2 S  2.11205000E+00     -0.003208

  3 P  3.06331000E+01      3.935616
  3 P  7.02614000E+00      3.870994
  3 P  2.11205000E+00      2.967271

  4 S  6.84009000E-01      0.536051

  5 P  6.84009000E-01      0.886681

  6 S  2.00878000E-01      0.213850

  7 P  2.00878000E-01      0.191693

  8 D  9.13000000E-01      1.403568


  O (oxygen)
  ----------
          Exponent        Coefficients
      ----------------  --------------------
  1 S  8.58850000E+03      1.205013
  1 S  1.29723000E+03      2.216205
  1 S  2.99296000E+02      3.627452
  1 S  8.73771000E+01      4.888452
  1 S  2.56789000E+01      4.835721
  1 S  3.74004000E+00      0.538229

  2 S  4.21175000E+01      1.341958
  2 S  9.62837000E+00      3.587114
  2 S  2.85332000E+00     -0.005123

  3 P  4.21175000E+01      5.584018
  3 P  9.62837000E+00      5.733366
  3 P  2.85332000E+00      4.332955

  4 S  9.05661000E-01      0.661659

  5 P  9.05661000E-01      1.259352

  6 S  2.55611000E-01      0.256209

  7 P  2.55611000E-01      0.259068

  8 D  1.29200000E+00      2.577026


  Br (bromine)
  ------------
          Exponent        Coefficients
      ----------------  --------------------
  1 S  4.39700000E+05      9.893706
  1 S  6.60300000E+04     18.450679
  1 S  1.51400000E+04     31.049770
  1 S  4.31700000E+03     48.888138
  1 S  1.41400000E+03     64.847798
  1 S  5.23900000E+02     42.245010

  2 S  5.23900000E+02     14.290679
  2 S  2.07700000E+02     24.083128
  2 S  8.65400000E+01      5.132542

  3 S  3.05200000E+01      9.254405

  4 S  1.29800000E+01      4.873782

  5 S  4.41200000E+00      2.169635

  6 S  1.86200000E+00      1.136043

  7 S  3.93200000E-01      0.353892

  8 S  1.40000000E-01      0.163120

  9 P  2.95700000E+03    691.874478
  9 P  7.00300000E+02    925.332763
  9 P  2.24600000E+02   1068.830732

  10 P  8.25900000E+01    122.079275
  10 P  3.31900000E+01     57.580687
  10 P  1.42000000E+01     10.176170

  11 P  1.42000000E+01      3.129736
  11 P  7.43800000E+00      6.538168
  11 P  3.52600000E+00      4.166276

  12 P  1.59500000E+00      2.555000

  13 P  8.46200000E-01      1.156861

  14 P  3.18600000E-01      0.341191

  15 P  1.09600000E-01      0.089888

  16 D  1.34800000E+02    160.709187
  16 D  3.63900000E+01    119.797406
  16 D  1.21600000E+01     55.531619
  16 D  4.34100000E+00     12.984636

  17 D  1.53500000E+00      3.484168

  18 D  4.51000000E-01      0.408525



Printing Internal Coordinates

------------------------------------------------------------
                Bond Lengths

i      j        Length (Angstroms)     Length (Bohr)
0      1          1.3985377562         2.6428533360
0      4          1.3563223710         2.5630778196
0      5          1.0803184927         2.0415060800
1      2          1.3974936025         2.6408801714
1      6          1.0813678978         2.0434891682
2      3          1.3477273919         2.5468356631
2      9          1.4818806208         2.8003485247
3      7          1.0837115324         2.0479179957
3      12         1.4734338279         2.7843863994
4      8          1.0811750550         2.0431247481
4      12         1.4782992407         2.7935806971
9      10         1.2014717705         2.2704525942
9      11         1.2015732841         2.2706444272
12     13         1.0874952632         2.0550682106
12     14         1.9548719191         3.6941725384

Number of Bonds: 15

------------------------------------------------------------
           Bond Angles

i      j      k      Angle (degrees)
0      1      2        121.9499 
0      1      6        120.3993 
0      4      8        120.6763 
0      4      12       121.4203 
1      0      4        118.2528 
1      0      5        120.2494 
1      2      3        121.7974 
1      2      9        119.1285 
2      1      6        117.6394 
2      3      7        120.9944 
2      3      12       118.4263 
2      9      10       116.3160 
2      9      11       115.2880 
3      2      9        119.0309 
3      12     4        115.7032 
3      12     13       113.0908 
3      12     14       101.8513 
4      0      5        121.4844 
4      12     13       113.3329 
4      12     14       103.5439 
7      3      12       120.1430 
8      4      12       117.5476 
10     9      11       128.3511 
13     12     14       107.8053 

Number of Angles: 24

------------------------------------------------------------
              Torsional Angles

i      j      k      l      Angle (degrees)
3      2      1      0          6.0344 
4      0      1      2         -6.8837 
5      0      1      2        174.4331 
6      1      0      4        174.3759 
6      1      0      5         -4.3072 
6      1      2      3       -175.1921 
7      3      2      1        178.7719 
8      4      0      1       -177.6026 
8      4      0      5          1.0635 

Number of Torsional Angles: 9


----------------------------------------------------------------------
                          Center of Mass

         x               y               z              Unit
   0.07418919661    0.1156245217  -0.05307692931      Angstrom
    0.1401972631    0.2184986794     -0.10030086          Bohr

----------------------------------------------------------------------
                Moment of Inertia Tensor

           1516.32          -571.543          -634.223
          -571.543           2877.73          -465.325
          -634.223          -465.325           3095.33

----------------------------------------------------------------------
                      Principal Moments of Inertia

           x                 y                 z                Unit
       288.1561697       834.3967136       974.6863133       amu * ang^2
       1029.024364       2979.684759       3480.668015      amu * bohr^2
  4.7849490371e-38  1.3855492858e-37  1.6185058057e-37          g * cm^2

 - Molecule is an asymmetric top.

----------------------------------------------------------------------

         Rotational constants (MHz)

    A = 1.7538e+03        B = 6.0568e+02        C = 5.1850e+02

----------------------------------------------------------------------

        Rotational constants (cm-1)

    A = 5.8502e-02        B = 2.0203e-02        C = 1.7295e-02

----------------------------------------------------------------------

                                Z-Matrix
C   
C        1       2.6428533
C        2       2.6408802     1       121.94987
C        3      2.54683566     2    121.79744047     1          6.0344
C        4      4.72271445     3     87.33917921     2         -2.4243
H        5      4.02525436     4    115.94584440     3         -2.1092
H        6      4.70720845     5     92.53732617     4          5.5671
H        7      8.01450783     6     92.53493993     5         -4.2982
H        8      8.27567045     7     59.22078259     6          3.5424
N        9     10.10143133     8     29.55456807     7         -1.8467
O       10      2.27045259     9    117.72156987     8        -21.1457
O       11      4.08759097    10     25.82562563     9        178.2424
C       12      8.79051015    11     63.75069757    10        -10.6454
H       13      2.05506821    12    141.63114261    11         19.7370
Br      14      4.74479662    13     47.84061835    12       -123.7554

----------------------------------------------------------------------

             Converted back to Cartesian

C        0.000000      0.000000      0.000000
C        0.000000      0.000000      2.642853
C        0.000000      0.098081      0.003795
C       -0.000174     -0.090847      2.543614
C        0.000472      0.384653     -2.155102
H       -0.000352     -0.161788      1.832889
H        0.000641      0.608420     -2.810880
H       -0.000804     -0.925254      5.055516
H        0.000364      0.804662     -3.037328
N       -0.000813     -1.395750      6.821531
O       -0.000247     -0.822045      4.624757
O       -0.003130     -1.885938      8.571467
C        0.013514      0.566073      0.129878
H        0.003673     -0.091553      2.076859
Br       0.033622      1.491768     -2.395868

----------------------------------------------------------------------
                       Geometry in bohr 

1     C      -1.7739806430    3.7815358638    1.5388785367
2     C       0.8472172217    3.6423580721    1.2312666835
3     C       2.1461087856    1.3451913218    1.3320322838
4     C       0.9226102222   -0.8817782059    1.5053236079
5     C      -3.0974074362    1.5908948205    1.6767235635
6     H      -2.7049084195    5.5965792800    1.6209635338
7     H       1.9460444871    5.3408088468    0.9419717005
8     H       1.9532398138   -2.6510299691    1.5442974516
9     H      -5.1338069805    1.6118847316    1.8410252856
10    N       4.9400989232    1.3496473795    1.1434822525
11    O       6.0019434190   -0.5151849607    1.8849952952
12    O       5.8449085559    3.2007562944    0.1892593077
13    C      -1.8555358828   -0.8857807110    1.3190554665
14    H      -2.7333807650   -2.3996585042    2.3964911909
15    Br     -2.3744305168   -1.6038866911   -2.2673052102

 Number of nodes, processes per node used for SCF calculation: 1, 4

Common Options
{
  maxiter       = 100
  basis         = 6-311g* spherical
  geom_units    = angstrom
  ang2au factor = 1.889726126
  debug         = false
  file_prefix   = meta_th54_ph36_qed_ccsd_input
}

SCF Options
{
  charge            = 1
  multiplicity      = 1
  level shift       = 0
  tol_int           = 1e-22
  tol_sch           = 1e-12
  tol_lindep        = 1e-10
  conve             = 1e-07
  convd             = 1e-05
  diis_hist         = 10
  AO_tilesize       = 30
  writem            = 10
  damp              = 100
  n_lindep          = 0
  scf_type          = restricted
  cuscf             = false
  qed_omegas        = [0.06615,]
  qed_lambdas       = [0.1,]
  qed_polvecs       = [[0.6545084972,0.4755282581,0.5877852523,],]
  direct_df         = false
  restart_size      = 2000
  restart           = false
  debug             = false
}

Number of basis functions = 221

Total number of shells = 105

Total number of electrons = 98
  # of alpha electrons    = 49
  # of beta electons      = 49

Nuclear repulsion energy  = 759.982689231627

# of {all,non-negligible} shell-pairs = {5565,4937}
Number of AO tiles = 105

Time for initial setup: 0.04 secs
HF exch = 1.00

Time for computing 1-e integrals T, V, S: 0.01 secs
Time for computing orthogonalizer: 0.01 secs

Superposition of Atomic Density Guess ...
Time taken for SAD: 0.36 secs
Total Time to compute initial guess: 0.36 secs


 SCF iterations
-----------------------------------------------------------------------------
 Iter     Energy            E-Diff       RMSD        |[F,P]|^2       Time(s)
-----------------------------------------------------------------------------
   1  -3011.7372473906    -3.01e+03     1.67e-02     1.52e+03         0.6 
   2  -3005.7579119615     5.98e+00     6.70e-03     8.90e+00         2.2 
   3  -3006.0201471248    -2.62e-01     2.34e-03     2.78e+00         2.2 
   4  -3006.1006735596    -8.05e-02     1.20e-03     9.43e-02         2.2 
   5  -3006.1071710189    -6.50e-03     2.86e-04     7.95e-03         2.2 
   6  -3006.1077805721    -6.10e-04     1.93e-04     1.64e-03         2.2 
   7  -3006.1079581575    -1.78e-04     7.00e-05     2.33e-04         2.2 
   8  -3006.1079845043    -2.63e-05     2.07e-05     3.43e-05         2.2 
   9  -3006.1079877341    -3.23e-06     1.05e-05     5.04e-06         2.2 
  10  -3006.1079884331    -6.99e-07     5.33e-06     7.45e-07         2.2 
  11  -3006.1079885738    -1.41e-07     2.44e-06     1.60e-07         2.2 
  12  -3006.1079886033    -2.95e-08     1.19e-06     3.48e-08         2.2 

** Total SCF energy = -3006.1079886033403

Nuclear repulsion energy = 759.982689231627091
#electrons        = 98
1e energy kinetic = 3006.2260995930623722
1e energy N-e     = -8673.0375126850503875
1e energy         = -5660.6865914246009197
2e energy         = 1900.5247069376227955
QED energy        = 0.1960283193981924
QED eT energy     = 0.1756133606066561
QED eT energy from matrix = 0.1756133606066557

 Polarizability Matrix (QED energy = 0.5 * lambda.dot(matrix * lambda))
[39.98577067,  0.41125765, -0.16212079]
[ 0.41125765, 43.14957944, -1.30556132]
[-0.16212079, -1.30556132, 37.38959362]

 Polarizability Matrix (QED eT energy = 0.5 * lambda.dot(matrix * lambda))
[36.20875005,  0.47801766, -0.18303778]
[ 0.47801766, 39.88192336, -1.59289016]
[-0.18303778, -1.59289016, 32.78478705]


                      Electron        Nuclear        Total  
                  ------------------------------------------
    Monopole         -98.000000     99.000000      1.000000

      Dipole   X     -24.866899     22.711702     -2.155197
      Dipole   Y     -32.726177     33.849179      1.123003
      Dipole   Z      -3.735798      5.207160      1.471362

  Quadrupole  XX   -1162.946816   1112.547946    -50.398871
  Quadrupole  XY    -266.243220    264.253193     -1.990027
  Quadrupole  XZ    -283.897543    281.306654     -2.590889
  Quadrupole  YY    -501.326324    462.915630    -38.410693
  Quadrupole  YZ    -212.991636    215.989017      2.997381
  Quadrupole  ZZ    -353.129122    307.675556    -45.453566

    Octupole XXX   -3519.679327   3359.346188   -160.333139
    Octupole XXY    -938.950376    909.034266    -29.916110
    Octupole XXZ    -645.381000    633.269605    -12.111395
    Octupole XYY    -217.659436    183.492861    -34.166575
    Octupole XYZ     350.999618   -349.390966      1.608651
    Octupole XZZ     265.356369   -297.264831    -31.908462
    Octupole YYY   -1123.537815   1078.283627    -45.254188
    Octupole YYZ    -219.897760    220.234483      0.336723
    Octupole YZZ     143.441596   -178.364181    -34.922585
    Octupole ZZZ     139.720878   -205.291416    -65.570538

writing orbitals and density to disk ... done.

Total Time taken for Hartree-Fock: 27.81 secs

CD Options
{
  debug             = false
  skip_cd           = [false, 100]
  write_cv          = [false, 5000]
  diagtol           = 1e-06
  itilesize         = 1000
  max_cvecs_factor  = 12
}

- #occupied, #virtual = 98, 344

- Tilesize for the MSO space: 40

-----------------------------------------------------
Begin 2-index transformation ... 

nAO, nMO, nelectrons = 221, 442, 98
n_occ_alpha, n_vir_alpha, n_occ_beta, n_vir_beta = 49,172,49,172

Time taken for Fao->Fmo transform: 0.00 secs

-----------------------------------------------------
Number of AO tiles = 105
# of {all,non-negligible} shell-pairs = {5565,4937}

    Begin Cholesky Decomposition
---------------------------------------------
Total # of mpi ranks used for Cholesky decomposition: 4
  --> Number of nodes, mpi ranks per node: 1, 4
- CPU memory required for computing cholesky vectors: 1.93 GiB

- Time for computing the diagonal: 0.01 secs

- Total number of cholesky vectors = 1646

- Time to compute cholesky vectors: 15.92 secs

- CPU memory required for resizing the ao cholesky tensor: 1.56 GiB
- CPU memory required for ao2mo transformation: 1.70 GiB
- CPU memory required for the 2-step contraction: 2.11 GiB

- Time for ao to mo transform: 1.55 secs

   End Cholesky Decomposition
---------------------------------------------

Total Time taken for Cholesky Decomposition: 22.58 secs

scf_type = restricted
Closed-Shell SCF
QED-HF Enabled
nbf = 203
nbf_orig = 221
n_lindep = 0
focc = 1
nmo = 406
nocc = 62
nvir = 344
n_occ_alpha = 31
n_vir_alpha = 172
n_occ_beta = 31
n_vir_beta = 172
nelectrons = 98
nelectrons_alpha = 49
nelectrons_beta = 49
freeze atomic = true
n_frozen_core = 18
n_frozen_virtual = 0
----------------------------
--------- QED-CCSD --------
lambda_x: 0.0655
lambda_y: 0.0476
lambda_z: 0.0588
omega: 0.066150
coupling_factor_x: 0.011903
coupling_factor_y: 0.008648
coupling_factor_z: 0.010690
----------------------------
# of {all,non-negligible} shell-pairs = {5565,4937}
Number of AO tiles = 105
----------------------------
Electronic dipole expectation value using SCF density: 
dipole_x_elec: -24.86670833
dipole_y_elec: -32.72616411
dipole_z_elec: -3.73572961

d_n/N value: d_n is nuclear dipole moment and N is the total number of electrons 
d_nuc_x: 0.23175206
d_nuc_y: 0.34539979
d_nuc_z: 0.05313429

<d_e+d_n> expectation values: 
dipole_total_x: -2.15500641
dipole_total_y: 1.12301539
dipole_total_z: 1.47143064
----------------------------


 CCSD iterations
------------------------------------------------------------
  Iter     Residuum          Correlation          Time(s)
------------------------------------------------------------
   1     1.1846365645467    0.0000000000000         85.11
   2     0.1692233654292   -1.6007552336959         84.41
   3     0.0653632013909   -1.6264125881685         84.89
   4     0.0255559199181   -1.6879375374084         84.63
   5     0.0210078461237   -1.6855247447674         84.37
 MICROCYCLE DIIS UPDATE:                    6
   6     0.0095399843228   -1.6962483041176         82.72
   7     0.0066422008629   -1.6957299712877         83.40
   8     0.0049206953748   -1.6974925875497         83.35
   9     0.0045379659813   -1.6978095341075         83.50
  10     0.0051230421393   -1.6982101299881         83.32
 MICROCYCLE DIIS UPDATE:                   11
  11     0.0008506804516   -1.6990210646137         83.33
  12     0.0006629487732   -1.6989216578176         84.11
  13     0.0006371817691   -1.6990507445091         83.42
  14     0.0008439102380   -1.6989941009743         83.73
  15     0.0012415857966   -1.6990478802892         83.33
 MICROCYCLE DIIS UPDATE:                   16
  16     0.0001585726956   -1.6990593824603         83.26
  17     0.0001026428981   -1.6990408991809         83.31
  18     0.0000984674751   -1.6990530387067         83.77
  19     0.0000834933020   -1.6990585733110         83.76
  20     0.0001012552111   -1.6990588274926         83.84
 MICROCYCLE DIIS UPDATE:                   21
  21     0.0000336206375   -1.6990780331744         84.76
  22     0.0000234605007   -1.6990694704298         84.77
  23     0.0000201465060   -1.6990709511647         84.59
  24     0.0000250154348   -1.6990683394543         84.19
  25     0.0000354597019   -1.6990692996209         84.12
 MICROCYCLE DIIS UPDATE:                   26
  26     0.0000067989922   -1.6990679852595         83.73
  27     0.0000045826006   -1.6990675389616         83.94
  28     0.0000042583567   -1.6990683980471         83.69
  29     0.0000036891226   -1.6990686310959         83.93
  30     0.0000045449272   -1.6990687001738         84.19
 MICROCYCLE DIIS UPDATE:                   31
  31     0.0000015474479   -1.6990696591194         83.78
  32     0.0000011310969   -1.6990691921345         84.31
  33     0.0000009706743   -1.6990692175849         84.49
------------------------------------------------------------------
 Iterations converged
 CCSD correlation energy / hartree =        -1.699069217584885
 CCSD total energy / hartree       =     -3007.807057820925365

Time taken for spin-orbital canonical QED-CCSD: 2841.94 secs
