
ExaChem Git Information
{
 WARNING: Failed to retrieve the current git state.
}


TAMM Git Information
{
 Branch: main
 Commit Hash: e71357ad [e71357ad54f38748b4a7e175aa6760820d5ce96f]
 Commit Date: 2026-02-02 23:14:56 -0800
 Commit Message: add GitHub Actions workflow for releases
}


date: Wed Aug  5 20:01:09 2026
program: "/global/cfs/cdirs/m3196/heindelj/cavity_qed/software/install_gpu/bin/bin/ExaChem"
nnodes: 1, nproc_per_node: 4, nproc_total: 4, ngpus_per_node: 1, ngpus_total: 1

Memory information
{
[AMD EPYC 7763 64-Core Processor                ] : 
  CPU memory per node (GiB): 251
  Total CPU memory (GiB): 251
[NVIDIA A100-SXM4-40GB, CUDA v12.9] : 
  GPU memory per device (GiB): 39
  GPU memory per node (GiB): 39
  Total GPU memory (GiB): 39
}

------------------------------------------------------------

Input file provided: /global/cfs/cdirs/m4262/heindelj/cavity_qed/mlip/lambda_scans/grid_scans_optimized_geoms/runs_grid_no_freq/meta_th18_ph18/meta_th18_ph18_qed_ccsd_input.json

{
  "geometry": {
    "coordinates": [
      "C    -0.924210595900    2.025702672400    0.765930075600",
      "C     0.474654375800    1.962143854700    0.703914614800",
      "C     1.154079192000    0.735979838100    0.657288959700",
      "C     0.491446327300   -0.438823559100    0.626580563000",
      "C    -1.635039516700    0.866956259900    0.734934041800",
      "H    -1.417764497800    2.985819724100    0.824522374700",
      "H     1.070734791400    2.868586700100    0.699138162000",
      "H     1.031840155400   -1.376642955800    0.572883010200",
      "H    -2.717736384700    0.874866443000    0.763675411800",
      "N     2.641999402400    0.736570283500    0.641113420600",
      "O     3.170615100000   -0.342191241400    0.626288668000",
      "O     3.168219445000    1.817930195700    0.634749303100",
      "C    -0.978436992000   -0.448106562400    0.639787838900",
      "H    -1.316427586200   -1.058226692300    1.485481998000",
      "Br   -1.605806500900   -1.408966037200   -0.904830808200"
    ],
    "units": "angstrom",
    "noorient": true
  },
  "common": {
    "maxiter": 100,
    "debug": false
  },
  "basis": {
    "basisset": "6-311G*"
  },
  "SCF": {
    "charge": 1,
    "multiplicity": 1,
    "lshift": 0,
    "tol_lindep": 1e-10,
    "conve": 1e-07,
    "convd": 1e-05,
    "diis_hist": 10,
    "writem": 10,
    "restart": false,
    "noscf": false,
    "scf_type": "restricted",
    "debug": false,
    "qed_omegas": [
      0.06615
    ],
    "qed_volumes": [],
    "qed_lambdas": [
      0.1
    ],
    "qed_polvecs": [
      [
        0.29389262614623657,
        0.09549150281252629,
        0.9510565162951536
      ]
    ],
    "direct_df": false
  },
  "CD": {
    "debug": false,
    "diagtol": 1e-06
  },
  "CC": {
    "threshold": 1e-06,
    "ndiis": 5,
    "ccsd_maxiter": 200,
    "tilesize": 40,
    "freeze": {
      "atomic": true
    },
    "readt": false,
    "writet": true,
    "writet_iter": 5,
    "debug": false,
    "profile_ccsd": false,
    "balance_tiles": true
  },
  "TASK": {
    "scf": false,
    "ccsd": true
  }
}

Output folder & files prefix: meta_th18_ph18_qed_ccsd_input.6-311g*

  C (carbon)
  ----------
          Exponent        Coefficients
      ----------------  --------------------
  1 S  4.56324000E+03      0.778202
  1 S  6.82024000E+02      1.448695
  1 S  1.54973000E+02      2.383089
  1 S  4.44553000E+01      3.200089
  1 S  1.30290000E+01      3.013004
  1 S  1.82773000E+00      0.247599

  2 S  2.09642000E+01      0.800629
  2 S  4.80331000E+00      2.127420
  2 S  1.45933000E+00     -0.002868

  3 P  2.09642000E+01      2.573592
  3 P  4.80331000E+00      2.408248
  3 P  1.45933000E+00      1.865281

  4 S  4.83456000E-01      0.413217

  5 P  4.83456000E-01      0.574627

  6 S  1.45585000E-01      0.167976

  7 P  1.45585000E-01      0.128185

  8 D  6.26000000E-01      0.725128


  H (hydrogen)
  ------------
          Exponent        Coefficients
      ----------------  --------------------
  1 S  3.38650000E+01      0.255069
  1 S  5.09479000E+00      0.460109
  1 S  1.15879000E+00      0.678321

  2 S  3.25840000E-01      0.307371

  3 S  1.02741000E-01      0.129336


  N (nitrogen)
  ------------
          Exponent        Coefficients
      ----------------  --------------------
  1 S  6.29348000E+03      0.991968
  1 S  9.49044000E+02      1.823240
  1 S  2.18776000E+02      2.979891
  1 S  6.36916000E+01      4.000007
  1 S  1.88282000E+01      3.881008
  1 S  2.72023000E+00      0.386764

  2 S  3.06331000E+01      1.038501
  2 S  7.02614000E+00      2.834794
  2 S  2.11205000E+00     -0.003208

  3 P  3.06331000E+01      3.935616
  3 P  7.02614000E+00      3.870994
  3 P  2.11205000E+00      2.967271

  4 S  6.84009000E-01      0.536051

  5 P  6.84009000E-01      0.886681

  6 S  2.00878000E-01      0.213850

  7 P  2.00878000E-01      0.191693

  8 D  9.13000000E-01      1.403568


  O (oxygen)
  ----------
          Exponent        Coefficients
      ----------------  --------------------
  1 S  8.58850000E+03      1.205013
  1 S  1.29723000E+03      2.216205
  1 S  2.99296000E+02      3.627452
  1 S  8.73771000E+01      4.888452
  1 S  2.56789000E+01      4.835721
  1 S  3.74004000E+00      0.538229

  2 S  4.21175000E+01      1.341958
  2 S  9.62837000E+00      3.587114
  2 S  2.85332000E+00     -0.005123

  3 P  4.21175000E+01      5.584018
  3 P  9.62837000E+00      5.733366
  3 P  2.85332000E+00      4.332955

  4 S  9.05661000E-01      0.661659

  5 P  9.05661000E-01      1.259352

  6 S  2.55611000E-01      0.256209

  7 P  2.55611000E-01      0.259068

  8 D  1.29200000E+00      2.577026


  Br (bromine)
  ------------
          Exponent        Coefficients
      ----------------  --------------------
  1 S  4.39700000E+05      9.893706
  1 S  6.60300000E+04     18.450679
  1 S  1.51400000E+04     31.049770
  1 S  4.31700000E+03     48.888138
  1 S  1.41400000E+03     64.847798
  1 S  5.23900000E+02     42.245010

  2 S  5.23900000E+02     14.290679
  2 S  2.07700000E+02     24.083128
  2 S  8.65400000E+01      5.132542

  3 S  3.05200000E+01      9.254405

  4 S  1.29800000E+01      4.873782

  5 S  4.41200000E+00      2.169635

  6 S  1.86200000E+00      1.136043

  7 S  3.93200000E-01      0.353892

  8 S  1.40000000E-01      0.163120

  9 P  2.95700000E+03    691.874478
  9 P  7.00300000E+02    925.332763
  9 P  2.24600000E+02   1068.830732

  10 P  8.25900000E+01    122.079275
  10 P  3.31900000E+01     57.580687
  10 P  1.42000000E+01     10.176170

  11 P  1.42000000E+01      3.129736
  11 P  7.43800000E+00      6.538168
  11 P  3.52600000E+00      4.166276

  12 P  1.59500000E+00      2.555000

  13 P  8.46200000E-01      1.156861

  14 P  3.18600000E-01      0.341191

  15 P  1.09600000E-01      0.089888

  16 D  1.34800000E+02    160.709187
  16 D  3.63900000E+01    119.797406
  16 D  1.21600000E+01     55.531619
  16 D  4.34100000E+00     12.984636

  17 D  1.53500000E+00      3.484168

  18 D  4.51000000E-01      0.408525



Printing Internal Coordinates

------------------------------------------------------------
                Bond Lengths

i      j        Length (Angstroms)     Length (Bohr)
0      1          1.4016807232         2.6487926828
0      4          1.3597543003         2.5695632261
0      5          1.0811351740         2.0430493840
1      2          1.4025941067         2.6505187275
1      6          1.0848840069         2.0501336513
2      3          1.3491435584         2.5495118298
2      9          1.4880082490         2.8119280638
3      7          1.0837038975         2.0479035678
3      12         1.4699719653         2.7778444271
4      8          1.0831071717         2.0467759195
4      12         1.4729459942         2.7834645274
9      10         1.2014078228         2.2703317506
9      11         1.2026168529         2.2726164864
12     13         1.0962129471         2.0715422457
12     14         1.9242375623         3.6362819938

Number of Bonds: 15

------------------------------------------------------------
           Bond Angles

i      j      k      Angle (degrees)
0      1      2        121.6376 
0      1      6        120.7069 
0      4      8        121.0467 
0      4      12       121.9560 
1      0      4        118.8202 
1      0      5        119.8852 
1      2      3        121.6066 
1      2      9        118.9726 
2      1      6        117.6535 
2      3      7        120.6485 
2      3      12       119.7631 
2      9      10       116.0878 
2      9      11       115.9732 
3      2      9        119.4208 
3      12     4        116.1479 
3      12     13       108.5875 
3      12     14       108.7813 
4      0      5        121.2901 
4      12     13       108.0372 
4      12     14       110.6302 
7      3      12       119.5778 
8      4      12       116.9904 
10     9      11       127.9366 
13     12     14       103.9352 

Number of Angles: 24

------------------------------------------------------------
              Torsional Angles

i      j      k      l      Angle (degrees)
3      2      1      0          2.1647 
3      12     4      0          2.0172 
4      0      1      2         -2.2136 
4      12     3      2         -2.0763 
5      0      1      2        178.5488 
6      1      0      4        178.3239 
6      1      0      5         -0.9137 
6      1      2      3       -178.3570 
7      3      2      1        178.9057 
7      3      12     4        179.1003 
8      4      0      1       -178.9470 
8      4      0      5          0.2794 
8      4      12     3       -178.9329 
12     3      2      1          0.0951 
12     4      0      1          0.0647 
12     4      0      5        179.2912 
13     12     3      2       -124.0154 
13     12     3      7         57.1612 
13     12     4      0        124.2468 
13     12     4      8        -56.7033 
14     12     3      2        123.4817 
14     12     3      7        -55.3417 
14     12     4      0       -122.5981 
14     12     4      8         56.4518 

Number of Torsional Angles: 24


----------------------------------------------------------------------
                          Center of Mass

         x               y               z              Unit
  -0.05090401047  -0.08823341401    0.0530073988      Angstrom
   -0.0961946385   -0.1667369876    0.1001694664          Bohr

----------------------------------------------------------------------
                Moment of Inertia Tensor

           1707.32           -938.81          -667.082
           -938.81           2983.31          -604.135
          -667.082          -604.135            3819.8

----------------------------------------------------------------------
                      Principal Moments of Inertia

           x                 y                 z                Unit
        264.317956       956.2490814       1162.595335       amu * ang^2
        943.896557       3414.827464       4151.703313      amu * bohr^2
  4.3891059160e-38  1.5878900409e-37  1.9305362898e-37          g * cm^2

 - Molecule is an asymmetric top.

----------------------------------------------------------------------

         Rotational constants (MHz)

    A = 1.9120e+03        B = 5.2850e+02        C = 4.3470e+02

----------------------------------------------------------------------

        Rotational constants (cm-1)

    A = 6.3778e-02        B = 1.7629e-02        C = 1.4500e-02

----------------------------------------------------------------------

                                Z-Matrix
C   
C        1       2.6487927
C        2       2.6505187     1       121.63758
C        3      2.54951183     2    121.60658710     1          2.1647
C        4      4.72005904     3     87.81833358     2         -1.0046
H        5      4.02862703     4    115.76304114     3         -0.2639
H        6      4.71375638     5     93.02963201     4          1.4161
H        7      8.02620501     6     92.25424810     5         -0.9743
H        8      8.27281880     7     59.50213132     6          0.9216
N        9     10.13445075     8     29.51225022     7         -1.2488
O       10      2.27033175     9    117.59201679     8         -2.6442
O       11      4.08207174    10     26.04579556     9       -179.8275
C       12      8.92977231    11     61.40864933    10         -0.9592
H       13      2.07154225    12    122.56680152    11         66.4552
Br      14      4.59803940    13     50.13508210    12       -143.1262

----------------------------------------------------------------------

             Converted back to Cartesian

C        0.000000      0.000000      0.000000
C        0.000000      0.000000      2.648793
C        0.000000      0.098187      0.000093
C       -0.000062     -0.090550      2.542609
C        0.000175      0.384649     -2.153468
H       -0.000153     -0.161999      1.837899
H        0.000290      0.609686     -2.812262
H       -0.000498     -0.926240      5.065612
H        0.000295      0.803787     -3.024292
N       -0.000630     -1.404555      6.866629
O       -0.000399     -0.830803      4.669992
O        0.000950     -1.893669      8.611264
C       -0.011050      0.592039      0.034438
H       -0.005644     -0.058423      2.001201
Br      -0.016958      1.451851     -2.341714

----------------------------------------------------------------------
                       Geometry in bohr 

1     C      -1.7465049089    3.8280232634    1.4473980745
2     C       0.8969667747    3.7079145050    1.3302058380
3     C       2.1808936005    1.3908003282    1.2420961194
4     C       0.9286989642   -0.8292563443    1.1840656599
5     C      -3.0897768916    1.6383098944    1.3888240596
6     H      -2.6791866119    5.6423815399    1.5581214729
7     H       2.0233955092    5.4208432316    1.3211796504
8     H       1.9498952994   -2.6014781596    1.0825919915
9     H      -5.1357774495    1.6532579740    1.4431373774
10    N       4.9926552953    1.3919161083    1.2115287806
11    O       5.9915941897   -0.6466477289    1.1835140583
12    O       5.9870670578    3.4353901859    1.1995023415
13    C      -1.8489779463   -0.8467986782    1.2090237942
14    H      -2.4876876025   -1.9997586276    2.8071541412
15    Br     -3.0345344979   -2.6625599310   -1.7098824178

 Number of nodes, processes per node used for SCF calculation: 1, 4

Common Options
{
  maxiter       = 100
  basis         = 6-311g* spherical
  geom_units    = angstrom
  ang2au factor = 1.889726126
  debug         = false
  file_prefix   = meta_th18_ph18_qed_ccsd_input
}

SCF Options
{
  charge            = 1
  multiplicity      = 1
  level shift       = 0
  tol_int           = 1e-22
  tol_sch           = 1e-12
  tol_lindep        = 1e-10
  conve             = 1e-07
  convd             = 1e-05
  diis_hist         = 10
  AO_tilesize       = 30
  writem            = 10
  damp              = 100
  n_lindep          = 0
  scf_type          = restricted
  cuscf             = false
  qed_omegas        = [0.06615,]
  qed_lambdas       = [0.1,]
  qed_polvecs       = [[0.2938926261,0.09549150281,0.9510565163,],]
  direct_df         = false
  restart_size      = 2000
  restart           = false
  debug             = false
}

Number of basis functions = 221

Total number of shells = 105

Total number of electrons = 98
  # of alpha electrons    = 49
  # of beta electons      = 49

Nuclear repulsion energy  = 740.259782378981

# of {all,non-negligible} shell-pairs = {5565,4906}
Number of AO tiles = 105

Time for initial setup: 0.01 secs
HF exch = 1.00

Time for computing 1-e integrals T, V, S: 0.01 secs
Time for computing orthogonalizer: 0.01 secs

Superposition of Atomic Density Guess ...
Time taken for SAD: 0.28 secs
Total Time to compute initial guess: 0.28 secs


 SCF iterations
-----------------------------------------------------------------------------
 Iter     Energy            E-Diff       RMSD        |[F,P]|^2       Time(s)
-----------------------------------------------------------------------------
   1  -3011.6955827261    -3.01e+03     1.67e-02     1.50e+03         0.6 
   2  -3005.8235799341     5.87e+00     6.57e-03     7.71e+00         2.1 
   3  -3006.0252393024    -2.02e-01     2.51e-03     3.39e+00         2.1 
   4  -3006.1221121649    -9.69e-02     1.13e-03     9.47e-02         2.1 
   5  -3006.1281587291    -6.05e-03     2.44e-04     7.39e-03         2.1 
   6  -3006.1286425328    -4.84e-04     1.56e-04     1.33e-03         2.1 
   7  -3006.1287774907    -1.35e-04     5.97e-05     2.22e-04         2.1 
   8  -3006.1287990140    -2.15e-05     2.03e-05     3.55e-05         2.1 
   9  -3006.1288021543    -3.14e-06     8.18e-06     4.93e-06         2.1 
  10  -3006.1288026376    -4.83e-07     3.28e-06     8.62e-07         2.1 
  11  -3006.1288027142    -7.66e-08     1.69e-06     1.39e-07         2.1 

** Total SCF energy = -3006.1288027142027

Nuclear repulsion energy = 740.259782378981186
#electrons        = 98
1e energy kinetic = 3006.1870308978041066
1e energy N-e     = -8633.7902620775093965
1e energy         = -5624.6477977379345248
2e energy         = 1881.0326588638001795
QED energy        = 0.1819872227229520
QED eT energy     = 0.1577898631984689
QED eT energy from matrix = 0.1577898631984803

 Polarizability Matrix (QED energy = 0.5 * lambda.dot(matrix * lambda))
[40.91095032,  1.43836011,  0.30600831]
[ 1.43836011, 44.80865575,  1.07322695]
[ 0.30600831,  1.07322695, 35.38775114]

 Polarizability Matrix (QED eT energy = 0.5 * lambda.dot(matrix * lambda))
[37.14941410,  1.64455334,  0.44668400]
[ 1.64455334, 41.80993658,  1.40297535]
[ 0.44668400,  1.40297535, 30.26083360]


                      Electron        Nuclear        Total  
                  ------------------------------------------
    Monopole         -98.000000     99.000000      1.000000

      Dipole   X      -4.274266      2.167606     -2.106660
      Dipole   Y       0.958464      0.312959      1.271423
      Dipole   Z     -21.289420     22.720814      1.431394

  Quadrupole  XX   -1303.534705   1253.006968    -50.527736
  Quadrupole  XY    -426.547833    424.684988     -1.862845
  Quadrupole  XZ    -302.554096    300.024480     -2.529617
  Quadrupole  YY    -678.870367    640.720436    -38.149931
  Quadrupole  YZ    -279.979978    282.721154      2.741176
  Quadrupole  ZZ    -257.651868    211.826917    -45.824951

    Octupole XXX   -3140.561874   3000.843301   -139.718573
    Octupole XXY    -488.629971    468.027219    -20.602752
    Octupole XXZ    -624.785781    599.160621    -25.625160
    Octupole XYY     211.503999   -244.675706    -33.171707
    Octupole XYZ     314.188489   -321.959626     -7.771137
    Octupole XZZ     169.937646   -190.561799    -20.624153
    Octupole YYY    -686.283327    676.171587    -10.111740
    Octupole YYZ    -116.944005    104.164926    -12.779079
    Octupole YZZ      88.547265   -113.148658    -24.601392
    Octupole ZZZ     -49.747557    -22.519906    -72.267464

writing orbitals and density to disk ... done.

Total Time taken for Hartree-Fock: 23.02 secs

CD Options
{
  debug             = false
  skip_cd           = [false, 100]
  write_cv          = [false, 5000]
  diagtol           = 1e-06
  itilesize         = 1000
  max_cvecs_factor  = 12
}

- #occupied, #virtual = 98, 344

- Tilesize for the MSO space: 40

-----------------------------------------------------
Begin 2-index transformation ... 

nAO, nMO, nelectrons = 221, 442, 98
n_occ_alpha, n_vir_alpha, n_occ_beta, n_vir_beta = 49,172,49,172

Time taken for Fao->Fmo transform: 0.00 secs

-----------------------------------------------------
Number of AO tiles = 105
# of {all,non-negligible} shell-pairs = {5565,4906}

    Begin Cholesky Decomposition
---------------------------------------------
Total # of mpi ranks used for Cholesky decomposition: 4
  --> Number of nodes, mpi ranks per node: 1, 4
- CPU memory required for computing cholesky vectors: 1.93 GiB

- Time for computing the diagonal: 0.01 secs

- Total number of cholesky vectors = 1650

- Time to compute cholesky vectors: 14.16 secs

- CPU memory required for resizing the ao cholesky tensor: 1.57 GiB
- CPU memory required for ao2mo transformation: 1.70 GiB
- CPU memory required for the 2-step contraction: 2.12 GiB

- Time for ao to mo transform: 1.58 secs

   End Cholesky Decomposition
---------------------------------------------

Total Time taken for Cholesky Decomposition: 17.50 secs

scf_type = restricted
Closed-Shell SCF
QED-HF Enabled
nbf = 203
nbf_orig = 221
n_lindep = 0
focc = 1
nmo = 406
nocc = 62
nvir = 344
n_occ_alpha = 31
n_vir_alpha = 172
n_occ_beta = 31
n_vir_beta = 172
nelectrons = 98
nelectrons_alpha = 49
nelectrons_beta = 49
freeze atomic = true
n_frozen_core = 18
n_frozen_virtual = 0
----------------------------
--------- QED-CCSD --------
lambda_x: 0.0294
lambda_y: 0.0095
lambda_z: 0.0951
omega: 0.066150
coupling_factor_x: 0.005345
coupling_factor_y: 0.001737
coupling_factor_z: 0.017296
----------------------------
# of {all,non-negligible} shell-pairs = {5565,4906}
Number of AO tiles = 105
----------------------------
Electronic dipole expectation value using SCF density: 
dipole_x_elec: -4.27419178
dipole_y_elec: 0.95856238
dipole_z_elec: -21.28928269

d_n/N value: d_n is nuclear dipole moment and N is the total number of electrons 
d_nuc_x: 0.02211843
d_nuc_y: 0.00319346
d_nuc_z: 0.23184504

<d_e+d_n> expectation values: 
dipole_total_x: -2.10658546
dipole_total_y: 1.27152097
dipole_total_z: 1.43153125
----------------------------


 CCSD iterations
------------------------------------------------------------
  Iter     Residuum          Correlation          Time(s)
------------------------------------------------------------
   1     1.1851008680990    0.0000000000000         88.24
   2     0.1623380348095   -1.6506110399478         87.27
   3     0.0627764852662   -1.6249489486038         86.29
   4     0.0188678201504   -1.6871299901182         86.06
   5     0.0146782066351   -1.6829838538422         85.93
 MICROCYCLE DIIS UPDATE:                    6
   6     0.0069102701132   -1.6913727005541         86.14
   7     0.0046683631863   -1.6911937051740         86.12
   8     0.0027713415060   -1.6923265782692         86.15
   9     0.0020801945229   -1.6925368319291         85.97
  10     0.0016862235990   -1.6927773199730         86.42
 MICROCYCLE DIIS UPDATE:                   11
  11     0.0003749080689   -1.6931804589444         86.29
  12     0.0002490388547   -1.6931940638025         86.16
  13     0.0002010418063   -1.6932228102133         86.03
  14     0.0002038261887   -1.6932058570413         86.07
  15     0.0002275292490   -1.6932168338339         86.11
 MICROCYCLE DIIS UPDATE:                   16
  16     0.0000320527564   -1.6932117133007         87.01
  17     0.0000191580721   -1.6932138048932         86.49
  18     0.0000143678020   -1.6932167337858         86.03
  19     0.0000107311999   -1.6932180444189         86.04
  20     0.0000100742562   -1.6932186013480         86.05
 MICROCYCLE DIIS UPDATE:                   21
  21     0.0000041485970   -1.6932209104737         86.18
  22     0.0000027887399   -1.6932202931154         85.96
  23     0.0000022141412   -1.6932203167588         86.22
  24     0.0000020691507   -1.6932200613910         85.92
  25     0.0000020373697   -1.6932200948763         86.03
 MICROCYCLE DIIS UPDATE:                   26
  26     0.0000006055046   -1.6932198260204         86.06
------------------------------------------------------------------
 Iterations converged
 CCSD correlation energy / hartree =        -1.693219826020350
 CCSD total energy / hartree       =     -3007.822022540222861

Time taken for spin-orbital canonical QED-CCSD: 2300.42 secs
