
ExaChem Git Information
{
 WARNING: Failed to retrieve the current git state.
}


TAMM Git Information
{
 Branch: main
 Commit Hash: e71357ad [e71357ad54f38748b4a7e175aa6760820d5ce96f]
 Commit Date: 2026-02-02 23:14:56 -0800
 Commit Message: add GitHub Actions workflow for releases
}


date: Mon Aug 10 10:22:18 2026
program: "/global/cfs/cdirs/m3196/heindelj/cavity_qed/software/install_gpu/bin/bin/ExaChem"
nnodes: 1, nproc_per_node: 4, nproc_total: 4, ngpus_per_node: 1, ngpus_total: 1

Memory information
{
[AMD EPYC 7763 64-Core Processor                ] : 
  CPU memory per node (GiB): 251
  Total CPU memory (GiB): 251
[NVIDIA A100-SXM4-80GB, CUDA v12.9] : 
  GPU memory per device (GiB): 79
  GPU memory per node (GiB): 79
  Total GPU memory (GiB): 79
}

------------------------------------------------------------

Input file provided: /global/cfs/cdirs/m4262/heindelj/cavity_qed/mlip/lambda_scans/grid_scans_optimized_geoms/runs_grid_no_freq/ortho_th72_ph270/ortho_th72_ph270_qed_ccsd_input.json

{
  "geometry": {
    "coordinates": [
      "C    -1.760505049500    1.950559836800    0.621927579800",
      "C    -0.358802272100    1.972924262400    0.613005606200",
      "C     0.305917526600    0.800933836500    0.647222261400",
      "C    -2.516737017000    0.777428293600    0.705862247100",
      "H    -2.284659370900    2.893121584600    0.573592682100",
      "H     0.181792635600    2.903605158500    0.581375320100",
      "H    -3.595775733700    0.819610838800    0.715468253100",
      "N     1.775526862700    0.829399910700    0.695601766400",
      "O     2.356479094200    0.504353297800   -0.301161393200",
      "O     2.224315742500    1.197150109200    1.749692639200",
      "C    -1.857598528500   -0.399069088300    0.788358750300",
      "H    -2.401581538800   -1.324908627600    0.886960147100",
      "C    -0.386193733600   -0.497723504300    0.736800761800",
      "H    -0.011542517900   -1.046645542400    1.600735602500",
      "Br   -0.024137035700   -1.596263575400   -0.825714195200"
    ],
    "units": "angstrom",
    "noorient": true
  },
  "common": {
    "maxiter": 100,
    "debug": false
  },
  "basis": {
    "basisset": "6-311G*"
  },
  "SCF": {
    "charge": 1,
    "multiplicity": 1,
    "lshift": 0,
    "tol_lindep": 1e-10,
    "conve": 1e-07,
    "convd": 1e-05,
    "diis_hist": 10,
    "writem": 10,
    "restart": false,
    "noscf": false,
    "scf_type": "restricted",
    "debug": false,
    "qed_omegas": [
      0.06615
    ],
    "qed_volumes": [],
    "qed_lambdas": [
      0.1
    ],
    "qed_polvecs": [
      [
        -1.7470624777336386e-16,
        -0.9510565162951536,
        0.3090169943749475
      ]
    ],
    "direct_df": false
  },
  "CD": {
    "debug": false,
    "diagtol": 1e-06
  },
  "CC": {
    "threshold": 1e-06,
    "ndiis": 5,
    "ccsd_maxiter": 200,
    "tilesize": 40,
    "freeze": {
      "atomic": true
    },
    "readt": false,
    "writet": true,
    "writet_iter": 5,
    "debug": false,
    "profile_ccsd": false,
    "balance_tiles": true
  },
  "TASK": {
    "scf": false,
    "ccsd": true
  }
}

Output folder & files prefix: ortho_th72_ph270_qed_ccsd_input.6-311g*

  C (carbon)
  ----------
          Exponent        Coefficients
      ----------------  --------------------
  1 S  4.56324000E+03      0.778202
  1 S  6.82024000E+02      1.448695
  1 S  1.54973000E+02      2.383089
  1 S  4.44553000E+01      3.200089
  1 S  1.30290000E+01      3.013004
  1 S  1.82773000E+00      0.247599

  2 S  2.09642000E+01      0.800629
  2 S  4.80331000E+00      2.127420
  2 S  1.45933000E+00     -0.002868

  3 P  2.09642000E+01      2.573592
  3 P  4.80331000E+00      2.408248
  3 P  1.45933000E+00      1.865281

  4 S  4.83456000E-01      0.413217

  5 P  4.83456000E-01      0.574627

  6 S  1.45585000E-01      0.167976

  7 P  1.45585000E-01      0.128185

  8 D  6.26000000E-01      0.725128


  H (hydrogen)
  ------------
          Exponent        Coefficients
      ----------------  --------------------
  1 S  3.38650000E+01      0.255069
  1 S  5.09479000E+00      0.460109
  1 S  1.15879000E+00      0.678321

  2 S  3.25840000E-01      0.307371

  3 S  1.02741000E-01      0.129336


  N (nitrogen)
  ------------
          Exponent        Coefficients
      ----------------  --------------------
  1 S  6.29348000E+03      0.991968
  1 S  9.49044000E+02      1.823240
  1 S  2.18776000E+02      2.979891
  1 S  6.36916000E+01      4.000007
  1 S  1.88282000E+01      3.881008
  1 S  2.72023000E+00      0.386764

  2 S  3.06331000E+01      1.038501
  2 S  7.02614000E+00      2.834794
  2 S  2.11205000E+00     -0.003208

  3 P  3.06331000E+01      3.935616
  3 P  7.02614000E+00      3.870994
  3 P  2.11205000E+00      2.967271

  4 S  6.84009000E-01      0.536051

  5 P  6.84009000E-01      0.886681

  6 S  2.00878000E-01      0.213850

  7 P  2.00878000E-01      0.191693

  8 D  9.13000000E-01      1.403568


  O (oxygen)
  ----------
          Exponent        Coefficients
      ----------------  --------------------
  1 S  8.58850000E+03      1.205013
  1 S  1.29723000E+03      2.216205
  1 S  2.99296000E+02      3.627452
  1 S  8.73771000E+01      4.888452
  1 S  2.56789000E+01      4.835721
  1 S  3.74004000E+00      0.538229

  2 S  4.21175000E+01      1.341958
  2 S  9.62837000E+00      3.587114
  2 S  2.85332000E+00     -0.005123

  3 P  4.21175000E+01      5.584018
  3 P  9.62837000E+00      5.733366
  3 P  2.85332000E+00      4.332955

  4 S  9.05661000E-01      0.661659

  5 P  9.05661000E-01      1.259352

  6 S  2.55611000E-01      0.256209

  7 P  2.55611000E-01      0.259068

  8 D  1.29200000E+00      2.577026


  Br (bromine)
  ------------
          Exponent        Coefficients
      ----------------  --------------------
  1 S  4.39700000E+05      9.893706
  1 S  6.60300000E+04     18.450679
  1 S  1.51400000E+04     31.049770
  1 S  4.31700000E+03     48.888138
  1 S  1.41400000E+03     64.847798
  1 S  5.23900000E+02     42.245010

  2 S  5.23900000E+02     14.290679
  2 S  2.07700000E+02     24.083128
  2 S  8.65400000E+01      5.132542

  3 S  3.05200000E+01      9.254405

  4 S  1.29800000E+01      4.873782

  5 S  4.41200000E+00      2.169635

  6 S  1.86200000E+00      1.136043

  7 S  3.93200000E-01      0.353892

  8 S  1.40000000E-01      0.163120

  9 P  2.95700000E+03    691.874478
  9 P  7.00300000E+02    925.332763
  9 P  2.24600000E+02   1068.830732

  10 P  8.25900000E+01    122.079275
  10 P  3.31900000E+01     57.580687
  10 P  1.42000000E+01     10.176170

  11 P  1.42000000E+01      3.129736
  11 P  7.43800000E+00      6.538168
  11 P  3.52600000E+00      4.166276

  12 P  1.59500000E+00      2.555000

  13 P  8.46200000E-01      1.156861

  14 P  3.18600000E-01      0.341191

  15 P  1.09600000E-01      0.089888

  16 D  1.34800000E+02    160.709187
  16 D  3.63900000E+01    119.797406
  16 D  1.21600000E+01     55.531619
  16 D  4.34100000E+00     12.984636

  17 D  1.53500000E+00      3.484168

  18 D  4.51000000E-01      0.408525



Printing Internal Coordinates

------------------------------------------------------------
                Bond Lengths

i      j        Length (Angstroms)     Length (Bohr)
0      1          1.4019095710         2.6492251425
0      3          1.3982737338         2.6423544060
0      4          1.0795817076         2.0401137579
1      2          1.3478073856         2.5469868293
1      5          1.0767591465         2.0347798905
2      7          1.4706809629         2.7791842385
2      12         1.4742975253         2.7860185509
3      6          1.0799056415         2.0407259043
3      10         1.3510793129         2.5531698757
7      8          1.1986232069         2.2650695892
7      9          1.2032286712         2.2737726554
10     11         1.0783406713         2.0377685393
10     12         1.4756093624         2.7884975638
12     13         1.0899827275         2.0597688370
12     14         1.9440494673         3.6737210683

Number of Bonds: 15

------------------------------------------------------------
           Bond Angles

i      j      k      Angle (degrees)
0      1      2        118.6253 
0      1      5        121.0616 
0      3      6        120.5414 
0      3      10       118.0596 
1      0      3        123.6776 
1      0      4        118.1143 
1      2      7        118.4786 
1      2      12       122.4100 
2      1      5        120.3130 
2      7      8        116.8544 
2      7      9        114.0447 
2      12     10       114.2894 
2      12     13       109.2935 
2      12     14       111.1919 
3      0      4        118.2036 
3      10     11       120.4716 
3      10     12       122.8577 
6      3      10       121.3953 
7      2      12       118.9575 
8      7      9        129.0958 
10     12     13       110.4089 
10     12     14       104.5704 
11     10     12       116.6679 
13     12     14       106.7661 

Number of Angles: 24

------------------------------------------------------------
              Torsional Angles

i      j      k      l      Angle (degrees)
3      0      1      2          2.0365 
4      0      1      2       -178.7517 
5      1      0      3       -177.8525 
5      1      0      4          1.3593 
6      3      0      1        179.5830 
6      3      0      4          0.3719 
10     3      0      1          0.2782 
10     3      0      4       -178.9329 
11     10     3      0        178.0058 
11     10     3      6         -1.2927 

Number of Torsional Angles: 10


----------------------------------------------------------------------
                          Center of Mass

         x               y               z              Unit
   0.04504103262   -0.1438769664    0.1018576535      Angstrom
   0.08511521609   -0.2718880623     0.192483069          Bohr

----------------------------------------------------------------------
                Moment of Inertia Tensor

           1846.26          -77.4842          -25.6216
          -77.4842           1939.82          -650.839
          -25.6216          -650.839           2727.14

----------------------------------------------------------------------
                      Principal Moments of Inertia

           x                 y                 z                Unit
       434.3560091       523.0374856       866.4951705       amu * ang^2
       1551.113468        1867.80077        3094.31043      amu * bohr^2
  7.2126561421e-38  8.6852477093e-38  1.4388500637e-37          g * cm^2

 - Molecule is an asymmetric top.

----------------------------------------------------------------------

         Rotational constants (MHz)

    A = 1.1635e+03        B = 9.6624e+02        C = 5.8325e+02

----------------------------------------------------------------------

        Rotational constants (cm-1)

    A = 3.8811e-02        B = 3.2230e-02        C = 1.9455e-02

----------------------------------------------------------------------

                                Z-Matrix
C   
C        1       2.6492251
C        2       2.5469868     1       118.62533
C        3      5.33537988     2     60.96813694     1         -0.9598
H        4      4.02982197     3     83.20310118     2          1.1147
H        5      4.66098410     4     96.47958061     3         -1.3631
H        6      8.15675410     5     28.70375384     4         -0.4400
N        7     10.15037713     6     28.81741558     5        179.1670
O        8      2.26506959     7    119.16066955     6       -104.8435
O        9      4.09832623     8     25.50438471     7        178.7883
C       10      8.47939774     9     74.88251596     8         14.9183
H       11      2.03776854    10    138.13725231     9         93.3074
C       12      4.12660592    11     37.14637811    10        -24.7491
H       13      2.05976884    12     94.12657369    11        130.2091
Br      14      4.70154488    13     48.43205259    12         92.0318

----------------------------------------------------------------------

             Converted back to Cartesian

C        0.000000      0.000000      0.000000
C        0.000000      0.000000      2.649225
C        0.000000      0.092016      0.103901
C        0.000029     -0.199722      5.431299
H       -0.000057      0.122530      1.414382
H        0.000186     -0.386558      6.047481
H       -0.000305      0.575208     -2.052374
N       -0.004474     -0.709934      8.016318
O        0.003484     -0.342102      5.781329
O       -0.015357     -1.038730      9.819971
C        0.049724      0.591035      1.498924
H        0.020128      0.116738      3.480506
C        0.087993      1.121880     -0.521238
H        0.041808      0.564415      1.461121
Br       0.159745      1.902318     -3.044501

----------------------------------------------------------------------
                       Geometry in bohr 

1     C      -3.3268723868    3.6860238837    1.1752727960
2     C      -0.6780380276    3.7282865231    1.1584127094
3     C       0.5781003424    1.5135455960    1.2230728166
4     C      -4.7559436931    1.4691265574    1.3338863296
5     H      -4.3173805020    5.4672074438    1.0839330770
6     H       0.3435382930    5.4870185273    1.0986401314
7     H      -6.7950313469    1.5488400152    1.3520390501
8     N       3.3552594997    1.5673386801    1.3144968312
9     O       4.4531001095    0.9530896035   -0.5691125528
10    O       4.2033475709    2.2622858380    3.3064398926
11    C      -3.5103524708   -0.7541312822    1.4897821270
12    H      -4.5383313774   -2.5037144480    1.6761117626
13    C      -0.7298003880   -0.9405611096    1.3923516492
14    H      -0.0218121976   -1.9778734260    3.0249518887
15    Br     -0.0456123870   -3.0165009823   -1.5603736872

 Number of nodes, processes per node used for SCF calculation: 1, 4

Common Options
{
  maxiter       = 100
  basis         = 6-311g* spherical
  geom_units    = angstrom
  ang2au factor = 1.889726126
  debug         = false
  file_prefix   = ortho_th72_ph270_qed_ccsd_input
}

SCF Options
{
  charge            = 1
  multiplicity      = 1
  level shift       = 0
  tol_int           = 1e-22
  tol_sch           = 1e-12
  tol_lindep        = 1e-10
  conve             = 1e-07
  convd             = 1e-05
  diis_hist         = 10
  AO_tilesize       = 30
  writem            = 10
  damp              = 100
  n_lindep          = 0
  scf_type          = restricted
  cuscf             = false
  qed_omegas        = [0.06615,]
  qed_lambdas       = [0.1,]
  qed_polvecs       = [[-1.747062478e-16,-0.9510565163,0.3090169944,],]
  direct_df         = false
  restart_size      = 2000
  restart           = false
  debug             = false
}

Number of basis functions = 221

Total number of shells = 105

Total number of electrons = 98
  # of alpha electrons    = 49
  # of beta electons      = 49

Nuclear repulsion energy  = 776.734556510221

# of {all,non-negligible} shell-pairs = {5565,4992}
Number of AO tiles = 105

Time for initial setup: 0.01 secs
HF exch = 1.00

Time for computing 1-e integrals T, V, S: 0.01 secs
Time for computing orthogonalizer: 0.01 secs

Superposition of Atomic Density Guess ...
Time taken for SAD: 0.37 secs
Total Time to compute initial guess: 0.37 secs


 SCF iterations
-----------------------------------------------------------------------------
 Iter     Energy            E-Diff       RMSD        |[F,P]|^2       Time(s)
-----------------------------------------------------------------------------
   1  -3011.8102903159    -3.01e+03     1.66e-02     1.49e+03         0.6 
   2  -3005.7658213615     6.04e+00     7.07e-03     8.34e+00         2.2 
   3  -3005.9599247279    -1.94e-01     3.02e-03     4.45e+00         2.2 
   4  -3006.0893392232    -1.29e-01     1.20e-03     1.42e-01         2.2 
   5  -3006.0975093018    -8.17e-03     2.72e-04     1.13e-02         2.2 
   6  -3006.0981996027    -6.90e-04     1.80e-04     1.63e-03         2.2 
   7  -3006.0984178405    -2.18e-04     7.52e-05     3.66e-04         2.2 
   8  -3006.0984626084    -4.48e-05     3.16e-05     1.01e-04         2.2 
   9  -3006.0984724022    -9.79e-06     1.93e-05     2.15e-05         2.2 
  10  -3006.0984752973    -2.90e-06     8.39e-06     4.48e-06         2.2 
  11  -3006.0984758706    -5.73e-07     5.36e-06     9.63e-07         2.2 
  12  -3006.0984760728    -2.02e-07     2.79e-06     2.62e-07         2.2 
  13  -3006.0984761262    -5.34e-08     1.52e-06     5.45e-08         2.3 

** Total SCF energy = -3006.0984761262248

Nuclear repulsion energy = 776.734556510220955
#electrons        = 98
1e energy kinetic = 3006.2292450900313270
1e energy N-e     = -8706.7013644806411321
1e energy         = -5698.0894046416833589
2e energy         = 1917.4439960133970544
QED energy        = 0.1950907407658478
QED eT energy     = 0.1754687991320788
QED eT energy from matrix = 0.1754687991320779

 Polarizability Matrix (QED energy = 0.5 * lambda.dot(matrix * lambda))
[40.73356419, -1.39296276, -0.80386677]
[-1.39296276, 40.61296896,  2.62336573]
[-0.80386677,  2.62336573, 40.05956764]

 Polarizability Matrix (QED eT energy = 0.5 * lambda.dot(matrix * lambda))
[37.09026164, -1.53893300, -0.94235059]
[-1.53893300, 37.00829884,  3.09384007]
[-0.94235059,  3.09384007, 36.00270723]


                      Electron        Nuclear        Total  
                  ------------------------------------------
    Monopole         -98.000000     99.000000      1.000000

      Dipole   X      -4.575572      1.275508     -3.300064
      Dipole   Y       9.862475     -8.647941      1.214534
      Dipole   Z     -30.100782     31.359364      1.258582

  Quadrupole  XX    -789.854251    748.407397    -41.446854
  Quadrupole  XY     -31.156249     25.401266     -5.754983
  Quadrupole  XZ      -8.688117      3.644226     -5.043891
  Quadrupole  YY    -691.325078    656.794819    -34.530259
  Quadrupole  YZ    -297.978378    298.705090      0.726712
  Quadrupole  ZZ    -313.494161    264.471851    -49.022311

    Octupole XXX     -26.469925    -51.643186    -78.113111
    Octupole XXY   -1116.047001   1115.476186     -0.570815
    Octupole XXZ    -993.115387    977.143367    -15.972019
    Octupole XYY     285.773796   -313.162302    -27.388506
    Octupole XYZ    -137.899821    130.370125     -7.529696
    Octupole XZZ    -255.567588    251.982398     -3.585190
    Octupole YYY    -107.813389    118.416057     10.602667
    Octupole YYZ      -8.955117    -13.053743    -22.008860
    Octupole YZZ     -55.486456     21.828461    -33.657996
    Octupole ZZZ    -384.538575    288.415546    -96.123030

writing orbitals and density to disk ... done.

Total Time taken for Hartree-Fock: 29.23 secs

CD Options
{
  debug             = false
  skip_cd           = [false, 100]
  write_cv          = [false, 5000]
  diagtol           = 1e-06
  itilesize         = 1000
  max_cvecs_factor  = 12
}

- #occupied, #virtual = 98, 344

- Tilesize for the MSO space: 40

-----------------------------------------------------
Begin 2-index transformation ... 

nAO, nMO, nelectrons = 221, 442, 98
n_occ_alpha, n_vir_alpha, n_occ_beta, n_vir_beta = 49,172,49,172

Time taken for Fao->Fmo transform: 0.00 secs

-----------------------------------------------------
Number of AO tiles = 105
# of {all,non-negligible} shell-pairs = {5565,4992}

    Begin Cholesky Decomposition
---------------------------------------------
Total # of mpi ranks used for Cholesky decomposition: 4
  --> Number of nodes, mpi ranks per node: 1, 4
- CPU memory required for computing cholesky vectors: 1.93 GiB

- Time for computing the diagonal: 0.01 secs

- Total number of cholesky vectors = 1641

- Time to compute cholesky vectors: 15.22 secs

- CPU memory required for resizing the ao cholesky tensor: 1.56 GiB
- CPU memory required for ao2mo transformation: 1.70 GiB
- CPU memory required for the 2-step contraction: 2.11 GiB

- Time for ao to mo transform: 1.53 secs

   End Cholesky Decomposition
---------------------------------------------

Total Time taken for Cholesky Decomposition: 19.43 secs

scf_type = restricted
Closed-Shell SCF
QED-HF Enabled
nbf = 203
nbf_orig = 221
n_lindep = 0
focc = 1
nmo = 406
nocc = 62
nvir = 344
n_occ_alpha = 31
n_vir_alpha = 172
n_occ_beta = 31
n_vir_beta = 172
nelectrons = 98
nelectrons_alpha = 49
nelectrons_beta = 49
freeze atomic = true
n_frozen_core = 18
n_frozen_virtual = 0
----------------------------
--------- QED-CCSD --------
lambda_x: -0.0000
lambda_y: -0.0951
lambda_z: 0.0309
omega: 0.066150
coupling_factor_x: -0.000000
coupling_factor_y: -0.017296
coupling_factor_z: 0.005620
----------------------------
# of {all,non-negligible} shell-pairs = {5565,4992}
Number of AO tiles = 105
----------------------------
Electronic dipole expectation value using SCF density: 
dipole_x_elec: -4.57575674
dipole_y_elec: 9.86238590
dipole_z_elec: -30.10081138

d_n/N value: d_n is nuclear dipole moment and N is the total number of electrons 
d_nuc_x: 0.01301538
d_nuc_y: -0.08824430
d_nuc_z: 0.31999351

<d_e+d_n> expectation values: 
dipole_total_x: -3.30024922
dipole_total_y: 1.21444493
dipole_total_z: 1.25855258
----------------------------


 CCSD iterations
------------------------------------------------------------
  Iter     Residuum          Correlation          Time(s)
------------------------------------------------------------
   1     1.1862224239172    0.0000000000000         85.59
   2     0.1731300217932   -1.6777221887438         84.40
   3     0.0736415513242   -1.6272114359494         84.32
   4     0.0250970865255   -1.7070420288605         84.26
   5     0.0208510653119   -1.6929492831730         84.52
 MICROCYCLE DIIS UPDATE:                    6
   6     0.0080125572696   -1.7053938946770         83.38
   7     0.0047896225026   -1.7051479617397         83.19
   8     0.0034700768436   -1.7065718231564         82.99
   9     0.0022234881745   -1.7066994302478         83.05
  10     0.0022600979755   -1.7070487145901         83.03
 MICROCYCLE DIIS UPDATE:                   11
  11     0.0006995444651   -1.7075015999365         83.13
  12     0.0006089990526   -1.7076001709735         83.05
  13     0.0003843425862   -1.7075758207641         83.50
  14     0.0003830755828   -1.7075540048651         83.39
  15     0.0002635896075   -1.7075695174312         83.81
 MICROCYCLE DIIS UPDATE:                   16
  16     0.0001033806441   -1.7075238663111         83.02
  17     0.0000606679924   -1.7075690017353         83.20
  18     0.0000504999085   -1.7075732115694         83.22
  19     0.0000392646616   -1.7075826711197         83.08
  20     0.0000408370483   -1.7075827100584         83.62
 MICROCYCLE DIIS UPDATE:                   21
  21     0.0000135342461   -1.7075894029506         83.52
  22     0.0000106005017   -1.7075901146348         83.48
  23     0.0000076802519   -1.7075899369348         83.65
  24     0.0000071719644   -1.7075892148161         83.60
  25     0.0000058563908   -1.7075895325981         83.42
 MICROCYCLE DIIS UPDATE:                   26
  26     0.0000021748707   -1.7075882860001         83.46
  27     0.0000012365508   -1.7075892264020         83.58
  28     0.0000009620210   -1.7075893668235         83.33
------------------------------------------------------------------
 Iterations converged
 CCSD correlation energy / hartree =        -1.707589366823547
 CCSD total energy / hartree       =     -3007.806065493048209

Time taken for spin-orbital canonical QED-CCSD: 2417.68 secs
