
ExaChem Git Information
{
 WARNING: Failed to retrieve the current git state.
}


TAMM Git Information
{
 Branch: main
 Commit Hash: e71357ad [e71357ad54f38748b4a7e175aa6760820d5ce96f]
 Commit Date: 2026-02-02 23:14:56 -0800
 Commit Message: add GitHub Actions workflow for releases
}


date: Mon Aug 10 23:50:11 2026
program: "/global/cfs/cdirs/m3196/heindelj/cavity_qed/software/install_gpu/bin/bin/ExaChem"
nnodes: 1, nproc_per_node: 4, nproc_total: 4, ngpus_per_node: 1, ngpus_total: 1

Memory information
{
[AMD EPYC 7763 64-Core Processor                ] : 
  CPU memory per node (GiB): 251
  Total CPU memory (GiB): 251
[NVIDIA A100-SXM4-80GB, CUDA v12.9] : 
  GPU memory per device (GiB): 79
  GPU memory per node (GiB): 79
  Total GPU memory (GiB): 79
}

------------------------------------------------------------

Input file provided: /global/cfs/cdirs/m4262/heindelj/cavity_qed/mlip/lambda_scans/grid_scans_optimized_geoms/runs_grid_no_freq/ortho_th63_ph162/ortho_th63_ph162_qed_ccsd_input.json

{
  "geometry": {
    "coordinates": [
      "C    -1.775938710000    1.929843614200    0.696750151600",
      "C    -0.356082463800    1.981522051800    0.705469636900",
      "C     0.294781738900    0.816318203000    0.718308050100",
      "C    -2.495863708900    0.743930791800    0.754057595500",
      "H    -2.311859198200    2.868610926500    0.662903767200",
      "H     0.171181419100    2.924343002500    0.723614526900",
      "H    -3.570703448100    0.758412179700    0.787220611900",
      "N     1.773794712600    0.814259727600    0.804982918100",
      "O     2.254722502900   -0.211079122000    1.214414595000",
      "O     2.325716558000    1.837642531000    0.511214263600",
      "C    -1.822072719100   -0.443764038600    0.772940951800",
      "H    -2.345990328900   -1.391827298900    0.798684554500",
      "C    -0.363655008300   -0.493488607000    0.627468177500",
      "H     0.124073649100   -1.247028681000    1.242390691800",
      "Br   -0.255605884400   -1.103218544700   -1.230692519000"
    ],
    "units": "angstrom",
    "noorient": true
  },
  "common": {
    "maxiter": 100,
    "debug": false
  },
  "basis": {
    "basisset": "6-311G*"
  },
  "SCF": {
    "charge": 1,
    "multiplicity": 1,
    "lshift": 0,
    "tol_lindep": 1e-10,
    "conve": 1e-07,
    "convd": 1e-05,
    "diis_hist": 10,
    "writem": 10,
    "restart": false,
    "noscf": false,
    "scf_type": "restricted",
    "debug": false,
    "qed_omegas": [
      0.06615
    ],
    "qed_volumes": [],
    "qed_lambdas": [
      0.1
    ],
    "qed_polvecs": [
      [
        -0.8473975608908426,
        0.2753361580731584,
        0.45399049973954686
      ]
    ],
    "direct_df": false
  },
  "CD": {
    "debug": false,
    "diagtol": 1e-06
  },
  "CC": {
    "threshold": 1e-06,
    "ndiis": 5,
    "ccsd_maxiter": 200,
    "tilesize": 40,
    "freeze": {
      "atomic": true
    },
    "readt": false,
    "writet": true,
    "writet_iter": 5,
    "debug": false,
    "profile_ccsd": false,
    "balance_tiles": true
  },
  "TASK": {
    "scf": false,
    "ccsd": true
  }
}

Output folder & files prefix: ortho_th63_ph162_qed_ccsd_input.6-311g*

  C (carbon)
  ----------
          Exponent        Coefficients
      ----------------  --------------------
  1 S  4.56324000E+03      0.778202
  1 S  6.82024000E+02      1.448695
  1 S  1.54973000E+02      2.383089
  1 S  4.44553000E+01      3.200089
  1 S  1.30290000E+01      3.013004
  1 S  1.82773000E+00      0.247599

  2 S  2.09642000E+01      0.800629
  2 S  4.80331000E+00      2.127420
  2 S  1.45933000E+00     -0.002868

  3 P  2.09642000E+01      2.573592
  3 P  4.80331000E+00      2.408248
  3 P  1.45933000E+00      1.865281

  4 S  4.83456000E-01      0.413217

  5 P  4.83456000E-01      0.574627

  6 S  1.45585000E-01      0.167976

  7 P  1.45585000E-01      0.128185

  8 D  6.26000000E-01      0.725128


  H (hydrogen)
  ------------
          Exponent        Coefficients
      ----------------  --------------------
  1 S  3.38650000E+01      0.255069
  1 S  5.09479000E+00      0.460109
  1 S  1.15879000E+00      0.678321

  2 S  3.25840000E-01      0.307371

  3 S  1.02741000E-01      0.129336


  N (nitrogen)
  ------------
          Exponent        Coefficients
      ----------------  --------------------
  1 S  6.29348000E+03      0.991968
  1 S  9.49044000E+02      1.823240
  1 S  2.18776000E+02      2.979891
  1 S  6.36916000E+01      4.000007
  1 S  1.88282000E+01      3.881008
  1 S  2.72023000E+00      0.386764

  2 S  3.06331000E+01      1.038501
  2 S  7.02614000E+00      2.834794
  2 S  2.11205000E+00     -0.003208

  3 P  3.06331000E+01      3.935616
  3 P  7.02614000E+00      3.870994
  3 P  2.11205000E+00      2.967271

  4 S  6.84009000E-01      0.536051

  5 P  6.84009000E-01      0.886681

  6 S  2.00878000E-01      0.213850

  7 P  2.00878000E-01      0.191693

  8 D  9.13000000E-01      1.403568


  O (oxygen)
  ----------
          Exponent        Coefficients
      ----------------  --------------------
  1 S  8.58850000E+03      1.205013
  1 S  1.29723000E+03      2.216205
  1 S  2.99296000E+02      3.627452
  1 S  8.73771000E+01      4.888452
  1 S  2.56789000E+01      4.835721
  1 S  3.74004000E+00      0.538229

  2 S  4.21175000E+01      1.341958
  2 S  9.62837000E+00      3.587114
  2 S  2.85332000E+00     -0.005123

  3 P  4.21175000E+01      5.584018
  3 P  9.62837000E+00      5.733366
  3 P  2.85332000E+00      4.332955

  4 S  9.05661000E-01      0.661659

  5 P  9.05661000E-01      1.259352

  6 S  2.55611000E-01      0.256209

  7 P  2.55611000E-01      0.259068

  8 D  1.29200000E+00      2.577026


  Br (bromine)
  ------------
          Exponent        Coefficients
      ----------------  --------------------
  1 S  4.39700000E+05      9.893706
  1 S  6.60300000E+04     18.450679
  1 S  1.51400000E+04     31.049770
  1 S  4.31700000E+03     48.888138
  1 S  1.41400000E+03     64.847798
  1 S  5.23900000E+02     42.245010

  2 S  5.23900000E+02     14.290679
  2 S  2.07700000E+02     24.083128
  2 S  8.65400000E+01      5.132542

  3 S  3.05200000E+01      9.254405

  4 S  1.29800000E+01      4.873782

  5 S  4.41200000E+00      2.169635

  6 S  1.86200000E+00      1.136043

  7 S  3.93200000E-01      0.353892

  8 S  1.40000000E-01      0.163120

  9 P  2.95700000E+03    691.874478
  9 P  7.00300000E+02    925.332763
  9 P  2.24600000E+02   1068.830732

  10 P  8.25900000E+01    122.079275
  10 P  3.31900000E+01     57.580687
  10 P  1.42000000E+01     10.176170

  11 P  1.42000000E+01      3.129736
  11 P  7.43800000E+00      6.538168
  11 P  3.52600000E+00      4.166276

  12 P  1.59500000E+00      2.555000

  13 P  8.46200000E-01      1.156861

  14 P  3.18600000E-01      0.341191

  15 P  1.09600000E-01      0.089888

  16 D  1.34800000E+02    160.709187
  16 D  3.63900000E+01    119.797406
  16 D  1.21600000E+01     55.531619
  16 D  4.34100000E+00     12.984636

  17 D  1.53500000E+00      3.484168

  18 D  4.51000000E-01      0.408525



Printing Internal Coordinates

------------------------------------------------------------
                Bond Lengths

i      j        Length (Angstroms)     Length (Bohr)
0      1          1.4208231594         2.6849666446
0      3          1.3885119263         2.6239072633
0      4          1.0814991512         2.0437372012
1      2          1.3347243328         2.5222634425
1      5          1.0803924214         2.0416457850
2      7          1.4815519385         2.7997274050
2      12         1.4688038372         2.7756369849
3      6          1.0754487255         2.0323035537
3      10         1.3656390040         2.5806837044
7      8          1.2042614309         2.2757242885
7      9          1.1992623183         2.2662773347
10     11         1.0835018876         2.0475218245
10     12         1.4664982373         2.7712800326
12     13         1.0880402497         2.0560980859
12     14         1.9586235943         3.7012621770

Number of Bonds: 15

------------------------------------------------------------
           Bond Angles

i      j      k      Angle (degrees)
0      1      2        117.1044 
0      1      5        121.3015 
0      3      6        120.5284 
0      3      10       119.1800 
1      0      3        123.2947 
1      0      4        117.6337 
1      2      7        119.2473 
1      2      12       124.0072 
2      1      5        121.5798 
2      7      8        114.8184 
2      7      9        116.3538 
2      12     10       114.1696 
2      12     13       112.4387 
2      12     14       108.1527 
3      0      4        119.0605 
3      10     11       121.5163 
3      10     12       121.2509 
6      3      10       120.2911 
7      2      12       116.7367 
8      7      9        128.7593 
10     12     13       114.4069 
10     12     14        99.1794 
11     10     12       116.9726 
13     12     14       107.2084 

Number of Angles: 24

------------------------------------------------------------
              Torsional Angles

i      j      k      l      Angle (degrees)
3      0      1      2          2.6224 
4      0      1      2       -178.5989 
5      1      0      3       -176.0260 
5      1      0      4          2.7527 
6      3      0      1        177.3670 
6      3      0      4         -1.3951 
10     3      0      1         -2.3892 
10     3      0      4        178.8486 
11     10     3      0       -178.8444 
11     10     3      6          1.3987 
12     10     3      0         -4.8813 
12     10     3      6        175.3618 
13     12     10     3        142.4165 
13     12     10     11       -43.3572 
14     12     10     3       -103.8538 
14     12     10     11        70.3725 

Number of Torsional Angles: 16


----------------------------------------------------------------------
                          Center of Mass

         x               y               z              Unit
  -0.04211014805   0.03749215004  -0.01937140769      Angstrom
  -0.07957664693   0.07084989545   -0.0366066552          Bohr

----------------------------------------------------------------------
                Moment of Inertia Tensor

           1757.12          -146.139          -158.026
          -146.139           2126.49          -605.552
          -158.026          -605.552           2467.26

----------------------------------------------------------------------
                      Principal Moments of Inertia

           x                 y                 z                Unit
       418.7838863       539.9417359       819.6980137       amu * ang^2
       1495.504408       1928.166944       2927.194749      amu * bohr^2
  6.9540747834e-38  8.9659495806e-38  1.3611415036e-37          g * cm^2

 - Molecule is an asymmetric top.

----------------------------------------------------------------------

         Rotational constants (MHz)

    A = 1.2068e+03        B = 9.3599e+02        C = 6.1654e+02

----------------------------------------------------------------------

        Rotational constants (cm-1)

    A = 4.0254e-02        B = 3.1221e-02        C = 2.0566e-02

----------------------------------------------------------------------

                                Z-Matrix
C   
C        1       2.6849666
C        2       2.5222634     1       117.10445
C        3      5.27576202     2     62.31068171     1         -1.2308
H        4      4.03377185     3     83.53935591     2          1.3726
H        5      4.69485050     4     96.16773273     3         -2.1362
H        6      8.17118198     5     28.86303268     4         -1.6775
N        7     10.10024497     6     29.48225461     5        177.4437
O        8      2.27572429     7    113.05187364     6        160.4527
O        9      4.09542991     8     25.56319039     7       -173.8825
C       10      8.95926962     9     59.90291709     8         -0.8974
H       11      2.04752182    10    147.71475783     9        -22.5562
C       12      4.12548498    11     36.77513650    10         -1.9246
H       13      2.05609809    12     94.45784498    11        141.1644
Br      14      4.73600901    13     48.29072801    12         91.1667

----------------------------------------------------------------------

             Converted back to Cartesian

C        0.000000      0.000000      0.000000
C        0.000000      0.000000      2.684967
C        0.000000      0.089955      0.164308
C        0.000038     -0.198237      5.432193
H       -0.000073      0.124524      1.411354
H        0.000254     -0.388044      6.078141
H       -0.000381      0.575437     -2.036039
N       -0.004412     -0.705403      7.982662
O       -0.003172     -0.339262      5.736586
O       -0.003850     -1.029594      9.773414
C       -0.010287      0.641290      0.971334
H       -0.003724      0.169473      2.963742
C       -0.019472      1.164963     -1.039803
H       -0.010939      0.611626      0.940420
Br      -0.033327      1.953083     -3.601581

----------------------------------------------------------------------
                       Geometry in bohr 

1     C      -3.3560377783    3.6468758967    1.3166669647
2     C      -0.6728983348    3.7445339903    1.3331444039
3     C       0.5570567534    1.5426178353    1.3574054887
4     C      -4.7164988574    1.4058254531    1.4249623387
5     H      -4.3687807263    5.4208890129    1.2527065678
6     H       0.3234859999    5.5262073729    1.3674332766
7     H      -6.7476515937    1.4331913102    1.4876313572
8     N       3.3519862104    1.5387278805    1.5211972512
9     O       4.2608080204   -0.3988817315    2.2949109879
10    O       4.3949673411    3.4726411009    0.9660549499
11    C      -3.4432184206   -0.8385924975    1.4606467104
12    H      -4.4332792156   -2.6301724095    1.5092950690
13    C      -0.6872083700   -0.9325583135    1.1857430082
14    H       0.2344652162   -2.3565426782    2.3477781489
15    Br     -0.4830251177   -2.0847809065   -2.3256718061

 Number of nodes, processes per node used for SCF calculation: 1, 4

Common Options
{
  maxiter       = 100
  basis         = 6-311g* spherical
  geom_units    = angstrom
  ang2au factor = 1.889726126
  debug         = false
  file_prefix   = ortho_th63_ph162_qed_ccsd_input
}

SCF Options
{
  charge            = 1
  multiplicity      = 1
  level shift       = 0
  tol_int           = 1e-22
  tol_sch           = 1e-12
  tol_lindep        = 1e-10
  conve             = 1e-07
  convd             = 1e-05
  diis_hist         = 10
  AO_tilesize       = 30
  writem            = 10
  damp              = 100
  n_lindep          = 0
  scf_type          = restricted
  cuscf             = false
  qed_omegas        = [0.06615,]
  qed_lambdas       = [0.1,]
  qed_polvecs       = [[-0.8473975609,0.2753361581,0.4539904997,],]
  direct_df         = false
  restart_size      = 2000
  restart           = false
  debug             = false
}

Number of basis functions = 221

Total number of shells = 105

Total number of electrons = 98
  # of alpha electrons    = 49
  # of beta electons      = 49

Nuclear repulsion energy  = 781.358998218922

# of {all,non-negligible} shell-pairs = {5565,4990}
Number of AO tiles = 105

Time for initial setup: 0.01 secs
HF exch = 1.00

Time for computing 1-e integrals T, V, S: 0.01 secs
Time for computing orthogonalizer: 0.01 secs

Superposition of Atomic Density Guess ...
Time taken for SAD: 0.29 secs
Total Time to compute initial guess: 0.29 secs


 SCF iterations
-----------------------------------------------------------------------------
 Iter     Energy            E-Diff       RMSD        |[F,P]|^2       Time(s)
-----------------------------------------------------------------------------
   1  -3011.9696796418    -3.01e+03     1.68e-02     1.52e+03         0.7 
   2  -3005.7657784938     6.20e+00     6.76e-03     8.20e+00         2.2 
   3  -3005.9910847930    -2.25e-01     2.75e-03     3.57e+00         2.2 
   4  -3006.0931095239    -1.02e-01     1.24e-03     1.64e-01         2.2 
   5  -3006.1023890139    -9.28e-03     3.35e-04     1.55e-02         2.2 
   6  -3006.1032970716    -9.08e-04     1.94e-04     2.38e-03         2.2 
   7  -3006.1035728000    -2.76e-04     9.11e-05     6.84e-04         2.2 
   8  -3006.1036483547    -7.56e-05     5.17e-05     1.65e-04         2.2 
   9  -3006.1036692227    -2.09e-05     2.55e-05     2.77e-05         2.2 
  10  -3006.1036736064    -4.38e-06     1.09e-05     6.09e-06         2.2 
  11  -3006.1036744350    -8.29e-07     5.56e-06     1.32e-06         2.3 
  12  -3006.1036746681    -2.33e-07     3.00e-06     4.06e-07         2.2 
  13  -3006.1036747408    -7.26e-08     2.07e-06     1.05e-07         2.3 

** Total SCF energy = -3006.1036747407638

Nuclear repulsion energy = 781.358998218921784
#electrons        = 98
1e energy kinetic = 3006.2250611664712778
1e energy N-e     = -8715.9073876439324522
1e energy         = -5706.3084380797081394
2e energy         = 1922.0230780418044105
QED energy        = 0.1965754759695311
QED eT energy     = 0.1769274863340243
QED eT energy from matrix = 0.1769274863340170

 Polarizability Matrix (QED energy = 0.5 * lambda.dot(matrix * lambda))
[39.07726477, -0.49726866, -0.08793806]
[-0.49726866, 44.71398869, -0.38728674]
[-0.08793806, -0.38728674, 37.17352917]

 Polarizability Matrix (QED eT energy = 0.5 * lambda.dot(matrix * lambda))
[35.29780952, -0.53451517, -0.10863245]
[-0.53451517, 41.64230186, -0.53832705]
[-0.10863245, -0.53832705, 32.42689904]


                      Electron        Nuclear        Total  
                  ------------------------------------------
    Monopole         -98.000000     99.000000      1.000000

      Dipole   X       9.432675    -13.100363     -3.667688
      Dipole   Y     -19.999171     21.199625      1.200454
      Dipole   Z     -10.558949     11.773853      1.214903

  Quadrupole  XX    -791.717469    750.605840    -41.111629
  Quadrupole  XY     -62.768652     57.382323     -5.386329
  Quadrupole  XZ     -69.018100     63.244980     -5.773120
  Quadrupole  YY    -577.822681    540.392506    -37.430175
  Quadrupole  YZ    -278.903987    281.936776      3.032790
  Quadrupole  ZZ    -380.262639    334.086343    -46.176296

    Octupole XXX     -45.392298    -24.029532    -69.421830
    Octupole XXY   -1097.784430   1084.989744    -12.794686
    Octupole XXZ   -1107.257985   1097.395916     -9.862069
    Octupole XYY     106.141088   -140.734225    -34.593137
    Octupole XYZ      99.380355   -102.273825     -2.893470
    Octupole XZZ       5.613781      1.939288      7.553069
    Octupole YYY   -1007.936741    978.930967    -29.005774
    Octupole YYZ    -143.687072    138.508234     -5.178838
    Octupole YZZ     232.139178   -264.141561    -32.002383
    Octupole ZZZ     122.931067   -198.546005    -75.614938

writing orbitals and density to disk ... done.

Total Time taken for Hartree-Fock: 28.77 secs

CD Options
{
  debug             = false
  skip_cd           = [false, 100]
  write_cv          = [false, 5000]
  diagtol           = 1e-06
  itilesize         = 1000
  max_cvecs_factor  = 12
}

- #occupied, #virtual = 98, 344

- Tilesize for the MSO space: 40

-----------------------------------------------------
Begin 2-index transformation ... 

nAO, nMO, nelectrons = 221, 442, 98
n_occ_alpha, n_vir_alpha, n_occ_beta, n_vir_beta = 49,172,49,172

Time taken for Fao->Fmo transform: 0.00 secs

-----------------------------------------------------
Number of AO tiles = 105
# of {all,non-negligible} shell-pairs = {5565,4990}

    Begin Cholesky Decomposition
---------------------------------------------
Total # of mpi ranks used for Cholesky decomposition: 4
  --> Number of nodes, mpi ranks per node: 1, 4
- CPU memory required for computing cholesky vectors: 1.93 GiB

- Time for computing the diagonal: 0.01 secs

- Total number of cholesky vectors = 1650

- Time to compute cholesky vectors: 15.56 secs

- CPU memory required for resizing the ao cholesky tensor: 1.57 GiB
- CPU memory required for ao2mo transformation: 1.70 GiB
- CPU memory required for the 2-step contraction: 2.12 GiB

- Time for ao to mo transform: 1.56 secs

   End Cholesky Decomposition
---------------------------------------------

Total Time taken for Cholesky Decomposition: 18.90 secs

scf_type = restricted
Closed-Shell SCF
QED-HF Enabled
nbf = 203
nbf_orig = 221
n_lindep = 0
focc = 1
nmo = 406
nocc = 62
nvir = 344
n_occ_alpha = 31
n_vir_alpha = 172
n_occ_beta = 31
n_vir_beta = 172
nelectrons = 98
nelectrons_alpha = 49
nelectrons_beta = 49
freeze atomic = true
n_frozen_core = 18
n_frozen_virtual = 0
----------------------------
--------- QED-CCSD --------
lambda_x: -0.0847
lambda_y: 0.0275
lambda_z: 0.0454
omega: 0.066150
coupling_factor_x: -0.015411
coupling_factor_y: 0.005007
coupling_factor_z: 0.008257
----------------------------
# of {all,non-negligible} shell-pairs = {5565,4990}
Number of AO tiles = 105
----------------------------
Electronic dipole expectation value using SCF density: 
dipole_x_elec: 9.43238327
dipole_y_elec: -19.99936879
dipole_z_elec: -10.55904018

d_n/N value: d_n is nuclear dipole moment and N is the total number of electrons 
d_nuc_x: -0.13367717
d_nuc_y: 0.21632271
d_nuc_z: 0.12014136

<d_e+d_n> expectation values: 
dipole_total_x: -3.66797985
dipole_total_y: 1.20025640
dipole_total_z: 1.21481277
----------------------------


 CCSD iterations
------------------------------------------------------------
  Iter     Residuum          Correlation          Time(s)
------------------------------------------------------------
   1     1.1850293906394    0.0000000000000         85.06
   2     0.1751447402312   -1.6346056281806         84.10
   3     0.0714689838975   -1.6247952478673         83.96
   4     0.0278545840977   -1.6964555535794         84.82
   5     0.0253623018816   -1.6884600816663         84.62
 MICROCYCLE DIIS UPDATE:                    6
   6     0.0096643022522   -1.7007131650553         83.61
   7     0.0063253183306   -1.7002696852353         83.34
   8     0.0042724491874   -1.7021502467814         83.16
   9     0.0036745434662   -1.7022900117919         83.23
  10     0.0041069299477   -1.7028361654671         83.39
 MICROCYCLE DIIS UPDATE:                   11
  11     0.0009503533689   -1.7034536121004         83.07
  12     0.0007465217909   -1.7034788572446         83.31
  13     0.0005928307365   -1.7035634533856         83.68
  14     0.0006925211056   -1.7035321345355         83.34
  15     0.0008864780799   -1.7035836320830         83.28
 MICROCYCLE DIIS UPDATE:                   16
  16     0.0001567281426   -1.7035902430678         83.49
  17     0.0000942256101   -1.7035999323165         83.39
  18     0.0000983176519   -1.7036154528253         83.34
  19     0.0000726838700   -1.7036257038936         83.58
  20     0.0000956133632   -1.7036239967859         83.59
 MICROCYCLE DIIS UPDATE:                   21
  21     0.0000286096592   -1.7036410215310         83.54
  22     0.0000245836751   -1.7036356424041         83.60
  23     0.0000185012941   -1.7036365623148         83.55
  24     0.0000226479569   -1.7036344694224         83.46
  25     0.0000271123433   -1.7036357354167         83.29
 MICROCYCLE DIIS UPDATE:                   26
  26     0.0000059472384   -1.7036339324464         83.68
  27     0.0000034933397   -1.7036345617250         83.60
  28     0.0000030497936   -1.7036352670899         83.80
  29     0.0000024356939   -1.7036356293842         83.55
  30     0.0000030036708   -1.7036356883465         83.81
 MICROCYCLE DIIS UPDATE:                   31
  31     0.0000010393364   -1.7036362991786         83.74
  32     0.0000009015342   -1.7036360928614         83.57
------------------------------------------------------------------
 Iterations converged
 CCSD correlation energy / hartree =        -1.703636092861445
 CCSD total energy / hartree       =     -3007.807310833625252

Time taken for spin-orbital canonical QED-CCSD: 2746.06 secs
