
ExaChem Git Information
{
 WARNING: Failed to retrieve the current git state.
}


TAMM Git Information
{
 Branch: main
 Commit Hash: e71357ad [e71357ad54f38748b4a7e175aa6760820d5ce96f]
 Commit Date: 2026-02-02 23:14:56 -0800
 Commit Message: add GitHub Actions workflow for releases
}


date: Tue Aug 11 00:40:32 2026
program: "/global/cfs/cdirs/m3196/heindelj/cavity_qed/software/install_gpu/bin/bin/ExaChem"
nnodes: 1, nproc_per_node: 4, nproc_total: 4, ngpus_per_node: 1, ngpus_total: 1

Memory information
{
[AMD EPYC 7763 64-Core Processor                ] : 
  CPU memory per node (GiB): 251
  Total CPU memory (GiB): 251
[NVIDIA A100-SXM4-80GB, CUDA v12.9] : 
  GPU memory per device (GiB): 79
  GPU memory per node (GiB): 79
  Total GPU memory (GiB): 79
}

------------------------------------------------------------

Input file provided: /global/cfs/cdirs/m4262/heindelj/cavity_qed/mlip/lambda_scans/grid_scans_optimized_geoms/runs_grid_no_freq/para_th9_ph342/para_th9_ph342_qed_ccsd_input.json

{
  "geometry": {
    "coordinates": [
      "C    -0.478441209600    1.243730331300    0.494191732300",
      "C     0.877986220000    1.255661391000    0.625716387200",
      "C     1.529494146100    0.025503831900    0.713564431000",
      "H    -1.039925622600    2.167146752300    0.419104733900",
      "H     1.452138713500    2.170948745300    0.661854522500",
      "N     3.021196055100    0.044097599900    0.898592362300",
      "O     3.567367491500   -1.025705507900    0.867697924900",
      "O     3.517537821600    1.127472645100    1.051102546700",
      "C    -0.445163698900   -1.250584278300    0.528591830400",
      "H    -0.982167135800   -2.189905162700    0.478294717500",
      "C     0.911141507800   -1.222659577700    0.650282107200",
      "H     1.510458286700   -2.120753231700    0.695765430700",
      "C    -1.228612740800   -0.013819805800    0.532959380200",
      "H    -1.622143806800    0.003467632000    1.568535507100",
      "Br   -2.824946725800   -0.067080885600   -0.520813931700"
    ],
    "units": "angstrom",
    "noorient": true
  },
  "common": {
    "maxiter": 100,
    "debug": false
  },
  "basis": {
    "basisset": "6-311G*"
  },
  "SCF": {
    "charge": 1,
    "multiplicity": 1,
    "lshift": 0,
    "tol_lindep": 1e-10,
    "conve": 1e-07,
    "convd": 1e-05,
    "diis_hist": 10,
    "writem": 10,
    "restart": false,
    "noscf": false,
    "scf_type": "restricted",
    "debug": false,
    "qed_omegas": [
      0.06615
    ],
    "qed_volumes": [],
    "qed_lambdas": [
      0.1
    ],
    "qed_polvecs": [
      [
        0.14877801734965795,
        -0.048340908203384964,
        0.9876883405951378
      ]
    ],
    "direct_df": false
  },
  "CD": {
    "debug": false,
    "diagtol": 1e-06
  },
  "CC": {
    "threshold": 1e-06,
    "ndiis": 5,
    "ccsd_maxiter": 200,
    "tilesize": 40,
    "freeze": {
      "atomic": true
    },
    "readt": false,
    "writet": true,
    "writet_iter": 5,
    "debug": false,
    "profile_ccsd": false,
    "balance_tiles": true
  },
  "TASK": {
    "scf": false,
    "ccsd": true
  }
}

Output folder & files prefix: para_th9_ph342_qed_ccsd_input.6-311g*

  C (carbon)
  ----------
          Exponent        Coefficients
      ----------------  --------------------
  1 S  4.56324000E+03      0.778202
  1 S  6.82024000E+02      1.448695
  1 S  1.54973000E+02      2.383089
  1 S  4.44553000E+01      3.200089
  1 S  1.30290000E+01      3.013004
  1 S  1.82773000E+00      0.247599

  2 S  2.09642000E+01      0.800629
  2 S  4.80331000E+00      2.127420
  2 S  1.45933000E+00     -0.002868

  3 P  2.09642000E+01      2.573592
  3 P  4.80331000E+00      2.408248
  3 P  1.45933000E+00      1.865281

  4 S  4.83456000E-01      0.413217

  5 P  4.83456000E-01      0.574627

  6 S  1.45585000E-01      0.167976

  7 P  1.45585000E-01      0.128185

  8 D  6.26000000E-01      0.725128


  H (hydrogen)
  ------------
          Exponent        Coefficients
      ----------------  --------------------
  1 S  3.38650000E+01      0.255069
  1 S  5.09479000E+00      0.460109
  1 S  1.15879000E+00      0.678321

  2 S  3.25840000E-01      0.307371

  3 S  1.02741000E-01      0.129336


  N (nitrogen)
  ------------
          Exponent        Coefficients
      ----------------  --------------------
  1 S  6.29348000E+03      0.991968
  1 S  9.49044000E+02      1.823240
  1 S  2.18776000E+02      2.979891
  1 S  6.36916000E+01      4.000007
  1 S  1.88282000E+01      3.881008
  1 S  2.72023000E+00      0.386764

  2 S  3.06331000E+01      1.038501
  2 S  7.02614000E+00      2.834794
  2 S  2.11205000E+00     -0.003208

  3 P  3.06331000E+01      3.935616
  3 P  7.02614000E+00      3.870994
  3 P  2.11205000E+00      2.967271

  4 S  6.84009000E-01      0.536051

  5 P  6.84009000E-01      0.886681

  6 S  2.00878000E-01      0.213850

  7 P  2.00878000E-01      0.191693

  8 D  9.13000000E-01      1.403568


  O (oxygen)
  ----------
          Exponent        Coefficients
      ----------------  --------------------
  1 S  8.58850000E+03      1.205013
  1 S  1.29723000E+03      2.216205
  1 S  2.99296000E+02      3.627452
  1 S  8.73771000E+01      4.888452
  1 S  2.56789000E+01      4.835721
  1 S  3.74004000E+00      0.538229

  2 S  4.21175000E+01      1.341958
  2 S  9.62837000E+00      3.587114
  2 S  2.85332000E+00     -0.005123

  3 P  4.21175000E+01      5.584018
  3 P  9.62837000E+00      5.733366
  3 P  2.85332000E+00      4.332955

  4 S  9.05661000E-01      0.661659

  5 P  9.05661000E-01      1.259352

  6 S  2.55611000E-01      0.256209

  7 P  2.55611000E-01      0.259068

  8 D  1.29200000E+00      2.577026


  Br (bromine)
  ------------
          Exponent        Coefficients
      ----------------  --------------------
  1 S  4.39700000E+05      9.893706
  1 S  6.60300000E+04     18.450679
  1 S  1.51400000E+04     31.049770
  1 S  4.31700000E+03     48.888138
  1 S  1.41400000E+03     64.847798
  1 S  5.23900000E+02     42.245010

  2 S  5.23900000E+02     14.290679
  2 S  2.07700000E+02     24.083128
  2 S  8.65400000E+01      5.132542

  3 S  3.05200000E+01      9.254405

  4 S  1.29800000E+01      4.873782

  5 S  4.41200000E+00      2.169635

  6 S  1.86200000E+00      1.136043

  7 S  3.93200000E-01      0.353892

  8 S  1.40000000E-01      0.163120

  9 P  2.95700000E+03    691.874478
  9 P  7.00300000E+02    925.332763
  9 P  2.24600000E+02   1068.830732

  10 P  8.25900000E+01    122.079275
  10 P  3.31900000E+01     57.580687
  10 P  1.42000000E+01     10.176170

  11 P  1.42000000E+01      3.129736
  11 P  7.43800000E+00      6.538168
  11 P  3.52600000E+00      4.166276

  12 P  1.59500000E+00      2.555000

  13 P  8.46200000E-01      1.156861

  14 P  3.18600000E-01      0.341191

  15 P  1.09600000E-01      0.089888

  16 D  1.34800000E+02    160.709187
  16 D  3.63900000E+01    119.797406
  16 D  1.21600000E+01     55.531619
  16 D  4.34100000E+00     12.984636

  17 D  1.53500000E+00      3.484168

  18 D  4.51000000E-01      0.408525



Printing Internal Coordinates

------------------------------------------------------------
                Bond Lengths

i      j        Length (Angstroms)     Length (Bohr)
0      1          1.3628413175         2.5753968432
0      3          1.0833285236         2.0471942139
0      12         1.4648182836         2.7681053803
1      2          1.3948001566         2.6357902963
1      4          1.0810679866         2.0429224181
2      5          1.5032483657         2.8407277103
2      10         1.3943731692         2.6349834070
5      6          1.2015558221         2.2706114288
5      7          1.2013808697         2.2702808166
8      9          1.0831556743         2.0468675761
8      10         1.3620396933         2.5738819929
8      12         1.4640347800         2.7666247731
10     11         1.0806579225         2.0421475094
12     13         1.1079636592         2.0937478733
12     14         1.9135195654         3.6160279152

Number of Bonds: 15

------------------------------------------------------------
           Bond Angles

i      j      k      Angle (degrees)
0      1      2        117.5974 
0      1      4        122.6317 
0      12     8        116.8142 
0      12     13       101.1420 
0      12     14       115.8844 
1      0      3        121.0030 
1      0      12       120.9759 
1      2      5        117.4099 
1      2      10       125.4141 
2      1      4        119.7708 
2      5      6        115.9053 
2      5      7        115.8966 
2      10     8        117.6457 
2      10     11       119.7404 
3      0      12       117.9162 
5      2      10       117.1753 
6      5      7        128.1966 
8      10     11       122.6137 
8      12     13       101.8903 
8      12     14       114.9148 
9      8      10       121.0388 
9      8      12       117.8669 
10     8      12       121.0169 
13     12     14       102.6412 

Number of Angles: 24

------------------------------------------------------------
              Torsional Angles

i      j      k      l      Angle (degrees)
3      0      1      2       -179.8706 
4      1      0      3          0.0442 
8      10     2      1         -1.8702 
8      12     0      1         -8.3409 
8      12     0      3        175.3470 
9      8      10     2       -179.7696 
9      8      12     0       -175.2938 
10     2      1      0          1.4118 
10     2      1      4       -178.5055 
10     8      12     0          7.8731 
11     10     2      1        177.9754 
11     10     8      9          0.3895 
12     0      1      2          3.9314 
12     0      1      4       -176.1538 
12     8      10     2         -3.0372 
12     8      10     11       177.1219 
13     12     0      1        101.2224 
13     12     0      3        -75.0898 
13     12     8      9         75.5773 
13     12     8      10      -101.2558 
14     12     0      1       -148.6879 
14     12     0      3         34.9999 
14     12     8      9        -34.5677 
14     12     8      10       148.5992 

Number of Torsional Angles: 24


----------------------------------------------------------------------
                          Center of Mass

         x               y               z              Unit
   -0.2799800483  -0.01296132835    0.2367576362      Angstrom
    -0.529085612  -0.02449336082    0.4474070906          Bohr

----------------------------------------------------------------------
                Moment of Inertia Tensor

           754.476          -75.3282          -1033.92
          -75.3282           4683.45          -28.4838
          -1033.92          -28.4838           4861.46

----------------------------------------------------------------------
                      Principal Moments of Inertia

           x                 y                 z                Unit
       142.0721469       1311.857562       1430.193318       amu * ang^2
       507.3488472       4684.728403        5107.31306      amu * bohr^2
  2.3591651121e-38  2.1783922185e-37  2.3748934986e-37          g * cm^2

 - Molecule is an asymmetric top.

----------------------------------------------------------------------

         Rotational constants (MHz)

    A = 3.5572e+03        B = 3.8524e+02        C = 3.5336e+02

----------------------------------------------------------------------

        Rotational constants (cm-1)

    A = 1.1866e-01        B = 1.2850e-02        C = 1.1787e-02

----------------------------------------------------------------------

                                Z-Matrix
C   
C        1       2.5753968
C        2       2.6357903     1       117.59745
H        3      6.34544564     2     22.26268771     1          0.0945
H        4      4.73161406     3     39.72486853     2          0.1039
N        5      5.01453757     4    126.58000622     3         -1.0719
O        6      2.27061143     5    168.55036971     4         31.7724
O        7      4.08473664     6     25.89965854     5        152.9161
C        8      8.78898914     7     60.05171123     6          2.0286
H        9      2.04686758     8    150.57970142     7          7.9618
C       10      4.03081786     9     33.16981167     8         -4.0433
H       11      2.04214751    10     96.82274580     9       -179.6696
C       12      6.53751958    11     18.69935960    10         -3.0855
H       13      2.09374787    12    104.28435759    11       -101.7185
Br      14      4.55776440    13     50.72764472    12       -139.9158

----------------------------------------------------------------------

             Converted back to Cartesian

C        0.000000      0.000000      0.000000
C        0.000000      0.000000      2.575397
C        0.000000      0.094400     -0.058702
H       -0.000001     -0.175859      6.280985
H       -0.000000      0.082854      1.556449
N        0.000062     -0.384140      6.549194
O       -0.001132     -0.056944      4.302282
O       -0.000162     -0.677407      8.339620
C        0.003533      0.816197     -0.321527
H       -0.000930      0.376296      1.677506
C        0.009469      1.282276     -2.250163
H        0.005117      0.764800     -0.274671
C        0.018514      2.457385     -6.589269
H        0.017238      1.851412     -4.585129
Br       0.019822      3.237776     -8.926927

----------------------------------------------------------------------
                       Geometry in bohr 

1     C      -0.9041228535    2.3503097006    0.9338870277
2     C       1.6591534981    2.3728561359    1.1824326043
3     C       2.8903250473    0.0481952575    1.3484413478
4     H      -1.9651746180    4.0953138365    0.7919931651
5     H       2.7441444653    4.1024985620    1.2507237827
6     N       5.7092331168    0.0833323866    1.6980934636
7     O       6.7413475494   -1.9383024958    1.6397114381
8     O       6.6471831203    2.1306145137    1.9862959435
9     C      -0.8412374721   -2.3632617834    0.9988937918
10    H      -1.8560268965   -4.1383209992    0.9038460235
11    C       1.7218079117   -2.3104917471    1.2288550872
12    H       2.8543524865   -4.0076427885    1.3148061119
13    C      -2.3217415949   -0.0261156481    1.0071472648
14    H      -3.0654075317    0.0065528748    2.9641025272
15    Br     -5.3383756320   -0.1267645021   -0.9841956935

 Number of nodes, processes per node used for SCF calculation: 1, 4

Common Options
{
  maxiter       = 100
  basis         = 6-311g* spherical
  geom_units    = angstrom
  ang2au factor = 1.889726126
  debug         = false
  file_prefix   = para_th9_ph342_qed_ccsd_input
}

SCF Options
{
  charge            = 1
  multiplicity      = 1
  level shift       = 0
  tol_int           = 1e-22
  tol_sch           = 1e-12
  tol_lindep        = 1e-10
  conve             = 1e-07
  convd             = 1e-05
  diis_hist         = 10
  AO_tilesize       = 30
  writem            = 10
  damp              = 100
  n_lindep          = 0
  scf_type          = restricted
  cuscf             = false
  qed_omegas        = [0.06615,]
  qed_lambdas       = [0.1,]
  qed_polvecs       = [[0.1487780173,-0.0483409082,0.9876883406,],]
  direct_df         = false
  restart_size      = 2000
  restart           = false
  debug             = false
}

Number of basis functions = 221

Total number of shells = 105

Total number of electrons = 98
  # of alpha electrons    = 49
  # of beta electons      = 49

Nuclear repulsion energy  = 721.949681480593

# of {all,non-negligible} shell-pairs = {5565,4840}
Number of AO tiles = 105

Time for initial setup: 0.02 secs
HF exch = 1.00

Time for computing 1-e integrals T, V, S: 0.01 secs
Time for computing orthogonalizer: 0.01 secs

Superposition of Atomic Density Guess ...
Time taken for SAD: 0.42 secs
Total Time to compute initial guess: 0.42 secs


 SCF iterations
-----------------------------------------------------------------------------
 Iter     Energy            E-Diff       RMSD        |[F,P]|^2       Time(s)
-----------------------------------------------------------------------------
   1  -3011.7083433019    -3.01e+03     1.71e-02     1.51e+03         0.6 
   2  -3005.8222624572     5.89e+00     6.77e-03     7.78e+00         2.2 
   3  -3006.0081919338    -1.86e-01     2.74e-03     3.75e+00         2.1 
   4  -3006.1140835120    -1.06e-01     1.19e-03     9.68e-02         2.1 
   5  -3006.1194445063    -5.36e-03     2.59e-04     1.14e-02         2.0 
   6  -3006.1200164808    -5.72e-04     1.90e-04     1.31e-03         2.1 
   7  -3006.1201534404    -1.37e-04     8.66e-05     1.92e-04         2.1 
   8  -3006.1201799960    -2.66e-05     2.86e-05     2.92e-05         2.0 
   9  -3006.1201840689    -4.07e-06     1.09e-05     4.91e-06         2.1 
  10  -3006.1201847174    -6.48e-07     3.90e-06     7.76e-07         2.1 
  11  -3006.1201847928    -7.54e-08     1.57e-06     1.51e-07         2.1 

** Total SCF energy = -3006.1201847928451

Nuclear repulsion energy = 721.949681480593085
#electrons        = 98
1e energy kinetic = 3006.1486434261064460
1e energy N-e     = -8597.0952433483289497
1e energy         = -5589.1050718915885227
2e energy         = 1862.6993998030334296
QED energy        = 0.1773338457510629
QED eT energy     = 0.1518704890777644
QED eT energy from matrix = 0.1518704890777577

 Polarizability Matrix (QED energy = 0.5 * lambda.dot(matrix * lambda))
[43.57934760,  0.01560809,  1.43412076]
[ 0.01560809, 43.80229368,  0.39763143]
[ 1.43412076,  0.39763143, 34.86982847]

 Polarizability Matrix (QED eT energy = 0.5 * lambda.dot(matrix * lambda))
[40.36533106,  0.01654549,  1.95786814]
[ 0.01654549, 40.57154528,  0.48372228]
[ 1.95786814,  0.48372228, 29.58072416]


                      Electron        Nuclear        Total  
                  ------------------------------------------
    Monopole         -98.000000     99.000000      1.000000

      Dipole   X      26.572725    -27.833275     -1.260550
      Dipole   Y       1.819305     -1.827582     -0.008277
      Dipole   Z     -52.690017     53.871278      1.181262

  Quadrupole  XX   -2150.711361   2100.955878    -49.755483
  Quadrupole  XY     -35.406640     35.343738     -0.062902
  Quadrupole  XZ    -465.981699    464.388732     -1.592967
  Quadrupole  YY    -307.428339    266.257056    -41.171283
  Quadrupole  YZ     -12.595538     12.208345     -0.387194
  Quadrupole  ZZ    -213.646150    166.347243    -47.298907

    Octupole XXX   -1031.835767    899.470377   -132.365390
    Octupole XXY      57.269474    -57.976532     -0.707058
    Octupole XXZ    -965.823069    908.563612    -57.259457
    Octupole XYY    -545.186104    521.654064    -23.532040
    Octupole XYZ     -38.007067     35.636906     -2.370161
    Octupole XZZ    -326.047907    305.760664    -20.287243
    Octupole YYY     -25.774552     26.404869      0.630317
    Octupole YYZ    -364.521631    335.631424    -28.890208
    Octupole YZZ     -20.208617     19.165555     -1.043062
    Octupole ZZZ    -285.371940    183.139158   -102.232782

writing orbitals and density to disk ... done.

Total Time taken for Hartree-Fock: 22.99 secs

CD Options
{
  debug             = false
  skip_cd           = [false, 100]
  write_cv          = [false, 5000]
  diagtol           = 1e-06
  itilesize         = 1000
  max_cvecs_factor  = 12
}

- #occupied, #virtual = 98, 344

- Tilesize for the MSO space: 40

-----------------------------------------------------
Begin 2-index transformation ... 

nAO, nMO, nelectrons = 221, 442, 98
n_occ_alpha, n_vir_alpha, n_occ_beta, n_vir_beta = 49,172,49,172

Time taken for Fao->Fmo transform: 0.00 secs

-----------------------------------------------------
Number of AO tiles = 105
# of {all,non-negligible} shell-pairs = {5565,4840}

    Begin Cholesky Decomposition
---------------------------------------------
Total # of mpi ranks used for Cholesky decomposition: 4
  --> Number of nodes, mpi ranks per node: 1, 4
- CPU memory required for computing cholesky vectors: 1.93 GiB

- Time for computing the diagonal: 0.01 secs

- Total number of cholesky vectors = 1648

- Time to compute cholesky vectors: 13.36 secs

- CPU memory required for resizing the ao cholesky tensor: 1.57 GiB
- CPU memory required for ao2mo transformation: 1.70 GiB
- CPU memory required for the 2-step contraction: 2.11 GiB

- Time for ao to mo transform: 1.62 secs

   End Cholesky Decomposition
---------------------------------------------

Total Time taken for Cholesky Decomposition: 17.03 secs

scf_type = restricted
Closed-Shell SCF
QED-HF Enabled
nbf = 203
nbf_orig = 221
n_lindep = 0
focc = 1
nmo = 406
nocc = 62
nvir = 344
n_occ_alpha = 31
n_vir_alpha = 172
n_occ_beta = 31
n_vir_beta = 172
nelectrons = 98
nelectrons_alpha = 49
nelectrons_beta = 49
freeze atomic = true
n_frozen_core = 18
n_frozen_virtual = 0
----------------------------
--------- QED-CCSD --------
lambda_x: 0.0149
lambda_y: -0.0048
lambda_z: 0.0988
omega: 0.066150
coupling_factor_x: 0.002706
coupling_factor_y: -0.000879
coupling_factor_z: 0.017963
----------------------------
# of {all,non-negligible} shell-pairs = {5565,4840}
Number of AO tiles = 105
----------------------------
Electronic dipole expectation value using SCF density: 
dipole_x_elec: 26.57297196
dipole_y_elec: 1.81958217
dipole_z_elec: -52.68991025

d_n/N value: d_n is nuclear dipole moment and N is the total number of electrons 
d_nuc_x: -0.28401301
d_nuc_y: -0.01864879
d_nuc_z: 0.54970692

<d_e+d_n> expectation values: 
dipole_total_x: -1.26030286
dipole_total_y: -0.00799958
dipole_total_z: 1.18136813
----------------------------


 CCSD iterations
------------------------------------------------------------
  Iter     Residuum          Correlation          Time(s)
------------------------------------------------------------
   1     1.1860397042376    0.0000000000000         87.17
   2     0.1640124221458   -1.6799789321789         85.74
   3     0.0630614881506   -1.6307312285018         85.72
   4     0.0180248766253   -1.6962376504412         85.62
   5     0.0130779645927   -1.6898989459130         86.06
 MICROCYCLE DIIS UPDATE:                    6
   6     0.0060138462161   -1.6980728064992         85.10
   7     0.0033483414963   -1.6980085030611         85.23
   8     0.0022743698968   -1.6987897616682         85.04
   9     0.0014138713607   -1.6988977835709         84.91
  10     0.0013407035927   -1.6990807380867         85.17
 MICROCYCLE DIIS UPDATE:                   11
  11     0.0003398374750   -1.6993066727086         85.02
  12     0.0002835692901   -1.6993272363681         85.02
  13     0.0001983886025   -1.6993466665330         84.97
  14     0.0002022323254   -1.6993362677730         84.95
  15     0.0001777894044   -1.6993424804644         85.35
 MICROCYCLE DIIS UPDATE:                   16
  16     0.0000480804147   -1.6993342758365         84.23
  17     0.0000261601814   -1.6993407695126         84.27
  18     0.0000199206347   -1.6993455724098         84.39
  19     0.0000137017302   -1.6993461410953         84.32
  20     0.0000132706414   -1.6993469237894         84.34
 MICROCYCLE DIIS UPDATE:                   21
  21     0.0000066777653   -1.6993478626689         84.24
  22     0.0000056171723   -1.6993481087281         84.22
  23     0.0000041108445   -1.6993479952624         84.36
  24     0.0000041511816   -1.6993478087824         84.23
  25     0.0000036437047   -1.6993478257631         84.31
 MICROCYCLE DIIS UPDATE:                   26
  26     0.0000011976463   -1.6993473507266         84.30
  27     0.0000006859508   -1.6993476949517         84.24
------------------------------------------------------------------
 Iterations converged
 CCSD correlation energy / hartree =        -1.699347694951699
 CCSD total energy / hartree       =     -3007.819532487796550

Time taken for spin-orbital canonical QED-CCSD: 2361.24 secs
