
ExaChem Git Information
{
 WARNING: Failed to retrieve the current git state.
}


TAMM Git Information
{
 Branch: main
 Commit Hash: e71357ad [e71357ad54f38748b4a7e175aa6760820d5ce96f]
 Commit Date: 2026-02-02 23:14:56 -0800
 Commit Message: add GitHub Actions workflow for releases
}


date: Thu Aug  6 10:29:11 2026
program: "/global/cfs/cdirs/m3196/heindelj/cavity_qed/software/install_gpu/bin/bin/ExaChem"
nnodes: 1, nproc_per_node: 4, nproc_total: 4, ngpus_per_node: 1, ngpus_total: 1

Memory information
{
[AMD EPYC 7763 64-Core Processor                ] : 
  CPU memory per node (GiB): 251
  Total CPU memory (GiB): 251
[NVIDIA A100-SXM4-40GB, CUDA v12.9] : 
  GPU memory per device (GiB): 39
  GPU memory per node (GiB): 39
  Total GPU memory (GiB): 39
}

------------------------------------------------------------

Input file provided: /global/cfs/cdirs/m4262/heindelj/cavity_qed/mlip/lambda_scans/grid_scans_optimized_geoms/runs_grid_no_freq/ortho_th9_ph198/ortho_th9_ph198_qed_ccsd_input.json

{
  "geometry": {
    "coordinates": [
      "C    -1.793329024400    1.950227252300    0.732684118700",
      "C    -0.375498722600    1.989806977400    0.719620593100",
      "C     0.290828823800    0.823321990500    0.675317191900",
      "C    -2.520854804400    0.760714131000    0.735573158900",
      "H    -2.328644268100    2.893333857900    0.754472066900",
      "H     0.161366983200    2.927911347500    0.757583463100",
      "H    -3.601100231500    0.781872500800    0.762111451700",
      "N     1.780083230700    0.834199612000    0.728266876000",
      "O     2.310164645000   -0.246168052400    0.780293096300",
      "O     2.304105732600    1.915038483500    0.734202258100",
      "C    -1.841341507800   -0.422963566800    0.712073734300",
      "H    -2.367890661000   -1.369758161500    0.717003972200",
      "C    -0.375036045600   -0.485979962600    0.630804302800",
      "H     0.047573507400   -1.150339583800    1.384874752600",
      "Br   -0.043928565200   -1.416740066900   -1.035153040700"
    ],
    "units": "angstrom",
    "noorient": true
  },
  "common": {
    "maxiter": 100,
    "debug": false
  },
  "basis": {
    "basisset": "6-311G*"
  },
  "SCF": {
    "charge": 1,
    "multiplicity": 1,
    "lshift": 0,
    "tol_lindep": 1e-10,
    "conve": 1e-07,
    "convd": 1e-05,
    "diis_hist": 10,
    "writem": 10,
    "restart": false,
    "noscf": false,
    "scf_type": "restricted",
    "debug": false,
    "qed_omegas": [
      0.06615
    ],
    "qed_volumes": [],
    "qed_lambdas": [
      0.1
    ],
    "qed_polvecs": [
      [
        -0.14877801734965798,
        -0.04834090820338491,
        0.9876883405951378
      ]
    ],
    "direct_df": false
  },
  "CD": {
    "debug": false,
    "diagtol": 1e-06
  },
  "CC": {
    "threshold": 1e-06,
    "ndiis": 5,
    "ccsd_maxiter": 200,
    "tilesize": 40,
    "freeze": {
      "atomic": true
    },
    "readt": false,
    "writet": true,
    "writet_iter": 5,
    "debug": false,
    "profile_ccsd": false,
    "balance_tiles": true
  },
  "TASK": {
    "scf": false,
    "ccsd": true
  }
}

Output folder & files prefix: ortho_th9_ph198_qed_ccsd_input.6-311g*

  C (carbon)
  ----------
          Exponent        Coefficients
      ----------------  --------------------
  1 S  4.56324000E+03      0.778202
  1 S  6.82024000E+02      1.448695
  1 S  1.54973000E+02      2.383089
  1 S  4.44553000E+01      3.200089
  1 S  1.30290000E+01      3.013004
  1 S  1.82773000E+00      0.247599

  2 S  2.09642000E+01      0.800629
  2 S  4.80331000E+00      2.127420
  2 S  1.45933000E+00     -0.002868

  3 P  2.09642000E+01      2.573592
  3 P  4.80331000E+00      2.408248
  3 P  1.45933000E+00      1.865281

  4 S  4.83456000E-01      0.413217

  5 P  4.83456000E-01      0.574627

  6 S  1.45585000E-01      0.167976

  7 P  1.45585000E-01      0.128185

  8 D  6.26000000E-01      0.725128


  H (hydrogen)
  ------------
          Exponent        Coefficients
      ----------------  --------------------
  1 S  3.38650000E+01      0.255069
  1 S  5.09479000E+00      0.460109
  1 S  1.15879000E+00      0.678321

  2 S  3.25840000E-01      0.307371

  3 S  1.02741000E-01      0.129336


  N (nitrogen)
  ------------
          Exponent        Coefficients
      ----------------  --------------------
  1 S  6.29348000E+03      0.991968
  1 S  9.49044000E+02      1.823240
  1 S  2.18776000E+02      2.979891
  1 S  6.36916000E+01      4.000007
  1 S  1.88282000E+01      3.881008
  1 S  2.72023000E+00      0.386764

  2 S  3.06331000E+01      1.038501
  2 S  7.02614000E+00      2.834794
  2 S  2.11205000E+00     -0.003208

  3 P  3.06331000E+01      3.935616
  3 P  7.02614000E+00      3.870994
  3 P  2.11205000E+00      2.967271

  4 S  6.84009000E-01      0.536051

  5 P  6.84009000E-01      0.886681

  6 S  2.00878000E-01      0.213850

  7 P  2.00878000E-01      0.191693

  8 D  9.13000000E-01      1.403568


  O (oxygen)
  ----------
          Exponent        Coefficients
      ----------------  --------------------
  1 S  8.58850000E+03      1.205013
  1 S  1.29723000E+03      2.216205
  1 S  2.99296000E+02      3.627452
  1 S  8.73771000E+01      4.888452
  1 S  2.56789000E+01      4.835721
  1 S  3.74004000E+00      0.538229

  2 S  4.21175000E+01      1.341958
  2 S  9.62837000E+00      3.587114
  2 S  2.85332000E+00     -0.005123

  3 P  4.21175000E+01      5.584018
  3 P  9.62837000E+00      5.733366
  3 P  2.85332000E+00      4.332955

  4 S  9.05661000E-01      0.661659

  5 P  9.05661000E-01      1.259352

  6 S  2.55611000E-01      0.256209

  7 P  2.55611000E-01      0.259068

  8 D  1.29200000E+00      2.577026


  Br (bromine)
  ------------
          Exponent        Coefficients
      ----------------  --------------------
  1 S  4.39700000E+05      9.893706
  1 S  6.60300000E+04     18.450679
  1 S  1.51400000E+04     31.049770
  1 S  4.31700000E+03     48.888138
  1 S  1.41400000E+03     64.847798
  1 S  5.23900000E+02     42.245010

  2 S  5.23900000E+02     14.290679
  2 S  2.07700000E+02     24.083128
  2 S  8.65400000E+01      5.132542

  3 S  3.05200000E+01      9.254405

  4 S  1.29800000E+01      4.873782

  5 S  4.41200000E+00      2.169635

  6 S  1.86200000E+00      1.136043

  7 S  3.93200000E-01      0.353892

  8 S  1.40000000E-01      0.163120

  9 P  2.95700000E+03    691.874478
  9 P  7.00300000E+02    925.332763
  9 P  2.24600000E+02   1068.830732

  10 P  8.25900000E+01    122.079275
  10 P  3.31900000E+01     57.580687
  10 P  1.42000000E+01     10.176170

  11 P  1.42000000E+01      3.129736
  11 P  7.43800000E+00      6.538168
  11 P  3.52600000E+00      4.166276

  12 P  1.59500000E+00      2.555000

  13 P  8.46200000E-01      1.156861

  14 P  3.18600000E-01      0.341191

  15 P  1.09600000E-01      0.089888

  16 D  1.34800000E+02    160.709187
  16 D  3.63900000E+01    119.797406
  16 D  1.21600000E+01     55.531619
  16 D  4.34100000E+00     12.984636

  17 D  1.53500000E+00      3.484168

  18 D  4.51000000E-01      0.408525



Printing Internal Coordinates

------------------------------------------------------------
                Bond Lengths

i      j        Length (Angstroms)     Length (Bohr)
0      1          1.4184427994         2.6804684160
0      3          1.3943613495         2.6349610710
0      4          1.0846599441         2.0497102341
1      2          1.3441139889         2.5400073210
1      5          1.0815293684         2.0437943034
2      7          1.4902351090         2.8161362193
2      12         1.4695676323         2.7770803486
3      6          1.0807784881         2.0423753453
3      10         1.3650580337         2.5795858297
7      8          1.2045278426         2.2762277336
7      9          1.2011858630         2.2699123073
10     11         1.0833735840         2.0472793658
10     12         1.4699073083         2.7777222432
12     13         1.0902269414         2.0602303344
12     14         1.9368428965         3.6601026233

Number of Bonds: 15

------------------------------------------------------------
           Bond Angles

i      j      k      Angle (degrees)
0      1      2        118.1389 
0      1      5        121.3363 
0      3      6        120.3218 
0      3      10       118.6835 
1      0      3        123.0493 
1      0      4        117.9851 
1      2      7        119.2030 
1      2      12       123.3383 
2      1      5        120.5197 
2      7      8        115.7708 
2      7      9        116.2770 
2      12     10       114.3382 
2      12     13       110.2631 
2      12     14       112.1320 
3      0      4        118.9606 
3      10     11       121.0503 
3      10     12       122.3234 
6      3      10       120.9937 
7      2      12       117.4119 
8      7      9        127.9419 
10     12     13       111.9976 
10     12     14       103.8093 
11     10     12       116.5912 
13     12     14       103.6401 

Number of Angles: 24

------------------------------------------------------------
              Torsional Angles

i      j      k      l      Angle (degrees)
3      0      1      2          1.6581 
4      0      1      2       -179.1632 
5      1      0      3       -177.5247 
5      1      0      4          1.6540 
6      3      0      1        178.9917 
6      3      0      4         -0.1794 
10     3      0      1         -0.6370 
10     3      0      4       -179.8081 
11     10     3      0        179.7767 
11     10     3      6          0.1506 

Number of Torsional Angles: 10


----------------------------------------------------------------------
                          Center of Mass

         x               y               z              Unit
   0.03787210876  -0.07563311412   0.03241978103      Angstrom
   0.07156791336   -0.1429258717    0.0612645072          Bohr

----------------------------------------------------------------------
                Moment of Inertia Tensor

           1834.18          -79.8168          -49.6146
          -79.8168           1962.42          -673.099
          -49.6146          -673.099           2719.02

----------------------------------------------------------------------
                      Principal Moments of Inertia

           x                 y                 z                Unit
       430.8871921       521.9877291       871.6858519       amu * ang^2
       1538.726098       1864.052022       3112.846689      amu * bohr^2
  7.1550550410e-38  8.6678160816e-38  1.4474693988e-37          g * cm^2

 - Molecule is an asymmetric top.

----------------------------------------------------------------------

         Rotational constants (MHz)

    A = 1.1729e+03        B = 9.6818e+02        C = 5.7977e+02

----------------------------------------------------------------------

        Rotational constants (cm-1)

    A = 3.9123e-02        B = 3.2295e-02        C = 1.9339e-02

----------------------------------------------------------------------

                                Z-Matrix
C   
C        1       2.6804684
C        2       2.5400073     1       118.13891
C        3      5.31584875     2     61.51741026     1         -0.7837
H        4      4.04656025     3     83.58694850     2          0.8362
H        5      4.70589665     4     95.94607067     3         -1.3113
H        6      8.18529866     5     28.90430987     4         -0.7545
N        7     10.16964486     6     29.14378594     5        179.1109
O        8      2.27622773     7    115.53432307     6        176.5607
O        9      4.08503315     8     25.99019163     7       -176.1256
C       10      8.99388068     9     60.75210048     8          2.1541
H       11      2.04727937    10    148.49851366     9         -0.6158
C       12      4.12287998    11     37.04686051    10         -4.3494
H       13      2.06023033    12     94.58289648    11        133.1967
Br      14      4.60406335    13     50.58353480    12         90.8467

----------------------------------------------------------------------

             Converted back to Cartesian

C        0.000000      0.000000      0.000000
C        0.000000      0.000000      2.680468
C        0.000000      0.091388      0.142106
C        0.000024     -0.199384      5.449996
H       -0.000045      0.124756      1.416439
H        0.000158     -0.389115      6.094195
H       -0.000243      0.576299     -2.033972
N       -0.004609     -0.712633      8.053660
O       -0.003623     -0.344869      5.807338
O       -0.003661     -1.036726      9.833357
C       -0.012596      0.650040      0.999070
H       -0.005531      0.175674      2.990622
C       -0.022220      1.176102     -1.009003
H       -0.013151      0.618818      0.974403
Br      -0.036245      1.932288     -3.438268

----------------------------------------------------------------------
                       Geometry in bohr 

1     C      -3.3889007098    3.6853953901    1.3845723211
2     C      -0.7095897463    3.7601902307    1.3598858355
3     C       0.5495868265    1.5558530755    1.2761645408
4     C      -4.7637251835    1.4375413677    1.3900318159
5     H      -4.4004999114    5.4676085822    1.4257455761
6     H       0.3049394040    5.5329505677    1.4316252628
7     H      -6.8050931895    1.4775248919    1.4401819211
8     N       3.3638697873    1.5764088010    1.3762249422
9     O       4.3655784848   -0.4651902000    1.4745402499
10    O       4.3541287997    3.6188982544    1.3874411888
11    C      -3.4796311540   -0.7992853025    1.3456243393
12    H      -4.4746648454   -2.5884677840    1.3549411386
13    C      -0.7087154135   -0.9183690320    1.1920473713
14    H       0.0899008998   -2.1738267652    2.6170340011
15    Br     -0.0830129573   -2.6772507180   -1.9561557453

 Number of nodes, processes per node used for SCF calculation: 1, 4

Common Options
{
  maxiter       = 100
  basis         = 6-311g* spherical
  geom_units    = angstrom
  ang2au factor = 1.889726126
  debug         = false
  file_prefix   = ortho_th9_ph198_qed_ccsd_input
}

SCF Options
{
  charge            = 1
  multiplicity      = 1
  level shift       = 0
  tol_int           = 1e-22
  tol_sch           = 1e-12
  tol_lindep        = 1e-10
  conve             = 1e-07
  convd             = 1e-05
  diis_hist         = 10
  AO_tilesize       = 30
  writem            = 10
  damp              = 100
  n_lindep          = 0
  scf_type          = restricted
  cuscf             = false
  qed_omegas        = [0.06615,]
  qed_lambdas       = [0.1,]
  qed_polvecs       = [[-0.1487780173,-0.0483409082,0.9876883406,],]
  direct_df         = false
  restart_size      = 2000
  restart           = false
  debug             = false
}

Number of basis functions = 221

Total number of shells = 105

Total number of electrons = 98
  # of alpha electrons    = 49
  # of beta electons      = 49

Nuclear repulsion energy  = 777.948085394803

# of {all,non-negligible} shell-pairs = {5565,4994}
Number of AO tiles = 105

Time for initial setup: 0.05 secs
HF exch = 1.00

Time for computing 1-e integrals T, V, S: 0.01 secs
Time for computing orthogonalizer: 0.01 secs

Superposition of Atomic Density Guess ...
Time taken for SAD: 0.87 secs
Total Time to compute initial guess: 0.87 secs


 SCF iterations
-----------------------------------------------------------------------------
 Iter     Energy            E-Diff       RMSD        |[F,P]|^2       Time(s)
-----------------------------------------------------------------------------
   1  -3011.7032078052    -3.01e+03     1.67e-02     1.49e+03         0.7 
   2  -3005.8280785029     5.88e+00     6.89e-03     7.50e+00         2.2 
   3  -3005.9911566670    -1.63e-01     3.00e-03     4.35e+00         2.2 
   4  -3006.1160693573    -1.25e-01     1.10e-03     1.09e-01         2.2 
   5  -3006.1222165337    -6.15e-03     2.49e-04     1.06e-02         2.2 
   6  -3006.1227425474    -5.26e-04     1.42e-04     1.31e-03         2.2 
   7  -3006.1228739208    -1.31e-04     6.53e-05     4.30e-04         2.2 
   8  -3006.1229099784    -3.61e-05     3.40e-05     7.88e-05         2.2 
   9  -3006.1229187795    -8.80e-06     1.35e-05     9.55e-06         2.2 
  10  -3006.1229202603    -1.48e-06     6.17e-06     2.44e-06         2.2 
  11  -3006.1229205668    -3.06e-07     4.02e-06     5.21e-07         2.3 
  12  -3006.1229206639    -9.71e-08     1.55e-06     9.95e-08         2.3 

** Total SCF energy = -3006.1229206638650

Nuclear repulsion energy = 777.948085394803002
#electrons        = 98
1e energy kinetic = 3006.1705431682376002
1e energy N-e     = -8709.3332703362902976
1e energy         = -5701.7746095764696292
2e energy         = 1918.9125940809813073
QED energy        = 0.1791270284019981
QED eT energy     = 0.1540635487490117
QED eT energy from matrix = 0.1540635487490144

 Polarizability Matrix (QED energy = 0.5 * lambda.dot(matrix * lambda))
[40.68806709, -1.31284923, -0.50328266]
[-1.31284923, 45.70267271,  1.32581843]
[-0.50328266,  1.32581843, 35.68892720]

 Polarizability Matrix (QED eT energy = 0.5 * lambda.dot(matrix * lambda))
[36.93110977, -1.42002665, -0.58979402]
[-1.42002665, 42.77956941,  1.60283170]
[-0.58979402,  1.60283170, 30.64536626]


                      Electron        Nuclear        Total  
                  ------------------------------------------
    Monopole         -98.000000     99.000000      1.000000

      Dipole   X      -3.716791      0.108023     -3.608768
      Dipole   Y      -1.337400      2.604495      1.267095
      Dipole   Z     -18.670527     20.023460      1.352933

  Quadrupole  XX    -796.198419    754.942020    -41.256399
  Quadrupole  XY     -33.300398     27.357308     -5.943089
  Quadrupole  XZ     -19.538321     13.822895     -5.715426
  Quadrupole  YY    -688.378138    651.027412    -37.350726
  Quadrupole  YZ    -311.203838    313.992009      2.788170
  Quadrupole  ZZ    -304.019427    258.175082    -45.844345

    Octupole XXX     -49.439553    -35.716489    -85.156042
    Octupole XXY   -1133.020727   1128.165612     -4.855115
    Octupole XXZ   -1069.500334   1057.813296    -11.687037
    Octupole XYY      29.371107    -69.568968    -40.197861
    Octupole XYZ     -13.358442      6.640486     -6.717956
    Octupole XZZ       1.118805      5.879736      6.998542
    Octupole YYY    -706.771384    694.618555    -12.152828
    Octupole YYZ     -79.363783     67.315799    -12.047984
    Octupole YZZ     157.924435   -184.676305    -26.751870
    Octupole ZZZ       8.273136    -83.112632    -74.839496

writing orbitals and density to disk ... done.

Total Time taken for Hartree-Fock: 28.35 secs

CD Options
{
  debug             = false
  skip_cd           = [false, 100]
  write_cv          = [false, 5000]
  diagtol           = 1e-06
  itilesize         = 1000
  max_cvecs_factor  = 12
}

- #occupied, #virtual = 98, 344

- Tilesize for the MSO space: 40

-----------------------------------------------------
Begin 2-index transformation ... 

nAO, nMO, nelectrons = 221, 442, 98
n_occ_alpha, n_vir_alpha, n_occ_beta, n_vir_beta = 49,172,49,172

Time taken for Fao->Fmo transform: 0.00 secs

-----------------------------------------------------
Number of AO tiles = 105
# of {all,non-negligible} shell-pairs = {5565,4994}

    Begin Cholesky Decomposition
---------------------------------------------
Total # of mpi ranks used for Cholesky decomposition: 4
  --> Number of nodes, mpi ranks per node: 1, 4
- CPU memory required for computing cholesky vectors: 1.93 GiB

- Time for computing the diagonal: 0.01 secs

- Total number of cholesky vectors = 1650

- Time to compute cholesky vectors: 15.11 secs

- CPU memory required for resizing the ao cholesky tensor: 1.57 GiB
- CPU memory required for ao2mo transformation: 1.70 GiB
- CPU memory required for the 2-step contraction: 2.12 GiB

- Time for ao to mo transform: 1.56 secs

   End Cholesky Decomposition
---------------------------------------------

Total Time taken for Cholesky Decomposition: 21.13 secs

scf_type = restricted
Closed-Shell SCF
QED-HF Enabled
nbf = 203
nbf_orig = 221
n_lindep = 0
focc = 1
nmo = 406
nocc = 62
nvir = 344
n_occ_alpha = 31
n_vir_alpha = 172
n_occ_beta = 31
n_vir_beta = 172
nelectrons = 98
nelectrons_alpha = 49
nelectrons_beta = 49
freeze atomic = true
n_frozen_core = 18
n_frozen_virtual = 0
----------------------------
--------- QED-CCSD --------
lambda_x: -0.0149
lambda_y: -0.0048
lambda_z: 0.0988
omega: 0.066150
coupling_factor_x: -0.002706
coupling_factor_y: -0.000879
coupling_factor_z: 0.017963
----------------------------
# of {all,non-negligible} shell-pairs = {5565,4994}
Number of AO tiles = 105
----------------------------
Electronic dipole expectation value using SCF density: 
dipole_x_elec: -3.71713990
dipole_y_elec: -1.33758364
dipole_z_elec: -18.67046180

d_n/N value: d_n is nuclear dipole moment and N is the total number of electrons 
d_nuc_x: 0.00110228
d_nuc_y: 0.02657648
d_nuc_z: 0.20432102

<d_e+d_n> expectation values: 
dipole_total_x: -3.60911655
dipole_total_y: 1.26691114
dipole_total_z: 1.35299846
----------------------------


 CCSD iterations
------------------------------------------------------------
  Iter     Residuum          Correlation          Time(s)
------------------------------------------------------------
   1     1.1862724270157    0.0000000000000         87.15
   2     0.1682126294431   -1.6885430749401         85.43
   3     0.0686895245400   -1.6260870690803         85.18
   4     0.0218808830464   -1.6992358942510         85.30
   5     0.0172165003510   -1.6880159208952         85.18
 MICROCYCLE DIIS UPDATE:                    6
   6     0.0067179064750   -1.6978822933630         85.18
   7     0.0039507237258   -1.6976794545723         85.20
   8     0.0025987677178   -1.6987439805077         85.04
   9     0.0016307098328   -1.6988264161124         85.78
  10     0.0015368099938   -1.6990678658941         85.77
 MICROCYCLE DIIS UPDATE:                   11
  11     0.0004265547498   -1.6993315724708         85.80
  12     0.0002966731189   -1.6994170852801         86.01
  13     0.0002055713156   -1.6993893009889         85.74
  14     0.0001647133963   -1.6993873983929         85.78
  15     0.0001241527641   -1.6993870376896         86.86
 MICROCYCLE DIIS UPDATE:                   16
  16     0.0000520610798   -1.6993745727201         86.53
  17     0.0000337992217   -1.6993887695688         86.87
  18     0.0000286765825   -1.6993930827309         84.87
  19     0.0000198588702   -1.6993940771113         84.75
  20     0.0000195808669   -1.6993948867106         84.90
 MICROCYCLE DIIS UPDATE:                   21
  21     0.0000080785801   -1.6993955537896         85.67
  22     0.0000051682654   -1.6993974778059         86.08
  23     0.0000036947644   -1.6993965555792         86.08
  24     0.0000028129306   -1.6993964364040         86.02
  25     0.0000023791608   -1.6993962936888         86.04
 MICROCYCLE DIIS UPDATE:                   26
  26     0.0000012153974   -1.6993956782313         87.13
  27     0.0000007163021   -1.6993961134370         86.97
------------------------------------------------------------------
 Iterations converged
 CCSD correlation energy / hartree =        -1.699396113436961
 CCSD total energy / hartree       =     -3007.822316777302149

Time taken for spin-orbital canonical QED-CCSD: 2375.63 secs
