
ExaChem Git Information
{
 WARNING: Failed to retrieve the current git state.
}


TAMM Git Information
{
 Branch: main
 Commit Hash: e71357ad [e71357ad54f38748b4a7e175aa6760820d5ce96f]
 Commit Date: 2026-02-02 23:14:56 -0800
 Commit Message: add GitHub Actions workflow for releases
}


date: Wed Aug  5 21:44:43 2026
program: "/global/cfs/cdirs/m3196/heindelj/cavity_qed/software/install_gpu/bin/bin/ExaChem"
nnodes: 1, nproc_per_node: 4, nproc_total: 4, ngpus_per_node: 1, ngpus_total: 1

Memory information
{
[AMD EPYC 7763 64-Core Processor                ] : 
  CPU memory per node (GiB): 251
  Total CPU memory (GiB): 251
[NVIDIA A100-SXM4-40GB, CUDA v12.9] : 
  GPU memory per device (GiB): 39
  GPU memory per node (GiB): 39
  Total GPU memory (GiB): 39
}

------------------------------------------------------------

Input file provided: /global/cfs/cdirs/m4262/heindelj/cavity_qed/mlip/lambda_scans/grid_scans_optimized_geoms/runs_grid_no_freq/para_th54_ph144/para_th54_ph144_qed_ccsd_input.json

{
  "geometry": {
    "coordinates": [
      "C    -0.469789049400    1.237855028300    0.648261255200",
      "C     0.880689143700    1.253520707700    0.739008029000",
      "C     1.524982832200    0.015524253500    0.744723198600",
      "H    -1.029015385300    2.160499742100    0.641298420700",
      "H     1.457715777800    2.166308219800    0.761053147500",
      "N     3.013165086700    0.034067456300    0.781974770500",
      "O     3.525460619500   -0.904037148200    1.329074485500",
      "O     3.532475281900    0.991496898600    0.275295952500",
      "C    -0.451879056400   -1.254060595500    0.552875743900",
      "H    -0.989041115300   -2.190565757700    0.466298411000",
      "C     0.900730462400   -1.229320802300    0.690198840000",
      "H     1.494423689100   -2.127761191900    0.717769645600",
      "C    -1.233831489000   -0.014560858700    0.602014456500",
      "H    -1.826654612000   -0.075017972700    1.520721535400",
      "Br   -2.563512903200    0.083572499000   -0.805128232100"
    ],
    "units": "angstrom",
    "noorient": true
  },
  "common": {
    "maxiter": 100,
    "debug": false
  },
  "basis": {
    "basisset": "6-311G*"
  },
  "SCF": {
    "charge": 1,
    "multiplicity": 1,
    "lshift": 0,
    "tol_lindep": 1e-10,
    "conve": 1e-07,
    "convd": 1e-05,
    "diis_hist": 10,
    "writem": 10,
    "restart": false,
    "noscf": false,
    "scf_type": "restricted",
    "debug": false,
    "qed_omegas": [
      0.06615
    ],
    "qed_volumes": [],
    "qed_lambdas": [
      0.1
    ],
    "qed_polvecs": [
      [
        -0.6545084971874736,
        0.4755282581475769,
        0.5877852522924731
      ]
    ],
    "direct_df": false
  },
  "CD": {
    "debug": false,
    "diagtol": 1e-06
  },
  "CC": {
    "threshold": 1e-06,
    "ndiis": 5,
    "ccsd_maxiter": 200,
    "tilesize": 40,
    "freeze": {
      "atomic": true
    },
    "readt": false,
    "writet": true,
    "writet_iter": 5,
    "debug": false,
    "profile_ccsd": false,
    "balance_tiles": true
  },
  "TASK": {
    "scf": false,
    "ccsd": true
  }
}

Output folder & files prefix: para_th54_ph144_qed_ccsd_input.6-311g*

  C (carbon)
  ----------
          Exponent        Coefficients
      ----------------  --------------------
  1 S  4.56324000E+03      0.778202
  1 S  6.82024000E+02      1.448695
  1 S  1.54973000E+02      2.383089
  1 S  4.44553000E+01      3.200089
  1 S  1.30290000E+01      3.013004
  1 S  1.82773000E+00      0.247599

  2 S  2.09642000E+01      0.800629
  2 S  4.80331000E+00      2.127420
  2 S  1.45933000E+00     -0.002868

  3 P  2.09642000E+01      2.573592
  3 P  4.80331000E+00      2.408248
  3 P  1.45933000E+00      1.865281

  4 S  4.83456000E-01      0.413217

  5 P  4.83456000E-01      0.574627

  6 S  1.45585000E-01      0.167976

  7 P  1.45585000E-01      0.128185

  8 D  6.26000000E-01      0.725128


  H (hydrogen)
  ------------
          Exponent        Coefficients
      ----------------  --------------------
  1 S  3.38650000E+01      0.255069
  1 S  5.09479000E+00      0.460109
  1 S  1.15879000E+00      0.678321

  2 S  3.25840000E-01      0.307371

  3 S  1.02741000E-01      0.129336


  N (nitrogen)
  ------------
          Exponent        Coefficients
      ----------------  --------------------
  1 S  6.29348000E+03      0.991968
  1 S  9.49044000E+02      1.823240
  1 S  2.18776000E+02      2.979891
  1 S  6.36916000E+01      4.000007
  1 S  1.88282000E+01      3.881008
  1 S  2.72023000E+00      0.386764

  2 S  3.06331000E+01      1.038501
  2 S  7.02614000E+00      2.834794
  2 S  2.11205000E+00     -0.003208

  3 P  3.06331000E+01      3.935616
  3 P  7.02614000E+00      3.870994
  3 P  2.11205000E+00      2.967271

  4 S  6.84009000E-01      0.536051

  5 P  6.84009000E-01      0.886681

  6 S  2.00878000E-01      0.213850

  7 P  2.00878000E-01      0.191693

  8 D  9.13000000E-01      1.403568


  O (oxygen)
  ----------
          Exponent        Coefficients
      ----------------  --------------------
  1 S  8.58850000E+03      1.205013
  1 S  1.29723000E+03      2.216205
  1 S  2.99296000E+02      3.627452
  1 S  8.73771000E+01      4.888452
  1 S  2.56789000E+01      4.835721
  1 S  3.74004000E+00      0.538229

  2 S  4.21175000E+01      1.341958
  2 S  9.62837000E+00      3.587114
  2 S  2.85332000E+00     -0.005123

  3 P  4.21175000E+01      5.584018
  3 P  9.62837000E+00      5.733366
  3 P  2.85332000E+00      4.332955

  4 S  9.05661000E-01      0.661659

  5 P  9.05661000E-01      1.259352

  6 S  2.55611000E-01      0.256209

  7 P  2.55611000E-01      0.259068

  8 D  1.29200000E+00      2.577026


  Br (bromine)
  ------------
          Exponent        Coefficients
      ----------------  --------------------
  1 S  4.39700000E+05      9.893706
  1 S  6.60300000E+04     18.450679
  1 S  1.51400000E+04     31.049770
  1 S  4.31700000E+03     48.888138
  1 S  1.41400000E+03     64.847798
  1 S  5.23900000E+02     42.245010

  2 S  5.23900000E+02     14.290679
  2 S  2.07700000E+02     24.083128
  2 S  8.65400000E+01      5.132542

  3 S  3.05200000E+01      9.254405

  4 S  1.29800000E+01      4.873782

  5 S  4.41200000E+00      2.169635

  6 S  1.86200000E+00      1.136043

  7 S  3.93200000E-01      0.353892

  8 S  1.40000000E-01      0.163120

  9 P  2.95700000E+03    691.874478
  9 P  7.00300000E+02    925.332763
  9 P  2.24600000E+02   1068.830732

  10 P  8.25900000E+01    122.079275
  10 P  3.31900000E+01     57.580687
  10 P  1.42000000E+01     10.176170

  11 P  1.42000000E+01      3.129736
  11 P  7.43800000E+00      6.538168
  11 P  3.52600000E+00      4.166276

  12 P  1.59500000E+00      2.555000

  13 P  8.46200000E-01      1.156861

  14 P  3.18600000E-01      0.341191

  15 P  1.09600000E-01      0.089888

  16 D  1.34800000E+02    160.709187
  16 D  3.63900000E+01    119.797406
  16 D  1.21600000E+01     55.531619
  16 D  4.34100000E+00     12.984636

  17 D  1.53500000E+00      3.484168

  18 D  4.51000000E-01      0.408525



Printing Internal Coordinates

------------------------------------------------------------
                Bond Lengths

i      j        Length (Angstroms)     Length (Bohr)
0      1          1.3536143249         2.5579603541
0      3          1.0789141966         2.0388523450
0      12         1.4678028375         2.7737453698
1      2          1.3956296933         2.6373578935
1      4          1.0801049791         2.0411025978
2      5          1.4887639009         2.8133560388
2      10         1.3936653615         2.6336458444
5      6          1.2007518728         2.2690921848
5      7          1.2012816657         2.2700933483
8      9          1.0830884686         2.0467405759
8      10         1.3597875571         2.5696260723
8      12         1.4663641490         2.7710266424
10     11         1.0772311407         2.0356718302
12     13         1.0950420150         2.0693295047
12     14         1.9384873910         3.6632102676

Number of Bonds: 15

------------------------------------------------------------
           Bond Angles

i      j      k      Angle (degrees)
0      1      2        116.7815 
0      1      4        122.9661 
0      12     8        116.4058 
0      12     13       107.6064 
0      12     14       109.6778 
1      0      3        120.5080 
1      0      12       122.0944 
1      2      5        116.7773 
1      2      10       125.8303 
2      1      4        120.1939 
2      5      6        115.3501 
2      5      7        115.5629 
2      10     8        117.7593 
2      10     11       119.8086 
3      0      12       117.3655 
5      2      10       117.3775 
6      5      7        129.0805 
8      10     11       122.3867 
8      12     13       105.6724 
8      12     14       112.5971 
9      8      10       121.1406 
9      8      12       117.9755 
10     8      12       120.7759 
13     12     14       103.9134 

Number of Angles: 24

------------------------------------------------------------
              Torsional Angles

i      j      k      l      Angle (degrees)
3      0      1      2        179.8413 
4      1      0      3         -2.9385 
8      10     2      1          3.4612 
9      8      10     2        177.6201 
10     2      1      0         -1.2525 
10     2      1      4       -178.5542 
11     10     2      1       -178.9318 
11     10     8      9          0.0791 
12     8      10     2         -6.2344 
12     8      10     11       176.2245 
13     12     8      9         63.7647 
13     12     8      10      -112.4999 
14     12     8      9        -49.0206 
14     12     8      10       134.7148 

Number of Torsional Angles: 14


----------------------------------------------------------------------
                          Center of Mass

         x               y               z              Unit
   -0.1816770606    0.0423517098    0.1189121077      Angstrom
    -0.343319888   0.08003313249    0.2247113166          Bohr

----------------------------------------------------------------------
                Moment of Inertia Tensor

           875.329           31.2063          -1087.12
           31.2063           4453.64           65.0898
          -1087.12           65.0898           4450.37

----------------------------------------------------------------------
                      Principal Moments of Inertia

           x                 y                 z                Unit
       159.6503457       1244.654259       1334.191381       amu * ang^2
       570.1217348        4444.74105       4764.483918      amu * bohr^2
  2.6510581701e-38  2.0667984317e-37  2.2154784226e-37          g * cm^2

 - Molecule is an asymmetric top.

----------------------------------------------------------------------

         Rotational constants (MHz)

    A = 3.1655e+03        B = 4.0604e+02        C = 3.7879e+02

----------------------------------------------------------------------

        Rotational constants (cm-1)

    A = 1.0559e-01        B = 1.3544e-02        C = 1.2635e-02

----------------------------------------------------------------------

                                Z-Matrix
C   
C        1       2.5579604
C        2       2.6373579     1       116.78153
H        3      6.30572002     2     22.52945427     1         -0.1153
H        4      4.70469960     3     40.13777212     2          1.5022
N        5      4.98769967     4    125.95411236     3          0.9255
O        6      2.26909218     5    152.39889817     4        -78.6089
O        7      4.09837454     6     25.46574712     5       -117.5271
C        8      8.65871160     7     62.57495060     6         -9.5597
H        9      2.04674058     8    148.23117982     7        -45.6102
C       10      4.02886768     9     33.08595142     8         18.1868
H       11      2.03567183    10     96.61323739     9       -179.9328
C       12      6.52500054    11     18.78030284    10         -4.2452
H       13      2.06932950    12    111.45945246    11       -112.6780
Br      14      4.62025023    13     50.31776064    12       -139.3384

----------------------------------------------------------------------

             Converted back to Cartesian

C        0.000000      0.000000      0.000000
C        0.000000      0.000000      2.557960
C        0.000000      0.093801     -0.077729
H        0.000002     -0.173712      6.222314
H       -0.000028      0.083334      1.524642
N        0.000044     -0.380008      6.490773
O        0.002510     -0.064627      4.243707
O       -0.001560     -0.665724      8.297759
C        0.005522      0.767239     -0.241553
H        0.005983      0.337773      1.759623
C        0.003912      1.222789     -2.170837
H        0.009952      0.717575     -0.198863
C       -0.012468      2.372962     -6.510347
H        0.002797      1.780797     -4.527613
Br      -0.036503      3.170443     -8.933751

----------------------------------------------------------------------
                       Geometry in bohr 

1     C      -0.8877726403    2.3392069871    1.2250362304
2     C       1.6642612837    2.3688108307    1.3965227797
3     C       2.8817998996    0.0293365874    1.4073228850
4     H      -1.9445572576    4.0827528077    1.2118783801
5     H       2.7546835895    4.0937292397    1.4381820160
6     N       5.6940567860    0.0643781622    1.4777181536
7     O       6.6621550385   -1.7083826177    2.5115867785
8     O       6.6754108293    1.8736575930    0.5202339538
9     C      -0.8539276586   -2.3698310708    1.0447837376
10    H      -1.8690168352   -4.1395693428    0.8811762897
11    C       1.7021338872   -2.3230796372    1.3042867800
12    H       2.8240514885   -4.0208859140    1.3563880517
13    C      -2.3316035997   -0.0275160351    1.1376424466
14    H      -3.4518769433   -0.1417634229    2.8737472157
15    Br     -4.8443373073    0.1579291348   -1.5214718549

 Number of nodes, processes per node used for SCF calculation: 1, 4

Common Options
{
  maxiter       = 100
  basis         = 6-311g* spherical
  geom_units    = angstrom
  ang2au factor = 1.889726126
  debug         = false
  file_prefix   = para_th54_ph144_qed_ccsd_input
}

SCF Options
{
  charge            = 1
  multiplicity      = 1
  level shift       = 0
  tol_int           = 1e-22
  tol_sch           = 1e-12
  tol_lindep        = 1e-10
  conve             = 1e-07
  convd             = 1e-05
  diis_hist         = 10
  AO_tilesize       = 30
  writem            = 10
  damp              = 100
  n_lindep          = 0
  scf_type          = restricted
  cuscf             = false
  qed_omegas        = [0.06615,]
  qed_lambdas       = [0.1,]
  qed_polvecs       = [[-0.6545084972,0.4755282581,0.5877852523,],]
  direct_df         = false
  restart_size      = 2000
  restart           = false
  debug             = false
}

Number of basis functions = 221

Total number of shells = 105

Total number of electrons = 98
  # of alpha electrons    = 49
  # of beta electons      = 49

Nuclear repulsion energy  = 727.905921257161

# of {all,non-negligible} shell-pairs = {5565,4864}
Number of AO tiles = 105

Time for initial setup: 0.01 secs
HF exch = 1.00

Time for computing 1-e integrals T, V, S: 0.01 secs
Time for computing orthogonalizer: 0.01 secs

Superposition of Atomic Density Guess ...
Time taken for SAD: 0.29 secs
Total Time to compute initial guess: 0.29 secs


 SCF iterations
-----------------------------------------------------------------------------
 Iter     Energy            E-Diff       RMSD        |[F,P]|^2       Time(s)
-----------------------------------------------------------------------------
   1  -3011.7559705787    -3.01e+03     1.69e-02     1.50e+03         0.6 
   2  -3005.7798606539     5.98e+00     7.04e-03     8.61e+00         2.1 
   3  -3006.0083252052    -2.28e-01     2.63e-03     3.39e+00         2.1 
   4  -3006.1047588160    -9.64e-02     1.18e-03     1.05e-01         2.1 
   5  -3006.1107834105    -6.02e-03     2.69e-04     1.25e-02         2.0 
   6  -3006.1114225501    -6.39e-04     1.85e-04     1.57e-03         2.1 
   7  -3006.1115857511    -1.63e-04     8.31e-05     2.26e-04         2.1 
   8  -3006.1116152245    -2.95e-05     2.32e-05     2.81e-05         2.1 
   9  -3006.1116189984    -3.77e-06     1.11e-05     5.72e-06         2.1 
  10  -3006.1116197100    -7.12e-07     4.55e-06     8.18e-07         2.1 
  11  -3006.1116198138    -1.04e-07     1.63e-06     1.34e-07         2.1 
  12  -3006.1116198285    -1.47e-08     7.68e-07     2.75e-08         2.1 

** Total SCF energy = -3006.1116198285445

Nuclear repulsion energy = 727.905921257161481
#electrons        = 98
1e energy kinetic = 3006.1960351171765069
1e energy N-e     = -8608.9202214467986778
1e energy         = -5599.7101119684330115
2e energy         = 1868.5187090329654893
QED energy        = 0.1879362109496037
QED eT energy     = 0.1659863632353023
QED eT energy from matrix = 0.1659863632353049

 Polarizability Matrix (QED energy = 0.5 * lambda.dot(matrix * lambda))
[42.89776006,  0.49073928,  2.12170959]
[ 0.49073928, 42.23370135, -1.99818415]
[ 2.12170959, -1.99818415, 36.80389994]

 Polarizability Matrix (QED eT energy = 0.5 * lambda.dot(matrix * lambda))
[39.62496469,  0.48997795,  2.57904925]
[ 0.48997795, 38.82358565, -2.39069846]
[ 2.57904925, -2.39069846, 32.03964276]


                      Electron        Nuclear        Total  
                  ------------------------------------------
    Monopole         -98.000000     99.000000      1.000000

      Dipole   X      10.353792    -11.630250     -1.276458
      Dipole   Y      -7.362057      7.276196     -0.085861
      Dipole   Z     -32.901613     34.202019      1.300406

  Quadrupole  XX   -1969.568032   1920.192027    -49.376005
  Quadrupole  XY      14.266412    -14.492058     -0.225646
  Quadrupole  XZ    -497.086009    496.185256     -0.900753
  Quadrupole  YY    -292.157870    251.671845    -40.486025
  Quadrupole  YZ      30.383160    -28.879133      1.504028
  Quadrupole  ZZ    -267.798229    220.458718    -47.339511

    Octupole XXX   -2304.800241   2163.865801   -140.934440
    Octupole XXY    -206.944131    204.189471     -2.754660
    Octupole XXZ    -433.254692    390.061361    -43.193331
    Octupole XYY    -445.134448    419.507573    -25.626875
    Octupole XYZ     141.279962   -132.017200      9.262762
    Octupole XZZ     -95.590339     62.681768    -32.908570
    Octupole YYY     -25.276350     15.060797    -10.215553
    Octupole YYZ    -335.713356    318.045212    -17.668144
    Octupole YZZ      57.690088    -56.011404      1.678683
    Octupole ZZZ    -220.660218    131.942050    -88.718169

writing orbitals and density to disk ... done.

Total Time taken for Hartree-Fock: 24.61 secs

CD Options
{
  debug             = false
  skip_cd           = [false, 100]
  write_cv          = [false, 5000]
  diagtol           = 1e-06
  itilesize         = 1000
  max_cvecs_factor  = 12
}

- #occupied, #virtual = 98, 344

- Tilesize for the MSO space: 40

-----------------------------------------------------
Begin 2-index transformation ... 

nAO, nMO, nelectrons = 221, 442, 98
n_occ_alpha, n_vir_alpha, n_occ_beta, n_vir_beta = 49,172,49,172

Time taken for Fao->Fmo transform: 0.00 secs

-----------------------------------------------------
Number of AO tiles = 105
# of {all,non-negligible} shell-pairs = {5565,4864}

    Begin Cholesky Decomposition
---------------------------------------------
Total # of mpi ranks used for Cholesky decomposition: 4
  --> Number of nodes, mpi ranks per node: 1, 4
- CPU memory required for computing cholesky vectors: 1.93 GiB

- Time for computing the diagonal: 0.01 secs

- Total number of cholesky vectors = 1638

- Time to compute cholesky vectors: 15.07 secs

- CPU memory required for resizing the ao cholesky tensor: 1.56 GiB
- CPU memory required for ao2mo transformation: 1.69 GiB
- CPU memory required for the 2-step contraction: 2.10 GiB

- Time for ao to mo transform: 1.61 secs

   End Cholesky Decomposition
---------------------------------------------

Total Time taken for Cholesky Decomposition: 18.63 secs

scf_type = restricted
Closed-Shell SCF
QED-HF Enabled
nbf = 203
nbf_orig = 221
n_lindep = 0
focc = 1
nmo = 406
nocc = 62
nvir = 344
n_occ_alpha = 31
n_vir_alpha = 172
n_occ_beta = 31
n_vir_beta = 172
nelectrons = 98
nelectrons_alpha = 49
nelectrons_beta = 49
freeze atomic = true
n_frozen_core = 18
n_frozen_virtual = 0
----------------------------
--------- QED-CCSD --------
lambda_x: -0.0655
lambda_y: 0.0476
lambda_z: 0.0588
omega: 0.066150
coupling_factor_x: -0.011903
coupling_factor_y: 0.008648
coupling_factor_z: 0.010690
----------------------------
# of {all,non-negligible} shell-pairs = {5565,4864}
Number of AO tiles = 105
----------------------------
Electronic dipole expectation value using SCF density: 
dipole_x_elec: 10.35388012
dipole_y_elec: -7.36206992
dipole_z_elec: -32.90162306

d_n/N value: d_n is nuclear dipole moment and N is the total number of electrons 
d_nuc_x: -0.11867602
d_nuc_y: 0.07424690
d_nuc_z: 0.34900020

<d_e+d_n> expectation values: 
dipole_total_x: -1.27637011
dipole_total_y: -0.08587393
dipole_total_z: 1.30039606
----------------------------


 CCSD iterations
------------------------------------------------------------
  Iter     Residuum          Correlation          Time(s)
------------------------------------------------------------
   1     1.1851826876547    0.0000000000000         86.23
   2     0.1661882208786   -1.6471961310308         85.36
   3     0.0642443703254   -1.6306667931791         85.12
   4     0.0214882167767   -1.6948606197517         85.17
   5     0.0164907598545   -1.6895750583756         85.27
 MICROCYCLE DIIS UPDATE:                    6
   6     0.0077387994877   -1.6990889123513         84.46
   7     0.0048893458278   -1.6989255945757         84.55
   8     0.0035770666973   -1.7001541107730         84.49
   9     0.0026226381466   -1.7004003761855         83.94
  10     0.0028132282873   -1.7006592106750         84.14
 MICROCYCLE DIIS UPDATE:                   11
  11     0.0006097944359   -1.7011610725302         83.95
  12     0.0005122145627   -1.7011386995636         84.07
  13     0.0003757368929   -1.7011950480530         84.39
  14     0.0003851380994   -1.7011631451211         84.52
  15     0.0003470477791   -1.7011883499386         84.30
 MICROCYCLE DIIS UPDATE:                   16
  16     0.0001265975622   -1.7011814282652         84.55
  17     0.0000847921801   -1.7011863791419         84.23
  18     0.0000735417660   -1.7011985165988         83.36
  19     0.0000654046347   -1.7012012701159         83.41
  20     0.0000741067951   -1.7012025301262         83.90
 MICROCYCLE DIIS UPDATE:                   21
  21     0.0000264572024   -1.7012110531879         85.18
  22     0.0000217438612   -1.7012075110151         83.88
  23     0.0000157748783   -1.7012076532854         84.11
  24     0.0000162258220   -1.7012062226609         84.51
  25     0.0000134867400   -1.7012067298358         84.46
 MICROCYCLE DIIS UPDATE:                   26
  26     0.0000059254161   -1.7012051049160         84.28
  27     0.0000038676626   -1.7012057914381         84.47
  28     0.0000032998926   -1.7012063558972         84.05
  29     0.0000029461450   -1.7012065788862         84.57
  30     0.0000033596886   -1.7012066562116         84.31
 MICROCYCLE DIIS UPDATE:                   31
  31     0.0000011695912   -1.7012071066933         84.29
  32     0.0000009752614   -1.7012069364225         84.32
------------------------------------------------------------------
 Iterations converged
 CCSD correlation energy / hartree =        -1.701206936422521
 CCSD total energy / hartree       =     -3007.812826764966758

Time taken for spin-orbital canonical QED-CCSD: 2765.56 secs
