
ExaChem Git Information
{
 WARNING: Failed to retrieve the current git state.
}


TAMM Git Information
{
 Branch: main
 Commit Hash: e71357ad [e71357ad54f38748b4a7e175aa6760820d5ce96f]
 Commit Date: 2026-02-02 23:14:56 -0800
 Commit Message: add GitHub Actions workflow for releases
}


date: Thu Aug  6 00:23:33 2026
program: "/global/cfs/cdirs/m3196/heindelj/cavity_qed/software/install_gpu/bin/bin/ExaChem"
nnodes: 1, nproc_per_node: 4, nproc_total: 4, ngpus_per_node: 1, ngpus_total: 1

Memory information
{
[AMD EPYC 7763 64-Core Processor                ] : 
  CPU memory per node (GiB): 251
  Total CPU memory (GiB): 251
[NVIDIA A100-SXM4-40GB, CUDA v12.9] : 
  GPU memory per device (GiB): 39
  GPU memory per node (GiB): 39
  Total GPU memory (GiB): 39
}

------------------------------------------------------------

Input file provided: /global/cfs/cdirs/m4262/heindelj/cavity_qed/mlip/lambda_scans/grid_scans_optimized_geoms/runs_grid_no_freq/para_th54_ph180/para_th54_ph180_qed_ccsd_input.json

{
  "geometry": {
    "coordinates": [
      "C    -0.471136712700    1.253302128600    0.500195543700",
      "C     0.877474718800    1.249524329000    0.673453710300",
      "C     1.515549679600    0.016170514900    0.754367819900",
      "H    -1.020992159800    2.182811952700    0.425633229100",
      "H     1.457828211700    2.157484032100    0.699430295100",
      "N     3.011958767500    0.031069827900    0.862051914300",
      "O     3.532480563500   -1.041917467200    1.003015082600",
      "O     3.528044157500    1.113866053100    0.814287999000",
      "C    -0.452580483200   -1.244745647700    0.513089500800",
      "H    -0.993290471800   -2.178487959200    0.432725028000",
      "C     0.895712239300   -1.227830615300    0.691302245900",
      "H     1.484947224900   -2.130696213100    0.738014410200",
      "C    -1.225260048400   -0.001480441200    0.535913844800",
      "H    -1.582479620000   -0.000298565900    1.581628663200",
      "Br   -2.792336765800   -0.031251450000   -0.559669604100"
    ],
    "units": "angstrom",
    "noorient": true
  },
  "common": {
    "maxiter": 100,
    "debug": false
  },
  "basis": {
    "basisset": "6-311G*"
  },
  "SCF": {
    "charge": 1,
    "multiplicity": 1,
    "lshift": 0,
    "tol_lindep": 1e-10,
    "conve": 1e-07,
    "convd": 1e-05,
    "diis_hist": 10,
    "writem": 10,
    "restart": false,
    "noscf": false,
    "scf_type": "restricted",
    "debug": false,
    "qed_omegas": [
      0.06615
    ],
    "qed_volumes": [],
    "qed_lambdas": [
      0.1
    ],
    "qed_polvecs": [
      [
        -0.8090169943749475,
        9.907600726170916e-17,
        0.5877852522924731
      ]
    ],
    "direct_df": false
  },
  "CD": {
    "debug": false,
    "diagtol": 1e-06
  },
  "CC": {
    "threshold": 1e-06,
    "ndiis": 5,
    "ccsd_maxiter": 200,
    "tilesize": 40,
    "freeze": {
      "atomic": true
    },
    "readt": false,
    "writet": true,
    "writet_iter": 5,
    "debug": false,
    "profile_ccsd": false,
    "balance_tiles": true
  },
  "TASK": {
    "scf": false,
    "ccsd": true
  }
}

Output folder & files prefix: para_th54_ph180_qed_ccsd_input.6-311g*

  C (carbon)
  ----------
          Exponent        Coefficients
      ----------------  --------------------
  1 S  4.56324000E+03      0.778202
  1 S  6.82024000E+02      1.448695
  1 S  1.54973000E+02      2.383089
  1 S  4.44553000E+01      3.200089
  1 S  1.30290000E+01      3.013004
  1 S  1.82773000E+00      0.247599

  2 S  2.09642000E+01      0.800629
  2 S  4.80331000E+00      2.127420
  2 S  1.45933000E+00     -0.002868

  3 P  2.09642000E+01      2.573592
  3 P  4.80331000E+00      2.408248
  3 P  1.45933000E+00      1.865281

  4 S  4.83456000E-01      0.413217

  5 P  4.83456000E-01      0.574627

  6 S  1.45585000E-01      0.167976

  7 P  1.45585000E-01      0.128185

  8 D  6.26000000E-01      0.725128


  H (hydrogen)
  ------------
          Exponent        Coefficients
      ----------------  --------------------
  1 S  3.38650000E+01      0.255069
  1 S  5.09479000E+00      0.460109
  1 S  1.15879000E+00      0.678321

  2 S  3.25840000E-01      0.307371

  3 S  1.02741000E-01      0.129336


  N (nitrogen)
  ------------
          Exponent        Coefficients
      ----------------  --------------------
  1 S  6.29348000E+03      0.991968
  1 S  9.49044000E+02      1.823240
  1 S  2.18776000E+02      2.979891
  1 S  6.36916000E+01      4.000007
  1 S  1.88282000E+01      3.881008
  1 S  2.72023000E+00      0.386764

  2 S  3.06331000E+01      1.038501
  2 S  7.02614000E+00      2.834794
  2 S  2.11205000E+00     -0.003208

  3 P  3.06331000E+01      3.935616
  3 P  7.02614000E+00      3.870994
  3 P  2.11205000E+00      2.967271

  4 S  6.84009000E-01      0.536051

  5 P  6.84009000E-01      0.886681

  6 S  2.00878000E-01      0.213850

  7 P  2.00878000E-01      0.191693

  8 D  9.13000000E-01      1.403568


  O (oxygen)
  ----------
          Exponent        Coefficients
      ----------------  --------------------
  1 S  8.58850000E+03      1.205013
  1 S  1.29723000E+03      2.216205
  1 S  2.99296000E+02      3.627452
  1 S  8.73771000E+01      4.888452
  1 S  2.56789000E+01      4.835721
  1 S  3.74004000E+00      0.538229

  2 S  4.21175000E+01      1.341958
  2 S  9.62837000E+00      3.587114
  2 S  2.85332000E+00     -0.005123

  3 P  4.21175000E+01      5.584018
  3 P  9.62837000E+00      5.733366
  3 P  2.85332000E+00      4.332955

  4 S  9.05661000E-01      0.661659

  5 P  9.05661000E-01      1.259352

  6 S  2.55611000E-01      0.256209

  7 P  2.55611000E-01      0.259068

  8 D  1.29200000E+00      2.577026


  Br (bromine)
  ------------
          Exponent        Coefficients
      ----------------  --------------------
  1 S  4.39700000E+05      9.893706
  1 S  6.60300000E+04     18.450679
  1 S  1.51400000E+04     31.049770
  1 S  4.31700000E+03     48.888138
  1 S  1.41400000E+03     64.847798
  1 S  5.23900000E+02     42.245010

  2 S  5.23900000E+02     14.290679
  2 S  2.07700000E+02     24.083128
  2 S  8.65400000E+01      5.132542

  3 S  3.05200000E+01      9.254405

  4 S  1.29800000E+01      4.873782

  5 S  4.41200000E+00      2.169635

  6 S  1.86200000E+00      1.136043

  7 S  3.93200000E-01      0.353892

  8 S  1.40000000E-01      0.163120

  9 P  2.95700000E+03    691.874478
  9 P  7.00300000E+02    925.332763
  9 P  2.24600000E+02   1068.830732

  10 P  8.25900000E+01    122.079275
  10 P  3.31900000E+01     57.580687
  10 P  1.42000000E+01     10.176170

  11 P  1.42000000E+01      3.129736
  11 P  7.43800000E+00      6.538168
  11 P  3.52600000E+00      4.166276

  12 P  1.59500000E+00      2.555000

  13 P  8.46200000E-01      1.156861

  14 P  3.18600000E-01      0.341191

  15 P  1.09600000E-01      0.089888

  16 D  1.34800000E+02    160.709187
  16 D  3.63900000E+01    119.797406
  16 D  1.21600000E+01     55.531619
  16 D  4.34100000E+00     12.984636

  17 D  1.53500000E+00      3.484168

  18 D  4.51000000E-01      0.408525



Printing Internal Coordinates

------------------------------------------------------------
                Bond Lengths

i      j        Length (Angstroms)     Length (Bohr)
0      1          1.3597005028         2.5694615635
0      3          1.0825382509         2.0457008149
0      12         1.4643964968         2.7673083188
1      2          1.3909882744         2.6285868829
1      4          1.0779034197         2.0369422534
2      5          1.5003526292         2.8352555615
2      10         1.3912995835         2.6291751718
5      6          1.2008810476         2.2693362897
5      7          1.2004470778         2.2685162058
8      9          1.0819891148         2.0446630982
8      10         1.3601246878         2.5702631570
8      12         1.4639887414         2.7665377726
10     11         1.0791414098         2.0392817156
12     13         1.1050460174         2.0882343294
12     14         1.9123072046         3.6137368853

Number of Bonds: 15

------------------------------------------------------------
           Bond Angles

i      j      k      Angle (degrees)
0      1      2        117.7009 
0      1      4        122.3269 
0      12     8        117.0968 
0      12     13       100.8732 
0      12     14       114.9211 
1      0      3        120.9942 
1      0      12       120.3502 
1      2      5        116.9289 
1      2      10       125.8595 
2      1      4        119.9007 
2      5      6        115.5858 
2      5      7        115.7778 
2      10     8        117.3028 
2      10     11       120.1890 
3      0      12       118.4142 
5      2      10       117.1596 
6      5      7        128.6277 
8      10     11       122.4483 
8      12     13       100.7356 
8      12     14       114.2272 
9      8      10       121.0546 
9      8      12       118.0523 
10     8      12       120.7035 
13     12     14       106.0970 

Number of Angles: 24

------------------------------------------------------------
              Torsional Angles

i      j      k      l      Angle (degrees)
3      0      1      2       -179.7109 
4      1      0      3         -2.7924 
8      10     2      1          1.1268 
8      12     0      1        -11.0416 
8      12     0      3        174.5462 
9      8      10     2        178.5882 
9      8      12     0       -173.6216 
10     2      1      0         -0.8890 
10     2      1      4       -177.8854 
10     8      12     0         11.3312 
11     10     2      1        178.3822 
11     10     8      9          1.3995 
12     0      1      2          6.0228 
12     0      1      4       -177.0586 
12     8      10     2         -6.5144 
12     8      10     11       176.2969 
13     12     0      1         97.0989 
13     12     0      3        -77.3132 
13     12     8      9         78.1578 
13     12     8      10       -96.8894 
14     12     0      1       -149.2873 
14     12     0      3         36.3006 
14     12     8      9        -35.0941 
14     12     8      10       149.8587 

Number of Torsional Angles: 24


----------------------------------------------------------------------
                          Center of Mass

         x               y               z              Unit
   -0.2711359862 -0.001681632374    0.2184779777      Angstrom
   -0.5123727568 -0.003177824631    0.4128635423          Bohr

----------------------------------------------------------------------
                Moment of Inertia Tensor

           765.706           -43.011           -1033.4
           -43.011           4629.57           1.89595
           -1033.4           1.89595           4795.36

----------------------------------------------------------------------
                      Principal Moments of Inertia

           x                 y                 z                Unit
       144.4195818       1296.433177       1412.818585       amu * ang^2
       515.7316893       4629.646926       5045.266761      amu * bohr^2
  2.3981452118e-38  2.1527794078e-37  2.3460420553e-37          g * cm^2

 - Molecule is an asymmetric top.

----------------------------------------------------------------------

         Rotational constants (MHz)

    A = 3.4994e+03        B = 3.8982e+02        C = 3.5771e+02

----------------------------------------------------------------------

        Rotational constants (cm-1)

    A = 1.1673e-01        B = 1.3003e-02        C = 1.1932e-02

----------------------------------------------------------------------

                                Z-Matrix
C   
C        1       2.5694616
C        2       2.6285869     1       117.70086
H        3      6.33451477     2     22.19098884     1          0.2119
H        4      4.71302271     3     39.69782225     2          1.8855
N        5      4.98665925     4    126.89183132     3          1.5357
O        6      2.26933629     5    169.26886888     4        -23.0387
O        7      4.08943029     6     25.68116713     5       -160.6425
C        8      8.76212478     7     60.04517184     6         -2.0673
H        9      2.04466310     8    150.78974744     7        -10.0227
C       10      4.02602273     9     33.15548419     8          6.2149
H       11      2.03928172    10     96.66469647     9       -178.8110
C       12      6.52424433    11     18.71203544    10         -3.5963
H       13      2.08823433    12    101.48003526    11        -99.5325
Br      14      4.64806200    13     48.33029594    12       -140.1060

----------------------------------------------------------------------

             Converted back to Cartesian

C        0.000000      0.000000      0.000000
C        0.000000      0.000000      2.569462
C        0.000000      0.094224     -0.057436
H       -0.000003     -0.175630      6.271328
H       -0.000030      0.082073      1.565356
N        0.000007     -0.382803      6.530299
O        0.000806     -0.055080      4.284752
O        0.000708     -0.677260      8.326575
C       -0.005705      0.813874     -0.307735
H       -0.000044      0.373857      1.689012
C       -0.013067      1.279888     -2.233716
H       -0.000442      0.762960     -0.261079
C       -0.044525      2.452521     -6.562603
H       -0.022075      1.850194     -4.563248
Br      -0.077966      3.255983     -8.993273

----------------------------------------------------------------------
                       Geometry in bohr 

1     C      -0.8903193549    2.3683977761    0.9452325870
2     C       1.6581869009    2.3612587695    1.2726430709
3     C       2.8639738247    0.0305578445    1.4255485778
4     H      -1.9293955587    4.1249167750    0.8043302331
5     H       2.7548960587    4.0770539417    1.3217317019
6     N       5.6917771731    0.0587134655    1.6290420243
7     O       6.6754208101   -1.9689386588    1.8954238063
8     O       6.6670372178    2.1049017813    1.5387813057
9     C      -0.8552531632   -2.3522283706    0.9695986346
10    H      -1.8770469552   -4.1167456115    0.8177317907
11    C       1.6926508199   -2.3202635919    1.3063719150
12    H       2.8061435665   -4.0264323003    1.3946451123
13    C      -2.3154059245   -0.0027976284    1.0127303938
14    H      -2.9904530816   -0.0005642078    2.9888450063
15    Br     -5.2767517387   -0.0590566815   -1.0576222727

 Number of nodes, processes per node used for SCF calculation: 1, 4

Common Options
{
  maxiter       = 100
  basis         = 6-311g* spherical
  geom_units    = angstrom
  ang2au factor = 1.889726126
  debug         = false
  file_prefix   = para_th54_ph180_qed_ccsd_input
}

SCF Options
{
  charge            = 1
  multiplicity      = 1
  level shift       = 0
  tol_int           = 1e-22
  tol_sch           = 1e-12
  tol_lindep        = 1e-10
  conve             = 1e-07
  convd             = 1e-05
  diis_hist         = 10
  AO_tilesize       = 30
  writem            = 10
  damp              = 100
  n_lindep          = 0
  scf_type          = restricted
  cuscf             = false
  qed_omegas        = [0.06615,]
  qed_lambdas       = [0.1,]
  qed_polvecs       = [[-0.8090169944,9.907600726e-17,0.5877852523,],]
  direct_df         = false
  restart_size      = 2000
  restart           = false
  debug             = false
}

Number of basis functions = 221

Total number of shells = 105

Total number of electrons = 98
  # of alpha electrons    = 49
  # of beta electons      = 49

Nuclear repulsion energy  = 723.987763439921

# of {all,non-negligible} shell-pairs = {5565,4847}
Number of AO tiles = 105

Time for initial setup: 0.02 secs
HF exch = 1.00

Time for computing 1-e integrals T, V, S: 0.01 secs
Time for computing orthogonalizer: 0.01 secs

Superposition of Atomic Density Guess ...
Time taken for SAD: 0.30 secs
Total Time to compute initial guess: 0.30 secs


 SCF iterations
-----------------------------------------------------------------------------
 Iter     Energy            E-Diff       RMSD        |[F,P]|^2       Time(s)
-----------------------------------------------------------------------------
   1  -3011.7902246147    -3.01e+03     1.73e-02     1.53e+03         0.6 
   2  -3005.7511747729     6.04e+00     7.06e-03     9.31e+00         2.1 
   3  -3006.0133927656    -2.62e-01     2.56e-03     3.00e+00         2.0 
   4  -3006.0997098807    -8.63e-02     1.26e-03     9.55e-02         2.1 
   5  -3006.1057621712    -6.05e-03     3.23e-04     1.13e-02         2.0 
   6  -3006.1064473283    -6.85e-04     2.46e-04     2.12e-03         2.1 
   7  -3006.1066702549    -2.23e-04     1.19e-04     3.22e-04         2.0 
   8  -3006.1067148852    -4.46e-05     3.12e-05     4.23e-05         2.1 
   9  -3006.1067209010    -6.02e-06     1.59e-05     8.77e-06         2.1 
  10  -3006.1067220521    -1.15e-06     5.94e-06     9.91e-07         2.1 
  11  -3006.1067221821    -1.30e-07     1.87e-06     9.39e-08         2.1 
  12  -3006.1067221921    -1.00e-08     6.85e-07     1.11e-08         2.1 

** Total SCF energy = -3006.1067221920739

Nuclear repulsion energy = 723.987763439920741
#electrons        = 98
1e energy kinetic = 3006.2019302504450025
1e energy N-e     = -8601.1798766126394185
1e energy         = -5590.0131852477024950
2e energy         = 1864.6936220653396958
QED energy        = 0.1898386648608241
QED eT energy     = 0.1676957298434774
QED eT energy from matrix = 0.1676957298434625

 Polarizability Matrix (QED energy = 0.5 * lambda.dot(matrix * lambda))
[42.38432433,  0.02978784,  2.07800509]
[ 0.02978784, 43.92009590, -0.38684745]
[ 2.07800509, -0.38684745, 35.32107949]

 Polarizability Matrix (QED eT energy = 0.5 * lambda.dot(matrix * lambda))
[39.16616529,  0.04119019,  2.62451377]
[ 0.04119019, 40.74823296, -0.47415866]
[ 2.62451377, -0.47415866, 30.10383417]


                      Electron        Nuclear        Total  
                  ------------------------------------------
    Monopole         -98.000000     99.000000      1.000000

      Dipole   X      25.101840    -26.417064     -1.315224
      Dipole   Y      -0.003379     -0.000507     -0.003887
      Dipole   Z     -49.579714     50.780190      1.200477

  Quadrupole  XX   -2119.288455   2069.269073    -50.019383
  Quadrupole  XY     -20.098023     19.980255     -0.117767
  Quadrupole  XZ    -466.622765    465.389604     -1.233162
  Quadrupole  YY    -307.033941    266.016271    -41.017670
  Quadrupole  YZ       1.761137     -1.529599      0.231539
  Quadrupole  ZZ    -215.822074    168.656641    -47.165433

    Octupole XXX   -1150.367620   1016.209676   -134.157944
    Octupole XXY      -5.434765      3.852941     -1.581825
    Octupole XXZ    -824.792968    770.161965    -54.631003
    Octupole XYY    -545.899692    521.288283    -24.611409
    Octupole XYZ      36.851949    -35.612595      1.239354
    Octupole XZZ    -263.019709    242.874625    -20.145084
    Octupole YYY     -23.076059     22.112339     -0.963720
    Octupole YYZ    -361.482000    334.142479    -27.339521
    Octupole YZZ      20.162561    -19.765367      0.397194
    Octupole ZZZ    -264.818435    165.164569    -99.653866

writing orbitals and density to disk ... done.

Total Time taken for Hartree-Fock: 24.46 secs

CD Options
{
  debug             = false
  skip_cd           = [false, 100]
  write_cv          = [false, 5000]
  diagtol           = 1e-06
  itilesize         = 1000
  max_cvecs_factor  = 12
}

- #occupied, #virtual = 98, 344

- Tilesize for the MSO space: 40

-----------------------------------------------------
Begin 2-index transformation ... 

nAO, nMO, nelectrons = 221, 442, 98
n_occ_alpha, n_vir_alpha, n_occ_beta, n_vir_beta = 49,172,49,172

Time taken for Fao->Fmo transform: 0.00 secs

-----------------------------------------------------
Number of AO tiles = 105
# of {all,non-negligible} shell-pairs = {5565,4847}

    Begin Cholesky Decomposition
---------------------------------------------
Total # of mpi ranks used for Cholesky decomposition: 4
  --> Number of nodes, mpi ranks per node: 1, 4
- CPU memory required for computing cholesky vectors: 1.93 GiB

- Time for computing the diagonal: 0.01 secs

- Total number of cholesky vectors = 1645

- Time to compute cholesky vectors: 15.28 secs

- CPU memory required for resizing the ao cholesky tensor: 1.56 GiB
- CPU memory required for ao2mo transformation: 1.70 GiB
- CPU memory required for the 2-step contraction: 2.11 GiB

- Time for ao to mo transform: 1.61 secs

   End Cholesky Decomposition
---------------------------------------------

Total Time taken for Cholesky Decomposition: 23.23 secs

scf_type = restricted
Closed-Shell SCF
QED-HF Enabled
nbf = 203
nbf_orig = 221
n_lindep = 0
focc = 1
nmo = 406
nocc = 62
nvir = 344
n_occ_alpha = 31
n_vir_alpha = 172
n_occ_beta = 31
n_vir_beta = 172
nelectrons = 98
nelectrons_alpha = 49
nelectrons_beta = 49
freeze atomic = true
n_frozen_core = 18
n_frozen_virtual = 0
----------------------------
--------- QED-CCSD --------
lambda_x: -0.0809
lambda_y: 0.0000
lambda_z: 0.0588
omega: 0.066150
coupling_factor_x: -0.014713
coupling_factor_y: 0.000000
coupling_factor_z: 0.010690
----------------------------
# of {all,non-negligible} shell-pairs = {5565,4847}
Number of AO tiles = 105
----------------------------
Electronic dipole expectation value using SCF density: 
dipole_x_elec: 25.10193963
dipole_y_elec: -0.00333398
dipole_z_elec: -49.57967316

d_n/N value: d_n is nuclear dipole moment and N is the total number of electrons 
d_nuc_x: -0.26956188
d_nuc_y: -0.00000518
d_nuc_z: 0.51816521

<d_e+d_n> expectation values: 
dipole_total_x: -1.31512414
dipole_total_y: -0.00384121
dipole_total_z: 1.20051728
----------------------------


 CCSD iterations
------------------------------------------------------------
  Iter     Residuum          Correlation          Time(s)
------------------------------------------------------------
   1     1.1853515193369    0.0000000000000         86.83
   2     0.1691200559938   -1.6179150578871         85.68
   3     0.0620482331645   -1.6319682283883         85.72
   4     0.0221664234871   -1.6914883982147         85.73
   5     0.0149531448717   -1.6902535633693         85.65
 MICROCYCLE DIIS UPDATE:                    6
   6     0.0083594830970   -1.6995092232394         84.71
   7     0.0052973250603   -1.6993595324192         84.30
   8     0.0039620841063   -1.7004704955217         84.07
   9     0.0032596930716   -1.7008018109060         83.45
  10     0.0034708413632   -1.7010269089661         83.39
 MICROCYCLE DIIS UPDATE:                   11
  11     0.0006599764768   -1.7016184492152         83.67
  12     0.0004679972730   -1.7015295054085         83.72
  13     0.0004517771542   -1.7016262047302         83.39
  14     0.0005947084576   -1.7015931762643         84.61
  15     0.0008989163819   -1.7016186152601         83.91
 MICROCYCLE DIIS UPDATE:                   16
  16     0.0000951957319   -1.7016376248779         84.95
  17     0.0000646921448   -1.7016123382128         85.34
  18     0.0000578883340   -1.7016240313007         85.40
  19     0.0000630710116   -1.7016236947159         85.58
  20     0.0000840858789   -1.7016262256751         85.16
 MICROCYCLE DIIS UPDATE:                   21
  21     0.0000204218688   -1.7016348976194         84.73
  22     0.0000151648198   -1.7016303837949         84.77
  23     0.0000146936241   -1.7016312726007         85.47
  24     0.0000184280762   -1.7016301451049         85.41
  25     0.0000252035078   -1.7016302538106         85.57
 MICROCYCLE DIIS UPDATE:                   26
  26     0.0000047513827   -1.7016300222753         84.62
  27     0.0000034328555   -1.7016290642741         84.52
  28     0.0000029123908   -1.7016297803926         84.59
  29     0.0000028907989   -1.7016297755777         84.54
  30     0.0000039368988   -1.7016299017855         84.55
 MICROCYCLE DIIS UPDATE:                   31
  31     0.0000013332343   -1.7016304711456         85.81
  32     0.0000010224550   -1.7016301083280         85.67
  33     0.0000010018248   -1.7016301195258         85.07
  34     0.0000012004542   -1.7016300492266         85.04
  35     0.0000016124677   -1.7016300458122         84.95
 MICROCYCLE DIIS UPDATE:                   36
  36     0.0000003321126   -1.7016300292373         85.87
------------------------------------------------------------------
 Iterations converged
 CCSD correlation energy / hartree =        -1.701630029237251
 CCSD total energy / hartree       =     -3007.808352221310997

Time taken for spin-orbital canonical QED-CCSD: 3129.96 secs
