
ExaChem Git Information
{
 WARNING: Failed to retrieve the current git state.
}


TAMM Git Information
{
 Branch: main
 Commit Hash: e71357ad [e71357ad54f38748b4a7e175aa6760820d5ce96f]
 Commit Date: 2026-02-02 23:14:56 -0800
 Commit Message: add GitHub Actions workflow for releases
}


date: Mon Aug 10 05:02:26 2026
program: "/global/cfs/cdirs/m3196/heindelj/cavity_qed/software/install_gpu/bin/bin/ExaChem"
nnodes: 1, nproc_per_node: 4, nproc_total: 4, ngpus_per_node: 1, ngpus_total: 1

Memory information
{
[AMD EPYC 7763 64-Core Processor                ] : 
  CPU memory per node (GiB): 251
  Total CPU memory (GiB): 251
[NVIDIA A100-SXM4-80GB, CUDA v12.9] : 
  GPU memory per device (GiB): 79
  GPU memory per node (GiB): 79
  Total GPU memory (GiB): 79
}

------------------------------------------------------------

Input file provided: /global/cfs/cdirs/m4262/heindelj/cavity_qed/mlip/lambda_scans/grid_scans_optimized_geoms/runs_grid_no_freq/ortho_th18_ph324/ortho_th18_ph324_qed_ccsd_input.json

{
  "geometry": {
    "coordinates": [
      "C    -1.793078236400    1.956638069200    0.755837034000",
      "C    -0.375596840700    1.991788684200    0.717925597500",
      "C     0.287911523900    0.825916605300    0.639017214800",
      "C    -2.523809856000    0.770409708600    0.734892304700",
      "H    -2.323251756900    2.900203083200    0.818334383600",
      "H     0.165347696400    2.927382396400    0.761081590900",
      "H    -3.603941118100    0.792234742600    0.771747063700",
      "N     1.776653973500    0.840073151700    0.710539699300",
      "O     2.308974270900   -0.239167395000    0.703793271900",
      "O     2.298985693500    1.920095962000    0.770497914100",
      "C    -1.847914367500   -0.415435357900    0.670274407200",
      "H    -2.378182413100   -1.360244771900    0.659261597300",
      "C    -0.382553884400   -0.481827033500    0.618877186900",
      "H     0.001639285900   -1.107057662900    1.421453018900",
      "Br    0.035315069900   -1.536533362500   -0.963804228300"
    ],
    "units": "angstrom",
    "noorient": true
  },
  "common": {
    "maxiter": 100,
    "debug": false
  },
  "basis": {
    "basisset": "6-311G*"
  },
  "SCF": {
    "charge": 1,
    "multiplicity": 1,
    "lshift": 0,
    "tol_lindep": 1e-10,
    "conve": 1e-07,
    "convd": 1e-05,
    "diis_hist": 10,
    "writem": 10,
    "restart": false,
    "noscf": false,
    "scf_type": "restricted",
    "debug": false,
    "qed_omegas": [
      0.06615
    ],
    "qed_volumes": [],
    "qed_lambdas": [
      0.1
    ],
    "qed_polvecs": [
      [
        0.24999999999999997,
        -0.1816356320013403,
        0.9510565162951536
      ]
    ],
    "direct_df": false
  },
  "CD": {
    "debug": false,
    "diagtol": 1e-06
  },
  "CC": {
    "threshold": 1e-06,
    "ndiis": 5,
    "ccsd_maxiter": 200,
    "tilesize": 40,
    "freeze": {
      "atomic": true
    },
    "readt": false,
    "writet": true,
    "writet_iter": 5,
    "debug": false,
    "profile_ccsd": false,
    "balance_tiles": true
  },
  "TASK": {
    "scf": false,
    "ccsd": true
  }
}

Output folder & files prefix: ortho_th18_ph324_qed_ccsd_input.6-311g*

  C (carbon)
  ----------
          Exponent        Coefficients
      ----------------  --------------------
  1 S  4.56324000E+03      0.778202
  1 S  6.82024000E+02      1.448695
  1 S  1.54973000E+02      2.383089
  1 S  4.44553000E+01      3.200089
  1 S  1.30290000E+01      3.013004
  1 S  1.82773000E+00      0.247599

  2 S  2.09642000E+01      0.800629
  2 S  4.80331000E+00      2.127420
  2 S  1.45933000E+00     -0.002868

  3 P  2.09642000E+01      2.573592
  3 P  4.80331000E+00      2.408248
  3 P  1.45933000E+00      1.865281

  4 S  4.83456000E-01      0.413217

  5 P  4.83456000E-01      0.574627

  6 S  1.45585000E-01      0.167976

  7 P  1.45585000E-01      0.128185

  8 D  6.26000000E-01      0.725128


  H (hydrogen)
  ------------
          Exponent        Coefficients
      ----------------  --------------------
  1 S  3.38650000E+01      0.255069
  1 S  5.09479000E+00      0.460109
  1 S  1.15879000E+00      0.678321

  2 S  3.25840000E-01      0.307371

  3 S  1.02741000E-01      0.129336


  N (nitrogen)
  ------------
          Exponent        Coefficients
      ----------------  --------------------
  1 S  6.29348000E+03      0.991968
  1 S  9.49044000E+02      1.823240
  1 S  2.18776000E+02      2.979891
  1 S  6.36916000E+01      4.000007
  1 S  1.88282000E+01      3.881008
  1 S  2.72023000E+00      0.386764

  2 S  3.06331000E+01      1.038501
  2 S  7.02614000E+00      2.834794
  2 S  2.11205000E+00     -0.003208

  3 P  3.06331000E+01      3.935616
  3 P  7.02614000E+00      3.870994
  3 P  2.11205000E+00      2.967271

  4 S  6.84009000E-01      0.536051

  5 P  6.84009000E-01      0.886681

  6 S  2.00878000E-01      0.213850

  7 P  2.00878000E-01      0.191693

  8 D  9.13000000E-01      1.403568


  O (oxygen)
  ----------
          Exponent        Coefficients
      ----------------  --------------------
  1 S  8.58850000E+03      1.205013
  1 S  1.29723000E+03      2.216205
  1 S  2.99296000E+02      3.627452
  1 S  8.73771000E+01      4.888452
  1 S  2.56789000E+01      4.835721
  1 S  3.74004000E+00      0.538229

  2 S  4.21175000E+01      1.341958
  2 S  9.62837000E+00      3.587114
  2 S  2.85332000E+00     -0.005123

  3 P  4.21175000E+01      5.584018
  3 P  9.62837000E+00      5.733366
  3 P  2.85332000E+00      4.332955

  4 S  9.05661000E-01      0.661659

  5 P  9.05661000E-01      1.259352

  6 S  2.55611000E-01      0.256209

  7 P  2.55611000E-01      0.259068

  8 D  1.29200000E+00      2.577026


  Br (bromine)
  ------------
          Exponent        Coefficients
      ----------------  --------------------
  1 S  4.39700000E+05      9.893706
  1 S  6.60300000E+04     18.450679
  1 S  1.51400000E+04     31.049770
  1 S  4.31700000E+03     48.888138
  1 S  1.41400000E+03     64.847798
  1 S  5.23900000E+02     42.245010

  2 S  5.23900000E+02     14.290679
  2 S  2.07700000E+02     24.083128
  2 S  8.65400000E+01      5.132542

  3 S  3.05200000E+01      9.254405

  4 S  1.29800000E+01      4.873782

  5 S  4.41200000E+00      2.169635

  6 S  1.86200000E+00      1.136043

  7 S  3.93200000E-01      0.353892

  8 S  1.40000000E-01      0.163120

  9 P  2.95700000E+03    691.874478
  9 P  7.00300000E+02    925.332763
  9 P  2.24600000E+02   1068.830732

  10 P  8.25900000E+01    122.079275
  10 P  3.31900000E+01     57.580687
  10 P  1.42000000E+01     10.176170

  11 P  1.42000000E+01      3.129736
  11 P  7.43800000E+00      6.538168
  11 P  3.52600000E+00      4.166276

  12 P  1.59500000E+00      2.555000

  13 P  8.46200000E-01      1.156861

  14 P  3.18600000E-01      0.341191

  15 P  1.09600000E-01      0.089888

  16 D  1.34800000E+02    160.709187
  16 D  3.63900000E+01    119.797406
  16 D  1.21600000E+01     55.531619
  16 D  4.34100000E+00     12.984636

  17 D  1.53500000E+00      3.484168

  18 D  4.51000000E-01      0.408525



Printing Internal Coordinates

------------------------------------------------------------
                Bond Lengths

i      j        Length (Angstroms)     Length (Bohr)
0      1          1.4184238964         2.6804326947
0      3          1.3933933777         2.6331318695
0      4          1.0841147615         2.0486799884
1      2          1.3437736369         2.5393641489
1      5          1.0815817243         2.0438932417
2      7          1.4905267374         2.8166873170
2      12         1.4697356597         2.7773978742
3      6          1.0809801796         2.0427564870
3      10         1.3664694310         2.5822529840
7      8          1.2033995891         2.2740956434
7      9          1.2011971878         2.2699337082
10     11         1.0834991052         2.0475165665
10     12         1.4677639028         2.7736717937
12     13         1.0874951486         2.0550679940
12     14         1.9472802483         3.6798263597

Number of Bonds: 15

------------------------------------------------------------
           Bond Angles

i      j      k      Angle (degrees)
0      1      2        118.2621 
0      1      5        121.3443 
0      3      6        120.4186 
0      3      10       118.6924 
1      0      3        123.0091 
1      0      4        117.9490 
1      2      7        118.8237 
1      2      12       123.1986 
2      1      5        120.3907 
2      7      8        115.6601 
2      7      9        116.4398 
2      12     10       114.5008 
2      12     13       109.8943 
2      12     14       113.2771 
3      0      4        119.0358 
3      10     11       121.0070 
3      10     12       122.3255 
6      3      10       120.8888 
7      2      12       117.6936 
8      7      9        127.9000 
10     12     13       110.6628 
10     12     14       105.4977 
11     10     12       116.6669 
13     12     14       102.2756 

Number of Angles: 24

------------------------------------------------------------
              Torsional Angles

i      j      k      l      Angle (degrees)
3      0      1      2          0.9760 
4      0      1      2       -179.9299 
5      1      0      3       -178.4098 
5      1      0      4          0.6843 
6      3      0      1        179.6143 
6      3      0      4          0.5296 
10     3      0      1         -0.2319 
10     3      0      4       -179.3166 
11     10     3      0        179.5516 
11     10     3      6         -0.2939 

Number of Torsional Angles: 10


----------------------------------------------------------------------
                          Center of Mass

         x               y               z              Unit
   0.06692436516    -0.119190647    0.0523062384      Angstrom
    0.1264687213   -0.2252376797   0.09884446525          Bohr

----------------------------------------------------------------------
                Moment of Inertia Tensor

           1882.06          -49.6392          -18.3886
          -49.6392           1909.84           -688.58
          -18.3886           -688.58           2814.07

----------------------------------------------------------------------
                      Principal Moments of Inertia

           x                 y                 z                Unit
       428.5562796       529.2071396       892.0981639       amu * ang^2
       1530.402258       1889.833004       3185.740379      amu * bohr^2
  7.1163493021e-38  8.7876972938e-38  1.4813648634e-37          g * cm^2

 - Molecule is an asymmetric top.

----------------------------------------------------------------------

         Rotational constants (MHz)

    A = 1.1793e+03        B = 9.5497e+02        C = 5.6651e+02

----------------------------------------------------------------------

        Rotational constants (cm-1)

    A = 3.9336e-02        B = 3.1855e-02        C = 1.8897e-02

----------------------------------------------------------------------

                                Z-Matrix
C   
C        1       2.6804327
C        2       2.5393641     1        118.2621
C        3      5.31750604     2     61.42762534     1         -0.4615
H        4      4.04560571     3     83.57483636     2          0.3013
H        5      4.70429616     4     95.94747697     3         -0.6594
H        6      8.18635540     5     28.92508710     4         -0.2899
N        7     10.16891082     6     29.02406401     5       -178.6191
O        8      2.27409564     7    115.74661070     6        179.1584
O        9      4.08240659     8     26.02436141     7       -176.0550
C       10      8.99587671     9     60.85651482     8          2.4990
H       11      2.04751657    10    148.68906280     9          2.2161
C       12      4.12106847    11     36.97420143    10         -3.9026
H       13      2.05506799    12     94.47599377    11        129.7330
Br      14      4.58040750    13     51.72212219    12         90.5792

----------------------------------------------------------------------

             Converted back to Cartesian

C        0.000000      0.000000      0.000000
C        0.000000      0.000000      2.680433
C        0.000000      0.091460      0.142716
C        0.000014     -0.199457      5.452258
H       -0.000021      0.124633      1.419655
H        0.000079     -0.389095      6.095816
H       -0.000119      0.576551     -2.033387
N        0.005047     -0.712050      8.053547
O       -0.004854     -0.345014      5.809288
O        0.018168     -1.035401      9.832829
C       -0.059712      0.647789      0.996166
H       -0.026980      0.175236      2.988137
C       -0.100298      1.170840     -1.010189
H       -0.056594      0.617634      0.968538
Br      -0.164656      1.919158     -3.421734

----------------------------------------------------------------------
                       Geometry in bohr 

1     C      -3.3884267891    3.6975100783    1.4283249901
2     C      -0.7097751627    3.7639351138    1.3566827581
3     C       0.5440739287    1.5607561869    1.2075675257
4     C      -4.7693094217    1.4558633540    1.3887451879
5     H      -4.3903095421    5.4805895368    1.5464278644
6     H       0.3124618617    5.5319509950    1.4382357663
7     H      -6.8104616871    1.4971066909    1.4583905889
8     N       3.3573894304    1.5875081824    1.3427254333
9     O       4.3633290038   -0.4519608748    1.3299765331
10    O       4.3444533281    3.6284555036    1.4560300382
11    C      -3.4920520587   -0.7850590494    1.2666350588
12    H      -4.4941134382   -2.5704900831    1.2458238642
13    C      -0.7229220699   -0.9105211334    1.1695083888
14    H       0.0030978014   -2.0920357885    2.6861569066
15    Br      0.0667358102   -2.9036272384   -1.8213260305

 Number of nodes, processes per node used for SCF calculation: 1, 4

Common Options
{
  maxiter       = 100
  basis         = 6-311g* spherical
  geom_units    = angstrom
  ang2au factor = 1.889726126
  debug         = false
  file_prefix   = ortho_th18_ph324_qed_ccsd_input
}

SCF Options
{
  charge            = 1
  multiplicity      = 1
  level shift       = 0
  tol_int           = 1e-22
  tol_sch           = 1e-12
  tol_lindep        = 1e-10
  conve             = 1e-07
  convd             = 1e-05
  diis_hist         = 10
  AO_tilesize       = 30
  writem            = 10
  damp              = 100
  n_lindep          = 0
  scf_type          = restricted
  cuscf             = false
  qed_omegas        = [0.06615,]
  qed_lambdas       = [0.1,]
  qed_polvecs       = [[0.25,-0.181635632,0.9510565163,],]
  direct_df         = false
  restart_size      = 2000
  restart           = false
  debug             = false
}

Number of basis functions = 221

Total number of shells = 105

Total number of electrons = 98
  # of alpha electrons    = 49
  # of beta electons      = 49

Nuclear repulsion energy  = 775.615997725919

# of {all,non-negligible} shell-pairs = {5565,4988}
Number of AO tiles = 105

Time for initial setup: 0.03 secs
HF exch = 1.00

Time for computing 1-e integrals T, V, S: 0.01 secs
Time for computing orthogonalizer: 0.01 secs

Superposition of Atomic Density Guess ...
Time taken for SAD: 0.31 secs
Total Time to compute initial guess: 0.31 secs


 SCF iterations
-----------------------------------------------------------------------------
 Iter     Energy            E-Diff       RMSD        |[F,P]|^2       Time(s)
-----------------------------------------------------------------------------
   1  -3011.6350054815    -3.01e+03     1.68e-02     1.48e+03         0.6 
   2  -3005.8265359734     5.81e+00     7.01e-03     7.70e+00         2.2 
   3  -3005.9934684807    -1.67e-01     3.08e-03     4.33e+00         2.2 
   4  -3006.1179143609    -1.24e-01     1.07e-03     1.02e-01         2.2 
   5  -3006.1236851332    -5.77e-03     2.61e-04     1.26e-02         2.2 
   6  -3006.1242836109    -5.98e-04     1.51e-04     1.35e-03         2.2 
   7  -3006.1244215235    -1.38e-04     6.81e-05     3.76e-04         2.2 
   8  -3006.1244558576    -3.43e-05     3.26e-05     6.89e-05         2.2 
   9  -3006.1244634034    -7.55e-06     1.28e-05     8.30e-06         2.2 
  10  -3006.1244646463    -1.24e-06     6.00e-06     2.15e-06         2.2 
  11  -3006.1244649192    -2.73e-07     3.58e-06     4.46e-07         2.2 
  12  -3006.1244649964    -7.72e-08     1.35e-06     7.89e-08         2.2 

** Total SCF energy = -3006.1244649963592

Nuclear repulsion energy = 775.615997725919328
#electrons        = 98
1e energy kinetic = 3006.1648871016304838
1e energy N-e     = -8704.7624832907440577
1e energy         = -5697.5221138711613094
2e energy         = 1916.6804060458225649
QED energy        = 0.1767274210106254
QED eT energy     = 0.1512082772628028
QED eT energy from matrix = 0.1512082772627978

 Polarizability Matrix (QED energy = 0.5 * lambda.dot(matrix * lambda))
[40.75985613, -1.43052909, -0.97450837]
[-1.43052909, 45.98229424,  1.98440303]
[-0.97450837,  1.98440303, 35.71005848]

 Polarizability Matrix (QED eT energy = 0.5 * lambda.dot(matrix * lambda))
[37.03468292, -1.55869468, -1.09229062]
[-1.55869468, 43.12059274,  2.37521862]
[-1.09229062,  2.37521862, 30.62751800]


                      Electron        Nuclear        Total  
                  ------------------------------------------
    Monopole         -98.000000     99.000000      1.000000

      Dipole   X      -8.487183      4.889944     -3.597239
      Dipole   Y       5.811685     -4.560410      1.251275
      Dipole   Z     -21.870352     23.220538      1.350186

  Quadrupole  XX    -795.978754    754.783084    -41.195670
  Quadrupole  XY     -18.611318     12.507185     -6.104134
  Quadrupole  XZ      -6.024368      0.243568     -5.780799
  Quadrupole  YY    -733.735037    696.590351    -37.144686
  Quadrupole  YZ    -317.786061    320.676359      2.890298
  Quadrupole  ZZ    -282.611875    236.626531    -45.985345

    Octupole XXX     -41.549514    -49.036509    -90.586023
    Octupole XXY   -1137.324809   1134.810845     -2.513965
    Octupole XXZ   -1054.259415   1041.352386    -12.907030
    Octupole XYY      -9.867039    -31.114573    -40.981613
    Octupole XYZ     -42.146090     34.498963     -7.647127
    Octupole XZZ      -9.374655     14.964298      5.589644
    Octupole YYY    -526.965184    520.885766     -6.079418
    Octupole YYZ     -47.876040     33.787820    -14.088220
    Octupole YZZ     127.016761   -150.991883    -23.975123
    Octupole ZZZ     -36.886535    -39.018418    -75.904953

writing orbitals and density to disk ... done.

Total Time taken for Hartree-Fock: 51.13 secs

CD Options
{
  debug             = false
  skip_cd           = [false, 100]
  write_cv          = [false, 5000]
  diagtol           = 1e-06
  itilesize         = 1000
  max_cvecs_factor  = 12
}

- #occupied, #virtual = 98, 344

- Tilesize for the MSO space: 40

-----------------------------------------------------
Begin 2-index transformation ... 

nAO, nMO, nelectrons = 221, 442, 98
n_occ_alpha, n_vir_alpha, n_occ_beta, n_vir_beta = 49,172,49,172

Time taken for Fao->Fmo transform: 0.00 secs

-----------------------------------------------------
Number of AO tiles = 105
# of {all,non-negligible} shell-pairs = {5565,4988}

    Begin Cholesky Decomposition
---------------------------------------------
Total # of mpi ranks used for Cholesky decomposition: 4
  --> Number of nodes, mpi ranks per node: 1, 4
- CPU memory required for computing cholesky vectors: 1.93 GiB

- Time for computing the diagonal: 0.01 secs

- Total number of cholesky vectors = 1650

- Time to compute cholesky vectors: 15.26 secs

- CPU memory required for resizing the ao cholesky tensor: 1.57 GiB
- CPU memory required for ao2mo transformation: 1.70 GiB
- CPU memory required for the 2-step contraction: 2.12 GiB

- Time for ao to mo transform: 1.58 secs

   End Cholesky Decomposition
---------------------------------------------

Total Time taken for Cholesky Decomposition: 19.21 secs

scf_type = restricted
Closed-Shell SCF
QED-HF Enabled
nbf = 203
nbf_orig = 221
n_lindep = 0
focc = 1
nmo = 406
nocc = 62
nvir = 344
n_occ_alpha = 31
n_vir_alpha = 172
n_occ_beta = 31
n_vir_beta = 172
nelectrons = 98
nelectrons_alpha = 49
nelectrons_beta = 49
freeze atomic = true
n_frozen_core = 18
n_frozen_virtual = 0
----------------------------
--------- QED-CCSD --------
lambda_x: 0.0250
lambda_y: -0.0182
lambda_z: 0.0951
omega: 0.066150
coupling_factor_x: 0.004547
coupling_factor_y: -0.003303
coupling_factor_z: 0.017296
----------------------------
# of {all,non-negligible} shell-pairs = {5565,4988}
Number of AO tiles = 105
----------------------------
Electronic dipole expectation value using SCF density: 
dipole_x_elec: -8.48751342
dipole_y_elec: 5.81152655
dipole_z_elec: -21.87031010

d_n/N value: d_n is nuclear dipole moment and N is the total number of electrons 
d_nuc_x: 0.04989738
d_nuc_y: -0.04653480
d_nuc_z: 0.23694427

<d_e+d_n> expectation values: 
dipole_total_x: -3.59756984
dipole_total_y: 1.25111617
dipole_total_z: 1.35022788
----------------------------


 CCSD iterations
------------------------------------------------------------
  Iter     Residuum          Correlation          Time(s)
------------------------------------------------------------
   1     1.1861925715250    0.0000000000000         86.31
   2     0.1658467922755   -1.6889775557167         85.06
   3     0.0654098307768   -1.6272391314516         84.98
   4     0.0190478355160   -1.6967547107542         85.27
   5     0.0141985123053   -1.6878227888104         85.14
 MICROCYCLE DIIS UPDATE:                    6
   6     0.0060229550255   -1.6966590851499         83.76
   7     0.0032757585542   -1.6965680161087         83.56
   8     0.0021253663197   -1.6973823913424         83.59
   9     0.0013132038553   -1.6974560361151         83.53
  10     0.0010758978658   -1.6976592008878         84.08
 MICROCYCLE DIIS UPDATE:                   11
  11     0.0003276369553   -1.6978600822366         83.64
  12     0.0002468080918   -1.6979238517715         83.89
  13     0.0001563414985   -1.6979175013567         83.77
  14     0.0001352422204   -1.6979114407229         83.81
  15     0.0000941138357   -1.6979135247342         83.66
 MICROCYCLE DIIS UPDATE:                   16
  16     0.0000386264930   -1.6978982025540         83.84
  17     0.0000246777140   -1.6979135718751         83.84
  18     0.0000197712841   -1.6979147894784         83.87
  19     0.0000153248607   -1.6979167373573         83.64
  20     0.0000133337146   -1.6979169207529         83.79
 MICROCYCLE DIIS UPDATE:                   21
  21     0.0000061336145   -1.6979178710537         82.88
  22     0.0000041145139   -1.6979186422907         82.98
  23     0.0000030088694   -1.6979184874686         82.88
  24     0.0000025366939   -1.6979181694933         82.64
  25     0.0000019775524   -1.6979181801747         82.97
 MICROCYCLE DIIS UPDATE:                   26
  26     0.0000010069703   -1.6979175014320         83.16
  27     0.0000006536456   -1.6979179670321         83.57
------------------------------------------------------------------
 Iterations converged
 CCSD correlation energy / hartree =        -1.697917967032148
 CCSD total energy / hartree       =     -3007.822382963391192

Time taken for spin-orbital canonical QED-CCSD: 2325.13 secs
