
ExaChem Git Information
{
 WARNING: Failed to retrieve the current git state.
}


TAMM Git Information
{
 Branch: main
 Commit Hash: e71357ad [e71357ad54f38748b4a7e175aa6760820d5ce96f]
 Commit Date: 2026-02-02 23:14:56 -0800
 Commit Message: add GitHub Actions workflow for releases
}


date: Thu Aug  6 05:08:25 2026
program: "/global/cfs/cdirs/m3196/heindelj/cavity_qed/software/install_gpu/bin/bin/ExaChem"
nnodes: 1, nproc_per_node: 4, nproc_total: 4, ngpus_per_node: 1, ngpus_total: 1

Memory information
{
[AMD EPYC 7763 64-Core Processor                ] : 
  CPU memory per node (GiB): 251
  Total CPU memory (GiB): 251
[NVIDIA A100-SXM4-40GB, CUDA v12.9] : 
  GPU memory per device (GiB): 39
  GPU memory per node (GiB): 39
  Total GPU memory (GiB): 39
}

------------------------------------------------------------

Input file provided: /global/cfs/cdirs/m4262/heindelj/cavity_qed/mlip/lambda_scans/grid_scans_optimized_geoms/runs_grid_no_freq/ortho_th90_ph90/ortho_th90_ph90_qed_ccsd_input.json

{
  "geometry": {
    "coordinates": [
      "C    -1.773564043500    1.920760204800    0.874387430800",
      "C    -0.374509812900    1.968898641300    0.845529663900",
      "C     0.302620644300    0.813131511600    0.688055708300",
      "C    -2.514417885500    0.738039239000    0.764067096700",
      "H    -2.312277399900    2.847703010800    0.997078864000",
      "H     0.151894536200    2.900394731700    0.959256966900",
      "H    -3.593147748300    0.762123029900    0.802601781600",
      "N     1.768173768000    0.811880240800    0.747180611900",
      "O     2.202468453900    0.712800833500    1.865257336500",
      "O     2.356975470500    0.906186846000   -0.291750390600",
      "C    -1.841945558100   -0.421663287400    0.609947841100",
      "H    -2.372853745700   -1.355173992100    0.520774272800",
      "C    -0.371520088000   -0.482593919500    0.511116935400",
      "H     0.044558183900   -1.220746072500    1.194452925200",
      "Br   -0.025955655600   -1.117264291800   -1.298229081000"
    ],
    "units": "angstrom",
    "noorient": true
  },
  "common": {
    "maxiter": 100,
    "debug": false
  },
  "basis": {
    "basisset": "6-311G*"
  },
  "SCF": {
    "charge": 1,
    "multiplicity": 1,
    "lshift": 0,
    "tol_lindep": 1e-10,
    "conve": 1e-07,
    "convd": 1e-05,
    "diis_hist": 10,
    "writem": 10,
    "restart": false,
    "noscf": false,
    "scf_type": "restricted",
    "debug": false,
    "qed_omegas": [
      0.06615
    ],
    "qed_volumes": [],
    "qed_lambdas": [
      0.1
    ],
    "qed_polvecs": [
      [
        6.123233995736766e-17,
        1.0,
        6.123233995736766e-17
      ]
    ],
    "direct_df": false
  },
  "CD": {
    "debug": false,
    "diagtol": 1e-06
  },
  "CC": {
    "threshold": 1e-06,
    "ndiis": 5,
    "ccsd_maxiter": 200,
    "tilesize": 40,
    "freeze": {
      "atomic": true
    },
    "readt": false,
    "writet": true,
    "writet_iter": 5,
    "debug": false,
    "profile_ccsd": false,
    "balance_tiles": true
  },
  "TASK": {
    "scf": false,
    "ccsd": true
  }
}

Output folder & files prefix: ortho_th90_ph90_qed_ccsd_input.6-311g*

  C (carbon)
  ----------
          Exponent        Coefficients
      ----------------  --------------------
  1 S  4.56324000E+03      0.778202
  1 S  6.82024000E+02      1.448695
  1 S  1.54973000E+02      2.383089
  1 S  4.44553000E+01      3.200089
  1 S  1.30290000E+01      3.013004
  1 S  1.82773000E+00      0.247599

  2 S  2.09642000E+01      0.800629
  2 S  4.80331000E+00      2.127420
  2 S  1.45933000E+00     -0.002868

  3 P  2.09642000E+01      2.573592
  3 P  4.80331000E+00      2.408248
  3 P  1.45933000E+00      1.865281

  4 S  4.83456000E-01      0.413217

  5 P  4.83456000E-01      0.574627

  6 S  1.45585000E-01      0.167976

  7 P  1.45585000E-01      0.128185

  8 D  6.26000000E-01      0.725128


  H (hydrogen)
  ------------
          Exponent        Coefficients
      ----------------  --------------------
  1 S  3.38650000E+01      0.255069
  1 S  5.09479000E+00      0.460109
  1 S  1.15879000E+00      0.678321

  2 S  3.25840000E-01      0.307371

  3 S  1.02741000E-01      0.129336


  N (nitrogen)
  ------------
          Exponent        Coefficients
      ----------------  --------------------
  1 S  6.29348000E+03      0.991968
  1 S  9.49044000E+02      1.823240
  1 S  2.18776000E+02      2.979891
  1 S  6.36916000E+01      4.000007
  1 S  1.88282000E+01      3.881008
  1 S  2.72023000E+00      0.386764

  2 S  3.06331000E+01      1.038501
  2 S  7.02614000E+00      2.834794
  2 S  2.11205000E+00     -0.003208

  3 P  3.06331000E+01      3.935616
  3 P  7.02614000E+00      3.870994
  3 P  2.11205000E+00      2.967271

  4 S  6.84009000E-01      0.536051

  5 P  6.84009000E-01      0.886681

  6 S  2.00878000E-01      0.213850

  7 P  2.00878000E-01      0.191693

  8 D  9.13000000E-01      1.403568


  O (oxygen)
  ----------
          Exponent        Coefficients
      ----------------  --------------------
  1 S  8.58850000E+03      1.205013
  1 S  1.29723000E+03      2.216205
  1 S  2.99296000E+02      3.627452
  1 S  8.73771000E+01      4.888452
  1 S  2.56789000E+01      4.835721
  1 S  3.74004000E+00      0.538229

  2 S  4.21175000E+01      1.341958
  2 S  9.62837000E+00      3.587114
  2 S  2.85332000E+00     -0.005123

  3 P  4.21175000E+01      5.584018
  3 P  9.62837000E+00      5.733366
  3 P  2.85332000E+00      4.332955

  4 S  9.05661000E-01      0.661659

  5 P  9.05661000E-01      1.259352

  6 S  2.55611000E-01      0.256209

  7 P  2.55611000E-01      0.259068

  8 D  1.29200000E+00      2.577026


  Br (bromine)
  ------------
          Exponent        Coefficients
      ----------------  --------------------
  1 S  4.39700000E+05      9.893706
  1 S  6.60300000E+04     18.450679
  1 S  1.51400000E+04     31.049770
  1 S  4.31700000E+03     48.888138
  1 S  1.41400000E+03     64.847798
  1 S  5.23900000E+02     42.245010

  2 S  5.23900000E+02     14.290679
  2 S  2.07700000E+02     24.083128
  2 S  8.65400000E+01      5.132542

  3 S  3.05200000E+01      9.254405

  4 S  1.29800000E+01      4.873782

  5 S  4.41200000E+00      2.169635

  6 S  1.86200000E+00      1.136043

  7 S  3.93200000E-01      0.353892

  8 S  1.40000000E-01      0.163120

  9 P  2.95700000E+03    691.874478
  9 P  7.00300000E+02    925.332763
  9 P  2.24600000E+02   1068.830732

  10 P  8.25900000E+01    122.079275
  10 P  3.31900000E+01     57.580687
  10 P  1.42000000E+01     10.176170

  11 P  1.42000000E+01      3.129736
  11 P  7.43800000E+00      6.538168
  11 P  3.52600000E+00      4.166276

  12 P  1.59500000E+00      2.555000

  13 P  8.46200000E-01      1.156861

  14 P  3.18600000E-01      0.341191

  15 P  1.09600000E-01      0.089888

  16 D  1.34800000E+02    160.709187
  16 D  3.63900000E+01    119.797406
  16 D  1.21600000E+01     55.531619
  16 D  4.34100000E+00     12.984636

  17 D  1.53500000E+00      3.484168

  18 D  4.51000000E-01      0.408525



Printing Internal Coordinates

------------------------------------------------------------
                Bond Lengths

i      j        Length (Angstroms)     Length (Bohr)
0      1          1.4001795670         2.6459559088
0      3          1.3999513828         2.6455247031
0      4          1.0791145601         2.0392309770
1      2          1.3487406574         2.5487504573
1      5          1.0759741654         2.0332964912
2      7          1.4667458124         2.7717478818
2      12         1.4712842856         2.7803243532
3      6          1.0796865600         2.0403119002
3      10         1.3494005061         2.5499973906
7      8          1.2035464948         2.2743732550
7      9          1.1978976620         2.2636985080
10     11         1.0776166595         2.0364003551
10     12         1.4750020858         2.7873499772
12     13         1.0885484850         2.0570585115
12     14         1.9483208836         3.6817928754

Number of Bonds: 15

------------------------------------------------------------
           Bond Angles

i      j      k      Angle (degrees)
0      1      2        118.3325 
0      1      5        121.0929 
0      3      6        120.4691 
0      3      10       118.1212 
1      0      3        123.7931 
1      0      4        118.1400 
1      2      7        119.8455 
1      2      12       122.5936 
2      1      5        120.5693 
2      7      8        113.4576 
2      7      9        117.1358 
2      12     10       114.3519 
2      12     13       110.2771 
2      12     14       108.4995 
3      0      4        118.0648 
3      10     11       120.5589 
3      10     12       122.6807 
6      3      10       121.4097 
7      2      12       117.5112 
8      7      9        129.4066 
10     12     13       111.5305 
10     12     14       104.6253 
11     10     12       116.7315 
13     12     14       107.1145 

Number of Angles: 24

------------------------------------------------------------
              Torsional Angles

i      j      k      l      Angle (degrees)
3      0      1      2          0.7452 
4      0      1      2       -179.7910 
5      1      0      3       -178.4269 
5      1      0      4          1.0368 
6      3      0      1        179.4100 
6      3      0      4         -0.0541 
10     3      0      1         -0.5678 
10     3      0      4        179.9680 
11     10     3      0       -179.9797 
11     10     3      6          0.0427 

Number of Torsional Angles: 10


----------------------------------------------------------------------
                          Center of Mass

         x               y               z              Unit
   0.04231794319   0.03143891731  -0.05958441574      Angstrom
   0.07996932283   0.05941094341   -0.1125982271          Bohr

----------------------------------------------------------------------
                Moment of Inertia Tensor

           1792.52          -64.5835          -40.7649
          -64.5835           2263.73          -690.983
          -40.7649          -690.983           2334.08

----------------------------------------------------------------------
                      Principal Moments of Inertia

           x                 y                 z                Unit
       442.5982076       509.3198193       837.5576291       amu * ang^2
       1580.546893       1818.814094       2990.972593      amu * bohr^2
  7.3495211620e-38  8.4574603456e-38  1.3907981129e-37          g * cm^2

 - Molecule is an asymmetric top.

----------------------------------------------------------------------

         Rotational constants (MHz)

    A = 1.1418e+03        B = 9.9226e+02        C = 6.0340e+02

----------------------------------------------------------------------

        Rotational constants (cm-1)

    A = 3.8088e-02        B = 3.3098e-02        C = 2.0127e-02

----------------------------------------------------------------------

                                Z-Matrix
C   
C        1       2.6459559
C        2       2.5487505     1       118.33254
C        3      5.32725917     2     61.18338817     1         -0.3510
H        4      4.02907890     3     83.21462732     2          0.2976
H        5      4.65822291     4     96.56033718     3         -0.7004
H        6      8.15479522     5     28.64818867     4         -0.4593
N        7     10.13240693     6     29.30986364     5       -179.2702
O        8      2.27437326     7    110.51452536     6         89.9365
O        9      4.10290524     8     25.23301580     7        179.6285
C       10      8.49477264     9     73.01840980     8        -16.6626
H       11      2.03640036    10    134.38551843     9       -104.7733
C       12      4.12585063    11     37.11223531    10         14.5550
H       13      2.05705851    12     94.39231804    11        132.7329
Br      14      4.71642640    13     48.25060311    12         93.5520

----------------------------------------------------------------------

             Converted back to Cartesian

C        0.000000      0.000000      0.000000
C        0.000000      0.000000      2.645956
C        0.000000      0.091853      0.098861
C        0.000011     -0.199316      5.418157
H       -0.000018      0.122796      1.401975
H        0.000071     -0.386012      6.032326
H       -0.000104      0.575423     -2.065595
N        0.005076     -0.708819      7.985095
O       -0.002377     -0.345037      5.740016
O        0.011934     -1.032387      9.784911
C       -0.021919      0.576581      1.443973
H       -0.009294      0.109489      3.426041
C       -0.037596      1.101098     -0.578775
H       -0.022430      0.549513      1.402894
Br      -0.060402      1.880754     -3.121599

----------------------------------------------------------------------
                       Geometry in bohr 

1     C      -3.3515503090    3.6297107406    1.6523527721
2     C      -0.7077209778    3.7206792017    1.5978194961
3     C       0.5718701378    1.5365958613    1.3002368481
4     C      -4.7515611697    1.3946920319    1.4438775546
5     H      -4.3695710129    5.3813787783    1.8842059789
6     H       0.2870390734    5.4809516999    1.8127329518
7     H      -6.7900651742    1.4402038008    1.5166975554
8     N       3.3413641645    1.5342313021    1.4119667231
9     O       4.1620621788    1.3469983576    3.5248255203
10    O       4.4540381247    1.7124449578   -0.5513283354
11    C      -3.4807726436   -0.7968281305    1.1526343708
12    H      -4.4840437162   -2.5609076980    0.9841207490
13    C      -0.7020712166   -0.9119703379    0.9658710262
14    H       0.0842027642   -2.3068757463    2.2571888989
15    Br     -0.0490490805   -2.1113235218   -2.4532974118

 Number of nodes, processes per node used for SCF calculation: 1, 4

Common Options
{
  maxiter       = 100
  basis         = 6-311g* spherical
  geom_units    = angstrom
  ang2au factor = 1.889726126
  debug         = false
  file_prefix   = ortho_th90_ph90_qed_ccsd_input
}

SCF Options
{
  charge            = 1
  multiplicity      = 1
  level shift       = 0
  tol_int           = 1e-22
  tol_sch           = 1e-12
  tol_lindep        = 1e-10
  conve             = 1e-07
  convd             = 1e-05
  diis_hist         = 10
  AO_tilesize       = 30
  writem            = 10
  damp              = 100
  n_lindep          = 0
  scf_type          = restricted
  cuscf             = false
  qed_omegas        = [0.06615,]
  qed_lambdas       = [0.1,]
  qed_polvecs       = [[6.123233996e-17,1,6.123233996e-17,],]
  direct_df         = false
  restart_size      = 2000
  restart           = false
  debug             = false
}

Number of basis functions = 221

Total number of shells = 105

Total number of electrons = 98
  # of alpha electrons    = 49
  # of beta electons      = 49

Nuclear repulsion energy  = 779.744211437851

# of {all,non-negligible} shell-pairs = {5565,4999}
Number of AO tiles = 105

Time for initial setup: 0.01 secs
HF exch = 1.00

Time for computing 1-e integrals T, V, S: 0.01 secs
Time for computing orthogonalizer: 0.01 secs

Superposition of Atomic Density Guess ...
Time taken for SAD: 0.29 secs
Total Time to compute initial guess: 0.29 secs


 SCF iterations
-----------------------------------------------------------------------------
 Iter     Energy            E-Diff       RMSD        |[F,P]|^2       Time(s)
-----------------------------------------------------------------------------
   1  -3011.8327759195    -3.01e+03     1.66e-02     1.50e+03         0.7 
   2  -3005.7636228389     6.07e+00     6.81e-03     8.38e+00         2.2 
   3  -3005.9597236889    -1.96e-01     2.88e-03     4.42e+00         2.2 
   4  -3006.0882905846    -1.29e-01     1.20e-03     1.46e-01         2.2 
   5  -3006.0966250399    -8.33e-03     2.73e-04     1.11e-02         2.2 
   6  -3006.0973230688    -6.98e-04     1.79e-04     1.64e-03         2.2 
   7  -3006.0975455555    -2.22e-04     7.57e-05     3.50e-04         2.2 
   8  -3006.0975912591    -4.57e-05     3.07e-05     8.13e-05         2.2 
   9  -3006.0976001244    -8.87e-06     1.85e-05     2.25e-05         2.2 
  10  -3006.0976028898    -2.77e-06     8.62e-06     4.71e-06         2.2 
  11  -3006.0976034867    -5.97e-07     5.53e-06     1.03e-06         2.2 
  12  -3006.0976036980    -2.11e-07     2.85e-06     2.74e-07         2.3 
  13  -3006.0976037535    -5.55e-08     1.58e-06     5.77e-08         2.2 

** Total SCF energy = -3006.0976037535238

Nuclear repulsion energy = 779.744211437851163
#electrons        = 98
1e energy kinetic = 3006.2432067099680353
1e energy N-e     = -8712.5996268861181306
1e energy         = -5703.7997021874580241
2e energy         = 1920.3179807524836633
QED energy        = 0.1966242322934302
QED eT energy     = 0.1774502849782356
QED eT energy from matrix = 0.1774502849782310

 Polarizability Matrix (QED energy = 0.5 * lambda.dot(matrix * lambda))
[40.71814535, -1.14561341, -1.12788697]
[-1.14561341, 39.32484646,  1.30666956]
[-1.12788697,  1.30666956, 41.28230886]

 Polarizability Matrix (QED eT energy = 0.5 * lambda.dot(matrix * lambda))
[37.06980679, -1.24547895, -1.31577523]
[-1.24547895, 35.49005700,  1.58396726]
[-1.31577523,  1.58396726, 37.46528760]


                      Electron        Nuclear        Total  
                  ------------------------------------------
    Monopole         -98.000000     99.000000      1.000000

      Dipole   X      -4.058940      0.798359     -3.260581
      Dipole   Y     -18.948491     20.190869      1.242378
      Dipole   Z      -3.723525      4.938034      1.214509

  Quadrupole  XX    -785.835284    744.402066    -41.433219
  Quadrupole  XY     -27.506869     22.150565     -5.356304
  Quadrupole  XZ     -13.325830      7.865859     -5.459971
  Quadrupole  YY    -514.991576    480.172293    -34.819283
  Quadrupole  YZ    -322.288706    326.346000      4.057293
  Quadrupole  ZZ    -458.379216    409.556807    -48.822409

    Octupole XXX      -8.794208    -67.474592    -76.268800
    Octupole XXY   -1094.314618   1083.404692    -10.909926
    Octupole XXZ   -1043.198063   1037.933613     -5.264450
    Octupole XYY     310.614215   -336.490189    -25.875974
    Octupole XYZ      43.530700    -52.713535     -9.182834
    Octupole XZZ    -280.658384    275.658567     -4.999817
    Octupole YYY    -693.303372    676.433317    -16.870055
    Octupole YYZ    -112.278237    117.181917      4.903680
    Octupole YZZ      87.098863   -121.071593    -33.972730
    Octupole ZZZ     -59.083294    -22.103847    -81.187142

writing orbitals and density to disk ... done.

Total Time taken for Hartree-Fock: 28.45 secs

CD Options
{
  debug             = false
  skip_cd           = [false, 100]
  write_cv          = [false, 5000]
  diagtol           = 1e-06
  itilesize         = 1000
  max_cvecs_factor  = 12
}

- #occupied, #virtual = 98, 344

- Tilesize for the MSO space: 40

-----------------------------------------------------
Begin 2-index transformation ... 

nAO, nMO, nelectrons = 221, 442, 98
n_occ_alpha, n_vir_alpha, n_occ_beta, n_vir_beta = 49,172,49,172

Time taken for Fao->Fmo transform: 0.00 secs

-----------------------------------------------------
Number of AO tiles = 105
# of {all,non-negligible} shell-pairs = {5565,4999}

    Begin Cholesky Decomposition
---------------------------------------------
Total # of mpi ranks used for Cholesky decomposition: 4
  --> Number of nodes, mpi ranks per node: 1, 4
- CPU memory required for computing cholesky vectors: 1.93 GiB

- Time for computing the diagonal: 0.01 secs

- Total number of cholesky vectors = 1639

- Time to compute cholesky vectors: 13.41 secs

- CPU memory required for resizing the ao cholesky tensor: 1.56 GiB
- CPU memory required for ao2mo transformation: 1.69 GiB
- CPU memory required for the 2-step contraction: 2.10 GiB

- Time for ao to mo transform: 1.53 secs

   End Cholesky Decomposition
---------------------------------------------

Total Time taken for Cholesky Decomposition: 16.77 secs

scf_type = restricted
Closed-Shell SCF
QED-HF Enabled
nbf = 203
nbf_orig = 221
n_lindep = 0
focc = 1
nmo = 406
nocc = 62
nvir = 344
n_occ_alpha = 31
n_vir_alpha = 172
n_occ_beta = 31
n_vir_beta = 172
nelectrons = 98
nelectrons_alpha = 49
nelectrons_beta = 49
freeze atomic = true
n_frozen_core = 18
n_frozen_virtual = 0
----------------------------
--------- QED-CCSD --------
lambda_x: 0.0000
lambda_y: 0.1000
lambda_z: 0.0000
omega: 0.066150
coupling_factor_x: 0.000000
coupling_factor_y: 0.018187
coupling_factor_z: 0.000000
----------------------------
# of {all,non-negligible} shell-pairs = {5565,4999}
Number of AO tiles = 105
----------------------------
Electronic dipole expectation value using SCF density: 
dipole_x_elec: -4.05912744
dipole_y_elec: -18.94857261
dipole_z_elec: -3.72358039

d_n/N value: d_n is nuclear dipole moment and N is the total number of electrons 
d_nuc_x: 0.00814652
d_nuc_y: 0.20602928
d_nuc_z: 0.05038810

<d_e+d_n> expectation values: 
dipole_total_x: -3.26076881
dipole_total_y: 1.24229681
dipole_total_z: 1.21445328
----------------------------


 CCSD iterations
------------------------------------------------------------
  Iter     Residuum          Correlation          Time(s)
------------------------------------------------------------
   1     1.1863686813637    0.0000000000000         86.84
   2     0.1736894901090   -1.6762682032732         85.81
   3     0.0745208398285   -1.6271964102735         85.93
   4     0.0259191032762   -1.7079800664983         85.65
   5     0.0218468744229   -1.6932963102542         85.66
 MICROCYCLE DIIS UPDATE:                    6
   6     0.0082192176535   -1.7061672058493         85.93
   7     0.0050590593806   -1.7058638009780         85.90
   8     0.0035807939538   -1.7073897579727         85.01
   9     0.0024628060052   -1.7075087595224         84.91
  10     0.0024576479281   -1.7078839958765         85.04
 MICROCYCLE DIIS UPDATE:                   11
  11     0.0007282334756   -1.7083627973264         84.84
  12     0.0006045471224   -1.7084584859934         84.89
  13     0.0003996246832   -1.7084367397232         84.81
  14     0.0003812982458   -1.7084146492823         84.81
  15     0.0002771723450   -1.7084314546856         84.80
 MICROCYCLE DIIS UPDATE:                   16
  16     0.0001031197594   -1.7083879878633         85.04
  17     0.0000617055141   -1.7084314789618         84.76
  18     0.0000509302585   -1.7084360907555         84.86
  19     0.0000407290542   -1.7084456757545         84.79
  20     0.0000429318682   -1.7084455269963         84.83
 MICROCYCLE DIIS UPDATE:                   21
  21     0.0000133926876   -1.7084526982612         84.85
  22     0.0000101998545   -1.7084531902882         85.06
  23     0.0000075072724   -1.7084529595435         85.42
  24     0.0000068799133   -1.7084522855013         85.03
  25     0.0000057610143   -1.7084525929797         85.04
 MICROCYCLE DIIS UPDATE:                   26
  26     0.0000020878581   -1.7084514551904         85.68
  27     0.0000011770613   -1.7084523410645         85.38
  28     0.0000009307520   -1.7084524741539         85.82
------------------------------------------------------------------
 Iterations converged
 CCSD correlation energy / hartree =        -1.708452474153900
 CCSD total energy / hartree       =     -3007.806056227677800

Time taken for spin-orbital canonical QED-CCSD: 2446.41 secs
