
ExaChem Git Information
{
 WARNING: Failed to retrieve the current git state.
}


TAMM Git Information
{
 Branch: main
 Commit Hash: e71357ad [e71357ad54f38748b4a7e175aa6760820d5ce96f]
 Commit Date: 2026-02-02 23:14:56 -0800
 Commit Message: add GitHub Actions workflow for releases
}


date: Sun Aug  9 16:03:46 2026
program: "/global/cfs/cdirs/m3196/heindelj/cavity_qed/software/install_gpu/bin/bin/ExaChem"
nnodes: 1, nproc_per_node: 4, nproc_total: 4, ngpus_per_node: 1, ngpus_total: 1

Memory information
{
[AMD EPYC 7763 64-Core Processor                ] : 
  CPU memory per node (GiB): 251
  Total CPU memory (GiB): 251
[NVIDIA A100-SXM4-80GB, CUDA v12.9] : 
  GPU memory per device (GiB): 79
  GPU memory per node (GiB): 79
  Total GPU memory (GiB): 79
}

------------------------------------------------------------

Input file provided: /global/cfs/cdirs/m4262/heindelj/cavity_qed/mlip/lambda_scans/grid_scans_optimized_geoms/runs_grid_no_freq/ortho_th63_ph216/ortho_th63_ph216_qed_ccsd_input.json

{
  "geometry": {
    "coordinates": [
      "C    -1.785930650100    1.952802450200    0.654953570500",
      "C    -0.360852756200    1.981685969100    0.685626653700",
      "C     0.306019869100    0.820604830400    0.688542317000",
      "C    -2.500151343100    0.768803103300    0.668993373200",
      "H    -2.320486167600    2.896577998600    0.633490448500",
      "H     0.163162436600    2.921162201100    0.730968499400",
      "H    -3.576666936900    0.786569582700    0.657009161000",
      "N     1.782954607400    0.838019995900    0.749410914300",
      "O     2.342948938700   -0.123653414900    0.288971726200",
      "O     2.266851486000    1.801654620100    1.275083814700",
      "C    -1.811728397000   -0.409749017800    0.775357368100",
      "H    -2.335169002500   -1.345179710700    0.885244446200",
      "C    -0.353009804100   -0.489268613300    0.702806473400",
      "H     0.103076190400   -1.176283441300    1.413880797400",
      "Br   -0.274519371600   -1.439269803400   -1.020611576400"
    ],
    "units": "angstrom",
    "noorient": true
  },
  "common": {
    "maxiter": 100,
    "debug": false
  },
  "basis": {
    "basisset": "6-311G*"
  },
  "SCF": {
    "charge": 1,
    "multiplicity": 1,
    "lshift": 0,
    "tol_lindep": 1e-10,
    "conve": 1e-07,
    "convd": 1e-05,
    "diis_hist": 10,
    "writem": 10,
    "restart": false,
    "noscf": false,
    "scf_type": "restricted",
    "debug": false,
    "qed_omegas": [
      0.06615
    ],
    "qed_volumes": [],
    "qed_lambdas": [
      0.1
    ],
    "qed_polvecs": [
      [
        -0.7208394201673424,
        -0.5237204946142993,
        0.4539904997395468
      ]
    ],
    "direct_df": false
  },
  "CD": {
    "debug": false,
    "diagtol": 1e-06
  },
  "CC": {
    "threshold": 1e-06,
    "ndiis": 5,
    "ccsd_maxiter": 200,
    "tilesize": 40,
    "freeze": {
      "atomic": true
    },
    "readt": false,
    "writet": true,
    "writet_iter": 5,
    "debug": false,
    "profile_ccsd": false,
    "balance_tiles": true
  },
  "TASK": {
    "scf": false,
    "ccsd": true
  }
}

Output folder & files prefix: ortho_th63_ph216_qed_ccsd_input.6-311g*

  C (carbon)
  ----------
          Exponent        Coefficients
      ----------------  --------------------
  1 S  4.56324000E+03      0.778202
  1 S  6.82024000E+02      1.448695
  1 S  1.54973000E+02      2.383089
  1 S  4.44553000E+01      3.200089
  1 S  1.30290000E+01      3.013004
  1 S  1.82773000E+00      0.247599

  2 S  2.09642000E+01      0.800629
  2 S  4.80331000E+00      2.127420
  2 S  1.45933000E+00     -0.002868

  3 P  2.09642000E+01      2.573592
  3 P  4.80331000E+00      2.408248
  3 P  1.45933000E+00      1.865281

  4 S  4.83456000E-01      0.413217

  5 P  4.83456000E-01      0.574627

  6 S  1.45585000E-01      0.167976

  7 P  1.45585000E-01      0.128185

  8 D  6.26000000E-01      0.725128


  H (hydrogen)
  ------------
          Exponent        Coefficients
      ----------------  --------------------
  1 S  3.38650000E+01      0.255069
  1 S  5.09479000E+00      0.460109
  1 S  1.15879000E+00      0.678321

  2 S  3.25840000E-01      0.307371

  3 S  1.02741000E-01      0.129336


  N (nitrogen)
  ------------
          Exponent        Coefficients
      ----------------  --------------------
  1 S  6.29348000E+03      0.991968
  1 S  9.49044000E+02      1.823240
  1 S  2.18776000E+02      2.979891
  1 S  6.36916000E+01      4.000007
  1 S  1.88282000E+01      3.881008
  1 S  2.72023000E+00      0.386764

  2 S  3.06331000E+01      1.038501
  2 S  7.02614000E+00      2.834794
  2 S  2.11205000E+00     -0.003208

  3 P  3.06331000E+01      3.935616
  3 P  7.02614000E+00      3.870994
  3 P  2.11205000E+00      2.967271

  4 S  6.84009000E-01      0.536051

  5 P  6.84009000E-01      0.886681

  6 S  2.00878000E-01      0.213850

  7 P  2.00878000E-01      0.191693

  8 D  9.13000000E-01      1.403568


  O (oxygen)
  ----------
          Exponent        Coefficients
      ----------------  --------------------
  1 S  8.58850000E+03      1.205013
  1 S  1.29723000E+03      2.216205
  1 S  2.99296000E+02      3.627452
  1 S  8.73771000E+01      4.888452
  1 S  2.56789000E+01      4.835721
  1 S  3.74004000E+00      0.538229

  2 S  4.21175000E+01      1.341958
  2 S  9.62837000E+00      3.587114
  2 S  2.85332000E+00     -0.005123

  3 P  4.21175000E+01      5.584018
  3 P  9.62837000E+00      5.733366
  3 P  2.85332000E+00      4.332955

  4 S  9.05661000E-01      0.661659

  5 P  9.05661000E-01      1.259352

  6 S  2.55611000E-01      0.256209

  7 P  2.55611000E-01      0.259068

  8 D  1.29200000E+00      2.577026


  Br (bromine)
  ------------
          Exponent        Coefficients
      ----------------  --------------------
  1 S  4.39700000E+05      9.893706
  1 S  6.60300000E+04     18.450679
  1 S  1.51400000E+04     31.049770
  1 S  4.31700000E+03     48.888138
  1 S  1.41400000E+03     64.847798
  1 S  5.23900000E+02     42.245010

  2 S  5.23900000E+02     14.290679
  2 S  2.07700000E+02     24.083128
  2 S  8.65400000E+01      5.132542

  3 S  3.05200000E+01      9.254405

  4 S  1.29800000E+01      4.873782

  5 S  4.41200000E+00      2.169635

  6 S  1.86200000E+00      1.136043

  7 S  3.93200000E-01      0.353892

  8 S  1.40000000E-01      0.163120

  9 P  2.95700000E+03    691.874478
  9 P  7.00300000E+02    925.332763
  9 P  2.24600000E+02   1068.830732

  10 P  8.25900000E+01    122.079275
  10 P  3.31900000E+01     57.580687
  10 P  1.42000000E+01     10.176170

  11 P  1.42000000E+01      3.129736
  11 P  7.43800000E+00      6.538168
  11 P  3.52600000E+00      4.166276

  12 P  1.59500000E+00      2.555000

  13 P  8.46200000E-01      1.156861

  14 P  3.18600000E-01      0.341191

  15 P  1.09600000E-01      0.089888

  16 D  1.34800000E+02    160.709187
  16 D  3.63900000E+01    119.797406
  16 D  1.21600000E+01     55.531619
  16 D  4.34100000E+00     12.984636

  17 D  1.53500000E+00      3.484168

  18 D  4.51000000E-01      0.408525



Printing Internal Coordinates

------------------------------------------------------------
                Bond Lengths

i      j        Length (Angstroms)     Length (Bohr)
0      1          1.4257005644         2.6941836043
0      3          1.3828097367         2.6131316865
0      4          1.0848606144         2.0500894460
1      2          1.3389686367         2.5302840146
1      5          1.0766909472         2.0346510124
2      7          1.4782910726         2.7935652616
2      12         1.4663874027         2.7710705856
3      6          1.0767288855         2.0347227054
3      10         1.3690232117         2.5870789302
7      8          1.2043312028         2.2758561382
7      9          1.1996165539         2.2669467429
10     11         1.0775415624         2.0362584422
10     12         1.4626848368         2.7640737500
12     13         1.0888666137         2.0576596876
12     14         1.9694752559         3.7217688454

Number of Bonds: 15

------------------------------------------------------------
           Bond Angles

i      j      k      Angle (degrees)
0      1      2        118.7057 
0      1      5        120.3354 
0      3      6        120.1428 
0      3      10       118.5656 
1      0      3        122.2356 
1      0      4        118.3807 
1      2      7        119.1742 
1      2      12       123.4204 
2      1      5        120.9405 
2      7      8        116.0661 
2      7      9        115.5001 
2      12     10       113.5860 
2      12     13       112.4394 
2      12     14       113.8570 
3      0      4        119.3784 
3      10     11       120.7294 
3      10     12       122.9865 
6      3      10       121.1866 
7      2      12       117.3313 
8      7      9        128.4186 
10     12     13       114.8117 
10     12     14        96.2792 
11     10     12       116.2519 
13     12     14       104.5021 

Number of Angles: 24

------------------------------------------------------------
              Torsional Angles

i      j      k      l      Angle (degrees)
3      10     12     2          7.8126 
6      3      0      4          0.1019 
10     3      0      4       -176.2160 
10     12     2      1         -2.6407 
11     10     3      0        174.0657 
11     10     3      6         -2.2121 
11     10     12     2       -174.2401 
12     2      1      5        176.5254 
12     10     3      0         -8.0761 
12     10     3      6        175.6461 
13     12     2      1       -135.1495 
13     12     10     3        139.1661 
13     12     10     11       -42.8866 
14     12     2      1        106.2386 
14     12     10     3       -111.6612 
14     12     10     11        66.2861 

Number of Torsional Angles: 16


----------------------------------------------------------------------
                          Center of Mass

         x               y               z              Unit
  -0.04599541581  -0.08294583853   0.04147374581      Angstrom
  -0.08691873893   -0.1567449181     0.078374021          Bohr

----------------------------------------------------------------------
                Moment of Inertia Tensor

           1847.19          -167.219          -137.492
          -167.219           1992.95          -719.102
          -137.492          -719.102           2716.87

----------------------------------------------------------------------
                      Principal Moments of Inertia

           x                 y                 z                Unit
       402.5222474       548.5569019       885.0690809       amu * ang^2
       1437.433041        1958.93226       3160.639068      amu * bohr^2
  6.6840437320e-38  9.1090078761e-38  1.4696927887e-37          g * cm^2

 - Molecule is an asymmetric top.

----------------------------------------------------------------------

         Rotational constants (MHz)

    A = 1.2555e+03        B = 9.2129e+02        C = 5.7101e+02

----------------------------------------------------------------------

        Rotational constants (cm-1)

    A = 4.1880e-02        B = 3.0731e-02        C = 1.9047e-02

----------------------------------------------------------------------

                                Z-Matrix
C   
C        1       2.6941836
C        2        2.530284     1       118.70573
C        3      5.30392716     2     61.18628748     1         -0.9504
H        4      4.03577817     3     84.12357703     2          1.0758
H        5      4.69725888     4     95.35118927     3         -1.8476
H        6      8.13861832     5     29.16436882     4         -0.8410
N        7     10.13018854     6     29.16213177     5        177.4143
O        8      2.27585614     7    116.78470080     6       -154.3345
O        9      4.09029415     8     25.73637995     7       -177.1945
C       10      8.81812839     9     63.92183476     8         10.8574
H       11      2.03625844    10    145.59534497     9         47.0264
C       12      4.09457147    11     37.25988414    10        -20.1786
H       13      2.05765969    12     94.52863492    11        141.7084
Br      14      4.68198224    13     50.31671806    12         86.3980

----------------------------------------------------------------------

             Converted back to Cartesian

C        0.000000      0.000000      0.000000
C        0.000000      0.000000      2.694184
C        0.000000      0.091475      0.165554
C        0.000029     -0.199026      5.461519
H       -0.000057      0.125197      1.438786
H        0.000204     -0.387983      6.107928
H       -0.000314      0.573003     -1.973756
N       -0.004448     -0.712327      8.074559
O        0.004572     -0.343858      5.828747
O       -0.013115     -1.037680      9.859728
C        0.032345      0.626870      1.200247
H        0.016717      0.154366      3.180865
C        0.051058      1.149539     -0.790781
H        0.027545      0.592508      1.189908
Br       0.086725      1.928669     -3.296976

----------------------------------------------------------------------
                       Geometry in bohr 

1     C      -3.3749198086    3.6902618089    1.2376828734
2     C      -0.6819128810    3.7448437492    1.2956466001
3     C       0.5782937417    1.5507183871    1.3011564052
4     C      -4.7246013118    1.4528273100    1.2642142554
5     H      -4.3850833357    5.4737391197    1.1971234510
6     H       0.3083323192    5.5201965294    1.3813302705
7     H      -6.7589209543    1.4864010903    1.2415673765
8     N       3.3692959029    1.5836282803    1.4161813838
9     O       4.4275318211   -0.2336710887    0.5460774206
10    O       4.2837284766    3.4046338055    2.4095591974
11    C      -3.4236704849   -0.7743134240    1.4652130754
12    H      -4.4128298724   -2.5420212434    1.6728695578
13    C      -0.6670918495   -0.9245836811    1.3281117542
14    H       0.1947857700   -2.2228535505    2.6718474818
15    Br     -0.5187664286   -2.7198257497   -1.9286763603

 Number of nodes, processes per node used for SCF calculation: 1, 4

Common Options
{
  maxiter       = 100
  basis         = 6-311g* spherical
  geom_units    = angstrom
  ang2au factor = 1.889726126
  debug         = false
  file_prefix   = ortho_th63_ph216_qed_ccsd_input
}

SCF Options
{
  charge            = 1
  multiplicity      = 1
  level shift       = 0
  tol_int           = 1e-22
  tol_sch           = 1e-12
  tol_lindep        = 1e-10
  conve             = 1e-07
  convd             = 1e-05
  diis_hist         = 10
  AO_tilesize       = 30
  writem            = 10
  damp              = 100
  n_lindep          = 0
  scf_type          = restricted
  cuscf             = false
  qed_omegas        = [0.06615,]
  qed_lambdas       = [0.1,]
  qed_polvecs       = [[-0.7208394202,-0.5237204946,0.4539904997,],]
  direct_df         = false
  restart_size      = 2000
  restart           = false
  debug             = false
}

Number of basis functions = 221

Total number of shells = 105

Total number of electrons = 98
  # of alpha electrons    = 49
  # of beta electons      = 49

Nuclear repulsion energy  = 778.016798046037

# of {all,non-negligible} shell-pairs = {5565,4995}
Number of AO tiles = 105

Time for initial setup: 0.02 secs
HF exch = 1.00

Time for computing 1-e integrals T, V, S: 0.01 secs
Time for computing orthogonalizer: 0.01 secs

Superposition of Atomic Density Guess ...
Time taken for SAD: 0.30 secs
Total Time to compute initial guess: 0.30 secs


 SCF iterations
-----------------------------------------------------------------------------
 Iter     Energy            E-Diff       RMSD        |[F,P]|^2       Time(s)
-----------------------------------------------------------------------------
   1  -3011.7949111934    -3.01e+03     1.68e-02     1.51e+03         0.6 
   2  -3005.7750837572     6.02e+00     6.99e-03     8.45e+00         2.2 
   3  -3005.9948341982    -2.20e-01     2.85e-03     3.72e+00         2.2 
   4  -3006.1015619246    -1.07e-01     1.14e-03     1.26e-01         2.2 
   5  -3006.1088984138    -7.34e-03     2.90e-04     1.43e-02         2.2 
   6  -3006.1096520629    -7.54e-04     1.84e-04     1.56e-03         2.2 
   7  -3006.1098459995    -1.94e-04     6.93e-05     2.51e-04         2.2 
   8  -3006.1098786373    -3.26e-05     2.81e-05     4.83e-05         2.2 
   9  -3006.1098840557    -5.42e-06     1.44e-05     7.33e-06         2.2 
  10  -3006.1098851664    -1.11e-06     5.19e-06     1.16e-06         2.2 
  11  -3006.1098853128    -1.46e-07     2.61e-06     2.69e-07         2.3 
  12  -3006.1098853442    -3.13e-08     1.03e-06     3.29e-08         2.3 

** Total SCF energy = -3006.1098853441690

Nuclear repulsion energy = 778.016798046037366
#electrons        = 98
1e energy kinetic = 3006.2068074462977165
1e energy N-e     = -8709.3547922783163813
1e energy         = -5700.5345980633501313
2e energy         = 1918.8330398838186284
QED energy        = 0.1882615579916607
QED eT energy     = 0.1676808888602549
QED eT energy from matrix = 0.1676808888602508

 Polarizability Matrix (QED energy = 0.5 * lambda.dot(matrix * lambda))
[39.56997825, -1.95950067, -0.34177251]
[-1.95950067, 44.88763075,  3.58004875]
[-0.34177251,  3.58004875, 37.54194404]

 Polarizability Matrix (QED eT energy = 0.5 * lambda.dot(matrix * lambda))
[35.83995421, -2.05850695, -0.34960424]
[-2.05850695, 41.81068131,  4.19597652]
[-0.34960424,  4.19597652, 32.82836160]


                      Electron        Nuclear        Total  
                  ------------------------------------------
    Monopole         -98.000000     99.000000      1.000000

      Dipole   X      10.120642    -13.698803     -3.578161
      Dipole   Y      -0.246732      1.413185      1.166453
      Dipole   Z     -20.328357     21.571578      1.243221

  Quadrupole  XX    -798.826349    757.096630    -41.729718
  Quadrupole  XY     -73.112138     67.325357     -5.786780
  Quadrupole  XZ     -58.415474     53.159261     -5.256213
  Quadrupole  YY    -681.705057    645.352197    -36.352860
  Quadrupole  YZ    -334.323168    335.205275      0.882108
  Quadrupole  ZZ    -316.863740    270.360272    -46.503467

    Octupole XXX     -67.813999      0.357131    -67.456869
    Octupole XXY   -1095.522065   1090.893197     -4.628867
    Octupole XXZ   -1026.806123   1013.005448    -13.800675
    Octupole XYY     207.047894   -240.831465    -33.783570
    Octupole XYZ     -95.509069     83.837299    -11.671770
    Octupole XZZ     -25.489873     33.740195      8.250321
    Octupole YYY    -605.620549    597.191061     -8.429488
    Octupole YYZ    -129.734044    110.919369    -18.814675
    Octupole YZZ      60.523370    -95.040824    -34.517454
    Octupole ZZZ     -75.667153     -5.280703    -80.947856

writing orbitals and density to disk ... done.

Total Time taken for Hartree-Fock: 26.33 secs

CD Options
{
  debug             = false
  skip_cd           = [false, 100]
  write_cv          = [false, 5000]
  diagtol           = 1e-06
  itilesize         = 1000
  max_cvecs_factor  = 12
}

- #occupied, #virtual = 98, 344

- Tilesize for the MSO space: 40

-----------------------------------------------------
Begin 2-index transformation ... 

nAO, nMO, nelectrons = 221, 442, 98
n_occ_alpha, n_vir_alpha, n_occ_beta, n_vir_beta = 49,172,49,172

Time taken for Fao->Fmo transform: 0.00 secs

-----------------------------------------------------
Number of AO tiles = 105
# of {all,non-negligible} shell-pairs = {5565,4995}

    Begin Cholesky Decomposition
---------------------------------------------
Total # of mpi ranks used for Cholesky decomposition: 4
  --> Number of nodes, mpi ranks per node: 1, 4
- CPU memory required for computing cholesky vectors: 1.93 GiB

- Time for computing the diagonal: 0.01 secs

- Total number of cholesky vectors = 1647

- Time to compute cholesky vectors: 15.23 secs

- CPU memory required for resizing the ao cholesky tensor: 1.56 GiB
- CPU memory required for ao2mo transformation: 1.70 GiB
- CPU memory required for the 2-step contraction: 2.11 GiB

- Time for ao to mo transform: 1.60 secs

   End Cholesky Decomposition
---------------------------------------------

Total Time taken for Cholesky Decomposition: 18.48 secs

scf_type = restricted
Closed-Shell SCF
QED-HF Enabled
nbf = 203
nbf_orig = 221
n_lindep = 0
focc = 1
nmo = 406
nocc = 62
nvir = 344
n_occ_alpha = 31
n_vir_alpha = 172
n_occ_beta = 31
n_vir_beta = 172
nelectrons = 98
nelectrons_alpha = 49
nelectrons_beta = 49
freeze atomic = true
n_frozen_core = 18
n_frozen_virtual = 0
----------------------------
--------- QED-CCSD --------
lambda_x: -0.0721
lambda_y: -0.0524
lambda_z: 0.0454
omega: 0.066150
coupling_factor_x: -0.013110
coupling_factor_y: -0.009525
coupling_factor_z: 0.008257
----------------------------
# of {all,non-negligible} shell-pairs = {5565,4995}
Number of AO tiles = 105
----------------------------
Electronic dipole expectation value using SCF density: 
dipole_x_elec: 10.12055556
dipole_y_elec: -0.24671408
dipole_z_elec: -20.32826302

d_n/N value: d_n is nuclear dipole moment and N is the total number of electrons 
d_nuc_x: -0.13978370
d_nuc_y: 0.01442026
d_nuc_z: 0.22011814

<d_e+d_n> expectation values: 
dipole_total_x: -3.57824737
dipole_total_y: 1.16647123
dipole_total_z: 1.24331492
----------------------------


 CCSD iterations
------------------------------------------------------------
  Iter     Residuum          Correlation          Time(s)
------------------------------------------------------------
   1     1.1851110466287    0.0000000000000         88.94
   2     0.1683266823725   -1.6430120753894         88.13
   3     0.0664243851922   -1.6283202835073         86.91
   4     0.0228713192776   -1.6935854996177         86.79
   5     0.0196720864693   -1.6881936762218         86.87
 MICROCYCLE DIIS UPDATE:                    6
   6     0.0085747378782   -1.6981075754638         86.80
   7     0.0058763884888   -1.6978607736548         86.02
   8     0.0045679386313   -1.6994223115355         85.89
   9     0.0041301796174   -1.6996345956101         85.90
  10     0.0049768590733   -1.7000196449872         86.06
 MICROCYCLE DIIS UPDATE:                   11
  11     0.0009122458238   -1.7006579238925         86.41
  12     0.0007389976125   -1.7005973945987         86.09
  13     0.0005841846972   -1.7006881446384         85.99
  14     0.0006651933610   -1.7006484810023         85.99
  15     0.0008060164846   -1.7006901250383         85.98
 MICROCYCLE DIIS UPDATE:                   16
  16     0.0001645989949   -1.7007078463341         86.10
  17     0.0001098456302   -1.7006936372580         86.39
  18     0.0000984801885   -1.7007187446702         86.03
  19     0.0000885579729   -1.7007209292203         86.02
  20     0.0001103823257   -1.7007243292322         85.80
 MICROCYCLE DIIS UPDATE:                   21
  21     0.0000351075216   -1.7007397873252         85.10
  22     0.0000286375698   -1.7007331947301         84.78
  23     0.0000229411509   -1.7007334390021         85.18
  24     0.0000260974703   -1.7007314335532         84.96
  25     0.0000312798213   -1.7007321787075         84.60
 MICROCYCLE DIIS UPDATE:                   26
  26     0.0000075886002   -1.7007305303388         85.19
  27     0.0000048673406   -1.7007305790150         85.37
  28     0.0000039792503   -1.7007316606433         85.16
  29     0.0000036007020   -1.7007319075244         85.37
  30     0.0000042994071   -1.7007320898325         85.26
 MICROCYCLE DIIS UPDATE:                   31
  31     0.0000015557254   -1.7007328370046         85.16
  32     0.0000012633444   -1.7007325346691         85.33
  33     0.0000010545123   -1.7007325204730         85.26
  34     0.0000011587926   -1.7007324429782         85.10
  35     0.0000013788463   -1.7007324642422         85.33
 MICROCYCLE DIIS UPDATE:                   36
  36     0.0000003290094   -1.7007323925645         86.16
------------------------------------------------------------------
 Iterations converged
 CCSD correlation energy / hartree =        -1.700732392564458
 CCSD total energy / hartree       =     -3007.810617736733548

Time taken for spin-orbital canonical QED-CCSD: 3174.96 secs
