
ExaChem Git Information
{
 WARNING: Failed to retrieve the current git state.
}


TAMM Git Information
{
 Branch: main
 Commit Hash: e71357ad [e71357ad54f38748b4a7e175aa6760820d5ce96f]
 Commit Date: 2026-02-02 23:14:56 -0800
 Commit Message: add GitHub Actions workflow for releases
}


date: Sun Aug  9 20:52:02 2026
program: "/global/cfs/cdirs/m3196/heindelj/cavity_qed/software/install_gpu/bin/bin/ExaChem"
nnodes: 1, nproc_per_node: 4, nproc_total: 4, ngpus_per_node: 1, ngpus_total: 1

Memory information
{
[AMD EPYC 7763 64-Core Processor                ] : 
  CPU memory per node (GiB): 251
  Total CPU memory (GiB): 251
[NVIDIA A100-SXM4-80GB, CUDA v12.9] : 
  GPU memory per device (GiB): 79
  GPU memory per node (GiB): 79
  Total GPU memory (GiB): 79
}

------------------------------------------------------------

Input file provided: /global/cfs/cdirs/m4262/heindelj/cavity_qed/mlip/lambda_scans/grid_scans_optimized_geoms/runs_grid_no_freq/ortho_th18_ph126/ortho_th18_ph126_qed_ccsd_input.json

{
  "geometry": {
    "coordinates": [
      "C    -1.793693537100    1.944246002800    0.740544256700",
      "C    -0.378289415500    1.988831271200    0.710971552300",
      "C     0.285294599000    0.820644815700    0.694306135000",
      "C    -2.522549273900    0.753252771200    0.769506711800",
      "H    -2.331483573200    2.885474352900    0.762451830700",
      "H     0.157790632500    2.927611394500    0.724622658100",
      "H    -3.601971721800    0.776880560100    0.821016501600",
      "N     1.772795214100    0.813979689000    0.745243017300",
      "O     2.277682051100   -0.246415775900    1.013775937100",
      "O     2.318362796000    1.862570161800    0.534302291000",
      "C    -1.846922307200   -0.428907172500    0.712430162300",
      "H    -2.376085557600   -1.373673374000    0.686716682800",
      "C    -0.379634612400   -0.487181071300    0.611606966700",
      "H     0.034795248800   -1.170540338000    1.357148819600",
      "Br    0.030408541300   -1.282296519300   -1.094915517600"
    ],
    "units": "angstrom",
    "noorient": true
  },
  "common": {
    "maxiter": 100,
    "debug": false
  },
  "basis": {
    "basisset": "6-311G*"
  },
  "SCF": {
    "charge": 1,
    "multiplicity": 1,
    "lshift": 0,
    "tol_lindep": 1e-10,
    "conve": 1e-07,
    "convd": 1e-05,
    "diis_hist": 10,
    "writem": 10,
    "restart": false,
    "noscf": false,
    "scf_type": "restricted",
    "debug": false,
    "qed_omegas": [
      0.06615
    ],
    "qed_volumes": [],
    "qed_lambdas": [
      0.1
    ],
    "qed_polvecs": [
      [
        -0.1816356320013402,
        0.25,
        0.9510565162951536
      ]
    ],
    "direct_df": false
  },
  "CD": {
    "debug": false,
    "diagtol": 1e-06
  },
  "CC": {
    "threshold": 1e-06,
    "ndiis": 5,
    "ccsd_maxiter": 200,
    "tilesize": 40,
    "freeze": {
      "atomic": true
    },
    "readt": false,
    "writet": true,
    "writet_iter": 5,
    "debug": false,
    "profile_ccsd": false,
    "balance_tiles": true
  },
  "TASK": {
    "scf": false,
    "ccsd": true
  }
}

Output folder & files prefix: ortho_th18_ph126_qed_ccsd_input.6-311g*

  C (carbon)
  ----------
          Exponent        Coefficients
      ----------------  --------------------
  1 S  4.56324000E+03      0.778202
  1 S  6.82024000E+02      1.448695
  1 S  1.54973000E+02      2.383089
  1 S  4.44553000E+01      3.200089
  1 S  1.30290000E+01      3.013004
  1 S  1.82773000E+00      0.247599

  2 S  2.09642000E+01      0.800629
  2 S  4.80331000E+00      2.127420
  2 S  1.45933000E+00     -0.002868

  3 P  2.09642000E+01      2.573592
  3 P  4.80331000E+00      2.408248
  3 P  1.45933000E+00      1.865281

  4 S  4.83456000E-01      0.413217

  5 P  4.83456000E-01      0.574627

  6 S  1.45585000E-01      0.167976

  7 P  1.45585000E-01      0.128185

  8 D  6.26000000E-01      0.725128


  H (hydrogen)
  ------------
          Exponent        Coefficients
      ----------------  --------------------
  1 S  3.38650000E+01      0.255069
  1 S  5.09479000E+00      0.460109
  1 S  1.15879000E+00      0.678321

  2 S  3.25840000E-01      0.307371

  3 S  1.02741000E-01      0.129336


  N (nitrogen)
  ------------
          Exponent        Coefficients
      ----------------  --------------------
  1 S  6.29348000E+03      0.991968
  1 S  9.49044000E+02      1.823240
  1 S  2.18776000E+02      2.979891
  1 S  6.36916000E+01      4.000007
  1 S  1.88282000E+01      3.881008
  1 S  2.72023000E+00      0.386764

  2 S  3.06331000E+01      1.038501
  2 S  7.02614000E+00      2.834794
  2 S  2.11205000E+00     -0.003208

  3 P  3.06331000E+01      3.935616
  3 P  7.02614000E+00      3.870994
  3 P  2.11205000E+00      2.967271

  4 S  6.84009000E-01      0.536051

  5 P  6.84009000E-01      0.886681

  6 S  2.00878000E-01      0.213850

  7 P  2.00878000E-01      0.191693

  8 D  9.13000000E-01      1.403568


  O (oxygen)
  ----------
          Exponent        Coefficients
      ----------------  --------------------
  1 S  8.58850000E+03      1.205013
  1 S  1.29723000E+03      2.216205
  1 S  2.99296000E+02      3.627452
  1 S  8.73771000E+01      4.888452
  1 S  2.56789000E+01      4.835721
  1 S  3.74004000E+00      0.538229

  2 S  4.21175000E+01      1.341958
  2 S  9.62837000E+00      3.587114
  2 S  2.85332000E+00     -0.005123

  3 P  4.21175000E+01      5.584018
  3 P  9.62837000E+00      5.733366
  3 P  2.85332000E+00      4.332955

  4 S  9.05661000E-01      0.661659

  5 P  9.05661000E-01      1.259352

  6 S  2.55611000E-01      0.256209

  7 P  2.55611000E-01      0.259068

  8 D  1.29200000E+00      2.577026


  Br (bromine)
  ------------
          Exponent        Coefficients
      ----------------  --------------------
  1 S  4.39700000E+05      9.893706
  1 S  6.60300000E+04     18.450679
  1 S  1.51400000E+04     31.049770
  1 S  4.31700000E+03     48.888138
  1 S  1.41400000E+03     64.847798
  1 S  5.23900000E+02     42.245010

  2 S  5.23900000E+02     14.290679
  2 S  2.07700000E+02     24.083128
  2 S  8.65400000E+01      5.132542

  3 S  3.05200000E+01      9.254405

  4 S  1.29800000E+01      4.873782

  5 S  4.41200000E+00      2.169635

  6 S  1.86200000E+00      1.136043

  7 S  3.93200000E-01      0.353892

  8 S  1.40000000E-01      0.163120

  9 P  2.95700000E+03    691.874478
  9 P  7.00300000E+02    925.332763
  9 P  2.24600000E+02   1068.830732

  10 P  8.25900000E+01    122.079275
  10 P  3.31900000E+01     57.580687
  10 P  1.42000000E+01     10.176170

  11 P  1.42000000E+01      3.129736
  11 P  7.43800000E+00      6.538168
  11 P  3.52600000E+00      4.166276

  12 P  1.59500000E+00      2.555000

  13 P  8.46200000E-01      1.156861

  14 P  3.18600000E-01      0.341191

  15 P  1.09600000E-01      0.089888

  16 D  1.34800000E+02    160.709187
  16 D  3.63900000E+01    119.797406
  16 D  1.21600000E+01     55.531619
  16 D  4.34100000E+00     12.984636

  17 D  1.53500000E+00      3.484168

  18 D  4.51000000E-01      0.408525



Printing Internal Coordinates

------------------------------------------------------------
                Bond Lengths

i      j        Length (Angstroms)     Length (Bohr)
0      1          1.4164149175         2.6766362747
0      3          1.3966153324         2.6392204814
0      4          1.0842549847         2.0489449717
1      2          1.3436074856         2.5390501684
1      5          1.0811458229         2.0430695075
2      7          1.4883874058         2.8126445663
2      12         1.4694824120         2.7769193056
3      6          1.0809090396         2.0426220519
3      10         1.3628028702         2.5753241883
7      8          1.2047652008         2.2766762756
7      9          1.2007006105         2.2689953131
10     11         1.0831703948         2.0468953938
10     12         1.4719016079         2.7814909232
12     13         1.0929614136         2.0653977379
12     14         1.9268012230         3.6411266105

Number of Bonds: 15

------------------------------------------------------------
           Bond Angles

i      j      k      Angle (degrees)
0      1      2        117.8022 
0      1      5        121.5041 
0      3      6        120.2320 
0      3      10       118.6946 
1      0      3        123.2831 
1      0      4        117.9527 
1      2      7        119.8055 
1      2      12       123.4366 
2      1      5        120.6785 
2      7      8        115.4926 
2      7      9        116.3709 
2      12     10       114.3295 
2      12     13       110.2728 
2      12     14       108.7121 
3      0      4        118.7515 
3      10     11       121.0246 
3      10     12       122.1015 
6      3      10       121.0669 
7      2      12       116.7541 
8      7      9        128.1269 
10     12     13       110.8560 
10     12     14       106.8070 
11     10     12       116.7977 
13     12     14       105.3932 

Number of Angles: 24

------------------------------------------------------------
              Torsional Angles

i      j      k      l      Angle (degrees)
3      0      1      2          0.8089 
4      0      1      2        179.4967 
5      1      0      3       -177.7816 
5      1      0      4          0.9063 
6      3      0      1        178.1821 
6      3      0      4         -0.4959 
10     3      0      1         -2.7375 
10     3      0      4        178.5845 
11     10     3      0       -177.1846 
11     10     3      6          1.8878 

Number of Torsional Angles: 10


----------------------------------------------------------------------
                          Center of Mass

         x               y               z              Unit
   0.06384889609  -0.02986048584   0.01455367179      Angstrom
    0.1206569271  -0.05642814022   0.02750245381          Bohr

----------------------------------------------------------------------
                Moment of Inertia Tensor

           1769.26          -44.7754          -26.7261
          -44.7754           2005.46          -628.331
          -26.7261          -628.331           2597.78

----------------------------------------------------------------------
                      Principal Moments of Inertia

           x                 y                 z                Unit
       445.7189598       499.7280306       839.0365672       amu * ang^2
       1591.691302       1784.561195       2996.253977      amu * bohr^2
  7.4013425072e-38  8.2981848387e-38  1.3932539490e-37          g * cm^2

 - Molecule is an asymmetric top.

----------------------------------------------------------------------

         Rotational constants (MHz)

    A = 1.1339e+03        B = 1.0113e+03        C = 6.0233e+02

----------------------------------------------------------------------

        Rotational constants (cm-1)

    A = 3.7821e-02        B = 3.3734e-02        C = 2.0092e-02

----------------------------------------------------------------------

                                Z-Matrix
C   
C        1       2.6766363
C        2       2.5390502     1       117.80223
C        3      5.30948613     2     61.76812440     1         -0.3815
H        4      4.04548160     3     83.50184729     2         -0.0014
H        5      4.70526348     4     96.09245114     3         -0.6668
H        6      8.18728023     5     28.79908547     4         -0.9659
N        7     10.15808873     6     29.37443950     5       -179.8937
O        8      2.27667628     7    114.19269494     6        166.6446
O        9      4.08782819     8     25.88946238     7       -176.0355
C       10      8.99005261     9     60.37183817     8         -1.7198
H       11      2.04689539    10    147.88381993     9        -19.5158
C       12      4.13039253    11     36.94854504    10          1.1241
H       13      2.06539774    12     93.97494162    11        131.7516
Br      14      4.63854756    13     49.18393237    12         94.5231

----------------------------------------------------------------------

             Converted back to Cartesian

C        0.000000      0.000000      0.000000
C        0.000000      0.000000      2.676636
C        0.000000      0.091093      0.139221
C        0.000012     -0.199192      5.440766
H       -0.000009      0.124651      1.408267
H        0.000059     -0.389115      6.085397
H       -0.000061      0.576211     -2.044775
N        0.005068     -0.711560      8.031354
O       -0.004425     -0.345012      5.784399
O        0.017728     -1.034549      9.813591
C       -0.057087      0.642526      0.981668
H       -0.024986      0.171754      2.973432
C       -0.097356      1.166260     -1.034793
H       -0.053879      0.612256      0.954443
Br      -0.162039      1.922433     -3.493912

----------------------------------------------------------------------
                       Geometry in bohr 

1     C      -3.3895895389    3.6740924667    1.3994258293
2     C      -0.7148633916    3.7583464132    1.3435415172
3     C       0.5391286573    1.5507939483    1.3120484427
4     C      -4.7669272668    1.4234414411    1.4541569373
5     H      -4.4058654204    5.4527562703    1.4408251442
6     H       0.2981810807    5.5323837387    1.3693383684
7     H      -6.8067400675    1.4680914911    1.5514963329
8     N       3.3500974320    1.5381986843    1.4083051999
9     O       4.3041952785   -0.4656583296    1.9157588742
10    O       4.3810707449    3.5197474961    1.0096849984
11    C      -3.4901773364   -0.8105170895    1.3462978906
12    H      -4.4901509556   -2.5958664633    1.2977064566
13    C      -0.7174054454   -0.9206387985    1.1557696638
14    H       0.0657534907   -2.2120006581    2.5646395811
15    Br      0.0574638149   -2.4231892337   -2.0690904593

 Number of nodes, processes per node used for SCF calculation: 1, 4

Common Options
{
  maxiter       = 100
  basis         = 6-311g* spherical
  geom_units    = angstrom
  ang2au factor = 1.889726126
  debug         = false
  file_prefix   = ortho_th18_ph126_qed_ccsd_input
}

SCF Options
{
  charge            = 1
  multiplicity      = 1
  level shift       = 0
  tol_int           = 1e-22
  tol_sch           = 1e-12
  tol_lindep        = 1e-10
  conve             = 1e-07
  convd             = 1e-05
  diis_hist         = 10
  AO_tilesize       = 30
  writem            = 10
  damp              = 100
  n_lindep          = 0
  scf_type          = restricted
  cuscf             = false
  qed_omegas        = [0.06615,]
  qed_lambdas       = [0.1,]
  qed_polvecs       = [[-0.181635632,0.25,0.9510565163,],]
  direct_df         = false
  restart_size      = 2000
  restart           = false
  debug             = false
}

Number of basis functions = 221

Total number of shells = 105

Total number of electrons = 98
  # of alpha electrons    = 49
  # of beta electons      = 49

Nuclear repulsion energy  = 781.533509763963

# of {all,non-negligible} shell-pairs = {5565,5003}
Number of AO tiles = 105

Time for initial setup: 0.02 secs
HF exch = 1.00

Time for computing 1-e integrals T, V, S: 0.01 secs
Time for computing orthogonalizer: 0.01 secs

Superposition of Atomic Density Guess ...
Time taken for SAD: 0.63 secs
Total Time to compute initial guess: 0.63 secs


 SCF iterations
-----------------------------------------------------------------------------
 Iter     Energy            E-Diff       RMSD        |[F,P]|^2       Time(s)
-----------------------------------------------------------------------------
   1  -3011.7700995430    -3.01e+03     1.67e-02     1.50e+03         0.7 
   2  -3005.8136712186     5.96e+00     6.89e-03     7.61e+00         2.2 
   3  -3005.9889823211    -1.75e-01     2.96e-03     4.21e+00         2.2 
   4  -3006.1098298131    -1.21e-01     1.15e-03     1.18e-01         2.2 
   5  -3006.1166381022    -6.81e-03     2.58e-04     9.84e-03         2.2 
   6  -3006.1171847873    -5.47e-04     1.51e-04     1.42e-03         2.2 
   7  -3006.1173402953    -1.56e-04     7.08e-05     4.68e-04         2.2 
   8  -3006.1173822185    -4.19e-05     3.87e-05     1.05e-04         2.2 
   9  -3006.1173941820    -1.20e-05     1.70e-05     1.42e-05         2.2 
  10  -3006.1173965286    -2.35e-06     7.78e-06     3.49e-06         2.2 
  11  -3006.1173970102    -4.82e-07     5.36e-06     8.04e-07         2.2 
  12  -3006.1173971738    -1.64e-07     2.11e-06     1.63e-07         2.2 
  13  -3006.1173972037    -2.99e-08     1.03e-06     3.12e-08         2.2 

** Total SCF energy = -3006.1173972037241

Nuclear repulsion energy = 781.533509763962570
#electrons        = 98
1e energy kinetic = 3006.1819870820809228
1e energy N-e     = -8716.4276046485902043
1e energy         = -5707.7868799248262803
2e energy         = 1922.4103769454623034
QED energy        = 0.1843336533589071
QED eT energy     = 0.1609031625355646
QED eT energy from matrix = 0.1609031625355512

 Polarizability Matrix (QED energy = 0.5 * lambda.dot(matrix * lambda))
[40.65187224, -1.06143249, -0.50901263]
[-1.06143249, 45.01385934, -0.05436556]
[-0.50901263, -0.05436556, 35.89329901]

 Polarizability Matrix (QED eT energy = 0.5 * lambda.dot(matrix * lambda))
[36.90522752, -1.15022551, -0.63069114]
[-1.15022551, 42.00572061, -0.00073449]
[-0.63069114, -0.00073449, 30.97340269]


                      Electron        Nuclear        Total  
                  ------------------------------------------
    Monopole         -98.000000     99.000000      1.000000

      Dipole   X      -7.971270      4.366216     -3.605054
      Dipole   Y      -8.770324     10.086956      1.316631
      Dipole   Z     -15.778288     17.134969      1.356681

  Quadrupole  XX    -793.729882    752.698381    -41.031501
  Quadrupole  XY     -17.888135     12.066560     -5.821575
  Quadrupole  XZ      -9.220642      3.321646     -5.898996
  Quadrupole  YY    -635.817378    598.405969    -37.411410
  Quadrupole  YZ    -290.086769    293.451892      3.365123
  Quadrupole  ZZ    -326.328693    280.346561    -45.982132

    Octupole XXX     -29.592219    -59.714974    -89.307193
    Octupole XXY   -1120.771930   1113.516894     -7.255037
    Octupole XXZ   -1088.696115   1078.626385    -10.069730
    Octupole XYY      19.184338    -60.210461    -41.026123
    Octupole XYZ      25.630102    -29.799528     -4.169426
    Octupole XZZ     -33.825207     38.937116      5.111909
    Octupole YYY    -846.931949    829.718447    -17.213502
    Octupole YYZ     -93.547524     85.883352     -7.664173
    Octupole YZZ     191.483019   -218.632688    -27.149669
    Octupole ZZZ      36.619509   -110.748274    -74.128765

writing orbitals and density to disk ... done.

Total Time taken for Hartree-Fock: 29.55 secs

CD Options
{
  debug             = false
  skip_cd           = [false, 100]
  write_cv          = [false, 5000]
  diagtol           = 1e-06
  itilesize         = 1000
  max_cvecs_factor  = 12
}

- #occupied, #virtual = 98, 344

- Tilesize for the MSO space: 40

-----------------------------------------------------
Begin 2-index transformation ... 

nAO, nMO, nelectrons = 221, 442, 98
n_occ_alpha, n_vir_alpha, n_occ_beta, n_vir_beta = 49,172,49,172

Time taken for Fao->Fmo transform: 0.00 secs

-----------------------------------------------------
Number of AO tiles = 105
# of {all,non-negligible} shell-pairs = {5565,5003}

    Begin Cholesky Decomposition
---------------------------------------------
Total # of mpi ranks used for Cholesky decomposition: 4
  --> Number of nodes, mpi ranks per node: 1, 4
- CPU memory required for computing cholesky vectors: 1.93 GiB

- Time for computing the diagonal: 0.01 secs

- Total number of cholesky vectors = 1646

- Time to compute cholesky vectors: 15.10 secs

- CPU memory required for resizing the ao cholesky tensor: 1.56 GiB
- CPU memory required for ao2mo transformation: 1.70 GiB
- CPU memory required for the 2-step contraction: 2.11 GiB

- Time for ao to mo transform: 1.57 secs

   End Cholesky Decomposition
---------------------------------------------

Total Time taken for Cholesky Decomposition: 19.82 secs

scf_type = restricted
Closed-Shell SCF
QED-HF Enabled
nbf = 203
nbf_orig = 221
n_lindep = 0
focc = 1
nmo = 406
nocc = 62
nvir = 344
n_occ_alpha = 31
n_vir_alpha = 172
n_occ_beta = 31
n_vir_beta = 172
nelectrons = 98
nelectrons_alpha = 49
nelectrons_beta = 49
freeze atomic = true
n_frozen_core = 18
n_frozen_virtual = 0
----------------------------
--------- QED-CCSD --------
lambda_x: -0.0182
lambda_y: 0.0250
lambda_z: 0.0951
omega: 0.066150
coupling_factor_x: -0.003303
coupling_factor_y: 0.004547
coupling_factor_z: 0.017296
----------------------------
# of {all,non-negligible} shell-pairs = {5565,5003}
Number of AO tiles = 105
----------------------------
Electronic dipole expectation value using SCF density: 
dipole_x_elec: -7.97141877
dipole_y_elec: -8.77036263
dipole_z_elec: -15.77830929

d_n/N value: d_n is nuclear dipole moment and N is the total number of electrons 
d_nuc_x: 0.04455322
d_nuc_y: 0.10292812
d_nuc_z: 0.17484662

<d_e+d_n> expectation values: 
dipole_total_x: -3.60520284
dipole_total_y: 1.31659298
dipole_total_z: 1.35665959
----------------------------


 CCSD iterations
------------------------------------------------------------
  Iter     Residuum          Correlation          Time(s)
------------------------------------------------------------
   1     1.1860867349060    0.0000000000000         86.55
   2     0.1687056488044   -1.6732773389249         86.10
   3     0.0691733289977   -1.6273586986098         84.74
   4     0.0233385764617   -1.6995334100165         85.03
   5     0.0193682229103   -1.6892144732054         85.12
 MICROCYCLE DIIS UPDATE:                    6
   6     0.0075315954343   -1.6994487002925         84.45
   7     0.0048446019360   -1.6991625385148         84.34
   8     0.0032065775842   -1.7004910707127         84.68
   9     0.0024547511715   -1.7006197283559         83.99
  10     0.0025392518728   -1.7008935336648         83.84
 MICROCYCLE DIIS UPDATE:                   11
  11     0.0005409091611   -1.7012751080468         83.67
  12     0.0003931212385   -1.7013149561362         83.16
  13     0.0002845492417   -1.7013238869201         83.03
  14     0.0002516053118   -1.7013028489827         83.92
  15     0.0002052347696   -1.7013198889513         83.93
 MICROCYCLE DIIS UPDATE:                   16
  16     0.0000757320189   -1.7012962134525         84.14
  17     0.0000493430942   -1.7013201475498         84.33
  18     0.0000438451520   -1.7013224340475         83.94
  19     0.0000337279833   -1.7013282020637         83.82
  20     0.0000354041292   -1.7013269039117         84.52
 MICROCYCLE DIIS UPDATE:                   21
  21     0.0000125376589   -1.7013319574244         84.16
  22     0.0000081814847   -1.7013318623314         84.25
  23     0.0000062136632   -1.7013314347084         84.21
  24     0.0000051777251   -1.7013306559809         84.08
  25     0.0000046143741   -1.7013308380093         84.25
 MICROCYCLE DIIS UPDATE:                   26
  26     0.0000021158540   -1.7013295121851         84.79
  27     0.0000012308978   -1.7013304575267         84.22
  28     0.0000011108120   -1.7013305148182         84.26
  29     0.0000008303366   -1.7013306710124         84.37
------------------------------------------------------------------
 Iterations converged
 CCSD correlation energy / hartree =        -1.701330671012375
 CCSD total energy / hartree       =     -3007.818727874736396

Time taken for spin-orbital canonical QED-CCSD: 2509.07 secs
