
ExaChem Git Information
{
 WARNING: Failed to retrieve the current git state.
}


TAMM Git Information
{
 Branch: main
 Commit Hash: e71357ad [e71357ad54f38748b4a7e175aa6760820d5ce96f]
 Commit Date: 2026-02-02 23:14:56 -0800
 Commit Message: add GitHub Actions workflow for releases
}


date: Thu Aug  6 22:45:17 2026
program: "/global/cfs/cdirs/m3196/heindelj/cavity_qed/software/install_gpu/bin/bin/ExaChem"
nnodes: 1, nproc_per_node: 4, nproc_total: 4, ngpus_per_node: 1, ngpus_total: 1

Memory information
{
[AMD EPYC 7763 64-Core Processor                ] : 
  CPU memory per node (GiB): 251
  Total CPU memory (GiB): 251
[NVIDIA A100-SXM4-40GB, CUDA v12.9] : 
  GPU memory per device (GiB): 39
  GPU memory per node (GiB): 39
  Total GPU memory (GiB): 39
}

------------------------------------------------------------

Input file provided: /global/cfs/cdirs/m4262/heindelj/cavity_qed/mlip/lambda_scans/grid_scans_optimized_geoms/runs_grid_no_freq/ortho_th45_ph90/ortho_th45_ph90_qed_ccsd_input.json

{
  "geometry": {
    "coordinates": [
      "C    -1.786019182000    1.925517448600    0.729881689400",
      "C    -0.376578681800    1.978182563300    0.727980899500",
      "C     0.291638096800    0.811558110100    0.754064753000",
      "C    -2.515881098100    0.734180828300    0.790687960300",
      "H    -2.329479864100    2.861456967500    0.701709362600",
      "H     0.152062135900    2.918362872300    0.716305322900",
      "H    -3.595224406900    0.758191842800    0.835914204400",
      "N     1.767371635200    0.785694057600    0.801457659000",
      "O     2.236800886000   -0.108079131800    1.459926211500",
      "O     2.339194390500    1.645491583100    0.190751105600",
      "C    -1.838174577400   -0.442063632400    0.754947596600",
      "H    -2.362635736900   -1.386266408700    0.731186810200",
      "C    -0.372620645000   -0.489631484600    0.612141195500",
      "H     0.092376539900   -1.256148435000    1.231426009500",
      "Br   -0.056330385400   -0.951970441000   -1.248652802100"
    ],
    "units": "angstrom",
    "noorient": true
  },
  "common": {
    "maxiter": 100,
    "debug": false
  },
  "basis": {
    "basisset": "6-311G*"
  },
  "SCF": {
    "charge": 1,
    "multiplicity": 1,
    "lshift": 0,
    "tol_lindep": 1e-10,
    "conve": 1e-07,
    "convd": 1e-05,
    "diis_hist": 10,
    "writem": 10,
    "restart": false,
    "noscf": false,
    "scf_type": "restricted",
    "debug": false,
    "qed_omegas": [
      0.06615
    ],
    "qed_volumes": [],
    "qed_lambdas": [
      0.1
    ],
    "qed_polvecs": [
      [
        4.329780281177466e-17,
        0.7071067811865475,
        0.7071067811865476
      ]
    ],
    "direct_df": false
  },
  "CD": {
    "debug": false,
    "diagtol": 1e-06
  },
  "CC": {
    "threshold": 1e-06,
    "ndiis": 5,
    "ccsd_maxiter": 200,
    "tilesize": 40,
    "freeze": {
      "atomic": true
    },
    "readt": false,
    "writet": true,
    "writet_iter": 5,
    "debug": false,
    "profile_ccsd": false,
    "balance_tiles": true
  },
  "TASK": {
    "scf": false,
    "ccsd": true
  }
}

Output folder & files prefix: ortho_th45_ph90_qed_ccsd_input.6-311g*

  C (carbon)
  ----------
          Exponent        Coefficients
      ----------------  --------------------
  1 S  4.56324000E+03      0.778202
  1 S  6.82024000E+02      1.448695
  1 S  1.54973000E+02      2.383089
  1 S  4.44553000E+01      3.200089
  1 S  1.30290000E+01      3.013004
  1 S  1.82773000E+00      0.247599

  2 S  2.09642000E+01      0.800629
  2 S  4.80331000E+00      2.127420
  2 S  1.45933000E+00     -0.002868

  3 P  2.09642000E+01      2.573592
  3 P  4.80331000E+00      2.408248
  3 P  1.45933000E+00      1.865281

  4 S  4.83456000E-01      0.413217

  5 P  4.83456000E-01      0.574627

  6 S  1.45585000E-01      0.167976

  7 P  1.45585000E-01      0.128185

  8 D  6.26000000E-01      0.725128


  H (hydrogen)
  ------------
          Exponent        Coefficients
      ----------------  --------------------
  1 S  3.38650000E+01      0.255069
  1 S  5.09479000E+00      0.460109
  1 S  1.15879000E+00      0.678321

  2 S  3.25840000E-01      0.307371

  3 S  1.02741000E-01      0.129336


  N (nitrogen)
  ------------
          Exponent        Coefficients
      ----------------  --------------------
  1 S  6.29348000E+03      0.991968
  1 S  9.49044000E+02      1.823240
  1 S  2.18776000E+02      2.979891
  1 S  6.36916000E+01      4.000007
  1 S  1.88282000E+01      3.881008
  1 S  2.72023000E+00      0.386764

  2 S  3.06331000E+01      1.038501
  2 S  7.02614000E+00      2.834794
  2 S  2.11205000E+00     -0.003208

  3 P  3.06331000E+01      3.935616
  3 P  7.02614000E+00      3.870994
  3 P  2.11205000E+00      2.967271

  4 S  6.84009000E-01      0.536051

  5 P  6.84009000E-01      0.886681

  6 S  2.00878000E-01      0.213850

  7 P  2.00878000E-01      0.191693

  8 D  9.13000000E-01      1.403568


  O (oxygen)
  ----------
          Exponent        Coefficients
      ----------------  --------------------
  1 S  8.58850000E+03      1.205013
  1 S  1.29723000E+03      2.216205
  1 S  2.99296000E+02      3.627452
  1 S  8.73771000E+01      4.888452
  1 S  2.56789000E+01      4.835721
  1 S  3.74004000E+00      0.538229

  2 S  4.21175000E+01      1.341958
  2 S  9.62837000E+00      3.587114
  2 S  2.85332000E+00     -0.005123

  3 P  4.21175000E+01      5.584018
  3 P  9.62837000E+00      5.733366
  3 P  2.85332000E+00      4.332955

  4 S  9.05661000E-01      0.661659

  5 P  9.05661000E-01      1.259352

  6 S  2.55611000E-01      0.256209

  7 P  2.55611000E-01      0.259068

  8 D  1.29200000E+00      2.577026


  Br (bromine)
  ------------
          Exponent        Coefficients
      ----------------  --------------------
  1 S  4.39700000E+05      9.893706
  1 S  6.60300000E+04     18.450679
  1 S  1.51400000E+04     31.049770
  1 S  4.31700000E+03     48.888138
  1 S  1.41400000E+03     64.847798
  1 S  5.23900000E+02     42.245010

  2 S  5.23900000E+02     14.290679
  2 S  2.07700000E+02     24.083128
  2 S  8.65400000E+01      5.132542

  3 S  3.05200000E+01      9.254405

  4 S  1.29800000E+01      4.873782

  5 S  4.41200000E+00      2.169635

  6 S  1.86200000E+00      1.136043

  7 S  3.93200000E-01      0.353892

  8 S  1.40000000E-01      0.163120

  9 P  2.95700000E+03    691.874478
  9 P  7.00300000E+02    925.332763
  9 P  2.24600000E+02   1068.830732

  10 P  8.25900000E+01    122.079275
  10 P  3.31900000E+01     57.580687
  10 P  1.42000000E+01     10.176170

  11 P  1.42000000E+01      3.129736
  11 P  7.43800000E+00      6.538168
  11 P  3.52600000E+00      4.166276

  12 P  1.59500000E+00      2.555000

  13 P  8.46200000E-01      1.156861

  14 P  3.18600000E-01      0.341191

  15 P  1.09600000E-01      0.089888

  16 D  1.34800000E+02    160.709187
  16 D  3.63900000E+01    119.797406
  16 D  1.21600000E+01     55.531619
  16 D  4.34100000E+00     12.984636

  17 D  1.53500000E+00      3.484168

  18 D  4.51000000E-01      0.408525



Printing Internal Coordinates

------------------------------------------------------------
                Bond Lengths

i      j        Length (Angstroms)     Length (Bohr)
0      1          1.4104253794         2.6653176881
0      3          1.3984558491         2.6426985541
0      4          1.0826476694         2.0459075860
1      2          1.3446957446         2.5411066799
1      5          1.0786734662         2.0383974304
2      7          1.4767208650         2.7905979993
2      12         1.4678134533         2.7737654306
3      6          1.0805572267         2.0419572219
3      10         1.3579817867         2.5662136609
7      8          1.2053112338         2.2777081283
7      9          1.1996647626         2.2670378443
10     11         1.0803439108         2.0415541132
10     12         1.4732632818         2.7840641140
12     13         1.0896257606         2.0590942672
12     14         1.9432835975         3.6722737843

Number of Bonds: 15

------------------------------------------------------------
           Bond Angles

i      j      k      Angle (degrees)
0      1      2        117.6558 
0      1      5        121.4868 
0      3      6        120.2789 
0      3      10       118.4429 
1      0      3        123.6012 
1      0      4        117.9894 
1      2      7        120.8247 
1      2      12       122.8423 
2      1      5        120.8544 
2      7      8        114.8174 
2      7      9        116.5798 
2      12     10       114.3423 
2      12     13       112.0572 
2      12     14       103.2875 
3      0      4        118.3987 
3      10     11       121.0194 
3      10     12       121.8003 
6      3      10       121.2546 
7      2      12       116.0927 
8      7      9        128.6027 
10     12     13       113.0876 
10     12     14       105.2130 
11     10     12       116.9085 
13     12     14       107.9024 

Number of Angles: 24

------------------------------------------------------------
              Torsional Angles

i      j      k      l      Angle (degrees)
3      0      1      2          1.6457 
4      0      1      2       -179.5656 
5      1      0      3       -177.7389 
5      1      0      4          1.0497 
6      3      0      1        177.1120 
6      3      0      4         -1.6720 
10     3      0      1         -4.6330 
10     3      0      4        176.5830 
11     10     3      0       -175.7823 
11     10     3      6          2.4549 

Number of Torsional Angles: 10


----------------------------------------------------------------------
                          Center of Mass

         x               y               z              Unit
   0.03036269569   0.08698641039  -0.02698553154      Angstrom
    0.0573771793    0.1643804923  -0.05099526397          Bohr

----------------------------------------------------------------------
                Moment of Inertia Tensor

           1661.73           -62.379          -68.7215
           -62.379           2160.48          -535.048
          -68.7215          -535.048           2320.09

----------------------------------------------------------------------
                      Principal Moments of Inertia

           x                 y                 z                Unit
       444.2507245       496.9077148       778.8623919       amu * ang^2
       1586.448138       1774.489665       2781.368096      amu * bohr^2
  7.3769618690e-38  8.2513523614e-38  1.2933323120e-37          g * cm^2

 - Molecule is an asymmetric top.

----------------------------------------------------------------------

         Rotational constants (MHz)

    A = 1.1376e+03        B = 1.0170e+03        C = 6.4887e+02

----------------------------------------------------------------------

        Rotational constants (cm-1)

    A = 3.7946e-02        B = 3.3925e-02        C = 2.1644e-02

----------------------------------------------------------------------

                                Z-Matrix
C   
C        1       2.6653177
C        2       2.5411067     1       117.65584
C        3      5.30790819     2     61.80042696     1         -0.7743
H        4      4.03887411     3     83.38855862     2          0.6535
H        5      4.69074868     4     96.30165010     3         -1.0789
H        6      8.17681713     5     28.70944293     4         -1.4775
N        7     10.13418029     6     29.68795081     5        178.4391
O        8      2.27770813     7    112.46637548     6        146.1228
O        9      4.09521577     8     25.63389728     7       -178.7494
C       10      8.88907082     9     61.88036079     8         -9.6215
H       11      2.04155411    10    144.72089675     9        -49.2496
C       12      4.13080736    11     36.94189435    10          6.9308
H       13      2.05909427    12     93.95643498    11        138.6797
Br      14      4.73014300    13     47.62639201    12         97.5019

----------------------------------------------------------------------

             Converted back to Cartesian

C        0.000000      0.000000      0.000000
C        0.000000      0.000000      2.665318
C        0.000000      0.091054      0.125843
C        0.000024     -0.198961      5.425822
H       -0.000039      0.124074      1.399887
H        0.000139     -0.388081      6.062592
H       -0.000193      0.575745     -2.057221
N       -0.004732     -0.709628      7.995112
O       -0.002969     -0.343520      5.747020
O       -0.004703     -1.033275      9.783730
C       -0.007978      0.628650      1.051401
H       -0.002100      0.159085      3.038212
C       -0.016737      1.154282     -0.970895
H       -0.008455      0.601227      1.012519
Br      -0.030660      1.937596     -3.524868

----------------------------------------------------------------------
                       Geometry in bohr 

1     C      -3.3750871096    3.6387006285    1.3792764973
2     C      -0.7116305735    3.7382232717    1.3756845249
3     C       0.5511161308    1.5336225633    1.4249758644
4     C      -4.7543262408    1.3874006924    1.4941836960
5     H      -4.4020789590    5.4073699896    1.3260385153
6     H       0.2873557910    5.5149065647    1.3536208828
7     H      -6.7939894902    1.4327749338    1.5796489111
8     N       3.3398483532    1.4847465876    1.5145354770
9     O       4.2269410727   -0.2042399590    2.7588607038
10    O       4.4204367533    3.1095284345    0.3604673478
11    C      -3.4736465229   -0.8353791955    1.4266441970
12    H      -4.4647344780   -2.6196638500    1.3817428182
13    C      -0.7041509679   -0.9252694085    1.1567792099
14    H       0.1745663609   -2.3737765156    2.3270579023
15    Br     -0.1064490010   -1.7989634134   -2.3596118223

 Number of nodes, processes per node used for SCF calculation: 1, 4

Common Options
{
  maxiter       = 100
  basis         = 6-311g* spherical
  geom_units    = angstrom
  ang2au factor = 1.889726126
  debug         = false
  file_prefix   = ortho_th45_ph90_qed_ccsd_input
}

SCF Options
{
  charge            = 1
  multiplicity      = 1
  level shift       = 0
  tol_int           = 1e-22
  tol_sch           = 1e-12
  tol_lindep        = 1e-10
  conve             = 1e-07
  convd             = 1e-05
  diis_hist         = 10
  AO_tilesize       = 30
  writem            = 10
  damp              = 100
  n_lindep          = 0
  scf_type          = restricted
  cuscf             = false
  qed_omegas        = [0.06615,]
  qed_lambdas       = [0.1,]
  qed_polvecs       = [[4.329780281e-17,0.7071067812,0.7071067812,],]
  direct_df         = false
  restart_size      = 2000
  restart           = false
  debug             = false
}

Number of basis functions = 221

Total number of shells = 105

Total number of electrons = 98
  # of alpha electrons    = 49
  # of beta electons      = 49

Nuclear repulsion energy  = 786.947335210342

# of {all,non-negligible} shell-pairs = {5565,4999}
Number of AO tiles = 105

Time for initial setup: 0.02 secs
HF exch = 1.00

Time for computing 1-e integrals T, V, S: 0.01 secs
Time for computing orthogonalizer: 0.01 secs

Superposition of Atomic Density Guess ...
Time taken for SAD: 0.55 secs
Total Time to compute initial guess: 0.55 secs


 SCF iterations
-----------------------------------------------------------------------------
 Iter     Energy            E-Diff       RMSD        |[F,P]|^2       Time(s)
-----------------------------------------------------------------------------
   1  -3011.8116424453    -3.01e+03     1.67e-02     1.51e+03         0.7 
   2  -3005.7824091800     6.03e+00     7.04e-03     8.09e+00         2.2 
   3  -3005.9781907766    -1.96e-01     2.99e-03     4.14e+00         2.2 
   4  -3006.0973522664    -1.19e-01     1.20e-03     1.27e-01         2.2 
   5  -3006.1048840177    -7.53e-03     2.76e-04     9.77e-03         2.2 
   6  -3006.1055056786    -6.22e-04     1.77e-04     1.50e-03         2.2 
   7  -3006.1057092858    -2.04e-04     8.08e-05     3.38e-04         2.2 
   8  -3006.1057540296    -4.47e-05     3.20e-05     7.94e-05         2.2 
   9  -3006.1057632691    -9.24e-06     2.03e-05     2.21e-05         2.2 
  10  -3006.1057663086    -3.04e-06     1.03e-05     4.67e-06         2.2 
  11  -3006.1057670339    -7.25e-07     6.93e-06     1.18e-06         2.3 
  12  -3006.1057672853    -2.51e-07     2.96e-06     2.51e-07         2.2 
  13  -3006.1057673347    -4.94e-08     1.38e-06     4.57e-08         2.3 

** Total SCF energy = -3006.1057673346922

Nuclear repulsion energy = 786.947335210342089
#electrons        = 98
1e energy kinetic = 3006.2147833409785562
1e energy N-e     = -8726.9635824885572220
1e energy         = -5717.2621326309981669
2e energy         = 1927.5027799641788988
QED energy        = 0.1929166383651397
QED eT energy     = 0.1720056344329371
QED eT energy from matrix = 0.1720056344329572

 Polarizability Matrix (QED energy = 0.5 * lambda.dot(matrix * lambda))
[40.69456175, -0.90515152, -0.66892498]
[-0.90515152, 42.67256841, -1.69955296]
[-0.66892498, -1.69955296, 37.89319286]

 Polarizability Matrix (QED eT energy = 0.5 * lambda.dot(matrix * lambda))
[37.00945781, -0.96065939, -0.77885523]
[-0.96065939, 39.35228641, -2.01188010]
[-0.77885523, -2.01188010, 33.47372757]


                      Electron        Nuclear        Total  
                  ------------------------------------------
    Monopole         -98.000000     99.000000      1.000000

      Dipole   X      -2.294936     -1.172986     -3.467922
      Dipole   Y     -27.942174     29.257217      1.315043
      Dipole   Z      -9.231745     10.483332      1.251587

  Quadrupole  XX    -788.775004    747.522697    -41.252307
  Quadrupole  XY     -26.259606     20.967414     -5.292192
  Quadrupole  XZ     -27.508554     21.958597     -5.549957
  Quadrupole  YY    -515.632109    478.863823    -36.768286
  Quadrupole  YZ    -245.698215    249.471348      3.773133
  Quadrupole  ZZ    -401.671871    354.857992    -46.813879

    Octupole XXX     -16.355964    -62.142244    -78.498209
    Octupole XXY   -1093.142558   1078.975021    -14.167538
    Octupole XXZ   -1113.162944   1104.765933     -8.397011
    Octupole XYY     139.144214   -173.832378    -34.688164
    Octupole XYZ     118.037454   -118.396294     -0.358840
    Octupole XZZ    -107.922120    111.462151      3.540032
    Octupole YYY   -1022.038107    988.948303    -33.089804
    Octupole YYZ    -165.122728    164.881329     -0.241399
    Octupole YZZ     195.105443   -226.978257    -31.872814
    Octupole ZZZ      68.939983   -147.696780    -78.756797

writing orbitals and density to disk ... done.

Total Time taken for Hartree-Fock: 29.65 secs

CD Options
{
  debug             = false
  skip_cd           = [false, 100]
  write_cv          = [false, 5000]
  diagtol           = 1e-06
  itilesize         = 1000
  max_cvecs_factor  = 12
}

- #occupied, #virtual = 98, 344

- Tilesize for the MSO space: 40

-----------------------------------------------------
Begin 2-index transformation ... 

nAO, nMO, nelectrons = 221, 442, 98
n_occ_alpha, n_vir_alpha, n_occ_beta, n_vir_beta = 49,172,49,172

Time taken for Fao->Fmo transform: 0.00 secs

-----------------------------------------------------
Number of AO tiles = 105
# of {all,non-negligible} shell-pairs = {5565,4999}

    Begin Cholesky Decomposition
---------------------------------------------
Total # of mpi ranks used for Cholesky decomposition: 4
  --> Number of nodes, mpi ranks per node: 1, 4
- CPU memory required for computing cholesky vectors: 1.93 GiB

- Time for computing the diagonal: 0.01 secs

- Total number of cholesky vectors = 1644

- Time to compute cholesky vectors: 15.08 secs

- CPU memory required for resizing the ao cholesky tensor: 1.56 GiB
- CPU memory required for ao2mo transformation: 1.70 GiB
- CPU memory required for the 2-step contraction: 2.11 GiB

- Time for ao to mo transform: 1.52 secs

   End Cholesky Decomposition
---------------------------------------------

Total Time taken for Cholesky Decomposition: 19.32 secs

scf_type = restricted
Closed-Shell SCF
QED-HF Enabled
nbf = 203
nbf_orig = 221
n_lindep = 0
focc = 1
nmo = 406
nocc = 62
nvir = 344
n_occ_alpha = 31
n_vir_alpha = 172
n_occ_beta = 31
n_vir_beta = 172
nelectrons = 98
nelectrons_alpha = 49
nelectrons_beta = 49
freeze atomic = true
n_frozen_core = 18
n_frozen_virtual = 0
----------------------------
--------- QED-CCSD --------
lambda_x: 0.0000
lambda_y: 0.0707
lambda_z: 0.0707
omega: 0.066150
coupling_factor_x: 0.000000
coupling_factor_y: 0.012860
coupling_factor_z: 0.012860
----------------------------
# of {all,non-negligible} shell-pairs = {5565,4999}
Number of AO tiles = 105
----------------------------
Electronic dipole expectation value using SCF density: 
dipole_x_elec: -2.29509862
dipole_y_elec: -27.94220945
dipole_z_elec: -9.23179707

d_n/N value: d_n is nuclear dipole moment and N is the total number of electrons 
d_nuc_x: -0.01196925
d_nuc_y: 0.29854303
d_nuc_z: 0.10697277

<d_e+d_n> expectation values: 
dipole_total_x: -3.46808505
dipole_total_y: 1.31500743
dipole_total_z: 1.25153487
----------------------------


 CCSD iterations
------------------------------------------------------------
  Iter     Residuum          Correlation          Time(s)
------------------------------------------------------------
   1     1.1859568668658    0.0000000000000         86.03
   2     0.1694255255629   -1.6607436327151         84.94
   3     0.0701037565457   -1.6295719444893         84.80
   4     0.0253346822597   -1.7021762928061         84.85
   5     0.0227777173872   -1.6920393282646         84.78
 MICROCYCLE DIIS UPDATE:                    6
   6     0.0084708440608   -1.7032025384271         84.25
   7     0.0057491037373   -1.7027038413581         84.38
   8     0.0038970582016   -1.7044190450818         84.41
   9     0.0033315147534   -1.7045430240287         84.28
  10     0.0036652765282   -1.7049299917737         84.23
 MICROCYCLE DIIS UPDATE:                   11
  11     0.0008107764135   -1.7054402581196         84.37
  12     0.0005896494148   -1.7054977214441         84.53
  13     0.0004738724277   -1.7054985758229         84.53
  14     0.0004118175384   -1.7054779691795         84.76
  15     0.0003566788147   -1.7055000545739         84.05
 MICROCYCLE DIIS UPDATE:                   16
  16     0.0001221271393   -1.7054718749688         84.17
  17     0.0000870538320   -1.7055086939361         83.55
  18     0.0000733359372   -1.7055160230985         83.49
  19     0.0000667375989   -1.7055246957488         83.69
  20     0.0000707489089   -1.7055232320478         83.95
 MICROCYCLE DIIS UPDATE:                   21
  21     0.0000212367526   -1.7055319750522         83.72
  22     0.0000148901876   -1.7055320717674         84.13
  23     0.0000121016917   -1.7055312015192         83.96
  24     0.0000100582757   -1.7055301800411         83.94
  25     0.0000092414791   -1.7055304800665         83.91
 MICROCYCLE DIIS UPDATE:                   26
  26     0.0000039358271   -1.7055284370780         83.84
  27     0.0000025222150   -1.7055300615822         83.89
  28     0.0000021382649   -1.7055302040933         83.95
  29     0.0000018800014   -1.7055305351481         83.74
  30     0.0000019633977   -1.7055305041766         83.72
 MICROCYCLE DIIS UPDATE:                   31
  31     0.0000007029683   -1.7055307912348         83.40
------------------------------------------------------------------
 Iterations converged
 CCSD correlation energy / hartree =        -1.705530791234757
 CCSD total energy / hartree       =     -3007.811298125926896

Time taken for spin-orbital canonical QED-CCSD: 2695.84 secs
