
ExaChem Git Information
{
 WARNING: Failed to retrieve the current git state.
}


TAMM Git Information
{
 Branch: main
 Commit Hash: e71357ad [e71357ad54f38748b4a7e175aa6760820d5ce96f]
 Commit Date: 2026-02-02 23:14:56 -0800
 Commit Message: add GitHub Actions workflow for releases
}


date: Thu Aug  6 10:58:01 2026
program: "/global/cfs/cdirs/m3196/heindelj/cavity_qed/software/install_gpu/bin/bin/ExaChem"
nnodes: 1, nproc_per_node: 4, nproc_total: 4, ngpus_per_node: 1, ngpus_total: 1

Memory information
{
[AMD EPYC 7763 64-Core Processor                ] : 
  CPU memory per node (GiB): 251
  Total CPU memory (GiB): 251
[NVIDIA A100-SXM4-40GB, CUDA v12.9] : 
  GPU memory per device (GiB): 39
  GPU memory per node (GiB): 39
  Total GPU memory (GiB): 39
}

------------------------------------------------------------

Input file provided: /global/cfs/cdirs/m4262/heindelj/cavity_qed/mlip/lambda_scans/grid_scans_optimized_geoms/runs_grid_no_freq/meta_th72_ph72/meta_th72_ph72_qed_ccsd_input.json

{
  "geometry": {
    "coordinates": [
      "C    -0.923959082100    1.983837682400    0.867521431500",
      "C     0.455638209500    1.914492685700    0.695083115300",
      "C     1.147156127100    0.697997894600    0.713976226100",
      "C     0.493098998900   -0.473264876800    0.772627786900",
      "C    -1.638248865500    0.827638170500    0.889730705000",
      "H    -1.421967989100    2.936377773900    0.935778381100",
      "H     1.030912445700    2.818557644100    0.563811938900",
      "H     1.030392268000   -1.411406877600    0.780784364400",
      "H    -2.719381761700    0.839786440900    0.953624890400",
      "N     2.617027859600    0.714035283200    0.598373749600",
      "O     3.229650814400    0.037030505200    1.379244577400",
      "O     3.044727090600    1.395827526400   -0.295958500300",
      "C    -0.977257932800   -0.469928417500    0.673762653000",
      "H    -1.449558009700   -1.292532231000    1.197588447700",
      "Br   -1.310063453000   -0.716850262700   -1.254492114700"
    ],
    "units": "angstrom",
    "noorient": true
  },
  "common": {
    "maxiter": 100,
    "debug": false
  },
  "basis": {
    "basisset": "6-311G*"
  },
  "SCF": {
    "charge": 1,
    "multiplicity": 1,
    "lshift": 0,
    "tol_lindep": 1e-10,
    "conve": 1e-07,
    "convd": 1e-05,
    "diis_hist": 10,
    "writem": 10,
    "restart": false,
    "noscf": false,
    "scf_type": "restricted",
    "debug": false,
    "qed_omegas": [
      0.06615
    ],
    "qed_volumes": [],
    "qed_lambdas": [
      0.1
    ],
    "qed_polvecs": [
      [
        0.2938926261462366,
        0.9045084971874737,
        0.3090169943749475
      ]
    ],
    "direct_df": false
  },
  "CD": {
    "debug": false,
    "diagtol": 1e-06
  },
  "CC": {
    "threshold": 1e-06,
    "ndiis": 5,
    "ccsd_maxiter": 200,
    "tilesize": 40,
    "freeze": {
      "atomic": true
    },
    "readt": false,
    "writet": true,
    "writet_iter": 5,
    "debug": false,
    "profile_ccsd": false,
    "balance_tiles": true
  },
  "TASK": {
    "scf": false,
    "ccsd": true
  }
}

Output folder & files prefix: meta_th72_ph72_qed_ccsd_input.6-311g*

  C (carbon)
  ----------
          Exponent        Coefficients
      ----------------  --------------------
  1 S  4.56324000E+03      0.778202
  1 S  6.82024000E+02      1.448695
  1 S  1.54973000E+02      2.383089
  1 S  4.44553000E+01      3.200089
  1 S  1.30290000E+01      3.013004
  1 S  1.82773000E+00      0.247599

  2 S  2.09642000E+01      0.800629
  2 S  4.80331000E+00      2.127420
  2 S  1.45933000E+00     -0.002868

  3 P  2.09642000E+01      2.573592
  3 P  4.80331000E+00      2.408248
  3 P  1.45933000E+00      1.865281

  4 S  4.83456000E-01      0.413217

  5 P  4.83456000E-01      0.574627

  6 S  1.45585000E-01      0.167976

  7 P  1.45585000E-01      0.128185

  8 D  6.26000000E-01      0.725128


  H (hydrogen)
  ------------
          Exponent        Coefficients
      ----------------  --------------------
  1 S  3.38650000E+01      0.255069
  1 S  5.09479000E+00      0.460109
  1 S  1.15879000E+00      0.678321

  2 S  3.25840000E-01      0.307371

  3 S  1.02741000E-01      0.129336


  N (nitrogen)
  ------------
          Exponent        Coefficients
      ----------------  --------------------
  1 S  6.29348000E+03      0.991968
  1 S  9.49044000E+02      1.823240
  1 S  2.18776000E+02      2.979891
  1 S  6.36916000E+01      4.000007
  1 S  1.88282000E+01      3.881008
  1 S  2.72023000E+00      0.386764

  2 S  3.06331000E+01      1.038501
  2 S  7.02614000E+00      2.834794
  2 S  2.11205000E+00     -0.003208

  3 P  3.06331000E+01      3.935616
  3 P  7.02614000E+00      3.870994
  3 P  2.11205000E+00      2.967271

  4 S  6.84009000E-01      0.536051

  5 P  6.84009000E-01      0.886681

  6 S  2.00878000E-01      0.213850

  7 P  2.00878000E-01      0.191693

  8 D  9.13000000E-01      1.403568


  O (oxygen)
  ----------
          Exponent        Coefficients
      ----------------  --------------------
  1 S  8.58850000E+03      1.205013
  1 S  1.29723000E+03      2.216205
  1 S  2.99296000E+02      3.627452
  1 S  8.73771000E+01      4.888452
  1 S  2.56789000E+01      4.835721
  1 S  3.74004000E+00      0.538229

  2 S  4.21175000E+01      1.341958
  2 S  9.62837000E+00      3.587114
  2 S  2.85332000E+00     -0.005123

  3 P  4.21175000E+01      5.584018
  3 P  9.62837000E+00      5.733366
  3 P  2.85332000E+00      4.332955

  4 S  9.05661000E-01      0.661659

  5 P  9.05661000E-01      1.259352

  6 S  2.55611000E-01      0.256209

  7 P  2.55611000E-01      0.259068

  8 D  1.29200000E+00      2.577026


  Br (bromine)
  ------------
          Exponent        Coefficients
      ----------------  --------------------
  1 S  4.39700000E+05      9.893706
  1 S  6.60300000E+04     18.450679
  1 S  1.51400000E+04     31.049770
  1 S  4.31700000E+03     48.888138
  1 S  1.41400000E+03     64.847798
  1 S  5.23900000E+02     42.245010

  2 S  5.23900000E+02     14.290679
  2 S  2.07700000E+02     24.083128
  2 S  8.65400000E+01      5.132542

  3 S  3.05200000E+01      9.254405

  4 S  1.29800000E+01      4.873782

  5 S  4.41200000E+00      2.169635

  6 S  1.86200000E+00      1.136043

  7 S  3.93200000E-01      0.353892

  8 S  1.40000000E-01      0.163120

  9 P  2.95700000E+03    691.874478
  9 P  7.00300000E+02    925.332763
  9 P  2.24600000E+02   1068.830732

  10 P  8.25900000E+01    122.079275
  10 P  3.31900000E+01     57.580687
  10 P  1.42000000E+01     10.176170

  11 P  1.42000000E+01      3.129736
  11 P  7.43800000E+00      6.538168
  11 P  3.52600000E+00      4.166276

  12 P  1.59500000E+00      2.555000

  13 P  8.46200000E-01      1.156861

  14 P  3.18600000E-01      0.341191

  15 P  1.09600000E-01      0.089888

  16 D  1.34800000E+02    160.709187
  16 D  3.63900000E+01    119.797406
  16 D  1.21600000E+01     55.531619
  16 D  4.34100000E+00     12.984636

  17 D  1.53500000E+00      3.484168

  18 D  4.51000000E-01      0.408525



Printing Internal Coordinates

------------------------------------------------------------
                Bond Lengths

i      j        Length (Angstroms)     Length (Bohr)
0      1          1.3920604830         2.6306130637
0      4          1.3592278903         2.5685684554
0      5          1.0770350545         2.0353012809
1      2          1.3994332984         2.6445456655
1      6          1.0795860399         2.0401219448
2      3          1.3427908297         2.5375069124
2      9          1.4744978943         2.7863971935
3      7          1.0811387517         2.0430561448
3      12         1.4736807501         2.7848530147
4      8          1.0830874326         2.0467386180
4      12         1.4721515761         2.7819632946
9      10         1.2014164989         2.2703481461
9      11         1.2031614473         2.2736456207
12     13         1.0835764208         2.0476626719
12     14         1.9722820186         3.7270728583

Number of Bonds: 15

------------------------------------------------------------
           Bond Angles

i      j      k      Angle (degrees)
0      1      2        122.0966 
0      1      6        120.0954 
0      4      8        121.0634 
0      4      12       120.7573 
1      0      4        118.7152 
1      0      5        120.6742 
1      2      3        121.2072 
1      2      9        118.8212 
2      1      6        117.7930 
2      3      7        121.0076 
2      3      12       118.7562 
2      9      10       116.8227 
2      9      11       114.7591 
3      2      9        119.8989 
3      12     4        116.1127 
3      12     13       113.6243 
3      12     14       103.5131 
4      0      5        120.5493 
4      12     13       113.7347 
4      12     14       100.2540 
7      3      12       119.8889 
8      4      12       117.8220 
10     9      11       128.4024 
13     12     14       107.7003 

Number of Angles: 24

------------------------------------------------------------
              Torsional Angles

i      j      k      l      Angle (degrees)
3      2      1      0          6.4412 
4      0      1      2         -8.2581 
5      0      1      2        174.5735 
6      1      0      4        173.1836 
6      1      0      5         -3.9848 
6      1      2      3       -174.9688 
7      3      2      1        179.6114 
8      4      0      1       -175.7813 
8      4      0      5          1.3907 

Number of Torsional Angles: 9


----------------------------------------------------------------------
                          Center of Mass

         x               y               z              Unit
   0.05631357064    0.1641769248  -0.07257898912      Angstrom
    0.1064172257    0.3102494241   -0.1371544119          Bohr

----------------------------------------------------------------------
                Moment of Inertia Tensor

           1479.89          -537.779          -677.843
          -537.779           3018.17           -429.37
          -677.843           -429.37           3006.95

----------------------------------------------------------------------
                      Principal Moments of Inertia

           x                 y                 z                Unit
       281.9545018       853.6235993        966.038125       amu * ang^2
       1006.877805       3048.345214       3449.784773      amu * bohr^2
  4.6819678484e-38  1.4174763023e-37  1.6041451412e-37          g * cm^2

 - Molecule is an asymmetric top.

----------------------------------------------------------------------

         Rotational constants (MHz)

    A = 1.7924e+03        B = 5.9204e+02        C = 5.2315e+02

----------------------------------------------------------------------

        Rotational constants (cm-1)

    A = 5.9788e-02        B = 1.9748e-02        C = 1.7450e-02

----------------------------------------------------------------------

                                Z-Matrix
C   
C        1       2.6306131
C        2       2.6445457     1       122.09656
C        3      2.53750691     2    121.20721722     1          6.4412
C        4      4.72382606     3     87.90327226     2         -2.1690
H        5      4.00679006     4    115.57057386     3         -2.7016
H        6      4.69354981     5     92.88362266     4          6.3082
H        7      8.00398339     6     92.26844994     5         -5.0140
H        8      8.27142224     7     59.23524649     6          4.3588
N        9     10.10946685     8     29.62563711     7         -1.0480
O       10      2.27034815     9    118.60283659     8        -48.9802
O       11      4.09108532    10     25.81887661     9        179.7004
C       12      8.57647739    11     69.65569132    10        -15.0716
H       13      2.04766267    12    143.28763626    11        -17.4813
Br      14      4.76704439    13     48.14439786    12       -114.4639

----------------------------------------------------------------------

             Converted back to Cartesian

C        0.000000      0.000000      0.000000
C        0.000000      0.000000      2.630613
C        0.000000      0.098335     -0.012104
C       -0.000184     -0.089559      2.518437
C        0.000490      0.386226     -2.181367
H       -0.000334     -0.157400      1.788373
H        0.000613      0.610702     -2.841900
H       -0.000628     -0.920540      5.014247
H        0.000207      0.808093     -3.074526
N       -0.000510     -1.393800      6.792235
O        0.000602     -0.819597      4.595699
O       -0.003535     -1.885319      8.545535
C        0.018029      0.523575      0.314330
H        0.007033     -0.136571      2.252630
Br       0.039626      1.465944     -2.236868

----------------------------------------------------------------------
                       Geometry in bohr 

1     C      -1.7460296167    3.7489098980    1.6393779139
2     C       0.8610314285    3.6178668460    1.3135167227
3     C       2.1678109039    1.3190248573    1.3492195277
4     C       0.9318220609   -0.8943410022    1.4600549145
5     C      -3.0958416819    1.5640094736    1.6813473583
6     H      -2.6871300592    5.5489497949    1.7683648548
7     H       1.9481421822    5.3263020174    1.0654501510
8     H       1.9471591888   -2.6671724509    1.4754686121
9     H      -5.1388867614    1.5869663776    1.8020898697
10    N       4.9454659185    1.3493311295    1.1307625077
11    O       6.1031555215    0.0699775131    2.6063945119
12    O       5.7537003294    2.6377317439   -0.5592805102
13    C      -1.8467498474   -0.8880360079    1.2732268880
14    H      -2.7392676419   -2.4425319255    2.2631141777
15    Br     -2.4756611337   -1.3546506698   -2.3706465239

 Number of nodes, processes per node used for SCF calculation: 1, 4

Common Options
{
  maxiter       = 100
  basis         = 6-311g* spherical
  geom_units    = angstrom
  ang2au factor = 1.889726126
  debug         = false
  file_prefix   = meta_th72_ph72_qed_ccsd_input
}

SCF Options
{
  charge            = 1
  multiplicity      = 1
  level shift       = 0
  tol_int           = 1e-22
  tol_sch           = 1e-12
  tol_lindep        = 1e-10
  conve             = 1e-07
  convd             = 1e-05
  diis_hist         = 10
  AO_tilesize       = 30
  writem            = 10
  damp              = 100
  n_lindep          = 0
  scf_type          = restricted
  cuscf             = false
  qed_omegas        = [0.06615,]
  qed_lambdas       = [0.1,]
  qed_polvecs       = [[0.2938926261,0.9045084972,0.3090169944,],]
  direct_df         = false
  restart_size      = 2000
  restart           = false
  debug             = false
}

Number of basis functions = 221

Total number of shells = 105

Total number of electrons = 98
  # of alpha electrons    = 49
  # of beta electons      = 49

Nuclear repulsion energy  = 759.46938188673

# of {all,non-negligible} shell-pairs = {5565,4935}
Number of AO tiles = 105

Time for initial setup: 0.02 secs
HF exch = 1.00

Time for computing 1-e integrals T, V, S: 0.01 secs
Time for computing orthogonalizer: 0.01 secs

Superposition of Atomic Density Guess ...
Time taken for SAD: 0.29 secs
Total Time to compute initial guess: 0.29 secs


 SCF iterations
-----------------------------------------------------------------------------
 Iter     Energy            E-Diff       RMSD        |[F,P]|^2       Time(s)
-----------------------------------------------------------------------------
   1  -3011.7950008251    -3.01e+03     1.66e-02     1.51e+03         0.6 
   2  -3005.7691926691     6.03e+00     7.07e-03     8.23e+00         2.2 
   3  -3005.9948511543    -2.26e-01     2.67e-03     3.38e+00         2.2 
   4  -3006.0914565533    -9.66e-02     1.24e-03     1.23e-01         2.2 
   5  -3006.0987618181    -7.31e-03     2.70e-04     1.13e-02         2.2 
   6  -3006.0994417511    -6.80e-04     1.79e-04     1.87e-03         2.2 
   7  -3006.0996419167    -2.00e-04     7.66e-05     4.32e-04         2.2 
   8  -3006.0996882144    -4.63e-05     3.23e-05     8.24e-05         2.2 
   9  -3006.0996975089    -9.29e-06     1.60e-05     1.21e-05         2.2 
  10  -3006.0996991857    -1.68e-06     6.75e-06     2.17e-06         2.2 
  11  -3006.0996994657    -2.80e-07     3.66e-06     3.89e-07         2.2 
  12  -3006.0996995276    -6.18e-08     1.69e-06     6.04e-08         2.2 

** Total SCF energy = -3006.0996995275768

Nuclear repulsion energy = 759.469381886730275
#electrons        = 98
1e energy kinetic = 3006.2413564650214539
1e energy N-e     = -8672.0186634841938940
1e energy         = -5661.8726345984578074
2e energy         = 1900.0091375969516321
QED energy        = 0.1990880079150914
QED eT energy     = 0.1798724202740695
QED eT energy from matrix = 0.1798724202740970

 Polarizability Matrix (QED energy = 0.5 * lambda.dot(matrix * lambda))
[40.66571129,  0.44001170,  0.45476192]
[ 0.44001170, 40.49033245, -1.65668599]
[ 0.45476192, -1.65668599, 39.67037069]

 Polarizability Matrix (QED eT energy = 0.5 * lambda.dot(matrix * lambda))
[36.99924725,  0.49411622,  0.50390632]
[ 0.49411622, 36.84444733, -2.00342711]
[ 0.50390632, -2.00342711, 35.61280310]


                      Electron        Nuclear        Total  
                  ------------------------------------------
    Monopole         -98.000000     99.000000      1.000000

      Dipole   X     -22.060795     19.787245     -2.273550
      Dipole   Y     -40.754898     41.851337      1.096439
      Dipole   Z      -0.542364      1.994569      1.452205

  Quadrupole  XX   -1181.364001   1131.377032    -49.986969
  Quadrupole  XY    -252.178075    250.088457     -2.089619
  Quadrupole  XZ    -303.398840    300.792860     -2.605980
  Quadrupole  YY    -441.997583    404.937534    -37.060050
  Quadrupole  YZ    -195.199674    198.845956      3.646281
  Quadrupole  ZZ    -401.059801    354.184809    -46.874992

    Octupole XXX   -3477.457910   3319.267923   -158.189988
    Octupole XXY    -954.756521    922.570230    -32.186291
    Octupole XXZ    -617.253376    604.811931    -12.441445
    Octupole XYY    -100.023987     74.926111    -25.097876
    Octupole XYZ     371.341779   -367.275709      4.066070
    Octupole XZZ     142.517155   -183.403502    -40.886347
    Octupole YYY   -1047.307465    997.909771    -49.397694
    Octupole YYZ    -231.349754    237.524242      6.174488
    Octupole YZZ      77.915554   -114.978913    -37.063360
    Octupole ZZZ     105.139018   -174.192151    -69.053133

writing orbitals and density to disk ... done.

Total Time taken for Hartree-Fock: 25.71 secs

CD Options
{
  debug             = false
  skip_cd           = [false, 100]
  write_cv          = [false, 5000]
  diagtol           = 1e-06
  itilesize         = 1000
  max_cvecs_factor  = 12
}

- #occupied, #virtual = 98, 344

- Tilesize for the MSO space: 40

-----------------------------------------------------
Begin 2-index transformation ... 

nAO, nMO, nelectrons = 221, 442, 98
n_occ_alpha, n_vir_alpha, n_occ_beta, n_vir_beta = 49,172,49,172

Time taken for Fao->Fmo transform: 0.00 secs

-----------------------------------------------------
Number of AO tiles = 105
# of {all,non-negligible} shell-pairs = {5565,4935}

    Begin Cholesky Decomposition
---------------------------------------------
Total # of mpi ranks used for Cholesky decomposition: 4
  --> Number of nodes, mpi ranks per node: 1, 4
- CPU memory required for computing cholesky vectors: 1.93 GiB

- Time for computing the diagonal: 0.01 secs

- Total number of cholesky vectors = 1638

- Time to compute cholesky vectors: 18.25 secs

- CPU memory required for resizing the ao cholesky tensor: 1.56 GiB
- CPU memory required for ao2mo transformation: 1.69 GiB
- CPU memory required for the 2-step contraction: 2.10 GiB

- Time for ao to mo transform: 1.55 secs

   End Cholesky Decomposition
---------------------------------------------

Total Time taken for Cholesky Decomposition: 22.24 secs

scf_type = restricted
Closed-Shell SCF
QED-HF Enabled
nbf = 203
nbf_orig = 221
n_lindep = 0
focc = 1
nmo = 406
nocc = 62
nvir = 344
n_occ_alpha = 31
n_vir_alpha = 172
n_occ_beta = 31
n_vir_beta = 172
nelectrons = 98
nelectrons_alpha = 49
nelectrons_beta = 49
freeze atomic = true
n_frozen_core = 18
n_frozen_virtual = 0
----------------------------
--------- QED-CCSD --------
lambda_x: 0.0294
lambda_y: 0.0905
lambda_z: 0.0309
omega: 0.066150
coupling_factor_x: 0.005345
coupling_factor_y: 0.016450
coupling_factor_z: 0.005620
----------------------------
# of {all,non-negligible} shell-pairs = {5565,4935}
Number of AO tiles = 105
----------------------------
Electronic dipole expectation value using SCF density: 
dipole_x_elec: -22.06061832
dipole_y_elec: -40.75479537
dipole_z_elec: -0.54222456

d_n/N value: d_n is nuclear dipole moment and N is the total number of electrons 
d_nuc_x: 0.20191066
d_nuc_y: 0.42705446
d_nuc_z: 0.02035274

<d_e+d_n> expectation values: 
dipole_total_x: -2.27337337
dipole_total_y: 1.09654135
dipole_total_z: 1.45234429
----------------------------


 CCSD iterations
------------------------------------------------------------
  Iter     Residuum          Correlation          Time(s)
------------------------------------------------------------
   1     1.1854209493268    0.0000000000000         85.80
   2     0.1695476757585   -1.6466589428194         84.81
   3     0.0704970691073   -1.6270875174026         85.13
   4     0.0254841360604   -1.6995743829492         85.19
   5     0.0223598093981   -1.6897344449679         85.24
 MICROCYCLE DIIS UPDATE:                    6
   6     0.0085607377101   -1.7017573936810         84.04
   7     0.0058912466110   -1.7012698879028         83.18
   8     0.0040378918016   -1.7030704953240         83.27
   9     0.0033013428027   -1.7032396208954         83.23
  10     0.0035375662137   -1.7036584234444         83.57
 MICROCYCLE DIIS UPDATE:                   11
  11     0.0006536892022   -1.7042424164845         83.47
  12     0.0004928204491   -1.7042606553890         83.39
  13     0.0003633590348   -1.7043045426201         84.02
  14     0.0003584681632   -1.7042737814317         84.46
  15     0.0003334325538   -1.7043031701866         84.49
 MICROCYCLE DIIS UPDATE:                   16
  16     0.0001118655154   -1.7042893139511         84.35
  17     0.0000725055851   -1.7043043033440         84.43
  18     0.0000655097639   -1.7043134342227         84.58
  19     0.0000560951790   -1.7043182004977         84.60
  20     0.0000646910027   -1.7043184678232         84.78
 MICROCYCLE DIIS UPDATE:                   21
  21     0.0000195305974   -1.7043266399895         84.50
  22     0.0000148458352   -1.7043244442193         84.48
  23     0.0000106608163   -1.7043245369305         84.61
  24     0.0000109536958   -1.7043232547876         84.57
  25     0.0000096977993   -1.7043238793939         84.57
 MICROCYCLE DIIS UPDATE:                   26
  26     0.0000038325246   -1.7043223536900         84.37
  27     0.0000023834272   -1.7043232659927         84.41
  28     0.0000021245059   -1.7043235433305         84.33
  29     0.0000017906961   -1.7043237975573         84.38
  30     0.0000020769446   -1.7043237933914         84.67
 MICROCYCLE DIIS UPDATE:                   31
  31     0.0000007226423   -1.7043241503043         83.55
------------------------------------------------------------------
 Iterations converged
 CCSD correlation energy / hartree =        -1.704324150304336
 CCSD total energy / hartree       =     -3007.804023677881105

Time taken for spin-orbital canonical QED-CCSD: 2678.52 secs
