
ExaChem Git Information
{
 WARNING: Failed to retrieve the current git state.
}


TAMM Git Information
{
 Branch: main
 Commit Hash: e71357ad [e71357ad54f38748b4a7e175aa6760820d5ce96f]
 Commit Date: 2026-02-02 23:14:56 -0800
 Commit Message: add GitHub Actions workflow for releases
}


date: Wed Aug  5 16:57:32 2026
program: "/global/cfs/cdirs/m3196/heindelj/cavity_qed/software/install_gpu/bin/bin/ExaChem"
nnodes: 1, nproc_per_node: 4, nproc_total: 4, ngpus_per_node: 1, ngpus_total: 1

Memory information
{
[AMD EPYC 7763 64-Core Processor                ] : 
  CPU memory per node (GiB): 251
  Total CPU memory (GiB): 251
[NVIDIA A100-SXM4-40GB, CUDA v12.9] : 
  GPU memory per device (GiB): 39
  GPU memory per node (GiB): 39
  Total GPU memory (GiB): 39
}

------------------------------------------------------------

Input file provided: /global/cfs/cdirs/m4262/heindelj/cavity_qed/mlip/lambda_scans/grid_scans_optimized_geoms/runs_grid_no_freq/meta_th63_ph342/meta_th63_ph342_qed_ccsd_input.json

{
  "geometry": {
    "coordinates": [
      "C    -0.919669901700    2.036742663200    0.733350446800",
      "C     0.481798739500    1.972939812800    0.684711000100",
      "C     1.147818301500    0.739943688200    0.650807794900",
      "C     0.477003669900   -0.427381580700    0.656981749600",
      "C    -1.628812826800    0.879852242000    0.727314611800",
      "H    -1.403900150000    2.999273235800    0.776258107800",
      "H     1.077210016000    2.880175852900    0.673991564500",
      "H     1.010870729500   -1.365818637700    0.618920344300",
      "H    -2.706996689600    0.889710405300    0.763245323900",
      "N     2.628297240800    0.711361437900    0.637220257400",
      "O     3.116660353700   -0.364137818600    0.424857394100",
      "O     3.180408761100    1.762290287600    0.829675597700",
      "C    -0.985456766500   -0.439456812900    0.680860353500",
      "H    -1.345468829600   -1.047334702700    1.519402563000",
      "Br   -1.521595902400   -1.426561034400   -0.906139363200"
    ],
    "units": "angstrom",
    "noorient": true
  },
  "common": {
    "maxiter": 100,
    "debug": false
  },
  "basis": {
    "basisset": "6-311G*"
  },
  "SCF": {
    "charge": 1,
    "multiplicity": 1,
    "lshift": 0,
    "tol_lindep": 1e-10,
    "conve": 1e-07,
    "convd": 1e-05,
    "diis_hist": 10,
    "writem": 10,
    "restart": false,
    "noscf": false,
    "scf_type": "restricted",
    "debug": false,
    "qed_omegas": [
      0.06615
    ],
    "qed_volumes": [],
    "qed_lambdas": [
      0.1
    ],
    "qed_polvecs": [
      [
        0.8473975608908426,
        -0.27533615807315853,
        0.45399049973954686
      ]
    ],
    "direct_df": false
  },
  "CD": {
    "debug": false,
    "diagtol": 1e-06
  },
  "CC": {
    "threshold": 1e-06,
    "ndiis": 5,
    "ccsd_maxiter": 200,
    "tilesize": 40,
    "freeze": {
      "atomic": true
    },
    "readt": false,
    "writet": true,
    "writet_iter": 5,
    "debug": false,
    "profile_ccsd": false,
    "balance_tiles": true
  },
  "TASK": {
    "scf": false,
    "ccsd": true
  }
}

Output folder & files prefix: meta_th63_ph342_qed_ccsd_input.6-311g*

  C (carbon)
  ----------
          Exponent        Coefficients
      ----------------  --------------------
  1 S  4.56324000E+03      0.778202
  1 S  6.82024000E+02      1.448695
  1 S  1.54973000E+02      2.383089
  1 S  4.44553000E+01      3.200089
  1 S  1.30290000E+01      3.013004
  1 S  1.82773000E+00      0.247599

  2 S  2.09642000E+01      0.800629
  2 S  4.80331000E+00      2.127420
  2 S  1.45933000E+00     -0.002868

  3 P  2.09642000E+01      2.573592
  3 P  4.80331000E+00      2.408248
  3 P  1.45933000E+00      1.865281

  4 S  4.83456000E-01      0.413217

  5 P  4.83456000E-01      0.574627

  6 S  1.45585000E-01      0.167976

  7 P  1.45585000E-01      0.128185

  8 D  6.26000000E-01      0.725128


  H (hydrogen)
  ------------
          Exponent        Coefficients
      ----------------  --------------------
  1 S  3.38650000E+01      0.255069
  1 S  5.09479000E+00      0.460109
  1 S  1.15879000E+00      0.678321

  2 S  3.25840000E-01      0.307371

  3 S  1.02741000E-01      0.129336


  N (nitrogen)
  ------------
          Exponent        Coefficients
      ----------------  --------------------
  1 S  6.29348000E+03      0.991968
  1 S  9.49044000E+02      1.823240
  1 S  2.18776000E+02      2.979891
  1 S  6.36916000E+01      4.000007
  1 S  1.88282000E+01      3.881008
  1 S  2.72023000E+00      0.386764

  2 S  3.06331000E+01      1.038501
  2 S  7.02614000E+00      2.834794
  2 S  2.11205000E+00     -0.003208

  3 P  3.06331000E+01      3.935616
  3 P  7.02614000E+00      3.870994
  3 P  2.11205000E+00      2.967271

  4 S  6.84009000E-01      0.536051

  5 P  6.84009000E-01      0.886681

  6 S  2.00878000E-01      0.213850

  7 P  2.00878000E-01      0.191693

  8 D  9.13000000E-01      1.403568


  O (oxygen)
  ----------
          Exponent        Coefficients
      ----------------  --------------------
  1 S  8.58850000E+03      1.205013
  1 S  1.29723000E+03      2.216205
  1 S  2.99296000E+02      3.627452
  1 S  8.73771000E+01      4.888452
  1 S  2.56789000E+01      4.835721
  1 S  3.74004000E+00      0.538229

  2 S  4.21175000E+01      1.341958
  2 S  9.62837000E+00      3.587114
  2 S  2.85332000E+00     -0.005123

  3 P  4.21175000E+01      5.584018
  3 P  9.62837000E+00      5.733366
  3 P  2.85332000E+00      4.332955

  4 S  9.05661000E-01      0.661659

  5 P  9.05661000E-01      1.259352

  6 S  2.55611000E-01      0.256209

  7 P  2.55611000E-01      0.259068

  8 D  1.29200000E+00      2.577026


  Br (bromine)
  ------------
          Exponent        Coefficients
      ----------------  --------------------
  1 S  4.39700000E+05      9.893706
  1 S  6.60300000E+04     18.450679
  1 S  1.51400000E+04     31.049770
  1 S  4.31700000E+03     48.888138
  1 S  1.41400000E+03     64.847798
  1 S  5.23900000E+02     42.245010

  2 S  5.23900000E+02     14.290679
  2 S  2.07700000E+02     24.083128
  2 S  8.65400000E+01      5.132542

  3 S  3.05200000E+01      9.254405

  4 S  1.29800000E+01      4.873782

  5 S  4.41200000E+00      2.169635

  6 S  1.86200000E+00      1.136043

  7 S  3.93200000E-01      0.353892

  8 S  1.40000000E-01      0.163120

  9 P  2.95700000E+03    691.874478
  9 P  7.00300000E+02    925.332763
  9 P  2.24600000E+02   1068.830732

  10 P  8.25900000E+01    122.079275
  10 P  3.31900000E+01     57.580687
  10 P  1.42000000E+01     10.176170

  11 P  1.42000000E+01      3.129736
  11 P  7.43800000E+00      6.538168
  11 P  3.52600000E+00      4.166276

  12 P  1.59500000E+00      2.555000

  13 P  8.46200000E-01      1.156861

  14 P  3.18600000E-01      0.341191

  15 P  1.09600000E-01      0.089888

  16 D  1.34800000E+02    160.709187
  16 D  3.63900000E+01    119.797406
  16 D  1.21600000E+01     55.531619
  16 D  4.34100000E+00     12.984636

  17 D  1.53500000E+00      3.484168

  18 D  4.51000000E-01      0.408525



Printing Internal Coordinates

------------------------------------------------------------
                Bond Lengths

i      j        Length (Angstroms)     Length (Bohr)
0      1          1.4037631395         2.6527278793
0      4          1.3569508341         2.5642654428
0      5          1.0783251383         2.0377391861
1      2          1.4017884746         2.6489963035
1      6          1.0852219713         2.0507723115
2      3          1.3463575569         2.5442470501
2      9          1.4808171582         2.7983388715
3      7          1.0803364373         2.0415399904
3      12         1.4627052085         2.7641122470
4      8          1.0788274382         2.0386883954
4      12         1.4685507825         2.7751587809
9      10         1.2001229797         2.2679037491
9      11         1.2026294675         2.2726403244
12     13         1.0964840407         2.0720545384
12     14         1.9443219944         3.6742360700

Number of Bonds: 15

------------------------------------------------------------
           Bond Angles

i      j      k      Angle (degrees)
0      1      2        121.0082 
0      1      6        120.6707 
0      4      8        120.9540 
0      4      12       122.4877 
1      0      4        118.8712 
1      0      5        119.3585 
1      2      3        121.7212 
1      2      9        119.4861 
2      1      6        118.3211 
2      3      7        120.4486 
2      3      12       120.3575 
2      9      10       115.1985 
2      9      11       116.1452 
3      2      9        118.7793 
3      12     4        115.5384 
3      12     13       110.2025 
3      12     14       105.4600 
4      0      5        121.7702 
4      12     13       109.2699 
4      12     14       111.1684 
7      3      12       119.1757 
8      4      12       116.5572 
10     9      11       128.6541 
13     12     14       104.6089 

Number of Angles: 24

------------------------------------------------------------
              Torsional Angles

i      j      k      l      Angle (degrees)
3      2      1      0          0.3181 
4      0      1      2         -0.9628 
5      0      1      2        178.9237 
6      1      0      4        179.1331 
6      1      0      5         -0.9804 
6      1      2      3       -179.7756 
7      3      2      1        179.2950 
8      4      0      1       -179.9704 
8      4      0      5          0.1459 
12     3      2      1          0.8617 
13     12     3      2       -125.7593 
13     12     3      7         55.7876 
14     12     3      2        121.8689 
14     12     3      7        -56.5843 

Number of Torsional Angles: 14


----------------------------------------------------------------------
                          Center of Mass

         x               y               z              Unit
   -0.0226550172  -0.09923416259    0.0520717193      Angstrom
  -0.04281177788   -0.1875253896   0.09840128838          Bohr

----------------------------------------------------------------------
                Moment of Inertia Tensor

           1717.17          -899.373           -641.75
          -899.373           2894.14          -624.141
           -641.75          -624.141           3730.91

----------------------------------------------------------------------
                      Principal Moments of Inertia

           x                 y                 z                Unit
       269.0042987       925.3970279       1141.656629       amu * ang^2
       960.6317904       3304.652781       4076.929837      amu * bohr^2
  4.4669245192e-38  1.5366589657e-37  1.8957667273e-37          g * cm^2

 - Molecule is an asymmetric top.

----------------------------------------------------------------------

         Rotational constants (MHz)

    A = 1.8787e+03        B = 5.4612e+02        C = 4.4267e+02

----------------------------------------------------------------------

        Rotational constants (cm-1)

    A = 6.2667e-02        B = 1.8217e-02        C = 1.4766e-02

----------------------------------------------------------------------

                                Z-Matrix
C   
C        1       2.6527279
C        2       2.6489963     1       121.00823
C        3      2.54424705     2    121.72124851     1          0.3181
C        4      4.68570924     3     88.06161198     2          0.1566
H        5      4.02867562     4    115.79635490     3         -0.9938
H        6      4.69799380     5     93.25149201     4          1.2671
H        7      8.02542078     6     91.88192249     5         -0.7863
H        8      8.22210676     7     59.64378613     6          0.5668
N        9     10.09068666     8     29.32240502     7         -0.8749
O       10      2.26790375     9    116.14824515     8          9.2216
O       11      4.09231008    10     25.70166628     9       -179.8362
C       12      8.90866520    11     60.62558260    10          2.8829
H       13      2.07205454    12    121.66280829    11         78.0487
Br      14      4.65121720    13     49.85475047    12       -140.8736

----------------------------------------------------------------------

             Converted back to Cartesian

C        0.000000      0.000000      0.000000
C        0.000000      0.000000      2.652728
C        0.000000      0.097623      0.005531
C       -0.000009     -0.090326      2.542826
C        0.000014      0.381029     -2.119115
H        0.000030     -0.165336      1.872340
H       -0.000074      0.603745     -2.762275
H        0.000301     -0.931098      5.115011
H       -0.000240      0.787720     -2.925431
N        0.000543     -1.409776      6.923070
O        0.000036     -0.837896      4.728454
O        0.002837     -1.900741      8.680334
C       -0.013087      0.571184      0.121499
H       -0.006624     -0.077073      2.089526
Br      -0.020633      1.445012     -2.305571

----------------------------------------------------------------------
                       Geometry in bohr 

1     C      -1.7379242405    3.8488858224    1.3858314988
2     C       0.9104676655    3.7283159091    1.2939162656
3     C       2.1690622321    1.3982909193    1.2298484930
4     C       0.9014062972   -0.8076341388    1.2415155765
5     C      -3.0780101530    1.6626797686    1.3744254237
6     H      -2.6529867916    5.6678049924    1.4669152268
7     H       2.0356319103    5.4427435564    1.2736594681
8     H       1.9102688275   -2.5810231629    1.1695899445
9     H      -5.1154823671    1.6813089974    1.4423246291
10    N       4.9667619626    1.3442782942    1.2041717684
11    O       5.8896344960   -0.6881207492    0.8028641174
12    O       6.0101015269    3.3302459979    1.5678596530
13    C      -1.8622433976   -0.8304530205    1.2866395981
14    H      -2.5425675989   -1.9791757503    2.8712547191
15    Br     -2.8753995298   -2.6958096569   -1.7123552284

 Number of nodes, processes per node used for SCF calculation: 1, 4

Common Options
{
  maxiter       = 100
  basis         = 6-311g* spherical
  geom_units    = angstrom
  ang2au factor = 1.889726126
  debug         = false
  file_prefix   = meta_th63_ph342_qed_ccsd_input
}

SCF Options
{
  charge            = 1
  multiplicity      = 1
  level shift       = 0
  tol_int           = 1e-22
  tol_sch           = 1e-12
  tol_lindep        = 1e-10
  conve             = 1e-07
  convd             = 1e-05
  diis_hist         = 10
  AO_tilesize       = 30
  writem            = 10
  damp              = 100
  n_lindep          = 0
  scf_type          = restricted
  cuscf             = false
  qed_omegas        = [0.06615,]
  qed_lambdas       = [0.1,]
  qed_polvecs       = [[0.8473975609,-0.2753361581,0.4539904997,],]
  direct_df         = false
  restart_size      = 2000
  restart           = false
  debug             = false
}

Number of basis functions = 221

Total number of shells = 105

Total number of electrons = 98
  # of alpha electrons    = 49
  # of beta electons      = 49

Nuclear repulsion energy  = 743.060382423466

# of {all,non-negligible} shell-pairs = {5565,4911}
Number of AO tiles = 105

Time for initial setup: 0.02 secs
HF exch = 1.00

Time for computing 1-e integrals T, V, S: 0.01 secs
Time for computing orthogonalizer: 0.01 secs

Superposition of Atomic Density Guess ...
Time taken for SAD: 0.28 secs
Total Time to compute initial guess: 0.29 secs


 SCF iterations
-----------------------------------------------------------------------------
 Iter     Energy            E-Diff       RMSD        |[F,P]|^2       Time(s)
-----------------------------------------------------------------------------
   1  -3011.7481597518    -3.01e+03     1.67e-02     1.51e+03         0.6 
   2  -3005.7689150718     5.98e+00     6.60e-03     8.82e+00         2.1 
   3  -3006.0351734208    -2.66e-01     2.31e-03     2.64e+00         2.1 
   4  -3006.1117510360    -7.66e-02     1.19e-03     9.43e-02         2.1 
   5  -3006.1183466295    -6.60e-03     2.80e-04     7.01e-03         2.1 
   6  -3006.1188974516    -5.51e-04     1.70e-04     1.41e-03         2.1 
   7  -3006.1190391058    -1.42e-04     5.73e-05     1.53e-04         2.2 
   8  -3006.1190557962    -1.67e-05     1.35e-05     1.83e-05         2.3 
   9  -3006.1190573666    -1.57e-06     6.50e-06     3.17e-06         2.2 
  10  -3006.1190577151    -3.48e-07     3.47e-06     5.48e-07         2.1 
  11  -3006.1190577944    -7.93e-08     1.57e-06     1.20e-07         2.2 

** Total SCF energy = -3006.1190577943908

Nuclear repulsion energy = 743.060382423465626
#electrons        = 98
1e energy kinetic = 3006.2186359918523522
1e energy N-e     = -8639.3827500972838607
1e energy         = -5628.3190333230941178
2e energy         = 1883.7940154242705830
QED energy        = 0.1906584633014585
QED eT energy     = 0.1700321339797186
QED eT energy from matrix = 0.1700321339796967

 Polarizability Matrix (QED energy = 0.5 * lambda.dot(matrix * lambda))
[39.69796631,  1.99929548,  0.33709283]
[ 1.99929548, 44.85615566,  2.19871438]
[ 0.33709283,  2.19871438, 36.13644575]

 Polarizability Matrix (QED eT energy = 0.5 * lambda.dot(matrix * lambda))
[35.91152218,  2.23128118,  0.45772692]
[ 2.23128118, 41.85753311,  2.68633979]
[ 0.45772692,  2.68633979, 31.08267631]


                      Electron        Nuclear        Total  
                  ------------------------------------------
    Monopole         -98.000000     99.000000      1.000000

      Dipole   X      -8.823444      6.777653     -2.045791
      Dipole   Y       2.912959     -1.574218      1.338742
      Dipole   Z     -21.154676     22.559365      1.404689

  Quadrupole  XX   -1260.398974   1209.848108    -50.550866
  Quadrupole  XY    -407.364070    405.918093     -1.445977
  Quadrupole  XZ    -291.712896    289.243558     -2.469338
  Quadrupole  YY    -680.838417    643.329155    -37.509262
  Quadrupole  YZ    -289.684299    291.769283      2.084983
  Quadrupole  ZZ    -260.230321    214.223152    -46.007169

    Octupole XXX   -3211.325892   3068.094286   -143.231607
    Octupole XXY    -527.294882    508.706551    -18.588331
    Octupole XXZ    -666.930926    641.679053    -25.251872
    Octupole XYY     225.577042   -257.944374    -32.367332
    Octupole XYZ     226.957318   -237.514760    -10.557442
    Octupole XZZ     141.328996   -163.753180    -22.424183
    Octupole YYY    -642.969155    637.718065     -5.251090
    Octupole YYZ    -123.386695    108.298655    -15.088040
    Octupole YZZ      72.151747    -98.775386    -26.623639
    Octupole ZZZ     -58.186658    -15.074395    -73.261053

writing orbitals and density to disk ... done.

Total Time taken for Hartree-Fock: 23.49 secs

CD Options
{
  debug             = false
  skip_cd           = [false, 100]
  write_cv          = [false, 5000]
  diagtol           = 1e-06
  itilesize         = 1000
  max_cvecs_factor  = 12
}

- #occupied, #virtual = 98, 344

- Tilesize for the MSO space: 40

-----------------------------------------------------
Begin 2-index transformation ... 

nAO, nMO, nelectrons = 221, 442, 98
n_occ_alpha, n_vir_alpha, n_occ_beta, n_vir_beta = 49,172,49,172

Time taken for Fao->Fmo transform: 0.00 secs

-----------------------------------------------------
Number of AO tiles = 105
# of {all,non-negligible} shell-pairs = {5565,4911}

    Begin Cholesky Decomposition
---------------------------------------------
Total # of mpi ranks used for Cholesky decomposition: 4
  --> Number of nodes, mpi ranks per node: 1, 4
- CPU memory required for computing cholesky vectors: 1.93 GiB

- Time for computing the diagonal: 0.01 secs

- Total number of cholesky vectors = 1649

- Time to compute cholesky vectors: 15.78 secs

- CPU memory required for resizing the ao cholesky tensor: 1.57 GiB
- CPU memory required for ao2mo transformation: 1.70 GiB
- CPU memory required for the 2-step contraction: 2.12 GiB

- Time for ao to mo transform: 1.55 secs

   End Cholesky Decomposition
---------------------------------------------

Total Time taken for Cholesky Decomposition: 20.22 secs

scf_type = restricted
Closed-Shell SCF
QED-HF Enabled
nbf = 203
nbf_orig = 221
n_lindep = 0
focc = 1
nmo = 406
nocc = 62
nvir = 344
n_occ_alpha = 31
n_vir_alpha = 172
n_occ_beta = 31
n_vir_beta = 172
nelectrons = 98
nelectrons_alpha = 49
nelectrons_beta = 49
freeze atomic = true
n_frozen_core = 18
n_frozen_virtual = 0
----------------------------
--------- QED-CCSD --------
lambda_x: 0.0847
lambda_y: -0.0275
lambda_z: 0.0454
omega: 0.066150
coupling_factor_x: 0.015411
coupling_factor_y: -0.005007
coupling_factor_z: 0.008257
----------------------------
# of {all,non-negligible} shell-pairs = {5565,4911}
Number of AO tiles = 105
----------------------------
Electronic dipole expectation value using SCF density: 
dipole_x_elec: -8.82318686
dipole_y_elec: 2.91300383
dipole_z_elec: -21.15465570

d_n/N value: d_n is nuclear dipole moment and N is the total number of electrons 
d_nuc_x: 0.06915972
d_nuc_y: -0.01606345
d_nuc_z: 0.23019760

<d_e+d_n> expectation values: 
dipole_total_x: -2.04553408
dipole_total_y: 1.33878608
dipole_total_z: 1.40470897
----------------------------


 CCSD iterations
------------------------------------------------------------
  Iter     Residuum          Correlation          Time(s)
------------------------------------------------------------
   1     1.1837932782199    0.0000000000000         84.75
   2     0.1695877530073   -1.5947278534633         83.92
   3     0.0647137563737   -1.6218578861077         83.84
   4     0.0243429276266   -1.6808097498139         84.07
   5     0.0187576637221   -1.6798487555627         84.15
 MICROCYCLE DIIS UPDATE:                    6
   6     0.0089134145371   -1.6898915153108         83.42
   7     0.0060936994795   -1.6898569420124         83.09
   8     0.0043159354955   -1.6912835577501         82.98
   9     0.0038766520885   -1.6916579155676         82.84
  10     0.0041123170523   -1.6920093963174         82.92
 MICROCYCLE DIIS UPDATE:                   11
  11     0.0007472816069   -1.6927725338273         83.25
  12     0.0004856408226   -1.6926850242174         83.21
  13     0.0004544060257   -1.6927989987005         82.97
  14     0.0005831190037   -1.6927585109457         83.16
  15     0.0008014713752   -1.6927962398723         82.93
 MICROCYCLE DIIS UPDATE:                   16
  16     0.0000893630237   -1.6928069886730         85.09
  17     0.0000626280348   -1.6927921728845         84.46
  18     0.0000593714745   -1.6927997973501         84.32
  19     0.0000686534917   -1.6928029202832         83.53
  20     0.0000985107479   -1.6928041525940         83.59
 MICROCYCLE DIIS UPDATE:                   21
  21     0.0000191486406   -1.6928131611611         84.01
  22     0.0000131356585   -1.6928103863938         84.17
  23     0.0000110434980   -1.6928112142962         84.00
  24     0.0000112911244   -1.6928101959868         84.07
  25     0.0000140280024   -1.6928103819352         84.14
 MICROCYCLE DIIS UPDATE:                   26
  26     0.0000041813642   -1.6928097701458         84.70
  27     0.0000030322811   -1.6928093776477         84.49
  28     0.0000027317354   -1.6928097528444         84.69
  29     0.0000029238812   -1.6928098506093         83.76
  30     0.0000043093766   -1.6928098977059         83.65
 MICROCYCLE DIIS UPDATE:                   31
  31     0.0000010648858   -1.6928102835632         84.63
  32     0.0000007542735   -1.6928101056138         84.53
------------------------------------------------------------------
 Iterations converged
 CCSD correlation energy / hartree =        -1.692810105613783
 CCSD total energy / hartree       =     -3007.811867900004472

Time taken for spin-orbital canonical QED-CCSD: 2750.77 secs
