
ExaChem Git Information
{
 WARNING: Failed to retrieve the current git state.
}


TAMM Git Information
{
 Branch: main
 Commit Hash: e71357ad [e71357ad54f38748b4a7e175aa6760820d5ce96f]
 Commit Date: 2026-02-02 23:14:56 -0800
 Commit Message: add GitHub Actions workflow for releases
}


date: Mon Aug 10 03:04:43 2026
program: "/global/cfs/cdirs/m3196/heindelj/cavity_qed/software/install_gpu/bin/bin/ExaChem"
nnodes: 1, nproc_per_node: 4, nproc_total: 4, ngpus_per_node: 1, ngpus_total: 1

Memory information
{
[AMD EPYC 7763 64-Core Processor                ] : 
  CPU memory per node (GiB): 251
  Total CPU memory (GiB): 251
[NVIDIA A100-SXM4-80GB, CUDA v12.9] : 
  GPU memory per device (GiB): 79
  GPU memory per node (GiB): 79
  Total GPU memory (GiB): 79
}

------------------------------------------------------------

Input file provided: /global/cfs/cdirs/m4262/heindelj/cavity_qed/mlip/lambda_scans/grid_scans_optimized_geoms/runs_grid_no_freq/ortho_th18_ph270/ortho_th18_ph270_qed_ccsd_input.json

{
  "geometry": {
    "coordinates": [
      "C    -1.791551249600    1.955634222200    0.741839160600",
      "C    -0.373880393600    1.988884079100    0.723067695900",
      "C     0.293444846200    0.824460138900    0.644634232800",
      "C    -2.522121865400    0.770876267300    0.709022401000",
      "H    -2.322327640300    2.899274874300    0.795153608200",
      "H     0.165983449200    2.923656279800    0.782163532100",
      "H    -3.602435542300    0.791844659300    0.722038701600",
      "N     1.782816090900    0.847792023600    0.701386482000",
      "O     2.332702381600   -0.213194638700    0.557806960800",
      "O     2.290146893600    1.920340320600    0.891105351800",
      "C    -1.843924029800   -0.414328390600    0.684375165800",
      "H    -2.373981005500   -1.358276846300    0.702115998400",
      "C    -0.377580907500   -0.483698070900    0.637218383800",
      "H     0.017324863000   -1.101084398700    1.441581599300",
      "Br   -0.028116837400   -1.567703714300   -0.943781231400"
    ],
    "units": "angstrom",
    "noorient": true
  },
  "common": {
    "maxiter": 100,
    "debug": false
  },
  "basis": {
    "basisset": "6-311G*"
  },
  "SCF": {
    "charge": 1,
    "multiplicity": 1,
    "lshift": 0,
    "tol_lindep": 1e-10,
    "conve": 1e-07,
    "convd": 1e-05,
    "diis_hist": 10,
    "writem": 10,
    "restart": false,
    "noscf": false,
    "scf_type": "restricted",
    "debug": false,
    "qed_omegas": [
      0.06615
    ],
    "qed_volumes": [],
    "qed_lambdas": [
      0.1
    ],
    "qed_polvecs": [
      [
        -5.676550095651226e-17,
        -0.30901699437494745,
        0.9510565162951536
      ]
    ],
    "direct_df": false
  },
  "CD": {
    "debug": false,
    "diagtol": 1e-06
  },
  "CC": {
    "threshold": 1e-06,
    "ndiis": 5,
    "ccsd_maxiter": 200,
    "tilesize": 40,
    "freeze": {
      "atomic": true
    },
    "readt": false,
    "writet": true,
    "writet_iter": 5,
    "debug": false,
    "profile_ccsd": false,
    "balance_tiles": true
  },
  "TASK": {
    "scf": false,
    "ccsd": true
  }
}

Output folder & files prefix: ortho_th18_ph270_qed_ccsd_input.6-311g*

  C (carbon)
  ----------
          Exponent        Coefficients
      ----------------  --------------------
  1 S  4.56324000E+03      0.778202
  1 S  6.82024000E+02      1.448695
  1 S  1.54973000E+02      2.383089
  1 S  4.44553000E+01      3.200089
  1 S  1.30290000E+01      3.013004
  1 S  1.82773000E+00      0.247599

  2 S  2.09642000E+01      0.800629
  2 S  4.80331000E+00      2.127420
  2 S  1.45933000E+00     -0.002868

  3 P  2.09642000E+01      2.573592
  3 P  4.80331000E+00      2.408248
  3 P  1.45933000E+00      1.865281

  4 S  4.83456000E-01      0.413217

  5 P  4.83456000E-01      0.574627

  6 S  1.45585000E-01      0.167976

  7 P  1.45585000E-01      0.128185

  8 D  6.26000000E-01      0.725128


  H (hydrogen)
  ------------
          Exponent        Coefficients
      ----------------  --------------------
  1 S  3.38650000E+01      0.255069
  1 S  5.09479000E+00      0.460109
  1 S  1.15879000E+00      0.678321

  2 S  3.25840000E-01      0.307371

  3 S  1.02741000E-01      0.129336


  N (nitrogen)
  ------------
          Exponent        Coefficients
      ----------------  --------------------
  1 S  6.29348000E+03      0.991968
  1 S  9.49044000E+02      1.823240
  1 S  2.18776000E+02      2.979891
  1 S  6.36916000E+01      4.000007
  1 S  1.88282000E+01      3.881008
  1 S  2.72023000E+00      0.386764

  2 S  3.06331000E+01      1.038501
  2 S  7.02614000E+00      2.834794
  2 S  2.11205000E+00     -0.003208

  3 P  3.06331000E+01      3.935616
  3 P  7.02614000E+00      3.870994
  3 P  2.11205000E+00      2.967271

  4 S  6.84009000E-01      0.536051

  5 P  6.84009000E-01      0.886681

  6 S  2.00878000E-01      0.213850

  7 P  2.00878000E-01      0.191693

  8 D  9.13000000E-01      1.403568


  O (oxygen)
  ----------
          Exponent        Coefficients
      ----------------  --------------------
  1 S  8.58850000E+03      1.205013
  1 S  1.29723000E+03      2.216205
  1 S  2.99296000E+02      3.627452
  1 S  8.73771000E+01      4.888452
  1 S  2.56789000E+01      4.835721
  1 S  3.74004000E+00      0.538229

  2 S  4.21175000E+01      1.341958
  2 S  9.62837000E+00      3.587114
  2 S  2.85332000E+00     -0.005123

  3 P  4.21175000E+01      5.584018
  3 P  9.62837000E+00      5.733366
  3 P  2.85332000E+00      4.332955

  4 S  9.05661000E-01      0.661659

  5 P  9.05661000E-01      1.259352

  6 S  2.55611000E-01      0.256209

  7 P  2.55611000E-01      0.259068

  8 D  1.29200000E+00      2.577026


  Br (bromine)
  ------------
          Exponent        Coefficients
      ----------------  --------------------
  1 S  4.39700000E+05      9.893706
  1 S  6.60300000E+04     18.450679
  1 S  1.51400000E+04     31.049770
  1 S  4.31700000E+03     48.888138
  1 S  1.41400000E+03     64.847798
  1 S  5.23900000E+02     42.245010

  2 S  5.23900000E+02     14.290679
  2 S  2.07700000E+02     24.083128
  2 S  8.65400000E+01      5.132542

  3 S  3.05200000E+01      9.254405

  4 S  1.29800000E+01      4.873782

  5 S  4.41200000E+00      2.169635

  6 S  1.86200000E+00      1.136043

  7 S  3.93200000E-01      0.353892

  8 S  1.40000000E-01      0.163120

  9 P  2.95700000E+03    691.874478
  9 P  7.00300000E+02    925.332763
  9 P  2.24600000E+02   1068.830732

  10 P  8.25900000E+01    122.079275
  10 P  3.31900000E+01     57.580687
  10 P  1.42000000E+01     10.176170

  11 P  1.42000000E+01      3.129736
  11 P  7.43800000E+00      6.538168
  11 P  3.52600000E+00      4.166276

  12 P  1.59500000E+00      2.555000

  13 P  8.46200000E-01      1.156861

  14 P  3.18600000E-01      0.341191

  15 P  1.09600000E-01      0.089888

  16 D  1.34800000E+02    160.709187
  16 D  3.63900000E+01    119.797406
  16 D  1.21600000E+01     55.531619
  16 D  4.34100000E+00     12.984636

  17 D  1.53500000E+00      3.484168

  18 D  4.51000000E-01      0.408525



Printing Internal Coordinates

------------------------------------------------------------
                Bond Lengths

i      j        Length (Angstroms)     Length (Bohr)
0      1          1.4181849586         2.6799811677
0      3          1.3922865280         2.6310402267
0      4          1.0839850956         2.0484349553
1      2          1.3443801160         2.5405102284
1      5          1.0810848042         2.0429541988
2      7          1.4906347303         2.8168913940
2      12         1.4702409526         2.7783527396
3      6          1.0805955479         2.0420296383
3      10         1.3657488318         2.5808912489
7      8          1.2036123584         2.2744977191
7      9          1.2015563417         2.2706124107
10     11         1.0827344188         2.0460715186
10     12         1.4687402994         2.7755169159
12     13         1.0881712309         2.0563456045
12     14         1.9485258927         3.6821802864

Number of Bonds: 15

------------------------------------------------------------
           Bond Angles

i      j      k      Angle (degrees)
0      1      2        118.4679 
0      1      5        121.2478 
0      3      6        120.5170 
0      3      10       118.5753 
1      0      3        122.9684 
1      0      4        118.0159 
1      2      7        118.6973 
1      2      12       122.9836 
2      1      5        120.2802 
2      7      8        115.9851 
2      7      9        116.2222 
2      12     10       114.4233 
2      12     13       109.6001 
2      12     14       114.6597 
3      0      4        119.0123 
3      10     11       120.8754 
3      10     12       122.5022 
6      3      10       120.8974 
7      2      12       118.0432 
8      7      9        127.7917 
10     12     13       111.4309 
10     12     14       103.3784 
11     10     12       116.6221 
13     12     14       102.6528 

Number of Angles: 24

------------------------------------------------------------
              Torsional Angles

i      j      k      l      Angle (degrees)
3      0      1      2          1.2913 
4      0      1      2       -179.3963 
5      1      0      3       -177.9747 
5      1      0      4          1.3376 
6      3      0      1       -179.8171 
6      3      0      4          0.8771 
10     3      0      1          1.3387 
10     3      0      4       -177.9671 
11     10     3      0        177.3126 
11     10     3      6         -1.5270 

Number of Torsional Angles: 10


----------------------------------------------------------------------
                          Center of Mass

         x               y               z              Unit
   0.04480769433   -0.1291864178   0.05781169709      Angstrom
   0.08467427061   -0.2441269489    0.1092482744          Bohr

----------------------------------------------------------------------
                Moment of Inertia Tensor

           1896.05          -79.5466          -36.2143
          -79.5466           1904.15          -702.422
          -36.2143          -702.422           2844.35

----------------------------------------------------------------------
                      Principal Moments of Inertia

           x                 y                 z                Unit
       422.6624793       536.4521321       901.5490311       amu * ang^2
       1509.355115       1915.705342       3219.490038      amu * bohr^2
  7.0184803794e-38  8.9080033074e-38  1.4970584084e-37          g * cm^2

 - Molecule is an asymmetric top.

----------------------------------------------------------------------

         Rotational constants (MHz)

    A = 1.1957e+03        B = 9.4208e+02        C = 5.6057e+02

----------------------------------------------------------------------

        Rotational constants (cm-1)

    A = 3.9884e-02        B = 3.1424e-02        C = 1.8699e-02

----------------------------------------------------------------------

                                Z-Matrix
C   
C        1       2.6799812
C        2       2.5405102     1       118.46792
C        3      5.32300428     2     61.24802953     1         -0.6108
H        4      4.04304992     3     83.60704327     2          0.6274
H        5      4.70251627     4     95.90706103     3         -1.0380
H        6      8.18258340     5     28.95563033     4         -0.1661
N        7     10.17727471     6     28.91888901     5       -179.8386
O        8      2.27449772     7    116.62411305     6       -174.4860
O        9      4.08148918     8     26.08016755     7       -177.0008
C       10      8.98046643     9     61.64929444     8          4.5111
H       11      2.04607152    10    148.59024759     9         14.6431
C       12      4.12060538    11     37.02468848    10         -7.9213
H       13      2.05634560    12     94.74392205    11        131.1792
Br      14      4.59392163    13     51.45032400    12         89.0180

----------------------------------------------------------------------

             Converted back to Cartesian

C        0.000000      0.000000      0.000000
C        0.000000      0.000000      2.679981
C        0.000000      0.091660      0.141125
C        0.000018     -0.199600      5.456155
H       -0.000034      0.124357      1.426105
H        0.000122     -0.389202      6.100494
H       -0.000197      0.576119     -2.024949
N        0.005166     -0.713365      8.070303
O        0.003785     -0.345228      5.825796
O        0.008084     -1.037760      9.848101
C       -0.011070      0.651661      1.027995
H       -0.001802      0.176347      3.018070
C       -0.022810      1.178667     -0.978716
H       -0.011710      0.621125      1.000572
Br      -0.039200      1.935779     -3.401138

----------------------------------------------------------------------
                       Geometry in bohr 

1     C      -3.3855412023    3.6956130824    1.4018728430
2     C      -0.7065315478    3.7584462057    1.3663999157
3     C       0.5545303924    1.5580038642    1.2181821514
4     C      -4.7661195818    1.4567450222    1.3398581550
5     H      -4.3885632148    5.4788354762    1.5026225475
6     H       0.3136632604    5.5249096551    1.4780748613
7     H      -6.8076165612    1.4963695403    1.3644553983
8     N       3.3690341447    1.6020947363    1.3254283594
9     O       4.4081686345   -0.4028794787    1.0541023870
10    O       4.3277504170    3.6289172745    1.6839450642
11    C      -3.4845114133   -0.7829671844    1.2932816307
12    H      -4.4861739285   -2.5667712427    1.3268069456
13    C      -0.7135245055   -0.9140568816    1.2041682278
14    H       0.0327392462   -2.0807479551    2.7241944108
15    Br     -0.0531331222   -2.9625306666   -1.7834880501

 Number of nodes, processes per node used for SCF calculation: 1, 4

Common Options
{
  maxiter       = 100
  basis         = 6-311g* spherical
  geom_units    = angstrom
  ang2au factor = 1.889726126
  debug         = false
  file_prefix   = ortho_th18_ph270_qed_ccsd_input
}

SCF Options
{
  charge            = 1
  multiplicity      = 1
  level shift       = 0
  tol_int           = 1e-22
  tol_sch           = 1e-12
  tol_lindep        = 1e-10
  conve             = 1e-07
  convd             = 1e-05
  diis_hist         = 10
  AO_tilesize       = 30
  writem            = 10
  damp              = 100
  n_lindep          = 0
  scf_type          = restricted
  cuscf             = false
  qed_omegas        = [0.06615,]
  qed_lambdas       = [0.1,]
  qed_polvecs       = [[-5.676550096e-17,-0.3090169944,0.9510565163,],]
  direct_df         = false
  restart_size      = 2000
  restart           = false
  debug             = false
}

Number of basis functions = 221

Total number of shells = 105

Total number of electrons = 98
  # of alpha electrons    = 49
  # of beta electons      = 49

Nuclear repulsion energy  = 774.815601969371

# of {all,non-negligible} shell-pairs = {5565,4983}
Number of AO tiles = 105

Time for initial setup: 0.02 secs
HF exch = 1.00

Time for computing 1-e integrals T, V, S: 0.01 secs
Time for computing orthogonalizer: 0.01 secs

Superposition of Atomic Density Guess ...
Time taken for SAD: 0.29 secs
Total Time to compute initial guess: 0.29 secs


 SCF iterations
-----------------------------------------------------------------------------
 Iter     Energy            E-Diff       RMSD        |[F,P]|^2       Time(s)
-----------------------------------------------------------------------------
   1  -3011.6507161230    -3.01e+03     1.68e-02     1.48e+03         0.6 
   2  -3005.8306494275     5.82e+00     7.04e-03     7.55e+00         2.2 
   3  -3005.9882902277    -1.58e-01     3.14e-03     4.48e+00         2.1 
   4  -3006.1174042606    -1.29e-01     1.07e-03     1.05e-01         2.2 
   5  -3006.1232575974    -5.85e-03     2.51e-04     1.15e-02         2.1 
   6  -3006.1238039124    -5.46e-04     1.44e-04     1.28e-03         2.2 
   7  -3006.1239338897    -1.30e-04     6.62e-05     4.10e-04         2.2 
   8  -3006.1239688496    -3.50e-05     3.41e-05     7.34e-05         2.2 
   9  -3006.1239770118    -8.16e-06     1.30e-05     8.44e-06         2.2 
  10  -3006.1239782627    -1.25e-06     5.88e-06     2.18e-06         2.2 
  11  -3006.1239785260    -2.63e-07     3.53e-06     4.34e-07         2.2 
  12  -3006.1239786028    -7.68e-08     1.35e-06     7.96e-08         2.2 

** Total SCF energy = -3006.1239786027613

Nuclear repulsion energy = 774.815601969371187
#electrons        = 98
1e energy kinetic = 3006.1675952245605004
1e energy N-e     = -8703.1665577768781077
1e energy         = -5696.3684868914378967
2e energy         = 1915.8831338738286831
QED energy        = 0.1762481063560164
QED eT energy     = 0.1505307859615357
QED eT energy from matrix = 0.1505307859615346

 Polarizability Matrix (QED energy = 0.5 * lambda.dot(matrix * lambda))
[40.83915799, -1.51021119, -0.73263848]
[-1.51021119, 45.88374632,  2.60593973]
[-0.73263848,  2.60593973, 35.82038911]

 Polarizability Matrix (QED eT energy = 0.5 * lambda.dot(matrix * lambda))
[37.11617367, -1.64105090, -0.82732827]
[-1.64105090, 43.01274301,  3.11007166]
[-0.82732827,  3.11007166, 30.76461975]


                      Electron        Nuclear        Total  
                  ------------------------------------------
    Monopole         -98.000000     99.000000      1.000000

      Dipole   X      -4.849239      1.264794     -3.584445
      Dipole   Y       7.406202     -6.182308      1.223894
      Dipole   Z     -22.740749     24.099028      1.358279

  Quadrupole  XX    -797.848213    756.483363    -41.364851
  Quadrupole  XY     -32.551454     26.479207     -6.072247
  Quadrupole  XZ     -13.632631      8.041493     -5.591138
  Quadrupole  YY    -745.235886    708.186526    -37.049360
  Quadrupole  YZ    -324.549481    326.964797      2.415316
  Quadrupole  ZZ    -278.079183    232.091246    -45.987938

    Octupole XXX     -57.973931    -28.420285    -86.394217
    Octupole XXY   -1140.924619   1138.857706     -2.066913
    Octupole XXZ   -1036.909644   1023.598660    -13.310985
    Octupole XYY      27.543373    -67.259560    -39.716187
    Octupole XYZ     -62.895259     53.845232     -9.050027
    Octupole XZZ      -1.273764      7.912029      6.638265
    Octupole YYY    -471.368927    466.247898     -5.121030
    Octupole YYZ     -60.839098     44.833371    -16.005726
    Octupole YZZ      99.647707   -124.672381    -25.024674
    Octupole ZZZ     -54.328012    -22.398560    -76.726572

writing orbitals and density to disk ... done.

Total Time taken for Hartree-Fock: 25.70 secs

CD Options
{
  debug             = false
  skip_cd           = [false, 100]
  write_cv          = [false, 5000]
  diagtol           = 1e-06
  itilesize         = 1000
  max_cvecs_factor  = 12
}

- #occupied, #virtual = 98, 344

- Tilesize for the MSO space: 40

-----------------------------------------------------
Begin 2-index transformation ... 

nAO, nMO, nelectrons = 221, 442, 98
n_occ_alpha, n_vir_alpha, n_occ_beta, n_vir_beta = 49,172,49,172

Time taken for Fao->Fmo transform: 0.00 secs

-----------------------------------------------------
Number of AO tiles = 105
# of {all,non-negligible} shell-pairs = {5565,4983}

    Begin Cholesky Decomposition
---------------------------------------------
Total # of mpi ranks used for Cholesky decomposition: 4
  --> Number of nodes, mpi ranks per node: 1, 4
- CPU memory required for computing cholesky vectors: 1.93 GiB

- Time for computing the diagonal: 0.01 secs

- Total number of cholesky vectors = 1648

- Time to compute cholesky vectors: 17.75 secs

- CPU memory required for resizing the ao cholesky tensor: 1.57 GiB
- CPU memory required for ao2mo transformation: 1.70 GiB
- CPU memory required for the 2-step contraction: 2.11 GiB

- Time for ao to mo transform: 1.59 secs

   End Cholesky Decomposition
---------------------------------------------

Total Time taken for Cholesky Decomposition: 21.14 secs

scf_type = restricted
Closed-Shell SCF
QED-HF Enabled
nbf = 203
nbf_orig = 221
n_lindep = 0
focc = 1
nmo = 406
nocc = 62
nvir = 344
n_occ_alpha = 31
n_vir_alpha = 172
n_occ_beta = 31
n_vir_beta = 172
nelectrons = 98
nelectrons_alpha = 49
nelectrons_beta = 49
freeze atomic = true
n_frozen_core = 18
n_frozen_virtual = 0
----------------------------
--------- QED-CCSD --------
lambda_x: -0.0000
lambda_y: -0.0309
lambda_z: 0.0951
omega: 0.066150
coupling_factor_x: -0.000000
coupling_factor_y: -0.005620
coupling_factor_z: 0.017296
----------------------------
# of {all,non-negligible} shell-pairs = {5565,4983}
Number of AO tiles = 105
----------------------------
Electronic dipole expectation value using SCF density: 
dipole_x_elec: -4.84955489
dipole_y_elec: 7.40602681
dipole_z_elec: -22.74070230

d_n/N value: d_n is nuclear dipole moment and N is the total number of electrons 
d_nuc_x: 0.01290606
d_nuc_y: -0.06308477
d_nuc_z: 0.24590845

<d_e+d_n> expectation values: 
dipole_total_x: -3.58476109
dipole_total_y: 1.22371912
dipole_total_z: 1.35832578
----------------------------


 CCSD iterations
------------------------------------------------------------
  Iter     Residuum          Correlation          Time(s)
------------------------------------------------------------
   1     1.1863230057713    0.0000000000000         87.10
   2     0.1684006389551   -1.6994558103371         85.61
   3     0.0684683629613   -1.6251496900014         85.52
   4     0.0209796444050   -1.6993991724299         85.35
   5     0.0158351503472   -1.6875180466733         85.67
 MICROCYCLE DIIS UPDATE:                    6
   6     0.0061012351669   -1.6972012543062         84.38
   7     0.0032009055697   -1.6970438300210         84.18
   8     0.0021537968843   -1.6979159161920         84.13
   9     0.0012311819162   -1.6979498297850         84.21
  10     0.0010955006731   -1.6981755765467         84.18
 MICROCYCLE DIIS UPDATE:                   11
  11     0.0003609336384   -1.6983483911010         84.55
  12     0.0002986551882   -1.6984444941572         84.15
  13     0.0001809632476   -1.6984169130778         84.22
  14     0.0001729755351   -1.6984168614862         84.35
  15     0.0001112672919   -1.6984153414993         84.18
 MICROCYCLE DIIS UPDATE:                   16
  16     0.0000444145791   -1.6984045520611         84.50
  17     0.0000379044793   -1.6984165573755         83.99
  18     0.0000242724324   -1.6984203831985         84.10
  19     0.0000241168287   -1.6984203272561         84.08
  20     0.0000163614632   -1.6984213668806         84.06
 MICROCYCLE DIIS UPDATE:                   21
  21     0.0000068055112   -1.6984211977474         83.09
  22     0.0000043704491   -1.6984229617651         83.54
  23     0.0000032981706   -1.6984222336232         83.87
  24     0.0000024471755   -1.6984221615407         84.39
  25     0.0000021268067   -1.6984220226583         84.43
 MICROCYCLE DIIS UPDATE:                   26
  26     0.0000009323104   -1.6984215335891         84.34
------------------------------------------------------------------
 Iterations converged
 CCSD correlation energy / hartree =        -1.698421533589129
 CCSD total energy / hartree       =     -3007.822400136350552

Time taken for spin-orbital canonical QED-CCSD: 2256.81 secs
