
ExaChem Git Information
{
 WARNING: Failed to retrieve the current git state.
}


TAMM Git Information
{
 Branch: main
 Commit Hash: e71357ad [e71357ad54f38748b4a7e175aa6760820d5ce96f]
 Commit Date: 2026-02-02 23:14:56 -0800
 Commit Message: add GitHub Actions workflow for releases
}


date: Thu Aug  6 12:30:33 2026
program: "/global/cfs/cdirs/m3196/heindelj/cavity_qed/software/install_gpu/bin/bin/ExaChem"
nnodes: 1, nproc_per_node: 4, nproc_total: 4, ngpus_per_node: 1, ngpus_total: 1

Memory information
{
[AMD EPYC 7763 64-Core Processor                ] : 
  CPU memory per node (GiB): 251
  Total CPU memory (GiB): 251
[NVIDIA A100-SXM4-40GB, CUDA v12.9] : 
  GPU memory per device (GiB): 39
  GPU memory per node (GiB): 39
  Total GPU memory (GiB): 39
}

------------------------------------------------------------

Input file provided: /global/cfs/cdirs/m4262/heindelj/cavity_qed/mlip/lambda_scans/grid_scans_optimized_geoms/runs_grid_no_freq/ortho_th9_ph252/ortho_th9_ph252_qed_ccsd_input.json

{
  "geometry": {
    "coordinates": [
      "C    -1.793782013800    1.954509912800    0.748095884300",
      "C    -0.376012899800    1.989829851300    0.725575731000",
      "C     0.290569508800    0.824155719100    0.655405664900",
      "C    -2.523238192800    0.767017738800    0.726085492500",
      "H    -2.326553420700    2.898031641900    0.795813130300",
      "H     0.163933905300    2.925622934000    0.775154079400",
      "H    -3.603756289000    0.788545924200    0.749537485500",
      "N     1.780773981100    0.842124863500    0.707742158800",
      "O     2.319964474700   -0.234316210800    0.693926765800",
      "O     2.297749245100    1.924746688500    0.772396141300",
      "C    -1.844924298200   -0.417342082100    0.686563109800",
      "H    -2.374591558200   -1.362250859100    0.684508268700",
      "C    -0.378214381400   -0.484757147200    0.626824743000",
      "H     0.020719325200   -1.118180882300    1.418475395000",
      "Br   -0.006138306000   -1.513261320000   -0.976376040500"
    ],
    "units": "angstrom",
    "noorient": true
  },
  "common": {
    "maxiter": 100,
    "debug": false
  },
  "basis": {
    "basisset": "6-311G*"
  },
  "SCF": {
    "charge": 1,
    "multiplicity": 1,
    "lshift": 0,
    "tol_lindep": 1e-10,
    "conve": 1e-07,
    "convd": 1e-05,
    "diis_hist": 10,
    "writem": 10,
    "restart": false,
    "noscf": false,
    "scf_type": "restricted",
    "debug": false,
    "qed_omegas": [
      0.06615
    ],
    "qed_volumes": [],
    "qed_lambdas": [
      0.1
    ],
    "qed_polvecs": [
      [
        -0.04834090820338496,
        -0.14877801734965795,
        0.9876883405951378
      ]
    ],
    "direct_df": false
  },
  "CD": {
    "debug": false,
    "diagtol": 1e-06
  },
  "CC": {
    "threshold": 1e-06,
    "ndiis": 5,
    "ccsd_maxiter": 200,
    "tilesize": 40,
    "freeze": {
      "atomic": true
    },
    "readt": false,
    "writet": true,
    "writet_iter": 5,
    "debug": false,
    "profile_ccsd": false,
    "balance_tiles": true
  },
  "TASK": {
    "scf": false,
    "ccsd": true
  }
}

Output folder & files prefix: ortho_th9_ph252_qed_ccsd_input.6-311g*

  C (carbon)
  ----------
          Exponent        Coefficients
      ----------------  --------------------
  1 S  4.56324000E+03      0.778202
  1 S  6.82024000E+02      1.448695
  1 S  1.54973000E+02      2.383089
  1 S  4.44553000E+01      3.200089
  1 S  1.30290000E+01      3.013004
  1 S  1.82773000E+00      0.247599

  2 S  2.09642000E+01      0.800629
  2 S  4.80331000E+00      2.127420
  2 S  1.45933000E+00     -0.002868

  3 P  2.09642000E+01      2.573592
  3 P  4.80331000E+00      2.408248
  3 P  1.45933000E+00      1.865281

  4 S  4.83456000E-01      0.413217

  5 P  4.83456000E-01      0.574627

  6 S  1.45585000E-01      0.167976

  7 P  1.45585000E-01      0.128185

  8 D  6.26000000E-01      0.725128


  H (hydrogen)
  ------------
          Exponent        Coefficients
      ----------------  --------------------
  1 S  3.38650000E+01      0.255069
  1 S  5.09479000E+00      0.460109
  1 S  1.15879000E+00      0.678321

  2 S  3.25840000E-01      0.307371

  3 S  1.02741000E-01      0.129336


  N (nitrogen)
  ------------
          Exponent        Coefficients
      ----------------  --------------------
  1 S  6.29348000E+03      0.991968
  1 S  9.49044000E+02      1.823240
  1 S  2.18776000E+02      2.979891
  1 S  6.36916000E+01      4.000007
  1 S  1.88282000E+01      3.881008
  1 S  2.72023000E+00      0.386764

  2 S  3.06331000E+01      1.038501
  2 S  7.02614000E+00      2.834794
  2 S  2.11205000E+00     -0.003208

  3 P  3.06331000E+01      3.935616
  3 P  7.02614000E+00      3.870994
  3 P  2.11205000E+00      2.967271

  4 S  6.84009000E-01      0.536051

  5 P  6.84009000E-01      0.886681

  6 S  2.00878000E-01      0.213850

  7 P  2.00878000E-01      0.191693

  8 D  9.13000000E-01      1.403568


  O (oxygen)
  ----------
          Exponent        Coefficients
      ----------------  --------------------
  1 S  8.58850000E+03      1.205013
  1 S  1.29723000E+03      2.216205
  1 S  2.99296000E+02      3.627452
  1 S  8.73771000E+01      4.888452
  1 S  2.56789000E+01      4.835721
  1 S  3.74004000E+00      0.538229

  2 S  4.21175000E+01      1.341958
  2 S  9.62837000E+00      3.587114
  2 S  2.85332000E+00     -0.005123

  3 P  4.21175000E+01      5.584018
  3 P  9.62837000E+00      5.733366
  3 P  2.85332000E+00      4.332955

  4 S  9.05661000E-01      0.661659

  5 P  9.05661000E-01      1.259352

  6 S  2.55611000E-01      0.256209

  7 P  2.55611000E-01      0.259068

  8 D  1.29200000E+00      2.577026


  Br (bromine)
  ------------
          Exponent        Coefficients
      ----------------  --------------------
  1 S  4.39700000E+05      9.893706
  1 S  6.60300000E+04     18.450679
  1 S  1.51400000E+04     31.049770
  1 S  4.31700000E+03     48.888138
  1 S  1.41400000E+03     64.847798
  1 S  5.23900000E+02     42.245010

  2 S  5.23900000E+02     14.290679
  2 S  2.07700000E+02     24.083128
  2 S  8.65400000E+01      5.132542

  3 S  3.05200000E+01      9.254405

  4 S  1.29800000E+01      4.873782

  5 S  4.41200000E+00      2.169635

  6 S  1.86200000E+00      1.136043

  7 S  3.93200000E-01      0.353892

  8 S  1.40000000E-01      0.163120

  9 P  2.95700000E+03    691.874478
  9 P  7.00300000E+02    925.332763
  9 P  2.24600000E+02   1068.830732

  10 P  8.25900000E+01    122.079275
  10 P  3.31900000E+01     57.580687
  10 P  1.42000000E+01     10.176170

  11 P  1.42000000E+01      3.129736
  11 P  7.43800000E+00      6.538168
  11 P  3.52600000E+00      4.166276

  12 P  1.59500000E+00      2.555000

  13 P  8.46200000E-01      1.156861

  14 P  3.18600000E-01      0.341191

  15 P  1.09600000E-01      0.089888

  16 D  1.34800000E+02    160.709187
  16 D  3.63900000E+01    119.797406
  16 D  1.21600000E+01     55.531619
  16 D  4.34100000E+00     12.984636

  17 D  1.53500000E+00      3.484168

  18 D  4.51000000E-01      0.408525



Printing Internal Coordinates

------------------------------------------------------------
                Bond Lengths

i      j        Length (Angstroms)     Length (Bohr)
0      1          1.4183877876         2.6803644589
0      3          1.3938179357         2.6339341678
0      4          1.0845992628         2.0495955630
1      2          1.3446382890         2.5409981045
1      5          1.0815309790         2.0437973470
2      7          1.4912314938         2.8180191136
2      12         1.4701502142         2.7781812689
3      6          1.0809869634         2.0427693064
3      10         1.3654229908         2.5802754986
7      8          1.2040110630         2.2752511617
7      9          1.2014630985         2.2704362065
10     11         1.0832378435         2.0470228534
10     12         1.4694731857         2.7769018704
12     13         1.0895340680         2.0589209933
12     14         1.9407509350         3.6674877457

Number of Bonds: 15

------------------------------------------------------------
           Bond Angles

i      j      k      Angle (degrees)
0      1      2        118.3436 
0      1      5        121.3217 
0      3      6        120.3854 
0      3      10       118.6502 
1      0      3        122.9623 
1      0      4        118.0367 
1      2      7        118.8890 
1      2      12       123.1840 
2      1      5        120.3306 
2      7      8        115.8709 
2      7      9        116.2787 
2      12     10       114.3568 
2      12     13       109.6893 
2      12     14       113.6204 
3      0      4        118.9973 
3      10     11       120.9156 
3      10     12       122.4671 
6      3      10       120.9618 
7      2      12       117.7753 
8      7      9        127.8455 
10     12     13       111.2597 
10     12     14       104.4332 
11     10     12       116.6123 
13     12     14       102.8221 

Number of Angles: 24

------------------------------------------------------------
              Torsional Angles

i      j      k      l      Angle (degrees)
3      0      1      2          1.2394 
4      0      1      2       -179.4643 
5      1      0      3       -178.0377 
5      1      0      4          1.2586 
6      3      0      1        179.6993 
6      3      0      4          0.4094 
10     3      0      1          0.2756 
10     3      0      4       -179.0143 
11     10     3      0        179.0081 
11     10     3      6         -0.4121 

Number of Torsional Angles: 10


----------------------------------------------------------------------
                          Center of Mass

         x               y               z              Unit
   0.05230218033   -0.1100715802   0.04836901488      Angstrom
   0.09883679661   -0.2080051409   0.09140419111          Bohr

----------------------------------------------------------------------
                Moment of Inertia Tensor

           1871.59          -68.0432          -30.5722
          -68.0432           1921.56           -686.72
          -30.5722           -686.72           2799.22

----------------------------------------------------------------------
                      Principal Moments of Inertia

           x                 y                 z                Unit
       428.2418538       528.6152023       889.1955036       amu * ang^2
       1529.279423       1887.719158       3175.374791      amu * bohr^2
  7.1111281349e-38  8.7778679377e-38  1.4765448794e-37          g * cm^2

 - Molecule is an asymmetric top.

----------------------------------------------------------------------

         Rotational constants (MHz)

    A = 1.1801e+03        B = 9.5604e+02        C = 5.6836e+02

----------------------------------------------------------------------

        Rotational constants (cm-1)

    A = 3.9365e-02        B = 3.1890e-02        C = 1.8958e-02

----------------------------------------------------------------------

                                Z-Matrix
C   
C        1       2.6803645
C        2       2.5409981     1       118.34364
C        3      5.32009900     2     61.36742683     1         -0.5866
H        4      4.04629467     3     83.61604656     2          0.5835
H        5      4.70678969     4     95.88907935     3         -0.9867
H        6      8.18564352     5     28.93885572     4         -0.3652
N        7     10.17609777     6     29.00264552     5       -179.9334
O        8      2.27525116     7    116.03922733     6        179.0132
O        9      4.08294717     8     26.04754035     7       -176.4304
C       10      8.99447924     9     61.09070546     8          2.7320
H       11      2.04702285    10    148.74294489     9          3.3003
C       12      4.12239518    11     37.03118348    10         -4.4732
H       13      2.05892099    12     94.70436913    11        130.7991
Br      14      4.58706379    13     51.22316626    12         90.1370

----------------------------------------------------------------------

             Converted back to Cartesian

C        0.000000      0.000000      0.000000
C        0.000000      0.000000      2.680364
C        0.000000      0.091582      0.141017
C        0.000018     -0.199511      5.453147
H       -0.000032      0.124710      1.419862
H        0.000116     -0.389296      6.098502
H       -0.000182      0.576311     -2.029989
N        0.005163     -0.713187      8.064075
O       -0.004849     -0.345773      5.818708
O        0.018391     -1.036619      9.842717
C       -0.060178      0.647717      1.007702
H       -0.027251      0.174935      2.999107
C       -0.101022      1.171614     -1.000309
H       -0.057011      0.616860      0.981979
Br      -0.165612      1.920752     -3.414522

----------------------------------------------------------------------
                       Geometry in bohr 

1     C      -3.3897567357    3.6934884456    1.4136963372
2     C      -0.7105614004    3.7602334561    1.3711394152
3     C       0.5490967922    1.5574285942    1.2385372080
4     C      -4.7682291348    1.4494534600    1.3721027248
5     H      -4.3965487824    5.4764861074    1.5038688637
6     H       0.3097901838    5.5286260929    1.4648289154
7     H      -6.8101124107    1.4901358344    1.4164205687
8     N       3.3651751164    1.5913853558    1.3374388479
9     O       4.3840974790   -0.4427934653    1.3113315388
10    O       4.3421167793    3.6372441030    1.4596171678
11    C      -3.4864016466   -0.7886622360    1.2974162457
12    H      -4.4873277059   -2.5742810385    1.2935331588
13    C      -0.7147215977   -0.9160582458    1.1845270932
14    H       0.0391538501   -2.1130556268    2.6805300129
15    Br     -0.0115997172   -2.8596494517   -1.8450833124

 Number of nodes, processes per node used for SCF calculation: 1, 4

Common Options
{
  maxiter       = 100
  basis         = 6-311g* spherical
  geom_units    = angstrom
  ang2au factor = 1.889726126
  debug         = false
  file_prefix   = ortho_th9_ph252_qed_ccsd_input
}

SCF Options
{
  charge            = 1
  multiplicity      = 1
  level shift       = 0
  tol_int           = 1e-22
  tol_sch           = 1e-12
  tol_lindep        = 1e-10
  conve             = 1e-07
  convd             = 1e-05
  diis_hist         = 10
  AO_tilesize       = 30
  writem            = 10
  damp              = 100
  n_lindep          = 0
  scf_type          = restricted
  cuscf             = false
  qed_omegas        = [0.06615,]
  qed_lambdas       = [0.1,]
  qed_polvecs       = [[-0.0483409082,-0.1487780173,0.9876883406,],]
  direct_df         = false
  restart_size      = 2000
  restart           = false
  debug             = false
}

Number of basis functions = 221

Total number of shells = 105

Total number of electrons = 98
  # of alpha electrons    = 49
  # of beta electons      = 49

Nuclear repulsion energy  = 775.999657438352

# of {all,non-negligible} shell-pairs = {5565,4984}
Number of AO tiles = 105

Time for initial setup: 0.03 secs
HF exch = 1.00

Time for computing 1-e integrals T, V, S: 0.01 secs
Time for computing orthogonalizer: 0.01 secs

Superposition of Atomic Density Guess ...
Time taken for SAD: 0.31 secs
Total Time to compute initial guess: 0.31 secs


 SCF iterations
-----------------------------------------------------------------------------
 Iter     Energy            E-Diff       RMSD        |[F,P]|^2       Time(s)
-----------------------------------------------------------------------------
   1  -3011.6641076892    -3.01e+03     1.67e-02     1.48e+03         0.6 
   2  -3005.8306721382     5.83e+00     6.96e-03     7.53e+00         2.2 
   3  -3005.9901067501    -1.59e-01     3.08e-03     4.44e+00         2.2 
   4  -3006.1177747591    -1.28e-01     1.09e-03     1.05e-01         2.2 
   5  -3006.1237034316    -5.93e-03     2.51e-04     1.11e-02         2.2 
   6  -3006.1242440885    -5.41e-04     1.44e-04     1.30e-03         2.2 
   7  -3006.1243748952    -1.31e-04     6.64e-05     4.15e-04         2.2 
   8  -3006.1244100151    -3.51e-05     3.37e-05     7.41e-05         2.2 
   9  -3006.1244182133    -8.20e-06     1.30e-05     8.79e-06         2.2 
  10  -3006.1244195301    -1.32e-06     5.95e-06     2.26e-06         2.2 
  11  -3006.1244198101    -2.80e-07     3.70e-06     4.67e-07         2.2 
  12  -3006.1244198938    -8.37e-08     1.40e-06     8.52e-08         2.2 

** Total SCF energy = -3006.1244198937916

Nuclear repulsion energy = 775.999657438351733
#electrons        = 98
1e energy kinetic = 3006.1638565596108492
1e energy N-e     = -8705.5068374936199689
1e energy         = -5698.3511664785382891
2e energy         = 1917.0420451733182290
QED energy        = 0.1768584285479036
QED eT energy     = 0.1512115685829968
QED eT energy from matrix = 0.1512115685829954

 Polarizability Matrix (QED energy = 0.5 * lambda.dot(matrix * lambda))
[40.80667172, -1.43671328, -0.65849817]
[-1.43671328, 45.88389284,  1.84295040]
[-0.65849817,  1.84295040, 35.63208521]

 Polarizability Matrix (QED eT energy = 0.5 * lambda.dot(matrix * lambda))
[37.06740119, -1.56204954, -0.76056460]
[-1.56204954, 43.00179921,  2.22317837]
[-0.76056460,  2.22317837, 30.55479869]


                      Electron        Nuclear        Total  
                  ------------------------------------------
    Monopole         -98.000000     99.000000      1.000000

      Dipole   X      -6.093808      2.491463     -3.602345
      Dipole   Y       4.304351     -3.049216      1.255135
      Dipole   Z     -21.207284     22.575441      1.368157

  Quadrupole  XX    -797.255716    756.002858    -41.252858
  Quadrupole  XY     -27.431731     21.358337     -6.073393
  Quadrupole  XZ     -11.147351      5.452924     -5.694427
  Quadrupole  YY    -725.055402    687.831475    -37.223927
  Quadrupole  YZ    -317.164983    319.966718      2.801735
  Quadrupole  ZZ    -285.938280    240.035043    -45.903238

    Octupole XXX     -50.927185    -37.123866    -88.051051
    Octupole XXY   -1139.526742   1136.574575     -2.952167
    Octupole XXZ   -1050.573764   1038.038636    -12.535128
    Octupole XYY      10.095186    -50.770380    -40.675194
    Octupole XYZ     -33.708732     26.029386     -7.679346
    Octupole XZZ       0.198706      6.203415      6.402121
    Octupole YYY    -566.244771    558.745116     -7.499655
    Octupole YYZ     -57.600711     43.880047    -13.720664
    Octupole YZZ     130.678823   -155.420990    -24.742167
    Octupole ZZZ     -28.634601    -46.977786    -75.612388

writing orbitals and density to disk ... done.

Total Time taken for Hartree-Fock: 26.38 secs

CD Options
{
  debug             = false
  skip_cd           = [false, 100]
  write_cv          = [false, 5000]
  diagtol           = 1e-06
  itilesize         = 1000
  max_cvecs_factor  = 12
}

- #occupied, #virtual = 98, 344

- Tilesize for the MSO space: 40

-----------------------------------------------------
Begin 2-index transformation ... 

nAO, nMO, nelectrons = 221, 442, 98
n_occ_alpha, n_vir_alpha, n_occ_beta, n_vir_beta = 49,172,49,172

Time taken for Fao->Fmo transform: 0.00 secs

-----------------------------------------------------
Number of AO tiles = 105
# of {all,non-negligible} shell-pairs = {5565,4984}

    Begin Cholesky Decomposition
---------------------------------------------
Total # of mpi ranks used for Cholesky decomposition: 4
  --> Number of nodes, mpi ranks per node: 1, 4
- CPU memory required for computing cholesky vectors: 1.93 GiB

- Time for computing the diagonal: 0.01 secs

- Total number of cholesky vectors = 1648

- Time to compute cholesky vectors: 15.21 secs

- CPU memory required for resizing the ao cholesky tensor: 1.57 GiB
- CPU memory required for ao2mo transformation: 1.70 GiB
- CPU memory required for the 2-step contraction: 2.11 GiB

- Time for ao to mo transform: 1.55 secs

   End Cholesky Decomposition
---------------------------------------------

Total Time taken for Cholesky Decomposition: 18.85 secs

scf_type = restricted
Closed-Shell SCF
QED-HF Enabled
nbf = 203
nbf_orig = 221
n_lindep = 0
focc = 1
nmo = 406
nocc = 62
nvir = 344
n_occ_alpha = 31
n_vir_alpha = 172
n_occ_beta = 31
n_vir_beta = 172
nelectrons = 98
nelectrons_alpha = 49
nelectrons_beta = 49
freeze atomic = true
n_frozen_core = 18
n_frozen_virtual = 0
----------------------------
--------- QED-CCSD --------
lambda_x: -0.0048
lambda_y: -0.0149
lambda_z: 0.0988
omega: 0.066150
coupling_factor_x: -0.000879
coupling_factor_y: -0.002706
coupling_factor_z: 0.017963
----------------------------
# of {all,non-negligible} shell-pairs = {5565,4984}
Number of AO tiles = 105
----------------------------
Electronic dipole expectation value using SCF density: 
dipole_x_elec: -6.09413950
dipole_y_elec: 4.30417932
dipole_z_elec: -21.20723859

d_n/N value: d_n is nuclear dipole moment and N is the total number of electrons 
d_nuc_x: 0.02542309
d_nuc_y: -0.03111445
d_nuc_z: 0.23036165

<d_e+d_n> expectation values: 
dipole_total_x: -3.60267693
dipole_total_y: 1.25496332
dipole_total_z: 1.36820272
----------------------------


 CCSD iterations
------------------------------------------------------------
  Iter     Residuum          Correlation          Time(s)
------------------------------------------------------------
   1     1.1862928586075    0.0000000000000         86.40
   2     0.1677684254140   -1.6942454777745         85.45
   3     0.0680139129784   -1.6258064809146         85.59
   4     0.0208963597392   -1.6987711730583         85.51
   5     0.0159235137026   -1.6876612836724         85.28
 MICROCYCLE DIIS UPDATE:                    6
   6     0.0062201255140   -1.6972209631933         84.35
   7     0.0034041167992   -1.6970598565679         84.05
   8     0.0022146070515   -1.6979684281372         83.45
   9     0.0013042351627   -1.6980250062047         83.53
  10     0.0011266547877   -1.6982475727245         84.11
 MICROCYCLE DIIS UPDATE:                   11
  11     0.0003573121057   -1.6984452427306         85.43
  12     0.0002519154766   -1.6985413027334         84.51
  13     0.0001706370055   -1.6985095570247         84.27
  14     0.0001369824157   -1.6985112388889         84.29
  15     0.0001011531739   -1.6985081108691         84.34
 MICROCYCLE DIIS UPDATE:                   16
  16     0.0000410803837   -1.6984989478107         83.89
  17     0.0000293697773   -1.6985088696254         83.82
  18     0.0000222956034   -1.6985129712022         84.00
  19     0.0000179842323   -1.6985128890935         83.76
  20     0.0000149288933   -1.6985139217986         83.73
 MICROCYCLE DIIS UPDATE:                   21
  21     0.0000059959853   -1.6985136698019         84.03
  22     0.0000039677530   -1.6985156206738         83.93
  23     0.0000026554644   -1.6985147854325         84.69
  24     0.0000021124211   -1.6985147776287         84.38
  25     0.0000016521854   -1.6985146184373         84.50
 MICROCYCLE DIIS UPDATE:                   26
  26     0.0000008535019   -1.6985142156159         84.66
------------------------------------------------------------------
 Iterations converged
 CCSD correlation energy / hartree =        -1.698514215615930
 CCSD total energy / hartree       =     -3007.822934109407470

Time taken for spin-orbital canonical QED-CCSD: 2256.89 secs
