
ExaChem Git Information
{
 WARNING: Failed to retrieve the current git state.
}


TAMM Git Information
{
 Branch: main
 Commit Hash: e71357ad [e71357ad54f38748b4a7e175aa6760820d5ce96f]
 Commit Date: 2026-02-02 23:14:56 -0800
 Commit Message: add GitHub Actions workflow for releases
}


date: Wed Aug  5 17:41:24 2026
program: "/global/cfs/cdirs/m3196/heindelj/cavity_qed/software/install_gpu/bin/bin/ExaChem"
nnodes: 1, nproc_per_node: 4, nproc_total: 4, ngpus_per_node: 1, ngpus_total: 1

Memory information
{
[AMD EPYC 7763 64-Core Processor                ] : 
  CPU memory per node (GiB): 251
  Total CPU memory (GiB): 251
[NVIDIA A100-SXM4-40GB, CUDA v12.9] : 
  GPU memory per device (GiB): 39
  GPU memory per node (GiB): 39
  Total GPU memory (GiB): 39
}

------------------------------------------------------------

Input file provided: /global/cfs/cdirs/m4262/heindelj/cavity_qed/mlip/lambda_scans/grid_scans_optimized_geoms/runs_grid_no_freq/ortho_th36_ph0/ortho_th36_ph0_qed_ccsd_input.json

{
  "geometry": {
    "coordinates": [
      "C    -1.796173069500    1.954859505800    0.769082753200",
      "C    -0.379644205100    1.997228826100    0.697079501000",
      "C     0.275954994600    0.828541068600    0.638591270800",
      "C    -2.519409011900    0.762690492800    0.772881893800",
      "H    -2.330045665200    2.895513287400    0.846239231100",
      "H     0.156833745000    2.935189818500    0.714533677900",
      "H    -3.595716027100    0.783459475900    0.840399846400",
      "N     1.760643482500    0.823505631400    0.730425860900",
      "O     2.255245050400   -0.251642828700    0.949097045100",
      "O     2.309474267600    1.880017741700    0.579275562300",
      "C    -1.847308102600   -0.420790763200    0.664821749700",
      "H    -2.376157498400   -1.365228853200    0.635971110800",
      "C    -0.385584768200   -0.480307116800    0.599741977600",
      "H    -0.000569106200   -1.131544247900    1.382360565900",
      "Br    0.118955060600   -1.427015344400   -1.030774114900"
    ],
    "units": "angstrom",
    "noorient": true
  },
  "common": {
    "maxiter": 100,
    "debug": false
  },
  "basis": {
    "basisset": "6-311G*"
  },
  "SCF": {
    "charge": 1,
    "multiplicity": 1,
    "lshift": 0,
    "tol_lindep": 1e-10,
    "conve": 1e-07,
    "convd": 1e-05,
    "diis_hist": 10,
    "writem": 10,
    "restart": false,
    "noscf": false,
    "scf_type": "restricted",
    "debug": false,
    "qed_omegas": [
      0.06615
    ],
    "qed_volumes": [],
    "qed_lambdas": [
      0.1
    ],
    "qed_polvecs": [
      [
        0.5877852522924731,
        0.0,
        0.8090169943749475
      ]
    ],
    "direct_df": false
  },
  "CD": {
    "debug": false,
    "diagtol": 1e-06
  },
  "CC": {
    "threshold": 1e-06,
    "ndiis": 5,
    "ccsd_maxiter": 200,
    "tilesize": 40,
    "freeze": {
      "atomic": true
    },
    "readt": false,
    "writet": true,
    "writet_iter": 5,
    "debug": false,
    "profile_ccsd": false,
    "balance_tiles": true
  },
  "TASK": {
    "scf": false,
    "ccsd": true
  }
}

Output folder & files prefix: ortho_th36_ph0_qed_ccsd_input.6-311g*

  C (carbon)
  ----------
          Exponent        Coefficients
      ----------------  --------------------
  1 S  4.56324000E+03      0.778202
  1 S  6.82024000E+02      1.448695
  1 S  1.54973000E+02      2.383089
  1 S  4.44553000E+01      3.200089
  1 S  1.30290000E+01      3.013004
  1 S  1.82773000E+00      0.247599

  2 S  2.09642000E+01      0.800629
  2 S  4.80331000E+00      2.127420
  2 S  1.45933000E+00     -0.002868

  3 P  2.09642000E+01      2.573592
  3 P  4.80331000E+00      2.408248
  3 P  1.45933000E+00      1.865281

  4 S  4.83456000E-01      0.413217

  5 P  4.83456000E-01      0.574627

  6 S  1.45585000E-01      0.167976

  7 P  1.45585000E-01      0.128185

  8 D  6.26000000E-01      0.725128


  H (hydrogen)
  ------------
          Exponent        Coefficients
      ----------------  --------------------
  1 S  3.38650000E+01      0.255069
  1 S  5.09479000E+00      0.460109
  1 S  1.15879000E+00      0.678321

  2 S  3.25840000E-01      0.307371

  3 S  1.02741000E-01      0.129336


  N (nitrogen)
  ------------
          Exponent        Coefficients
      ----------------  --------------------
  1 S  6.29348000E+03      0.991968
  1 S  9.49044000E+02      1.823240
  1 S  2.18776000E+02      2.979891
  1 S  6.36916000E+01      4.000007
  1 S  1.88282000E+01      3.881008
  1 S  2.72023000E+00      0.386764

  2 S  3.06331000E+01      1.038501
  2 S  7.02614000E+00      2.834794
  2 S  2.11205000E+00     -0.003208

  3 P  3.06331000E+01      3.935616
  3 P  7.02614000E+00      3.870994
  3 P  2.11205000E+00      2.967271

  4 S  6.84009000E-01      0.536051

  5 P  6.84009000E-01      0.886681

  6 S  2.00878000E-01      0.213850

  7 P  2.00878000E-01      0.191693

  8 D  9.13000000E-01      1.403568


  O (oxygen)
  ----------
          Exponent        Coefficients
      ----------------  --------------------
  1 S  8.58850000E+03      1.205013
  1 S  1.29723000E+03      2.216205
  1 S  2.99296000E+02      3.627452
  1 S  8.73771000E+01      4.888452
  1 S  2.56789000E+01      4.835721
  1 S  3.74004000E+00      0.538229

  2 S  4.21175000E+01      1.341958
  2 S  9.62837000E+00      3.587114
  2 S  2.85332000E+00     -0.005123

  3 P  4.21175000E+01      5.584018
  3 P  9.62837000E+00      5.733366
  3 P  2.85332000E+00      4.332955

  4 S  9.05661000E-01      0.661659

  5 P  9.05661000E-01      1.259352

  6 S  2.55611000E-01      0.256209

  7 P  2.55611000E-01      0.259068

  8 D  1.29200000E+00      2.577026


  Br (bromine)
  ------------
          Exponent        Coefficients
      ----------------  --------------------
  1 S  4.39700000E+05      9.893706
  1 S  6.60300000E+04     18.450679
  1 S  1.51400000E+04     31.049770
  1 S  4.31700000E+03     48.888138
  1 S  1.41400000E+03     64.847798
  1 S  5.23900000E+02     42.245010

  2 S  5.23900000E+02     14.290679
  2 S  2.07700000E+02     24.083128
  2 S  8.65400000E+01      5.132542

  3 S  3.05200000E+01      9.254405

  4 S  1.29800000E+01      4.873782

  5 S  4.41200000E+00      2.169635

  6 S  1.86200000E+00      1.136043

  7 S  3.93200000E-01      0.353892

  8 S  1.40000000E-01      0.163120

  9 P  2.95700000E+03    691.874478
  9 P  7.00300000E+02    925.332763
  9 P  2.24600000E+02   1068.830732

  10 P  8.25900000E+01    122.079275
  10 P  3.31900000E+01     57.580687
  10 P  1.42000000E+01     10.176170

  11 P  1.42000000E+01      3.129736
  11 P  7.43800000E+00      6.538168
  11 P  3.52600000E+00      4.166276

  12 P  1.59500000E+00      2.555000

  13 P  8.46200000E-01      1.156861

  14 P  3.18600000E-01      0.341191

  15 P  1.09600000E-01      0.089888

  16 D  1.34800000E+02    160.709187
  16 D  3.63900000E+01    119.797406
  16 D  1.21600000E+01     55.531619
  16 D  4.34100000E+00     12.984636

  17 D  1.53500000E+00      3.484168

  18 D  4.51000000E-01      0.408525



Printing Internal Coordinates

------------------------------------------------------------
                Bond Lengths

i      j        Length (Angstroms)     Length (Bohr)
0      1          1.4189903634         2.6815031621
0      3          1.3944000923         2.6350342844
0      4          1.0843443214         2.0491137936
1      2          1.3412912653         2.5346731464
1      5          1.0806868476         2.0422021698
2      7          1.4875344882         2.8110327856
2      12         1.4670472718         2.7723175575
3      6          1.0786226474         2.0383013968
3      10         1.3652928295         2.5800295295
7      8          1.2034915908         2.2742695014
7      9          1.2001164455         2.2678914011
10     11         1.0828099319         2.0462142177
10     12         1.4643813299         2.7672796574
12     13         1.0885029700         2.0569725005
12     14         1.9517683354         3.6883076151

Number of Bonds: 15

------------------------------------------------------------
           Bond Angles

i      j      k      Angle (degrees)
0      1      2        117.6540 
0      1      5        121.3764 
0      3      6        120.0838 
0      3      10       119.0498 
1      0      3        122.9180 
1      0      4        117.9824 
1      2      7        119.2161 
1      2      12       123.9248 
2      1      5        120.9509 
2      7      8        115.1144 
2      7      9        116.4671 
2      12     10       114.3731 
2      12     13       110.8076 
2      12     14       109.7734 
3      0      4        119.0855 
3      10     11       121.1808 
3      10     12       122.0143 
6      3      10       120.8548 
7      2      12       116.6593 
8      7      9        128.4185 
10     12     13       110.2082 
10     12     14       108.3533 
11     10     12       116.8005 
13     12     14       102.6508 

Number of Angles: 24

------------------------------------------------------------
              Torsional Angles

i      j      k      l      Angle (degrees)
3      0      1      2         -0.3996 
4      0      1      2        178.2217 
5      1      0      3       -178.8368 
5      1      0      4         -0.2156 
6      3      0      1        179.3064 
6      3      0      4          0.6997 
10     3      0      1         -1.9174 
10     3      0      4        179.4759 
11     10     3      0       -178.2561 
11     10     3      6          0.5104 
12     10     3      0          2.5386 
12     10     3      6       -178.6949 
13     12     10     3        124.6755 
13     12     10     11       -54.5628 
14     12     10     3       -123.7324 
14     12     10     11        57.0293 

Number of Torsional Angles: 16


----------------------------------------------------------------------
                          Center of Mass

         x               y               z              Unit
   0.09429877546  -0.08183593941   0.03182582546      Angstrom
    0.1781988596   -0.1546475127   0.06014209385          Bohr

----------------------------------------------------------------------
                Moment of Inertia Tensor

           1835.61          -9.89366           6.16288
          -9.89366           1945.23          -657.986
           6.16288          -657.986            2703.5

----------------------------------------------------------------------
                      Principal Moments of Inertia

           x                 y                 z                Unit
       438.2038083       514.0303689       863.5650265       amu * ang^2
       1564.854209       1835.635772       3083.846695      amu * bohr^2
  7.2765503947e-38  8.5356809157e-38  1.4339844419e-37          g * cm^2

 - Molecule is an asymmetric top.

----------------------------------------------------------------------

         Rotational constants (MHz)

    A = 1.1533e+03        B = 9.8317e+02        C = 5.8522e+02

----------------------------------------------------------------------

        Rotational constants (cm-1)

    A = 3.8470e-02        B = 3.2795e-02        C = 1.9521e-02

----------------------------------------------------------------------

                                Z-Matrix
C   
C        1       2.6815032
C        2       2.5346731     1       117.65396
C        3      5.29002838     2     61.98650462     1          0.1893
H        4      4.04867939     3     83.68270706     2         -0.9119
H        5      4.70670417     4     95.87153749     3          0.2655
H        6      8.17782459     5     28.92282051     4         -0.2467
N        7     10.12446854     6     29.39656399     5       -176.1861
O        8      2.27426950     7    113.60737643     6        169.3433
O        9      4.08971205     8     25.75189342     7       -175.0270
C       10      8.97965516     9     59.87326940     8         -0.8394
H       11      2.04621422    10    148.11217367     9        -15.3401
C       12      4.11716588    11     36.86510579    10          0.7847
H       13      2.05697250    12     93.91098696    11        129.9698
Br      14      4.59976892    13     51.47898810    12         94.0056

----------------------------------------------------------------------

             Converted back to Cartesian

C        0.000000      0.000000      0.000000
C        0.000000      0.000000      2.681503
C        0.000000      0.090822      0.148458
C       -0.000006     -0.198513      5.430568
H        0.000033      0.125895      1.394906
H       -0.000069     -0.388071      6.073464
H        0.000144      0.576521     -2.047274
N        0.004699     -0.707534      7.995437
O       -0.004552     -0.341643      5.750813
O        0.017131     -1.030854      9.781974
C       -0.056190      0.641571      0.959740
H       -0.024591      0.171399      2.950953
C       -0.095622      1.161748     -1.044697
H       -0.052978      0.610512      0.936580
Br      -0.159125      1.911672     -3.474043

----------------------------------------------------------------------
                       Geometry in bohr 

1     C      -3.3942751761    3.6941490806    1.4533557717
2     C      -0.7174235729    3.7742154921    1.3172893449
3     C       0.5214793629    1.5657157037    1.2067626082
4     C      -4.7609930316    1.4412761502    1.4605351070
5     H      -4.4031481681    5.4717271071    1.5991603838
6     H       0.2963728254    5.5467048845    1.3502729590
7     H      -6.7949185178    1.4805238402    1.5881255460
8     N       3.3271339873    1.5562001065    1.3803048324
9     O       4.2617954921   -0.4755360278    1.7935334821
10    O       4.3642738606    3.5527186437    1.0946721642
11    C      -3.4909063841   -0.7951792988    1.2563310295
12    H      -4.4902869040   -2.5799086317    1.2018112234
13    C      -0.7286496102   -0.9076489071    1.1333480839
14    H      -0.0010754549   -2.1383087279    2.6122828768
15    Br      0.2247924858   -2.6966681784   -1.9478807748

 Number of nodes, processes per node used for SCF calculation: 1, 4

Common Options
{
  maxiter       = 100
  basis         = 6-311g* spherical
  geom_units    = angstrom
  ang2au factor = 1.889726126
  debug         = false
  file_prefix   = ortho_th36_ph0_qed_ccsd_input
}

SCF Options
{
  charge            = 1
  multiplicity      = 1
  level shift       = 0
  tol_int           = 1e-22
  tol_sch           = 1e-12
  tol_lindep        = 1e-10
  conve             = 1e-07
  convd             = 1e-05
  diis_hist         = 10
  AO_tilesize       = 30
  writem            = 10
  damp              = 100
  n_lindep          = 0
  scf_type          = restricted
  cuscf             = false
  qed_omegas        = [0.06615,]
  qed_lambdas       = [0.1,]
  qed_polvecs       = [[0.5877852523,0,0.8090169944,],]
  direct_df         = false
  restart_size      = 2000
  restart           = false
  debug             = false
}

Number of basis functions = 221

Total number of shells = 105

Total number of electrons = 98
  # of alpha electrons    = 49
  # of beta electons      = 49

Nuclear repulsion energy  = 778.410609863091

# of {all,non-negligible} shell-pairs = {5565,4998}
Number of AO tiles = 105

Time for initial setup: 0.01 secs
HF exch = 1.00

Time for computing 1-e integrals T, V, S: 0.01 secs
Time for computing orthogonalizer: 0.01 secs

Superposition of Atomic Density Guess ...
Time taken for SAD: 0.38 secs
Total Time to compute initial guess: 0.38 secs


 SCF iterations
-----------------------------------------------------------------------------
 Iter     Energy            E-Diff       RMSD        |[F,P]|^2       Time(s)
-----------------------------------------------------------------------------
   1  -3011.6671562620    -3.01e+03     1.67e-02     1.49e+03         0.6 
   2  -3005.8037590673     5.86e+00     6.90e-03     8.17e+00         2.2 
   3  -3006.0037236462    -2.00e-01     2.89e-03     3.84e+00         2.2 
   4  -3006.1137892695    -1.10e-01     1.08e-03     1.07e-01         2.2 
   5  -3006.1199408482    -6.15e-03     2.86e-04     1.50e-02         2.2 
   6  -3006.1206684518    -7.28e-04     1.70e-04     1.47e-03         2.2 
   7  -3006.1208350292    -1.67e-04     6.71e-05     2.92e-04         2.2 
   8  -3006.1208663676    -3.13e-05     2.79e-05     6.19e-05         2.2 
   9  -3006.1208725406    -6.17e-06     1.25e-05     7.83e-06         2.2 
  10  -3006.1208738084    -1.27e-06     5.88e-06     2.01e-06         2.2 
  11  -3006.1208740846    -2.76e-07     3.56e-06     4.86e-07         2.2 
  12  -3006.1208741683    -8.38e-08     1.59e-06     9.44e-08         2.2 

** Total SCF energy = -3006.1208741683322

Nuclear repulsion energy = 778.410609863090826
#electrons        = 98
1e energy kinetic = 3006.1796927517139011
1e energy N-e     = -8710.2931036207883153
1e energy         = -5701.8023979410827451
2e energy         = 1919.4005923849194915
QED energy        = 0.1813344527308471
QED eT energy     = 0.1577989263867925
QED eT energy from matrix = 0.1577989263867958

 Polarizability Matrix (QED energy = 0.5 * lambda.dot(matrix * lambda))
[40.20830001, -1.45285316, -1.31499415]
[-1.45285316, 45.75686277,  0.96856680]
[-1.31499415,  0.96856680, 36.09716055]

 Polarizability Matrix (QED eT energy = 0.5 * lambda.dot(matrix * lambda))
[36.47686590, -1.56517496, -1.47029426]
[-1.56517496, 42.84134628,  1.14313146]
[-1.47029426,  1.14313146, 31.10069782]


                      Electron        Nuclear        Total  
                  ------------------------------------------
    Monopole         -98.000000     99.000000      1.000000

      Dipole   X     -12.958008      9.348563     -3.609445
      Dipole   Y      -0.246292      1.543383      1.297091
      Dipole   Z     -18.591478     19.909337      1.317859

  Quadrupole  XX    -789.815252    748.897717    -40.917535
  Quadrupole  XY      -0.938471     -5.196810     -6.135281
  Quadrupole  XZ       5.030909    -11.124773     -6.093864
  Quadrupole  YY    -688.688541    651.640432    -37.048110
  Quadrupole  YZ    -303.340732    306.922365      3.581633
  Quadrupole  ZZ    -304.564052    258.425366    -46.138686

    Octupole XXX      -6.389152    -88.209408    -94.598561
    Octupole XXY   -1119.914017   1115.535674     -4.378343
    Octupole XXZ   -1071.619497   1060.209881    -11.409616
    Octupole XYY     -29.319530    -13.246494    -42.566024
    Octupole XYZ      -5.522904      0.162054     -5.360850
    Octupole XZZ     -42.285386     45.844705      3.559318
    Octupole YYY    -676.739877    667.209457     -9.530420
    Octupole YYZ     -41.880705     32.157372     -9.723334
    Octupole YZZ     178.124707   -202.301485    -24.176777
    Octupole ZZZ      -3.091109    -71.494791    -74.585900

writing orbitals and density to disk ... done.

Total Time taken for Hartree-Fock: 26.14 secs

CD Options
{
  debug             = false
  skip_cd           = [false, 100]
  write_cv          = [false, 5000]
  diagtol           = 1e-06
  itilesize         = 1000
  max_cvecs_factor  = 12
}

- #occupied, #virtual = 98, 344

- Tilesize for the MSO space: 40

-----------------------------------------------------
Begin 2-index transformation ... 

nAO, nMO, nelectrons = 221, 442, 98
n_occ_alpha, n_vir_alpha, n_occ_beta, n_vir_beta = 49,172,49,172

Time taken for Fao->Fmo transform: 0.00 secs

-----------------------------------------------------
Number of AO tiles = 105
# of {all,non-negligible} shell-pairs = {5565,4998}

    Begin Cholesky Decomposition
---------------------------------------------
Total # of mpi ranks used for Cholesky decomposition: 4
  --> Number of nodes, mpi ranks per node: 1, 4
- CPU memory required for computing cholesky vectors: 1.93 GiB

- Time for computing the diagonal: 0.01 secs

- Total number of cholesky vectors = 1649

- Time to compute cholesky vectors: 15.09 secs

- CPU memory required for resizing the ao cholesky tensor: 1.57 GiB
- CPU memory required for ao2mo transformation: 1.70 GiB
- CPU memory required for the 2-step contraction: 2.12 GiB

- Time for ao to mo transform: 1.54 secs

   End Cholesky Decomposition
---------------------------------------------

Total Time taken for Cholesky Decomposition: 18.59 secs

scf_type = restricted
Closed-Shell SCF
QED-HF Enabled
nbf = 203
nbf_orig = 221
n_lindep = 0
focc = 1
nmo = 406
nocc = 62
nvir = 344
n_occ_alpha = 31
n_vir_alpha = 172
n_occ_beta = 31
n_vir_beta = 172
nelectrons = 98
nelectrons_alpha = 49
nelectrons_beta = 49
freeze atomic = true
n_frozen_core = 18
n_frozen_virtual = 0
----------------------------
--------- QED-CCSD --------
lambda_x: 0.0588
lambda_y: 0.0000
lambda_z: 0.0809
omega: 0.066150
coupling_factor_x: 0.010690
coupling_factor_y: 0.000000
coupling_factor_z: 0.014713
----------------------------
# of {all,non-negligible} shell-pairs = {5565,4998}
Number of AO tiles = 105
----------------------------
Electronic dipole expectation value using SCF density: 
dipole_x_elec: -12.95837031
dipole_y_elec: -0.24645108
dipole_z_elec: -18.59146378

d_n/N value: d_n is nuclear dipole moment and N is the total number of electrons 
d_nuc_x: 0.09539350
d_nuc_y: 0.01574881
d_nuc_z: 0.20315650

<d_e+d_n> expectation values: 
dipole_total_x: -3.60980726
dipole_total_y: 1.29693215
dipole_total_z: 1.31787276
----------------------------


 CCSD iterations
------------------------------------------------------------
  Iter     Residuum          Correlation          Time(s)
------------------------------------------------------------
   1     1.1855388449046    0.0000000000000         84.11
   2     0.1642332091331   -1.6553787433734         83.71
   3     0.0622232652535   -1.6294943647078         83.67
   4     0.0192718954292   -1.6915858227752         83.63
   5     0.0143932460118   -1.6873455930590         83.75
 MICROCYCLE DIIS UPDATE:                    6
   6     0.0070208553816   -1.6957251902284         82.07
   7     0.0044446216296   -1.6956123831265         82.66
   8     0.0029594019838   -1.6966439401722         82.68
   9     0.0022662328079   -1.6968448800587         82.65
  10     0.0020999738558   -1.6970723512149         82.66
 MICROCYCLE DIIS UPDATE:                   11
  11     0.0005004092636   -1.6974757936572         82.04
  12     0.0003628343968   -1.6974630551207         82.03
  13     0.0002864400795   -1.6975067736800         82.00
  14     0.0002648122834   -1.6974846182454         82.45
  15     0.0002678966973   -1.6975005631544         82.53
 MICROCYCLE DIIS UPDATE:                   16
  16     0.0000639474368   -1.6974942726277         82.55
  17     0.0000446231179   -1.6974989048526         82.52
  18     0.0000338862099   -1.6975064743807         83.33
  19     0.0000280316218   -1.6975078791259         82.47
  20     0.0000243239871   -1.6975088960198         82.64
 MICROCYCLE DIIS UPDATE:                   21
  21     0.0000116147793   -1.6975133223401         84.88
  22     0.0000082890109   -1.6975122402399         82.50
  23     0.0000068263499   -1.6975119690163         82.69
  24     0.0000062827282   -1.6975113937685         82.52
  25     0.0000062303288   -1.6975114231734         82.72
 MICROCYCLE DIIS UPDATE:                   26
  26     0.0000021911206   -1.6975105141488         82.47
  27     0.0000014506150   -1.6975109897615         82.44
  28     0.0000011204149   -1.6975111231871         82.54
  29     0.0000009497082   -1.6975112222866         82.51
------------------------------------------------------------------
 Iterations converged
 CCSD correlation energy / hartree =        -1.697511222286634
 CCSD total energy / hartree       =     -3007.818385390618914

Time taken for spin-orbital canonical QED-CCSD: 2460.05 secs
