
ExaChem Git Information
{
 WARNING: Failed to retrieve the current git state.
}


TAMM Git Information
{
 Branch: main
 Commit Hash: e71357ad [e71357ad54f38748b4a7e175aa6760820d5ce96f]
 Commit Date: 2026-02-02 23:14:56 -0800
 Commit Message: add GitHub Actions workflow for releases
}


date: Mon Aug 10 07:51:32 2026
program: "/global/cfs/cdirs/m3196/heindelj/cavity_qed/software/install_gpu/bin/bin/ExaChem"
nnodes: 1, nproc_per_node: 4, nproc_total: 4, ngpus_per_node: 1, ngpus_total: 1

Memory information
{
[AMD EPYC 7763 64-Core Processor                ] : 
  CPU memory per node (GiB): 251
  Total CPU memory (GiB): 251
[NVIDIA A100-SXM4-80GB, CUDA v12.9] : 
  GPU memory per device (GiB): 79
  GPU memory per node (GiB): 79
  Total GPU memory (GiB): 79
}

------------------------------------------------------------

Input file provided: /global/cfs/cdirs/m4262/heindelj/cavity_qed/mlip/lambda_scans/grid_scans_optimized_geoms/runs_grid_no_freq/para_th90_ph108/para_th90_ph108_qed_ccsd_input.json

{
  "geometry": {
    "coordinates": [
      "C    -0.470256412500    1.222598736100    0.875769139200",
      "C     0.877476754000    1.234568997800    0.893978053700",
      "C     1.532650779400    0.003292066000    0.716103242700",
      "H    -1.026235885200    2.135852461200    0.994571266600",
      "H     1.457537243000    2.133316182600    1.029016242600",
      "N     2.994748766000    0.025296512900    0.700239059400",
      "O     3.509930688800    0.107269081300    1.780119153600",
      "O     3.487756241200   -0.019582007500   -0.391791054600",
      "C    -0.463308981300   -1.237856289500    0.563201643300",
      "H    -1.011795411800   -2.160546030400    0.447514104700",
      "C     0.891037550300   -1.226524183500    0.553915094200",
      "H     1.471244546400   -2.121969974900    0.427242295700",
      "C    -1.248733497600   -0.005747509400    0.677036350900",
      "H    -2.037690510300   -0.103145280800    1.426658598000",
      "Br   -2.198442609300    0.160697716700   -1.028133558700"
    ],
    "units": "angstrom",
    "noorient": true
  },
  "common": {
    "maxiter": 100,
    "debug": false
  },
  "basis": {
    "basisset": "6-311G*"
  },
  "SCF": {
    "charge": 1,
    "multiplicity": 1,
    "lshift": 0,
    "tol_lindep": 1e-10,
    "conve": 1e-07,
    "convd": 1e-05,
    "diis_hist": 10,
    "writem": 10,
    "restart": false,
    "noscf": false,
    "scf_type": "restricted",
    "debug": false,
    "qed_omegas": [
      0.06615
    ],
    "qed_volumes": [],
    "qed_lambdas": [
      0.1
    ],
    "qed_polvecs": [
      [
        -0.30901699437494734,
        0.9510565162951536,
        6.123233995736766e-17
      ]
    ],
    "direct_df": false
  },
  "CD": {
    "debug": false,
    "diagtol": 1e-06
  },
  "CC": {
    "threshold": 1e-06,
    "ndiis": 5,
    "ccsd_maxiter": 200,
    "tilesize": 40,
    "freeze": {
      "atomic": true
    },
    "readt": false,
    "writet": true,
    "writet_iter": 5,
    "debug": false,
    "profile_ccsd": false,
    "balance_tiles": true
  },
  "TASK": {
    "scf": false,
    "ccsd": true
  }
}

Output folder & files prefix: para_th90_ph108_qed_ccsd_input.6-311g*

  C (carbon)
  ----------
          Exponent        Coefficients
      ----------------  --------------------
  1 S  4.56324000E+03      0.778202
  1 S  6.82024000E+02      1.448695
  1 S  1.54973000E+02      2.383089
  1 S  4.44553000E+01      3.200089
  1 S  1.30290000E+01      3.013004
  1 S  1.82773000E+00      0.247599

  2 S  2.09642000E+01      0.800629
  2 S  4.80331000E+00      2.127420
  2 S  1.45933000E+00     -0.002868

  3 P  2.09642000E+01      2.573592
  3 P  4.80331000E+00      2.408248
  3 P  1.45933000E+00      1.865281

  4 S  4.83456000E-01      0.413217

  5 P  4.83456000E-01      0.574627

  6 S  1.45585000E-01      0.167976

  7 P  1.45585000E-01      0.128185

  8 D  6.26000000E-01      0.725128


  H (hydrogen)
  ------------
          Exponent        Coefficients
      ----------------  --------------------
  1 S  3.38650000E+01      0.255069
  1 S  5.09479000E+00      0.460109
  1 S  1.15879000E+00      0.678321

  2 S  3.25840000E-01      0.307371

  3 S  1.02741000E-01      0.129336


  N (nitrogen)
  ------------
          Exponent        Coefficients
      ----------------  --------------------
  1 S  6.29348000E+03      0.991968
  1 S  9.49044000E+02      1.823240
  1 S  2.18776000E+02      2.979891
  1 S  6.36916000E+01      4.000007
  1 S  1.88282000E+01      3.881008
  1 S  2.72023000E+00      0.386764

  2 S  3.06331000E+01      1.038501
  2 S  7.02614000E+00      2.834794
  2 S  2.11205000E+00     -0.003208

  3 P  3.06331000E+01      3.935616
  3 P  7.02614000E+00      3.870994
  3 P  2.11205000E+00      2.967271

  4 S  6.84009000E-01      0.536051

  5 P  6.84009000E-01      0.886681

  6 S  2.00878000E-01      0.213850

  7 P  2.00878000E-01      0.191693

  8 D  9.13000000E-01      1.403568


  O (oxygen)
  ----------
          Exponent        Coefficients
      ----------------  --------------------
  1 S  8.58850000E+03      1.205013
  1 S  1.29723000E+03      2.216205
  1 S  2.99296000E+02      3.627452
  1 S  8.73771000E+01      4.888452
  1 S  2.56789000E+01      4.835721
  1 S  3.74004000E+00      0.538229

  2 S  4.21175000E+01      1.341958
  2 S  9.62837000E+00      3.587114
  2 S  2.85332000E+00     -0.005123

  3 P  4.21175000E+01      5.584018
  3 P  9.62837000E+00      5.733366
  3 P  2.85332000E+00      4.332955

  4 S  9.05661000E-01      0.661659

  5 P  9.05661000E-01      1.259352

  6 S  2.55611000E-01      0.256209

  7 P  2.55611000E-01      0.259068

  8 D  1.29200000E+00      2.577026


  Br (bromine)
  ------------
          Exponent        Coefficients
      ----------------  --------------------
  1 S  4.39700000E+05      9.893706
  1 S  6.60300000E+04     18.450679
  1 S  1.51400000E+04     31.049770
  1 S  4.31700000E+03     48.888138
  1 S  1.41400000E+03     64.847798
  1 S  5.23900000E+02     42.245010

  2 S  5.23900000E+02     14.290679
  2 S  2.07700000E+02     24.083128
  2 S  8.65400000E+01      5.132542

  3 S  3.05200000E+01      9.254405

  4 S  1.29800000E+01      4.873782

  5 S  4.41200000E+00      2.169635

  6 S  1.86200000E+00      1.136043

  7 S  3.93200000E-01      0.353892

  8 S  1.40000000E-01      0.163120

  9 P  2.95700000E+03    691.874478
  9 P  7.00300000E+02    925.332763
  9 P  2.24600000E+02   1068.830732

  10 P  8.25900000E+01    122.079275
  10 P  3.31900000E+01     57.580687
  10 P  1.42000000E+01     10.176170

  11 P  1.42000000E+01      3.129736
  11 P  7.43800000E+00      6.538168
  11 P  3.52600000E+00      4.166276

  12 P  1.59500000E+00      2.555000

  13 P  8.46200000E-01      1.156861

  14 P  3.18600000E-01      0.341191

  15 P  1.09600000E-01      0.089888

  16 D  1.34800000E+02    160.709187
  16 D  3.63900000E+01    119.797406
  16 D  1.21600000E+01     55.531619
  16 D  4.34100000E+00     12.984636

  17 D  1.53500000E+00      3.484168

  18 D  4.51000000E-01      0.408525



Printing Internal Coordinates

------------------------------------------------------------
                Bond Lengths

i      j        Length (Angstroms)     Length (Bohr)
0      1          1.3479093218         2.5471794608
0      3          1.0757599574         2.0328916967
0      12         1.4677723911         2.7736878343
1      2          1.4060353249         2.6570216873
1      4          1.0781706662         2.0374472762
2      5          1.4623496129         2.7634402688
2      10         1.3965745733         2.6391434580
5      6          1.1992801730         2.2663110752
5      7          1.1989996756         2.2657810119
8      9          1.0796190666         2.0401843562
8      10         1.3544257766         2.5594937756
8      12         1.4655859093         2.7695559825
10     11         1.0744809545         2.0304747315
12     13         1.0926449593         2.0647997260
12     14         1.9588914801         3.7017684077

Number of Bonds: 15

------------------------------------------------------------
           Bond Angles

i      j      k      Angle (degrees)
0      1      2        117.1567 
0      1      4        123.1634 
0      12     8        115.4573 
0      12     13       111.3876 
0      12     14       107.6914 
1      0      3        120.5125 
1      0      12       122.6545 
1      2      5        117.0063 
1      2      10       124.8730 
2      1      4        119.6781 
2      5      6        114.8827 
2      5      7        114.8617 
2      10     8        117.7726 
2      10     11       119.9653 
3      0      12       116.8269 
5      2      10       118.1207 
6      5      7        130.2430 
8      10     11       122.2620 
8      12     13       111.4267 
8      12     14       105.2863 
9      8      10       120.9589 
9      8      12       117.0362 
10     8      12       121.9635 
13     12     14       104.7561 

Number of Angles: 24

------------------------------------------------------------
              Torsional Angles

i      j      k      l      Angle (degrees)
3      0      1      2       -179.2495 
4      1      0      3          0.2686 
8      10     2      1          0.2520 
9      8      10     2       -179.6652 
10     2      1      0         -1.5452 
10     2      1      4        178.9191 
11     10     2      1       -179.7607 
11     10     8      9          0.3478 
12     8      10     2          2.7440 
12     8      10     11      -177.2431 
13     12     8      9         49.7668 
13     12     8      10      -132.5526 
14     12     8      9        -63.2443 
14     12     8      10       114.4364 

Number of Torsional Angles: 14


----------------------------------------------------------------------
                          Center of Mass

         x               y               z              Unit
  -0.04709721599   0.07078520572   0.02742435418      Angstrom
  -0.08900083951    0.1337646526   0.05182451858          Bohr

----------------------------------------------------------------------
                Moment of Inertia Tensor

            996.75           76.2712          -1058.32
           76.2712           4182.68          -6.07025
          -1058.32          -6.07025           3845.51

----------------------------------------------------------------------
                      Principal Moments of Inertia

           x                 y                 z                Unit
       180.6767249       1164.805901       1181.759264       amu * ang^2
       645.2082982       4159.597389       4220.138946      amu * bohr^2
  3.0002096495e-38  1.9342070244e-37  1.9623587645e-37          g * cm^2

 - Molecule is an asymmetric top.

----------------------------------------------------------------------

         Rotational constants (MHz)

    A = 2.7971e+03        B = 4.3387e+02        C = 4.2765e+02

----------------------------------------------------------------------

        Rotational constants (cm-1)

    A = 9.3303e-02        B = 1.4472e-02        C = 1.4265e-02

----------------------------------------------------------------------

                                Z-Matrix
C   
C        1       2.5471795
C        2       2.6570217     1       117.15672
H        3      6.31667896     2     22.18882375     1          0.5510
H        4      4.69410474     3     40.09743234     2          0.5944
N        5      4.96924699     4    125.70453804     3          1.0513
O        6      2.26631108     5     94.80390018     4       -119.0628
O        7      4.11152333     6     24.87537520     5       -125.1906
C        8      8.01901439     7     78.55500598     6        -15.6631
H        9      2.04018436     8    133.96952744     7       -115.1455
C       10      4.01071444     9     33.17848429     8         20.5694
H       11      2.03047473    10     96.39982347     9       -179.7041
C       12      6.52956441    11     19.26486335    10          3.1598
H       13      2.06479973    12    124.29151850    11       -119.7727
Br      14      4.67548143    13     49.96288532    12       -130.0669

----------------------------------------------------------------------

             Converted back to Cartesian

C        0.000000      0.000000      0.000000
C        0.000000      0.000000      2.547179
C        0.000000      0.094804     -0.108150
H       -0.000007     -0.173240      6.202839
H       -0.000003      0.083218      1.515745
N       -0.000066     -0.378024      6.463540
O        0.002356     -0.102641      4.214023
O       -0.001988     -0.633149      8.291175
C        0.007094      0.591510      0.366232
H        0.007441      0.197976      2.368102
C        0.005211      1.011313     -1.559277
H        0.011872      0.541603      0.416110
C       -0.013140      2.089174     -5.927360
H        0.004920      1.524869     -3.941250
Br      -0.042395      2.870671     -8.418605

----------------------------------------------------------------------
                       Geometry in bohr 

1     C      -0.8886558286    2.3103767731    1.6549638226
2     C       1.6581907469    2.3329972894    1.6893736841
3     C       2.8962902197    0.0062211031    1.3532390066
4     H      -1.9393047636    4.0361761970    1.8794673066
5     H       2.7543462076    4.0313833251    1.9445588776
6     N       5.6592549836    0.0478034813    1.3232600449
7     O       6.6328077228    0.2027091854    3.3639376718
8     O       6.5909040898   -0.0370046312   -0.7403777918
9     C      -0.8755270863   -2.3392093704    1.0642968595
10    H      -1.9120162238   -4.0828402799    0.8456790954
11    C       1.6838169380   -2.3177947936    1.0467478250
12    H       2.7802492569   -4.0099421000    0.8073709283
13    C      -2.3597643147   -0.0108612187    1.2794132805
14    H      -3.8506769938   -0.1949163319    2.6959940254
15    Br     -4.1544544351    0.3036746736   -1.9428908468

 Number of nodes, processes per node used for SCF calculation: 1, 4

Common Options
{
  maxiter       = 100
  basis         = 6-311g* spherical
  geom_units    = angstrom
  ang2au factor = 1.889726126
  debug         = false
  file_prefix   = para_th90_ph108_qed_ccsd_input
}

SCF Options
{
  charge            = 1
  multiplicity      = 1
  level shift       = 0
  tol_int           = 1e-22
  tol_sch           = 1e-12
  tol_lindep        = 1e-10
  conve             = 1e-07
  convd             = 1e-05
  diis_hist         = 10
  AO_tilesize       = 30
  writem            = 10
  damp              = 100
  n_lindep          = 0
  scf_type          = restricted
  cuscf             = false
  qed_omegas        = [0.06615,]
  qed_lambdas       = [0.1,]
  qed_polvecs       = [[-0.3090169944,0.9510565163,6.123233996e-17,],]
  direct_df         = false
  restart_size      = 2000
  restart           = false
  debug             = false
}

Number of basis functions = 221

Total number of shells = 105

Total number of electrons = 98
  # of alpha electrons    = 49
  # of beta electons      = 49

Nuclear repulsion energy  = 737.80593791363

# of {all,non-negligible} shell-pairs = {5565,4897}
Number of AO tiles = 105

Time for initial setup: 0.02 secs
HF exch = 1.00

Time for computing 1-e integrals T, V, S: 0.01 secs
Time for computing orthogonalizer: 0.01 secs

Superposition of Atomic Density Guess ...
Time taken for SAD: 0.29 secs
Total Time to compute initial guess: 0.29 secs


 SCF iterations
-----------------------------------------------------------------------------
 Iter     Energy            E-Diff       RMSD        |[F,P]|^2       Time(s)
-----------------------------------------------------------------------------
   1  -3011.8048055742    -3.01e+03     1.66e-02     1.51e+03         0.6 
   2  -3005.7945666825     6.01e+00     6.45e-03     7.98e+00         2.1 
   3  -3005.9957772239    -2.01e-01     2.55e-03     3.72e+00         2.1 
   4  -3006.1007630115    -1.05e-01     1.15e-03     1.32e-01         2.1 
   5  -3006.1078064853    -7.04e-03     2.35e-04     1.13e-02         2.1 
   6  -3006.1083878236    -5.81e-04     1.36e-04     1.37e-03         2.1 
   7  -3006.1085171874    -1.29e-04     5.35e-05     1.87e-04         2.1 
   8  -3006.1085375706    -2.04e-05     1.55e-05     1.99e-05         2.1 
   9  -3006.1085397110    -2.14e-06     6.87e-06     3.98e-06         2.1 
  10  -3006.1085401067    -3.96e-07     3.10e-06     9.22e-07         2.1 
  11  -3006.1085402015    -9.48e-08     1.84e-06     2.13e-07         2.1 

** Total SCF energy = -3006.1085402014878

Nuclear repulsion energy = 737.805937913629577
#electrons        = 98
1e energy kinetic = 3006.2268306803280211
1e energy N-e     = -8628.4723034885028028
1e energy         = -5620.2497720750434382
2e energy         = 1878.1418713109142118
QED energy        = 0.1891233821450669
QED eT energy     = 0.1688664646146796
QED eT energy from matrix = 0.1688664646146723

 Polarizability Matrix (QED energy = 0.5 * lambda.dot(matrix * lambda))
[43.18013767,  0.40876103,  1.66006374]
[ 0.40876103, 37.52491436,  0.56724577]
[ 1.66006374,  0.56724577, 41.10671001]

 Polarizability Matrix (QED eT energy = 0.5 * lambda.dot(matrix * lambda))
[39.78614267,  0.39613378,  1.95728180]
[ 0.39613378, 33.39592282,  0.70560101]
[ 1.95728180,  0.70560101, 37.28466560]


                      Electron        Nuclear        Total  
                  ------------------------------------------
    Monopole         -98.000000     99.000000      1.000000

      Dipole   X     -11.668558     10.517276     -1.151282
      Dipole   Y     -12.093517     11.959114     -0.134403
      Dipole   Z     -17.575148     18.951397      1.376248

  Quadrupole  XX   -1740.456259   1691.894713    -48.561546
  Quadrupole  XY      32.482491    -32.746211     -0.263720
  Quadrupole  XZ    -485.467710    484.716157     -0.751553
  Quadrupole  YY    -237.127976    198.662985    -38.464991
  Quadrupole  YZ      -9.798775     10.738236      0.939461
  Quadrupole  ZZ    -372.057844    322.975698    -49.082146

    Octupole XXX   -3618.886042   3469.726633   -149.159409
    Octupole XXY    -254.335833    248.795508     -5.540325
    Octupole XXZ    -319.787343    290.046972    -29.740371
    Octupole XYY     -84.907665     66.011418    -18.896247
    Octupole XYZ    -139.565807    140.164953      0.599145
    Octupole XZZ    -211.214494    153.424577    -57.789917
    Octupole YYY     -14.178985     -1.552718    -15.731703
    Octupole YYZ    -268.481726    261.107997     -7.373729
    Octupole YZZ    -129.054658    128.190150     -0.864508
    Octupole ZZZ    -280.011686    193.205822    -86.805864

writing orbitals and density to disk ... done.

Total Time taken for Hartree-Fock: 26.49 secs

CD Options
{
  debug             = false
  skip_cd           = [false, 100]
  write_cv          = [false, 5000]
  diagtol           = 1e-06
  itilesize         = 1000
  max_cvecs_factor  = 12
}

- #occupied, #virtual = 98, 344

- Tilesize for the MSO space: 40

-----------------------------------------------------
Begin 2-index transformation ... 

nAO, nMO, nelectrons = 221, 442, 98
n_occ_alpha, n_vir_alpha, n_occ_beta, n_vir_beta = 49,172,49,172

Time taken for Fao->Fmo transform: 0.00 secs

-----------------------------------------------------
Number of AO tiles = 105
# of {all,non-negligible} shell-pairs = {5565,4897}

    Begin Cholesky Decomposition
---------------------------------------------
Total # of mpi ranks used for Cholesky decomposition: 4
  --> Number of nodes, mpi ranks per node: 1, 4
- CPU memory required for computing cholesky vectors: 1.93 GiB

- Time for computing the diagonal: 0.01 secs

- Total number of cholesky vectors = 1642

- Time to compute cholesky vectors: 15.24 secs

- CPU memory required for resizing the ao cholesky tensor: 1.56 GiB
- CPU memory required for ao2mo transformation: 1.70 GiB
- CPU memory required for the 2-step contraction: 2.11 GiB

- Time for ao to mo transform: 1.59 secs

   End Cholesky Decomposition
---------------------------------------------

Total Time taken for Cholesky Decomposition: 18.91 secs

scf_type = restricted
Closed-Shell SCF
QED-HF Enabled
nbf = 203
nbf_orig = 221
n_lindep = 0
focc = 1
nmo = 406
nocc = 62
nvir = 344
n_occ_alpha = 31
n_vir_alpha = 172
n_occ_beta = 31
n_vir_beta = 172
nelectrons = 98
nelectrons_alpha = 49
nelectrons_beta = 49
freeze atomic = true
n_frozen_core = 18
n_frozen_virtual = 0
----------------------------
--------- QED-CCSD --------
lambda_x: -0.0309
lambda_y: 0.0951
lambda_z: 0.0000
omega: 0.066150
coupling_factor_x: -0.005620
coupling_factor_y: 0.017296
coupling_factor_z: 0.000000
----------------------------
# of {all,non-negligible} shell-pairs = {5565,4897}
Number of AO tiles = 105
----------------------------
Electronic dipole expectation value using SCF density: 
dipole_x_elec: -11.66844304
dipole_y_elec: -12.09375235
dipole_z_elec: -17.57526236

d_n/N value: d_n is nuclear dipole moment and N is the total number of electrons 
d_nuc_x: 0.10731914
d_nuc_y: 0.12203177
d_nuc_z: 0.19338160

<d_e+d_n> expectation values: 
dipole_total_x: -1.15116735
dipole_total_y: -0.13463846
dipole_total_z: 1.37613446
----------------------------


 CCSD iterations
------------------------------------------------------------
  Iter     Residuum          Correlation          Time(s)
------------------------------------------------------------
   1     1.1853305064571    0.0000000000000         86.48
   2     0.1696318165081   -1.6672851789085         86.31
   3     0.0736648417732   -1.6246411780670         85.75
   4     0.0263764456954   -1.7007208750722         85.47
   5     0.0236893061099   -1.6875677633844         84.79
 MICROCYCLE DIIS UPDATE:                    6
   6     0.0082220303455   -1.6999470830779         84.53
   7     0.0053056344150   -1.6997110718999         84.29
   8     0.0032728480908   -1.7013352181902         84.14
   9     0.0022137408093   -1.7014564508749         84.28
  10     0.0018943878841   -1.7018923279373         84.33
 MICROCYCLE DIIS UPDATE:                   11
  11     0.0006857258342   -1.7024051409998         84.61
  12     0.0004370088487   -1.7025390287287         84.47
  13     0.0003528011794   -1.7024885916042         84.18
  14     0.0002439074205   -1.7024802712277         84.56
  15     0.0002236153621   -1.7024821492850         84.41
 MICROCYCLE DIIS UPDATE:                   16
  16     0.0000782814061   -1.7024515069673         84.58
  17     0.0000533995920   -1.7024791059401         84.41
  18     0.0000377682183   -1.7024866632590         84.22
  19     0.0000306860653   -1.7024921626269         84.39
  20     0.0000274871404   -1.7024932519271         84.03
 MICROCYCLE DIIS UPDATE:                   21
  21     0.0000108594377   -1.7024992632831         84.30
  22     0.0000072049704   -1.7024995081067         84.12
  23     0.0000056916225   -1.7024993381140         84.15
  24     0.0000045646984   -1.7024985993532         84.29
  25     0.0000039518875   -1.7024988884616         84.19
 MICROCYCLE DIIS UPDATE:                   26
  26     0.0000016129621   -1.7024978978654         84.94
  27     0.0000010341998   -1.7024985439728         84.46
  28     0.0000007736709   -1.7024985747898         84.37
------------------------------------------------------------------
 Iterations converged
 CCSD correlation energy / hartree =        -1.702498574789753
 CCSD total energy / hartree       =     -3007.811038776277655

Time taken for spin-orbital canonical QED-CCSD: 2431.07 secs
