
ExaChem Git Information
{
 WARNING: Failed to retrieve the current git state.
}


TAMM Git Information
{
 Branch: main
 Commit Hash: e71357ad [e71357ad54f38748b4a7e175aa6760820d5ce96f]
 Commit Date: 2026-02-02 23:14:56 -0800
 Commit Message: add GitHub Actions workflow for releases
}


date: Mon Aug 10 21:18:32 2026
program: "/global/cfs/cdirs/m3196/heindelj/cavity_qed/software/install_gpu/bin/bin/ExaChem"
nnodes: 1, nproc_per_node: 4, nproc_total: 4, ngpus_per_node: 1, ngpus_total: 1

Memory information
{
[AMD EPYC 7763 64-Core Processor                ] : 
  CPU memory per node (GiB): 251
  Total CPU memory (GiB): 251
[NVIDIA A100-SXM4-80GB, CUDA v12.9] : 
  GPU memory per device (GiB): 79
  GPU memory per node (GiB): 79
  Total GPU memory (GiB): 79
}

------------------------------------------------------------

Input file provided: /global/cfs/cdirs/m4262/heindelj/cavity_qed/mlip/lambda_scans/grid_scans_optimized_geoms/runs_grid_no_freq/ortho_th27_ph54/ortho_th27_ph54_qed_ccsd_input.json

{
  "geometry": {
    "coordinates": [
      "C    -1.796012276900    1.945085106600    0.748459520300",
      "C    -0.380352418900    1.989392463800    0.712986337300",
      "C     0.281309443800    0.820041972800    0.697877066600",
      "C    -2.523420454800    0.752599217300    0.779874131600",
      "H    -2.334336632800    2.886295087600    0.771524262000",
      "H     0.155085467000    2.927718290600    0.719945679500",
      "H    -3.602608692900    0.777897071300    0.834261416500",
      "N     1.766511093800    0.806210002900    0.750368013200",
      "O     2.261557382900   -0.235581183200    1.100253906900",
      "O     2.320059444000    1.826426003000    0.446166397300",
      "C    -1.846711264800   -0.428357051500    0.709231153600",
      "H    -2.374028665200   -1.372732970600    0.676401437200",
      "C    -0.381412532100   -0.486761172900    0.611125017200",
      "H     0.031304289800   -1.183926470700    1.343049943200",
      "Br    0.069554935800   -1.239829640500   -1.111796318500"
    ],
    "units": "angstrom",
    "noorient": true
  },
  "common": {
    "maxiter": 100,
    "debug": false
  },
  "basis": {
    "basisset": "6-311G*"
  },
  "SCF": {
    "charge": 1,
    "multiplicity": 1,
    "lshift": 0,
    "tol_lindep": 1e-10,
    "conve": 1e-07,
    "convd": 1e-05,
    "diis_hist": 10,
    "writem": 10,
    "restart": false,
    "noscf": false,
    "scf_type": "restricted",
    "debug": false,
    "qed_omegas": [
      0.06615
    ],
    "qed_volumes": [],
    "qed_lambdas": [
      0.1
    ],
    "qed_polvecs": [
      [
        0.26684892042779546,
        0.3672860295740685,
        0.8910065241883679
      ]
    ],
    "direct_df": false
  },
  "CD": {
    "debug": false,
    "diagtol": 1e-06
  },
  "CC": {
    "threshold": 1e-06,
    "ndiis": 5,
    "ccsd_maxiter": 200,
    "tilesize": 40,
    "freeze": {
      "atomic": true
    },
    "readt": false,
    "writet": true,
    "writet_iter": 5,
    "debug": false,
    "profile_ccsd": false,
    "balance_tiles": true
  },
  "TASK": {
    "scf": false,
    "ccsd": true
  }
}

Output folder & files prefix: ortho_th27_ph54_qed_ccsd_input.6-311g*

  C (carbon)
  ----------
          Exponent        Coefficients
      ----------------  --------------------
  1 S  4.56324000E+03      0.778202
  1 S  6.82024000E+02      1.448695
  1 S  1.54973000E+02      2.383089
  1 S  4.44553000E+01      3.200089
  1 S  1.30290000E+01      3.013004
  1 S  1.82773000E+00      0.247599

  2 S  2.09642000E+01      0.800629
  2 S  4.80331000E+00      2.127420
  2 S  1.45933000E+00     -0.002868

  3 P  2.09642000E+01      2.573592
  3 P  4.80331000E+00      2.408248
  3 P  1.45933000E+00      1.865281

  4 S  4.83456000E-01      0.413217

  5 P  4.83456000E-01      0.574627

  6 S  1.45585000E-01      0.167976

  7 P  1.45585000E-01      0.128185

  8 D  6.26000000E-01      0.725128


  H (hydrogen)
  ------------
          Exponent        Coefficients
      ----------------  --------------------
  1 S  3.38650000E+01      0.255069
  1 S  5.09479000E+00      0.460109
  1 S  1.15879000E+00      0.678321

  2 S  3.25840000E-01      0.307371

  3 S  1.02741000E-01      0.129336


  N (nitrogen)
  ------------
          Exponent        Coefficients
      ----------------  --------------------
  1 S  6.29348000E+03      0.991968
  1 S  9.49044000E+02      1.823240
  1 S  2.18776000E+02      2.979891
  1 S  6.36916000E+01      4.000007
  1 S  1.88282000E+01      3.881008
  1 S  2.72023000E+00      0.386764

  2 S  3.06331000E+01      1.038501
  2 S  7.02614000E+00      2.834794
  2 S  2.11205000E+00     -0.003208

  3 P  3.06331000E+01      3.935616
  3 P  7.02614000E+00      3.870994
  3 P  2.11205000E+00      2.967271

  4 S  6.84009000E-01      0.536051

  5 P  6.84009000E-01      0.886681

  6 S  2.00878000E-01      0.213850

  7 P  2.00878000E-01      0.191693

  8 D  9.13000000E-01      1.403568


  O (oxygen)
  ----------
          Exponent        Coefficients
      ----------------  --------------------
  1 S  8.58850000E+03      1.205013
  1 S  1.29723000E+03      2.216205
  1 S  2.99296000E+02      3.627452
  1 S  8.73771000E+01      4.888452
  1 S  2.56789000E+01      4.835721
  1 S  3.74004000E+00      0.538229

  2 S  4.21175000E+01      1.341958
  2 S  9.62837000E+00      3.587114
  2 S  2.85332000E+00     -0.005123

  3 P  4.21175000E+01      5.584018
  3 P  9.62837000E+00      5.733366
  3 P  2.85332000E+00      4.332955

  4 S  9.05661000E-01      0.661659

  5 P  9.05661000E-01      1.259352

  6 S  2.55611000E-01      0.256209

  7 P  2.55611000E-01      0.259068

  8 D  1.29200000E+00      2.577026


  Br (bromine)
  ------------
          Exponent        Coefficients
      ----------------  --------------------
  1 S  4.39700000E+05      9.893706
  1 S  6.60300000E+04     18.450679
  1 S  1.51400000E+04     31.049770
  1 S  4.31700000E+03     48.888138
  1 S  1.41400000E+03     64.847798
  1 S  5.23900000E+02     42.245010

  2 S  5.23900000E+02     14.290679
  2 S  2.07700000E+02     24.083128
  2 S  8.65400000E+01      5.132542

  3 S  3.05200000E+01      9.254405

  4 S  1.29800000E+01      4.873782

  5 S  4.41200000E+00      2.169635

  6 S  1.86200000E+00      1.136043

  7 S  3.93200000E-01      0.353892

  8 S  1.40000000E-01      0.163120

  9 P  2.95700000E+03    691.874478
  9 P  7.00300000E+02    925.332763
  9 P  2.24600000E+02   1068.830732

  10 P  8.25900000E+01    122.079275
  10 P  3.31900000E+01     57.580687
  10 P  1.42000000E+01     10.176170

  11 P  1.42000000E+01      3.129736
  11 P  7.43800000E+00      6.538168
  11 P  3.52600000E+00      4.166276

  12 P  1.59500000E+00      2.555000

  13 P  8.46200000E-01      1.156861

  14 P  3.18600000E-01      0.341191

  15 P  1.09600000E-01      0.089888

  16 D  1.34800000E+02    160.709187
  16 D  3.63900000E+01    119.797406
  16 D  1.21600000E+01     55.531619
  16 D  4.34100000E+00     12.984636

  17 D  1.53500000E+00      3.484168

  18 D  4.51000000E-01      0.408525



Printing Internal Coordinates

------------------------------------------------------------
                Bond Lengths

i      j        Length (Angstroms)     Length (Bohr)
0      1          1.4167972057         2.6773586948
0      3          1.3971872213         2.6403011948
0      4          1.0845281568         2.0494611921
1      2          1.3436537059         2.5391375122
1      5          1.0803691588         2.0416018251
2      7          1.4861933131         2.8084983320
2      12         1.4678081608         2.7737554294
3      6          1.0808539270         2.0425179041
3      10         1.3629319378         2.5755680906
7      8          1.2053297650         2.2777431473
7      9          1.1999146161         2.2675099989
10     11         1.0821216695         2.0449135903
10     12         1.4697401918         2.7774064388
12     13         1.0918281572         2.0632561936
12     14         1.9336343250         3.6540393020

Number of Bonds: 15

------------------------------------------------------------
           Bond Angles

i      j      k      Angle (degrees)
0      1      2        117.7170 
0      1      5        121.4805 
0      3      6        120.0646 
0      3      10       118.6772 
1      0      3        123.1929 
1      0      4        117.9928 
1      2      7        119.9873 
1      2      12       123.5829 
2      1      5        120.7887 
2      7      8        115.3874 
2      7      9        116.3688 
2      12     10       114.2561 
2      12     13       110.9895 
2      12     14       107.1035 
3      0      4        118.8033 
3      10     11       121.0516 
3      10     12       122.2017 
6      3      10       121.2406 
7      2      12       116.4236 
8      7      9        128.2432 
10     12     13       110.9461 
10     12     14       107.9069 
11     10     12       116.6874 
13     12     14       105.0983 

Number of Angles: 24

------------------------------------------------------------
              Torsional Angles

i      j      k      l      Angle (degrees)
3      0      1      2          0.5752 
4      0      1      2        179.3565 
5      1      0      3       -178.0871 
5      1      0      4          0.6941 
6      3      0      1        178.2847 
6      3      0      4         -0.4872 
10     3      0      1         -3.2223 
10     3      0      4        178.0058 
11     10     3      0       -176.6603 
11     10     3      6          1.8142 

Number of Torsional Angles: 10


----------------------------------------------------------------------
                          Center of Mass

         x               y               z              Unit
   0.07701638605  -0.01565509047   0.00928935808      Angstrom
    0.1455398768  -0.02958383346   0.01755434266          Bohr

----------------------------------------------------------------------
                Moment of Inertia Tensor

            1748.7          -26.2102          -11.1659
          -26.2102            2018.8          -611.435
          -11.1659          -611.435           2554.88

----------------------------------------------------------------------
                      Principal Moments of Inertia

           x                 y                 z                Unit
        451.801707       491.3085492       827.3341436       amu * ang^2
       1613.413186       1754.494681       2954.463864      amu * bohr^2
  7.5023489691e-38  8.1583759648e-38  1.3738216043e-37          g * cm^2

 - Molecule is an asymmetric top.

----------------------------------------------------------------------

         Rotational constants (MHz)

    A = 1.1186e+03        B = 1.0286e+03        C = 6.1085e+02

----------------------------------------------------------------------

        Rotational constants (cm-1)

    A = 3.7312e-02        B = 3.4312e-02        C = 2.0376e-02

----------------------------------------------------------------------

                                Z-Matrix
C   
C        1       2.6773587
C        2       2.5391375     1       117.71702
C        3      5.30396736     2     61.86834746     1         -0.2717
H        4      4.04793296     3     83.55456334     2         -0.1287
H        5      4.70598669     4     96.02081313     3         -0.4897
H        6      8.18385925     5     28.81472138     4         -0.8815
N        7     10.14754548     6     29.47192041     5       -179.4302
O        8      2.27774315     7    113.67613046     6        162.5945
O        9      4.08946802     8     25.81583551     7       -176.9625
C       10      8.96679086     9     60.44376139     8         -3.9728
H       11      2.04491359    10    147.23890835     9        -26.6412
C       12      4.12277703    11     37.00662635    10          3.4439
H       13      2.06325619    12     93.77768395    11        132.4438
Br      14      4.64075279    13     49.48190289    12         95.8789

----------------------------------------------------------------------

             Converted back to Cartesian

C        0.000000      0.000000      0.000000
C        0.000000      0.000000      2.677359
C        0.000000      0.091031      0.139853
C        0.000008     -0.198977      5.435886
H       -0.000003      0.125145      1.400951
H        0.000037     -0.388694      6.078801
H       -0.000026      0.576258     -2.047971
N        0.005021     -0.710512      8.017657
O       -0.004306     -0.344057      5.769605
O        0.017498     -1.033313      9.800511
C       -0.056063      0.638442      0.991245
H       -0.024274      0.168737      2.981230
C       -0.096002      1.160244     -1.019903
H       -0.052793      0.607517      0.967471
Br      -0.160652      1.917128     -3.483358

----------------------------------------------------------------------
                       Geometry in bohr 

1     C      -3.3939713221    3.6756781431    1.4143835097
2     C      -0.7187619030    3.7594069135    1.3473489090
3     C       0.5315978054    1.5496547403    1.3187965254
4     C      -4.7685735601    1.4222064033    1.4737485214
5     H      -4.4112569217    5.4543072341    1.4579695547
6     H       0.2930690587    5.5325857430    1.3605001598
7     H      -6.8079437684    1.4700124189    1.5765255946
8     N       3.3382221657    1.5235161054    1.4179900386
9     O       4.2737240717   -0.4451839167    2.0791785530
10    O       4.3842769450    3.4514449349    0.8431322975
11    C      -3.4897785241   -0.8094775114    1.3402526403
12    H      -4.4862639923   -2.5940893584    1.2782134675
13    C      -0.7207652267   -0.9198453055    1.1548589112
14    H       0.0591565343   -2.2372967828    2.5379965661
15    Br      0.1314397794   -2.3429384633   -2.1009905498

 Number of nodes, processes per node used for SCF calculation: 1, 4

Common Options
{
  maxiter       = 100
  basis         = 6-311g* spherical
  geom_units    = angstrom
  ang2au factor = 1.889726126
  debug         = false
  file_prefix   = ortho_th27_ph54_qed_ccsd_input
}

SCF Options
{
  charge            = 1
  multiplicity      = 1
  level shift       = 0
  tol_int           = 1e-22
  tol_sch           = 1e-12
  tol_lindep        = 1e-10
  conve             = 1e-07
  convd             = 1e-05
  diis_hist         = 10
  AO_tilesize       = 30
  writem            = 10
  damp              = 100
  n_lindep          = 0
  scf_type          = restricted
  cuscf             = false
  qed_omegas        = [0.06615,]
  qed_lambdas       = [0.1,]
  qed_polvecs       = [[0.2668489204,0.3672860296,0.8910065242,],]
  direct_df         = false
  restart_size      = 2000
  restart           = false
  debug             = false
}

Number of basis functions = 221

Total number of shells = 105

Total number of electrons = 98
  # of alpha electrons    = 49
  # of beta electons      = 49

Nuclear repulsion energy  = 782.640025250756

# of {all,non-negligible} shell-pairs = {5565,5005}
Number of AO tiles = 105

Time for initial setup: 0.01 secs
HF exch = 1.00

Time for computing 1-e integrals T, V, S: 0.01 secs
Time for computing orthogonalizer: 0.01 secs

Superposition of Atomic Density Guess ...
Time taken for SAD: 0.33 secs
Total Time to compute initial guess: 0.33 secs


 SCF iterations
-----------------------------------------------------------------------------
 Iter     Energy            E-Diff       RMSD        |[F,P]|^2       Time(s)
-----------------------------------------------------------------------------
   1  -3011.6910953089    -3.01e+03     1.66e-02     1.50e+03         0.7 
   2  -3005.8031865250     5.89e+00     6.91e-03     8.08e+00         2.2 
   3  -3005.9950502218    -1.92e-01     2.88e-03     4.04e+00         2.2 
   4  -3006.1113116439    -1.16e-01     1.11e-03     1.04e-01         2.2 
   5  -3006.1176022138    -6.29e-03     2.64e-04     1.07e-02         2.2 
   6  -3006.1181882601    -5.86e-04     1.69e-04     1.32e-03         2.2 
   7  -3006.1183502543    -1.62e-04     6.74e-05     2.62e-04         2.2 
   8  -3006.1183790302    -2.88e-05     2.54e-05     6.09e-05         2.2 
   9  -3006.1183849337    -5.90e-06     1.34e-05     1.01e-05         2.2 
  10  -3006.1183864928    -1.56e-06     6.93e-06     2.55e-06         2.2 
  11  -3006.1183868816    -3.89e-07     4.64e-06     6.86e-07         2.2 
  12  -3006.1183870056    -1.24e-07     1.79e-06     1.14e-07         2.2 
  13  -3006.1183870278    -2.22e-08     8.79e-07     2.25e-08         2.2 

** Total SCF energy = -3006.1183870278014

Nuclear repulsion energy = 782.640025250756139
#electrons        = 98
1e energy kinetic = 3006.1827305904416789
1e energy N-e     = -8718.5997674286372785
1e energy         = -5709.4732954959872586
2e energy         = 1923.4747193672210415
QED energy        = 0.1839051924151702
QED eT energy     = 0.1608043432567255
QED eT energy from matrix = 0.1608043432567192

 Polarizability Matrix (QED energy = 0.5 * lambda.dot(matrix * lambda))
[40.66274068, -1.35717089, -0.96661638]
[-1.35717089, 44.72482130, -0.34180154]
[-0.96661638, -0.34180154, 36.27892973]

 Polarizability Matrix (QED eT energy = 0.5 * lambda.dot(matrix * lambda))
[36.93991415, -1.44734650, -1.10447079]
[-1.44734650, 41.67453289, -0.36336296]
[-1.10447079, -0.36336296, 31.43413026]


                      Electron        Nuclear        Total  
                  ------------------------------------------
    Monopole         -98.000000     99.000000      1.000000

      Dipole   X     -10.089610      6.517200     -3.572410
      Dipole   Y     -11.068764     12.403114      1.334350
      Dipole   Z     -14.943977     16.277287      1.333310

  Quadrupole  XX    -792.134751    751.060459    -41.074292
  Quadrupole  XY      -9.682917      3.832258     -5.850659
  Quadrupole  XZ      -2.010758     -3.851309     -5.862067
  Quadrupole  YY    -618.095451    580.930646    -37.164805
  Quadrupole  YZ    -281.956501    285.626597      3.670095
  Quadrupole  ZZ    -334.642437    288.520475    -46.121962

    Octupole XXX     -14.188520    -76.253586    -90.442106
    Octupole XXY   -1113.933325   1105.995096     -7.938229
    Octupole XXZ   -1086.980026   1076.863013    -10.117013
    Octupole XYY      25.149608    -66.447488    -41.297880
    Octupole XYZ      41.213723    -44.415878     -3.202154
    Octupole XZZ     -54.406346     58.782835      4.376489
    Octupole YYY    -875.716522    857.453681    -18.262841
    Octupole YYZ     -95.653692     89.686152     -5.967540
    Octupole YZZ     198.567735   -225.773457    -27.205722
    Octupole ZZZ      36.904303   -111.656762    -74.752458

writing orbitals and density to disk ... done.

Total Time taken for Hartree-Fock: 28.79 secs

CD Options
{
  debug             = false
  skip_cd           = [false, 100]
  write_cv          = [false, 5000]
  diagtol           = 1e-06
  itilesize         = 1000
  max_cvecs_factor  = 12
}

- #occupied, #virtual = 98, 344

- Tilesize for the MSO space: 40

-----------------------------------------------------
Begin 2-index transformation ... 

nAO, nMO, nelectrons = 221, 442, 98
n_occ_alpha, n_vir_alpha, n_occ_beta, n_vir_beta = 49,172,49,172

Time taken for Fao->Fmo transform: 0.00 secs

-----------------------------------------------------
Number of AO tiles = 105
# of {all,non-negligible} shell-pairs = {5565,5005}

    Begin Cholesky Decomposition
---------------------------------------------
Total # of mpi ranks used for Cholesky decomposition: 4
  --> Number of nodes, mpi ranks per node: 1, 4
- CPU memory required for computing cholesky vectors: 1.93 GiB

- Time for computing the diagonal: 0.01 secs

- Total number of cholesky vectors = 1648

- Time to compute cholesky vectors: 18.08 secs

- CPU memory required for resizing the ao cholesky tensor: 1.57 GiB
- CPU memory required for ao2mo transformation: 1.70 GiB
- CPU memory required for the 2-step contraction: 2.11 GiB

- Time for ao to mo transform: 1.61 secs

   End Cholesky Decomposition
---------------------------------------------

Total Time taken for Cholesky Decomposition: 22.74 secs

scf_type = restricted
Closed-Shell SCF
QED-HF Enabled
nbf = 203
nbf_orig = 221
n_lindep = 0
focc = 1
nmo = 406
nocc = 62
nvir = 344
n_occ_alpha = 31
n_vir_alpha = 172
n_occ_beta = 31
n_vir_beta = 172
nelectrons = 98
nelectrons_alpha = 49
nelectrons_beta = 49
freeze atomic = true
n_frozen_core = 18
n_frozen_virtual = 0
----------------------------
--------- QED-CCSD --------
lambda_x: 0.0267
lambda_y: 0.0367
lambda_z: 0.0891
omega: 0.066150
coupling_factor_x: 0.004853
coupling_factor_y: 0.006680
coupling_factor_z: 0.016204
----------------------------
# of {all,non-negligible} shell-pairs = {5565,5005}
Number of AO tiles = 105
----------------------------
Electronic dipole expectation value using SCF density: 
dipole_x_elec: -10.08971608
dipole_y_elec: -11.06879322
dipole_z_elec: -14.94399472

d_n/N value: d_n is nuclear dipole moment and N is the total number of electrons 
d_nuc_x: 0.06650204
d_nuc_y: 0.12656239
d_nuc_z: 0.16609477

<d_e+d_n> expectation values: 
dipole_total_x: -3.57251598
dipole_total_y: 1.33432101
dipole_total_z: 1.33329255
----------------------------


 CCSD iterations
------------------------------------------------------------
  Iter     Residuum          Correlation          Time(s)
------------------------------------------------------------
   1     1.1858300436612    0.0000000000000         86.20
   2     0.1641142360747   -1.6601897551659         84.40
   3     0.0640176930765   -1.6305710987284         85.16
   4     0.0201392981944   -1.6953595675323         85.06
   5     0.0159599031933   -1.6895078213614         85.27
 MICROCYCLE DIIS UPDATE:                    6
   6     0.0071506296458   -1.6984500126406         83.90
   7     0.0046688871488   -1.6981675107418         83.94
   8     0.0029713180287   -1.6993523461221         85.02
   9     0.0021604241851   -1.6995438647027         83.32
  10     0.0019836982776   -1.6997808920271         83.66
 MICROCYCLE DIIS UPDATE:                   11
  11     0.0004970118548   -1.7001765866450         84.00
  12     0.0003567524313   -1.7002280657552         83.77
  13     0.0002735526701   -1.7002276897960         83.69
  14     0.0002273858531   -1.7002116432491         83.78
  15     0.0001925299990   -1.7002217195624         83.83
 MICROCYCLE DIIS UPDATE:                   16
  16     0.0000789032411   -1.7001973828943         84.77
  17     0.0000527306297   -1.7002208926671         83.81
  18     0.0000417148742   -1.7002244464664         83.73
  19     0.0000340386328   -1.7002287743441         83.65
  20     0.0000306007855   -1.7002288698406         83.61
 MICROCYCLE DIIS UPDATE:                   21
  21     0.0000130532403   -1.7002326521692         84.58
  22     0.0000090731258   -1.7002331244901         84.00
  23     0.0000069657181   -1.7002327505766         84.77
  24     0.0000060045412   -1.7002319617563         83.85
  25     0.0000051099463   -1.7002321571967         83.92
 MICROCYCLE DIIS UPDATE:                   26
  26     0.0000024756185   -1.7002308041342         83.97
  27     0.0000016420695   -1.7002316874362         83.88
  28     0.0000013015669   -1.7002317800649         84.31
  29     0.0000010661527   -1.7002319359908         83.60
  30     0.0000009508389   -1.7002319394102         83.59
------------------------------------------------------------------
 Iterations converged
 CCSD correlation energy / hartree =        -1.700231939410192
 CCSD total energy / hartree       =     -3007.818618967211478

Time taken for spin-orbital canonical QED-CCSD: 2588.28 secs
