
ExaChem Git Information
{
 WARNING: Failed to retrieve the current git state.
}


TAMM Git Information
{
 Branch: main
 Commit Hash: e71357ad [e71357ad54f38748b4a7e175aa6760820d5ce96f]
 Commit Date: 2026-02-02 23:14:56 -0800
 Commit Message: add GitHub Actions workflow for releases
}


date: Mon Aug 10 14:07:53 2026
program: "/global/cfs/cdirs/m3196/heindelj/cavity_qed/software/install_gpu/bin/bin/ExaChem"
nnodes: 1, nproc_per_node: 4, nproc_total: 4, ngpus_per_node: 1, ngpus_total: 1

Memory information
{
[AMD EPYC 7763 64-Core Processor                ] : 
  CPU memory per node (GiB): 251
  Total CPU memory (GiB): 251
[NVIDIA A100-SXM4-40GB, CUDA v12.9] : 
  GPU memory per device (GiB): 39
  GPU memory per node (GiB): 39
  Total GPU memory (GiB): 39
}

------------------------------------------------------------

Input file provided: /global/cfs/cdirs/m4262/heindelj/cavity_qed/mlip/lambda_scans/grid_scans_optimized_geoms/runs_grid_no_freq/meta_th63_ph126/meta_th63_ph126_qed_ccsd_input.json

{
  "geometry": {
    "coordinates": [
      "C    -0.905533658100    1.989861912600    0.804720366400",
      "C     0.478956855400    1.930772764200    0.673170443700",
      "C     1.158469577400    0.696650374800    0.662435641200",
      "C     0.494172432900   -0.469810917400    0.679438666400",
      "C    -1.615116024700    0.828737625600    0.847634947300",
      "H    -1.394815742900    2.944745321300    0.865421513600",
      "H     1.069120731400    2.836897557600    0.592741179600",
      "H     1.023657097000   -1.409089958100    0.678398912700",
      "H    -2.692277335300    0.833645778900    0.940414957100",
      "N     2.631698544400    0.737763151100    0.640741688200",
      "O     3.188411199700   -0.104873534000    1.288353502600",
      "O     3.122900061400    1.628283028600   -0.005087418600",
      "C    -0.975132829700   -0.477522610100    0.659938121100",
      "H    -1.389453066300   -1.255979264600    1.300474244500",
      "Br   -1.586891121200   -0.908482284200   -1.157339109700"
    ],
    "units": "angstrom",
    "noorient": true
  },
  "common": {
    "maxiter": 100,
    "debug": false
  },
  "basis": {
    "basisset": "6-311G*"
  },
  "SCF": {
    "charge": 1,
    "multiplicity": 1,
    "lshift": 0,
    "tol_lindep": 1e-10,
    "conve": 1e-07,
    "convd": 1e-05,
    "diis_hist": 10,
    "writem": 10,
    "restart": false,
    "noscf": false,
    "scf_type": "restricted",
    "debug": false,
    "qed_omegas": [
      0.06615
    ],
    "qed_volumes": [],
    "qed_lambdas": [
      0.1
    ],
    "qed_polvecs": [
      [
        -0.5237204946142994,
        0.7208394201673424,
        0.45399049973954686
      ]
    ],
    "direct_df": false
  },
  "CD": {
    "debug": false,
    "diagtol": 1e-06
  },
  "CC": {
    "threshold": 1e-06,
    "ndiis": 5,
    "ccsd_maxiter": 200,
    "tilesize": 40,
    "freeze": {
      "atomic": true
    },
    "readt": false,
    "writet": true,
    "writet_iter": 5,
    "debug": false,
    "profile_ccsd": false,
    "balance_tiles": true
  },
  "TASK": {
    "scf": false,
    "ccsd": true
  }
}

Output folder & files prefix: meta_th63_ph126_qed_ccsd_input.6-311g*

  C (carbon)
  ----------
          Exponent        Coefficients
      ----------------  --------------------
  1 S  4.56324000E+03      0.778202
  1 S  6.82024000E+02      1.448695
  1 S  1.54973000E+02      2.383089
  1 S  4.44553000E+01      3.200089
  1 S  1.30290000E+01      3.013004
  1 S  1.82773000E+00      0.247599

  2 S  2.09642000E+01      0.800629
  2 S  4.80331000E+00      2.127420
  2 S  1.45933000E+00     -0.002868

  3 P  2.09642000E+01      2.573592
  3 P  4.80331000E+00      2.408248
  3 P  1.45933000E+00      1.865281

  4 S  4.83456000E-01      0.413217

  5 P  4.83456000E-01      0.574627

  6 S  1.45585000E-01      0.167976

  7 P  1.45585000E-01      0.128185

  8 D  6.26000000E-01      0.725128


  H (hydrogen)
  ------------
          Exponent        Coefficients
      ----------------  --------------------
  1 S  3.38650000E+01      0.255069
  1 S  5.09479000E+00      0.460109
  1 S  1.15879000E+00      0.678321

  2 S  3.25840000E-01      0.307371

  3 S  1.02741000E-01      0.129336


  N (nitrogen)
  ------------
          Exponent        Coefficients
      ----------------  --------------------
  1 S  6.29348000E+03      0.991968
  1 S  9.49044000E+02      1.823240
  1 S  2.18776000E+02      2.979891
  1 S  6.36916000E+01      4.000007
  1 S  1.88282000E+01      3.881008
  1 S  2.72023000E+00      0.386764

  2 S  3.06331000E+01      1.038501
  2 S  7.02614000E+00      2.834794
  2 S  2.11205000E+00     -0.003208

  3 P  3.06331000E+01      3.935616
  3 P  7.02614000E+00      3.870994
  3 P  2.11205000E+00      2.967271

  4 S  6.84009000E-01      0.536051

  5 P  6.84009000E-01      0.886681

  6 S  2.00878000E-01      0.213850

  7 P  2.00878000E-01      0.191693

  8 D  9.13000000E-01      1.403568


  O (oxygen)
  ----------
          Exponent        Coefficients
      ----------------  --------------------
  1 S  8.58850000E+03      1.205013
  1 S  1.29723000E+03      2.216205
  1 S  2.99296000E+02      3.627452
  1 S  8.73771000E+01      4.888452
  1 S  2.56789000E+01      4.835721
  1 S  3.74004000E+00      0.538229

  2 S  4.21175000E+01      1.341958
  2 S  9.62837000E+00      3.587114
  2 S  2.85332000E+00     -0.005123

  3 P  4.21175000E+01      5.584018
  3 P  9.62837000E+00      5.733366
  3 P  2.85332000E+00      4.332955

  4 S  9.05661000E-01      0.661659

  5 P  9.05661000E-01      1.259352

  6 S  2.55611000E-01      0.256209

  7 P  2.55611000E-01      0.259068

  8 D  1.29200000E+00      2.577026


  Br (bromine)
  ------------
          Exponent        Coefficients
      ----------------  --------------------
  1 S  4.39700000E+05      9.893706
  1 S  6.60300000E+04     18.450679
  1 S  1.51400000E+04     31.049770
  1 S  4.31700000E+03     48.888138
  1 S  1.41400000E+03     64.847798
  1 S  5.23900000E+02     42.245010

  2 S  5.23900000E+02     14.290679
  2 S  2.07700000E+02     24.083128
  2 S  8.65400000E+01      5.132542

  3 S  3.05200000E+01      9.254405

  4 S  1.29800000E+01      4.873782

  5 S  4.41200000E+00      2.169635

  6 S  1.86200000E+00      1.136043

  7 S  3.93200000E-01      0.353892

  8 S  1.40000000E-01      0.163120

  9 P  2.95700000E+03    691.874478
  9 P  7.00300000E+02    925.332763
  9 P  2.24600000E+02   1068.830732

  10 P  8.25900000E+01    122.079275
  10 P  3.31900000E+01     57.580687
  10 P  1.42000000E+01     10.176170

  11 P  1.42000000E+01      3.129736
  11 P  7.43800000E+00      6.538168
  11 P  3.52600000E+00      4.166276

  12 P  1.59500000E+00      2.555000

  13 P  8.46200000E-01      1.156861

  14 P  3.18600000E-01      0.341191

  15 P  1.09600000E-01      0.089888

  16 D  1.34800000E+02    160.709187
  16 D  3.63900000E+01    119.797406
  16 D  1.21600000E+01     55.531619
  16 D  4.34100000E+00     12.984636

  17 D  1.53500000E+00      3.484168

  18 D  4.51000000E-01      0.408525



Printing Internal Coordinates

------------------------------------------------------------
                Bond Lengths

i      j        Length (Angstroms)     Length (Bohr)
0      1          1.3919809236         2.6304627180
0      4          1.3614545186         2.5727761730
0      5          1.0746552526         2.0308041072
1      2          1.4088686409         2.6623758787
1      6          1.0843543739         2.0491327902
2      3          1.3424648022         2.5368908099
2      9          1.4739621695         2.7853848203
3      7          1.0782394015         2.0375771670
3      12         1.4694548976         2.7768673109
4      8          1.0811608156         2.0430978396
4      12         1.4666711942         2.7716068737
9      10         1.1997360651         2.2671725863
9      11         1.2047405603         2.2766297118
12     13         1.0899277714         2.0596649849
12     14         1.9653170181         3.7139109147

Number of Bonds: 15

------------------------------------------------------------
           Bond Angles

i      j      k      Angle (degrees)
0      1      2        121.1728 
0      1      6        120.8547 
0      4      8        121.2049 
0      4      12       121.8786 
1      0      4        119.0233 
1      0      5        119.7290 
1      2      3        121.4909 
1      2      9        117.2420 
2      1      6        117.9645 
2      3      7        120.9244 
2      3      12       119.9455 
2      9      10       115.8657 
2      9      11       115.8508 
3      2      9        121.2659 
3      12     4        115.4634 
3      12     13       112.0890 
3      12     14       108.9454 
4      0      5        121.2469 
4      12     13       113.2679 
4      12     14       100.2421 
7      3      12       119.1062 
8      4      12       116.7284 
10     9      11       128.2678 
13     12     14       105.5734 

Number of Angles: 24

------------------------------------------------------------
              Torsional Angles

i      j      k      l      Angle (degrees)
3      2      1      0          4.9574 
4      0      1      2         -3.7223 
5      0      1      2        176.5834 
6      1      0      4        177.3333 
6      1      0      5         -2.3610 
6      1      2      3       -176.0685 
7      3      2      1       -179.5426 
8      4      0      1       -179.4620 
8      4      0      5          0.2276 
12     4      0      1         -4.6107 
12     4      0      5        175.0788 
13     12     4      0        142.2905 
13     12     4      8        -42.6396 
14     12     4      0       -105.7055 
14     12     4      8         69.3644 

Number of Torsional Angles: 15


----------------------------------------------------------------------
                          Center of Mass

         x               y               z              Unit
  -0.04335345747   0.09884488212  -0.03277999908      Angstrom
  -0.08192616122    0.1867897561  -0.06194522067          Bohr

----------------------------------------------------------------------
                Moment of Inertia Tensor

           1529.04          -721.764          -769.591
          -721.764           3161.67          -473.597
          -769.591          -473.597           3396.89

----------------------------------------------------------------------
                      Principal Moments of Inertia

           x                 y                 z                Unit
       261.6562502       941.9218482       1061.183007       amu * ang^2
       934.3914329       3363.663986       3789.553315      amu * bohr^2
  4.3449072202e-38  1.5640990942e-37  1.7621370425e-37          g * cm^2

 - Molecule is an asymmetric top.

----------------------------------------------------------------------

         Rotational constants (MHz)

    A = 1.9315e+03        B = 5.3654e+02        C = 4.7624e+02

----------------------------------------------------------------------

        Rotational constants (cm-1)

    A = 6.4427e-02        B = 1.7897e-02        C = 1.5886e-02

----------------------------------------------------------------------

                                Z-Matrix
C   
C        1       2.6304627
C        2       2.6623759     1       121.17275
C        3      2.53689081     2    121.49090584     1          4.9574
C        4      4.69155334     3     88.09742034     2         -2.9547
H        5      4.02042826     4    115.64588712     3          0.4784
H        6      4.68902274     5     93.36376271     4          2.2691
H        7      8.02584599     6     91.75389434     5         -2.2124
H        8      8.21687269     7     59.64945562     6          1.6653
N        9     10.07841041     8     30.02978592     7         -2.9077
O       10      2.26717259     9    116.45643921     8        -40.5220
O       11      4.08858867    10     25.92390959     9       -174.5919
C       12      8.79698464    11     65.09508844    10         -8.2654
H       13      2.05966498    12    137.87504264    11          9.7289
Br      14      4.70560111    13     49.48866409    12       -132.9500

----------------------------------------------------------------------

             Converted back to Cartesian

C        0.000000      0.000000      0.000000
C        0.000000      0.000000      2.630463
C        0.000000      0.098250     -0.030100
C       -0.000142     -0.089106      2.499863
C        0.000424      0.382795     -2.167897
H       -0.000422     -0.162232      1.815417
H        0.000811      0.605283     -2.810364
H       -0.001562     -0.929168      5.067431
H        0.000966      0.788086     -2.967992
N       -0.002114     -1.408282      6.868182
O       -0.000448     -0.836040      4.674416
O       -0.002125     -1.899196      8.622359
C       -0.005244      0.556134      0.174976
H       -0.001435     -0.101222      2.126920
Br      -0.009786      1.467656     -2.309433

----------------------------------------------------------------------
                       Geometry in bohr 

1     C      -1.7112106116    3.7602940432    1.5207011004
2     C       0.9050972828    3.6486317357    1.2721077746
3     C       2.1891902265    1.3164784139    1.2518219379
4     C       0.9338505572   -0.8878139648    1.2839529988
5     C      -3.0521269482    1.5660871426    1.6017979051
6     H      -2.6358197502    5.5647621678    1.6354096442
7     H       2.0203453779    5.3609594311    1.1201184930
8     H       1.9344315602   -2.6627941076    1.2819881491
9     H      -5.0876668187    1.5753622081    1.7771267136
10    N       4.9731894949    1.3941703014    1.2108263081
11    O       6.0252239442   -0.1981822571    2.4346352733
12    O       5.9014258346    3.0770089795   -0.0096138278
13    C      -1.8427339845   -0.9023869520    1.2471023089
14    H      -2.6256857601   -2.3734568299    2.4575401559
15    Br     -2.9987896107   -1.7167827074   -2.1870539521

 Number of nodes, processes per node used for SCF calculation: 1, 4

Common Options
{
  maxiter       = 100
  basis         = 6-311g* spherical
  geom_units    = angstrom
  ang2au factor = 1.889726126
  debug         = false
  file_prefix   = meta_th63_ph126_qed_ccsd_input
}

SCF Options
{
  charge            = 1
  multiplicity      = 1
  level shift       = 0
  tol_int           = 1e-22
  tol_sch           = 1e-12
  tol_lindep        = 1e-10
  conve             = 1e-07
  convd             = 1e-05
  diis_hist         = 10
  AO_tilesize       = 30
  writem            = 10
  damp              = 100
  n_lindep          = 0
  scf_type          = restricted
  cuscf             = false
  qed_omegas        = [0.06615,]
  qed_lambdas       = [0.1,]
  qed_polvecs       = [[-0.5237204946,0.7208394202,0.4539904997,],]
  direct_df         = false
  restart_size      = 2000
  restart           = false
  debug             = false
}

Number of basis functions = 221

Total number of shells = 105

Total number of electrons = 98
  # of alpha electrons    = 49
  # of beta electons      = 49

Nuclear repulsion energy  = 748.75846598399

# of {all,non-negligible} shell-pairs = {5565,4919}
Number of AO tiles = 105

Time for initial setup: 0.01 secs
HF exch = 1.00

Time for computing 1-e integrals T, V, S: 0.01 secs
Time for computing orthogonalizer: 0.01 secs

Superposition of Atomic Density Guess ...
Time taken for SAD: 0.49 secs
Total Time to compute initial guess: 0.49 secs


 SCF iterations
-----------------------------------------------------------------------------
 Iter     Energy            E-Diff       RMSD        |[F,P]|^2       Time(s)
-----------------------------------------------------------------------------
   1  -3011.8412899695    -3.01e+03     1.67e-02     1.50e+03         0.6 
   2  -3005.8006363410     6.04e+00     6.88e-03     7.62e+00         2.1 
   3  -3006.0085863579    -2.08e-01     2.69e-03     3.42e+00         2.2 
   4  -3006.1059519926    -9.74e-02     1.22e-03     1.38e-01         2.1 
   5  -3006.1139919999    -8.04e-03     2.59e-04     1.03e-02         2.1 
   6  -3006.1146328350    -6.41e-04     1.66e-04     1.83e-03         2.2 
   7  -3006.1148274822    -1.95e-04     6.78e-05     3.19e-04         2.1 
   8  -3006.1148642411    -3.68e-05     2.75e-05     7.37e-05         2.2 
   9  -3006.1148710932    -6.85e-06     1.45e-05     1.31e-05         2.2 
  10  -3006.1148726310    -1.54e-06     6.63e-06     2.71e-06         2.2 
  11  -3006.1148729377    -3.07e-07     3.61e-06     4.59e-07         2.2 
  12  -3006.1148730232    -8.55e-08     1.85e-06     1.28e-07         2.2 

** Total SCF energy = -3006.1148730232107

Nuclear repulsion energy = 748.758465983989709
#electrons        = 98
1e energy kinetic = 3006.2261036263253118
1e energy N-e     = -8650.6727184596347797
1e energy         = -5642.3935966981862293
2e energy         = 1889.3830635144365715
QED energy        = 0.1902123116716656
QED eT energy     = 0.1698806796121214
QED eT energy from matrix = 0.1698806796121143

 Polarizability Matrix (QED energy = 0.5 * lambda.dot(matrix * lambda))
[40.67397794,  2.01041098,  1.01235823]
[ 2.01041098, 42.08312698, -1.32040063]
[ 1.01235823, -1.32040063, 38.24723202]

 Polarizability Matrix (QED eT energy = 0.5 * lambda.dot(matrix * lambda))
[36.97920861,  2.14424188,  1.11459491]
[ 2.14424188, 38.64464927, -1.62794089]
[ 1.11459491, -1.62794089, 33.80636009]


                      Electron        Nuclear        Total  
                  ------------------------------------------
    Monopole         -98.000000     99.000000      1.000000

      Dipole   X      -5.637621      3.405892     -2.231729
      Dipole   Y     -29.964035     31.174987      1.210952
      Dipole   Z      -7.296828      8.666155      1.369327

  Quadrupole  XX   -1287.340789   1237.204642    -50.136148
  Quadrupole  XY    -330.517481    328.491930     -2.025551
  Quadrupole  XZ    -348.105988    345.347754     -2.758234
  Quadrupole  YY    -504.539992    467.176570    -37.363422
  Quadrupole  YZ    -217.410804    221.299097      3.888292
  Quadrupole  ZZ    -354.097091    307.470040    -46.627052

    Octupole XXX   -3135.100670   2992.716607   -142.384063
    Octupole XXY    -793.678997    762.114218    -31.564779
    Octupole XXZ    -520.445873    499.963283    -20.482590
    Octupole XYY     -94.778621     70.330582    -24.448039
    Octupole XYZ     431.398780   -429.100701      2.298079
    Octupole XZZ     215.552001   -247.855256    -32.303255
    Octupole YYY   -1050.148021   1011.509099    -38.638922
    Octupole YYZ    -178.616198    180.459395      1.843198
    Octupole YZZ     135.329435   -167.737511    -32.408076
    Octupole ZZZ      46.166268   -115.704665    -69.538397

writing orbitals and density to disk ... done.

Total Time taken for Hartree-Fock: 26.48 secs

CD Options
{
  debug             = false
  skip_cd           = [false, 100]
  write_cv          = [false, 5000]
  diagtol           = 1e-06
  itilesize         = 1000
  max_cvecs_factor  = 12
}

- #occupied, #virtual = 98, 344

- Tilesize for the MSO space: 40

-----------------------------------------------------
Begin 2-index transformation ... 

nAO, nMO, nelectrons = 221, 442, 98
n_occ_alpha, n_vir_alpha, n_occ_beta, n_vir_beta = 49,172,49,172

Time taken for Fao->Fmo transform: 0.00 secs

-----------------------------------------------------
Number of AO tiles = 105
# of {all,non-negligible} shell-pairs = {5565,4919}

    Begin Cholesky Decomposition
---------------------------------------------
Total # of mpi ranks used for Cholesky decomposition: 4
  --> Number of nodes, mpi ranks per node: 1, 4
- CPU memory required for computing cholesky vectors: 1.93 GiB

- Time for computing the diagonal: 0.01 secs

- Total number of cholesky vectors = 1641

- Time to compute cholesky vectors: 15.88 secs

- CPU memory required for resizing the ao cholesky tensor: 1.56 GiB
- CPU memory required for ao2mo transformation: 1.70 GiB
- CPU memory required for the 2-step contraction: 2.11 GiB

- Time for ao to mo transform: 1.54 secs

   End Cholesky Decomposition
---------------------------------------------

Total Time taken for Cholesky Decomposition: 19.71 secs

scf_type = restricted
Closed-Shell SCF
QED-HF Enabled
nbf = 203
nbf_orig = 221
n_lindep = 0
focc = 1
nmo = 406
nocc = 62
nvir = 344
n_occ_alpha = 31
n_vir_alpha = 172
n_occ_beta = 31
n_vir_beta = 172
nelectrons = 98
nelectrons_alpha = 49
nelectrons_beta = 49
freeze atomic = true
n_frozen_core = 18
n_frozen_virtual = 0
----------------------------
--------- QED-CCSD --------
lambda_x: -0.0524
lambda_y: 0.0721
lambda_z: 0.0454
omega: 0.066150
coupling_factor_x: -0.009525
coupling_factor_y: 0.013110
coupling_factor_z: 0.008257
----------------------------
# of {all,non-negligible} shell-pairs = {5565,4919}
Number of AO tiles = 105
----------------------------
Electronic dipole expectation value using SCF density: 
dipole_x_elec: -5.63736327
dipole_y_elec: -29.96408052
dipole_z_elec: -7.29684688

d_n/N value: d_n is nuclear dipole moment and N is the total number of electrons 
d_nuc_x: 0.03475400
d_nuc_y: 0.31811211
d_nuc_z: 0.08843015

<d_e+d_n> expectation values: 
dipole_total_x: -2.23147121
dipole_total_y: 1.21090599
dipole_total_z: 1.36930783
----------------------------


 CCSD iterations
------------------------------------------------------------
  Iter     Residuum          Correlation          Time(s)
------------------------------------------------------------
   1     1.1845671811743    0.0000000000000         85.69
   2     0.1719137139941   -1.6541081595065         84.79
   3     0.0724998527224   -1.6189893344789         84.43
   4     0.0252549655333   -1.6932094410749         84.87
   5     0.0224936757069   -1.6826409688024         84.41
 MICROCYCLE DIIS UPDATE:                    6
   6     0.0087039544016   -1.6943395839170         83.24
   7     0.0057826168394   -1.6941158604173         83.14
   8     0.0040443557294   -1.6958065452882         83.12
   9     0.0033475906063   -1.6959422322225         83.12
  10     0.0036924257788   -1.6964121589205         83.06
 MICROCYCLE DIIS UPDATE:                   11
  11     0.0007062797450   -1.6969561053786         83.26
  12     0.0005754837606   -1.6970047198896         82.97
  13     0.0004087238371   -1.6970420449129         83.01
  14     0.0004508025909   -1.6970184566917         82.99
  15     0.0004317684203   -1.6970473262087         83.12
 MICROCYCLE DIIS UPDATE:                   16
  16     0.0001101828184   -1.6970318490179         84.76
  17     0.0000686561253   -1.6970543401718         84.59
  18     0.0000609316527   -1.6970625819433         84.50
  19     0.0000476675436   -1.6970686132988         83.88
  20     0.0000539548291   -1.6970687117202         83.43
 MICROCYCLE DIIS UPDATE:                   21
  21     0.0000186462090   -1.6970779374238         83.64
  22     0.0000138772557   -1.6970756070791         83.49
  23     0.0000102454344   -1.6970755518273         83.62
  24     0.0000099796082   -1.6970743866459         83.64
  25     0.0000087362316   -1.6970747569014         83.81
 MICROCYCLE DIIS UPDATE:                   26
  26     0.0000031447069   -1.6970733439969         83.70
  27     0.0000020022843   -1.6970742036996         83.19
  28     0.0000017745156   -1.6970744225752         83.50
  29     0.0000015978307   -1.6970746411875         82.57
  30     0.0000017521676   -1.6970746324955         82.70
 MICROCYCLE DIIS UPDATE:                   31
  31     0.0000005903885   -1.6970749256791         83.17
------------------------------------------------------------------
 Iterations converged
 CCSD correlation energy / hartree =        -1.697074925679060
 CCSD total energy / hartree       =     -3007.811947948889610

Time taken for spin-orbital canonical QED-CCSD: 2661.07 secs
