
ExaChem Git Information
{
 WARNING: Failed to retrieve the current git state.
}


TAMM Git Information
{
 Branch: main
 Commit Hash: e71357ad [e71357ad54f38748b4a7e175aa6760820d5ce96f]
 Commit Date: 2026-02-02 23:14:56 -0800
 Commit Message: add GitHub Actions workflow for releases
}


date: Mon Aug 10 17:08:45 2026
program: "/global/cfs/cdirs/m3196/heindelj/cavity_qed/software/install_gpu/bin/bin/ExaChem"
nnodes: 1, nproc_per_node: 4, nproc_total: 4, ngpus_per_node: 1, ngpus_total: 1

Memory information
{
[AMD EPYC 7763 64-Core Processor                ] : 
  CPU memory per node (GiB): 251
  Total CPU memory (GiB): 251
[NVIDIA A100-SXM4-80GB, CUDA v12.9] : 
  GPU memory per device (GiB): 79
  GPU memory per node (GiB): 79
  Total GPU memory (GiB): 79
}

------------------------------------------------------------

Input file provided: /global/cfs/cdirs/m4262/heindelj/cavity_qed/mlip/lambda_scans/grid_scans_optimized_geoms/runs_grid_no_freq/para_th9_ph144/para_th9_ph144_qed_ccsd_input.json

{
  "geometry": {
    "coordinates": [
      "C    -0.479829776000    1.241802596700    0.508031929800",
      "C     0.876087738900    1.254199962000    0.644501244600",
      "C     1.529679937800    0.024550637700    0.721229641000",
      "H    -1.043561000700    2.165102601800    0.451283163100",
      "H     1.450852646200    2.168922226500    0.681369804500",
      "N     3.023148933600    0.048053447300    0.893520273500",
      "O     3.554148448000   -1.021721471200    1.026285022000",
      "O     3.536005034600    1.134724419400    0.884500540200",
      "C    -0.442513065300   -1.252792411600    0.504055686900",
      "H    -0.978858397700   -2.191931558200    0.441930738200",
      "C     0.912836132800   -1.224321498400    0.645011624100",
      "H     1.513347649000   -2.121912336200    0.687209356900",
      "C    -1.227058525700   -0.017039584400    0.533195138600",
      "H    -1.623834122900   -0.029054399600    1.563090162800",
      "Br   -2.834532371500   -0.031062153400   -0.519774694500"
    ],
    "units": "angstrom",
    "noorient": true
  },
  "common": {
    "maxiter": 100,
    "debug": false
  },
  "basis": {
    "basisset": "6-311G*"
  },
  "SCF": {
    "charge": 1,
    "multiplicity": 1,
    "lshift": 0,
    "tol_lindep": 1e-10,
    "conve": 1e-07,
    "convd": 1e-05,
    "diis_hist": 10,
    "writem": 10,
    "restart": false,
    "noscf": false,
    "scf_type": "restricted",
    "debug": false,
    "qed_omegas": [
      0.06615
    ],
    "qed_volumes": [],
    "qed_lambdas": [
      0.1
    ],
    "qed_polvecs": [
      [
        -0.12655814072350036,
        0.09194987150091019,
        0.9876883405951378
      ]
    ],
    "direct_df": false
  },
  "CD": {
    "debug": false,
    "diagtol": 1e-06
  },
  "CC": {
    "threshold": 1e-06,
    "ndiis": 5,
    "ccsd_maxiter": 200,
    "tilesize": 40,
    "freeze": {
      "atomic": true
    },
    "readt": false,
    "writet": true,
    "writet_iter": 5,
    "debug": false,
    "profile_ccsd": false,
    "balance_tiles": true
  },
  "TASK": {
    "scf": false,
    "ccsd": true
  }
}

Output folder & files prefix: para_th9_ph144_qed_ccsd_input.6-311g*

  C (carbon)
  ----------
          Exponent        Coefficients
      ----------------  --------------------
  1 S  4.56324000E+03      0.778202
  1 S  6.82024000E+02      1.448695
  1 S  1.54973000E+02      2.383089
  1 S  4.44553000E+01      3.200089
  1 S  1.30290000E+01      3.013004
  1 S  1.82773000E+00      0.247599

  2 S  2.09642000E+01      0.800629
  2 S  4.80331000E+00      2.127420
  2 S  1.45933000E+00     -0.002868

  3 P  2.09642000E+01      2.573592
  3 P  4.80331000E+00      2.408248
  3 P  1.45933000E+00      1.865281

  4 S  4.83456000E-01      0.413217

  5 P  4.83456000E-01      0.574627

  6 S  1.45585000E-01      0.167976

  7 P  1.45585000E-01      0.128185

  8 D  6.26000000E-01      0.725128


  H (hydrogen)
  ------------
          Exponent        Coefficients
      ----------------  --------------------
  1 S  3.38650000E+01      0.255069
  1 S  5.09479000E+00      0.460109
  1 S  1.15879000E+00      0.678321

  2 S  3.25840000E-01      0.307371

  3 S  1.02741000E-01      0.129336


  N (nitrogen)
  ------------
          Exponent        Coefficients
      ----------------  --------------------
  1 S  6.29348000E+03      0.991968
  1 S  9.49044000E+02      1.823240
  1 S  2.18776000E+02      2.979891
  1 S  6.36916000E+01      4.000007
  1 S  1.88282000E+01      3.881008
  1 S  2.72023000E+00      0.386764

  2 S  3.06331000E+01      1.038501
  2 S  7.02614000E+00      2.834794
  2 S  2.11205000E+00     -0.003208

  3 P  3.06331000E+01      3.935616
  3 P  7.02614000E+00      3.870994
  3 P  2.11205000E+00      2.967271

  4 S  6.84009000E-01      0.536051

  5 P  6.84009000E-01      0.886681

  6 S  2.00878000E-01      0.213850

  7 P  2.00878000E-01      0.191693

  8 D  9.13000000E-01      1.403568


  O (oxygen)
  ----------
          Exponent        Coefficients
      ----------------  --------------------
  1 S  8.58850000E+03      1.205013
  1 S  1.29723000E+03      2.216205
  1 S  2.99296000E+02      3.627452
  1 S  8.73771000E+01      4.888452
  1 S  2.56789000E+01      4.835721
  1 S  3.74004000E+00      0.538229

  2 S  4.21175000E+01      1.341958
  2 S  9.62837000E+00      3.587114
  2 S  2.85332000E+00     -0.005123

  3 P  4.21175000E+01      5.584018
  3 P  9.62837000E+00      5.733366
  3 P  2.85332000E+00      4.332955

  4 S  9.05661000E-01      0.661659

  5 P  9.05661000E-01      1.259352

  6 S  2.55611000E-01      0.256209

  7 P  2.55611000E-01      0.259068

  8 D  1.29200000E+00      2.577026


  Br (bromine)
  ------------
          Exponent        Coefficients
      ----------------  --------------------
  1 S  4.39700000E+05      9.893706
  1 S  6.60300000E+04     18.450679
  1 S  1.51400000E+04     31.049770
  1 S  4.31700000E+03     48.888138
  1 S  1.41400000E+03     64.847798
  1 S  5.23900000E+02     42.245010

  2 S  5.23900000E+02     14.290679
  2 S  2.07700000E+02     24.083128
  2 S  8.65400000E+01      5.132542

  3 S  3.05200000E+01      9.254405

  4 S  1.29800000E+01      4.873782

  5 S  4.41200000E+00      2.169635

  6 S  1.86200000E+00      1.136043

  7 S  3.93200000E-01      0.353892

  8 S  1.40000000E-01      0.163120

  9 P  2.95700000E+03    691.874478
  9 P  7.00300000E+02    925.332763
  9 P  2.24600000E+02   1068.830732

  10 P  8.25900000E+01    122.079275
  10 P  3.31900000E+01     57.580687
  10 P  1.42000000E+01     10.176170

  11 P  1.42000000E+01      3.129736
  11 P  7.43800000E+00      6.538168
  11 P  3.52600000E+00      4.166276

  12 P  1.59500000E+00      2.555000

  13 P  8.46200000E-01      1.156861

  14 P  3.18600000E-01      0.341191

  15 P  1.09600000E-01      0.089888

  16 D  1.34800000E+02    160.709187
  16 D  3.63900000E+01    119.797406
  16 D  1.21600000E+01     55.531619
  16 D  4.34100000E+00     12.984636

  17 D  1.53500000E+00      3.484168

  18 D  4.51000000E-01      0.408525



Printing Internal Coordinates

------------------------------------------------------------
                Bond Lengths

i      j        Length (Angstroms)     Length (Bohr)
0      1          1.3628242278         2.5753645482
0      3          1.0832803034         2.0471030909
0      12         1.4641269168         2.7667988862
1      2          1.3946710974         2.6355464099
1      4          1.0809397812         2.0426801450
2      5          1.5035578092         2.8413124738
2      10         1.3949864079         2.6361422603
5      6          1.2016677324         2.2708229085
5      7          1.2016474265         2.2707845359
8      9          1.0832858171         2.0471135104
8      10         1.3629565723         2.5756146431
8      12         1.4640511388         2.7666556866
10     11         1.0807701152         2.0423595227
12     13         1.1037477027         2.0857808702
12     14         1.9216956749         3.6314785228

Number of Bonds: 15

------------------------------------------------------------
           Bond Angles

i      j      k      Angle (degrees)
0      1      2        117.6293 
0      1      4        122.6936 
0      12     8        116.8649 
0      12     13       102.0555 
0      12     14       115.0725 
1      0      3        121.0140 
1      0      12       120.9221 
1      2      5        117.2590 
1      2      10       125.3871 
2      1      4        119.6722 
2      5      6        115.9550 
2      5      7        115.9258 
2      10     8        117.6500 
2      10     11       119.7155 
3      0      12       117.9129 
5      2      10       117.3532 
6      5      7        128.1190 
8      10     11       122.6306 
8      12     13       101.6551 
8      12     14       115.5429 
9      8      10       121.0902 
9      8      12       117.8770 
10     8      12       120.8767 
13     12     14       102.1513 

Number of Angles: 24

------------------------------------------------------------
              Torsional Angles

i      j      k      l      Angle (degrees)
3      0      1      2        179.4956 
4      1      0      3         -1.3142 
8      10     2      1         -1.0473 
8      12     0      1         -9.0764 
8      12     0      3        175.3457 
9      8      10     2       -179.8333 
9      8      12     0       -175.2018 
10     2      1      0          1.2606 
10     2      1      4       -177.9550 
10     8      12     0          9.2918 
11     10     2      1        178.2625 
11     10     8      9          0.8785 
12     0      1      2          4.0553 
12     0      1      4       -176.7545 
12     8      10     2         -4.4720 
12     8      10     11       176.2399 
13     12     0      1        100.7854 
13     12     0      3        -74.7925 
13     12     8      9         74.7052 
13     12     8      10      -100.8013 
14     12     0      1       -149.4868 
14     12     0      3         34.9353 
14     12     8      9        -34.9759 
14     12     8      10       149.5176 

Number of Torsional Angles: 24


----------------------------------------------------------------------
                          Center of Mass

         x               y               z              Unit
   -0.2830428903  0.001506996559    0.2368256391      Angstrom
   -0.5348735446  0.002847810769    0.4475355976          Bohr

----------------------------------------------------------------------
                Moment of Inertia Tensor

           752.758          -53.9156          -1034.69
          -53.9156           4698.83          -5.01024
          -1034.69          -5.01024           4877.84

----------------------------------------------------------------------
                      Principal Moments of Inertia

           x                 y                 z                Unit
       141.9997124       1315.960267       1434.573169       amu * ang^2
        507.090179       4699.379427       5122.953791      amu * bohr^2
  2.3579623085e-38  2.1852049243e-37  2.3821664169e-37          g * cm^2

 - Molecule is an asymmetric top.

----------------------------------------------------------------------

         Rotational constants (MHz)

    A = 3.5590e+03        B = 3.8404e+02        C = 3.5229e+02

----------------------------------------------------------------------

        Rotational constants (cm-1)

    A = 1.1872e-01        B = 1.2810e-02        C = 1.1751e-02

----------------------------------------------------------------------

                                Z-Matrix
C   
C        1       2.5753645
C        2       2.6355464     1       117.62929
H        3      6.34576751     2     22.24818481     1         -0.3683
H        4      4.73377484     3     39.69412008     2          0.2443
N        5      5.00517351     4    126.67345957     3         -0.9360
O        6      2.27082291     5    169.74351811     4        -13.4331
O        7      4.08403477     6     25.94027202     5       -166.2409
C        8      8.79759987     7     60.05420181     6         -0.8334
H        9      2.04711351     8    150.73863354     7         -5.4368
C       10      4.03358900     9     33.14903400     8          1.2291
H       11      2.04235952    10     96.87233102     9       -179.2548
C       12      6.53638639    11     18.67517715    10         -3.8823
H       13      2.08578087    12    103.68805779    11       -102.9859
Br      14      4.55267942    13     51.24097645    12       -140.4606

----------------------------------------------------------------------

             Converted back to Cartesian

C        0.000000      0.000000      0.000000
C        0.000000      0.000000      2.575365
C        0.000000      0.094417     -0.058490
H        0.000005     -0.175889      6.281518
H       -0.000009      0.082922      1.554823
N        0.000097     -0.383321      6.538234
O        0.000474     -0.055218      4.291239
O        0.001313     -0.677185      8.327636
C       -0.008018      0.821276     -0.341407
H       -0.001302      0.380484      1.657676
C       -0.016518      1.288694     -2.272307
H       -0.002606      0.770639     -0.296792
C       -0.050912      2.464374     -6.609737
H       -0.026754      1.861129     -4.613242
Br      -0.085875      3.245409     -8.949965

----------------------------------------------------------------------
                       Geometry in bohr 

1     C      -0.9067468637    2.3466668102    0.9600412105
2     C       1.6555658888    2.3700944353    1.2179308401
3     C       2.8906761427    0.0463939815    1.3629264954
4     H      -1.9720444870    4.0914509519    0.8528015835
5     H       2.7417141504    4.0986689965    1.2876023210
6     N       5.7129235223    0.0908078548    1.6885086049
7     O       6.7163671775   -1.9307737575    1.9393976187
8     O       6.6820810952    2.1443183810    1.6714637792
9     C      -0.8362285006   -2.3674345505    0.9525272004
10    H      -1.8497742877   -4.1421503317    0.8351280618
11    C       1.7250102888   -2.3136323220    1.2188953176
12    H       2.8598125899   -4.0098331786    1.2986374757
13    C      -2.3188045540   -0.0322001478    1.0075927836
14    H      -3.0686017662   -0.0549048580    2.9538123178
15    Br     -5.3564898772   -0.0586989628   -0.9822318198

 Number of nodes, processes per node used for SCF calculation: 1, 4

Common Options
{
  maxiter       = 100
  basis         = 6-311g* spherical
  geom_units    = angstrom
  ang2au factor = 1.889726126
  debug         = false
  file_prefix   = para_th9_ph144_qed_ccsd_input
}

SCF Options
{
  charge            = 1
  multiplicity      = 1
  level shift       = 0
  tol_int           = 1e-22
  tol_sch           = 1e-12
  tol_lindep        = 1e-10
  conve             = 1e-07
  convd             = 1e-05
  diis_hist         = 10
  AO_tilesize       = 30
  writem            = 10
  damp              = 100
  n_lindep          = 0
  scf_type          = restricted
  cuscf             = false
  qed_omegas        = [0.06615,]
  qed_lambdas       = [0.1,]
  qed_polvecs       = [[-0.1265581407,0.0919498715,0.9876883406,],]
  direct_df         = false
  restart_size      = 2000
  restart           = false
  debug             = false
}

Number of basis functions = 221

Total number of shells = 105

Total number of electrons = 98
  # of alpha electrons    = 49
  # of beta electons      = 49

Nuclear repulsion energy  = 721.193165085014

# of {all,non-negligible} shell-pairs = {5565,4836}
Number of AO tiles = 105

Time for initial setup: 0.03 secs
HF exch = 1.00

Time for computing 1-e integrals T, V, S: 0.01 secs
Time for computing orthogonalizer: 0.01 secs

Superposition of Atomic Density Guess ...
Time taken for SAD: 0.29 secs
Total Time to compute initial guess: 0.29 secs


 SCF iterations
-----------------------------------------------------------------------------
 Iter     Energy            E-Diff       RMSD        |[F,P]|^2       Time(s)
-----------------------------------------------------------------------------
   1  -3011.7000658795    -3.01e+03     1.72e-02     1.50e+03         0.6 
   2  -3005.8401163644     5.86e+00     6.87e-03     7.42e+00         2.1 
   3  -3006.0066276121    -1.67e-01     2.88e-03     3.96e+00         2.0 
   4  -3006.1186780764    -1.12e-01     1.20e-03     1.02e-01         2.0 
   5  -3006.1240151773    -5.34e-03     2.63e-04     1.24e-02         2.0 
   6  -3006.1246105706    -5.95e-04     1.77e-04     1.23e-03         2.0 
   7  -3006.1247440248    -1.33e-04     8.35e-05     1.97e-04         2.1 
   8  -3006.1247719649    -2.79e-05     3.07e-05     3.29e-05         2.1 
   9  -3006.1247766655    -4.70e-06     1.17e-05     4.58e-06         2.1 
  10  -3006.1247773209    -6.55e-07     3.60e-06     5.11e-07         2.1 
  11  -3006.1247773750    -5.41e-08     1.16e-06     9.06e-08         2.1 

** Total SCF energy = -3006.1247773749637

Nuclear repulsion energy = 721.193165085014016
#electrons        = 98
1e energy kinetic = 3006.1449825587042142
1e energy N-e     = -8595.6171951198957686
1e energy         = -5588.9884583421862772
2e energy         = 1861.9811992353493224
QED energy        = 0.1730708658655259
QED eT energy     = 0.1461988034198416
QED eT energy from matrix = 0.1461988034198429

 Polarizability Matrix (QED energy = 0.5 * lambda.dot(matrix * lambda))
[43.83902732,  0.02558046,  1.80228857]
[ 0.02558046, 43.79672029, -0.33325816]
[ 1.80228857, -0.33325816, 34.90766391]

 Polarizability Matrix (QED eT energy = 0.5 * lambda.dot(matrix * lambda))
[40.64033204,  0.02973042,  2.33163992]
[ 0.02973042, 40.58354371, -0.39190197]
[ 2.33163992, -0.39190197, 29.62547332]


                      Electron        Nuclear        Total  
                  ------------------------------------------
    Monopole         -98.000000     99.000000      1.000000

      Dipole   X      27.066185    -28.331154     -1.264969
      Dipole   Y      -0.589034      0.572109     -0.016925
      Dipole   Z     -52.697205     53.875803      1.178597

  Quadrupole  XX   -2158.647276   2109.008072    -49.639204
  Quadrupole  XY     -25.188835     25.014765     -0.174071
  Quadrupole  XZ    -466.081111    464.512000     -1.569111
  Quadrupole  YY    -307.260400    266.074608    -41.185792
  Quadrupole  YZ      -2.115801      2.317137      0.201336
  Quadrupole  ZZ    -212.956712    165.684399    -47.272313

    Octupole XXX    -991.084593    857.996263   -133.088330
    Octupole XXY     -32.695725     30.819232     -1.876492
    Octupole XXZ    -959.110196    901.967335    -57.142861
    Octupole XYY    -549.670020    526.211806    -23.458215
    Octupole XYZ      15.509966    -14.593856      0.916110
    Octupole XZZ    -323.041450    303.092804    -19.948646
    Octupole YYY     -28.849715     26.595283     -2.254432
    Octupole YYZ    -363.176308    334.400430    -28.775878
    Octupole YZZ       9.886869     -9.820166      0.066703
    Octupole ZZZ    -283.302286    181.072850   -102.229436

writing orbitals and density to disk ... done.

Total Time taken for Hartree-Fock: 22.60 secs

CD Options
{
  debug             = false
  skip_cd           = [false, 100]
  write_cv          = [false, 5000]
  diagtol           = 1e-06
  itilesize         = 1000
  max_cvecs_factor  = 12
}

- #occupied, #virtual = 98, 344

- Tilesize for the MSO space: 40

-----------------------------------------------------
Begin 2-index transformation ... 

nAO, nMO, nelectrons = 221, 442, 98
n_occ_alpha, n_vir_alpha, n_occ_beta, n_vir_beta = 49,172,49,172

Time taken for Fao->Fmo transform: 0.00 secs

-----------------------------------------------------
Number of AO tiles = 105
# of {all,non-negligible} shell-pairs = {5565,4836}

    Begin Cholesky Decomposition
---------------------------------------------
Total # of mpi ranks used for Cholesky decomposition: 4
  --> Number of nodes, mpi ranks per node: 1, 4
- CPU memory required for computing cholesky vectors: 1.93 GiB

- Time for computing the diagonal: 0.01 secs

- Total number of cholesky vectors = 1649

- Time to compute cholesky vectors: 15.27 secs

- CPU memory required for resizing the ao cholesky tensor: 1.57 GiB
- CPU memory required for ao2mo transformation: 1.70 GiB
- CPU memory required for the 2-step contraction: 2.12 GiB

- Time for ao to mo transform: 1.58 secs

   End Cholesky Decomposition
---------------------------------------------

Total Time taken for Cholesky Decomposition: 18.68 secs

scf_type = restricted
Closed-Shell SCF
QED-HF Enabled
nbf = 203
nbf_orig = 221
n_lindep = 0
focc = 1
nmo = 406
nocc = 62
nvir = 344
n_occ_alpha = 31
n_vir_alpha = 172
n_occ_beta = 31
n_vir_beta = 172
nelectrons = 98
nelectrons_alpha = 49
nelectrons_beta = 49
freeze atomic = true
n_frozen_core = 18
n_frozen_virtual = 0
----------------------------
--------- QED-CCSD --------
lambda_x: -0.0127
lambda_y: 0.0092
lambda_z: 0.0988
omega: 0.066150
coupling_factor_x: -0.002302
coupling_factor_y: 0.001672
coupling_factor_z: 0.017963
----------------------------
# of {all,non-negligible} shell-pairs = {5565,4836}
Number of AO tiles = 105
----------------------------
Electronic dipole expectation value using SCF density: 
dipole_x_elec: 27.06634911
dipole_y_elec: -0.58877293
dipole_z_elec: -52.69719172

d_n/N value: d_n is nuclear dipole moment and N is the total number of electrons 
d_nuc_x: -0.28909341
d_nuc_y: 0.00583785
d_nuc_z: 0.54975309

<d_e+d_n> expectation values: 
dipole_total_x: -1.26480514
dipole_total_y: -0.01666384
dipole_total_z: 1.17861085
----------------------------


 CCSD iterations
------------------------------------------------------------
  Iter     Residuum          Correlation          Time(s)
------------------------------------------------------------
   1     1.1861630786869    0.0000000000000         85.99
   2     0.1674887435474   -1.7021188061243         84.58
   3     0.0672156296764   -1.6261705038555         84.18
   4     0.0202391071976   -1.6987005844977         84.23
   5     0.0148018880820   -1.6877451918194         84.31
 MICROCYCLE DIIS UPDATE:                    6
   6     0.0057014737550   -1.6968690552487         82.82
   7     0.0029055949490   -1.6967341353581         82.89
   8     0.0018043307657   -1.6975042736324         83.43
   9     0.0010528749216   -1.6975301791170         83.36
  10     0.0008228974333   -1.6977321802056         83.26
 MICROCYCLE DIIS UPDATE:                   11
  11     0.0002944857800   -1.6978591592942         83.79
  12     0.0002359734163   -1.6979566609092         83.64
  13     0.0001532760811   -1.6979289223314         82.43
  14     0.0001352470927   -1.6979325163130         82.20
  15     0.0000933552633   -1.6979292868391         82.23
 MICROCYCLE DIIS UPDATE:                   16
  16     0.0000275912518   -1.6979179909023         82.46
  17     0.0000164869441   -1.6979297920850         83.48
  18     0.0000119277892   -1.6979321350647         83.23
  19     0.0000095782956   -1.6979328857253         83.56
  20     0.0000081897209   -1.6979335299541         83.51
 MICROCYCLE DIIS UPDATE:                   21
  21     0.0000028041251   -1.6979337785325         83.76
  22     0.0000020025869   -1.6979344543037         83.49
  23     0.0000014930627   -1.6979342724632         83.58
  24     0.0000011866132   -1.6979342400028         84.38
  25     0.0000009506778   -1.6979342180027         83.40
------------------------------------------------------------------
 Iterations converged
 CCSD correlation energy / hartree =        -1.697934218002737
 CCSD total energy / hartree       =     -3007.822711592966698

Time taken for spin-orbital canonical QED-CCSD: 2134.95 secs
