
ExaChem Git Information
{
 WARNING: Failed to retrieve the current git state.
}


TAMM Git Information
{
 Branch: main
 Commit Hash: e71357ad [e71357ad54f38748b4a7e175aa6760820d5ce96f]
 Commit Date: 2026-02-02 23:14:56 -0800
 Commit Message: add GitHub Actions workflow for releases
}


date: Mon Aug 10 12:10:21 2026
program: "/global/cfs/cdirs/m3196/heindelj/cavity_qed/software/install_gpu/bin/bin/ExaChem"
nnodes: 1, nproc_per_node: 4, nproc_total: 4, ngpus_per_node: 1, ngpus_total: 1

Memory information
{
[AMD EPYC 7763 64-Core Processor                ] : 
  CPU memory per node (GiB): 251
  Total CPU memory (GiB): 251
[NVIDIA A100-SXM4-80GB, CUDA v12.9] : 
  GPU memory per device (GiB): 79
  GPU memory per node (GiB): 79
  Total GPU memory (GiB): 79
}

------------------------------------------------------------

Input file provided: /global/cfs/cdirs/m4262/heindelj/cavity_qed/mlip/lambda_scans/grid_scans_optimized_geoms/runs_grid_no_freq/ortho_th27_ph162/ortho_th27_ph162_qed_ccsd_input.json

{
  "geometry": {
    "coordinates": [
      "C    -1.786753788600    1.939201759900    0.704694102300",
      "C    -0.369421151400    1.985568847700    0.719085416900",
      "C     0.293716616600    0.819641048100    0.714130380100",
      "C    -2.511147176500    0.749826981800    0.743971433900",
      "H    -2.323526037400    2.880244448400    0.677216639700",
      "H     0.163638550900    2.925777487800    0.742167887600",
      "H    -3.589477509700    0.769024487300    0.767033999800",
      "N     1.780014705400    0.825286089500    0.765811114600",
      "O     2.294986550100   -0.246577534100    0.959588795100",
      "O     2.312852506900    1.895023408800    0.650912283700",
      "C    -1.833309829700   -0.434200009300    0.757457170700",
      "H    -2.357860873300   -1.382314602100    0.778456098400",
      "C    -0.368655338600   -0.491203147400    0.632792354400",
      "H     0.095264422700   -1.207699780700    1.312349132800",
      "Br   -0.153822552900   -1.243122731100   -1.135938818500"
    ],
    "units": "angstrom",
    "noorient": true
  },
  "common": {
    "maxiter": 100,
    "debug": false
  },
  "basis": {
    "basisset": "6-311G*"
  },
  "SCF": {
    "charge": 1,
    "multiplicity": 1,
    "lshift": 0,
    "tol_lindep": 1e-10,
    "conve": 1e-07,
    "convd": 1e-05,
    "diis_hist": 10,
    "writem": 10,
    "restart": false,
    "noscf": false,
    "scf_type": "restricted",
    "debug": false,
    "qed_omegas": [
      0.06615
    ],
    "qed_volumes": [],
    "qed_lambdas": [
      0.1
    ],
    "qed_polvecs": [
      [
        -0.43177062311338915,
        0.14029077970429513,
        0.8910065241883679
      ]
    ],
    "direct_df": false
  },
  "CD": {
    "debug": false,
    "diagtol": 1e-06
  },
  "CC": {
    "threshold": 1e-06,
    "ndiis": 5,
    "ccsd_maxiter": 200,
    "tilesize": 40,
    "freeze": {
      "atomic": true
    },
    "readt": false,
    "writet": true,
    "writet_iter": 5,
    "debug": false,
    "profile_ccsd": false,
    "balance_tiles": true
  },
  "TASK": {
    "scf": false,
    "ccsd": true
  }
}

Output folder & files prefix: ortho_th27_ph162_qed_ccsd_input.6-311g*

  C (carbon)
  ----------
          Exponent        Coefficients
      ----------------  --------------------
  1 S  4.56324000E+03      0.778202
  1 S  6.82024000E+02      1.448695
  1 S  1.54973000E+02      2.383089
  1 S  4.44553000E+01      3.200089
  1 S  1.30290000E+01      3.013004
  1 S  1.82773000E+00      0.247599

  2 S  2.09642000E+01      0.800629
  2 S  4.80331000E+00      2.127420
  2 S  1.45933000E+00     -0.002868

  3 P  2.09642000E+01      2.573592
  3 P  4.80331000E+00      2.408248
  3 P  1.45933000E+00      1.865281

  4 S  4.83456000E-01      0.413217

  5 P  4.83456000E-01      0.574627

  6 S  1.45585000E-01      0.167976

  7 P  1.45585000E-01      0.128185

  8 D  6.26000000E-01      0.725128


  H (hydrogen)
  ------------
          Exponent        Coefficients
      ----------------  --------------------
  1 S  3.38650000E+01      0.255069
  1 S  5.09479000E+00      0.460109
  1 S  1.15879000E+00      0.678321

  2 S  3.25840000E-01      0.307371

  3 S  1.02741000E-01      0.129336


  N (nitrogen)
  ------------
          Exponent        Coefficients
      ----------------  --------------------
  1 S  6.29348000E+03      0.991968
  1 S  9.49044000E+02      1.823240
  1 S  2.18776000E+02      2.979891
  1 S  6.36916000E+01      4.000007
  1 S  1.88282000E+01      3.881008
  1 S  2.72023000E+00      0.386764

  2 S  3.06331000E+01      1.038501
  2 S  7.02614000E+00      2.834794
  2 S  2.11205000E+00     -0.003208

  3 P  3.06331000E+01      3.935616
  3 P  7.02614000E+00      3.870994
  3 P  2.11205000E+00      2.967271

  4 S  6.84009000E-01      0.536051

  5 P  6.84009000E-01      0.886681

  6 S  2.00878000E-01      0.213850

  7 P  2.00878000E-01      0.191693

  8 D  9.13000000E-01      1.403568


  O (oxygen)
  ----------
          Exponent        Coefficients
      ----------------  --------------------
  1 S  8.58850000E+03      1.205013
  1 S  1.29723000E+03      2.216205
  1 S  2.99296000E+02      3.627452
  1 S  8.73771000E+01      4.888452
  1 S  2.56789000E+01      4.835721
  1 S  3.74004000E+00      0.538229

  2 S  4.21175000E+01      1.341958
  2 S  9.62837000E+00      3.587114
  2 S  2.85332000E+00     -0.005123

  3 P  4.21175000E+01      5.584018
  3 P  9.62837000E+00      5.733366
  3 P  2.85332000E+00      4.332955

  4 S  9.05661000E-01      0.661659

  5 P  9.05661000E-01      1.259352

  6 S  2.55611000E-01      0.256209

  7 P  2.55611000E-01      0.259068

  8 D  1.29200000E+00      2.577026


  Br (bromine)
  ------------
          Exponent        Coefficients
      ----------------  --------------------
  1 S  4.39700000E+05      9.893706
  1 S  6.60300000E+04     18.450679
  1 S  1.51400000E+04     31.049770
  1 S  4.31700000E+03     48.888138
  1 S  1.41400000E+03     64.847798
  1 S  5.23900000E+02     42.245010

  2 S  5.23900000E+02     14.290679
  2 S  2.07700000E+02     24.083128
  2 S  8.65400000E+01      5.132542

  3 S  3.05200000E+01      9.254405

  4 S  1.29800000E+01      4.873782

  5 S  4.41200000E+00      2.169635

  6 S  1.86200000E+00      1.136043

  7 S  3.93200000E-01      0.353892

  8 S  1.40000000E-01      0.163120

  9 P  2.95700000E+03    691.874478
  9 P  7.00300000E+02    925.332763
  9 P  2.24600000E+02   1068.830732

  10 P  8.25900000E+01    122.079275
  10 P  3.31900000E+01     57.580687
  10 P  1.42000000E+01     10.176170

  11 P  1.42000000E+01      3.129736
  11 P  7.43800000E+00      6.538168
  11 P  3.52600000E+00      4.166276

  12 P  1.59500000E+00      2.555000

  13 P  8.46200000E-01      1.156861

  14 P  3.18600000E-01      0.341191

  15 P  1.09600000E-01      0.089888

  16 D  1.34800000E+02    160.709187
  16 D  3.63900000E+01    119.797406
  16 D  1.21600000E+01     55.531619
  16 D  4.34100000E+00     12.984636

  17 D  1.53500000E+00      3.484168

  18 D  4.51000000E-01      0.408525



Printing Internal Coordinates

------------------------------------------------------------
                Bond Lengths

i      j        Length (Angstroms)     Length (Bohr)
0      1          1.4181638908         2.6799413553
0      3          1.3931621772         2.6326949639
0      4          1.0837161988         2.0479268140
1      2          1.3413291489         2.5347447361
1      5          1.0810539920         2.0428959722
2      7          1.4872070379         2.8104139942
2      12         1.4709401709         2.7796740706
3      6          1.0787477618         2.0385378288
3      10         1.3643918973         2.5783270143
7      8          1.2048391668         2.2768160510
7      9          1.2006064286         2.2688173350
10     11         1.0837509093         2.0479924073
10     12         1.4710552173         2.7798914769
12     13         1.0910482966         2.0617824707
12     14         1.9338940375         3.6545300873

Number of Bonds: 15

------------------------------------------------------------
           Bond Angles

i      j      k      Angle (degrees)
0      1      2        117.7518 
0      1      5        121.4299 
0      3      6        120.3428 
0      3      10       118.8700 
1      0      3        123.1810 
1      0      4        117.8322 
1      2      7        119.3839 
1      2      12       123.5184 
2      1      5        120.8161 
2      7      8        115.4276 
2      7      9        116.3333 
2      12     10       114.1500 
2      12     13       111.0582 
2      12     14       110.3066 
3      0      4        118.9798 
3      10     11       121.2603 
3      10     12       121.8322 
6      3      10       120.7868 
7      2      12       117.0864 
8      7      9        128.1965 
10     12     13       113.3296 
10     12     14       101.7229 
11     10     12       116.7213 
13     12     14       105.4908 

Number of Angles: 24

------------------------------------------------------------
              Torsional Angles

i      j      k      l      Angle (degrees)
3      0      1      2          2.8561 
4      0      1      2       -178.1189 
5      1      0      3       -176.6105 
5      1      0      4          2.4145 
6      3      0      1        177.7740 
6      3      0      4         -1.2403 
10     3      0      1         -1.9960 
10     3      0      4        178.9896 
11     10     3      0       -179.4224 
11     10     3      6          0.8086 

Number of Torsional Angles: 10


----------------------------------------------------------------------
                          Center of Mass

         x               y               z              Unit
 -0.003187121524  -0.01271502167  0.006304728073      Angstrom
  -0.00602278681  -0.02402790865   0.01191420936          Bohr

----------------------------------------------------------------------
                Moment of Inertia Tensor

           1779.11          -116.632          -102.621
          -116.632           2043.18          -640.302
          -102.621          -640.302           2583.82

----------------------------------------------------------------------
                      Principal Moments of Inertia

           x                 y                 z                Unit
       427.0697614       524.2463289       842.5740348       amu * ang^2
       1525.093805       1872.117628       3008.886503      amu * bohr^2
  7.0916650697e-38  8.7053210384e-38  1.3991280563e-37          g * cm^2

 - Molecule is an asymmetric top.

----------------------------------------------------------------------

         Rotational constants (MHz)

    A = 1.1834e+03        B = 9.6401e+02        C = 5.9980e+02

----------------------------------------------------------------------

        Rotational constants (cm-1)

    A = 3.9473e-02        B = 3.2156e-02        C = 2.0007e-02

----------------------------------------------------------------------

                                Z-Matrix
C   
C        1       2.6799414
C        2       2.5347447     1       117.75175
C        3      5.30236589     2     61.79555040     1         -1.3463
H        4      4.04345599     3     83.52564641     2          1.6436
H        5      4.70244957     4     96.02976719     3         -2.1043
H        6      8.18015315     5     28.89024226     4         -1.4381
N        7     10.14742698     6     29.28532525     5        176.8657
O        8      2.27681605     7    114.71080604     6        170.4458
O        9      4.08900011     8     25.85280806     7       -175.4077
C       10      8.98907892     9     60.32844395     8          1.0984
H       11      2.04799241    10    148.28683695     9         -8.6764
C       12      4.12819148    11     36.97575050    10         -4.2392
H       13      2.06178247    12     94.46054572    11        137.6129
Br      14      4.65095845    13     49.21923579    12         91.4498

----------------------------------------------------------------------

             Converted back to Cartesian

C        0.000000      0.000000      0.000000
C        0.000000      0.000000      2.679941
C        0.000000      0.090900      0.146827
C        0.000041     -0.198959      5.441264
H       -0.000084      0.124723      1.410785
H        0.000275     -0.388648      6.085128
H       -0.000429      0.575910     -2.037959
N       -0.004330     -0.710335      8.027618
O       -0.003389     -0.343011      5.780628
O       -0.003387     -1.034415      9.810750
C       -0.012131      0.647857      0.980494
H       -0.005004      0.174272      2.972964
C       -0.021887      1.173999     -1.032311
H       -0.012734      0.617354      0.952887
Br      -0.036164      1.939971     -3.505986

----------------------------------------------------------------------
                       Geometry in bohr 

1     C      -3.3764753149    3.6645602291    1.3316788559
2     C      -0.6981048013    3.7521813263    1.3588744991
3     C       0.5550439640    1.5488971025    1.3495108366
4     C      -4.7453804254    1.4169676374    1.4059022556
5     H      -4.3908278571    5.4428731831    1.2797539769
6     H       0.3092320448    5.5289181573    1.4024940470
7     H      -6.7831294284    1.4532456651    1.4494841889
8     N       3.3637402933    1.5595646847    1.4471732708
9     O       4.3368960423   -0.4659640083    1.8133600162
10    O       4.3706578077    3.5810752448    1.2300459482
11    C      -3.4644534821   -0.8205191014    1.4313866047
12    H      -4.4557112935   -2.6121960178    1.4710688270
13    C      -0.6966576248   -0.9282394208    1.1958042444
14    H       0.1800236684   -2.2822218278    2.4799804426
15    Br     -0.2906824970   -2.3491615027   -2.1466132628

 Number of nodes, processes per node used for SCF calculation: 1, 4

Common Options
{
  maxiter       = 100
  basis         = 6-311g* spherical
  geom_units    = angstrom
  ang2au factor = 1.889726126
  debug         = false
  file_prefix   = ortho_th27_ph162_qed_ccsd_input
}

SCF Options
{
  charge            = 1
  multiplicity      = 1
  level shift       = 0
  tol_int           = 1e-22
  tol_sch           = 1e-12
  tol_lindep        = 1e-10
  conve             = 1e-07
  convd             = 1e-05
  diis_hist         = 10
  AO_tilesize       = 30
  writem            = 10
  damp              = 100
  n_lindep          = 0
  scf_type          = restricted
  cuscf             = false
  qed_omegas        = [0.06615,]
  qed_lambdas       = [0.1,]
  qed_polvecs       = [[-0.4317706231,0.1402907797,0.8910065242,],]
  direct_df         = false
  restart_size      = 2000
  restart           = false
  debug             = false
}

Number of basis functions = 221

Total number of shells = 105

Total number of electrons = 98
  # of alpha electrons    = 49
  # of beta electons      = 49

Nuclear repulsion energy  = 780.609598436293

# of {all,non-negligible} shell-pairs = {5565,4994}
Number of AO tiles = 105

Time for initial setup: 0.01 secs
HF exch = 1.00

Time for computing 1-e integrals T, V, S: 0.01 secs
Time for computing orthogonalizer: 0.01 secs

Superposition of Atomic Density Guess ...
Time taken for SAD: 0.54 secs
Total Time to compute initial guess: 0.54 secs


 SCF iterations
-----------------------------------------------------------------------------
 Iter     Energy            E-Diff       RMSD        |[F,P]|^2       Time(s)
-----------------------------------------------------------------------------
   1  -3011.8304922869    -3.01e+03     1.68e-02     1.51e+03         0.7 
   2  -3005.8109047861     6.02e+00     6.82e-03     7.54e+00         2.2 
   3  -3005.9902994311    -1.79e-01     2.92e-03     4.09e+00         2.2 
   4  -3006.1072575390    -1.17e-01     1.17e-03     1.29e-01         2.2 
   5  -3006.1145024605    -7.24e-03     2.66e-04     1.06e-02         2.2 
   6  -3006.1150735394    -5.71e-04     1.46e-04     1.55e-03         2.2 
   7  -3006.1152301073    -1.57e-04     7.05e-05     5.34e-04         2.2 
   8  -3006.1152773675    -4.73e-05     4.13e-05     1.13e-04         2.2 
   9  -3006.1152907994    -1.34e-05     1.84e-05     1.46e-05         2.2 
  10  -3006.1152932045    -2.41e-06     7.71e-06     3.42e-06         2.2 
  11  -3006.1152936515    -4.47e-07     5.00e-06     7.77e-07         2.3 
  12  -3006.1152938023    -1.51e-07     2.23e-06     1.89e-07         2.2 
  13  -3006.1152938373    -3.50e-08     1.25e-06     4.21e-08         2.3 

** Total SCF energy = -3006.1152938372993

Nuclear repulsion energy = 780.609598436293140
#electrons        = 98
1e energy kinetic = 3006.1959181033867026
1e energy N-e     = -8714.5280439017569734
1e energy         = -5706.0212563432769457
2e energy         = 1921.4208980307839738
QED energy        = 0.1863354939923836
QED eT energy     = 0.1632258588074381
QED eT energy from matrix = 0.1632258588074304

 Polarizability Matrix (QED energy = 0.5 * lambda.dot(matrix * lambda))
[40.17105391, -0.95531300, -0.12002782]
[-0.95531300, 45.23432831,  0.33022541]
[-0.12002782,  0.33022541, 36.02156404]

 Polarizability Matrix (QED eT energy = 0.5 * lambda.dot(matrix * lambda))
[36.39221276, -1.02682105, -0.16081438]
[-1.02682105, 42.24199387,  0.39929298]
[-0.16081438,  0.39929298, 31.08906887]


                      Electron        Nuclear        Total  
                  ------------------------------------------
    Monopole         -98.000000     99.000000      1.000000

      Dipole   X       3.033166     -6.663854     -3.630688
      Dipole   Y     -11.687386     12.950896      1.263510
      Dipole   Z     -14.555658     15.867722      1.312064

  Quadrupole  XX    -795.174879    753.937247    -41.237632
  Quadrupole  XY     -50.293513     44.643765     -5.649748
  Quadrupole  XZ     -43.427119     37.755437     -5.671682
  Quadrupole  YY    -627.075653    589.540652    -37.535001
  Quadrupole  YZ    -295.986740    298.757720      2.770980
  Quadrupole  ZZ    -339.592423    293.747569    -45.844853

    Octupole XXX     -53.338307    -23.771916    -77.110223
    Octupole XXY   -1117.155310   1108.280496     -8.874815
    Octupole XXZ   -1094.632552   1083.966088    -10.666463
    Octupole XYY      67.188327   -105.161055    -37.972727
    Octupole XYZ      35.935391    -40.757379     -4.821988
    Octupole XZZ      10.493705     -2.386470      8.107236
    Octupole YYY    -908.070173    886.490651    -21.579521
    Octupole YYZ    -125.553779    116.580206     -8.973574
    Octupole YZZ     195.557346   -225.522108    -29.964763
    Octupole ZZZ      72.986162   -147.558887    -74.572725

writing orbitals and density to disk ... done.

Total Time taken for Hartree-Fock: 29.46 secs

CD Options
{
  debug             = false
  skip_cd           = [false, 100]
  write_cv          = [false, 5000]
  diagtol           = 1e-06
  itilesize         = 1000
  max_cvecs_factor  = 12
}

- #occupied, #virtual = 98, 344

- Tilesize for the MSO space: 40

-----------------------------------------------------
Begin 2-index transformation ... 

nAO, nMO, nelectrons = 221, 442, 98
n_occ_alpha, n_vir_alpha, n_occ_beta, n_vir_beta = 49,172,49,172

Time taken for Fao->Fmo transform: 0.00 secs

-----------------------------------------------------
Number of AO tiles = 105
# of {all,non-negligible} shell-pairs = {5565,4994}

    Begin Cholesky Decomposition
---------------------------------------------
Total # of mpi ranks used for Cholesky decomposition: 4
  --> Number of nodes, mpi ranks per node: 1, 4
- CPU memory required for computing cholesky vectors: 1.93 GiB

- Time for computing the diagonal: 0.01 secs

- Total number of cholesky vectors = 1649

- Time to compute cholesky vectors: 15.17 secs

- CPU memory required for resizing the ao cholesky tensor: 1.57 GiB
- CPU memory required for ao2mo transformation: 1.70 GiB
- CPU memory required for the 2-step contraction: 2.12 GiB

- Time for ao to mo transform: 1.56 secs

   End Cholesky Decomposition
---------------------------------------------

Total Time taken for Cholesky Decomposition: 18.73 secs

scf_type = restricted
Closed-Shell SCF
QED-HF Enabled
nbf = 203
nbf_orig = 221
n_lindep = 0
focc = 1
nmo = 406
nocc = 62
nvir = 344
n_occ_alpha = 31
n_vir_alpha = 172
n_occ_beta = 31
n_vir_beta = 172
nelectrons = 98
nelectrons_alpha = 49
nelectrons_beta = 49
freeze atomic = true
n_frozen_core = 18
n_frozen_virtual = 0
----------------------------
--------- QED-CCSD --------
lambda_x: -0.0432
lambda_y: 0.0140
lambda_z: 0.0891
omega: 0.066150
coupling_factor_x: -0.007852
coupling_factor_y: 0.002551
coupling_factor_z: 0.016204
----------------------------
# of {all,non-negligible} shell-pairs = {5565,4994}
Number of AO tiles = 105
----------------------------
Electronic dipole expectation value using SCF density: 
dipole_x_elec: 3.03295686
dipole_y_elec: -11.68745047
dipole_z_elec: -14.55568577

d_n/N value: d_n is nuclear dipole moment and N is the total number of electrons 
d_nuc_x: -0.06799851
d_nuc_y: 0.13215200
d_nuc_z: 0.16191553

<d_e+d_n> expectation values: 
dipole_total_x: -3.63089666
dipole_total_y: 1.26344542
dipole_total_z: 1.31203591
----------------------------


 CCSD iterations
------------------------------------------------------------
  Iter     Residuum          Correlation          Time(s)
------------------------------------------------------------
   1     1.1859582590053    0.0000000000000         86.67
   2     0.1711587089331   -1.6704664447378         85.63
   3     0.0713713280201   -1.6254195382710         85.66
   4     0.0257815937668   -1.7001064740289         85.60
   5     0.0226110316230   -1.6882694327912         85.80
 MICROCYCLE DIIS UPDATE:                    6
   6     0.0083175722436   -1.6994583355008         84.38
   7     0.0053313404990   -1.6991167878361         84.55
   8     0.0035366509548   -1.7006866083651         84.40
   9     0.0026689628509   -1.7007680801011         84.30
  10     0.0028395603040   -1.7011513057545         84.24
 MICROCYCLE DIIS UPDATE:                   11
  11     0.0006589550654   -1.7015753466580         84.33
  12     0.0004441936520   -1.7016665203759         84.50
  13     0.0003228162247   -1.7016410241170         84.62
  14     0.0002677006410   -1.7016367242610         84.33
  15     0.0002048152578   -1.7016441492295         84.17
 MICROCYCLE DIIS UPDATE:                   16
  16     0.0000850597072   -1.7016267285658         84.41
  17     0.0000537434603   -1.7016544782519         85.41
  18     0.0000498946237   -1.7016601562971         84.98
  19     0.0000355947932   -1.7016650648281         83.85
  20     0.0000403896215   -1.7016651195557         85.15
 MICROCYCLE DIIS UPDATE:                   21
  21     0.0000149858122   -1.7016714000763         84.48
  22     0.0000095911633   -1.7016715014911         85.19
  23     0.0000073256954   -1.7016702978086         84.68
  24     0.0000055937632   -1.7016698206822         85.28
  25     0.0000052568427   -1.7016697053565         85.40
 MICROCYCLE DIIS UPDATE:                   26
  26     0.0000026762844   -1.7016684137086         84.56
  27     0.0000015387168   -1.7016693772839         84.78
  28     0.0000014648014   -1.7016695101769         84.55
  29     0.0000010153530   -1.7016696915726         84.53
  30     0.0000011776812   -1.7016696891173         84.54
 MICROCYCLE DIIS UPDATE:                   31
  31     0.0000004169417   -1.7016698702532         85.31
------------------------------------------------------------------
 Iterations converged
 CCSD correlation energy / hartree =        -1.701669870253169
 CCSD total energy / hartree       =     -3007.816963707552532

Time taken for spin-orbital canonical QED-CCSD: 2723.72 secs
