
ExaChem Git Information
{
 WARNING: Failed to retrieve the current git state.
}


TAMM Git Information
{
 Branch: main
 Commit Hash: e71357ad [e71357ad54f38748b4a7e175aa6760820d5ce96f]
 Commit Date: 2026-02-02 23:14:56 -0800
 Commit Message: add GitHub Actions workflow for releases
}


date: Thu Aug  6 08:36:41 2026
program: "/global/cfs/cdirs/m3196/heindelj/cavity_qed/software/install_gpu/bin/bin/ExaChem"
nnodes: 1, nproc_per_node: 4, nproc_total: 4, ngpus_per_node: 1, ngpus_total: 1

Memory information
{
[AMD EPYC 7763 64-Core Processor                ] : 
  CPU memory per node (GiB): 251
  Total CPU memory (GiB): 251
[NVIDIA A100-SXM4-40GB, CUDA v12.9] : 
  GPU memory per device (GiB): 39
  GPU memory per node (GiB): 39
  Total GPU memory (GiB): 39
}

------------------------------------------------------------

Input file provided: /global/cfs/cdirs/m4262/heindelj/cavity_qed/mlip/lambda_scans/grid_scans_optimized_geoms/runs_grid_no_freq/para_th54_ph36/para_th54_ph36_qed_ccsd_input.json

{
  "geometry": {
    "coordinates": [
      "C    -0.514646164900    1.228724531500    0.860297116100",
      "C     0.843029566000    1.237790893800    0.812765118000",
      "C     1.494470212500    0.012966603300    0.731598277800",
      "H    -1.078967457500    2.151635324400    0.916547360500",
      "H     1.411094921700    2.152164728200    0.822330680600",
      "N     2.976434411100    0.047431669100    0.616477172300",
      "O     3.562299036600   -0.882660154800    1.099647575000",
      "O     3.417658348000    0.994807387600    0.023450841900",
      "C    -0.468742415000   -1.264234896700    0.755300463300",
      "H    -1.003402823800   -2.201663173100    0.738303643700",
      "C     0.883629762300   -1.244829083100    0.754033342800",
      "H     1.486666748500   -2.140856987900    0.767730501400",
      "C    -1.261539771700   -0.023791606800    0.679951646200",
      "H    -2.171737943700   -0.071061031500    1.275770865100",
      "Br   -1.810327191500    0.151096273900   -1.188765000300"
    ],
    "units": "angstrom",
    "noorient": true
  },
  "common": {
    "maxiter": 100,
    "debug": false
  },
  "basis": {
    "basisset": "6-311G*"
  },
  "SCF": {
    "charge": 1,
    "multiplicity": 1,
    "lshift": 0,
    "tol_lindep": 1e-10,
    "conve": 1e-07,
    "convd": 1e-05,
    "diis_hist": 10,
    "writem": 10,
    "restart": false,
    "noscf": false,
    "scf_type": "restricted",
    "debug": false,
    "qed_omegas": [
      0.06615
    ],
    "qed_volumes": [],
    "qed_lambdas": [
      0.1
    ],
    "qed_polvecs": [
      [
        0.6545084971874737,
        0.4755282581475768,
        0.5877852522924731
      ]
    ],
    "direct_df": false
  },
  "CD": {
    "debug": false,
    "diagtol": 1e-06
  },
  "CC": {
    "threshold": 1e-06,
    "ndiis": 5,
    "ccsd_maxiter": 200,
    "tilesize": 40,
    "freeze": {
      "atomic": true
    },
    "readt": false,
    "writet": true,
    "writet_iter": 5,
    "debug": false,
    "profile_ccsd": false,
    "balance_tiles": true
  },
  "TASK": {
    "scf": false,
    "ccsd": true
  }
}

Output folder & files prefix: para_th54_ph36_qed_ccsd_input.6-311g*

  C (carbon)
  ----------
          Exponent        Coefficients
      ----------------  --------------------
  1 S  4.56324000E+03      0.778202
  1 S  6.82024000E+02      1.448695
  1 S  1.54973000E+02      2.383089
  1 S  4.44553000E+01      3.200089
  1 S  1.30290000E+01      3.013004
  1 S  1.82773000E+00      0.247599

  2 S  2.09642000E+01      0.800629
  2 S  4.80331000E+00      2.127420
  2 S  1.45933000E+00     -0.002868

  3 P  2.09642000E+01      2.573592
  3 P  4.80331000E+00      2.408248
  3 P  1.45933000E+00      1.865281

  4 S  4.83456000E-01      0.413217

  5 P  4.83456000E-01      0.574627

  6 S  1.45585000E-01      0.167976

  7 P  1.45585000E-01      0.128185

  8 D  6.26000000E-01      0.725128


  H (hydrogen)
  ------------
          Exponent        Coefficients
      ----------------  --------------------
  1 S  3.38650000E+01      0.255069
  1 S  5.09479000E+00      0.460109
  1 S  1.15879000E+00      0.678321

  2 S  3.25840000E-01      0.307371

  3 S  1.02741000E-01      0.129336


  N (nitrogen)
  ------------
          Exponent        Coefficients
      ----------------  --------------------
  1 S  6.29348000E+03      0.991968
  1 S  9.49044000E+02      1.823240
  1 S  2.18776000E+02      2.979891
  1 S  6.36916000E+01      4.000007
  1 S  1.88282000E+01      3.881008
  1 S  2.72023000E+00      0.386764

  2 S  3.06331000E+01      1.038501
  2 S  7.02614000E+00      2.834794
  2 S  2.11205000E+00     -0.003208

  3 P  3.06331000E+01      3.935616
  3 P  7.02614000E+00      3.870994
  3 P  2.11205000E+00      2.967271

  4 S  6.84009000E-01      0.536051

  5 P  6.84009000E-01      0.886681

  6 S  2.00878000E-01      0.213850

  7 P  2.00878000E-01      0.191693

  8 D  9.13000000E-01      1.403568


  O (oxygen)
  ----------
          Exponent        Coefficients
      ----------------  --------------------
  1 S  8.58850000E+03      1.205013
  1 S  1.29723000E+03      2.216205
  1 S  2.99296000E+02      3.627452
  1 S  8.73771000E+01      4.888452
  1 S  2.56789000E+01      4.835721
  1 S  3.74004000E+00      0.538229

  2 S  4.21175000E+01      1.341958
  2 S  9.62837000E+00      3.587114
  2 S  2.85332000E+00     -0.005123

  3 P  4.21175000E+01      5.584018
  3 P  9.62837000E+00      5.733366
  3 P  2.85332000E+00      4.332955

  4 S  9.05661000E-01      0.661659

  5 P  9.05661000E-01      1.259352

  6 S  2.55611000E-01      0.256209

  7 P  2.55611000E-01      0.259068

  8 D  1.29200000E+00      2.577026


  Br (bromine)
  ------------
          Exponent        Coefficients
      ----------------  --------------------
  1 S  4.39700000E+05      9.893706
  1 S  6.60300000E+04     18.450679
  1 S  1.51400000E+04     31.049770
  1 S  4.31700000E+03     48.888138
  1 S  1.41400000E+03     64.847798
  1 S  5.23900000E+02     42.245010

  2 S  5.23900000E+02     14.290679
  2 S  2.07700000E+02     24.083128
  2 S  8.65400000E+01      5.132542

  3 S  3.05200000E+01      9.254405

  4 S  1.29800000E+01      4.873782

  5 S  4.41200000E+00      2.169635

  6 S  1.86200000E+00      1.136043

  7 S  3.93200000E-01      0.353892

  8 S  1.40000000E-01      0.163120

  9 P  2.95700000E+03    691.874478
  9 P  7.00300000E+02    925.332763
  9 P  2.24600000E+02   1068.830732

  10 P  8.25900000E+01    122.079275
  10 P  3.31900000E+01     57.580687
  10 P  1.42000000E+01     10.176170

  11 P  1.42000000E+01      3.129736
  11 P  7.43800000E+00      6.538168
  11 P  3.52600000E+00      4.166276

  12 P  1.59500000E+00      2.555000

  13 P  8.46200000E-01      1.156861

  14 P  3.18600000E-01      0.341191

  15 P  1.09600000E-01      0.089888

  16 D  1.34800000E+02    160.709187
  16 D  3.63900000E+01    119.797406
  16 D  1.21600000E+01     55.531619
  16 D  4.34100000E+00     12.984636

  17 D  1.53500000E+00      3.484168

  18 D  4.51000000E-01      0.408525



Printing Internal Coordinates

------------------------------------------------------------
                Bond Lengths

i      j        Length (Angstroms)     Length (Bohr)
0      1          1.3585377728         2.5672643222
0      3          1.0832298662         2.0470077784
0      12         1.4694118637         2.7767859885
1      2          1.3896609351         2.6260785752
1      4          1.0765078994         2.0343051022
2      5          1.4868283679         2.8096984116
2      10         1.3984560688         2.6426989692
5      6          1.2007338582         2.2690581422
5      7          1.2016153890         2.2707239939
8      9          1.0793157175         2.0396111094
8      10         1.3525119952         2.5558772529
8      12         1.4740775585         2.7856028739
10     11         1.0801422245         2.0411729813
12     13         1.0888965297         2.0577162206
12     14         1.9554680534         3.6952990689

Number of Bonds: 15

------------------------------------------------------------
           Bond Angles

i      j      k      Angle (degrees)
0      1      2        117.6870 
0      1      4        122.1891 
0      12     8        115.9537 
0      12     13       113.2488 
0      12     14       100.5855 
1      0      3        121.1153 
1      0      12       120.6216 
1      2      5        116.8294 
1      2      10       125.9469 
2      1      4        120.1183 
2      5      6        115.9263 
2      5      7        114.9912 
2      10     8        116.7226 
2      10     11       120.1623 
3      0      12       117.8922 
5      2      10       117.2232 
6      5      7        129.0606 
8      10     11       123.1151 
8      12     13       112.6477 
8      12     14       105.9647 
9      8      10       120.5151 
9      8      12       117.6230 
10     8      12       121.7119 
13     12     14       106.9896 

Number of Angles: 24

------------------------------------------------------------
              Torsional Angles

i      j      k      l      Angle (degrees)
3      0      1      2       -179.5372 
4      1      0      3         -0.4023 
8      10     2      1          5.2092 
9      8      10     2        177.9188 
10     2      1      0         -3.0617 
10     2      1      4        177.7847 
11     10     2      1       -174.8873 
11     10     8      9         -1.9816 

Number of Torsional Angles: 8


----------------------------------------------------------------------
                          Center of Mass

         x               y               z              Unit
   0.09359738791   0.06790853522  -0.04297690024      Angstrom
    0.1768734292    0.1283285332   -0.0812145712          Bohr

----------------------------------------------------------------------
                Moment of Inertia Tensor

           1093.93           63.3906          -963.119
           63.3906           3709.51           93.4356
          -963.119           93.4356           3489.35

----------------------------------------------------------------------
                      Principal Moments of Inertia

           x                 y                 z                Unit
       210.5632896       1030.979173       1080.673628       amu * ang^2
       751.9351583       3681.693467       3859.155586      amu * bohr^2
  3.4964880710e-38  1.7119823625e-37  1.7945020019e-37          g * cm^2

 - Molecule is an asymmetric top.

----------------------------------------------------------------------

         Rotational constants (MHz)

    A = 2.4001e+03        B = 4.9019e+02        C = 4.6765e+02

----------------------------------------------------------------------

        Rotational constants (cm-1)

    A = 8.0060e-02        B = 1.6351e-02        C = 1.5599e-02

----------------------------------------------------------------------

                                Z-Matrix
C   
C        1       2.5672643
C        2       2.6260786     1       117.68697
H        3      6.33289250     2     22.22897669     1          0.3386
H        4      4.70890316     3     39.70784148     2          0.6931
N        5      4.97201439     4    126.67715369     3          1.6389
O        6      2.26905814     5    151.45558420     4        -82.1251
O        7      4.09857363     6     25.47971391     5       -119.0072
C        8      8.60665735     7     63.11557054     6        -11.7217
H        9      2.03961111     8    148.31853146     7        -45.8661
C       10      3.99830989     9     33.41516714     8         18.7667
H       11      2.04117298    10     97.05804903     9        178.3277
C       12      6.55773359    11     18.46102157    10          2.0621
H       13      2.05771622    12    128.43703168    11       -131.9911
Br      14      4.72579233    13     48.40163030    12       -130.1116

----------------------------------------------------------------------

             Converted back to Cartesian

C        0.000000      0.000000      0.000000
C        0.000000      0.000000      2.567264
C        0.000000      0.094123     -0.057127
H       -0.000004     -0.175708      6.270014
H       -0.000007      0.081818      1.568159
N       -0.000079     -0.381421      6.518546
O        0.002612     -0.066080      4.271509
O       -0.001903     -0.667160      8.325764
C        0.006368      0.758493     -0.161992
H        0.006372      0.330159      1.832136
C        0.005263      1.209566     -2.068265
H        0.004183      0.701977     -0.091212
C        0.008637      2.368403     -6.433677
H        0.008332      1.768068     -4.465482
Br       0.010848      3.213281     -8.964867

----------------------------------------------------------------------
                       Geometry in bohr 

1     C      -0.9725403034    2.3219528487    1.6257259363
2     C       1.5930949958    2.3390857904    1.5359034777
3     C       2.8241394050    0.0245033290    1.3825203792
4     H      -2.0389529934    4.0660014859    1.7320234928
5     H       2.6665829397    4.0670019141    1.5539797713
6     N       5.6246458687    0.0896328643    1.1649730185
7     O       6.7317695578   -1.6679859548    2.0780327518
8     O       6.4584382696    1.8799135106    0.0443156686
9     C      -0.8857947879   -2.3890577136    1.4273110184
10    H      -1.8961565309   -4.1605404187    1.3951916844
11    C       1.6698182474   -2.3523860406    1.4249165077
12    H       2.8093929952   -4.0456333819    1.4508003862
13    C      -2.3839646655   -0.0449596209    1.2849223902
14    H      -4.1039899308   -0.1342858878    2.4108575345
15    Br     -3.4210225902    0.2855305763   -2.2464402786

 Number of nodes, processes per node used for SCF calculation: 1, 4

Common Options
{
  maxiter       = 100
  basis         = 6-311g* spherical
  geom_units    = angstrom
  ang2au factor = 1.889726126
  debug         = false
  file_prefix   = para_th54_ph36_qed_ccsd_input
}

SCF Options
{
  charge            = 1
  multiplicity      = 1
  level shift       = 0
  tol_int           = 1e-22
  tol_sch           = 1e-12
  tol_lindep        = 1e-10
  conve             = 1e-07
  convd             = 1e-05
  diis_hist         = 10
  AO_tilesize       = 30
  writem            = 10
  damp              = 100
  n_lindep          = 0
  scf_type          = restricted
  cuscf             = false
  qed_omegas        = [0.06615,]
  qed_lambdas       = [0.1,]
  qed_polvecs       = [[0.6545084972,0.4755282581,0.5877852523,],]
  direct_df         = false
  restart_size      = 2000
  restart           = false
  debug             = false
}

Number of basis functions = 221

Total number of shells = 105

Total number of electrons = 98
  # of alpha electrons    = 49
  # of beta electons      = 49

Nuclear repulsion energy  = 750.08553853617

# of {all,non-negligible} shell-pairs = {5565,4928}
Number of AO tiles = 105

Time for initial setup: 0.01 secs
HF exch = 1.00

Time for computing 1-e integrals T, V, S: 0.01 secs
Time for computing orthogonalizer: 0.01 secs

Superposition of Atomic Density Guess ...
Time taken for SAD: 0.29 secs
Total Time to compute initial guess: 0.29 secs


 SCF iterations
-----------------------------------------------------------------------------
 Iter     Energy            E-Diff       RMSD        |[F,P]|^2       Time(s)
-----------------------------------------------------------------------------
   1  -3011.7478521090    -3.01e+03     1.68e-02     1.52e+03         0.6 
   2  -3005.7511486559     6.00e+00     6.71e-03     9.15e+00         2.2 
   3  -3006.0066500165    -2.56e-01     2.39e-03     3.07e+00         2.2 
   4  -3006.0937520030    -8.71e-02     1.18e-03     1.00e-01         2.1 
   5  -3006.0997734581    -6.02e-03     2.69e-04     1.18e-02         2.1 
   6  -3006.1004173225    -6.44e-04     1.95e-04     1.66e-03         2.1 
   7  -3006.1005858970    -1.69e-04     7.97e-05     2.16e-04         2.1 
   8  -3006.1006125504    -2.67e-05     1.92e-05     2.19e-05         2.2 
   9  -3006.1006151313    -2.58e-06     7.67e-06     4.50e-06         2.2 
  10  -3006.1006156410    -5.10e-07     4.36e-06     7.65e-07         2.2 
  11  -3006.1006157566    -1.16e-07     1.97e-06     1.24e-07         2.2 
  12  -3006.1006157778    -2.12e-08     9.08e-07     2.81e-08         2.2 

** Total SCF energy = -3006.1006157777551

Nuclear repulsion energy = 750.085538536170475
#electrons        = 98
1e energy kinetic = 3006.2138388858502367
1e energy N-e     = -8653.0659511386220402
1e energy         = -5641.1681016069414909
2e energy         = 1890.4701994833242225
QED energy        = 0.1957584555247038
QED eT energy     = 0.1757613594089089
QED eT energy from matrix = 0.1757613594089001

 Polarizability Matrix (QED energy = 0.5 * lambda.dot(matrix * lambda))
[41.65384185, -0.87997619,  0.66109653]
[-0.87997619, 42.14247786, -2.19512163]
[ 0.66109653, -2.19512163, 37.75668962]

 Polarizability Matrix (QED eT energy = 0.5 * lambda.dot(matrix * lambda))
[38.10082699, -0.94421047,  0.82486984]
[-0.94421047, 38.71021278, -2.62350559]
[ 0.82486984, -2.62350559, 33.27670074]


                      Electron        Nuclear        Total  
                  ------------------------------------------
    Monopole         -98.000000     99.000000      1.000000

      Dipole   X     -35.076060     33.663787     -1.412273
      Dipole   Y     -11.444464     11.503796      0.059332
      Dipole   Z      -5.636084      7.138840      1.502755

  Quadrupole  XX   -1541.191730   1491.193904    -49.997826
  Quadrupole  XY      24.569831    -24.731306     -0.161475
  Quadrupole  XZ    -438.928329    438.128284     -0.800045
  Quadrupole  YY    -293.288653    252.848231    -40.440422
  Quadrupole  YZ      45.551820    -43.926870      1.624950
  Quadrupole  ZZ    -357.645826    311.759126    -45.886700

    Octupole XXX   -4672.336430   4492.997476   -179.338953
    Octupole XXY    -157.805293    153.922960     -3.882333
    Octupole XXZ    -372.641217    354.421950    -18.219267
    Octupole XYY    -435.729557    392.392233    -43.337324
    Octupole XYZ     114.439415   -104.854920      9.584495
    Octupole XZZ     264.607429   -314.050854    -49.443425
    Octupole YYY     -18.996258      5.078326    -13.917932
    Octupole YYZ    -345.170548    342.658829     -2.511719
    Octupole YZZ      -8.665616     10.220626      1.555010
    Octupole ZZZ     105.230847   -174.288170    -69.057323

writing orbitals and density to disk ... done.

Total Time taken for Hartree-Fock: 25.40 secs

CD Options
{
  debug             = false
  skip_cd           = [false, 100]
  write_cv          = [false, 5000]
  diagtol           = 1e-06
  itilesize         = 1000
  max_cvecs_factor  = 12
}

- #occupied, #virtual = 98, 344

- Tilesize for the MSO space: 40

-----------------------------------------------------
Begin 2-index transformation ... 

nAO, nMO, nelectrons = 221, 442, 98
n_occ_alpha, n_vir_alpha, n_occ_beta, n_vir_beta = 49,172,49,172

Time taken for Fao->Fmo transform: 0.00 secs

-----------------------------------------------------
Number of AO tiles = 105
# of {all,non-negligible} shell-pairs = {5565,4928}

    Begin Cholesky Decomposition
---------------------------------------------
Total # of mpi ranks used for Cholesky decomposition: 4
  --> Number of nodes, mpi ranks per node: 1, 4
- CPU memory required for computing cholesky vectors: 1.93 GiB

- Time for computing the diagonal: 0.01 secs

- Total number of cholesky vectors = 1648

- Time to compute cholesky vectors: 13.38 secs

- CPU memory required for resizing the ao cholesky tensor: 1.57 GiB
- CPU memory required for ao2mo transformation: 1.70 GiB
- CPU memory required for the 2-step contraction: 2.11 GiB

- Time for ao to mo transform: 1.61 secs

   End Cholesky Decomposition
---------------------------------------------

Total Time taken for Cholesky Decomposition: 16.57 secs

scf_type = restricted
Closed-Shell SCF
QED-HF Enabled
nbf = 203
nbf_orig = 221
n_lindep = 0
focc = 1
nmo = 406
nocc = 62
nvir = 344
n_occ_alpha = 31
n_vir_alpha = 172
n_occ_beta = 31
n_vir_beta = 172
nelectrons = 98
nelectrons_alpha = 49
nelectrons_beta = 49
freeze atomic = true
n_frozen_core = 18
n_frozen_virtual = 0
----------------------------
--------- QED-CCSD --------
lambda_x: 0.0655
lambda_y: 0.0476
lambda_z: 0.0588
omega: 0.066150
coupling_factor_x: 0.011903
coupling_factor_y: 0.008648
coupling_factor_z: 0.010690
----------------------------
# of {all,non-negligible} shell-pairs = {5565,4928}
Number of AO tiles = 105
----------------------------
Electronic dipole expectation value using SCF density: 
dipole_x_elec: -35.07597002
dipole_y_elec: -11.44432907
dipole_z_elec: -5.63604820

d_n/N value: d_n is nuclear dipole moment and N is the total number of electrons 
d_nuc_x: 0.34350803
d_nuc_y: 0.11738567
d_nuc_z: 0.07284530

<d_e+d_n> expectation values: 
dipole_total_x: -1.41218315
dipole_total_y: 0.05946686
dipole_total_z: 1.50279166
----------------------------


 CCSD iterations
------------------------------------------------------------
  Iter     Residuum          Correlation          Time(s)
------------------------------------------------------------
   1     1.1851627725598    0.0000000000000         86.63
   2     0.1694645739361   -1.6158380163965         85.53
   3     0.0661516695870   -1.6324080571094         85.38
   4     0.0263978688472   -1.6960731224210         85.11
   5     0.0222625332829   -1.6916871335798         85.15
 MICROCYCLE DIIS UPDATE:                    6
   6     0.0096068068188   -1.7028065966352         83.34
   7     0.0064562019791   -1.7021869574354         84.09
   8     0.0050011877067   -1.7039513033294         83.96
   9     0.0046055558139   -1.7042040685523         84.56
  10     0.0054689282687   -1.7046152285804         84.18
 MICROCYCLE DIIS UPDATE:                   11
  11     0.0009601698845   -1.7053789016430         85.08
  12     0.0007714519414   -1.7052721566669         84.75
  13     0.0007380760781   -1.7054024030494         84.52
  14     0.0009281071274   -1.7053386533697         84.66
  15     0.0013739610074   -1.7054001759217         84.78
 MICROCYCLE DIIS UPDATE:                   16
  16     0.0002293295789   -1.7054178118055         84.48
  17     0.0001579895785   -1.7053935974116         84.39
  18     0.0001409632853   -1.7054147944673         84.52
  19     0.0001270154815   -1.7054207714330         84.53
  20     0.0001508227230   -1.7054219869140         84.57
 MICROCYCLE DIIS UPDATE:                   21
  21     0.0000591954283   -1.7054474619914         84.37
  22     0.0000450570443   -1.7054352234632         84.62
  23     0.0000409227766   -1.7054369597273         85.04
  24     0.0000471214523   -1.7054331464543         85.02
  25     0.0000626056017   -1.7054349158426         84.99
 MICROCYCLE DIIS UPDATE:                   26
  26     0.0000153364350   -1.7054321126694         84.22
  27     0.0000109455987   -1.7054322686356         84.22
  28     0.0000093446265   -1.7054338609438         84.12
  29     0.0000087413523   -1.7054345407811         84.32
  30     0.0000100123715   -1.7054346130462         84.18
 MICROCYCLE DIIS UPDATE:                   31
  31     0.0000041666571   -1.7054366763973         84.73
  32     0.0000031586192   -1.7054356878131         85.19
  33     0.0000028952112   -1.7054356976890         85.18
  34     0.0000032316595   -1.7054354385090         85.30
  35     0.0000041704709   -1.7054355210482         85.32
 MICROCYCLE DIIS UPDATE:                   36
  36     0.0000010781776   -1.7054352693173         85.09
  37     0.0000007742670   -1.7054352992572         85.06
------------------------------------------------------------------
 Iterations converged
 CCSD correlation energy / hartree =        -1.705435299257217
 CCSD total energy / hartree       =     -3007.806051077012398

Time taken for spin-orbital canonical QED-CCSD: 3314.18 secs
