
ExaChem Git Information
{
 WARNING: Failed to retrieve the current git state.
}


TAMM Git Information
{
 Branch: main
 Commit Hash: e71357ad [e71357ad54f38748b4a7e175aa6760820d5ce96f]
 Commit Date: 2026-02-02 23:14:56 -0800
 Commit Message: add GitHub Actions workflow for releases
}


date: Mon Aug 10 09:36:22 2026
program: "/global/cfs/cdirs/m3196/heindelj/cavity_qed/software/install_gpu/bin/bin/ExaChem"
nnodes: 1, nproc_per_node: 4, nproc_total: 4, ngpus_per_node: 1, ngpus_total: 1

Memory information
{
[AMD EPYC 7763 64-Core Processor                ] : 
  CPU memory per node (GiB): 251
  Total CPU memory (GiB): 251
[NVIDIA A100-SXM4-80GB, CUDA v12.9] : 
  GPU memory per device (GiB): 79
  GPU memory per node (GiB): 79
  Total GPU memory (GiB): 79
}

------------------------------------------------------------

Input file provided: /global/cfs/cdirs/m4262/heindelj/cavity_qed/mlip/lambda_scans/grid_scans_optimized_geoms/runs_grid_no_freq/ortho_th72_ph252/ortho_th72_ph252_qed_ccsd_input.json

{
  "geometry": {
    "coordinates": [
      "C    -1.771248295100    1.954165013300    0.615173707300",
      "C    -0.364361758000    1.981320501800    0.618916163500",
      "C     0.306317173500    0.813316036100    0.649732112200",
      "C    -2.517156780500    0.774972058200    0.699299983000",
      "H    -2.301886260600    2.895567283700    0.560481263400",
      "H     0.163806877700    2.918034211500    0.601801608000",
      "H    -3.595986374900    0.812720541100    0.704129923000",
      "N     1.777461350500    0.822431662500    0.704233450400",
      "O     2.356789975200    0.412783708900   -0.262798931400",
      "O     2.229528603500    1.232735599200    1.740749543800",
      "C    -1.844057529400   -0.393928513600    0.799060172900",
      "H    -2.374531490600   -1.323877854300    0.910290032700",
      "C    -0.376696486700   -0.487358365900    0.735165425800",
      "H     0.024193197100   -1.060215135700    1.571637601900",
      "Br   -0.065673130000   -1.568189965100   -0.858144036900"
    ],
    "units": "angstrom",
    "noorient": true
  },
  "common": {
    "maxiter": 100,
    "debug": false
  },
  "basis": {
    "basisset": "6-311G*"
  },
  "SCF": {
    "charge": 1,
    "multiplicity": 1,
    "lshift": 0,
    "tol_lindep": 1e-10,
    "conve": 1e-07,
    "convd": 1e-05,
    "diis_hist": 10,
    "writem": 10,
    "restart": false,
    "noscf": false,
    "scf_type": "restricted",
    "debug": false,
    "qed_omegas": [
      0.06615
    ],
    "qed_volumes": [],
    "qed_lambdas": [
      0.1
    ],
    "qed_polvecs": [
      [
        -0.29389262614623674,
        -0.9045084971874737,
        0.3090169943749475
      ]
    ],
    "direct_df": false
  },
  "CD": {
    "debug": false,
    "diagtol": 1e-06
  },
  "CC": {
    "threshold": 1e-06,
    "ndiis": 5,
    "ccsd_maxiter": 200,
    "tilesize": 40,
    "freeze": {
      "atomic": true
    },
    "readt": false,
    "writet": true,
    "writet_iter": 5,
    "debug": false,
    "profile_ccsd": false,
    "balance_tiles": true
  },
  "TASK": {
    "scf": false,
    "ccsd": true
  }
}

Output folder & files prefix: ortho_th72_ph252_qed_ccsd_input.6-311g*

  C (carbon)
  ----------
          Exponent        Coefficients
      ----------------  --------------------
  1 S  4.56324000E+03      0.778202
  1 S  6.82024000E+02      1.448695
  1 S  1.54973000E+02      2.383089
  1 S  4.44553000E+01      3.200089
  1 S  1.30290000E+01      3.013004
  1 S  1.82773000E+00      0.247599

  2 S  2.09642000E+01      0.800629
  2 S  4.80331000E+00      2.127420
  2 S  1.45933000E+00     -0.002868

  3 P  2.09642000E+01      2.573592
  3 P  4.80331000E+00      2.408248
  3 P  1.45933000E+00      1.865281

  4 S  4.83456000E-01      0.413217

  5 P  4.83456000E-01      0.574627

  6 S  1.45585000E-01      0.167976

  7 P  1.45585000E-01      0.128185

  8 D  6.26000000E-01      0.725128


  H (hydrogen)
  ------------
          Exponent        Coefficients
      ----------------  --------------------
  1 S  3.38650000E+01      0.255069
  1 S  5.09479000E+00      0.460109
  1 S  1.15879000E+00      0.678321

  2 S  3.25840000E-01      0.307371

  3 S  1.02741000E-01      0.129336


  N (nitrogen)
  ------------
          Exponent        Coefficients
      ----------------  --------------------
  1 S  6.29348000E+03      0.991968
  1 S  9.49044000E+02      1.823240
  1 S  2.18776000E+02      2.979891
  1 S  6.36916000E+01      4.000007
  1 S  1.88282000E+01      3.881008
  1 S  2.72023000E+00      0.386764

  2 S  3.06331000E+01      1.038501
  2 S  7.02614000E+00      2.834794
  2 S  2.11205000E+00     -0.003208

  3 P  3.06331000E+01      3.935616
  3 P  7.02614000E+00      3.870994
  3 P  2.11205000E+00      2.967271

  4 S  6.84009000E-01      0.536051

  5 P  6.84009000E-01      0.886681

  6 S  2.00878000E-01      0.213850

  7 P  2.00878000E-01      0.191693

  8 D  9.13000000E-01      1.403568


  O (oxygen)
  ----------
          Exponent        Coefficients
      ----------------  --------------------
  1 S  8.58850000E+03      1.205013
  1 S  1.29723000E+03      2.216205
  1 S  2.99296000E+02      3.627452
  1 S  8.73771000E+01      4.888452
  1 S  2.56789000E+01      4.835721
  1 S  3.74004000E+00      0.538229

  2 S  4.21175000E+01      1.341958
  2 S  9.62837000E+00      3.587114
  2 S  2.85332000E+00     -0.005123

  3 P  4.21175000E+01      5.584018
  3 P  9.62837000E+00      5.733366
  3 P  2.85332000E+00      4.332955

  4 S  9.05661000E-01      0.661659

  5 P  9.05661000E-01      1.259352

  6 S  2.55611000E-01      0.256209

  7 P  2.55611000E-01      0.259068

  8 D  1.29200000E+00      2.577026


  Br (bromine)
  ------------
          Exponent        Coefficients
      ----------------  --------------------
  1 S  4.39700000E+05      9.893706
  1 S  6.60300000E+04     18.450679
  1 S  1.51400000E+04     31.049770
  1 S  4.31700000E+03     48.888138
  1 S  1.41400000E+03     64.847798
  1 S  5.23900000E+02     42.245010

  2 S  5.23900000E+02     14.290679
  2 S  2.07700000E+02     24.083128
  2 S  8.65400000E+01      5.132542

  3 S  3.05200000E+01      9.254405

  4 S  1.29800000E+01      4.873782

  5 S  4.41200000E+00      2.169635

  6 S  1.86200000E+00      1.136043

  7 S  3.93200000E-01      0.353892

  8 S  1.40000000E-01      0.163120

  9 P  2.95700000E+03    691.874478
  9 P  7.00300000E+02    925.332763
  9 P  2.24600000E+02   1068.830732

  10 P  8.25900000E+01    122.079275
  10 P  3.31900000E+01     57.580687
  10 P  1.42000000E+01     10.176170

  11 P  1.42000000E+01      3.129736
  11 P  7.43800000E+00      6.538168
  11 P  3.52600000E+00      4.166276

  12 P  1.59500000E+00      2.555000

  13 P  8.46200000E-01      1.156861

  14 P  3.18600000E-01      0.341191

  15 P  1.09600000E-01      0.089888

  16 D  1.34800000E+02    160.709187
  16 D  3.63900000E+01    119.797406
  16 D  1.21600000E+01     55.531619
  16 D  4.34100000E+00     12.984636

  17 D  1.53500000E+00      3.484168

  18 D  4.51000000E-01      0.408525



Printing Internal Coordinates

------------------------------------------------------------
                Bond Lengths

i      j        Length (Angstroms)     Length (Bohr)
0      1          1.4071535648         2.6591348545
0      3          1.3978385902         2.6415321037
0      4          1.0820379608         2.0447554037
1      2          1.3472172370         2.5458716101
1      5          1.0754941142         2.0323893259
2      7          1.4721816057         2.7820200423
2      12         1.4715843201         2.7808913361
3      6          1.0795006114         2.0399605083
3      10         1.3525321601         2.5559153591
7      8          1.1994101587         2.2665567125
7      9          1.2029462721         2.2732389985
10     11         1.0763737648         2.0340516245
10     12         1.4717201180         2.7811479570
12     13         1.0902124191         2.0602028911
12     14         1.9502737034         3.6854831700

Number of Bonds: 15

------------------------------------------------------------
           Bond Angles

i      j      k      Angle (degrees)
0      1      2        118.7547 
0      1      5        120.5152 
0      3      6        120.2686 
0      3      10       117.9001 
1      0      3        123.3419 
1      0      4        118.2720 
1      2      7        119.5349 
1      2      12       122.4494 
2      1      5        120.7296 
2      7      8        116.7891 
2      7      9        114.1763 
2      12     10       114.1527 
2      12     13       109.7734 
2      12     14       111.6159 
3      0      4        118.3785 
3      10     11       120.5989 
3      10     12       123.2194 
6      3      10       121.8192 
7      2      12       117.8482 
8      7      9        129.0271 
10     12     13       111.5107 
10     12     14       103.2768 
11     10     12       116.1686 
13     12     14       106.0798 

Number of Angles: 24

------------------------------------------------------------
              Torsional Angles

i      j      k      l      Angle (degrees)
3      0      1      2          2.8203 
4      0      1      2       -178.2034 
5      1      0      3       -176.9165 
5      1      0      4          2.0598 
6      3      0      1        179.2627 
6      3      0      4          0.2874 
10     3      0      1          0.5065 
10     3      0      4       -178.4688 
11     10     3      0        177.2732 
11     10     3      6         -1.4626 

Number of Torsional Angles: 10


----------------------------------------------------------------------
                          Center of Mass

         x               y               z              Unit
   0.02978683185   -0.1355145995   0.09219967131      Angstrom
   0.05628895435    -0.256085479    0.1742321277          Bohr

----------------------------------------------------------------------
                Moment of Inertia Tensor

           1839.33          -83.2227          -43.6766
          -83.2227           1957.36          -663.424
          -43.6766          -663.424           2708.45

----------------------------------------------------------------------
                      Principal Moments of Inertia

           x                 y                 z                Unit
       431.5264427        523.335817       866.7609921       amu * ang^2
       1541.008903       1868.866131       3095.259696      amu * bohr^2
  7.1656700541e-38  8.6902016223e-38  1.4392914712e-37          g * cm^2

 - Molecule is an asymmetric top.

----------------------------------------------------------------------

         Rotational constants (MHz)

    A = 1.1711e+03        B = 9.6569e+02        C = 5.8307e+02

----------------------------------------------------------------------

        Rotational constants (cm-1)

    A = 3.9065e-02        B = 3.2212e-02        C = 1.9449e-02

----------------------------------------------------------------------

                                Z-Matrix
C   
C        1       2.6591349
C        2       2.5458716     1        118.7547
C        3      5.33690657     2     60.95277535     1         -1.3335
H        4      4.03647276     3     83.37465389     2          1.5765
H        5      4.66033236     4     96.24146580     3         -1.9571
H        6      8.14532509     5     28.81621829     4         -0.7183
N        7     10.15436114     6     29.17230238     5        177.9702
O        8      2.26655671     7    118.84080893     6       -110.2168
O        9      4.09801524     8     25.52667113     7       -178.2668
C       10      8.47788491     9     73.87466858     8         16.8845
H       11      2.03405162    10    137.65187336     9         90.2649
C       12      4.10630929    11     37.43528506    10        -25.1553
H       13      2.06020289    12     94.24166158    11        132.6571
Br      14      4.69396451    13     48.97609244    12         91.1723

----------------------------------------------------------------------

             Converted back to Cartesian

C        0.000000      0.000000      0.000000
C        0.000000      0.000000      2.659135
C        0.000000      0.092076      0.114929
C        0.000040     -0.199931      5.443841
H       -0.000081      0.123203      1.420323
H        0.000261     -0.385881      6.052766
H       -0.000427      0.574932     -2.035692
N       -0.004345     -0.712296      8.036749
O        0.003618     -0.344095      5.800314
O       -0.011803     -1.041221      9.838569
C        0.025238      0.588527      1.518889
H        0.011724      0.114307      3.496842
C        0.041897      1.117035     -0.485042
H        0.020735      0.557122      1.497503
Br       0.074130      1.899877     -2.999992

----------------------------------------------------------------------
                       Geometry in bohr 

1     C      -3.3471741787    3.6928366800    1.1625098267
2     C      -0.6885439334    3.7441531160    1.1695820439
3     C       0.5788555656    1.5369445620    1.2278157473
4     C      -4.7567369311    1.4644849452    1.3214854477
5     H      -4.3499346055    5.4718291453    1.0591560865
6     H       0.3095501364    5.5142854858    1.1372402213
7     H      -6.7954294011    1.5358192396    1.3306127115
8     N       3.3589151518    1.5541705994    1.3308083500
9     O       4.4536875894    0.7800481591   -0.4966180065
10    O       4.2131984505    2.3295326681    3.2895398916
11    C      -3.4847636910   -0.7444170039    1.5100048849
12    H      -4.4872141946   -2.5017665688    1.7201988569
13    C      -0.7118531925   -0.9209738367    1.3892613120
14    H       0.0457185166   -2.0035162410    2.9699646368
15    Br     -0.1241042295   -2.9634495474   -1.6216572063

 Number of nodes, processes per node used for SCF calculation: 1, 4

Common Options
{
  maxiter       = 100
  basis         = 6-311g* spherical
  geom_units    = angstrom
  ang2au factor = 1.889726126
  debug         = false
  file_prefix   = ortho_th72_ph252_qed_ccsd_input
}

SCF Options
{
  charge            = 1
  multiplicity      = 1
  level shift       = 0
  tol_int           = 1e-22
  tol_sch           = 1e-12
  tol_lindep        = 1e-10
  conve             = 1e-07
  convd             = 1e-05
  diis_hist         = 10
  AO_tilesize       = 30
  writem            = 10
  damp              = 100
  n_lindep          = 0
  scf_type          = restricted
  cuscf             = false
  qed_omegas        = [0.06615,]
  qed_lambdas       = [0.1,]
  qed_polvecs       = [[-0.2938926261,-0.9045084972,0.3090169944,],]
  direct_df         = false
  restart_size      = 2000
  restart           = false
  debug             = false
}

Number of basis functions = 221

Total number of shells = 105

Total number of electrons = 98
  # of alpha electrons    = 49
  # of beta electons      = 49

Nuclear repulsion energy  = 777.245187754148

# of {all,non-negligible} shell-pairs = {5565,4996}
Number of AO tiles = 105

Time for initial setup: 0.01 secs
HF exch = 1.00

Time for computing 1-e integrals T, V, S: 0.01 secs
Time for computing orthogonalizer: 0.01 secs

Superposition of Atomic Density Guess ...
Time taken for SAD: 0.31 secs
Total Time to compute initial guess: 0.31 secs


 SCF iterations
-----------------------------------------------------------------------------
 Iter     Energy            E-Diff       RMSD        |[F,P]|^2       Time(s)
-----------------------------------------------------------------------------
   1  -3011.7637245196    -3.01e+03     1.66e-02     1.49e+03         0.7 
   2  -3005.7646262982     6.00e+00     7.08e-03     8.54e+00         2.2 
   3  -3005.9677221837    -2.03e-01     3.01e-03     4.32e+00         2.2 
   4  -3006.0932464354    -1.26e-01     1.17e-03     1.29e-01         2.2 
   5  -3006.1008730312    -7.63e-03     2.67e-04     1.15e-02         2.2 
   6  -3006.1015373772    -6.64e-04     1.71e-04     1.50e-03         2.2 
   7  -3006.1017305480    -1.93e-04     6.96e-05     2.82e-04         2.2 
   8  -3006.1017649740    -3.44e-05     2.57e-05     5.74e-05         2.2 
   9  -3006.1017709132    -5.94e-06     1.47e-05     1.23e-05         2.2 
  10  -3006.1017727104    -1.80e-06     7.26e-06     3.47e-06         2.2 
  11  -3006.1017731694    -4.59e-07     5.01e-06     8.71e-07         2.3 
  12  -3006.1017733411    -1.72e-07     2.42e-06     1.90e-07         2.2 
  13  -3006.1017733811    -4.00e-08     1.28e-06     3.70e-08         2.2 

** Total SCF energy = -3006.1017733810932

Nuclear repulsion energy = 777.245187754147651
#electrons        = 98
1e energy kinetic = 3006.2208543252754680
1e energy N-e     = -8707.7525992602040787
1e energy         = -5699.0412638849584255
2e energy         = 1917.9929193849011426
QED energy        = 0.1918644147884914
QED eT energy     = 0.1719293608739554
QED eT energy from matrix = 0.1719293608739679

 Polarizability Matrix (QED energy = 0.5 * lambda.dot(matrix * lambda))
[40.52251448, -1.88604458, -0.71965681]
[-1.88604458, 41.00333285,  2.89835640]
[-0.71965681,  2.89835640, 39.99092108]

 Polarizability Matrix (QED eT energy = 0.5 * lambda.dot(matrix * lambda))
[36.87356912, -2.03605873, -0.83308738]
[-2.03605873, 37.41279797,  3.40865750]
[-0.83308738,  3.40865750, 35.90808237]


                      Electron        Nuclear        Total  
                  ------------------------------------------
    Monopole         -98.000000     99.000000      1.000000

      Dipole   X      -2.082256     -1.234761     -3.317018
      Dipole   Y       8.594802     -7.310072      1.284730
      Dipole   Z     -28.559245     29.802159      1.242915

  Quadrupole  XX    -790.831366    749.276635    -41.554731
  Quadrupole  XY     -33.571099     27.735928     -5.835171
  Quadrupole  XZ     -16.534195     11.499873     -5.034322
  Quadrupole  YY    -681.287182    646.930717    -34.356465
  Quadrupole  YZ    -304.621594    305.284817      0.663223
  Quadrupole  ZZ    -318.937296    270.046637    -48.890659

    Octupole XXX     -31.680465    -43.825837    -75.506302
    Octupole XXY   -1103.704056   1104.103639      0.399582
    Octupole XXZ   -1002.168665    986.393037    -15.775627
    Octupole XYY     313.783095   -341.525324    -27.742229
    Octupole XYZ    -138.481080    130.106661     -8.374419
    Octupole XZZ    -243.432329    241.036566     -2.395763
    Octupole YYY    -171.967723    182.310150     10.342427
    Octupole YYZ     -17.998036     -3.442676    -21.440712
    Octupole YZZ     -44.030773      9.694439    -34.336334
    Octupole ZZZ    -362.991814    268.054976    -94.936838

writing orbitals and density to disk ... done.

Total Time taken for Hartree-Fock: 29.20 secs

CD Options
{
  debug             = false
  skip_cd           = [false, 100]
  write_cv          = [false, 5000]
  diagtol           = 1e-06
  itilesize         = 1000
  max_cvecs_factor  = 12
}

- #occupied, #virtual = 98, 344

- Tilesize for the MSO space: 40

-----------------------------------------------------
Begin 2-index transformation ... 

nAO, nMO, nelectrons = 221, 442, 98
n_occ_alpha, n_vir_alpha, n_occ_beta, n_vir_beta = 49,172,49,172

Time taken for Fao->Fmo transform: 0.00 secs

-----------------------------------------------------
Number of AO tiles = 105
# of {all,non-negligible} shell-pairs = {5565,4996}

    Begin Cholesky Decomposition
---------------------------------------------
Total # of mpi ranks used for Cholesky decomposition: 4
  --> Number of nodes, mpi ranks per node: 1, 4
- CPU memory required for computing cholesky vectors: 1.93 GiB

- Time for computing the diagonal: 0.01 secs

- Total number of cholesky vectors = 1642

- Time to compute cholesky vectors: 15.27 secs

- CPU memory required for resizing the ao cholesky tensor: 1.56 GiB
- CPU memory required for ao2mo transformation: 1.70 GiB
- CPU memory required for the 2-step contraction: 2.11 GiB

- Time for ao to mo transform: 1.54 secs

   End Cholesky Decomposition
---------------------------------------------

Total Time taken for Cholesky Decomposition: 19.29 secs

scf_type = restricted
Closed-Shell SCF
QED-HF Enabled
nbf = 203
nbf_orig = 221
n_lindep = 0
focc = 1
nmo = 406
nocc = 62
nvir = 344
n_occ_alpha = 31
n_vir_alpha = 172
n_occ_beta = 31
n_vir_beta = 172
nelectrons = 98
nelectrons_alpha = 49
nelectrons_beta = 49
freeze atomic = true
n_frozen_core = 18
n_frozen_virtual = 0
----------------------------
--------- QED-CCSD --------
lambda_x: -0.0294
lambda_y: -0.0905
lambda_z: 0.0309
omega: 0.066150
coupling_factor_x: -0.005345
coupling_factor_y: -0.016450
coupling_factor_z: 0.005620
----------------------------
# of {all,non-negligible} shell-pairs = {5565,4996}
Number of AO tiles = 105
----------------------------
Electronic dipole expectation value using SCF density: 
dipole_x_elec: -2.08238664
dipole_y_elec: 8.59470775
dipole_z_elec: -28.55925038

d_n/N value: d_n is nuclear dipole moment and N is the total number of electrons 
d_nuc_x: -0.01259961
d_nuc_y: -0.07459257
d_nuc_z: 0.30410367

<d_e+d_n> expectation values: 
dipole_total_x: -3.31714800
dipole_total_y: 1.28463624
dipole_total_z: 1.24290901
----------------------------


 CCSD iterations
------------------------------------------------------------
  Iter     Residuum          Correlation          Time(s)
------------------------------------------------------------
   1     1.1857996517138    0.0000000000000         87.08
   2     0.1694319594948   -1.6660074137692         85.52
   3     0.0706188796086   -1.6283229177647         85.51
   4     0.0239317794696   -1.7023547897997         85.46
   5     0.0202397795589   -1.6912010516482         85.48
 MICROCYCLE DIIS UPDATE:                    6
   6     0.0079354649453   -1.7027722673421         84.26
   7     0.0049366362165   -1.7025416161542         84.32
   8     0.0034113470607   -1.7039919378125         84.52
   9     0.0021556127006   -1.7041615815912         84.30
  10     0.0021792235091   -1.7045175088225         84.23
 MICROCYCLE DIIS UPDATE:                   11
  11     0.0007376789619   -1.7050259137243         83.99
  12     0.0005640802864   -1.7051344052223         84.00
  13     0.0004148092828   -1.7051037261582         84.32
  14     0.0003582442562   -1.7050841866353         84.24
  15     0.0002855138600   -1.7050978280044         84.36
 MICROCYCLE DIIS UPDATE:                   16
  16     0.0001047044816   -1.7050554162197         84.40
  17     0.0000679381723   -1.7050988816672         84.27
  18     0.0000546263395   -1.7051049947322         84.37
  19     0.0000451341500   -1.7051149533565         84.28
  20     0.0000466347901   -1.7051150197894         83.83
 MICROCYCLE DIIS UPDATE:                   21
  21     0.0000152439938   -1.7051230976894         84.08
  22     0.0000114386471   -1.7051236000115         84.21
  23     0.0000085496335   -1.7051235471083         84.36
  24     0.0000074902633   -1.7051226928724         84.18
  25     0.0000059434988   -1.7051230752218         83.97
 MICROCYCLE DIIS UPDATE:                   26
  26     0.0000026090287   -1.7051218401401         84.22
  27     0.0000015717966   -1.7051227576244         84.12
  28     0.0000012673746   -1.7051228937598         84.28
  29     0.0000010154569   -1.7051231355476         84.05
  30     0.0000010380690   -1.7051231410661         84.33
 MICROCYCLE DIIS UPDATE:                   31
  31     0.0000003768782   -1.7051233534117         84.72
------------------------------------------------------------------
 Iterations converged
 CCSD correlation energy / hartree =        -1.705123353411730
 CCSD total energy / hartree       =     -3007.806896734504789

Time taken for spin-orbital canonical QED-CCSD: 2696.26 secs
