
ExaChem Git Information
{
 Branch: qedgrad
 Commit Hash: 9026f44 [9026f44116d5480455486ce7ea5dde64bcef9cf4]
 Commit Date: 2026-07-23 13:25:44 -0700
 Commit Message: QED gradients
}


TAMM Git Information
{
 Branch: main
 Commit Hash: e71357a [e71357ad54f38748b4a7e175aa6760820d5ce96f]
 Commit Date: 2026-02-02 23:14:56 -0800
 Commit Message: add GitHub Actions workflow for releases
}


date: Thu Jul 23 14:20:32 2026
program: "/ravenfs/scratch/meji656/codes/release_gpu/bin/ExaChem"
nnodes: 4, nproc_per_node: 1, nproc_total: 4, ngpus_per_node: 1, ngpus_total: 4

Memory information
{
[AMD EPYC 9124 16-Core Processor                ] : 
  CPU memory per node (GiB): 1007
  Total CPU memory (GiB): 4028
[NVIDIA H100 NVL, CUDA v12.9] : 
  GPU memory per device (GiB): 93
  GPU memory per node (GiB): 93
  Total GPU memory (GiB): 372
}

------------------------------------------------------------

Input file provided: /ravenfs/scratch/meji656/runs/MAPOL/NITROBENZENE/CCSDSCANS/qed_ccsd_scans/relaxed_dir_65_78/meta_lam0.04.json

{
  "geometry": {
    "coordinates": [
      "C   -0.928091194500   2.014422276800   0.784081512400",
      "C    0.470077086200   1.950864456800   0.696433254000",
      "C    1.153448797000   0.723225482900   0.676791262200",
      "C    0.492283375600  -0.456223437900   0.692271587700",
      "C   -1.640397769100   0.851647237400   0.797792962800",
      "H   -1.424696968600   2.975296521700   0.824816998400",
      "H    1.064440299300   2.858830260700   0.641845469000",
      "H    1.035524528400  -1.395886650800   0.671324580100",
      "H   -2.725078089200   0.858750744800   0.845500354100",
      "N    2.640252593400   0.733318044000   0.618754910800",
      "O    3.188539921700  -0.309069701600   0.859927858900",
      "O    3.148685334300   1.785944498100   0.331961714900",
      "C   -0.979798601800  -0.461740990500   0.692560818500",
      "H   -1.380619100100  -1.182320068900   1.411706562100",
      "Br  -1.506403494400  -1.145459737000  -1.074312198300"
    ],
    "units": "angstrom",
    "noorient": true
  },
  "common": {
    "maxiter": 100,
    "debug": false
  },
  "basis": {
    "basisset": "6-311G*"
  },
  "SCF": {
    "charge": 1,
    "multiplicity": 1,
    "lshift": 0,
    "tol_lindep": 1e-10,
    "conve": 1e-07,
    "convd": 1e-05,
    "diis_hist": 10,
    "writem": 10,
    "restart": false,
    "noscf": false,
    "scf_type": "restricted",
    "debug": false,
    "qed_omegas": [
      0.06615
    ],
    "qed_volumes": [],
    "qed_lambdas": [
      0.04
    ],
    "qed_polvecs": [
      [
        0.18843198440409173,
        0.8865027874162641,
        0.42261826174069944
      ]
    ],
    "direct_df": false
  },
  "CD": {
    "debug": false,
    "diagtol": 1e-06
  },
  "CC": {
    "threshold": 1e-06,
    "ndiis": 5,
    "ccsd_maxiter": 200,
    "tilesize": 40,
    "freeze": {
      "atomic": true
    },
    "readt": false,
    "writet": true,
    "writet_iter": 5,
    "debug": false,
    "profile_ccsd": false,
    "balance_tiles": true
  },
  "TASK": {
    "scf": false,
    "ccsd": true
  }
}

Output folder & files prefix: meta_lam0.04.6-311g*

  C (carbon)
  ----------
          Exponent        Coefficients
      ----------------  --------------------
  1 S  4.56324000E+03      0.778202
  1 S  6.82024000E+02      1.448695
  1 S  1.54973000E+02      2.383089
  1 S  4.44553000E+01      3.200089
  1 S  1.30290000E+01      3.013004
  1 S  1.82773000E+00      0.247599

  2 S  2.09642000E+01      0.800629
  2 S  4.80331000E+00      2.127420
  2 S  1.45933000E+00     -0.002868

  3 P  2.09642000E+01      2.573592
  3 P  4.80331000E+00      2.408248
  3 P  1.45933000E+00      1.865281

  4 S  4.83456000E-01      0.413217

  5 P  4.83456000E-01      0.574627

  6 S  1.45585000E-01      0.167976

  7 P  1.45585000E-01      0.128185

  8 D  6.26000000E-01      0.725128


  H (hydrogen)
  ------------
          Exponent        Coefficients
      ----------------  --------------------
  1 S  3.38650000E+01      0.255069
  1 S  5.09479000E+00      0.460109
  1 S  1.15879000E+00      0.678321

  2 S  3.25840000E-01      0.307371

  3 S  1.02741000E-01      0.129336


  N (nitrogen)
  ------------
          Exponent        Coefficients
      ----------------  --------------------
  1 S  6.29348000E+03      0.991968
  1 S  9.49044000E+02      1.823240
  1 S  2.18776000E+02      2.979891
  1 S  6.36916000E+01      4.000007
  1 S  1.88282000E+01      3.881008
  1 S  2.72023000E+00      0.386764

  2 S  3.06331000E+01      1.038501
  2 S  7.02614000E+00      2.834794
  2 S  2.11205000E+00     -0.003208

  3 P  3.06331000E+01      3.935616
  3 P  7.02614000E+00      3.870994
  3 P  2.11205000E+00      2.967271

  4 S  6.84009000E-01      0.536051

  5 P  6.84009000E-01      0.886681

  6 S  2.00878000E-01      0.213850

  7 P  2.00878000E-01      0.191693

  8 D  9.13000000E-01      1.403568


  O (oxygen)
  ----------
          Exponent        Coefficients
      ----------------  --------------------
  1 S  8.58850000E+03      1.205013
  1 S  1.29723000E+03      2.216205
  1 S  2.99296000E+02      3.627452
  1 S  8.73771000E+01      4.888452
  1 S  2.56789000E+01      4.835721
  1 S  3.74004000E+00      0.538229

  2 S  4.21175000E+01      1.341958
  2 S  9.62837000E+00      3.587114
  2 S  2.85332000E+00     -0.005123

  3 P  4.21175000E+01      5.584018
  3 P  9.62837000E+00      5.733366
  3 P  2.85332000E+00      4.332955

  4 S  9.05661000E-01      0.661659

  5 P  9.05661000E-01      1.259352

  6 S  2.55611000E-01      0.256209

  7 P  2.55611000E-01      0.259068

  8 D  1.29200000E+00      2.577026


  Br (bromine)
  ------------
          Exponent        Coefficients
      ----------------  --------------------
  1 S  4.39700000E+05      9.893706
  1 S  6.60300000E+04     18.450679
  1 S  1.51400000E+04     31.049770
  1 S  4.31700000E+03     48.888138
  1 S  1.41400000E+03     64.847798
  1 S  5.23900000E+02     42.245010

  2 S  5.23900000E+02     14.290679
  2 S  2.07700000E+02     24.083128
  2 S  8.65400000E+01      5.132542

  3 S  3.05200000E+01      9.254405

  4 S  1.29800000E+01      4.873782

  5 S  4.41200000E+00      2.169635

  6 S  1.86200000E+00      1.136043

  7 S  3.93200000E-01      0.353892

  8 S  1.40000000E-01      0.163120

  9 P  2.95700000E+03    691.874478
  9 P  7.00300000E+02    925.332763
  9 P  2.24600000E+02   1068.830732

  10 P  8.25900000E+01    122.079275
  10 P  3.31900000E+01     57.580687
  10 P  1.42000000E+01     10.176170

  11 P  1.42000000E+01      3.129736
  11 P  7.43800000E+00      6.538168
  11 P  3.52600000E+00      4.166276

  12 P  1.59500000E+00      2.555000

  13 P  8.46200000E-01      1.156861

  14 P  3.18600000E-01      0.341191

  15 P  1.09600000E-01      0.089888

  16 D  1.34800000E+02    160.709187
  16 D  3.63900000E+01    119.797406
  16 D  1.21600000E+01     55.531619
  16 D  4.34100000E+00     12.984636

  17 D  1.53500000E+00      3.484168

  18 D  4.51000000E-01      0.408525



Printing Internal Coordinates

------------------------------------------------------------
                Bond Lengths

i      j        Length (Angstroms)     Length (Bohr)
0      1          1.4023538622         2.6500647312
0      4          1.3636768137         2.5769757022
0      5          1.0823843999         2.0454100788
1      2          1.4051619669         2.6553712800
1      6          1.0865768985         2.0533327530
2      3          1.3522126725         2.5553116150
2      9          1.4879702977         2.8118563462
3      7          1.0855950815         2.0514773876
3      12         1.4720923460         2.7818513660
4      8          1.0857522055         2.0517743091
4      12         1.4739245914         2.7853138080
9      10         1.2022294280         2.2718843593
9      11         1.2036513786         2.2745714565
12     13         1.0941032312         2.0675554605
12     14         1.9663733864         3.7159071616

Number of Bonds: 15

------------------------------------------------------------
           Bond Angles

i      j      k      Angle (degrees)
0      1      2        121.6917 
0      1      6        120.7065 
0      4      8        121.1105 
0      4      12       121.6668 
1      0      4        118.8663 
1      0      5        120.0016 
1      2      3        121.6070 
1      2      9        118.7225 
2      1      6        117.6018 
2      3      7        120.6698 
2      3      12       119.4865 
2      9      10       116.2313 
2      9      11       115.9319 
3      2      9        119.6651 
3      12     4        116.4145 
3      12     13       111.6503 
3      12     14       105.6006 
4      0      5        121.1259 
4      12     13       112.0706 
4      12     14       104.7119 
7      3      12       119.8126 
8      4      12       117.1753 
10     9      11       127.8365 
13     12     14       105.2777 

Number of Angles: 24

------------------------------------------------------------
              Torsional Angles

i      j      k      l      Angle (degrees)
3      2      1      0          2.4538 
4      0      1      2         -2.5913 
5      0      1      2        178.3046 
6      1      0      4        177.4575 
6      1      0      5         -1.6466 
6      1      2      3       -177.5935 
7      3      2      1        179.6696 
8      4      0      1       -178.8194 
8      4      0      5          0.2744 

Number of Torsional Angles: 9


----------------------------------------------------------------------
                          Center of Mass

         x               y               z              Unit
  -0.01329656182   0.00967367854 -0.007971838947      Angstrom
  -0.02512686026   0.01828060307  -0.01506459233          Bohr

----------------------------------------------------------------------
                Moment of Inertia Tensor

           1620.86          -787.038          -690.956
          -787.038           3009.57           -550.05
          -690.956           -550.05           3535.56

----------------------------------------------------------------------
                      Principal Moments of Inertia

           x                 y                 z                Unit
       273.5902596       920.6044672       1092.514297       amu * ang^2
       977.0085543       3287.538236       3901.439384      amu * bohr^2
  4.5430762446e-38  1.5287007261e-37  1.8141639094e-37          g * cm^2

 - Molecule is an asymmetric top.

----------------------------------------------------------------------

         Rotational constants (MHz)

    A = 1.8472e+03        B = 5.4896e+02        C = 4.6258e+02

----------------------------------------------------------------------

        Rotational constants (cm-1)

    A = 6.1616e-02        B = 1.8311e-02        C = 1.5430e-02

----------------------------------------------------------------------

                                Z-Matrix
C   
C        1       2.6500647
C        2       2.6553713     1       121.69167
C        3      2.55531162     2    121.60699806     1          2.4538
C        4      4.73186416     3     87.78476658     2         -1.0983
H        5      4.03408659     4    115.72629653     3         -0.3919
H        6      4.72161122     5     93.05895528     4          1.9132
H        7      8.04062836     6     92.25422140     5         -1.5171
H        8      8.29240140     7     59.49070098     6          1.3437
N        9     10.15082359     8     29.58014132     7         -0.9089
O       10      2.27188436     9    117.85959298     8        -14.7907
O       11      4.08347959    10     26.09833088     9       -179.5329
C       12      8.90911204    11     62.30504524    10         -5.0020
H       13      2.06755546    12    133.24182212    11         42.7083
Br      14      4.70441984    13     49.63744281    12       -136.7778

----------------------------------------------------------------------

             Converted back to Cartesian

C        0.000000      0.000000      0.000000
C        0.000000      0.000000      2.650065
C        0.000000      0.098410     -0.003482
C       -0.000071     -0.090798      2.544815
C        0.000197      0.385620     -2.163005
H       -0.000168     -0.161750      1.833774
H        0.000309      0.611240     -2.824133
H       -0.000483     -0.927479      5.067891
H        0.000259      0.806649     -3.041161
N       -0.000577     -1.405472      6.865693
O       -0.000087     -0.831103      4.667612
O        0.000685     -1.894808      8.610116
C       -0.009355      0.588549      0.054117
H       -0.003972     -0.067809      2.014717
Br      -0.015841      1.492917     -2.423251

----------------------------------------------------------------------
                            Geometry in angstrom

1     C      -0.9280911945    2.0144222768    0.7840815124
2     C       0.4700770862    1.9508644568    0.6964332540
3     C       1.1534487970    0.7232254829    0.6767912622
4     C       0.4922833756   -0.4562234379    0.6922715877
5     C      -1.6403977691    0.8516472374    0.7977929628
6     H      -1.4246969686    2.9752965217    0.8248169984
7     H       1.0644402993    2.8588302607    0.6418454690
8     H       1.0355245284   -1.3958866508    0.6713245801
9     H      -2.7250780892    0.8587507448    0.8455003541
10    N       2.6402525934    0.7333180440    0.6187549108
11    O       3.1885399217   -0.3090697016    0.8599278589
12    O       3.1486853343    1.7859444981    0.3319617149
13    C      -0.9797986018   -0.4617409905    0.6925608185
14    H      -1.3806191001   -1.1823200689    1.4117065621
15    Br     -1.5064034944   -1.1454597370   -1.0743121983

 Number of nodes, processes per node used for SCF calculation: 4, 1

Common Options
{
  maxiter       = 100
  basis         = 6-311g* spherical
  geom_units    = angstrom
  ang2au factor = 1.889726126
  debug         = false
  file_prefix   = meta_lam0.04
}

SCF Options
{
  charge            = 1
  multiplicity      = 1
  level shift       = 0
  tol_int           = 1e-22
  tol_sch           = 1e-12
  tol_lindep        = 1e-10
  conve             = 1e-07
  convd             = 1e-05
  diis_hist         = 10
  AO_tilesize       = 30
  writem            = 10
  damp              = 100
  n_lindep          = 0
  scf_type          = restricted
  cuscf             = false
  qed_omegas        = [0.06615,]
  qed_lambdas       = [0.04,]
  qed_polvecs       = [[0.1884319844,0.8865027874,0.4226182617,],]
  direct_df         = false
  restart_size      = 2000
  restart           = false
  debug             = false
}

Number of basis functions = 221

Total number of shells = 105

Total number of electrons = 98
  # of alpha electrons    = 49
  # of beta electons      = 49

Nuclear repulsion energy  = 745.048389793047

Maximum angular momentum = 2
# of {all,non-negligible} shell-pairs = {5565,4916}
Number of AO tiles = 105

Time for initial setup: 0.01 secs
HF exch = 1.00

Time for computing 1-e integrals T, V, S: 0.05 secs
Time for computing orthogonalizer: 0.03 secs

Superposition of Atomic Density Guess ...
Time taken for SAD: 0.24 secs
Total Time to compute initial guess: 0.24 secs


 SCF iterations
-----------------------------------------------------------------------------
 Iter     Energy            E-Diff       RMSD        |[F,P]|^2       Time(s)
-----------------------------------------------------------------------------
   1  -3011.7554420956    -3.01e+03     1.65e-02     1.53e+02         0.5 
   2  -3005.9966397178     5.76e+00     6.67e-03     2.26e+00         1.7 
   3  -3006.1678017926    -1.71e-01     2.58e-03     1.25e+00         1.7 
   4  -3006.2722595312    -1.04e-01     1.03e-03     2.56e-02         1.7 
   5  -3006.2774380673    -5.18e-03     2.12e-04     2.47e-03         1.7 
   6  -3006.2778764146    -4.38e-04     1.15e-04     3.41e-04         1.7 
   7  -3006.2779872568    -1.11e-04     5.01e-05     7.08e-05         1.7 
   8  -3006.2780121706    -2.49e-05     2.33e-05     1.75e-05         1.7 
   9  -3006.2780178092    -5.64e-06     1.01e-05     2.04e-06         1.7 
  10  -3006.2780187398    -9.31e-07     4.22e-06     4.10e-07         1.8 
  11  -3006.2780188899    -1.50e-07     2.34e-06     5.74e-08         1.8 
  12  -3006.2780189185    -2.85e-08     8.19e-07     6.87e-09         1.8 

** Total SCF energy = -3006.2780189184655

Nuclear repulsion energy = 745.048389793047477
#electrons        = 98
1e energy kinetic = 3005.9093275136892771
1e energy N-e     = -8642.5338547001483676
1e energy         = -5635.8894417106648689
2e energy         = 1885.2630379157299103
QED energy        = 0.0350805592123222
QED eT energy     = 0.0322873232470295


                      Electron        Nuclear        Total  
                  ------------------------------------------
    Monopole         -98.000000     99.000000      1.000000

      Dipole   X     -10.562489      8.371768     -2.190722
      Dipole   Y     -15.278972     16.450018      1.171046
      Dipole   Z     -11.243095     12.661650      1.418555

  Quadrupole  XX   -1265.652748   1215.132624    -50.520124
  Quadrupole  XY    -358.900780    357.018075     -1.882705
  Quadrupole  XZ    -312.146642    309.712671     -2.433971
  Quadrupole  YY    -589.352804    550.936586    -38.416217
  Quadrupole  YZ    -254.262856    257.476061      3.213205
  Quadrupole  ZZ    -306.797196    260.839528    -45.957668

    Octupole XXX   -3308.030096   3161.194083   -146.836013
    Octupole XXY    -716.913330    691.173403    -25.739927
    Octupole XXZ    -569.717948    549.877481    -19.840467
    Octupole XYY     -44.318714     11.388250    -32.930465
    Octupole XYZ     387.981412   -390.355639     -2.374227
    Octupole XZZ     267.705704   -293.245591    -25.539887
    Octupole YYY    -970.693835    943.870139    -26.823695
    Octupole YYZ    -146.113623    141.133154     -4.980469
    Octupole YZZ     158.869406   -189.102343    -30.232938
    Octupole ZZZ      53.115473   -121.494894    -68.379421


writing orbitals and density to disk ... done.

Total Time taken for Hartree-Fock: 20.30 secs

CD Options
{
  debug             = false
  skip_cd           = [false, 100]
  write_cv          = [false, 5000]
  diagtol           = 1e-06
  itilesize         = 1000
  max_cvecs_factor  = 12
}

- #occupied, #virtual = 98, 344

- Tilesize for the MSO space: 40

-----------------------------------------------------
Begin 2-index transformation ... 

nAO, nMO, nelectrons = 221, 442, 98
n_occ_alpha, n_vir_alpha, n_occ_beta, n_vir_beta = 49,172,49,172

Time taken for Fao->Fmo transform: 0.02 secs

-----------------------------------------------------
Number of AO tiles = 105
# of {all,non-negligible} shell-pairs = {5565,4916}

    Begin Cholesky Decomposition
---------------------------------------------
Total # of mpi ranks used for Cholesky decomposition: 4
  --> Number of nodes, mpi ranks per node: 4, 1
- CPU memory required for computing cholesky vectors: 1.93 GiB

- Time for computing the diagonal: 0.01 secs

- Total number of cholesky vectors = 1647

- Time to compute cholesky vectors: 14.36 secs

- CPU memory required for resizing the ao cholesky tensor: 1.56 GiB
- CPU memory required for ao2mo transformation: 1.70 GiB
- CPU memory required for the 2-step contraction: 2.11 GiB

- Time for ao to mo transform: 1.32 secs

   End Cholesky Decomposition
---------------------------------------------

Total Time taken for Cholesky Decomposition: 18.90 secs

scf_type = restricted
Closed-Shell SCF
QED-HF Enabled
nbf = 203
nbf_orig = 221
n_lindep = 0
focc = 1
nmo = 406
nocc = 62
nvir = 344
n_occ_alpha = 31
n_vir_alpha = 172
n_occ_beta = 31
n_vir_beta = 172
nelectrons = 98
nelectrons_alpha = 49
nelectrons_beta = 49
freeze atomic = true
n_frozen_core = 18
n_frozen_virtual = 0
----------------------------
--------- QED-CCSD --------
lambda_x: 0.0075
lambda_y: 0.0355
lambda_z: 0.0169
omega: 0.066150
coupling_factor_x: 0.001371
coupling_factor_y: 0.006449
coupling_factor_z: 0.003074
----------------------------
# of {all,non-negligible} shell-pairs = {5565,4916}
Number of AO tiles = 105
----------------------------
Electronic dipole expectation value using SCF density: 
dipole_x_elec: -10.56241268
dipole_y_elec: -15.27894462
dipole_z_elec: -11.24304082

d_n/N value: d_n is nuclear dipole moment and N is the total number of electrons 
d_nuc_x: 0.08542620
d_nuc_y: 0.16785733
d_nuc_z: 0.12920051

<d_e+d_n> expectation values: 
dipole_total_x: -2.19064488
dipole_total_y: 1.17107377
dipole_total_z: 1.41860870
----------------------------


 CCSD iterations
------------------------------------------------------------
  Iter     Residuum          Correlation          Time(s)
------------------------------------------------------------
   1     1.1761599651508    0.0000000000000         68.35
   2     0.1611123203583   -1.6289179702683         66.63
   3     0.0656131194660   -1.5888521098926         66.81
   4     0.0191034721240   -1.6519685578864         66.79
   5     0.0151039942999   -1.6453557871625         66.98
 MICROCYCLE DIIS UPDATE:                    6
   6     0.0062959056727   -1.6534847935557         65.98
   7     0.0036116315189   -1.6536410390113         65.94
   8     0.0022791847036   -1.6545199614626         65.98
   9     0.0014120308156   -1.6546130605941         65.93
  10     0.0011362400431   -1.6548543851864         65.87
 MICROCYCLE DIIS UPDATE:                   11
  11     0.0002955277320   -1.6550707164385         65.75
  12     0.0002205938269   -1.6551698257177         65.75
  13     0.0001361606860   -1.6551460832705         65.77
  14     0.0001196449623   -1.6551485240277         65.92
  15     0.0000814193467   -1.6551455262174         65.96
 MICROCYCLE DIIS UPDATE:                   16
  16     0.0000351534222   -1.6551309381467         65.99
  17     0.0000210198032   -1.6551458193875         65.91
  18     0.0000167199420   -1.6551478347411         65.90
  19     0.0000120698466   -1.6551487345081         65.94
  20     0.0000104828402   -1.6551491654275         65.98
 MICROCYCLE DIIS UPDATE:                   21
  21     0.0000040768061   -1.6551494483264         65.48
  22     0.0000029832781   -1.6551503241674         65.41
  23     0.0000018731832   -1.6551500444828         65.51
  24     0.0000016519611   -1.6551499226805         65.60
  25     0.0000011467887   -1.6551498986007         65.43
 MICROCYCLE DIIS UPDATE:                   26
  26     0.0000005690984   -1.6551494944129         65.72
------------------------------------------------------------------
 Iterations converged
 CCSD correlation energy / hartree =        -1.655149494412934
 CCSD total energy / hartree       =     -3007.933168412878331

Time taken for spin-orbital canonical QED-CCSD: 1815.55 secs
