
ExaChem Git Information
{
 WARNING: Failed to retrieve the current git state.
}


TAMM Git Information
{
 Branch: main
 Commit Hash: e71357ad [e71357ad54f38748b4a7e175aa6760820d5ce96f]
 Commit Date: 2026-02-02 23:14:56 -0800
 Commit Message: add GitHub Actions workflow for releases
}


date: Thu Aug  6 22:20:39 2026
program: "/global/cfs/cdirs/m3196/heindelj/cavity_qed/software/install_gpu/bin/bin/ExaChem"
nnodes: 1, nproc_per_node: 4, nproc_total: 4, ngpus_per_node: 1, ngpus_total: 1

Memory information
{
[AMD EPYC 7763 64-Core Processor                ] : 
  CPU memory per node (GiB): 251
  Total CPU memory (GiB): 251
[NVIDIA A100-SXM4-40GB, CUDA v12.9] : 
  GPU memory per device (GiB): 39
  GPU memory per node (GiB): 39
  Total GPU memory (GiB): 39
}

------------------------------------------------------------

Input file provided: /global/cfs/cdirs/m4262/heindelj/cavity_qed/mlip/lambda_scans/grid_scans_optimized_geoms/runs_grid_no_freq/meta_th81_ph324/meta_th81_ph324_qed_ccsd_input.json

{
  "geometry": {
    "coordinates": [
      "C    -0.905874108000    2.033707083900    0.696199382700",
      "C     0.492891564100    1.971856320500    0.711763385700",
      "C     1.154794375700    0.735318955500    0.660802686800",
      "C     0.478995912600   -0.428701336500    0.647710060100",
      "C    -1.621715907000    0.879556106200    0.682414710000",
      "H    -1.387189734900    2.994781891300    0.703382192400",
      "H     1.092000582200    2.876786845400    0.757950721600",
      "H     1.001507681200   -1.371134345600    0.599198239300",
      "H    -2.700631363700    0.895175527900    0.684320203400",
      "N     2.630626187100    0.727148293600    0.620837415000",
      "O     3.112991981900   -0.247143634000    0.119214221800",
      "O     3.191631656200    1.688762478500    1.076146390600",
      "C    -0.983873960700   -0.440467323200    0.697330931300",
      "H    -1.317306273400   -0.978837754000    1.594287279300",
      "Br   -1.630681858800   -1.535210113100   -0.780100114500"
    ],
    "units": "angstrom",
    "noorient": true
  },
  "common": {
    "maxiter": 100,
    "debug": false
  },
  "basis": {
    "basisset": "6-311G*"
  },
  "SCF": {
    "charge": 1,
    "multiplicity": 1,
    "lshift": 0,
    "tol_lindep": 1e-10,
    "conve": 1e-07,
    "convd": 1e-05,
    "diis_hist": 10,
    "writem": 10,
    "restart": false,
    "noscf": false,
    "scf_type": "restricted",
    "debug": false,
    "qed_omegas": [
      0.06615
    ],
    "qed_volumes": [],
    "qed_lambdas": [
      0.1
    ],
    "qed_polvecs": [
      [
        0.7990566526874576,
        -0.5805486404630474,
        0.15643446504023092
      ]
    ],
    "direct_df": false
  },
  "CD": {
    "debug": false,
    "diagtol": 1e-06
  },
  "CC": {
    "threshold": 1e-06,
    "ndiis": 5,
    "ccsd_maxiter": 200,
    "tilesize": 40,
    "freeze": {
      "atomic": true
    },
    "readt": false,
    "writet": true,
    "writet_iter": 5,
    "debug": false,
    "profile_ccsd": false,
    "balance_tiles": true
  },
  "TASK": {
    "scf": false,
    "ccsd": true
  }
}

Output folder & files prefix: meta_th81_ph324_qed_ccsd_input.6-311g*

  C (carbon)
  ----------
          Exponent        Coefficients
      ----------------  --------------------
  1 S  4.56324000E+03      0.778202
  1 S  6.82024000E+02      1.448695
  1 S  1.54973000E+02      2.383089
  1 S  4.44553000E+01      3.200089
  1 S  1.30290000E+01      3.013004
  1 S  1.82773000E+00      0.247599

  2 S  2.09642000E+01      0.800629
  2 S  4.80331000E+00      2.127420
  2 S  1.45933000E+00     -0.002868

  3 P  2.09642000E+01      2.573592
  3 P  4.80331000E+00      2.408248
  3 P  1.45933000E+00      1.865281

  4 S  4.83456000E-01      0.413217

  5 P  4.83456000E-01      0.574627

  6 S  1.45585000E-01      0.167976

  7 P  1.45585000E-01      0.128185

  8 D  6.26000000E-01      0.725128


  H (hydrogen)
  ------------
          Exponent        Coefficients
      ----------------  --------------------
  1 S  3.38650000E+01      0.255069
  1 S  5.09479000E+00      0.460109
  1 S  1.15879000E+00      0.678321

  2 S  3.25840000E-01      0.307371

  3 S  1.02741000E-01      0.129336


  N (nitrogen)
  ------------
          Exponent        Coefficients
      ----------------  --------------------
  1 S  6.29348000E+03      0.991968
  1 S  9.49044000E+02      1.823240
  1 S  2.18776000E+02      2.979891
  1 S  6.36916000E+01      4.000007
  1 S  1.88282000E+01      3.881008
  1 S  2.72023000E+00      0.386764

  2 S  3.06331000E+01      1.038501
  2 S  7.02614000E+00      2.834794
  2 S  2.11205000E+00     -0.003208

  3 P  3.06331000E+01      3.935616
  3 P  7.02614000E+00      3.870994
  3 P  2.11205000E+00      2.967271

  4 S  6.84009000E-01      0.536051

  5 P  6.84009000E-01      0.886681

  6 S  2.00878000E-01      0.213850

  7 P  2.00878000E-01      0.191693

  8 D  9.13000000E-01      1.403568


  O (oxygen)
  ----------
          Exponent        Coefficients
      ----------------  --------------------
  1 S  8.58850000E+03      1.205013
  1 S  1.29723000E+03      2.216205
  1 S  2.99296000E+02      3.627452
  1 S  8.73771000E+01      4.888452
  1 S  2.56789000E+01      4.835721
  1 S  3.74004000E+00      0.538229

  2 S  4.21175000E+01      1.341958
  2 S  9.62837000E+00      3.587114
  2 S  2.85332000E+00     -0.005123

  3 P  4.21175000E+01      5.584018
  3 P  9.62837000E+00      5.733366
  3 P  2.85332000E+00      4.332955

  4 S  9.05661000E-01      0.661659

  5 P  9.05661000E-01      1.259352

  6 S  2.55611000E-01      0.256209

  7 P  2.55611000E-01      0.259068

  8 D  1.29200000E+00      2.577026


  Br (bromine)
  ------------
          Exponent        Coefficients
      ----------------  --------------------
  1 S  4.39700000E+05      9.893706
  1 S  6.60300000E+04     18.450679
  1 S  1.51400000E+04     31.049770
  1 S  4.31700000E+03     48.888138
  1 S  1.41400000E+03     64.847798
  1 S  5.23900000E+02     42.245010

  2 S  5.23900000E+02     14.290679
  2 S  2.07700000E+02     24.083128
  2 S  8.65400000E+01      5.132542

  3 S  3.05200000E+01      9.254405

  4 S  1.29800000E+01      4.873782

  5 S  4.41200000E+00      2.169635

  6 S  1.86200000E+00      1.136043

  7 S  3.93200000E-01      0.353892

  8 S  1.40000000E-01      0.163120

  9 P  2.95700000E+03    691.874478
  9 P  7.00300000E+02    925.332763
  9 P  2.24600000E+02   1068.830732

  10 P  8.25900000E+01    122.079275
  10 P  3.31900000E+01     57.580687
  10 P  1.42000000E+01     10.176170

  11 P  1.42000000E+01      3.129736
  11 P  7.43800000E+00      6.538168
  11 P  3.52600000E+00      4.166276

  12 P  1.59500000E+00      2.555000

  13 P  8.46200000E-01      1.156861

  14 P  3.18600000E-01      0.341191

  15 P  1.09600000E-01      0.089888

  16 D  1.34800000E+02    160.709187
  16 D  3.63900000E+01    119.797406
  16 D  1.21600000E+01     55.531619
  16 D  4.34100000E+00     12.984636

  17 D  1.53500000E+00      3.484168

  18 D  4.51000000E-01      0.408525



Printing Internal Coordinates

------------------------------------------------------------
                Bond Lengths

i      j        Length (Angstroms)     Length (Bohr)
0      1          1.4002189688         2.6460303673
0      4          1.3581914363         2.5666098412
0      5          1.0748865572         2.0312412095
1      2          1.4034731846         2.6521799439
1      6          1.0862615433         2.0527368180
2      3          1.3460379712         2.5436431206
2      9          1.4763954478         2.7899830498
3      7          1.0786806394         2.0384109857
3      12         1.4637584963         2.7661026725
4      8          1.0790301942         2.0390715486
4      12         1.4661264258         2.7705774106
9      10         1.1973083764         2.2625849196
9      11         1.2028030762         2.2729683975
12     13         1.0979756455         2.0748732629
12     14         1.9492626114         3.6835724830

Number of Bonds: 15

------------------------------------------------------------
           Bond Angles

i      j      k      Angle (degrees)
0      1      2        120.6400 
0      1      6        120.9730 
0      4      8        120.9761 
0      4      12       122.3906 
1      0      4        119.2804 
1      0      5        119.1265 
1      2      3        121.7009 
1      2      9        118.5090 
2      1      6        118.3861 
2      3      7        120.8494 
2      3      12       120.5561 
2      9      10       114.7441 
2      9      11       116.8442 
3      2      9        119.7901 
3      12     4        115.2904 
3      12     13       109.5804 
3      12     14       108.0858 
4      0      5        121.5913 
4      12     13       108.5216 
4      12     14       110.7065 
7      3      12       118.5944 
8      4      12       116.6168 
10     9      11       128.4074 
13     12     14       104.0656 

Number of Angles: 24

------------------------------------------------------------
              Torsional Angles

i      j      k      l      Angle (degrees)
3      2      1      0         -2.6046 
3      12     4      0         -3.4830 
4      0      1      2          2.4869 
4      12     3      2          3.3587 
5      0      1      2       -177.9967 
6      1      0      4       -177.8496 
6      1      0      5          1.6668 
6      1      2      3        177.7234 
7      3      2      1        179.4320 
7      3      12     4       -176.5591 
8      4      0      1        179.1288 
8      4      0      5         -0.3753 
8      4      12     3        177.9808 
12     3      2      1         -0.4839 
12     4      0      1          0.6552 
12     4      0      5       -178.8488 
13     12     3      2       -119.3907 
13     12     3      7         60.6915 
13     12     4      0        119.8287 
13     12     4      8        -58.7074 
14     12     3      2        127.8091 
14     12     3      7        -52.1086 
14     12     4      0       -126.5529 
14     12     4      8         54.9110 

Number of Torsional Angles: 24


----------------------------------------------------------------------
                          Center of Mass

         x               y               z              Unit
   -0.0620579779   -0.1378732719   0.09361088781      Angstrom
   -0.1172725822    -0.260542724    0.1768989404          Bohr

----------------------------------------------------------------------
                Moment of Inertia Tensor

            1732.7          -1002.91          -610.896
          -1002.91           2941.06          -627.195
          -610.896          -627.195           3894.77

----------------------------------------------------------------------
                      Principal Moments of Inertia

           x                 y                 z                Unit
       259.3713118       960.5213965       1179.537789       amu * ang^2
       926.2317698       3430.084178       4212.205914      amu * bohr^2
  4.3069649001e-38  1.5949843918e-37  1.9586699157e-37          g * cm^2

 - Molecule is an asymmetric top.

----------------------------------------------------------------------

         Rotational constants (MHz)

    A = 1.9485e+03        B = 5.2615e+02        C = 4.2846e+02

----------------------------------------------------------------------

        Rotational constants (cm-1)

    A = 6.4994e-02        B = 1.7551e-02        C = 1.4292e-02

----------------------------------------------------------------------

                                Z-Matrix
C   
C        1       2.6460304
C        2       2.6521799     1       120.64004
C        3      2.54364312     2    121.70091179     1         -2.6046
C        4      4.67711305     3     88.21736732     2          1.3151
H        5      4.02188697     4    115.59126087     3          0.2915
H        6      4.69142739     5     93.61333764     4         -1.8469
H        7      8.03483144     6     91.45605964     5          1.6868
H        8      8.20438035     7     59.72814675     6         -1.3673
N        9     10.08033309     8     29.66762705     7          1.2274
O       10      2.26258492     9    115.67494001     8         26.2607
O       11      4.08357348    10     25.85970779     9        177.6052
C       12      8.88612800    11     61.72925071    10          6.4152
H       13      2.07487326    12    115.20566372    11         98.1629
Br      14      4.64637118    13     50.26558731    12       -144.3869

----------------------------------------------------------------------

             Converted back to Cartesian

C        0.000000      0.000000      0.000000
C        0.000000      0.000000      2.646030
C        0.000000      0.097443     -0.004359
C        0.000075     -0.090161      2.532356
C       -0.000213      0.380000     -2.121065
H        0.000191     -0.164913      1.863736
H       -0.000352      0.602985     -2.764419
H        0.000581     -0.932452      5.122339
H       -0.000312      0.781640     -2.900986
N        0.000715     -1.413384      6.937458
O       -0.000091     -0.843211      4.747893
O       -0.000144     -1.903338      8.691458
C        0.007476      0.564354      0.154848
H        0.000256     -0.081226      2.126719
Br       0.024850      1.431411     -2.266468

----------------------------------------------------------------------
                       Geometry in bohr 

1     C      -1.7118539687    3.8431494089    1.3156261623
2     C       0.9314300659    3.7262684054    1.3450378654
3     C       2.1822451018    1.3895514411    1.2487361013
4     C       0.9051710902   -0.8101281158    1.2239946226
5     C      -3.0645989183    1.6621201531    1.2895769062
6     H      -2.6214086836    5.6593175814    1.3291997055
7     H       2.0635820297    5.4363392604    1.4323192808
8     H       1.8925752305   -2.5910683950    1.1323205674
9     H      -5.1034536444    1.6916365823    1.2931777669
10    N       4.9711630333    1.3741111278    1.1732126831
11    O       5.8827022779   -0.4670337820    0.2252822295
12    O       6.0313097250    3.1912985761    2.0336219496
13    C      -1.8592523281   -0.8323626083    1.3177644793
14    H      -2.4893480807   -1.8497352768    3.0127663239
15    Br     -3.0815421116   -2.9011266595   -1.4741755672

 Number of nodes, processes per node used for SCF calculation: 1, 4

Common Options
{
  maxiter       = 100
  basis         = 6-311g* spherical
  geom_units    = angstrom
  ang2au factor = 1.889726126
  debug         = false
  file_prefix   = meta_th81_ph324_qed_ccsd_input
}

SCF Options
{
  charge            = 1
  multiplicity      = 1
  level shift       = 0
  tol_int           = 1e-22
  tol_sch           = 1e-12
  tol_lindep        = 1e-10
  conve             = 1e-07
  convd             = 1e-05
  diis_hist         = 10
  AO_tilesize       = 30
  writem            = 10
  damp              = 100
  n_lindep          = 0
  scf_type          = restricted
  cuscf             = false
  qed_omegas        = [0.06615,]
  qed_lambdas       = [0.1,]
  qed_polvecs       = [[0.7990566527,-0.5805486405,0.156434465,],]
  direct_df         = false
  restart_size      = 2000
  restart           = false
  debug             = false
}

Number of basis functions = 221

Total number of shells = 105

Total number of electrons = 98
  # of alpha electrons    = 49
  # of beta electons      = 49

Nuclear repulsion energy  = 739.098016428933

# of {all,non-negligible} shell-pairs = {5565,4898}
Number of AO tiles = 105

Time for initial setup: 0.04 secs
HF exch = 1.00

Time for computing 1-e integrals T, V, S: 0.01 secs
Time for computing orthogonalizer: 0.01 secs

Superposition of Atomic Density Guess ...
Time taken for SAD: 1.28 secs
Total Time to compute initial guess: 1.28 secs


 SCF iterations
-----------------------------------------------------------------------------
 Iter     Energy            E-Diff       RMSD        |[F,P]|^2       Time(s)
-----------------------------------------------------------------------------
   1  -3011.8161257008    -3.01e+03     1.67e-02     1.50e+03         0.6 
   2  -3005.7757149537     6.04e+00     6.78e-03     8.36e+00         2.1 
   3  -3006.0231900566    -2.47e-01     2.50e-03     2.92e+00         2.1 
   4  -3006.1075913796    -8.44e-02     1.22e-03     1.18e-01         2.1 
   5  -3006.1151714443    -7.58e-03     2.77e-04     1.04e-02         2.1 
   6  -3006.1158393303    -6.68e-04     1.80e-04     1.92e-03         2.1 
   7  -3006.1160280930    -1.89e-04     6.52e-05     2.46e-04         2.1 
   8  -3006.1160559167    -2.78e-05     2.04e-05     3.68e-05         2.1 
   9  -3006.1160593005    -3.38e-06     9.89e-06     5.29e-06         2.1 
  10  -3006.1160599631    -6.63e-07     3.96e-06     1.12e-06         2.1 
  11  -3006.1160600826    -1.20e-07     2.04e-06     2.26e-07         2.1 
  12  -3006.1160601162    -3.36e-08     1.28e-06     6.67e-08         2.1 

** Total SCF energy = -3006.1160601162014

Nuclear repulsion energy = 739.098016428932624
#electrons        = 98
1e energy kinetic = 3006.2240734132619764
1e energy N-e     = -8631.5145094658619200
1e energy         = -5621.9383578449760535
2e energy         = 1879.8839715445699312
QED energy        = 0.1923879628979712
QED eT energy     = 0.1729930955861843
QED eT energy from matrix = 0.1729930955861832

 Polarizability Matrix (QED energy = 0.5 * lambda.dot(matrix * lambda))
[40.04133472,  2.59478724,  0.75839372]
[ 2.59478724, 43.90900300,  3.13036037]
[ 0.75839372,  3.13036037, 36.73533280]

 Polarizability Matrix (QED eT energy = 0.5 * lambda.dot(matrix * lambda))
[36.32933677,  2.87150720,  0.93350672]
[ 2.87150720, 40.80054757,  3.83989865]
[ 0.93350672,  3.83989865, 31.85642237]


                      Electron        Nuclear        Total  
                  ------------------------------------------
    Monopole         -98.000000     99.000000      1.000000

      Dipole   X      -2.390958      0.297056     -2.093901
      Dipole   Y       9.297706     -7.908455      1.389251
      Dipole   Z     -27.887019     29.331778      1.444759

  Quadrupole  XX   -1304.002886   1253.529669    -50.473216
  Quadrupole  XY    -455.506440    454.035823     -1.470616
  Quadrupole  XZ    -276.797531    274.650702     -2.146828
  Quadrupole  YY    -710.472869    673.779565    -36.693304
  Quadrupole  YZ    -290.692296    292.188757      1.496461
  Quadrupole  ZZ    -241.708698    195.019358    -46.689340

    Octupole XXX   -3036.956218   2899.097354   -137.858864
    Octupole XXY    -374.829874    357.351847    -17.478026
    Octupole XXZ    -639.122047    610.650881    -28.471166
    Octupole XYY     449.176731   -477.557790    -28.381059
    Octupole XYZ     122.780184   -137.238764    -14.458580
    Octupole XZZ      20.474252    -42.721620    -22.247367
    Octupole YYY    -430.706256    433.796155      3.089898
    Octupole YYZ    -147.692524    128.626556    -19.065968
    Octupole YZZ     -21.350141     -4.171630    -25.521771
    Octupole ZZZ    -160.007433     80.342762    -79.664671

writing orbitals and density to disk ... done.

Total Time taken for Hartree-Fock: 29.24 secs

CD Options
{
  debug             = false
  skip_cd           = [false, 100]
  write_cv          = [false, 5000]
  diagtol           = 1e-06
  itilesize         = 1000
  max_cvecs_factor  = 12
}

- #occupied, #virtual = 98, 344

- Tilesize for the MSO space: 40

-----------------------------------------------------
Begin 2-index transformation ... 

nAO, nMO, nelectrons = 221, 442, 98
n_occ_alpha, n_vir_alpha, n_occ_beta, n_vir_beta = 49,172,49,172

Time taken for Fao->Fmo transform: 0.00 secs

-----------------------------------------------------
Number of AO tiles = 105
# of {all,non-negligible} shell-pairs = {5565,4898}

    Begin Cholesky Decomposition
---------------------------------------------
Total # of mpi ranks used for Cholesky decomposition: 4
  --> Number of nodes, mpi ranks per node: 1, 4
- CPU memory required for computing cholesky vectors: 1.93 GiB

- Time for computing the diagonal: 0.01 secs

- Total number of cholesky vectors = 1647

- Time to compute cholesky vectors: 15.85 secs

- CPU memory required for resizing the ao cholesky tensor: 1.56 GiB
- CPU memory required for ao2mo transformation: 1.70 GiB
- CPU memory required for the 2-step contraction: 2.11 GiB

- Time for ao to mo transform: 1.54 secs

   End Cholesky Decomposition
---------------------------------------------

Total Time taken for Cholesky Decomposition: 20.37 secs

scf_type = restricted
Closed-Shell SCF
QED-HF Enabled
nbf = 203
nbf_orig = 221
n_lindep = 0
focc = 1
nmo = 406
nocc = 62
nvir = 344
n_occ_alpha = 31
n_vir_alpha = 172
n_occ_beta = 31
n_vir_beta = 172
nelectrons = 98
nelectrons_alpha = 49
nelectrons_beta = 49
freeze atomic = true
n_frozen_core = 18
n_frozen_virtual = 0
----------------------------
--------- QED-CCSD --------
lambda_x: 0.0799
lambda_y: -0.0581
lambda_z: 0.0156
omega: 0.066150
coupling_factor_x: 0.014532
coupling_factor_y: -0.010558
coupling_factor_z: 0.002845
----------------------------
# of {all,non-negligible} shell-pairs = {5565,4898}
Number of AO tiles = 105
----------------------------
Electronic dipole expectation value using SCF density: 
dipole_x_elec: -2.39083112
dipole_y_elec: 9.29763066
dipole_z_elec: -27.88709830

d_n/N value: d_n is nuclear dipole moment and N is the total number of electrons 
d_nuc_x: 0.00303119
d_nuc_y: -0.08069852
d_nuc_z: 0.29930386

<d_e+d_n> expectation values: 
dipole_total_x: -2.09377466
dipole_total_y: 1.38917568
dipole_total_z: 1.44467953
----------------------------


 CCSD iterations
------------------------------------------------------------
  Iter     Residuum          Correlation          Time(s)
------------------------------------------------------------
   1     1.1838471835830    0.0000000000000         85.70
   2     0.1694609610364   -1.6153561086652         84.69
   3     0.0671026301343   -1.6209393948728         84.63
   4     0.0239300394769   -1.6843431098395         84.46
   5     0.0203688033155   -1.6807708098442         84.45
 MICROCYCLE DIIS UPDATE:                    6
   6     0.0090077246365   -1.6910761237138         83.59
   7     0.0064844376359   -1.6909677725458         83.62
   8     0.0051711683289   -1.6926492456666         83.83
   9     0.0052847917890   -1.6929365784153         83.87
  10     0.0066376220075   -1.6933688042408         84.00
 MICROCYCLE DIIS UPDATE:                   11
  11     0.0007620312691   -1.6940953773427         83.31
  12     0.0005664079138   -1.6940054963358         83.25
  13     0.0005280464253   -1.6941354799022         83.36
  14     0.0006449910877   -1.6940955532959         83.39
  15     0.0009357903243   -1.6941410568561         83.39
 MICROCYCLE DIIS UPDATE:                   16
  16     0.0001166832245   -1.6941703131025         83.66
  17     0.0000744856936   -1.6941410046521         83.17
  18     0.0000836554972   -1.6941577835836         83.14
  19     0.0000936250218   -1.6941582526893         83.26
  20     0.0001284540698   -1.6941611430983         83.29
 MICROCYCLE DIIS UPDATE:                   21
  21     0.0000247969652   -1.6941728929502         83.55
  22     0.0000189368345   -1.6941672809188         83.15
  23     0.0000157657884   -1.6941687938789         83.30
  24     0.0000200478598   -1.6941670208758         83.19
  25     0.0000286303080   -1.6941676288562         83.48
 MICROCYCLE DIIS UPDATE:                   26
  26     0.0000055660168   -1.6941669678074         82.90
  27     0.0000037433489   -1.6941661808400         82.85
  28     0.0000035479765   -1.6941669483483         82.96
  29     0.0000036332082   -1.6941669973619         83.00
  30     0.0000051910718   -1.6941671239952         82.75
 MICROCYCLE DIIS UPDATE:                   31
  31     0.0000012528617   -1.6941676778396         83.16
  32     0.0000009792124   -1.6941673818544         83.60
------------------------------------------------------------------
 Iterations converged
 CCSD correlation energy / hartree =        -1.694167381854362
 CCSD total energy / hartree       =     -3007.810227498055610

Time taken for spin-orbital canonical QED-CCSD: 2760.11 secs
