
ExaChem Git Information
{
 WARNING: Failed to retrieve the current git state.
}


TAMM Git Information
{
 Branch: main
 Commit Hash: e71357ad [e71357ad54f38748b4a7e175aa6760820d5ce96f]
 Commit Date: 2026-02-02 23:14:56 -0800
 Commit Message: add GitHub Actions workflow for releases
}


date: Mon Aug 10 15:11:34 2026
program: "/global/cfs/cdirs/m3196/heindelj/cavity_qed/software/install_gpu/bin/bin/ExaChem"
nnodes: 1, nproc_per_node: 4, nproc_total: 4, ngpus_per_node: 1, ngpus_total: 1

Memory information
{
[AMD EPYC 7763 64-Core Processor                ] : 
  CPU memory per node (GiB): 251
  Total CPU memory (GiB): 251
[NVIDIA A100-SXM4-80GB, CUDA v12.9] : 
  GPU memory per device (GiB): 79
  GPU memory per node (GiB): 79
  Total GPU memory (GiB): 79
}

------------------------------------------------------------

Input file provided: /global/cfs/cdirs/m4262/heindelj/cavity_qed/mlip/lambda_scans/grid_scans_optimized_geoms/runs_grid_no_freq/para_th9_ph0/para_th9_ph0_qed_ccsd_input.json

{
  "geometry": {
    "coordinates": [
      "C    -0.482714863500    1.244081897700    0.554531675700",
      "C     0.873845303200    1.256923815900    0.660818519500",
      "C     1.525338117600    0.024455079400    0.721603338000",
      "H    -1.049278434000    2.165380536300    0.491465000200",
      "H     1.452056984400    2.169497713500    0.696690940200",
      "N     3.023130208000    0.047330881300    0.850718438900",
      "O     3.563580854600   -1.025164625600    0.881189423500",
      "O     3.529151856400    1.136046076700    0.895092010700",
      "C    -0.446871525600   -1.254135477300    0.566410457900",
      "H    -0.986831025800   -2.192057600300    0.514856511500",
      "C     0.909644817500   -1.226839553500    0.672385569000",
      "H     1.513964559800   -2.122003932900    0.716746481400",
      "C    -1.232137707200   -0.015937581600    0.564293814100",
      "H    -1.730073886400   -0.019337395100    1.549644703900",
      "Br   -2.696886027400   -0.040719357000   -0.671007289500"
    ],
    "units": "angstrom",
    "noorient": true
  },
  "common": {
    "maxiter": 100,
    "debug": false
  },
  "basis": {
    "basisset": "6-311G*"
  },
  "SCF": {
    "charge": 1,
    "multiplicity": 1,
    "lshift": 0,
    "tol_lindep": 1e-10,
    "conve": 1e-07,
    "convd": 1e-05,
    "diis_hist": 10,
    "writem": 10,
    "restart": false,
    "noscf": false,
    "scf_type": "restricted",
    "debug": false,
    "qed_omegas": [
      0.06615
    ],
    "qed_volumes": [],
    "qed_lambdas": [
      0.1
    ],
    "qed_polvecs": [
      [
        0.15643446504023087,
        0.0,
        0.9876883405951378
      ]
    ],
    "direct_df": false
  },
  "CD": {
    "debug": false,
    "diagtol": 1e-06
  },
  "CC": {
    "threshold": 1e-06,
    "ndiis": 5,
    "ccsd_maxiter": 200,
    "tilesize": 40,
    "freeze": {
      "atomic": true
    },
    "readt": false,
    "writet": true,
    "writet_iter": 5,
    "debug": false,
    "profile_ccsd": false,
    "balance_tiles": true
  },
  "TASK": {
    "scf": false,
    "ccsd": true
  }
}

Output folder & files prefix: para_th9_ph0_qed_ccsd_input.6-311g*

  C (carbon)
  ----------
          Exponent        Coefficients
      ----------------  --------------------
  1 S  4.56324000E+03      0.778202
  1 S  6.82024000E+02      1.448695
  1 S  1.54973000E+02      2.383089
  1 S  4.44553000E+01      3.200089
  1 S  1.30290000E+01      3.013004
  1 S  1.82773000E+00      0.247599

  2 S  2.09642000E+01      0.800629
  2 S  4.80331000E+00      2.127420
  2 S  1.45933000E+00     -0.002868

  3 P  2.09642000E+01      2.573592
  3 P  4.80331000E+00      2.408248
  3 P  1.45933000E+00      1.865281

  4 S  4.83456000E-01      0.413217

  5 P  4.83456000E-01      0.574627

  6 S  1.45585000E-01      0.167976

  7 P  1.45585000E-01      0.128185

  8 D  6.26000000E-01      0.725128


  H (hydrogen)
  ------------
          Exponent        Coefficients
      ----------------  --------------------
  1 S  3.38650000E+01      0.255069
  1 S  5.09479000E+00      0.460109
  1 S  1.15879000E+00      0.678321

  2 S  3.25840000E-01      0.307371

  3 S  1.02741000E-01      0.129336


  N (nitrogen)
  ------------
          Exponent        Coefficients
      ----------------  --------------------
  1 S  6.29348000E+03      0.991968
  1 S  9.49044000E+02      1.823240
  1 S  2.18776000E+02      2.979891
  1 S  6.36916000E+01      4.000007
  1 S  1.88282000E+01      3.881008
  1 S  2.72023000E+00      0.386764

  2 S  3.06331000E+01      1.038501
  2 S  7.02614000E+00      2.834794
  2 S  2.11205000E+00     -0.003208

  3 P  3.06331000E+01      3.935616
  3 P  7.02614000E+00      3.870994
  3 P  2.11205000E+00      2.967271

  4 S  6.84009000E-01      0.536051

  5 P  6.84009000E-01      0.886681

  6 S  2.00878000E-01      0.213850

  7 P  2.00878000E-01      0.191693

  8 D  9.13000000E-01      1.403568


  O (oxygen)
  ----------
          Exponent        Coefficients
      ----------------  --------------------
  1 S  8.58850000E+03      1.205013
  1 S  1.29723000E+03      2.216205
  1 S  2.99296000E+02      3.627452
  1 S  8.73771000E+01      4.888452
  1 S  2.56789000E+01      4.835721
  1 S  3.74004000E+00      0.538229

  2 S  4.21175000E+01      1.341958
  2 S  9.62837000E+00      3.587114
  2 S  2.85332000E+00     -0.005123

  3 P  4.21175000E+01      5.584018
  3 P  9.62837000E+00      5.733366
  3 P  2.85332000E+00      4.332955

  4 S  9.05661000E-01      0.661659

  5 P  9.05661000E-01      1.259352

  6 S  2.55611000E-01      0.256209

  7 P  2.55611000E-01      0.259068

  8 D  1.29200000E+00      2.577026


  Br (bromine)
  ------------
          Exponent        Coefficients
      ----------------  --------------------
  1 S  4.39700000E+05      9.893706
  1 S  6.60300000E+04     18.450679
  1 S  1.51400000E+04     31.049770
  1 S  4.31700000E+03     48.888138
  1 S  1.41400000E+03     64.847798
  1 S  5.23900000E+02     42.245010

  2 S  5.23900000E+02     14.290679
  2 S  2.07700000E+02     24.083128
  2 S  8.65400000E+01      5.132542

  3 S  3.05200000E+01      9.254405

  4 S  1.29800000E+01      4.873782

  5 S  4.41200000E+00      2.169635

  6 S  1.86200000E+00      1.136043

  7 S  3.93200000E-01      0.353892

  8 S  1.40000000E-01      0.163120

  9 P  2.95700000E+03    691.874478
  9 P  7.00300000E+02    925.332763
  9 P  2.24600000E+02   1068.830732

  10 P  8.25900000E+01    122.079275
  10 P  3.31900000E+01     57.580687
  10 P  1.42000000E+01     10.176170

  11 P  1.42000000E+01      3.129736
  11 P  7.43800000E+00      6.538168
  11 P  3.52600000E+00      4.166276

  12 P  1.59500000E+00      2.555000

  13 P  8.46200000E-01      1.156861

  14 P  3.18600000E-01      0.341191

  15 P  1.09600000E-01      0.089888

  16 D  1.34800000E+02    160.709187
  16 D  3.63900000E+01    119.797406
  16 D  1.21600000E+01     55.531619
  16 D  4.34100000E+00     12.984636

  17 D  1.53500000E+00      3.484168

  18 D  4.51000000E-01      0.408525



Printing Internal Coordinates

------------------------------------------------------------
                Bond Lengths

i      j        Length (Angstroms)     Length (Bohr)
0      1          1.3607781942         2.5714981052
0      3          1.0834033720         2.0473356570
0      12         1.4660760506         2.7704822154
1      2          1.3953912956         2.6369073872
1      4          1.0809286273         2.0426590673
2      5          1.5035209203         2.8412427639
2      10         1.3954350171         2.6369900088
5      6          1.2013583956         2.2702383467
5      7          1.2013857412         2.2702900225
8      9          1.0834721870         2.0474656985
8      10         1.3609233559         2.5717724211
8      12         1.4662133150         2.7707416075
10     11         1.0809669318         2.0427314523
12     13         1.1040237195         2.0863024664
12     14         1.9162647506         3.6212155634

Number of Bonds: 15

------------------------------------------------------------
           Bond Angles

i      j      k      Angle (degrees)
0      1      2        117.4199 
0      1      4        122.9442 
0      12     8        116.8741 
0      12     13       103.8358 
0      12     14       113.4253 
1      0      3        121.1880 
1      0      12       121.1434 
1      2      5        117.0915 
1      2      10       125.7657 
2      1      4        119.6357 
2      5      6        115.8965 
2      5      7        115.8842 
2      10     8        117.4208 
2      10     11       119.6343 
3      0      12       117.6406 
5      2      10       117.1428 
6      5      7        128.2134 
8      10     11       122.9448 
8      12     13       103.7488 
8      12     14       113.5401 
9      8      10       121.1857 
9      8      12       117.6496 
10     8      12       121.1322 
13     12     14       103.3299 

Number of Angles: 24

------------------------------------------------------------
              Torsional Angles

i      j      k      l      Angle (degrees)
3      0      1      2       -179.2981 
4      1      0      3          0.5573 
8      10     2      1         -0.5556 
8      12     0      1         -5.5684 
8      12     0      3        176.3318 
9      8      10     2        179.4741 
9      8      12     0       -176.4916 
10     2      1      0          0.5434 
10     2      1      4       -179.3169 
10     8      12     0          5.5552 
11     10     2      1        179.3209 
11     10     8      9         -0.3980 
12     0      1      2          2.6697 
12     0      1      4       -177.4749 
12     8      10     2         -2.6452 
12     8      10     11       177.4827 
13     12     0      1        107.9604 
13     12     0      3        -70.1393 
13     12     8      9         69.9306 
13     12     8      10      -108.0226 
14     12     0      1       -140.6023 
14     12     0      3         41.2980 
14     12     8      9        -41.5076 
14     12     8      10       140.5392 

Number of Torsional Angles: 24


----------------------------------------------------------------------
                          Center of Mass

         x               y               z              Unit
   -0.2305320652 -0.002334399709    0.1753181697      Angstrom
   -0.4356424664 -0.004411376118    0.3313033255          Bohr

----------------------------------------------------------------------
                Moment of Inertia Tensor

           815.167          -57.9107          -1074.36
          -57.9107           4564.07          -15.9545
          -1074.36          -15.9545           4684.12

----------------------------------------------------------------------
                      Principal Moments of Inertia

           x                 y                 z                Unit
       150.0822408       1278.319631       1389.624016       amu * ang^2
        535.953412       4564.962277       4962.437453      amu * bohr^2
  2.4921759420e-38  2.1227011356e-37  2.3075265419e-37          g * cm^2

 - Molecule is an asymmetric top.

----------------------------------------------------------------------

         Rotational constants (MHz)

    A = 3.3673e+03        B = 3.9535e+02        C = 3.6368e+02

----------------------------------------------------------------------

        Rotational constants (cm-1)

    A = 1.1232e-01        B = 1.3187e-02        C = 1.2131e-02

----------------------------------------------------------------------

                                Z-Matrix
C   
C        1       2.5714981
C        2       2.6369074     1       117.41995
H        3      6.34260777     2     22.40319238     1          0.5086
H        4      4.74272827     3     39.72904077     2          0.3797
N        5      4.99816935     4    126.54491837     3         -0.1722
O        6      2.27023835     5    170.05988032     4          7.3344
O        7      4.08469901     6     25.89363092     5        172.7315
C        8      8.78870184     7     59.95415262     6         -0.3788
H        9      2.04746570     8    150.96341626     7         -0.2400
C       10      4.03228851     9     33.06765769     8          0.1338
H       11      2.04273145    10     97.19870388     9        179.6633
C       12      6.54615831    11     18.47521570    10         -3.0526
H       13      2.08630247    12    108.44466103    11       -106.8452
Br      14      4.57707045    13     50.34036047    12       -139.2611

----------------------------------------------------------------------

             Converted back to Cartesian

C        0.000000      0.000000      0.000000
C        0.000000      0.000000      2.571498
C        0.000000      0.094297     -0.063723
H       -0.000007     -0.175769      6.273133
H        0.000001      0.083504      1.537497
N       -0.000005     -0.381863      6.513954
O       -0.000266     -0.053728      4.267555
O       -0.001418     -0.675942      8.304586
C        0.009159      0.821024     -0.355684
H        0.001955      0.380023      1.643712
C        0.018181      1.288099     -2.284963
H        0.003630      0.769685     -0.309162
C        0.054145      2.466401     -6.631408
H        0.033021      1.859578     -4.635418
Br       0.087429      3.257392     -8.993483

----------------------------------------------------------------------
                       Geometry in bohr 

1     C      -0.9121988889    2.3509740649    1.0479129952
2     C       1.6513282995    2.3752417732    1.2487660208
3     C       2.8824712917    0.0462134025    1.3636326804
4     H      -1.9828488701    4.0919761720    0.9287342508
5     H       2.7439900197    4.0997565093    1.3165550714
6     N       5.7128881361    0.0894424030    1.6076248598
7     O       6.7341918427   -1.9372803764    1.6652066755
8     O       6.6691304653    2.1468159514    1.6914787577
9     C      -0.8444647969   -2.3699725769    1.0703606403
10    H      -1.8648403713   -4.1423885168    0.9729378009
11    C       1.7189795769   -2.3183907565    1.2706245764
12    H       2.8609783824   -4.0100062713    1.3544545516
13    C      -2.3284028160   -0.0301176643    1.0663607632
14    H      -3.2693658229   -0.0365423807    2.9284040828
15    Br     -5.0963759846   -0.0769484328   -1.2680200056

 Number of nodes, processes per node used for SCF calculation: 1, 4

Common Options
{
  maxiter       = 100
  basis         = 6-311g* spherical
  geom_units    = angstrom
  ang2au factor = 1.889726126
  debug         = false
  file_prefix   = para_th9_ph0_qed_ccsd_input
}

SCF Options
{
  charge            = 1
  multiplicity      = 1
  level shift       = 0
  tol_int           = 1e-22
  tol_sch           = 1e-12
  tol_lindep        = 1e-10
  conve             = 1e-07
  convd             = 1e-05
  diis_hist         = 10
  AO_tilesize       = 30
  writem            = 10
  damp              = 100
  n_lindep          = 0
  scf_type          = restricted
  cuscf             = false
  qed_omegas        = [0.06615,]
  qed_lambdas       = [0.1,]
  qed_polvecs       = [[0.156434465,0,0.9876883406,],]
  direct_df         = false
  restart_size      = 2000
  restart           = false
  debug             = false
}

Number of basis functions = 221

Total number of shells = 105

Total number of electrons = 98
  # of alpha electrons    = 49
  # of beta electons      = 49

Nuclear repulsion energy  = 724.884132670689

# of {all,non-negligible} shell-pairs = {5565,4852}
Number of AO tiles = 105

Time for initial setup: 0.02 secs
HF exch = 1.00

Time for computing 1-e integrals T, V, S: 0.01 secs
Time for computing orthogonalizer: 0.01 secs

Superposition of Atomic Density Guess ...
Time taken for SAD: 0.29 secs
Total Time to compute initial guess: 0.29 secs


 SCF iterations
-----------------------------------------------------------------------------
 Iter     Energy            E-Diff       RMSD        |[F,P]|^2       Time(s)
-----------------------------------------------------------------------------
   1  -3011.7059760086    -3.01e+03     1.69e-02     1.50e+03         0.6 
   2  -3005.8216086941     5.88e+00     6.63e-03     7.81e+00         2.0 
   3  -3006.0080518707    -1.86e-01     2.64e-03     3.77e+00         2.0 
   4  -3006.1143275285    -1.06e-01     1.16e-03     9.75e-02         2.0 
   5  -3006.1196930064    -5.37e-03     2.55e-04     1.14e-02         2.1 
   6  -3006.1202525043    -5.59e-04     1.76e-04     1.23e-03         2.1 
   7  -3006.1203779938    -1.25e-04     7.86e-05     1.73e-04         2.1 
   8  -3006.1204009424    -2.29e-05     2.56e-05     2.53e-05         2.1 
   9  -3006.1204043491    -3.41e-06     9.85e-06     4.02e-06         2.1 
  10  -3006.1204049020    -5.53e-07     3.64e-06     4.77e-07         2.1 
  11  -3006.1204049631    -6.11e-08     1.29e-06     4.84e-08         2.1 

** Total SCF energy = -3006.1204049630910

Nuclear repulsion energy = 724.884132670688928
#electrons        = 98
1e energy kinetic = 3006.1630562440263930
1e energy N-e     = -8602.9548127978578123
1e energy         = -5594.7355692968340009
2e energy         = 1865.6089344273891584
QED energy        = 0.1782844926660290
QED eT energy     = 0.1531695830291708
QED eT energy from matrix = 0.1531695830291661

 Polarizability Matrix (QED energy = 0.5 * lambda.dot(matrix * lambda))
[43.43417165, -0.00342105,  1.41740864]
[-0.00342105, 43.76194935,  0.03068664]
[ 1.41740864,  0.03068664, 35.01280978]

 Polarizability Matrix (QED eT energy = 0.5 * lambda.dot(matrix * lambda))
[40.15208437, -0.00307306,  1.91797790]
[-0.00307306, 40.52845494,  0.03854449]
[ 1.91797790,  0.03854449, 29.78759165]


                      Electron        Nuclear        Total  
                  ------------------------------------------
    Monopole         -98.000000     99.000000      1.000000

      Dipole   X      18.408173    -19.662175     -1.254002
      Dipole   Y       0.048924     -0.064329     -0.015405
      Dipole   Z     -42.369540     43.633189      1.263649

  Quadrupole  XX   -2065.554764   2015.684824    -49.869940
  Quadrupole  XY     -27.095288     26.964173     -0.131116
  Quadrupole  XZ    -488.973157    487.689221     -1.283935
  Quadrupole  YY    -308.144954    266.932975    -41.211979
  Quadrupole  YZ      -7.256331      7.162028     -0.094303
  Quadrupole  ZZ    -230.718640    183.877397    -46.841243

    Octupole XXX   -1737.307399   1600.533408   -136.773992
    Octupole XXY     -12.933302     11.543245     -1.390057
    Octupole XXZ    -685.972677    635.335665    -50.637012
    Octupole XYY    -553.719027    526.918801    -26.800226
    Octupole XYZ      -8.387774      7.807280     -0.580494
    Octupole XZZ    -157.782103    133.639678    -24.142425
    Octupole YYY     -28.103551     26.572322     -1.531228
    Octupole YYZ    -366.071532    342.443457    -23.628075
    Octupole YZZ      -2.454445      1.769795     -0.684650
    Octupole ZZZ    -218.176986    125.726682    -92.450304

writing orbitals and density to disk ... done.

Total Time taken for Hartree-Fock: 22.38 secs

CD Options
{
  debug             = false
  skip_cd           = [false, 100]
  write_cv          = [false, 5000]
  diagtol           = 1e-06
  itilesize         = 1000
  max_cvecs_factor  = 12
}

- #occupied, #virtual = 98, 344

- Tilesize for the MSO space: 40

-----------------------------------------------------
Begin 2-index transformation ... 

nAO, nMO, nelectrons = 221, 442, 98
n_occ_alpha, n_vir_alpha, n_occ_beta, n_vir_beta = 49,172,49,172

Time taken for Fao->Fmo transform: 0.00 secs

-----------------------------------------------------
Number of AO tiles = 105
# of {all,non-negligible} shell-pairs = {5565,4852}

    Begin Cholesky Decomposition
---------------------------------------------
Total # of mpi ranks used for Cholesky decomposition: 4
  --> Number of nodes, mpi ranks per node: 1, 4
- CPU memory required for computing cholesky vectors: 1.93 GiB

- Time for computing the diagonal: 0.01 secs

- Total number of cholesky vectors = 1646

- Time to compute cholesky vectors: 15.19 secs

- CPU memory required for resizing the ao cholesky tensor: 1.56 GiB
- CPU memory required for ao2mo transformation: 1.70 GiB
- CPU memory required for the 2-step contraction: 2.11 GiB

- Time for ao to mo transform: 1.63 secs

   End Cholesky Decomposition
---------------------------------------------

Total Time taken for Cholesky Decomposition: 18.59 secs

scf_type = restricted
Closed-Shell SCF
QED-HF Enabled
nbf = 203
nbf_orig = 221
n_lindep = 0
focc = 1
nmo = 406
nocc = 62
nvir = 344
n_occ_alpha = 31
n_vir_alpha = 172
n_occ_beta = 31
n_vir_beta = 172
nelectrons = 98
nelectrons_alpha = 49
nelectrons_beta = 49
freeze atomic = true
n_frozen_core = 18
n_frozen_virtual = 0
----------------------------
--------- QED-CCSD --------
lambda_x: 0.0156
lambda_y: 0.0000
lambda_z: 0.0988
omega: 0.066150
coupling_factor_x: 0.002845
coupling_factor_y: 0.000000
coupling_factor_z: 0.017963
----------------------------
# of {all,non-negligible} shell-pairs = {5565,4852}
Number of AO tiles = 105
----------------------------
Electronic dipole expectation value using SCF density: 
dipole_x_elec: 18.40836437
dipole_y_elec: 0.04900301
dipole_z_elec: -42.36949246

d_n/N value: d_n is nuclear dipole moment and N is the total number of electrons 
d_nuc_x: -0.20063444
d_nuc_y: -0.00065642
d_nuc_z: 0.44523662

<d_e+d_n> expectation values: 
dipole_total_x: -1.25381034
dipole_total_y: -0.01532574
dipole_total_z: 1.26369664
----------------------------


 CCSD iterations
------------------------------------------------------------
  Iter     Residuum          Correlation          Time(s)
------------------------------------------------------------
   1     1.1859693984247    0.0000000000000         86.88
   2     0.1639548284331   -1.6768601104059         85.91
   3     0.0630526285750   -1.6306197496866         84.41
   4     0.0181218486991   -1.6959117553640         84.36
   5     0.0130498193657   -1.6897524046942         85.09
 MICROCYCLE DIIS UPDATE:                    6
   6     0.0059361760722   -1.6979753597302         84.96
   7     0.0033909061165   -1.6979192608624         84.74
   8     0.0021217629843   -1.6986978518327         84.80
   9     0.0013791629051   -1.6988193947631         84.82
  10     0.0011638005097   -1.6989941947118         84.66
 MICROCYCLE DIIS UPDATE:                   11
  11     0.0003097011491   -1.6992262132906         84.76
  12     0.0002130965566   -1.6992329508012         84.22
  13     0.0001749511813   -1.6992595356001         85.00
  14     0.0001588770432   -1.6992481129585         84.48
  15     0.0001642371554   -1.6992548750191         84.52
 MICROCYCLE DIIS UPDATE:                   16
  16     0.0000423004813   -1.6992509913912         84.56
  17     0.0000274438547   -1.6992526550847         84.50
  18     0.0000191135812   -1.6992566748505         84.88
  19     0.0000162072988   -1.6992568353824         85.60
  20     0.0000129945951   -1.6992573550637         84.54
 MICROCYCLE DIIS UPDATE:                   21
  21     0.0000066095340   -1.6992585768166         85.07
  22     0.0000045688031   -1.6992581630843         84.71
  23     0.0000038585884   -1.6992582068337         84.78
  24     0.0000036386763   -1.6992579600836         84.75
  25     0.0000038765206   -1.6992580017982         84.79
 MICROCYCLE DIIS UPDATE:                   26
  26     0.0000010412382   -1.6992577197482         84.65
  27     0.0000006427315   -1.6992578727436         84.73
------------------------------------------------------------------
 Iterations converged
 CCSD correlation energy / hartree =        -1.699257872743629
 CCSD total energy / hartree       =     -3007.819662835834606

Time taken for spin-orbital canonical QED-CCSD: 2352.62 secs
