
ExaChem Git Information
{
 WARNING: Failed to retrieve the current git state.
}


TAMM Git Information
{
 Branch: main
 Commit Hash: e71357ad [e71357ad54f38748b4a7e175aa6760820d5ce96f]
 Commit Date: 2026-02-02 23:14:56 -0800
 Commit Message: add GitHub Actions workflow for releases
}


date: Mon Aug 10 22:04:02 2026
program: "/global/cfs/cdirs/m3196/heindelj/cavity_qed/software/install_gpu/bin/bin/ExaChem"
nnodes: 1, nproc_per_node: 4, nproc_total: 4, ngpus_per_node: 1, ngpus_total: 1

Memory information
{
[AMD EPYC 7763 64-Core Processor                ] : 
  CPU memory per node (GiB): 251
  Total CPU memory (GiB): 251
[NVIDIA A100-SXM4-80GB, CUDA v12.9] : 
  GPU memory per device (GiB): 79
  GPU memory per node (GiB): 79
  Total GPU memory (GiB): 79
}

------------------------------------------------------------

Input file provided: /global/cfs/cdirs/m4262/heindelj/cavity_qed/mlip/lambda_scans/grid_scans_optimized_geoms/runs_grid_no_freq/para_th45_ph342/para_th45_ph342_qed_ccsd_input.json

{
  "geometry": {
    "coordinates": [
      "C    -0.494150740800    1.267903189100    0.742895850300",
      "C     0.861180426100    1.265642132700    0.716266470800",
      "C     1.492448630800    0.020629673500    0.715470472900",
      "H    -1.043961774000    2.199406396000    0.729885282900",
      "H     1.447526812700    2.172598786400    0.708131852800",
      "N     2.987249484900    0.012212960900    0.636792638100",
      "O     3.482322779600   -1.038401901400    0.329461147400",
      "O     3.529113525900    1.059359675600    0.864834209500",
      "C    -0.494577074700   -1.230715851100    0.852114907200",
      "H    -1.041082680700   -2.165249768400    0.907362835500",
      "C     0.863153467500   -1.216872201300    0.806506858500",
      "H     1.452466604000   -2.118929543600    0.835599106700",
      "C    -1.265510567100    0.012050168600    0.680686318400",
      "H    -2.156962303600    0.044012477400    1.307498280000",
      "Br   -1.853297240800   -0.136125714500   -1.168066490300"
    ],
    "units": "angstrom",
    "noorient": true
  },
  "common": {
    "maxiter": 100,
    "debug": false
  },
  "basis": {
    "basisset": "6-311G*"
  },
  "SCF": {
    "charge": 1,
    "multiplicity": 1,
    "lshift": 0,
    "tol_lindep": 1e-10,
    "conve": 1e-07,
    "convd": 1e-05,
    "diis_hist": 10,
    "writem": 10,
    "restart": false,
    "noscf": false,
    "scf_type": "restricted",
    "debug": false,
    "qed_omegas": [
      0.06615
    ],
    "qed_volumes": [],
    "qed_lambdas": [
      0.1
    ],
    "qed_polvecs": [
      [
        0.6724985119639573,
        -0.21850801222441066,
        0.7071067811865476
      ]
    ],
    "direct_df": false
  },
  "CD": {
    "debug": false,
    "diagtol": 1e-06
  },
  "CC": {
    "threshold": 1e-06,
    "ndiis": 5,
    "ccsd_maxiter": 200,
    "tilesize": 40,
    "freeze": {
      "atomic": true
    },
    "readt": false,
    "writet": true,
    "writet_iter": 5,
    "debug": false,
    "profile_ccsd": false,
    "balance_tiles": true
  },
  "TASK": {
    "scf": false,
    "ccsd": true
  }
}

Output folder & files prefix: para_th45_ph342_qed_ccsd_input.6-311g*

  C (carbon)
  ----------
          Exponent        Coefficients
      ----------------  --------------------
  1 S  4.56324000E+03      0.778202
  1 S  6.82024000E+02      1.448695
  1 S  1.54973000E+02      2.383089
  1 S  4.44553000E+01      3.200089
  1 S  1.30290000E+01      3.013004
  1 S  1.82773000E+00      0.247599

  2 S  2.09642000E+01      0.800629
  2 S  4.80331000E+00      2.127420
  2 S  1.45933000E+00     -0.002868

  3 P  2.09642000E+01      2.573592
  3 P  4.80331000E+00      2.408248
  3 P  1.45933000E+00      1.865281

  4 S  4.83456000E-01      0.413217

  5 P  4.83456000E-01      0.574627

  6 S  1.45585000E-01      0.167976

  7 P  1.45585000E-01      0.128185

  8 D  6.26000000E-01      0.725128


  H (hydrogen)
  ------------
          Exponent        Coefficients
      ----------------  --------------------
  1 S  3.38650000E+01      0.255069
  1 S  5.09479000E+00      0.460109
  1 S  1.15879000E+00      0.678321

  2 S  3.25840000E-01      0.307371

  3 S  1.02741000E-01      0.129336


  N (nitrogen)
  ------------
          Exponent        Coefficients
      ----------------  --------------------
  1 S  6.29348000E+03      0.991968
  1 S  9.49044000E+02      1.823240
  1 S  2.18776000E+02      2.979891
  1 S  6.36916000E+01      4.000007
  1 S  1.88282000E+01      3.881008
  1 S  2.72023000E+00      0.386764

  2 S  3.06331000E+01      1.038501
  2 S  7.02614000E+00      2.834794
  2 S  2.11205000E+00     -0.003208

  3 P  3.06331000E+01      3.935616
  3 P  7.02614000E+00      3.870994
  3 P  2.11205000E+00      2.967271

  4 S  6.84009000E-01      0.536051

  5 P  6.84009000E-01      0.886681

  6 S  2.00878000E-01      0.213850

  7 P  2.00878000E-01      0.191693

  8 D  9.13000000E-01      1.403568


  O (oxygen)
  ----------
          Exponent        Coefficients
      ----------------  --------------------
  1 S  8.58850000E+03      1.205013
  1 S  1.29723000E+03      2.216205
  1 S  2.99296000E+02      3.627452
  1 S  8.73771000E+01      4.888452
  1 S  2.56789000E+01      4.835721
  1 S  3.74004000E+00      0.538229

  2 S  4.21175000E+01      1.341958
  2 S  9.62837000E+00      3.587114
  2 S  2.85332000E+00     -0.005123

  3 P  4.21175000E+01      5.584018
  3 P  9.62837000E+00      5.733366
  3 P  2.85332000E+00      4.332955

  4 S  9.05661000E-01      0.661659

  5 P  9.05661000E-01      1.259352

  6 S  2.55611000E-01      0.256209

  7 P  2.55611000E-01      0.259068

  8 D  1.29200000E+00      2.577026


  Br (bromine)
  ------------
          Exponent        Coefficients
      ----------------  --------------------
  1 S  4.39700000E+05      9.893706
  1 S  6.60300000E+04     18.450679
  1 S  1.51400000E+04     31.049770
  1 S  4.31700000E+03     48.888138
  1 S  1.41400000E+03     64.847798
  1 S  5.23900000E+02     42.245010

  2 S  5.23900000E+02     14.290679
  2 S  2.07700000E+02     24.083128
  2 S  8.65400000E+01      5.132542

  3 S  3.05200000E+01      9.254405

  4 S  1.29800000E+01      4.873782

  5 S  4.41200000E+00      2.169635

  6 S  1.86200000E+00      1.136043

  7 S  3.93200000E-01      0.353892

  8 S  1.40000000E-01      0.163120

  9 P  2.95700000E+03    691.874478
  9 P  7.00300000E+02    925.332763
  9 P  2.24600000E+02   1068.830732

  10 P  8.25900000E+01    122.079275
  10 P  3.31900000E+01     57.580687
  10 P  1.42000000E+01     10.176170

  11 P  1.42000000E+01      3.129736
  11 P  7.43800000E+00      6.538168
  11 P  3.52600000E+00      4.166276

  12 P  1.59500000E+00      2.555000

  13 P  8.46200000E-01      1.156861

  14 P  3.18600000E-01      0.341191

  15 P  1.09600000E-01      0.089888

  16 D  1.34800000E+02    160.709187
  16 D  3.63900000E+01    119.797406
  16 D  1.21600000E+01     55.531619
  16 D  4.34100000E+00     12.984636

  17 D  1.53500000E+00      3.484168

  18 D  4.51000000E-01      0.408525



Printing Internal Coordinates

------------------------------------------------------------
                Bond Lengths

i      j        Length (Angstroms)     Length (Bohr)
0      1          1.3555946327         2.5617025935
0      3          1.0817391883         2.0441908056
0      12         1.4751382364         2.7876072647
1      2          1.3959069466         2.6378818262
1      4          1.0800178835         2.0409380110
2      5          1.4968936623         2.8287190613
2      10         1.3912982844         2.6291727170
5      6          1.2013916103         2.2703011133
5      7          1.2008896033         2.2693524577
8      9          1.0840084656         2.0484791182
8      10         1.3585668795         2.5673193259
8      12         1.4724787233         2.7825815132
10     11         1.0778885752         2.0369142014
12     13         1.0902298028         2.0602357416
12     14         1.9455940516         3.6766399098

Number of Bonds: 15

------------------------------------------------------------
           Bond Angles

i      j      k      Angle (degrees)
0      1      2        116.9774 
0      1      4        122.7890 
0      12     8        116.0942 
0      12     13       112.2322 
0      12     14       105.2415 
1      0      3        120.6217 
1      0      12       121.3696 
1      2      5        117.1705 
1      2      10       126.0667 
2      1      4        120.2294 
2      5      6        115.4593 
2      5      7        115.8301 
2      10     8        117.5996 
2      10     11       119.9234 
3      0      12       117.8284 
5      2      10       116.7510 
6      5      7        128.6953 
8      10     11       122.4769 
8      12     13       112.7003 
8      12     14       101.8016 
9      8      10       120.9532 
9      8      12       118.0080 
10     8      12       120.7125 
13     12     14       107.5491 

Number of Angles: 24

------------------------------------------------------------
              Torsional Angles

i      j      k      l      Angle (degrees)
3      0      1      2       -179.0689 
4      1      0      3          1.6792 
8      10     2      1          2.5670 
9      8      10     2        179.0249 
10     2      1      0         -3.4205 
10     2      1      4        175.8516 
11     10     2      1       -177.5964 
11     10     8      9         -0.8072 

Number of Torsional Angles: 8


----------------------------------------------------------------------
                          Center of Mass

         x               y               z              Unit
   0.07916757845  -0.04343928648  -0.03270384515      Angstrom
    0.1496050413  -0.08208835455   -0.0618013106          Bohr

----------------------------------------------------------------------
                Moment of Inertia Tensor

           1082.54          -84.6618          -977.746
          -84.6618           3733.97          -68.8039
          -977.746          -68.8039           3577.38

----------------------------------------------------------------------
                      Principal Moments of Inertia

           x                 y                 z                Unit
       207.6438865       1044.483772       1098.400415       amu * ang^2
       741.5097805       3729.919266       3922.459093      amu * bohr^2
  3.4480102085e-38  1.7344072924e-37  1.8239380453e-37          g * cm^2

 - Molecule is an asymmetric top.

----------------------------------------------------------------------

         Rotational constants (MHz)

    A = 2.4339e+03        B = 4.8386e+02        C = 4.6010e+02

----------------------------------------------------------------------

        Rotational constants (cm-1)

    A = 8.1185e-02        B = 1.6140e-02        C = 1.5347e-02

----------------------------------------------------------------------

                                Z-Matrix
C   
C        1       2.5617026
C        2       2.6378818     1        116.9774
H        3      6.31876876     2     22.45163636     1          0.6787
H        4      4.70868305     3     40.04600063     2         -0.0286
N        5      5.01511458     4    126.09416246     3          1.7529
O        6      2.27030111     5    163.30351921     4         52.7282
O        7      4.09221374     6     25.64658894     5        130.5157
C        8      8.74898171     7     60.09086199     6          3.7453
H        9      2.04847912     8    149.82005249     7         22.5681
C       10      4.02458751     9     33.16572564     8         -5.8414
H       11      2.03691420    10     96.59790158     9        179.3145
C       12      6.53322691    11     18.76128353    10          6.3456
H       13      2.06023574    12    129.43033077    11       -125.8036
Br      14      4.72548044    13     47.88794282    12       -125.2135

----------------------------------------------------------------------

             Converted back to Cartesian

C        0.000000      0.000000      0.000000
C        0.000000      0.000000      2.561703
C        0.000000      0.093977     -0.074505
H       -0.000009     -0.174317      6.238566
H        0.000010      0.082985      1.536918
N       -0.000154     -0.383157      6.530322
O       -0.001809     -0.060012      4.283137
O        0.000391     -0.674097      8.329012
C       -0.000576      0.796855     -0.295429
H       -0.003172      0.360723      1.706083
C        0.003227      1.257242     -2.217374
H       -0.005192      0.745492     -0.245811
C        0.024964      2.422865     -6.559967
H        0.011711      1.815924     -4.591206
Br       0.047898      3.273520     -9.086123

----------------------------------------------------------------------
                       Geometry in bohr 

1     C      -0.9338095650    2.3959897816    1.4038696971
2     C       1.6273951503    2.3917170042    1.3535474630
3     C       2.8203191692    0.0389844330    1.3520432450
4     H      -1.9728018388    4.1562757280    1.3792832880
5     H       2.7354292359    4.1056166878    1.3381752628
6     N       5.6450833962    0.0230791513    1.2033636850
7     O       6.5806363355   -1.9622952023    0.6225913377
8     O       6.6690580312    2.0018996557    1.6342998003
9     C      -0.9346152193   -2.3257158974    1.6102638024
10    H      -1.9673611409   -4.0917290565    1.7146672559
11    C       1.6311236582   -2.2995551907    1.5240770812
12    H       2.7447640886   -4.0041965175    1.5790534627
13    C      -2.3914683813    0.0227715184    1.2863107194
14    H      -4.0760680177    0.0831715284    2.4708136593
15    Br     -3.5022242150   -0.2572403191   -2.2073257635

 Number of nodes, processes per node used for SCF calculation: 1, 4

Common Options
{
  maxiter       = 100
  basis         = 6-311g* spherical
  geom_units    = angstrom
  ang2au factor = 1.889726126
  debug         = false
  file_prefix   = para_th45_ph342_qed_ccsd_input
}

SCF Options
{
  charge            = 1
  multiplicity      = 1
  level shift       = 0
  tol_int           = 1e-22
  tol_sch           = 1e-12
  tol_lindep        = 1e-10
  conve             = 1e-07
  convd             = 1e-05
  diis_hist         = 10
  AO_tilesize       = 30
  writem            = 10
  damp              = 100
  n_lindep          = 0
  scf_type          = restricted
  cuscf             = false
  qed_omegas        = [0.06615,]
  qed_lambdas       = [0.1,]
  qed_polvecs       = [[0.672498512,-0.2185080122,0.7071067812,],]
  direct_df         = false
  restart_size      = 2000
  restart           = false
  debug             = false
}

Number of basis functions = 221

Total number of shells = 105

Total number of electrons = 98
  # of alpha electrons    = 49
  # of beta electons      = 49

Nuclear repulsion energy  = 748.838831857374

# of {all,non-negligible} shell-pairs = {5565,4926}
Number of AO tiles = 105

Time for initial setup: 0.01 secs
HF exch = 1.00

Time for computing 1-e integrals T, V, S: 0.01 secs
Time for computing orthogonalizer: 0.01 secs

Superposition of Atomic Density Guess ...
Time taken for SAD: 0.41 secs
Total Time to compute initial guess: 0.41 secs


 SCF iterations
-----------------------------------------------------------------------------
 Iter     Energy            E-Diff       RMSD        |[F,P]|^2       Time(s)
-----------------------------------------------------------------------------
   1  -3011.7222169959    -3.01e+03     1.68e-02     1.52e+03         0.6 
   2  -3005.7476978470     5.97e+00     6.61e-03     9.30e+00         2.1 
   3  -3006.0089932812    -2.61e-01     2.29e-03     2.99e+00         2.1 
   4  -3006.0940197545    -8.50e-02     1.18e-03     9.61e-02         2.1 
   5  -3006.0999132705    -5.89e-03     2.85e-04     1.20e-02         2.1 
   6  -3006.1005865781    -6.73e-04     2.13e-04     1.77e-03         2.1 
   7  -3006.1007713885    -1.85e-04     8.87e-05     2.31e-04         2.1 
   8  -3006.1008009959    -2.96e-05     2.18e-05     2.35e-05         2.1 
   9  -3006.1008036976    -2.70e-06     7.77e-06     4.55e-06         2.2 
  10  -3006.1008041793    -4.82e-07     4.08e-06     7.17e-07         2.2 
  11  -3006.1008042761    -9.68e-08     1.73e-06     1.01e-07         2.2 

** Total SCF energy = -3006.1008042760641

Nuclear repulsion energy = 748.838831857373862
#electrons        = 98
1e energy kinetic = 3006.1975168171456971
1e energy N-e     = -8650.6028103405697038
1e energy         = -5637.9596088765074455
2e energy         = 1889.2703233382412691
QED energy        = 0.1953340517446751
QED eT energy     = 0.1748033547000933
QED eT energy from matrix = 0.1748033547001199

 Polarizability Matrix (QED energy = 0.5 * lambda.dot(matrix * lambda))
[41.54995554,  0.46134769,  0.39346230]
[ 0.46134769, 43.33710212,  1.17118139]
[ 0.39346230,  1.17118139, 36.65960134]

 Polarizability Matrix (QED eT energy = 0.5 * lambda.dot(matrix * lambda))
[37.95629403,  0.49743206,  0.54043668]
[ 0.49743206, 40.05953871,  1.41202049]
[ 0.54043668,  1.41202049, 31.90129408]


                      Electron        Nuclear        Total  
                  ------------------------------------------
    Monopole         -98.000000     99.000000      1.000000

      Dipole   X     -32.745099     31.312922     -1.432177
      Dipole   Y       6.916587     -6.930733     -0.014146
      Dipole   Z      -7.401884      8.884938      1.483054

  Quadrupole  XX   -1568.713765   1518.372678    -50.341087
  Quadrupole  XY     -36.475472     36.495372      0.019900
  Quadrupole  XZ    -446.569880    445.579022     -0.990859
  Quadrupole  YY    -306.035758    265.059021    -40.976736
  Quadrupole  YZ     -32.200596     31.160729     -1.039867
  Quadrupole  ZZ    -338.937107    293.574536    -45.362571

    Octupole XXX   -4640.555885   4461.244456   -179.311429
    Octupole XXY      67.752618    -66.240224      1.512395
    Octupole XXZ    -383.267591    363.282649    -19.984942
    Octupole XYY    -522.881567    476.640829    -46.240739
    Octupole XYZ     -46.996842     40.999429     -5.997413
    Octupole XZZ     332.290735   -377.553203    -45.262467
    Octupole YYY     -20.004887     27.615365      7.610478
    Octupole YYZ    -366.715617    362.336300     -4.379316
    Octupole YZZ      23.800518    -26.143942     -2.343424
    Octupole ZZZ     125.012120   -192.910963    -67.898844

writing orbitals and density to disk ... done.

Total Time taken for Hartree-Fock: 23.56 secs

CD Options
{
  debug             = false
  skip_cd           = [false, 100]
  write_cv          = [false, 5000]
  diagtol           = 1e-06
  itilesize         = 1000
  max_cvecs_factor  = 12
}

- #occupied, #virtual = 98, 344

- Tilesize for the MSO space: 40

-----------------------------------------------------
Begin 2-index transformation ... 

nAO, nMO, nelectrons = 221, 442, 98
n_occ_alpha, n_vir_alpha, n_occ_beta, n_vir_beta = 49,172,49,172

Time taken for Fao->Fmo transform: 0.00 secs

-----------------------------------------------------
Number of AO tiles = 105
# of {all,non-negligible} shell-pairs = {5565,4926}

    Begin Cholesky Decomposition
---------------------------------------------
Total # of mpi ranks used for Cholesky decomposition: 4
  --> Number of nodes, mpi ranks per node: 1, 4
- CPU memory required for computing cholesky vectors: 1.93 GiB

- Time for computing the diagonal: 0.01 secs

- Total number of cholesky vectors = 1648

- Time to compute cholesky vectors: 15.18 secs

- CPU memory required for resizing the ao cholesky tensor: 1.57 GiB
- CPU memory required for ao2mo transformation: 1.70 GiB
- CPU memory required for the 2-step contraction: 2.11 GiB

- Time for ao to mo transform: 1.61 secs

   End Cholesky Decomposition
---------------------------------------------

Total Time taken for Cholesky Decomposition: 19.34 secs

scf_type = restricted
Closed-Shell SCF
QED-HF Enabled
nbf = 203
nbf_orig = 221
n_lindep = 0
focc = 1
nmo = 406
nocc = 62
nvir = 344
n_occ_alpha = 31
n_vir_alpha = 172
n_occ_beta = 31
n_vir_beta = 172
nelectrons = 98
nelectrons_alpha = 49
nelectrons_beta = 49
freeze atomic = true
n_frozen_core = 18
n_frozen_virtual = 0
----------------------------
--------- QED-CCSD --------
lambda_x: 0.0672
lambda_y: -0.0219
lambda_z: 0.0707
omega: 0.066150
coupling_factor_x: 0.012230
coupling_factor_y: -0.003974
coupling_factor_z: 0.012860
----------------------------
# of {all,non-negligible} shell-pairs = {5565,4926}
Number of AO tiles = 105
----------------------------
Electronic dipole expectation value using SCF density: 
dipole_x_elec: -32.74484990
dipole_y_elec: 6.91665741
dipole_z_elec: -7.40169312

d_n/N value: d_n is nuclear dipole moment and N is the total number of electrons 
d_nuc_x: 0.31951962
d_nuc_y: -0.07072177
d_nuc_z: 0.09066263

<d_e+d_n> expectation values: 
dipole_total_x: -1.43192752
dipole_total_y: -0.01407581
dipole_total_z: 1.48324503
----------------------------


 CCSD iterations
------------------------------------------------------------
  Iter     Residuum          Correlation          Time(s)
------------------------------------------------------------
   1     1.1851372602121    0.0000000000000         86.16
   2     0.1703252271418   -1.6067227210032         85.31
   3     0.0648868964311   -1.6328113953927         85.52
   4     0.0260426710520   -1.6941675933494         85.51
   5     0.0215764284797   -1.6918941849353         85.41
 MICROCYCLE DIIS UPDATE:                    6
   6     0.0099361863455   -1.7024917490141         84.28
   7     0.0066979326807   -1.7018110106942         84.17
   8     0.0055049758680   -1.7035396130712         83.88
   9     0.0055909394744   -1.7038300798399         84.31
  10     0.0071535216664   -1.7042111423033         83.59
 MICROCYCLE DIIS UPDATE:                   11
  11     0.0009675220737   -1.7049742581096         83.55
  12     0.0007435349252   -1.7048635806562         82.71
  13     0.0007552141164   -1.7050124904146         83.10
  14     0.0010688344031   -1.7049471902312         83.87
  15     0.0016925013914   -1.7050104793414         83.73
 MICROCYCLE DIIS UPDATE:                   16
  16     0.0002068729198   -1.7050323284248         83.80
  17     0.0001439473849   -1.7049986212812         83.71
  18     0.0001409071806   -1.7050169623798         83.85
  19     0.0001298959162   -1.7050208050626         83.95
  20     0.0001705869951   -1.7050222610077         83.95
 MICROCYCLE DIIS UPDATE:                   21
  21     0.0000553853061   -1.7050474315291         84.00
  22     0.0000402825775   -1.7050350167799         83.84
  23     0.0000384154726   -1.7050374585982         84.27
  24     0.0000491894684   -1.7050333949499         83.58
  25     0.0000753048370   -1.7050348914676         83.73
 MICROCYCLE DIIS UPDATE:                   26
  26     0.0000143621652   -1.7050327109550         83.84
  27     0.0000107662527   -1.7050316986729         83.74
  28     0.0000098649904   -1.7050334612285         83.87
  29     0.0000098574108   -1.7050337919395         85.26
  30     0.0000123504497   -1.7050339414886         84.26
 MICROCYCLE DIIS UPDATE:                   31
  31     0.0000042956551   -1.7050361239932         84.05
  32     0.0000031568776   -1.7050349092871         84.01
  33     0.0000029972790   -1.7050349491024         83.28
  34     0.0000035901979   -1.7050346493046         83.25
  35     0.0000052343366   -1.7050347124836         83.05
 MICROCYCLE DIIS UPDATE:                   36
  36     0.0000011388199   -1.7050345181224         83.74
  37     0.0000008715977   -1.7050344255952         83.49
------------------------------------------------------------------
 Iterations converged
 CCSD correlation energy / hartree =        -1.705034425595195
 CCSD total energy / hartree       =     -3007.805838701659468

Time taken for spin-orbital canonical QED-CCSD: 3188.35 secs
