
ExaChem Git Information
{
 WARNING: Failed to retrieve the current git state.
}


TAMM Git Information
{
 Branch: main
 Commit Hash: e71357ad [e71357ad54f38748b4a7e175aa6760820d5ce96f]
 Commit Date: 2026-02-02 23:14:56 -0800
 Commit Message: add GitHub Actions workflow for releases
}


date: Fri Aug  7 12:02:09 2026
program: "/global/cfs/cdirs/m3196/heindelj/cavity_qed/software/install_gpu/bin/bin/ExaChem"
nnodes: 1, nproc_per_node: 4, nproc_total: 4, ngpus_per_node: 1, ngpus_total: 1

Memory information
{
[AMD EPYC 7763 64-Core Processor                ] : 
  CPU memory per node (GiB): 251
  Total CPU memory (GiB): 251
[NVIDIA A100-SXM4-40GB, CUDA v12.9] : 
  GPU memory per device (GiB): 39
  GPU memory per node (GiB): 39
  Total GPU memory (GiB): 39
}

------------------------------------------------------------

Input file provided: /global/cfs/cdirs/m4262/heindelj/cavity_qed/mlip/lambda_scans/grid_scans_optimized_geoms/runs_grid_no_freq/meta_th45_ph162/meta_th45_ph162_qed_ccsd_input.json

{
  "geometry": {
    "coordinates": [
      "C    -0.910721854600    2.022382332500    0.753065711500",
      "C     0.486443294500    1.956502560700    0.739820640300",
      "C     1.158494917000    0.725519229300    0.672893882800",
      "C     0.492948263100   -0.446046682900    0.612483180800",
      "C    -1.618357189700    0.864933809700    0.712328566100",
      "H    -1.399232301400    2.982657814300    0.793764937200",
      "H     1.082534017800    2.862225282800    0.768662070600",
      "H     1.025865343300   -1.385797356200    0.563443164900",
      "H    -2.698135643000    0.875007522200    0.725637825100",
      "N     2.641585841700    0.739035399100    0.636760643300",
      "O     3.175324227400   -0.327520050300    0.768149458900",
      "O     3.155601050500    1.818684332500    0.501890777500",
      "C    -0.972885768100   -0.451378365500    0.647953229900",
      "H    -1.294556972500   -1.078837099300    1.483488805200",
      "Br   -1.716740497500   -1.355769755500   -0.908885210500"
    ],
    "units": "angstrom",
    "noorient": true
  },
  "common": {
    "maxiter": 100,
    "debug": false
  },
  "basis": {
    "basisset": "6-311G*"
  },
  "SCF": {
    "charge": 1,
    "multiplicity": 1,
    "lshift": 0,
    "tol_lindep": 1e-10,
    "conve": 1e-07,
    "convd": 1e-05,
    "diis_hist": 10,
    "writem": 10,
    "restart": false,
    "noscf": false,
    "scf_type": "restricted",
    "debug": false,
    "qed_omegas": [
      0.06615
    ],
    "qed_volumes": [],
    "qed_lambdas": [
      0.1
    ],
    "qed_polvecs": [
      [
        -0.6724985119639573,
        0.21850801222441057,
        0.7071067811865476
      ]
    ],
    "direct_df": false
  },
  "CD": {
    "debug": false,
    "diagtol": 1e-06
  },
  "CC": {
    "threshold": 1e-06,
    "ndiis": 5,
    "ccsd_maxiter": 200,
    "tilesize": 40,
    "freeze": {
      "atomic": true
    },
    "readt": false,
    "writet": true,
    "writet_iter": 5,
    "debug": false,
    "profile_ccsd": false,
    "balance_tiles": true
  },
  "TASK": {
    "scf": false,
    "ccsd": true
  }
}

Output folder & files prefix: meta_th45_ph162_qed_ccsd_input.6-311g*

  C (carbon)
  ----------
          Exponent        Coefficients
      ----------------  --------------------
  1 S  4.56324000E+03      0.778202
  1 S  6.82024000E+02      1.448695
  1 S  1.54973000E+02      2.383089
  1 S  4.44553000E+01      3.200089
  1 S  1.30290000E+01      3.013004
  1 S  1.82773000E+00      0.247599

  2 S  2.09642000E+01      0.800629
  2 S  4.80331000E+00      2.127420
  2 S  1.45933000E+00     -0.002868

  3 P  2.09642000E+01      2.573592
  3 P  4.80331000E+00      2.408248
  3 P  1.45933000E+00      1.865281

  4 S  4.83456000E-01      0.413217

  5 P  4.83456000E-01      0.574627

  6 S  1.45585000E-01      0.167976

  7 P  1.45585000E-01      0.128185

  8 D  6.26000000E-01      0.725128


  H (hydrogen)
  ------------
          Exponent        Coefficients
      ----------------  --------------------
  1 S  3.38650000E+01      0.255069
  1 S  5.09479000E+00      0.460109
  1 S  1.15879000E+00      0.678321

  2 S  3.25840000E-01      0.307371

  3 S  1.02741000E-01      0.129336


  N (nitrogen)
  ------------
          Exponent        Coefficients
      ----------------  --------------------
  1 S  6.29348000E+03      0.991968
  1 S  9.49044000E+02      1.823240
  1 S  2.18776000E+02      2.979891
  1 S  6.36916000E+01      4.000007
  1 S  1.88282000E+01      3.881008
  1 S  2.72023000E+00      0.386764

  2 S  3.06331000E+01      1.038501
  2 S  7.02614000E+00      2.834794
  2 S  2.11205000E+00     -0.003208

  3 P  3.06331000E+01      3.935616
  3 P  7.02614000E+00      3.870994
  3 P  2.11205000E+00      2.967271

  4 S  6.84009000E-01      0.536051

  5 P  6.84009000E-01      0.886681

  6 S  2.00878000E-01      0.213850

  7 P  2.00878000E-01      0.191693

  8 D  9.13000000E-01      1.403568


  O (oxygen)
  ----------
          Exponent        Coefficients
      ----------------  --------------------
  1 S  8.58850000E+03      1.205013
  1 S  1.29723000E+03      2.216205
  1 S  2.99296000E+02      3.627452
  1 S  8.73771000E+01      4.888452
  1 S  2.56789000E+01      4.835721
  1 S  3.74004000E+00      0.538229

  2 S  4.21175000E+01      1.341958
  2 S  9.62837000E+00      3.587114
  2 S  2.85332000E+00     -0.005123

  3 P  4.21175000E+01      5.584018
  3 P  9.62837000E+00      5.733366
  3 P  2.85332000E+00      4.332955

  4 S  9.05661000E-01      0.661659

  5 P  9.05661000E-01      1.259352

  6 S  2.55611000E-01      0.256209

  7 P  2.55611000E-01      0.259068

  8 D  1.29200000E+00      2.577026


  Br (bromine)
  ------------
          Exponent        Coefficients
      ----------------  --------------------
  1 S  4.39700000E+05      9.893706
  1 S  6.60300000E+04     18.450679
  1 S  1.51400000E+04     31.049770
  1 S  4.31700000E+03     48.888138
  1 S  1.41400000E+03     64.847798
  1 S  5.23900000E+02     42.245010

  2 S  5.23900000E+02     14.290679
  2 S  2.07700000E+02     24.083128
  2 S  8.65400000E+01      5.132542

  3 S  3.05200000E+01      9.254405

  4 S  1.29800000E+01      4.873782

  5 S  4.41200000E+00      2.169635

  6 S  1.86200000E+00      1.136043

  7 S  3.93200000E-01      0.353892

  8 S  1.40000000E-01      0.163120

  9 P  2.95700000E+03    691.874478
  9 P  7.00300000E+02    925.332763
  9 P  2.24600000E+02   1068.830732

  10 P  8.25900000E+01    122.079275
  10 P  3.31900000E+01     57.580687
  10 P  1.42000000E+01     10.176170

  11 P  1.42000000E+01      3.129736
  11 P  7.43800000E+00      6.538168
  11 P  3.52600000E+00      4.166276

  12 P  1.59500000E+00      2.555000

  13 P  8.46200000E-01      1.156861

  14 P  3.18600000E-01      0.341191

  15 P  1.09600000E-01      0.089888

  16 D  1.34800000E+02    160.709187
  16 D  3.63900000E+01    119.797406
  16 D  1.21600000E+01     55.531619
  16 D  4.34100000E+00     12.984636

  17 D  1.53500000E+00      3.484168

  18 D  4.51000000E-01      0.408525



Printing Internal Coordinates

------------------------------------------------------------
                Bond Lengths

i      j        Length (Angstroms)     Length (Bohr)
0      1          1.3987801936         2.6433114763
0      4          1.3572377704         2.5648076738
0      5          1.0781594894         2.0374261550
1      2          1.4040842341         2.6533346601
1      6          1.0846610659         2.0497123539
2      3          1.3487655423         2.5487974830
2      9          1.4835925953         2.8035836875
3      7          1.0814512774         2.0436467329
3      12         1.4662728117         2.7708540399
4      8          1.0799074610         2.0407293426
4      12         1.4674655984         2.7731080802
9      10         1.1998667476         2.2674195405
9      11         1.2033467227         2.2739957404
12     13         1.0932961739         2.0660303433
12     14         1.9480732980         3.6813250064

Number of Bonds: 15

------------------------------------------------------------
           Bond Angles

i      j      k      Angle (degrees)
0      1      2        121.3209 
0      1      6        120.6205 
0      4      8        120.8633 
0      4      12       122.4757 
1      0      4        118.7068 
1      0      5        119.6618 
1      2      3        121.8356 
1      2      9        118.1416 
2      1      6        118.0542 
2      3      7        120.9090 
2      3      12       119.6946 
2      9      10       115.7163 
2      9      11       115.9709 
3      2      9        120.0069 
3      12     4        115.9459 
3      12     13       108.3432 
3      12     14       111.3511 
4      0      5        121.6313 
4      12     13       110.6011 
4      12     14       106.4712 
7      3      12       119.3780 
8      4      12       116.6610 
10     9      11       128.3002 
13     12     14       103.4129 

Number of Angles: 24

------------------------------------------------------------
              Torsional Angles

i      j      k      l      Angle (degrees)
3      2      1      0          0.2986 
4      0      1      2          0.6096 
5      0      1      2       -179.3125 
6      1      0      4        179.8335 
6      1      0      5         -0.0886 
6      1      2      3       -178.9446 
7      3      2      1       -179.8703 
8      4      0      1        179.7097 
8      4      0      5         -0.3697 
12     3      2      1         -1.4404 
13     12     3      2       -123.3730 
13     12     3      7         55.0811 
14     12     3      2        123.5478 
14     12     3      7        -57.9981 

Number of Torsional Angles: 14


----------------------------------------------------------------------
                          Center of Mass

         x               y               z              Unit
  -0.09175312111  -0.06798306754    0.0523646054      Angstrom
   -0.1733882701   -0.1284693788   0.09895476289          Bohr

----------------------------------------------------------------------
                Moment of Inertia Tensor

           1670.58          -960.578          -705.754
          -960.578           3082.76          -576.072
          -705.754          -576.072           3872.43

----------------------------------------------------------------------
                      Principal Moments of Inertia

           x                 y                 z                Unit
       256.3447177       984.0701161       1175.048093       amu * ang^2
       915.4236061       3514.178183       4196.172921      amu * bohr^2
  4.2567070886e-38  1.6340879873e-37  1.9512145960e-37          g * cm^2

 - Molecule is an asymmetric top.

----------------------------------------------------------------------

         Rotational constants (MHz)

    A = 1.9715e+03        B = 5.1356e+02        C = 4.3009e+02

----------------------------------------------------------------------

        Rotational constants (cm-1)

    A = 6.5762e-02        B = 1.7131e-02        C = 1.4346e-02

----------------------------------------------------------------------

                                Z-Matrix
C   
C        1       2.6433115
C        2       2.6533347     1        121.3209
C        3      2.54879748     2    121.83563785     1          0.2986
C        4      4.70015943     3     87.66358308     2         -0.5769
H        5      4.02622662     4    115.98502643     3          1.1609
H        6      4.69561702     5     93.10466387     4         -0.7936
H        7      8.03767467     6     92.03942469     5          0.5215
H        8      8.23836701     7     59.44600830     6         -0.3632
N        9     10.09527939     8     29.81458548     7          0.1493
O       10      2.26741954     9    117.73795749     8        -10.2385
O       11      4.08700010    10     25.89007826     9       -178.8420
C       12      8.90759294    11     61.72313777    10         -1.9579
H       13      2.06603034    12    123.90142683    11         57.1317
Br      14      4.62051913    13     50.80521454    12       -145.1590

----------------------------------------------------------------------

             Converted back to Cartesian

C        0.000000      0.000000      0.000000
C        0.000000      0.000000      2.643311
C        0.000000      0.098036     -0.008211
C       -0.000009     -0.090581      2.533597
C        0.000041      0.382270     -2.142716
H       -0.000090     -0.164028      1.846276
H        0.000177      0.604764     -2.785978
H       -0.000509     -0.932971      5.103229
H        0.000362      0.789321     -2.953098
N       -0.000812     -1.410744      6.899535
O       -0.000200     -0.837574      4.705756
O        0.000313     -1.901821      8.651760
C       -0.009109      0.578782      0.096543
H       -0.004416     -0.070995      2.057729
Br      -0.014045      1.449880     -2.305303

----------------------------------------------------------------------
                       Geometry in bohr 

1     C      -1.7210148821    3.8217487303    1.4230879495
2     C       0.9192446024    3.6972540044    1.3980583925
3     C       2.1892381114    1.3710326425    1.2715851503
4     C       0.9315372115   -0.8429060701    1.1574254684
5     C      -3.0582518624    1.6344880174    1.3461059016
6     H      -2.6441658362    5.6364063963    1.4999983397
7     H       2.0456928156    5.4088218951    1.4525607968
8     H       1.9386045409   -2.6187774692    1.0647532692
9     H      -5.0987374158    1.6535245751    1.3712567560
10    N       4.9918737789    1.3965745016    1.2033032236
11    O       6.0004931507   -0.6189231958    1.4515921011
12    O       5.9632217481    3.4368152979    0.9484361146
13    C      -1.8384876535   -0.8529814900    1.2244541469
14    H      -2.4463581324   -2.0387066521    2.8033875527
15    Br     -3.2441693695   -2.5620335277   -1.7175441277

 Number of nodes, processes per node used for SCF calculation: 1, 4

Common Options
{
  maxiter       = 100
  basis         = 6-311g* spherical
  geom_units    = angstrom
  ang2au factor = 1.889726126
  debug         = false
  file_prefix   = meta_th45_ph162_qed_ccsd_input
}

SCF Options
{
  charge            = 1
  multiplicity      = 1
  level shift       = 0
  tol_int           = 1e-22
  tol_sch           = 1e-12
  tol_lindep        = 1e-10
  conve             = 1e-07
  convd             = 1e-05
  diis_hist         = 10
  AO_tilesize       = 30
  writem            = 10
  damp              = 100
  n_lindep          = 0
  scf_type          = restricted
  cuscf             = false
  qed_omegas        = [0.06615,]
  qed_lambdas       = [0.1,]
  qed_polvecs       = [[-0.672498512,0.2185080122,0.7071067812,],]
  direct_df         = false
  restart_size      = 2000
  restart           = false
  debug             = false
}

Number of basis functions = 221

Total number of shells = 105

Total number of electrons = 98
  # of alpha electrons    = 49
  # of beta electons      = 49

Nuclear repulsion energy  = 738.536970642479

# of {all,non-negligible} shell-pairs = {5565,4903}
Number of AO tiles = 105

Time for initial setup: 0.01 secs
HF exch = 1.00

Time for computing 1-e integrals T, V, S: 0.01 secs
Time for computing orthogonalizer: 0.01 secs

Superposition of Atomic Density Guess ...
Time taken for SAD: 0.29 secs
Total Time to compute initial guess: 0.29 secs


 SCF iterations
-----------------------------------------------------------------------------
 Iter     Energy            E-Diff       RMSD        |[F,P]|^2       Time(s)
-----------------------------------------------------------------------------
   1  -3011.7906436489    -3.01e+03     1.67e-02     1.50e+03         0.6 
   2  -3005.8092031347     5.98e+00     6.64e-03     7.85e+00         2.1 
   3  -3006.0258617730    -2.17e-01     2.52e-03     3.25e+00         2.1 
   4  -3006.1189160393    -9.31e-02     1.16e-03     1.09e-01         2.1 
   5  -3006.1257913997    -6.88e-03     2.47e-04     8.29e-03         2.1 
   6  -3006.1263302628    -5.39e-04     1.57e-04     1.55e-03         2.1 
   7  -3006.1264902218    -1.60e-04     6.36e-05     2.24e-04         2.1 
   8  -3006.1265165814    -2.64e-05     2.08e-05     3.37e-05         2.1 
   9  -3006.1265200393    -3.46e-06     1.00e-05     5.14e-06         2.1 
  10  -3006.1265206604    -6.21e-07     3.57e-06     9.39e-07         2.1 
  11  -3006.1265207585    -9.81e-08     1.89e-06     2.27e-07         2.2 

** Total SCF energy = -3006.1265207584588

Nuclear repulsion energy = 738.536970642479105
#electrons        = 98
1e energy kinetic = 3006.2067115705017386
1e energy N-e     = -8630.3569479218895140
1e energy         = -5622.0629942102168570
2e energy         = 1879.3024398983193350
QED energy        = 0.1843050521283216
QED eT energy     = 0.1615615467271516
QED eT energy from matrix = 0.1615615467271447

 Polarizability Matrix (QED energy = 0.5 * lambda.dot(matrix * lambda))
[40.50484532,  2.00304822,  1.26982380]
[ 2.00304822, 44.78156582,  0.82100689]
[ 1.26982380,  0.82100689, 35.89408551]

 Polarizability Matrix (QED eT energy = 0.5 * lambda.dot(matrix * lambda))
[36.77845512,  2.22259895,  1.45396351]
[ 2.22259895, 41.78461457,  1.01434403]
[ 1.45396351,  1.01434403, 30.81323263]


                      Electron        Nuclear        Total  
                  ------------------------------------------
    Monopole         -98.000000     99.000000      1.000000

      Dipole   X       2.468228     -4.564463     -2.096235
      Dipole   Y      -2.396086      3.661069      1.264982
      Dipole   Z     -21.213042     22.625563      1.412520

  Quadrupole  XX   -1345.752165   1295.439968    -50.312197
  Quadrupole  XY    -436.799795    435.238655     -1.561140
  Quadrupole  XZ    -319.412389    317.195639     -2.216750
  Quadrupole  YY    -659.312705    621.313314    -37.999391
  Quadrupole  YZ    -266.628365    269.929350      3.300985
  Quadrupole  ZZ    -260.090114    214.155843    -45.934271

    Octupole XXX   -2917.764294   2783.696584   -134.067710
    Octupole XXY    -401.354850    378.388712    -22.966138
    Octupole XXZ    -541.081465    513.491317    -27.590148
    Octupole XYY     204.115332   -234.068452    -29.953121
    Octupole XYZ     372.074898   -376.875332     -4.800434
    Octupole XZZ     181.072339   -199.739024    -18.666685
    Octupole YYY    -754.258573    741.217989    -13.040584
    Octupole YYZ    -124.364398    114.336252    -10.028146
    Octupole YZZ      97.164037   -121.439232    -24.275195
    Octupole ZZZ     -52.130087    -20.609105    -72.739193

writing orbitals and density to disk ... done.

Total Time taken for Hartree-Fock: 23.08 secs

CD Options
{
  debug             = false
  skip_cd           = [false, 100]
  write_cv          = [false, 5000]
  diagtol           = 1e-06
  itilesize         = 1000
  max_cvecs_factor  = 12
}

- #occupied, #virtual = 98, 344

- Tilesize for the MSO space: 40

-----------------------------------------------------
Begin 2-index transformation ... 

nAO, nMO, nelectrons = 221, 442, 98
n_occ_alpha, n_vir_alpha, n_occ_beta, n_vir_beta = 49,172,49,172

Time taken for Fao->Fmo transform: 0.00 secs

-----------------------------------------------------
Number of AO tiles = 105
# of {all,non-negligible} shell-pairs = {5565,4903}

    Begin Cholesky Decomposition
---------------------------------------------
Total # of mpi ranks used for Cholesky decomposition: 4
  --> Number of nodes, mpi ranks per node: 1, 4
- CPU memory required for computing cholesky vectors: 1.93 GiB

- Time for computing the diagonal: 0.01 secs

- Total number of cholesky vectors = 1649

- Time to compute cholesky vectors: 15.96 secs

- CPU memory required for resizing the ao cholesky tensor: 1.57 GiB
- CPU memory required for ao2mo transformation: 1.70 GiB
- CPU memory required for the 2-step contraction: 2.12 GiB

- Time for ao to mo transform: 1.57 secs

   End Cholesky Decomposition
---------------------------------------------

Total Time taken for Cholesky Decomposition: 19.40 secs

scf_type = restricted
Closed-Shell SCF
QED-HF Enabled
nbf = 203
nbf_orig = 221
n_lindep = 0
focc = 1
nmo = 406
nocc = 62
nvir = 344
n_occ_alpha = 31
n_vir_alpha = 172
n_occ_beta = 31
n_vir_beta = 172
nelectrons = 98
nelectrons_alpha = 49
nelectrons_beta = 49
freeze atomic = true
n_frozen_core = 18
n_frozen_virtual = 0
----------------------------
--------- QED-CCSD --------
lambda_x: -0.0672
lambda_y: 0.0219
lambda_z: 0.0707
omega: 0.066150
coupling_factor_x: -0.012230
coupling_factor_y: 0.003974
coupling_factor_z: 0.012860
----------------------------
# of {all,non-negligible} shell-pairs = {5565,4903}
Number of AO tiles = 105
----------------------------
Electronic dipole expectation value using SCF density: 
dipole_x_elec: 2.46849439
dipole_y_elec: -2.39647656
dipole_z_elec: -21.21291811

d_n/N value: d_n is nuclear dipole moment and N is the total number of electrons 
d_nuc_x: -0.04657615
d_nuc_y: 0.03735784
d_nuc_z: 0.23087309

<d_e+d_n> expectation values: 
dipole_total_x: -2.09596876
dipole_total_y: 1.26459205
dipole_total_z: 1.41264448
----------------------------


 CCSD iterations
------------------------------------------------------------
  Iter     Residuum          Correlation          Time(s)
------------------------------------------------------------
   1     1.1843983170592    0.0000000000000         87.47
   2     0.1659678172542   -1.6420385920411         86.89
   3     0.0647832307481   -1.6214498135375         85.94
   4     0.0202696279627   -1.6848921524801         85.52
   5     0.0161998970881   -1.6805323653250         85.64
 MICROCYCLE DIIS UPDATE:                    6
   6     0.0075959439123   -1.6894970347181         83.59
   7     0.0052142125225   -1.6895370601825         83.44
   8     0.0037922358054   -1.6907959992603         83.42
   9     0.0034178226517   -1.6910349313858         85.05
  10     0.0037674411403   -1.6913335268609         84.56
 MICROCYCLE DIIS UPDATE:                   11
  11     0.0005509015679   -1.6918362018676         84.88
  12     0.0003944878925   -1.6918025356303         84.72
  13     0.0003238327288   -1.6918741065088         84.64
  14     0.0003626632429   -1.6918502872586         84.42
  15     0.0004678865524   -1.6918729429973         84.53
 MICROCYCLE DIIS UPDATE:                   16
  16     0.0000703625141   -1.6918829883811         84.69
  17     0.0000469301466   -1.6918727502388         85.04
  18     0.0000404613255   -1.6918822895938         85.24
  19     0.0000344417685   -1.6918827099008         84.88
  20     0.0000380431997   -1.6918840620496         84.61
 MICROCYCLE DIIS UPDATE:                   21
  21     0.0000120755592   -1.6918897538775         85.01
  22     0.0000086896263   -1.6918871417864         84.62
  23     0.0000073550234   -1.6918874339890         84.59
  24     0.0000076759557   -1.6918866990109         84.98
  25     0.0000089409498   -1.6918868344770         84.61
 MICROCYCLE DIIS UPDATE:                   26
  26     0.0000019902862   -1.6918864286989         85.10
  27     0.0000013343845   -1.6918862777984         84.67
  28     0.0000010895011   -1.6918865704816         83.39
  29     0.0000009655278   -1.6918866024806         83.47
------------------------------------------------------------------
 Iterations converged
 CCSD correlation energy / hartree =        -1.691886602480587
 CCSD total energy / hartree       =     -3007.818407360939545

Time taken for spin-orbital canonical QED-CCSD: 2531.24 secs
