
ExaChem Git Information
{
 WARNING: Failed to retrieve the current git state.
}


TAMM Git Information
{
 Branch: main
 Commit Hash: e71357ad [e71357ad54f38748b4a7e175aa6760820d5ce96f]
 Commit Date: 2026-02-02 23:14:56 -0800
 Commit Message: add GitHub Actions workflow for releases
}


date: Sun Aug  9 22:18:01 2026
program: "/global/cfs/cdirs/m3196/heindelj/cavity_qed/software/install_gpu/bin/bin/ExaChem"
nnodes: 1, nproc_per_node: 4, nproc_total: 4, ngpus_per_node: 1, ngpus_total: 1

Memory information
{
[AMD EPYC 7763 64-Core Processor                ] : 
  CPU memory per node (GiB): 251
  Total CPU memory (GiB): 251
[NVIDIA A100-SXM4-80GB, CUDA v12.9] : 
  GPU memory per device (GiB): 79
  GPU memory per node (GiB): 79
  Total GPU memory (GiB): 79
}

------------------------------------------------------------

Input file provided: /global/cfs/cdirs/m4262/heindelj/cavity_qed/mlip/lambda_scans/grid_scans_optimized_geoms/runs_grid_no_freq/ortho_th63_ph36/ortho_th63_ph36_qed_ccsd_input.json

{
  "geometry": {
    "coordinates": [
      "C    -1.796851690300    1.943819411200    0.773857574600",
      "C    -0.382857445300    1.990884970800    0.741485608800",
      "C     0.275688742800    0.821684885600    0.721745991700",
      "C    -2.514823008000    0.744088143200    0.789103837100",
      "H    -2.342071511400    2.881366790900    0.796475764000",
      "H     0.140345689700    2.931584151300    0.746113003800",
      "H    -3.590239223000    0.768415907200    0.843720528300",
      "N     1.748191894800    0.785708185700    0.769979900000",
      "O     2.213514663800   -0.091718776500    1.452703438000",
      "O     2.314289988600    1.611959622600    0.111630971300",
      "C    -1.834290644600   -0.429045293200    0.698787095200",
      "H    -2.352178843600   -1.374541073100    0.666049100000",
      "C    -0.374708062200   -0.481908722900    0.606180824100",
      "H     0.061448084500   -1.225040536400    1.274466630900",
      "Br    0.081040502800   -1.092780962900   -1.202572326700"
    ],
    "units": "angstrom",
    "noorient": true
  },
  "common": {
    "maxiter": 100,
    "debug": false
  },
  "basis": {
    "basisset": "6-311G*"
  },
  "SCF": {
    "charge": 1,
    "multiplicity": 1,
    "lshift": 0,
    "tol_lindep": 1e-10,
    "conve": 1e-07,
    "convd": 1e-05,
    "diis_hist": 10,
    "writem": 10,
    "restart": false,
    "noscf": false,
    "scf_type": "restricted",
    "debug": false,
    "qed_omegas": [
      0.06615
    ],
    "qed_volumes": [],
    "qed_lambdas": [
      0.1
    ],
    "qed_polvecs": [
      [
        0.7208394201673423,
        0.5237204946142994,
        0.4539904997395468
      ]
    ],
    "direct_df": false
  },
  "CD": {
    "debug": false,
    "diagtol": 1e-06
  },
  "CC": {
    "threshold": 1e-06,
    "ndiis": 5,
    "ccsd_maxiter": 200,
    "tilesize": 40,
    "freeze": {
      "atomic": true
    },
    "readt": false,
    "writet": true,
    "writet_iter": 5,
    "debug": false,
    "profile_ccsd": false,
    "balance_tiles": true
  },
  "TASK": {
    "scf": false,
    "ccsd": true
  }
}

Output folder & files prefix: ortho_th63_ph36_qed_ccsd_input.6-311g*

  C (carbon)
  ----------
          Exponent        Coefficients
      ----------------  --------------------
  1 S  4.56324000E+03      0.778202
  1 S  6.82024000E+02      1.448695
  1 S  1.54973000E+02      2.383089
  1 S  4.44553000E+01      3.200089
  1 S  1.30290000E+01      3.013004
  1 S  1.82773000E+00      0.247599

  2 S  2.09642000E+01      0.800629
  2 S  4.80331000E+00      2.127420
  2 S  1.45933000E+00     -0.002868

  3 P  2.09642000E+01      2.573592
  3 P  4.80331000E+00      2.408248
  3 P  1.45933000E+00      1.865281

  4 S  4.83456000E-01      0.413217

  5 P  4.83456000E-01      0.574627

  6 S  1.45585000E-01      0.167976

  7 P  1.45585000E-01      0.128185

  8 D  6.26000000E-01      0.725128


  H (hydrogen)
  ------------
          Exponent        Coefficients
      ----------------  --------------------
  1 S  3.38650000E+01      0.255069
  1 S  5.09479000E+00      0.460109
  1 S  1.15879000E+00      0.678321

  2 S  3.25840000E-01      0.307371

  3 S  1.02741000E-01      0.129336


  N (nitrogen)
  ------------
          Exponent        Coefficients
      ----------------  --------------------
  1 S  6.29348000E+03      0.991968
  1 S  9.49044000E+02      1.823240
  1 S  2.18776000E+02      2.979891
  1 S  6.36916000E+01      4.000007
  1 S  1.88282000E+01      3.881008
  1 S  2.72023000E+00      0.386764

  2 S  3.06331000E+01      1.038501
  2 S  7.02614000E+00      2.834794
  2 S  2.11205000E+00     -0.003208

  3 P  3.06331000E+01      3.935616
  3 P  7.02614000E+00      3.870994
  3 P  2.11205000E+00      2.967271

  4 S  6.84009000E-01      0.536051

  5 P  6.84009000E-01      0.886681

  6 S  2.00878000E-01      0.213850

  7 P  2.00878000E-01      0.191693

  8 D  9.13000000E-01      1.403568


  O (oxygen)
  ----------
          Exponent        Coefficients
      ----------------  --------------------
  1 S  8.58850000E+03      1.205013
  1 S  1.29723000E+03      2.216205
  1 S  2.99296000E+02      3.627452
  1 S  8.73771000E+01      4.888452
  1 S  2.56789000E+01      4.835721
  1 S  3.74004000E+00      0.538229

  2 S  4.21175000E+01      1.341958
  2 S  9.62837000E+00      3.587114
  2 S  2.85332000E+00     -0.005123

  3 P  4.21175000E+01      5.584018
  3 P  9.62837000E+00      5.733366
  3 P  2.85332000E+00      4.332955

  4 S  9.05661000E-01      0.661659

  5 P  9.05661000E-01      1.259352

  6 S  2.55611000E-01      0.256209

  7 P  2.55611000E-01      0.259068

  8 D  1.29200000E+00      2.577026


  Br (bromine)
  ------------
          Exponent        Coefficients
      ----------------  --------------------
  1 S  4.39700000E+05      9.893706
  1 S  6.60300000E+04     18.450679
  1 S  1.51400000E+04     31.049770
  1 S  4.31700000E+03     48.888138
  1 S  1.41400000E+03     64.847798
  1 S  5.23900000E+02     42.245010

  2 S  5.23900000E+02     14.290679
  2 S  2.07700000E+02     24.083128
  2 S  8.65400000E+01      5.132542

  3 S  3.05200000E+01      9.254405

  4 S  1.29800000E+01      4.873782

  5 S  4.41200000E+00      2.169635

  6 S  1.86200000E+00      1.136043

  7 S  3.93200000E-01      0.353892

  8 S  1.40000000E-01      0.163120

  9 P  2.95700000E+03    691.874478
  9 P  7.00300000E+02    925.332763
  9 P  2.24600000E+02   1068.830732

  10 P  8.25900000E+01    122.079275
  10 P  3.31900000E+01     57.580687
  10 P  1.42000000E+01     10.176170

  11 P  1.42000000E+01      3.129736
  11 P  7.43800000E+00      6.538168
  11 P  3.52600000E+00      4.166276

  12 P  1.59500000E+00      2.555000

  13 P  8.46200000E-01      1.156861

  14 P  3.18600000E-01      0.341191

  15 P  1.09600000E-01      0.089888

  16 D  1.34800000E+02    160.709187
  16 D  3.63900000E+01    119.797406
  16 D  1.21600000E+01     55.531619
  16 D  4.34100000E+00     12.984636

  17 D  1.53500000E+00      3.484168

  18 D  4.51000000E-01      0.408525



Printing Internal Coordinates

------------------------------------------------------------
                Bond Lengths

i      j        Length (Angstroms)     Length (Bohr)
0      1          1.4151476375         2.6742414626
0      3          1.3982383119         2.6422874683
0      4          1.0847909130         2.0499577295
1      2          1.3420512559         2.5361093207
1      5          1.0764190083         2.0341371224
2      7          1.4737321213         2.7849500923
2      12         1.4614128808         2.7616701015
3      6          1.0770769975         2.0353805418
3      10         1.3592363559         2.5685844530
7      8          1.2052032122         2.2775039971
7      9          1.1985749041         2.2649783101
10     11         1.0785370799         2.0381396977
10     12         1.4634725069         2.7655622309
12     13         1.0904508224         2.0606534081
12     14         1.9627683533         3.7090946363

Number of Bonds: 15

------------------------------------------------------------
           Bond Angles

i      j      k      Angle (degrees)
0      1      2        117.4945 
0      1      5        120.9727 
0      3      6        119.5949 
0      3      10       118.8645 
1      0      3        122.8097 
1      0      4        118.2895 
1      2      7        120.7357 
1      2      12       124.0489 
2      1      5        121.5278 
2      7      8        114.9664 
2      7      9        115.9196 
2      12     10       113.9939 
2      12     13       112.4219 
2      12     14       104.3092 
3      0      4        118.8986 
3      10     11       121.2132 
3      10     12       122.3251 
6      3      10       121.5179 
7      2      12       115.1815 
8      7      9        129.1000 
10     12     13       112.6283 
10     12     14       107.5258 
11     10     12       116.4434 
13     12     14       105.0576 

Number of Angles: 24

------------------------------------------------------------
              Torsional Angles

i      j      k      l      Angle (degrees)
3      0      1      2          0.1663 
3      10     12     2          4.3848 
4      0      1      2        179.6165 
5      1      0      3       -179.0274 
5      1      0      4          0.4228 
6      3      0      1        178.1688 
6      3      0      4         -1.2782 
10     3      0      1         -3.5403 
10     3      0      4        177.0127 
10     12     2      1         -8.0665 
11     10     3      0       -177.4546 
11     10     3      6          0.8020 
11     10     12     2       -177.1549 
12     2      1      0          5.9445 
12     2      1      5       -174.8666 
12     10     3      0          0.9334 
12     10     3      6        179.1900 
13     12     2      1       -137.8017 
13     12     10     3        134.0169 
13     12     10     11       -47.5228 
14     12     2      1        108.9149 
14     12     10     3       -110.7190 
14     12     10     11        67.7413 

Number of Torsional Angles: 23


----------------------------------------------------------------------
                          Center of Mass

         x               y               z              Unit
   0.07735117718   0.03485827851  -0.01954824459      Angstrom
    0.1461725404   0.06587259961  -0.03694082852          Bohr

----------------------------------------------------------------------
                Moment of Inertia Tensor

           1709.63          -10.2207          -3.49944
          -10.2207           2103.93          -570.936
          -3.49944          -570.936           2388.49

----------------------------------------------------------------------
                      Principal Moments of Inertia

           x                 y                 z                Unit
       463.6913004       479.2848599       793.7731913       amu * ang^2
       1655.871695       1711.557307       2834.615527      amu * bohr^2
  7.6997804463e-38  7.9587177709e-38  1.3180922938e-37          g * cm^2

 - Molecule is an asymmetric top.

----------------------------------------------------------------------

         Rotational constants (MHz)

    A = 1.0899e+03        B = 1.0544e+03        C = 6.3668e+02

----------------------------------------------------------------------

        Rotational constants (cm-1)

    A = 3.6355e-02        B = 3.5172e-02        C = 2.1237e-02

----------------------------------------------------------------------

                                Z-Matrix
C   
C        1       2.6742415
C        2       2.5361093     1       117.49446
C        3      5.27687678     2     62.19173605     1         -0.0791
H        4      4.05206700     3     83.79275315     2         -0.1247
H        5      4.69301351     4     95.77469382     3         -0.2239
H        6      8.15129107     5     28.94177789     4         -0.8937
N        7     10.08918806     6     29.92066389     5       -179.2770
O        8      2.27750400     7    112.07833581     6        143.1294
O        9      4.10168576     8     25.37482538     7        179.8001
C       10      8.80725399     9     62.42526702     8        -11.8740
H       11      2.03813970    10    143.85312650     9        -52.5632
C       12      4.10151872    11     37.13759415    10          9.8661
H       13      2.06065341    12     93.85531516    11        136.9753
Br      14      4.68773922    13     49.82400463    12         97.5409

----------------------------------------------------------------------

             Converted back to Cartesian

C        0.000000      0.000000      0.000000
C        0.000000      0.000000      2.674241
C        0.000000      0.090750      0.139756
C        0.000002     -0.197938      5.408730
H        0.000002      0.126933      1.369707
H        0.000010     -0.385622      6.034647
H        0.000012      0.576032     -2.059719
N        0.005009     -0.705376      7.947762
O       -0.003724     -0.339542      5.699849
O        0.013371     -1.029636      9.743029
C       -0.029942      0.616831      1.091151
H       -0.014983      0.148609      3.074723
C       -0.047782      1.135869     -0.906068
H       -0.030347      0.582895      1.078928
Br      -0.073264      1.909154     -3.417081

----------------------------------------------------------------------
                       Geometry in bohr 

1     C      -3.3955575835    3.6732863254    1.4623788765
2     C      -0.7234957169    3.7622273430    1.4012047269
3     C       0.5209762199    1.5527593956    1.3639022568
4     C      -4.7523267403    1.4061228042    1.4911901370
5     H      -4.4258737238    5.4449941031    1.5051210599
6     H       0.2652149165    5.5398911610    1.4099492362
7     H      -6.7845688580    1.4520956154    1.5944007253
8     N       3.3036038967    1.4847732859    1.4550511335
9     O       4.1829364903   -0.1733233682    2.7452116400
10    O       4.3733742544    3.0461622127    0.2109519629
11    C      -3.4663069536   -0.8107780998    1.3205162302
12    H      -4.4449738136   -2.5975061770    1.2586503854
13    C      -0.7080956147   -0.9106755040    1.1455157403
14    H       0.1161200507   -2.3149911069    2.4083928890
15    Br      0.1531443554   -2.0650567355   -2.2725323441

 Number of nodes, processes per node used for SCF calculation: 1, 4

Common Options
{
  maxiter       = 100
  basis         = 6-311g* spherical
  geom_units    = angstrom
  ang2au factor = 1.889726126
  debug         = false
  file_prefix   = ortho_th63_ph36_qed_ccsd_input
}

SCF Options
{
  charge            = 1
  multiplicity      = 1
  level shift       = 0
  tol_int           = 1e-22
  tol_sch           = 1e-12
  tol_lindep        = 1e-10
  conve             = 1e-07
  convd             = 1e-05
  diis_hist         = 10
  AO_tilesize       = 30
  writem            = 10
  damp              = 100
  n_lindep          = 0
  scf_type          = restricted
  cuscf             = false
  qed_omegas        = [0.06615,]
  qed_lambdas       = [0.1,]
  qed_polvecs       = [[0.7208394202,0.5237204946,0.4539904997,],]
  direct_df         = false
  restart_size      = 2000
  restart           = false
  debug             = false
}

Number of basis functions = 221

Total number of shells = 105

Total number of electrons = 98
  # of alpha electrons    = 49
  # of beta electons      = 49

Nuclear repulsion energy  = 784.628329550573

# of {all,non-negligible} shell-pairs = {5565,4999}
Number of AO tiles = 105

Time for initial setup: 0.02 secs
HF exch = 1.00

Time for computing 1-e integrals T, V, S: 0.01 secs
Time for computing orthogonalizer: 0.01 secs

Superposition of Atomic Density Guess ...
Time taken for SAD: 0.31 secs
Total Time to compute initial guess: 0.32 secs


 SCF iterations
-----------------------------------------------------------------------------
 Iter     Energy            E-Diff       RMSD        |[F,P]|^2       Time(s)
-----------------------------------------------------------------------------
   1  -3011.7399579677    -3.01e+03     1.67e-02     1.50e+03         0.7 
   2  -3005.7655521294     5.97e+00     6.88e-03     8.87e+00         2.2 
   3  -3006.0000513941    -2.34e-01     2.80e-03     3.62e+00         2.2 
   4  -3006.1038631553    -1.04e-01     1.12e-03     1.19e-01         2.2 
   5  -3006.1109068594    -7.04e-03     3.01e-04     1.60e-02         2.2 
   6  -3006.1117335420    -8.27e-04     1.83e-04     1.69e-03         2.2 
   7  -3006.1119359507    -2.02e-04     7.14e-05     2.80e-04         2.2 
   8  -3006.1119700406    -3.41e-05     2.58e-05     5.66e-05         2.2 
   9  -3006.1119760184    -5.98e-06     1.54e-05     1.07e-05         2.2 
  10  -3006.1119779866    -1.97e-06     8.61e-06     2.72e-06         2.3 
  11  -3006.1119785053    -5.19e-07     4.53e-06     7.20e-07         2.3 
  12  -3006.1119786321    -1.27e-07     1.92e-06     1.27e-07         2.2 
  13  -3006.1119786578    -2.57e-08     1.00e-06     2.42e-08         2.3 

** Total SCF energy = -3006.1119786577883

Nuclear repulsion energy = 784.628329550572744
#electrons        = 98
1e energy kinetic = 3006.2142833335092291
1e energy N-e     = -8722.4323741529333347
1e energy         = -5712.4340430024330999
2e energy         = 1925.2887589534545896
QED energy        = 0.1890236576077764
QED eT energy     = 0.1689411510378629
QED eT energy from matrix = 0.1689411510378643

 Polarizability Matrix (QED energy = 0.5 * lambda.dot(matrix * lambda))
[39.83647568, -1.82771961, -1.35153110]
[-1.82771961, 43.27096948, -0.86888056]
[-1.35153110, -0.86888056, 38.40029888]

 Polarizability Matrix (QED eT energy = 0.5 * lambda.dot(matrix * lambda))
[36.15460712, -1.92111384, -1.51301110]
[-1.92111384, 39.96434077, -1.09358819]
[-1.51301110, -1.09358819, 33.96885121]


                      Electron        Nuclear        Total  
                  ------------------------------------------
    Monopole         -98.000000     99.000000      1.000000

      Dipole   X     -10.033095      6.512846     -3.520249
      Dipole   Y     -19.284207     20.661275      1.377069
      Dipole   Z     -10.310472     11.580797      1.270325

  Quadrupole  XX    -781.186287    740.220479    -40.965808
  Quadrupole  XY      -3.059650     -2.839229     -5.898879
  Quadrupole  XZ       2.405366     -8.170637     -5.765271
  Quadrupole  YY    -550.925087    514.848185    -36.076902
  Quadrupole  YZ    -262.145115    266.650755      4.505640
  Quadrupole  ZZ    -384.866608    337.850490    -47.016118

    Octupole XXX      24.267991   -111.923633    -87.655641
    Octupole XXY   -1083.200715   1073.917650     -9.283065
    Octupole XXZ   -1070.262030   1062.209526     -8.052505
    Octupole XYY     131.205281   -169.638471    -38.433189
    Octupole XYZ     111.792041   -113.141612     -1.349570
    Octupole XZZ    -144.450233    145.747113      1.296880
    Octupole YYY    -915.210819    893.666923    -21.543897
    Octupole YYZ     -97.350100     97.960654      0.610554
    Octupole YZZ     210.445695   -239.239697    -28.794002
    Octupole ZZZ      26.218320   -104.169609    -77.951289

writing orbitals and density to disk ... done.

Total Time taken for Hartree-Fock: 28.86 secs

CD Options
{
  debug             = false
  skip_cd           = [false, 100]
  write_cv          = [false, 5000]
  diagtol           = 1e-06
  itilesize         = 1000
  max_cvecs_factor  = 12
}

- #occupied, #virtual = 98, 344

- Tilesize for the MSO space: 40

-----------------------------------------------------
Begin 2-index transformation ... 

nAO, nMO, nelectrons = 221, 442, 98
n_occ_alpha, n_vir_alpha, n_occ_beta, n_vir_beta = 49,172,49,172

Time taken for Fao->Fmo transform: 0.00 secs

-----------------------------------------------------
Number of AO tiles = 105
# of {all,non-negligible} shell-pairs = {5565,4999}

    Begin Cholesky Decomposition
---------------------------------------------
Total # of mpi ranks used for Cholesky decomposition: 4
  --> Number of nodes, mpi ranks per node: 1, 4
- CPU memory required for computing cholesky vectors: 1.93 GiB

- Time for computing the diagonal: 0.01 secs

- Total number of cholesky vectors = 1646

- Time to compute cholesky vectors: 15.25 secs

- CPU memory required for resizing the ao cholesky tensor: 1.56 GiB
- CPU memory required for ao2mo transformation: 1.70 GiB
- CPU memory required for the 2-step contraction: 2.11 GiB

- Time for ao to mo transform: 1.55 secs

   End Cholesky Decomposition
---------------------------------------------

Total Time taken for Cholesky Decomposition: 18.63 secs

scf_type = restricted
Closed-Shell SCF
QED-HF Enabled
nbf = 203
nbf_orig = 221
n_lindep = 0
focc = 1
nmo = 406
nocc = 62
nvir = 344
n_occ_alpha = 31
n_vir_alpha = 172
n_occ_beta = 31
n_vir_beta = 172
nelectrons = 98
nelectrons_alpha = 49
nelectrons_beta = 49
freeze atomic = true
n_frozen_core = 18
n_frozen_virtual = 0
----------------------------
--------- QED-CCSD --------
lambda_x: 0.0721
lambda_y: 0.0524
lambda_z: 0.0454
omega: 0.066150
coupling_factor_x: 0.013110
coupling_factor_y: 0.009525
coupling_factor_z: 0.008257
----------------------------
# of {all,non-negligible} shell-pairs = {5565,4999}
Number of AO tiles = 105
----------------------------
Electronic dipole expectation value using SCF density: 
dipole_x_elec: -10.03322286
dipole_y_elec: -19.28427069
dipole_z_elec: -10.31053236

d_n/N value: d_n is nuclear dipole moment and N is the total number of electrons 
d_nuc_x: 0.06645761
d_nuc_y: 0.21082934
d_nuc_z: 0.11817140

<d_e+d_n> expectation values: 
dipole_total_x: -3.52037695
dipole_total_y: 1.37700451
dipole_total_z: 1.27026446
----------------------------


 CCSD iterations
------------------------------------------------------------
  Iter     Residuum          Correlation          Time(s)
------------------------------------------------------------
   1     1.1847955762855    0.0000000000000         84.82
   2     0.1672120989146   -1.6239080834942         83.90
   3     0.0650967390687   -1.6289762410514         83.89
   4     0.0236489704376   -1.6906489261059         84.03
   5     0.0191646883517   -1.6869992538607         84.00
 MICROCYCLE DIIS UPDATE:                    6
   6     0.0083954724137   -1.6969659111743         82.93
   7     0.0054978028605   -1.6967998793204         83.06
   8     0.0038562340690   -1.6981992057413         82.68
   9     0.0029837092941   -1.6984906305359         82.71
  10     0.0031049541126   -1.6988215331071         83.03
 MICROCYCLE DIIS UPDATE:                   11
  11     0.0008169920046   -1.6994840409382         83.25
  12     0.0006362100922   -1.6994417322336         83.11
  13     0.0005690126964   -1.6995171645156         83.22
  14     0.0006024228095   -1.6994791456476         83.11
  15     0.0007410334695   -1.6995154778253         82.94
 MICROCYCLE DIIS UPDATE:                   16
  16     0.0001631707521   -1.6995196164448         83.47
  17     0.0001131210454   -1.6995181692147         83.20
  18     0.0001008087230   -1.6995369007905         83.49
  19     0.0001009808028   -1.6995418792080         83.76
  20     0.0001363913242   -1.6995446967387         83.33
 MICROCYCLE DIIS UPDATE:                   21
  21     0.0000377577170   -1.6995606973199         83.45
  22     0.0000302651522   -1.6995546013786         83.41
  23     0.0000234465737   -1.6995548063962         83.27
  24     0.0000232665721   -1.6995527155354         83.24
  25     0.0000222180307   -1.6995535679513         83.52
 MICROCYCLE DIIS UPDATE:                   26
  26     0.0000090697138   -1.6995512594746         83.85
  27     0.0000061975996   -1.6995521232657         83.70
  28     0.0000052231410   -1.6995529620514         83.66
  29     0.0000051086632   -1.6995534315569         83.76
  30     0.0000069210033   -1.6995535738657         83.08
 MICROCYCLE DIIS UPDATE:                   31
  31     0.0000020522316   -1.6995545699045         83.65
  32     0.0000016070763   -1.6995541981919         83.32
  33     0.0000012775418   -1.6995541743786         83.43
  34     0.0000012431272   -1.6995540614179         83.33
  35     0.0000011842835   -1.6995540953713         83.24
 MICROCYCLE DIIS UPDATE:                   36
  36     0.0000004931664   -1.6995539479348         83.37
------------------------------------------------------------------
 Iterations converged
 CCSD correlation energy / hartree =        -1.699553947934794
 CCSD total energy / hartree       =     -3007.811532605723187

Time taken for spin-orbital canonical QED-CCSD: 3081.04 secs
