
ExaChem Git Information
{
 WARNING: Failed to retrieve the current git state.
}


TAMM Git Information
{
 Branch: main
 Commit Hash: e71357ad [e71357ad54f38748b4a7e175aa6760820d5ce96f]
 Commit Date: 2026-02-02 23:14:56 -0800
 Commit Message: add GitHub Actions workflow for releases
}


date: Wed Aug  5 17:57:28 2026
program: "/global/cfs/cdirs/m3196/heindelj/cavity_qed/software/install_gpu/bin/bin/ExaChem"
nnodes: 1, nproc_per_node: 4, nproc_total: 4, ngpus_per_node: 1, ngpus_total: 1

Memory information
{
[AMD EPYC 7763 64-Core Processor                ] : 
  CPU memory per node (GiB): 251
  Total CPU memory (GiB): 251
[NVIDIA A100-SXM4-40GB, CUDA v12.9] : 
  GPU memory per device (GiB): 39
  GPU memory per node (GiB): 39
  Total GPU memory (GiB): 39
}

------------------------------------------------------------

Input file provided: /global/cfs/cdirs/m4262/heindelj/cavity_qed/mlip/lambda_scans/grid_scans_optimized_geoms/runs_grid_no_freq/para_th45_ph72/para_th45_ph72_qed_ccsd_input.json

{
  "geometry": {
    "coordinates": [
      "C    -0.493998998600    1.220803868000    0.777197348500",
      "C     0.861962206700    1.240069549300    0.752013191400",
      "C     1.522790155600    0.013151220500    0.712346410000",
      "H    -1.063501205500    2.138827836000    0.828360800200",
      "H     1.430980711900    2.154570621600    0.769666529400",
      "N     3.003168040000    0.049338851900    0.719934699900",
      "O     3.538553641200   -0.789548969900    1.392357314700",
      "O     3.500195724000    0.913460795400    0.049621903200",
      "C    -0.450987455400   -1.263393237100    0.640149158400",
      "H    -0.986944117500   -2.199230747600    0.595300829900",
      "C     0.902369565800   -1.243008262500    0.677046167000",
      "H     1.507287146100   -2.136809319600    0.685303004500",
      "C    -1.250602507100   -0.030096814900    0.658064477100",
      "H    -2.030069636100   -0.104582116600    1.421829325500",
      "Br   -2.225284021000    0.183967203100   -1.013751541800"
    ],
    "units": "angstrom",
    "noorient": true
  },
  "common": {
    "maxiter": 100,
    "debug": false
  },
  "basis": {
    "basisset": "6-311G*"
  },
  "SCF": {
    "charge": 1,
    "multiplicity": 1,
    "lshift": 0,
    "tol_lindep": 1e-10,
    "conve": 1e-07,
    "convd": 1e-05,
    "diis_hist": 10,
    "writem": 10,
    "restart": false,
    "noscf": false,
    "scf_type": "restricted",
    "debug": false,
    "qed_omegas": [
      0.06615
    ],
    "qed_volumes": [],
    "qed_lambdas": [
      0.1
    ],
    "qed_polvecs": [
      [
        0.21850801222441055,
        0.6724985119639573,
        0.7071067811865476
      ]
    ],
    "direct_df": false
  },
  "CD": {
    "debug": false,
    "diagtol": 1e-06
  },
  "CC": {
    "threshold": 1e-06,
    "ndiis": 5,
    "ccsd_maxiter": 200,
    "tilesize": 40,
    "freeze": {
      "atomic": true
    },
    "readt": false,
    "writet": true,
    "writet_iter": 5,
    "debug": false,
    "profile_ccsd": false,
    "balance_tiles": true
  },
  "TASK": {
    "scf": false,
    "ccsd": true
  }
}

Output folder & files prefix: para_th45_ph72_qed_ccsd_input.6-311g*

  C (carbon)
  ----------
          Exponent        Coefficients
      ----------------  --------------------
  1 S  4.56324000E+03      0.778202
  1 S  6.82024000E+02      1.448695
  1 S  1.54973000E+02      2.383089
  1 S  4.44553000E+01      3.200089
  1 S  1.30290000E+01      3.013004
  1 S  1.82773000E+00      0.247599

  2 S  2.09642000E+01      0.800629
  2 S  4.80331000E+00      2.127420
  2 S  1.45933000E+00     -0.002868

  3 P  2.09642000E+01      2.573592
  3 P  4.80331000E+00      2.408248
  3 P  1.45933000E+00      1.865281

  4 S  4.83456000E-01      0.413217

  5 P  4.83456000E-01      0.574627

  6 S  1.45585000E-01      0.167976

  7 P  1.45585000E-01      0.128185

  8 D  6.26000000E-01      0.725128


  H (hydrogen)
  ------------
          Exponent        Coefficients
      ----------------  --------------------
  1 S  3.38650000E+01      0.255069
  1 S  5.09479000E+00      0.460109
  1 S  1.15879000E+00      0.678321

  2 S  3.25840000E-01      0.307371

  3 S  1.02741000E-01      0.129336


  N (nitrogen)
  ------------
          Exponent        Coefficients
      ----------------  --------------------
  1 S  6.29348000E+03      0.991968
  1 S  9.49044000E+02      1.823240
  1 S  2.18776000E+02      2.979891
  1 S  6.36916000E+01      4.000007
  1 S  1.88282000E+01      3.881008
  1 S  2.72023000E+00      0.386764

  2 S  3.06331000E+01      1.038501
  2 S  7.02614000E+00      2.834794
  2 S  2.11205000E+00     -0.003208

  3 P  3.06331000E+01      3.935616
  3 P  7.02614000E+00      3.870994
  3 P  2.11205000E+00      2.967271

  4 S  6.84009000E-01      0.536051

  5 P  6.84009000E-01      0.886681

  6 S  2.00878000E-01      0.213850

  7 P  2.00878000E-01      0.191693

  8 D  9.13000000E-01      1.403568


  O (oxygen)
  ----------
          Exponent        Coefficients
      ----------------  --------------------
  1 S  8.58850000E+03      1.205013
  1 S  1.29723000E+03      2.216205
  1 S  2.99296000E+02      3.627452
  1 S  8.73771000E+01      4.888452
  1 S  2.56789000E+01      4.835721
  1 S  3.74004000E+00      0.538229

  2 S  4.21175000E+01      1.341958
  2 S  9.62837000E+00      3.587114
  2 S  2.85332000E+00     -0.005123

  3 P  4.21175000E+01      5.584018
  3 P  9.62837000E+00      5.733366
  3 P  2.85332000E+00      4.332955

  4 S  9.05661000E-01      0.661659

  5 P  9.05661000E-01      1.259352

  6 S  2.55611000E-01      0.256209

  7 P  2.55611000E-01      0.259068

  8 D  1.29200000E+00      2.577026


  Br (bromine)
  ------------
          Exponent        Coefficients
      ----------------  --------------------
  1 S  4.39700000E+05      9.893706
  1 S  6.60300000E+04     18.450679
  1 S  1.51400000E+04     31.049770
  1 S  4.31700000E+03     48.888138
  1 S  1.41400000E+03     64.847798
  1 S  5.23900000E+02     42.245010

  2 S  5.23900000E+02     14.290679
  2 S  2.07700000E+02     24.083128
  2 S  8.65400000E+01      5.132542

  3 S  3.05200000E+01      9.254405

  4 S  1.29800000E+01      4.873782

  5 S  4.41200000E+00      2.169635

  6 S  1.86200000E+00      1.136043

  7 S  3.93200000E-01      0.353892

  8 S  1.40000000E-01      0.163120

  9 P  2.95700000E+03    691.874478
  9 P  7.00300000E+02    925.332763
  9 P  2.24600000E+02   1068.830732

  10 P  8.25900000E+01    122.079275
  10 P  3.31900000E+01     57.580687
  10 P  1.42000000E+01     10.176170

  11 P  1.42000000E+01      3.129736
  11 P  7.43800000E+00      6.538168
  11 P  3.52600000E+00      4.166276

  12 P  1.59500000E+00      2.555000

  13 P  8.46200000E-01      1.156861

  14 P  3.18600000E-01      0.341191

  15 P  1.09600000E-01      0.089888

  16 D  1.34800000E+02    160.709187
  16 D  3.63900000E+01    119.797406
  16 D  1.21600000E+01     55.531619
  16 D  4.34100000E+00     12.984636

  17 D  1.53500000E+00      3.484168

  18 D  4.51000000E-01      0.408525



Printing Internal Coordinates

------------------------------------------------------------
                Bond Lengths

i      j        Length (Angstroms)     Length (Bohr)
0      1          1.3563318910         2.5630958098
0      3          1.0815352367         2.0438053929
0      12         1.4667631126         2.7717805745
1      2          1.3941289815         2.6345219593
1      4          1.0772213843         2.0356533933
2      5          1.4808395617         2.7983812080
2      10         1.4014651127         2.6483852380
5      6          1.2010506619         2.2696568143
5      7          1.2012753628         2.2700814375
8      9          1.0793760986         2.0397252132
8      10         1.3540133542         2.5587144102
8      12         1.4699405616         2.7777850827
10     11         1.0792931872         2.0395685334
12     13         1.0938253101         2.0670302657
12     14         1.9469967279         3.6792905837

Number of Bonds: 15

------------------------------------------------------------
           Bond Angles

i      j      k      Angle (degrees)
0      1      2        117.5102 
0      1      4        122.6726 
0      12     8        115.8440 
0      12     13       111.6507 
0      12     14       103.5449 
1      0      3        121.0139 
1      0      12       121.7556 
1      2      5        116.8854 
1      2      10       125.4288 
2      1      4        119.8152 
2      5      6        115.5581 
2      5      7        115.3623 
2      10     8        117.1718 
2      10     11       119.6013 
3      0      12       117.1369 
5      2      10       117.6836 
6      5      7        129.0795 
8      10     11       123.2261 
8      12     13       109.8171 
8      12     14       110.7383 
9      8      10       120.6963 
9      8      12       117.2475 
10     8      12       122.0562 
13     12     14       104.4961 

Number of Angles: 24

------------------------------------------------------------
              Torsional Angles

i      j      k      l      Angle (degrees)
3      0      1      2        178.7601 
4      1      0      3         -0.7259 
8      10     2      1          1.9889 
9      8      10     2        178.9784 
10     2      1      0          0.9622 
10     2      1      4       -179.5364 
11     10     2      1       -177.7011 
11     10     8      9         -1.3438 
12     0      1      2         -4.8599 
12     0      1      4        175.6541 
13     12     0      1        132.3273 
13     12     0      3        -51.1588 
14     12     0      1       -115.7938 
14     12     0      3         60.7201 

Number of Torsional Angles: 14


----------------------------------------------------------------------
                          Center of Mass

         x               y               z              Unit
  -0.05544246111   0.08118713758   0.03481701426      Angstrom
   -0.1047710672     0.153421455   0.06579462148          Bohr

----------------------------------------------------------------------
                Moment of Inertia Tensor

           991.415           84.4392          -1073.02
           84.4392            4138.9            102.42
          -1073.02            102.42           3986.97

----------------------------------------------------------------------
                      Principal Moments of Inertia

           x                 y                 z                Unit
       180.0998479       1153.268302       1219.730098       amu * ang^2
        643.148233       4118.395873       4355.735257      amu * bohr^2
  2.9906303749e-38  1.9150483764e-37  2.0254108614e-37          g * cm^2

 - Molecule is an asymmetric top.

----------------------------------------------------------------------

         Rotational constants (MHz)

    A = 2.8061e+03        B = 4.3821e+02        C = 4.1434e+02

----------------------------------------------------------------------

        Rotational constants (cm-1)

    A = 9.3602e-02        B = 1.4617e-02        C = 1.3821e-02

----------------------------------------------------------------------

                                Z-Matrix
C   
C        1       2.5630958
C        2        2.634522     1       117.51016
H        3      6.33012091     2     22.26746418     1         -0.9054
H        4      4.71528623     3     39.76578919     2         -0.8221
N        5      4.96615102     4    126.40322866     3         -1.1298
O        6      2.26965681     5    144.64787134     4        -83.0959
O        7      4.09885560     6     25.46280946     5       -115.8724
C        8      8.59758194     7     63.85391871     6        -11.5428
H        9      2.03972521     8    147.21130752     7        -55.4373
C       10      4.00450308     9     33.32802249     8         18.1274
H       11      2.03956853    10     97.25628813     9        178.8669
C       12      6.55844823    11     18.53391429    10         -2.0656
H       13      2.06703027    12    121.29572346    11       -124.7577
Br      14      4.64942662    13     50.00943561    12       -136.6223

----------------------------------------------------------------------

             Converted back to Cartesian

C        0.000000      0.000000      0.000000
C        0.000000      0.000000      2.563096
C        0.000000      0.094284     -0.069738
H        0.000012     -0.175163      6.254645
H        0.000002      0.082598      1.546409
N        0.000083     -0.379562      6.491009
O        0.002539     -0.069039      4.242696
O       -0.001567     -0.661297      8.298535
C        0.005895      0.746226     -0.183047
H        0.006300      0.322457      1.812172
C        0.004314      1.194131     -2.096310
H        0.003804      0.691417     -0.119666
C        0.006398      2.343792     -6.466547
H        0.006512      1.749479     -4.486798
Br       0.008339      3.153934     -8.919029

----------------------------------------------------------------------
                       Geometry in bohr 

1     C      -0.9335228138    2.3069849640    1.4686901344
2     C       1.6288725015    2.3433918253    1.4210989748
3     C       2.8776563413    0.0248522050    1.3461396217
4     H      -2.0097260130    4.0417988405    1.5653750458
5     H       2.7041616369    4.0715483938    1.4544589488
6     N       5.6751651057    0.0932369175    1.3604794113
7     O       6.6868972637   -1.4920313161    2.6311739942
8     O       6.6144113054    1.7261907301    0.0937718069
9     C      -0.8522427769   -2.3874672074    1.2097065891
10    H      -1.8650540837   -4.1559438006    1.1249555310
11    C       1.7052313437   -2.3489451884    1.2794318302
12    H       2.8483598992   -4.0379843973    1.2950349918
13    C      -2.3632962308   -0.0568747374    1.2435616349
14    H      -3.8362756288   -0.1976315580    2.6868680230
15    Br     -4.2051773520    0.3476476300   -1.9157127737

 Number of nodes, processes per node used for SCF calculation: 1, 4

Common Options
{
  maxiter       = 100
  basis         = 6-311g* spherical
  geom_units    = angstrom
  ang2au factor = 1.889726126
  debug         = false
  file_prefix   = para_th45_ph72_qed_ccsd_input
}

SCF Options
{
  charge            = 1
  multiplicity      = 1
  level shift       = 0
  tol_int           = 1e-22
  tol_sch           = 1e-12
  tol_lindep        = 1e-10
  conve             = 1e-07
  convd             = 1e-05
  diis_hist         = 10
  AO_tilesize       = 30
  writem            = 10
  damp              = 100
  n_lindep          = 0
  scf_type          = restricted
  cuscf             = false
  qed_omegas        = [0.06615,]
  qed_lambdas       = [0.1,]
  qed_polvecs       = [[0.2185080122,0.672498512,0.7071067812,],]
  direct_df         = false
  restart_size      = 2000
  restart           = false
  debug             = false
}

Number of basis functions = 221

Total number of shells = 105

Total number of electrons = 98
  # of alpha electrons    = 49
  # of beta electons      = 49

Nuclear repulsion energy  = 737.121602680784

# of {all,non-negligible} shell-pairs = {5565,4892}
Number of AO tiles = 105

Time for initial setup: 0.01 secs
HF exch = 1.00

Time for computing 1-e integrals T, V, S: 0.01 secs
Time for computing orthogonalizer: 0.01 secs

Superposition of Atomic Density Guess ...
Time taken for SAD: 0.30 secs
Total Time to compute initial guess: 0.30 secs


 SCF iterations
-----------------------------------------------------------------------------
 Iter     Energy            E-Diff       RMSD        |[F,P]|^2       Time(s)
-----------------------------------------------------------------------------
   1  -3011.7495479022    -3.01e+03     1.67e-02     1.51e+03         0.6 
   2  -3005.8058712504     5.94e+00     6.81e-03     7.90e+00         2.1 
   3  -3006.0011184655    -1.95e-01     2.72e-03     3.72e+00         2.1 
   4  -3006.1062003971    -1.05e-01     1.15e-03     1.14e-01         2.1 
   5  -3006.1123270797    -6.13e-03     2.30e-04     1.13e-02         2.1 
   6  -3006.1128777706    -5.51e-04     1.43e-04     1.22e-03         2.1 
   7  -3006.1129950524    -1.17e-04     5.59e-05     1.65e-04         2.1 
   8  -3006.1130139870    -1.89e-05     1.62e-05     2.36e-05         2.1 
   9  -3006.1130162400    -2.25e-06     7.10e-06     5.31e-06         2.1 
  10  -3006.1130167103    -4.70e-07     3.22e-06     9.90e-07         2.1 
  11  -3006.1130168023    -9.20e-08     1.57e-06     1.37e-07         2.1 

** Total SCF energy = -3006.1130168023228

Nuclear repulsion energy = 737.121602680783553
#electrons        = 98
1e energy kinetic = 3006.1995129653178083
1e energy N-e     = -8627.1991888483498769
1e energy         = -5618.6782639827351886
2e energy         = 1877.5782913120015110
QED energy        = 0.1867650879231255
QED eT energy     = 0.1649816304228136
QED eT energy from matrix = 0.1649816304228162

 Polarizability Matrix (QED energy = 0.5 * lambda.dot(matrix * lambda))
[43.13568208, -0.52172082,  1.36748765]
[-0.52172082, 41.07915385, -2.57898756]
[ 1.36748765, -2.57898756, 37.79753216]

 Polarizability Matrix (QED eT energy = 0.5 * lambda.dot(matrix * lambda))
[39.72005996, -0.55938408,  1.68149130]
[-0.55938408, 37.51370734, -3.03663784]
[ 1.68149130, -3.03663784, 33.33386425]


                      Electron        Nuclear        Total  
                  ------------------------------------------
    Monopole         -98.000000     99.000000      1.000000

      Dipole   X     -10.415966      9.173073     -1.242893
      Dipole   Y     -13.688506     13.707039      0.018533
      Dipole   Z     -18.826614     20.211440      1.384826

  Quadrupole  XX   -1765.119329   1715.905292    -49.214037
  Quadrupole  XY      36.271507    -36.651449     -0.379942
  Quadrupole  XZ    -492.896758    491.966711     -0.930047
  Quadrupole  YY    -284.825179    244.678299    -40.146880
  Quadrupole  YZ      47.820232    -45.993706      1.826525
  Quadrupole  ZZ    -322.571541    275.400155    -47.171385

    Octupole XXX   -3619.977351   3466.568736   -153.408615
    Octupole XXY    -305.477491    299.919066     -5.558425
    Octupole XXZ    -364.463610    332.453826    -32.009784
    Octupole XYY    -367.313765    336.526636    -30.787129
    Octupole XYZ     111.265393   -100.055860     11.209533
    Octupole XZZ      49.045516    -94.005289    -44.959773
    Octupole YYY     -20.110801      3.413749    -16.697052
    Octupole YYZ    -318.546519    308.888731     -9.657787
    Octupole YZZ      19.266775    -17.630506      1.636270
    Octupole ZZZ    -112.571119     32.785316    -79.785803

writing orbitals and density to disk ... done.

Total Time taken for Hartree-Fock: 22.91 secs

CD Options
{
  debug             = false
  skip_cd           = [false, 100]
  write_cv          = [false, 5000]
  diagtol           = 1e-06
  itilesize         = 1000
  max_cvecs_factor  = 12
}

- #occupied, #virtual = 98, 344

- Tilesize for the MSO space: 40

-----------------------------------------------------
Begin 2-index transformation ... 

nAO, nMO, nelectrons = 221, 442, 98
n_occ_alpha, n_vir_alpha, n_occ_beta, n_vir_beta = 49,172,49,172

Time taken for Fao->Fmo transform: 0.00 secs

-----------------------------------------------------
Number of AO tiles = 105
# of {all,non-negligible} shell-pairs = {5565,4892}

    Begin Cholesky Decomposition
---------------------------------------------
Total # of mpi ranks used for Cholesky decomposition: 4
  --> Number of nodes, mpi ranks per node: 1, 4
- CPU memory required for computing cholesky vectors: 1.93 GiB

- Time for computing the diagonal: 0.01 secs

- Total number of cholesky vectors = 1637

- Time to compute cholesky vectors: 13.89 secs

- CPU memory required for resizing the ao cholesky tensor: 1.56 GiB
- CPU memory required for ao2mo transformation: 1.69 GiB
- CPU memory required for the 2-step contraction: 2.10 GiB

- Time for ao to mo transform: 1.61 secs

   End Cholesky Decomposition
---------------------------------------------

Total Time taken for Cholesky Decomposition: 17.75 secs

scf_type = restricted
Closed-Shell SCF
QED-HF Enabled
nbf = 203
nbf_orig = 221
n_lindep = 0
focc = 1
nmo = 406
nocc = 62
nvir = 344
n_occ_alpha = 31
n_vir_alpha = 172
n_occ_beta = 31
n_vir_beta = 172
nelectrons = 98
nelectrons_alpha = 49
nelectrons_beta = 49
freeze atomic = true
n_frozen_core = 18
n_frozen_virtual = 0
----------------------------
--------- QED-CCSD --------
lambda_x: 0.0219
lambda_y: 0.0672
lambda_z: 0.0707
omega: 0.066150
coupling_factor_x: 0.003974
coupling_factor_y: 0.012230
coupling_factor_z: 0.012860
----------------------------
# of {all,non-negligible} shell-pairs = {5565,4892}
Number of AO tiles = 105
----------------------------
Electronic dipole expectation value using SCF density: 
dipole_x_elec: -10.41578338
dipole_y_elec: -13.68838390
dipole_z_elec: -18.82652677

d_n/N value: d_n is nuclear dipole moment and N is the total number of electrons 
d_nuc_x: 0.09360279
d_nuc_y: 0.13986775
d_nuc_z: 0.20623919

<d_e+d_n> expectation values: 
dipole_total_x: -1.24271041
dipole_total_y: 0.01865553
dipole_total_z: 1.38491369
----------------------------


 CCSD iterations
------------------------------------------------------------
  Iter     Residuum          Correlation          Time(s)
------------------------------------------------------------
   1     1.1855100983928    0.0000000000000         88.04
   2     0.1673084572275   -1.6706572954768         86.81
   3     0.0689431524118   -1.6282014538199         86.36
   4     0.0232044814194   -1.7000917263504         86.09
   5     0.0195384317024   -1.6896509401042         86.09
 MICROCYCLE DIIS UPDATE:                    6
   6     0.0075603853647   -1.7003714285412         85.65
   7     0.0048329665482   -1.7000823659681         85.56
   8     0.0029747469974   -1.7014536080986         84.81
   9     0.0020557338587   -1.7016025917949         85.27
  10     0.0017815381486   -1.7019174617201         86.04
 MICROCYCLE DIIS UPDATE:                   11
  11     0.0006309662671   -1.7023298890530         86.10
  12     0.0004652758218   -1.7024381345188         85.98
  13     0.0003713400743   -1.7024007154944         86.30
  14     0.0003087024356   -1.7023934723059         85.93
  15     0.0002695717343   -1.7023962629018         85.88
 MICROCYCLE DIIS UPDATE:                   16
  16     0.0000993507045   -1.7023596793812         84.63
  17     0.0000684812301   -1.7023952348273         85.84
  18     0.0000525685430   -1.7024000626035         85.86
  19     0.0000465490366   -1.7024070762380         85.91
  20     0.0000432609946   -1.7024071749690         86.05
 MICROCYCLE DIIS UPDATE:                   21
  21     0.0000168959596   -1.7024128377212         85.95
  22     0.0000117959093   -1.7024136736527         86.05
  23     0.0000094139534   -1.7024130426427         85.95
  24     0.0000078946544   -1.7024121016222         86.12
  25     0.0000069282756   -1.7024122646632         85.98
 MICROCYCLE DIIS UPDATE:                   26
  26     0.0000031219601   -1.7024104671209         85.45
  27     0.0000020600290   -1.7024116642373         85.42
  28     0.0000016375310   -1.7024117564156         85.63
  29     0.0000013934282   -1.7024120190899         85.86
  30     0.0000013111857   -1.7024120088727         86.03
 MICROCYCLE DIIS UPDATE:                   31
  31     0.0000005319640   -1.7024122039500         85.93
------------------------------------------------------------------
 Iterations converged
 CCSD correlation energy / hartree =        -1.702412203949956
 CCSD total energy / hartree       =     -3007.815429006272552

Time taken for spin-orbital canonical QED-CCSD: 2729.08 secs
