
ExaChem Git Information
{
 WARNING: Failed to retrieve the current git state.
}


TAMM Git Information
{
 Branch: main
 Commit Hash: e71357ad [e71357ad54f38748b4a7e175aa6760820d5ce96f]
 Commit Date: 2026-02-02 23:14:56 -0800
 Commit Message: add GitHub Actions workflow for releases
}


date: Sun Aug  9 22:17:33 2026
program: "/global/cfs/cdirs/m3196/heindelj/cavity_qed/software/install_gpu/bin/bin/ExaChem"
nnodes: 1, nproc_per_node: 4, nproc_total: 4, ngpus_per_node: 1, ngpus_total: 1

Memory information
{
[AMD EPYC 7763 64-Core Processor                ] : 
  CPU memory per node (GiB): 251
  Total CPU memory (GiB): 251
[NVIDIA A100-SXM4-80GB, CUDA v12.9] : 
  GPU memory per device (GiB): 79
  GPU memory per node (GiB): 79
  Total GPU memory (GiB): 79
}

------------------------------------------------------------

Input file provided: /global/cfs/cdirs/m4262/heindelj/cavity_qed/mlip/lambda_scans/grid_scans_optimized_geoms/runs_grid_no_freq/ortho_th18_ph162/ortho_th18_ph162_qed_ccsd_input.json

{
  "geometry": {
    "coordinates": [
      "C    -1.790960883000    1.943913246900    0.719888133900",
      "C    -0.373678545300    1.987946128800    0.719576551600",
      "C     0.290868873000    0.821286981600    0.698963648600",
      "C    -2.517199659000    0.753386441200    0.741090415100",
      "H    -2.327316611200    2.886287544600    0.723923238900",
      "H     0.161619624600    2.926954659000    0.751880102600",
      "H    -3.596938343400    0.774965066800    0.763720845600",
      "N     1.778673763900    0.826608762100    0.747802836400",
      "O     2.297028720700   -0.248043972000    0.915269819500",
      "O     2.311116545300    1.898168756600    0.646357196600",
      "C    -1.838388942200   -0.430076800400    0.736752860800",
      "H    -2.365585641500   -1.376722071600    0.751194758600",
      "C    -0.372274753900   -0.488848482100    0.629139138000",
      "H     0.073880220100   -1.182909885800    1.342913905000",
      "Br   -0.084345291800   -1.308439598100   -1.098745436500"
    ],
    "units": "angstrom",
    "noorient": true
  },
  "common": {
    "maxiter": 100,
    "debug": false
  },
  "basis": {
    "basisset": "6-311G*"
  },
  "SCF": {
    "charge": 1,
    "multiplicity": 1,
    "lshift": 0,
    "tol_lindep": 1e-10,
    "conve": 1e-07,
    "convd": 1e-05,
    "diis_hist": 10,
    "writem": 10,
    "restart": false,
    "noscf": false,
    "scf_type": "restricted",
    "debug": false,
    "qed_omegas": [
      0.06615
    ],
    "qed_volumes": [],
    "qed_lambdas": [
      0.1
    ],
    "qed_polvecs": [
      [
        -0.29389262614623657,
        0.09549150281252632,
        0.9510565162951536
      ]
    ],
    "direct_df": false
  },
  "CD": {
    "debug": false,
    "diagtol": 1e-06
  },
  "CC": {
    "threshold": 1e-06,
    "ndiis": 5,
    "ccsd_maxiter": 200,
    "tilesize": 40,
    "freeze": {
      "atomic": true
    },
    "readt": false,
    "writet": true,
    "writet_iter": 5,
    "debug": false,
    "profile_ccsd": false,
    "balance_tiles": true
  },
  "TASK": {
    "scf": false,
    "ccsd": true
  }
}

Output folder & files prefix: ortho_th18_ph162_qed_ccsd_input.6-311g*

  C (carbon)
  ----------
          Exponent        Coefficients
      ----------------  --------------------
  1 S  4.56324000E+03      0.778202
  1 S  6.82024000E+02      1.448695
  1 S  1.54973000E+02      2.383089
  1 S  4.44553000E+01      3.200089
  1 S  1.30290000E+01      3.013004
  1 S  1.82773000E+00      0.247599

  2 S  2.09642000E+01      0.800629
  2 S  4.80331000E+00      2.127420
  2 S  1.45933000E+00     -0.002868

  3 P  2.09642000E+01      2.573592
  3 P  4.80331000E+00      2.408248
  3 P  1.45933000E+00      1.865281

  4 S  4.83456000E-01      0.413217

  5 P  4.83456000E-01      0.574627

  6 S  1.45585000E-01      0.167976

  7 P  1.45585000E-01      0.128185

  8 D  6.26000000E-01      0.725128


  H (hydrogen)
  ------------
          Exponent        Coefficients
      ----------------  --------------------
  1 S  3.38650000E+01      0.255069
  1 S  5.09479000E+00      0.460109
  1 S  1.15879000E+00      0.678321

  2 S  3.25840000E-01      0.307371

  3 S  1.02741000E-01      0.129336


  N (nitrogen)
  ------------
          Exponent        Coefficients
      ----------------  --------------------
  1 S  6.29348000E+03      0.991968
  1 S  9.49044000E+02      1.823240
  1 S  2.18776000E+02      2.979891
  1 S  6.36916000E+01      4.000007
  1 S  1.88282000E+01      3.881008
  1 S  2.72023000E+00      0.386764

  2 S  3.06331000E+01      1.038501
  2 S  7.02614000E+00      2.834794
  2 S  2.11205000E+00     -0.003208

  3 P  3.06331000E+01      3.935616
  3 P  7.02614000E+00      3.870994
  3 P  2.11205000E+00      2.967271

  4 S  6.84009000E-01      0.536051

  5 P  6.84009000E-01      0.886681

  6 S  2.00878000E-01      0.213850

  7 P  2.00878000E-01      0.191693

  8 D  9.13000000E-01      1.403568


  O (oxygen)
  ----------
          Exponent        Coefficients
      ----------------  --------------------
  1 S  8.58850000E+03      1.205013
  1 S  1.29723000E+03      2.216205
  1 S  2.99296000E+02      3.627452
  1 S  8.73771000E+01      4.888452
  1 S  2.56789000E+01      4.835721
  1 S  3.74004000E+00      0.538229

  2 S  4.21175000E+01      1.341958
  2 S  9.62837000E+00      3.587114
  2 S  2.85332000E+00     -0.005123

  3 P  4.21175000E+01      5.584018
  3 P  9.62837000E+00      5.733366
  3 P  2.85332000E+00      4.332955

  4 S  9.05661000E-01      0.661659

  5 P  9.05661000E-01      1.259352

  6 S  2.55611000E-01      0.256209

  7 P  2.55611000E-01      0.259068

  8 D  1.29200000E+00      2.577026


  Br (bromine)
  ------------
          Exponent        Coefficients
      ----------------  --------------------
  1 S  4.39700000E+05      9.893706
  1 S  6.60300000E+04     18.450679
  1 S  1.51400000E+04     31.049770
  1 S  4.31700000E+03     48.888138
  1 S  1.41400000E+03     64.847798
  1 S  5.23900000E+02     42.245010

  2 S  5.23900000E+02     14.290679
  2 S  2.07700000E+02     24.083128
  2 S  8.65400000E+01      5.132542

  3 S  3.05200000E+01      9.254405

  4 S  1.29800000E+01      4.873782

  5 S  4.41200000E+00      2.169635

  6 S  1.86200000E+00      1.136043

  7 S  3.93200000E-01      0.353892

  8 S  1.40000000E-01      0.163120

  9 P  2.95700000E+03    691.874478
  9 P  7.00300000E+02    925.332763
  9 P  2.24600000E+02   1068.830732

  10 P  8.25900000E+01    122.079275
  10 P  3.31900000E+01     57.580687
  10 P  1.42000000E+01     10.176170

  11 P  1.42000000E+01      3.129736
  11 P  7.43800000E+00      6.538168
  11 P  3.52600000E+00      4.166276

  12 P  1.59500000E+00      2.555000

  13 P  8.46200000E-01      1.156861

  14 P  3.18600000E-01      0.341191

  15 P  1.09600000E-01      0.089888

  16 D  1.34800000E+02    160.709187
  16 D  3.63900000E+01    119.797406
  16 D  1.21600000E+01     55.531619
  16 D  4.34100000E+00     12.984636

  17 D  1.53500000E+00      3.484168

  18 D  4.51000000E-01      0.408525



Printing Internal Coordinates

------------------------------------------------------------
                Bond Lengths

i      j        Length (Angstroms)     Length (Bohr)
0      1          1.4179662255         2.6795678219
0      3          1.3947137239         2.6356269622
0      4          1.0843260885         2.0490793384
1      2          1.3428111292         2.5375452730
1      5          1.0813531661         2.0434613294
2      7          1.4886157936         2.8130761566
2      12         1.4700645787         2.7780194411
3      6          1.0801913720         2.0412658566
3      10         1.3643269578         2.5782042965
7      8          1.2048300920         2.2767989021
7      9          1.2008444342         2.2692671004
10     11         1.0836430213         2.0477885285
10     12         1.4712326930         2.7802268573
12     13         1.0909857519         2.0616642784
12     14         1.9339643418         3.6546629433

Number of Bonds: 15

------------------------------------------------------------
           Bond Angles

i      j      k      Angle (degrees)
0      1      2        117.8836 
0      1      5        121.4495 
0      3      6        120.2488 
0      3      10       118.7715 
1      0      3        123.1592 
1      0      4        117.8668 
1      2      7        119.4072 
1      2      12       123.4894 
2      1      5        120.6588 
2      7      8        115.5544 
2      7      9        116.3317 
2      12     10       114.2333 
2      12     13       110.5741 
2      12     14       110.6685 
3      0      4        118.9621 
3      10     11       121.0423 
3      10     12       122.0525 
6      3      10       120.9793 
7      2      12       117.1033 
8      7      9        128.0906 
10     12     13       112.6489 
10     12     14       103.3349 
11     10     12       116.8008 
13     12     14       104.7169 

Number of Angles: 24

------------------------------------------------------------
              Torsional Angles

i      j      k      l      Angle (degrees)
3      0      1      2          2.0207 
4      0      1      2       -179.2461 
5      1      0      3       -176.9533 
5      1      0      4          1.7799 
6      3      0      1        178.5641 
6      3      0      4         -0.1559 
10     3      0      1         -1.2403 
10     3      0      4       -179.9603 
11     10     3      0       -179.9071 
11     10     3      6          0.2899 

Number of Torsional Angles: 10


----------------------------------------------------------------------
                          Center of Mass

         x               y               z              Unit
   0.02235152405   -0.0368855434   0.01455641037      Angstrom
   0.04223825896  -0.06970357503   0.02750762897          Bohr

----------------------------------------------------------------------
                Moment of Inertia Tensor

           1796.28           -92.172          -70.5058
           -92.172           2009.69          -649.862
          -70.5058          -649.862            2630.6

----------------------------------------------------------------------
                      Principal Moments of Inertia

           x                 y                 z                Unit
       433.0510942       517.9612097          851.4112       amu * ang^2
       1546.453532        1849.67306       3040.444593      amu * bohr^2
  7.1909875055e-38  8.6009541071e-38  1.4138025243e-37          g * cm^2

 - Molecule is an asymmetric top.

----------------------------------------------------------------------

         Rotational constants (MHz)

    A = 1.1670e+03        B = 9.7571e+02        C = 5.9358e+02

----------------------------------------------------------------------

        Rotational constants (cm-1)

    A = 3.8928e-02        B = 3.2546e-02        C = 1.9800e-02

----------------------------------------------------------------------

                                Z-Matrix
C   
C        1       2.6795678
C        2       2.5375453     1       117.88364
C        3      5.30862852     2     61.71077205     1         -0.9536
H        4      4.04666987     3     83.52145010     2          0.9012
H        5      4.70433228     4     96.01770475     3         -1.5081
H        6      8.18449033     5     28.86811445     4         -0.9621
N        7     10.15894795     6     29.24306345     5        178.3154
O        8      2.27679890     7    114.91219405     6        171.1222
O        9      4.08755298     8     25.90848726     7       -175.9797
C       10      8.99305049     9     60.43089521     8          0.7800
H       11      2.04778853    10    148.41284166     9         -7.9080
C       12      4.13003758    11     36.93151844    10         -3.4779
H       13      2.06166428    12     94.47326426    11        135.5822
Br      14      4.62982645    13     49.77164992    12         91.9810

----------------------------------------------------------------------

             Converted back to Cartesian

C        0.000000      0.000000      0.000000
C        0.000000      0.000000      2.679568
C        0.000000      0.091102      0.143658
C        0.000029     -0.199175      5.444345
H       -0.000051      0.124817      1.410666
H        0.000183     -0.388803      6.086875
H       -0.000277      0.576288     -2.040515
N       -0.004553     -0.711312      8.036503
O       -0.003479     -0.343876      5.789548
O       -0.003726     -1.035309      9.818197
C       -0.011854      0.648587      0.984207
H       -0.004936      0.174769      2.976413
C       -0.021379      1.175451     -1.030528
H       -0.012444      0.618580      0.954485
Br      -0.035328      1.936513     -3.483738

----------------------------------------------------------------------
                       Geometry in bohr 

1     C      -3.3844255711    3.6734636492    1.3603914144
2     C      -0.7061501097    3.7566737365    1.3598026091
3     C       0.5496625085    1.5520074660    1.3208498678
4     C      -4.7568179597    1.4236940408    1.4004579191
5     H      -4.3979910034    5.4542929799    1.3680166577
6     H       0.3054168271    5.5311426885    1.4208474734
7     H      -6.7972283608    1.4644717334    1.4432232348
8     N       3.3612062811    1.5620641736    1.4131425570
9     O       4.3407551855   -0.4687351743    1.7296092902
10    O       4.3673773157    3.5870190907    1.2214380811
11    C      -3.4740516137   -0.8127273659    1.3922611294
12    H      -4.4703089898   -2.6016276668    1.4195523610
13    C      -0.7034973285   -0.9237897482    1.1889006659
14    H       0.1396133821   -2.2353757158    2.5377394911
15    Br     -0.1593895015   -2.4725924927   -2.0763279571

 Number of nodes, processes per node used for SCF calculation: 1, 4

Common Options
{
  maxiter       = 100
  basis         = 6-311g* spherical
  geom_units    = angstrom
  ang2au factor = 1.889726126
  debug         = false
  file_prefix   = ortho_th18_ph162_qed_ccsd_input
}

SCF Options
{
  charge            = 1
  multiplicity      = 1
  level shift       = 0
  tol_int           = 1e-22
  tol_sch           = 1e-12
  tol_lindep        = 1e-10
  conve             = 1e-07
  convd             = 1e-05
  diis_hist         = 10
  AO_tilesize       = 30
  writem            = 10
  damp              = 100
  n_lindep          = 0
  scf_type          = restricted
  cuscf             = false
  qed_omegas        = [0.06615,]
  qed_lambdas       = [0.1,]
  qed_polvecs       = [[-0.2938926261,0.09549150281,0.9510565163,],]
  direct_df         = false
  restart_size      = 2000
  restart           = false
  debug             = false
}

Number of basis functions = 221

Total number of shells = 105

Total number of electrons = 98
  # of alpha electrons    = 49
  # of beta electons      = 49

Nuclear repulsion energy  = 779.704909609411

# of {all,non-negligible} shell-pairs = {5565,4995}
Number of AO tiles = 105

Time for initial setup: 0.01 secs
HF exch = 1.00

Time for computing 1-e integrals T, V, S: 0.01 secs
Time for computing orthogonalizer: 0.01 secs

Superposition of Atomic Density Guess ...
Time taken for SAD: 0.30 secs
Total Time to compute initial guess: 0.30 secs


 SCF iterations
-----------------------------------------------------------------------------
 Iter     Energy            E-Diff       RMSD        |[F,P]|^2       Time(s)
-----------------------------------------------------------------------------
   1  -3011.7701170080    -3.01e+03     1.67e-02     1.50e+03         0.6 
   2  -3005.8193527835     5.95e+00     6.84e-03     7.50e+00         2.2 
   3  -3005.9908620472    -1.72e-01     2.95e-03     4.21e+00         2.2 
   4  -3006.1114127310    -1.21e-01     1.14e-03     1.19e-01         2.2 
   5  -3006.1181252093    -6.71e-03     2.55e-04     1.02e-02         2.2 
   6  -3006.1186614272    -5.36e-04     1.43e-04     1.42e-03         2.2 
   7  -3006.1188043464    -1.43e-04     6.80e-05     4.85e-04         2.2 
   8  -3006.1188460052    -4.17e-05     3.79e-05     9.66e-05         2.2 
   9  -3006.1188572109    -1.12e-05     1.61e-05     1.22e-05         2.2 
  10  -3006.1188592082    -2.00e-06     7.05e-06     3.01e-06         2.2 
  11  -3006.1188596014    -3.93e-07     4.76e-06     6.78e-07         2.2 
  12  -3006.1188597347    -1.33e-07     1.95e-06     1.46e-07         2.2 
  13  -3006.1188597618    -2.72e-08     1.05e-06     3.17e-08         2.3 

** Total SCF energy = -3006.1188597618057

Nuclear repulsion energy = 779.704909609410606
#electrons        = 98
1e energy kinetic = 3006.1792730648012366
1e energy N-e     = -8712.7641303139280353
1e energy         = -5704.5704823013729765
2e energy         = 1920.5777766469534527
QED energy        = 0.1833112309567242
QED eT energy     = 0.1593789910636621
QED eT energy from matrix = 0.1593789910636745

 Polarizability Matrix (QED energy = 0.5 * lambda.dot(matrix * lambda))
[40.45988723, -1.10133749, -0.29951713]
[-1.10133749, 45.37452554,  0.54573327]
[-0.29951713,  0.54573327, 35.84872880]

 Polarizability Matrix (QED eT energy = 0.5 * lambda.dot(matrix * lambda))
[36.68958691, -1.18707978, -0.36742775]
[-1.18707978, 42.39981798,  0.67376821]
[-0.36742775,  0.67376821, 30.87398003]


                      Electron        Nuclear        Total  
                  ------------------------------------------
    Monopole         -98.000000     99.000000      1.000000

      Dipole   X      -1.162342     -2.457307     -3.619649
      Dipole   Y      -7.691084      8.968818      1.277734
      Dipole   Z     -15.813458     17.154259      1.340801

  Quadrupole  XX    -794.827097    753.621564    -41.205533
  Quadrupole  XY     -39.259896     33.474214     -5.785682
  Quadrupole  XZ     -28.861450     23.146948     -5.714502
  Quadrupole  YY    -648.809538    611.343405    -37.466133
  Quadrupole  YZ    -300.351148    303.289633      2.938485
  Quadrupole  ZZ    -325.545613    279.709904    -45.835709

    Octupole XXX     -46.869134    -35.179716    -82.048850
    Octupole XXY   -1125.034885   1117.878397     -7.156488
    Octupole XXZ   -1083.871770   1073.138045    -10.733724
    Octupole XYY      46.885137    -86.239901    -39.354764
    Octupole XYZ      20.705309    -25.887276     -5.181967
    Octupole XZZ       0.301334      7.056145      7.357479
    Octupole YYY    -836.709961    819.154352    -17.555609
    Octupole YYZ    -100.524300     91.175933     -9.348368
    Octupole YZZ     188.384287   -216.692627    -28.308340
    Octupole ZZZ      49.017230   -123.158177    -74.140947

writing orbitals and density to disk ... done.

Total Time taken for Hartree-Fock: 29.27 secs

CD Options
{
  debug             = false
  skip_cd           = [false, 100]
  write_cv          = [false, 5000]
  diagtol           = 1e-06
  itilesize         = 1000
  max_cvecs_factor  = 12
}

- #occupied, #virtual = 98, 344

- Tilesize for the MSO space: 40

-----------------------------------------------------
Begin 2-index transformation ... 

nAO, nMO, nelectrons = 221, 442, 98
n_occ_alpha, n_vir_alpha, n_occ_beta, n_vir_beta = 49,172,49,172

Time taken for Fao->Fmo transform: 0.00 secs

-----------------------------------------------------
Number of AO tiles = 105
# of {all,non-negligible} shell-pairs = {5565,4995}

    Begin Cholesky Decomposition
---------------------------------------------
Total # of mpi ranks used for Cholesky decomposition: 4
  --> Number of nodes, mpi ranks per node: 1, 4
- CPU memory required for computing cholesky vectors: 1.93 GiB

- Time for computing the diagonal: 0.01 secs

- Total number of cholesky vectors = 1649

- Time to compute cholesky vectors: 15.23 secs

- CPU memory required for resizing the ao cholesky tensor: 1.57 GiB
- CPU memory required for ao2mo transformation: 1.70 GiB
- CPU memory required for the 2-step contraction: 2.12 GiB

- Time for ao to mo transform: 1.54 secs

   End Cholesky Decomposition
---------------------------------------------

Total Time taken for Cholesky Decomposition: 19.41 secs

scf_type = restricted
Closed-Shell SCF
QED-HF Enabled
nbf = 203
nbf_orig = 221
n_lindep = 0
focc = 1
nmo = 406
nocc = 62
nvir = 344
n_occ_alpha = 31
n_vir_alpha = 172
n_occ_beta = 31
n_vir_beta = 172
nelectrons = 98
nelectrons_alpha = 49
nelectrons_beta = 49
freeze atomic = true
n_frozen_core = 18
n_frozen_virtual = 0
----------------------------
--------- QED-CCSD --------
lambda_x: -0.0294
lambda_y: 0.0095
lambda_z: 0.0951
omega: 0.066150
coupling_factor_x: -0.005345
coupling_factor_y: 0.001737
coupling_factor_z: 0.017296
----------------------------
# of {all,non-negligible} shell-pairs = {5565,4995}
Number of AO tiles = 105
----------------------------
Electronic dipole expectation value using SCF density: 
dipole_x_elec: -1.16250211
dipole_y_elec: -7.69112888
dipole_z_elec: -15.81347718

d_n/N value: d_n is nuclear dipole moment and N is the total number of electrons 
d_nuc_x: -0.02507456
d_nuc_y: 0.09151855
d_nuc_z: 0.17504346

<d_e+d_n> expectation values: 
dipole_total_x: -3.61980927
dipole_total_y: 1.27768911
dipole_total_z: 1.34078204
----------------------------


 CCSD iterations
------------------------------------------------------------
  Iter     Residuum          Correlation          Time(s)
------------------------------------------------------------
   1     1.1860949761930    0.0000000000000         86.50
   2     0.1696263640629   -1.6779751228647         85.73
   3     0.0701651581523   -1.6260197757456         85.52
   4     0.0240404291114   -1.6998899290469         84.78
   5     0.0201102092153   -1.6883466552633         84.50
 MICROCYCLE DIIS UPDATE:                    6
   6     0.0076323222298   -1.6989052343452         84.01
   7     0.0048066623076   -1.6986261903493         84.06
   8     0.0031934942858   -1.6999798146646         83.80
   9     0.0022911692593   -1.7000768559128         83.52
  10     0.0023622284536   -1.7003802562723         83.64
 MICROCYCLE DIIS UPDATE:                   11
  11     0.0005497983516   -1.7007451753403         84.41
  12     0.0003806259954   -1.7008198996686         84.39
  13     0.0002687904783   -1.7008016031926         84.72
  14     0.0002256137965   -1.7007927956879         84.34
  15     0.0001700399742   -1.7008004538529         84.25
 MICROCYCLE DIIS UPDATE:                   16
  16     0.0000704848481   -1.7007818802550         84.45
  17     0.0000456890376   -1.7008050401657         84.31
  18     0.0000415530383   -1.7008085959329         84.23
  19     0.0000299684140   -1.7008128993824         84.44
  20     0.0000322634906   -1.7008124751922         83.89
 MICROCYCLE DIIS UPDATE:                   21
  21     0.0000120585175   -1.7008167384713         83.90
  22     0.0000077486775   -1.7008172060058         83.80
  23     0.0000059428948   -1.7008164731405         83.95
  24     0.0000045716312   -1.7008159105943         83.80
  25     0.0000041876128   -1.7008159524268         84.62
 MICROCYCLE DIIS UPDATE:                   26
  26     0.0000020601897   -1.7008147195744         85.40
  27     0.0000011551598   -1.7008156521879         84.85
  28     0.0000011114146   -1.7008156926985         84.56
  29     0.0000007504034   -1.7008158439125         84.11
------------------------------------------------------------------
 Iterations converged
 CCSD correlation energy / hartree =        -1.700815843912483
 CCSD total energy / hartree       =     -3007.819675605718203

Time taken for spin-orbital canonical QED-CCSD: 2506.74 secs
