
ExaChem Git Information
{
 Branch: qedgrad
 Commit Hash: 9026f44 [9026f44116d5480455486ce7ea5dde64bcef9cf4]
 Commit Date: 2026-07-23 13:25:44 -0700
 Commit Message: QED gradients
}


TAMM Git Information
{
 Branch: main
 Commit Hash: e71357a [e71357ad54f38748b4a7e175aa6760820d5ce96f]
 Commit Date: 2026-02-02 23:14:56 -0800
 Commit Message: add GitHub Actions workflow for releases
}


date: Thu Jul 23 15:03:39 2026
program: "/ravenfs/scratch/meji656/codes/release_gpu/bin/ExaChem"
nnodes: 4, nproc_per_node: 1, nproc_total: 4, ngpus_per_node: 1, ngpus_total: 4

Memory information
{
[AMD EPYC 9124 16-Core Processor                ] : 
  CPU memory per node (GiB): 1007
  Total CPU memory (GiB): 4028
[NVIDIA H100 NVL, CUDA v12.9] : 
  GPU memory per device (GiB): 93
  GPU memory per node (GiB): 93
  Total GPU memory (GiB): 372
}

------------------------------------------------------------

Input file provided: /ravenfs/scratch/meji656/runs/MAPOL/NITROBENZENE/CCSDSCANS/qed_ccsd_scans/relaxed_dir_65_78/meta_lam0.10.json

{
  "geometry": {
    "coordinates": [
      "C   -0.925022134100   1.979205303700   0.854076309300",
      "C    0.453602743500   1.913283103400   0.670967315800",
      "C    1.148403080700   0.696714898200   0.701574829500",
      "C    0.496322459800  -0.474873984200   0.772123266100",
      "C   -1.635986828700   0.820754606300   0.901582257500",
      "H   -1.423798196700   2.931262869100   0.918077572400",
      "H    1.029167672100   2.816137096800   0.524596762400",
      "H    1.036073259900  -1.411132282200   0.789237031000",
      "H   -2.716456467100   0.829214487000   0.982144594800",
      "N    2.620166992400   0.723681789800   0.604084626100",
      "O    3.223063219500  -0.014888872400   1.334927553900",
      "O    3.061054528300   1.480797387500  -0.220888027700",
      "C   -0.975654271200  -0.476404836100   0.676278640800",
      "H   -1.441982093500  -1.300382925500   1.205936979600",
      "Br  -1.340787250900  -0.711769723400  -1.243262081800"
    ],
    "units": "angstrom",
    "noorient": true
  },
  "common": {
    "maxiter": 100,
    "debug": false
  },
  "basis": {
    "basisset": "6-311G*"
  },
  "SCF": {
    "charge": 1,
    "multiplicity": 1,
    "lshift": 0,
    "tol_lindep": 1e-10,
    "conve": 1e-07,
    "convd": 1e-05,
    "diis_hist": 10,
    "writem": 10,
    "restart": false,
    "noscf": false,
    "scf_type": "restricted",
    "debug": false,
    "qed_omegas": [
      0.06615
    ],
    "qed_volumes": [],
    "qed_lambdas": [
      0.1
    ],
    "qed_polvecs": [
      [
        0.18843198440409173,
        0.886502787416264,
        0.42261826174069944
      ]
    ],
    "direct_df": false
  },
  "CD": {
    "debug": false,
    "diagtol": 1e-06
  },
  "CC": {
    "threshold": 1e-06,
    "ndiis": 5,
    "ccsd_maxiter": 200,
    "tilesize": 40,
    "freeze": {
      "atomic": true
    },
    "readt": false,
    "writet": true,
    "writet_iter": 5,
    "debug": false,
    "profile_ccsd": false,
    "balance_tiles": true
  },
  "TASK": {
    "scf": false,
    "ccsd": true
  }
}

Output folder & files prefix: meta_lam0.10.6-311g*

  C (carbon)
  ----------
          Exponent        Coefficients
      ----------------  --------------------
  1 S  4.56324000E+03      0.778202
  1 S  6.82024000E+02      1.448695
  1 S  1.54973000E+02      2.383089
  1 S  4.44553000E+01      3.200089
  1 S  1.30290000E+01      3.013004
  1 S  1.82773000E+00      0.247599

  2 S  2.09642000E+01      0.800629
  2 S  4.80331000E+00      2.127420
  2 S  1.45933000E+00     -0.002868

  3 P  2.09642000E+01      2.573592
  3 P  4.80331000E+00      2.408248
  3 P  1.45933000E+00      1.865281

  4 S  4.83456000E-01      0.413217

  5 P  4.83456000E-01      0.574627

  6 S  1.45585000E-01      0.167976

  7 P  1.45585000E-01      0.128185

  8 D  6.26000000E-01      0.725128


  H (hydrogen)
  ------------
          Exponent        Coefficients
      ----------------  --------------------
  1 S  3.38650000E+01      0.255069
  1 S  5.09479000E+00      0.460109
  1 S  1.15879000E+00      0.678321

  2 S  3.25840000E-01      0.307371

  3 S  1.02741000E-01      0.129336


  N (nitrogen)
  ------------
          Exponent        Coefficients
      ----------------  --------------------
  1 S  6.29348000E+03      0.991968
  1 S  9.49044000E+02      1.823240
  1 S  2.18776000E+02      2.979891
  1 S  6.36916000E+01      4.000007
  1 S  1.88282000E+01      3.881008
  1 S  2.72023000E+00      0.386764

  2 S  3.06331000E+01      1.038501
  2 S  7.02614000E+00      2.834794
  2 S  2.11205000E+00     -0.003208

  3 P  3.06331000E+01      3.935616
  3 P  7.02614000E+00      3.870994
  3 P  2.11205000E+00      2.967271

  4 S  6.84009000E-01      0.536051

  5 P  6.84009000E-01      0.886681

  6 S  2.00878000E-01      0.213850

  7 P  2.00878000E-01      0.191693

  8 D  9.13000000E-01      1.403568


  O (oxygen)
  ----------
          Exponent        Coefficients
      ----------------  --------------------
  1 S  8.58850000E+03      1.205013
  1 S  1.29723000E+03      2.216205
  1 S  2.99296000E+02      3.627452
  1 S  8.73771000E+01      4.888452
  1 S  2.56789000E+01      4.835721
  1 S  3.74004000E+00      0.538229

  2 S  4.21175000E+01      1.341958
  2 S  9.62837000E+00      3.587114
  2 S  2.85332000E+00     -0.005123

  3 P  4.21175000E+01      5.584018
  3 P  9.62837000E+00      5.733366
  3 P  2.85332000E+00      4.332955

  4 S  9.05661000E-01      0.661659

  5 P  9.05661000E-01      1.259352

  6 S  2.55611000E-01      0.256209

  7 P  2.55611000E-01      0.259068

  8 D  1.29200000E+00      2.577026


  Br (bromine)
  ------------
          Exponent        Coefficients
      ----------------  --------------------
  1 S  4.39700000E+05      9.893706
  1 S  6.60300000E+04     18.450679
  1 S  1.51400000E+04     31.049770
  1 S  4.31700000E+03     48.888138
  1 S  1.41400000E+03     64.847798
  1 S  5.23900000E+02     42.245010

  2 S  5.23900000E+02     14.290679
  2 S  2.07700000E+02     24.083128
  2 S  8.65400000E+01      5.132542

  3 S  3.05200000E+01      9.254405

  4 S  1.29800000E+01      4.873782

  5 S  4.41200000E+00      2.169635

  6 S  1.86200000E+00      1.136043

  7 S  3.93200000E-01      0.353892

  8 S  1.40000000E-01      0.163120

  9 P  2.95700000E+03    691.874478
  9 P  7.00300000E+02    925.332763
  9 P  2.24600000E+02   1068.830732

  10 P  8.25900000E+01    122.079275
  10 P  3.31900000E+01     57.580687
  10 P  1.42000000E+01     10.176170

  11 P  1.42000000E+01      3.129736
  11 P  7.43800000E+00      6.538168
  11 P  3.52600000E+00      4.166276

  12 P  1.59500000E+00      2.555000

  13 P  8.46200000E-01      1.156861

  14 P  3.18600000E-01      0.341191

  15 P  1.09600000E-01      0.089888

  16 D  1.34800000E+02    160.709187
  16 D  3.63900000E+01    119.797406
  16 D  1.21600000E+01     55.531619
  16 D  4.34100000E+00     12.984636

  17 D  1.53500000E+00      3.484168

  18 D  4.51000000E-01      0.408525



Printing Internal Coordinates

------------------------------------------------------------
                Bond Lengths

i      j        Length (Angstroms)     Length (Bohr)
0      1          1.3922935011         2.6310534039
0      4          1.3600498632         2.5701217590
0      5          1.0767020619         2.0346720162
1      2          1.4013288431         2.6481277257
1      6          1.0806686168         2.0421677186
2      3          1.3426863846         2.5373095399
2      9          1.4752357658         2.7877915686
3      7          1.0808345885         2.0424813597
3      12         1.4750945842         2.7875247739
4      8          1.0835019609         2.0475219630
4      12         1.4728962710         2.7833705641
9      10         1.2012917501         2.2701124050
9      11         1.2034058863         2.2741075434
12     13         1.0848684185         2.0501041937
12     14         1.9680841722         3.7191400781

Number of Bonds: 15

------------------------------------------------------------
           Bond Angles

i      j      k      Angle (degrees)
0      1      2        121.9501 
0      1      6        120.3730 
0      4      8        121.1468 
0      4      12       120.6931 
1      0      4        118.8083 
1      0      5        120.5560 
1      2      3        121.1900 
1      2      9        118.5115 
2      1      6        117.6580 
2      3      7        120.9411 
2      3      12       118.8239 
2      9      10       116.6955 
2      9      11       114.9804 
3      2      9        120.2606 
3      12     4        115.8822 
3      12     13       113.4535 
3      12     14       104.3966 
4      0      5        120.5925 
4      12     13       113.6723 
4      12     14        99.8657 
7      3      12       119.8980 
8      4      12       117.7308 
10     9      11       128.3162 
13     12     14       107.7944 

Number of Angles: 24

------------------------------------------------------------
              Torsional Angles

i      j      k      l      Angle (degrees)
3      2      1      0          6.9466 
4      0      1      2         -8.1174 
5      0      1      2        174.2571 
6      1      0      4        173.4995 
6      1      0      5         -4.1260 
6      1      2      3       -174.6284 
7      3      2      1        179.6121 
8      4      0      1       -176.2480 
8      4      0      5          1.3765 

Number of Torsional Angles: 9


----------------------------------------------------------------------
                          Center of Mass

         x               y               z              Unit
    0.0455717528     0.168013987   -0.0675311277      Angstrom
   0.08611813188    0.3175004208   -0.1276153363          Bohr

----------------------------------------------------------------------
                Moment of Inertia Tensor

           1471.79          -551.882          -687.216
          -551.882            3027.7          -421.678
          -687.216          -421.678           3045.02

----------------------------------------------------------------------
                      Principal Moments of Inertia

           x                 y                 z                Unit
        278.511067       863.0002553       971.1662707       amu * ang^2
       994.5810766       3081.829861       3468.097714      amu * bohr^2
  4.6247882297e-38  1.4330466165e-37  1.6126606333e-37          g * cm^2

 - Molecule is an asymmetric top.

----------------------------------------------------------------------

         Rotational constants (MHz)

    A = 1.8146e+03        B = 5.8561e+02        C = 5.2038e+02

----------------------------------------------------------------------

        Rotational constants (cm-1)

    A = 6.0528e-02        B = 1.9534e-02        C = 1.7358e-02

----------------------------------------------------------------------

                                Z-Matrix
C   
C        1       2.6310534
C        2       2.6481277     1        121.9501
C        3      2.53730954     2    121.19003414     1          6.9466
C        4      4.72134977     3     87.97779641     2         -2.7226
H        5      4.00851013     4    115.53040542     3         -2.1974
H        6      4.69973126     5     92.94488357     4          6.0601
H        7      8.00403055     6     92.17336867     5         -4.9039
H        8      8.26695167     7     59.35225432     6          4.1914
N        9     10.11199786     8     29.69347563     7         -1.9253
O       10      2.27011240     9    118.01245070     8        -44.7586
O       11      4.08979972    10     25.86628899     9       -179.1072
C       12      8.64548495    11     68.24880455    10        -13.5394
H       13      2.05010419    12    143.12433684    11        -10.9242
Br      14      4.76393995    13     48.01648908    12       -117.9789

----------------------------------------------------------------------

             Converted back to Cartesian

C        0.000000      0.000000      0.000000
C        0.000000      0.000000      2.631053
C        0.000000      0.098350     -0.015247
C       -0.000198     -0.089403      2.515106
C        0.000543      0.386005     -2.182248
H       -0.000406     -0.157698      1.789218
H        0.000762      0.611319     -2.847169
H       -0.000984     -0.919541      5.009101
H        0.000465      0.808044     -3.075325
N       -0.001036     -1.394466      6.793892
O        0.000172     -0.820702      4.597485
O       -0.000591     -1.885502      8.546240
C       -0.006126      0.538297      0.247470
H       -0.000965     -0.121601      2.188458
Br      -0.013450      1.477644     -2.299011

----------------------------------------------------------------------
                            Geometry in angstrom

1     C      -0.9250221341    1.9792053037    0.8540763093
2     C       0.4536027435    1.9132831034    0.6709673158
3     C       1.1484030807    0.6967148982    0.7015748295
4     C       0.4963224598   -0.4748739842    0.7721232661
5     C      -1.6359868287    0.8207546063    0.9015822575
6     H      -1.4237981967    2.9312628691    0.9180775724
7     H       1.0291676721    2.8161370968    0.5245967624
8     H       1.0360732599   -1.4111322822    0.7892370310
9     H      -2.7164564671    0.8292144870    0.9821445948
10    N       2.6201669924    0.7236817898    0.6040846261
11    O       3.2230632195   -0.0148888724    1.3349275539
12    O       3.0610545283    1.4807973875   -0.2208880277
13    C      -0.9756542712   -0.4764048361    0.6762786408
14    H      -1.4419820935   -1.3003829255    1.2059369796
15    Br     -1.3407872509   -0.7117697234   -1.2432620818

 Number of nodes, processes per node used for SCF calculation: 4, 1

Common Options
{
  maxiter       = 100
  basis         = 6-311g* spherical
  geom_units    = angstrom
  ang2au factor = 1.889726126
  debug         = false
  file_prefix   = meta_lam0.10
}

SCF Options
{
  charge            = 1
  multiplicity      = 1
  level shift       = 0
  tol_int           = 1e-22
  tol_sch           = 1e-12
  tol_lindep        = 1e-10
  conve             = 1e-07
  convd             = 1e-05
  diis_hist         = 10
  AO_tilesize       = 30
  writem            = 10
  damp              = 100
  n_lindep          = 0
  scf_type          = restricted
  cuscf             = false
  qed_omegas        = [0.06615,]
  qed_lambdas       = [0.1,]
  qed_polvecs       = [[0.1884319844,0.8865027874,0.4226182617,],]
  direct_df         = false
  restart_size      = 2000
  restart           = false
  debug             = false
}

Number of basis functions = 221

Total number of shells = 105

Total number of electrons = 98
  # of alpha electrons    = 49
  # of beta electons      = 49

Nuclear repulsion energy  = 759.102490257335

Maximum angular momentum = 2
# of {all,non-negligible} shell-pairs = {5565,4934}
Number of AO tiles = 105

Time for initial setup: 0.01 secs
HF exch = 1.00

Time for computing 1-e integrals T, V, S: 0.06 secs
Time for computing orthogonalizer: 0.03 secs

Superposition of Atomic Density Guess ...
Time taken for SAD: 0.24 secs
Total Time to compute initial guess: 0.24 secs


 SCF iterations
-----------------------------------------------------------------------------
 Iter     Energy            E-Diff       RMSD        |[F,P]|^2       Time(s)
-----------------------------------------------------------------------------
   1  -3011.8014459759    -3.01e+03     1.67e-02     1.56e+02         0.5 
   2  -3005.7795925509     6.02e+00     7.04e-03     2.48e+00         1.8 
   3  -3005.9957511719    -2.16e-01     2.62e-03     1.19e+00         1.8 
   4  -3006.0949477189    -9.92e-02     1.23e-03     3.32e-02         1.8 
   5  -3006.1018418210    -6.89e-03     2.71e-04     3.60e-03         1.8 
   6  -3006.1025148017    -6.73e-04     1.64e-04     5.84e-04         1.8 
   7  -3006.1027065365    -1.92e-04     7.46e-05     1.33e-04         1.8 
   8  -3006.1027572183    -5.07e-05     3.57e-05     2.85e-05         1.8 
   9  -3006.1027696351    -1.24e-05     1.79e-05     4.07e-06         1.8 
  10  -3006.1027720775    -2.44e-06     7.51e-06     7.56e-07         1.8 
  11  -3006.1027724677    -3.90e-07     4.39e-06     1.57e-07         1.8 
  12  -3006.1027725572    -8.95e-08     1.87e-06     2.20e-08         1.8 

** Total SCF energy = -3006.1027725571857

Nuclear repulsion energy = 759.102490257334580
#electrons        = 98
1e energy kinetic = 3006.2355533352420025
1e energy N-e     = -8671.2965645474541816
1e energy         = -5661.4302638727212980
2e energy         = 1899.6587877119354744
QED energy        = 0.1969606857565975
QED eT energy     = 0.1772258094450503


                      Electron        Nuclear        Total  
                  ------------------------------------------
    Monopole         -98.000000     99.000000      1.000000

      Dipole   X     -20.303330     18.027140     -2.276190
      Dipole   Y     -41.408185     42.515576      1.107391
      Dipole   Z      -1.400314      2.846578      1.446265

  Quadrupole  XX   -1193.500695   1143.420150    -50.080546
  Quadrupole  XY    -258.544152    256.330570     -2.213583
  Quadrupole  XZ    -308.023359    305.284181     -2.739178
  Quadrupole  YY    -447.925075    410.568126    -37.356949
  Quadrupole  YZ    -191.598891    195.129837      3.530946
  Quadrupole  ZZ    -391.905027    345.285399    -46.619628

    Octupole XXX   -3456.156649   3299.436493   -156.720156
    Octupole XXY    -967.001813    933.810313    -33.191500
    Octupole XXZ    -609.944086    596.900486    -13.043600
    Octupole XYY    -144.567253    118.205863    -26.361390
    Octupole XYZ     371.206989   -367.357671      3.849318
    Octupole XZZ     176.753310   -215.951422    -39.198113
    Octupole YYY   -1074.967663   1023.631071    -51.336592
    Octupole YYZ    -231.593779    236.839102      5.245323
    Octupole YZZ      85.559714   -122.358464    -36.798750
    Octupole ZZZ     107.144787   -175.617500    -68.472713


writing orbitals and density to disk ... done.

Total Time taken for Hartree-Fock: 20.74 secs

CD Options
{
  debug             = false
  skip_cd           = [false, 100]
  write_cv          = [false, 5000]
  diagtol           = 1e-06
  itilesize         = 1000
  max_cvecs_factor  = 12
}

- #occupied, #virtual = 98, 344

- Tilesize for the MSO space: 40

-----------------------------------------------------
Begin 2-index transformation ... 

nAO, nMO, nelectrons = 221, 442, 98
n_occ_alpha, n_vir_alpha, n_occ_beta, n_vir_beta = 49,172,49,172

Time taken for Fao->Fmo transform: 0.02 secs

-----------------------------------------------------
Number of AO tiles = 105
# of {all,non-negligible} shell-pairs = {5565,4934}

    Begin Cholesky Decomposition
---------------------------------------------
Total # of mpi ranks used for Cholesky decomposition: 4
  --> Number of nodes, mpi ranks per node: 4, 1
- CPU memory required for computing cholesky vectors: 1.93 GiB

- Time for computing the diagonal: 0.01 secs

- Total number of cholesky vectors = 1638

- Time to compute cholesky vectors: 14.28 secs

- CPU memory required for resizing the ao cholesky tensor: 1.56 GiB
- CPU memory required for ao2mo transformation: 1.69 GiB
- CPU memory required for the 2-step contraction: 2.10 GiB

- Time for ao to mo transform: 1.31 secs

   End Cholesky Decomposition
---------------------------------------------

Total Time taken for Cholesky Decomposition: 18.78 secs

scf_type = restricted
Closed-Shell SCF
QED-HF Enabled
nbf = 203
nbf_orig = 221
n_lindep = 0
focc = 1
nmo = 406
nocc = 62
nvir = 344
n_occ_alpha = 31
n_vir_alpha = 172
n_occ_beta = 31
n_vir_beta = 172
nelectrons = 98
nelectrons_alpha = 49
nelectrons_beta = 49
freeze atomic = true
n_frozen_core = 18
n_frozen_virtual = 0
----------------------------
--------- QED-CCSD --------
lambda_x: 0.0188
lambda_y: 0.0887
lambda_z: 0.0423
omega: 0.066150
coupling_factor_x: 0.003427
coupling_factor_y: 0.016122
coupling_factor_z: 0.007686
----------------------------
# of {all,non-negligible} shell-pairs = {5565,4934}
Number of AO tiles = 105
----------------------------
Electronic dipole expectation value using SCF density: 
dipole_x_elec: -20.30311988
dipole_y_elec: -41.40810511
dipole_z_elec: -1.40016488

d_n/N value: d_n is nuclear dipole moment and N is the total number of electrons 
d_nuc_x: 0.18395041
d_nuc_y: 0.43383241
d_nuc_z: 0.02904672

<d_e+d_n> expectation values: 
dipole_total_x: -2.27597995
dipole_total_y: 1.10747129
dipole_total_z: 1.44641346
----------------------------


 CCSD iterations
------------------------------------------------------------
  Iter     Residuum          Correlation          Time(s)
------------------------------------------------------------
   1     1.1853166341421    0.0000000000000         68.17
   2     0.1695995410814   -1.6503333096210         66.53
   3     0.0711712997037   -1.6256506343078         66.48
   4     0.0255329989130   -1.6987750070064         66.51
   5     0.0228261511742   -1.6885468163999         66.63
 MICROCYCLE DIIS UPDATE:                    6
   6     0.0085617187321   -1.7004065527689         65.85
   7     0.0059452780753   -1.6999498979360         65.69
   8     0.0040101048139   -1.7017660515591         65.54
   9     0.0033040363858   -1.7019237430571         65.55
  10     0.0035388816727   -1.7023541729007         65.53
 MICROCYCLE DIIS UPDATE:                   11
  11     0.0006738765918   -1.7029294290398         65.31
  12     0.0005041024502   -1.7029651076560         65.38
  13     0.0003649079892   -1.7029961759163         65.33
  14     0.0003498321263   -1.7029684535818         65.34
  15     0.0002936780773   -1.7029960933943         65.18
 MICROCYCLE DIIS UPDATE:                   16
  16     0.0001098943074   -1.7029778065162         65.25
  17     0.0000720358127   -1.7029997579304         65.30
  18     0.0000663670332   -1.7030077404880         65.17
  19     0.0000551141011   -1.7030132080549         65.23
  20     0.0000631021068   -1.7030131701487         65.30
 MICROCYCLE DIIS UPDATE:                   21
  21     0.0000196038838   -1.7030207634927         65.66
  22     0.0000143658827   -1.7030195922789         65.58
  23     0.0000109271894   -1.7030192810943         65.79
  24     0.0000105264001   -1.7030182552617         65.78
  25     0.0000093782808   -1.7030186801565         65.78
 MICROCYCLE DIIS UPDATE:                   26
  26     0.0000037748136   -1.7030170737715         65.66
  27     0.0000023340810   -1.7030182695500         65.64
  28     0.0000020661797   -1.7030184440291         65.51
  29     0.0000016893970   -1.7030187448556         65.55
  30     0.0000018470921   -1.7030187025785         65.60
 MICROCYCLE DIIS UPDATE:                   31
  31     0.0000007242693   -1.7030190377185         65.96
------------------------------------------------------------------
 Iterations converged
 CCSD correlation energy / hartree =        -1.703019037718493
 CCSD total energy / hartree       =     -3007.805791594904349

Time taken for spin-orbital canonical QED-CCSD: 2120.20 secs
