
ExaChem Git Information
{
 WARNING: Failed to retrieve the current git state.
}


TAMM Git Information
{
 Branch: main
 Commit Hash: e71357ad [e71357ad54f38748b4a7e175aa6760820d5ce96f]
 Commit Date: 2026-02-02 23:14:56 -0800
 Commit Message: add GitHub Actions workflow for releases
}


date: Tue Aug 11 03:18:40 2026
program: "/global/cfs/cdirs/m3196/heindelj/cavity_qed/software/install_gpu/bin/bin/ExaChem"
nnodes: 1, nproc_per_node: 4, nproc_total: 4, ngpus_per_node: 1, ngpus_total: 1

Memory information
{
[AMD EPYC 7763 64-Core Processor                ] : 
  CPU memory per node (GiB): 251
  Total CPU memory (GiB): 251
[NVIDIA A100-SXM4-80GB, CUDA v12.9] : 
  GPU memory per device (GiB): 79
  GPU memory per node (GiB): 79
  Total GPU memory (GiB): 79
}

------------------------------------------------------------

Input file provided: /global/cfs/cdirs/m4262/heindelj/cavity_qed/mlip/lambda_scans/grid_scans_optimized_geoms/runs_grid_no_freq/para_th9_ph90/para_th9_ph90_qed_ccsd_input.json

{
  "geometry": {
    "coordinates": [
      "C    -0.481448107200    1.240158456400    0.533452041300",
      "C     0.875356661000    1.253499861200    0.650424036100",
      "C     1.530188674400    0.023747005000    0.716433489700",
      "H    -1.046275374800    2.163378986100    0.485806387300",
      "H     1.449124036200    2.168733819200    0.685355737000",
      "N     3.023929543300    0.049749084500    0.881219596800",
      "O     3.551879855900   -1.014593286100    1.061011879400",
      "O     3.540049980400    1.132909797300    0.816327086100",
      "C    -0.442196510000   -1.254510418400    0.517026097600",
      "H    -0.978038544400   -2.193905592800    0.456522220200",
      "C     0.913813755900   -1.226460909800    0.644060206900",
      "H     1.515100228800   -2.123820269100    0.684541993600",
      "C    -1.229350333800   -0.018996930900    0.545313865500",
      "H    -1.664522356000   -0.041690061100    1.559910463600",
      "Br   -2.791692259700   -0.010679063300   -0.571965483200"
    ],
    "units": "angstrom",
    "noorient": true
  },
  "common": {
    "maxiter": 100,
    "debug": false
  },
  "basis": {
    "basisset": "6-311G*"
  },
  "SCF": {
    "charge": 1,
    "multiplicity": 1,
    "lshift": 0,
    "tol_lindep": 1e-10,
    "conve": 1e-07,
    "convd": 1e-05,
    "diis_hist": 10,
    "writem": 10,
    "restart": false,
    "noscf": false,
    "scf_type": "restricted",
    "debug": false,
    "qed_omegas": [
      0.06615
    ],
    "qed_volumes": [],
    "qed_lambdas": [
      0.1
    ],
    "qed_polvecs": [
      [
        9.578848344392363e-18,
        0.15643446504023087,
        0.9876883405951378
      ]
    ],
    "direct_df": false
  },
  "CD": {
    "debug": false,
    "diagtol": 1e-06
  },
  "CC": {
    "threshold": 1e-06,
    "ndiis": 5,
    "ccsd_maxiter": 200,
    "tilesize": 40,
    "freeze": {
      "atomic": true
    },
    "readt": false,
    "writet": true,
    "writet_iter": 5,
    "debug": false,
    "profile_ccsd": false,
    "balance_tiles": true
  },
  "TASK": {
    "scf": false,
    "ccsd": true
  }
}

Output folder & files prefix: para_th9_ph90_qed_ccsd_input.6-311g*

  C (carbon)
  ----------
          Exponent        Coefficients
      ----------------  --------------------
  1 S  4.56324000E+03      0.778202
  1 S  6.82024000E+02      1.448695
  1 S  1.54973000E+02      2.383089
  1 S  4.44553000E+01      3.200089
  1 S  1.30290000E+01      3.013004
  1 S  1.82773000E+00      0.247599

  2 S  2.09642000E+01      0.800629
  2 S  4.80331000E+00      2.127420
  2 S  1.45933000E+00     -0.002868

  3 P  2.09642000E+01      2.573592
  3 P  4.80331000E+00      2.408248
  3 P  1.45933000E+00      1.865281

  4 S  4.83456000E-01      0.413217

  5 P  4.83456000E-01      0.574627

  6 S  1.45585000E-01      0.167976

  7 P  1.45585000E-01      0.128185

  8 D  6.26000000E-01      0.725128


  H (hydrogen)
  ------------
          Exponent        Coefficients
      ----------------  --------------------
  1 S  3.38650000E+01      0.255069
  1 S  5.09479000E+00      0.460109
  1 S  1.15879000E+00      0.678321

  2 S  3.25840000E-01      0.307371

  3 S  1.02741000E-01      0.129336


  N (nitrogen)
  ------------
          Exponent        Coefficients
      ----------------  --------------------
  1 S  6.29348000E+03      0.991968
  1 S  9.49044000E+02      1.823240
  1 S  2.18776000E+02      2.979891
  1 S  6.36916000E+01      4.000007
  1 S  1.88282000E+01      3.881008
  1 S  2.72023000E+00      0.386764

  2 S  3.06331000E+01      1.038501
  2 S  7.02614000E+00      2.834794
  2 S  2.11205000E+00     -0.003208

  3 P  3.06331000E+01      3.935616
  3 P  7.02614000E+00      3.870994
  3 P  2.11205000E+00      2.967271

  4 S  6.84009000E-01      0.536051

  5 P  6.84009000E-01      0.886681

  6 S  2.00878000E-01      0.213850

  7 P  2.00878000E-01      0.191693

  8 D  9.13000000E-01      1.403568


  O (oxygen)
  ----------
          Exponent        Coefficients
      ----------------  --------------------
  1 S  8.58850000E+03      1.205013
  1 S  1.29723000E+03      2.216205
  1 S  2.99296000E+02      3.627452
  1 S  8.73771000E+01      4.888452
  1 S  2.56789000E+01      4.835721
  1 S  3.74004000E+00      0.538229

  2 S  4.21175000E+01      1.341958
  2 S  9.62837000E+00      3.587114
  2 S  2.85332000E+00     -0.005123

  3 P  4.21175000E+01      5.584018
  3 P  9.62837000E+00      5.733366
  3 P  2.85332000E+00      4.332955

  4 S  9.05661000E-01      0.661659

  5 P  9.05661000E-01      1.259352

  6 S  2.55611000E-01      0.256209

  7 P  2.55611000E-01      0.259068

  8 D  1.29200000E+00      2.577026


  Br (bromine)
  ------------
          Exponent        Coefficients
      ----------------  --------------------
  1 S  4.39700000E+05      9.893706
  1 S  6.60300000E+04     18.450679
  1 S  1.51400000E+04     31.049770
  1 S  4.31700000E+03     48.888138
  1 S  1.41400000E+03     64.847798
  1 S  5.23900000E+02     42.245010

  2 S  5.23900000E+02     14.290679
  2 S  2.07700000E+02     24.083128
  2 S  8.65400000E+01      5.132542

  3 S  3.05200000E+01      9.254405

  4 S  1.29800000E+01      4.873782

  5 S  4.41200000E+00      2.169635

  6 S  1.86200000E+00      1.136043

  7 S  3.93200000E-01      0.353892

  8 S  1.40000000E-01      0.163120

  9 P  2.95700000E+03    691.874478
  9 P  7.00300000E+02    925.332763
  9 P  2.24600000E+02   1068.830732

  10 P  8.25900000E+01    122.079275
  10 P  3.31900000E+01     57.580687
  10 P  1.42000000E+01     10.176170

  11 P  1.42000000E+01      3.129736
  11 P  7.43800000E+00      6.538168
  11 P  3.52600000E+00      4.166276

  12 P  1.59500000E+00      2.555000

  13 P  8.46200000E-01      1.156861

  14 P  3.18600000E-01      0.341191

  15 P  1.09600000E-01      0.089888

  16 D  1.34800000E+02    160.709187
  16 D  3.63900000E+01    119.797406
  16 D  1.21600000E+01     55.531619
  16 D  4.34100000E+00     12.984636

  17 D  1.53500000E+00      3.484168

  18 D  4.51000000E-01      0.408525



Printing Internal Coordinates

------------------------------------------------------------
                Bond Lengths

i      j        Length (Angstroms)     Length (Bohr)
0      1          1.3619029406         2.5736235678
0      3          1.0833448652         2.0472250952
0      12         1.4645718599         2.7676397069
1      2          1.3947954334         2.6357813708
1      4          1.0807786186         2.0423755919
2      5          1.5030277285         2.8403107665
2      10         1.3957706697         2.6376243003
5      6          1.2016161947         2.2707255164
5      7          1.2015941383         2.2706838360
8      9          1.0831669764         2.0468889340
8      10         1.3622364997         2.5742539031
8      12         1.4652320355         2.7688872580
10     11         1.0809431147         2.0426864445
12     13         1.1042173355         2.0866683475
12     14         1.9207536603         3.6296983732

Number of Bonds: 15

------------------------------------------------------------
           Bond Angles

i      j      k      Angle (degrees)
0      1      2        117.5907 
0      1      4        122.6814 
0      12     8        116.7730 
0      12     13       103.0830 
0      12     14       114.0127 
1      0      3        120.9875 
1      0      12       121.0963 
1      2      5        117.1626 
1      2      10       125.4467 
2      1      4        119.7262 
2      5      6        115.9593 
2      5      7        115.8839 
2      10     8        117.5720 
2      10     11       119.7357 
3      0      12       117.8254 
5      2      10       117.3906 
6      5      7        128.1567 
8      10     11       122.6916 
8      12     13       102.2471 
8      12     14       115.4293 
9      8      10       121.0312 
9      8      12       117.8146 
10     8      12       121.0378 
13     12     14       102.3571 

Number of Angles: 24

------------------------------------------------------------
              Torsional Angles

i      j      k      l      Angle (degrees)
3      0      1      2        179.4943 
4      1      0      3         -0.9765 
8      10     2      1         -0.9721 
8      12     0      1         -7.5115 
8      12     0      3        175.9213 
9      8      10     2       -179.9588 
9      8      12     0       -175.8849 
10     2      1      0          1.4485 
10     2      1      4       -178.0952 
10     8      12     0          7.9977 
11     10     2      1        178.7185 
11     10     8      9          0.3605 
12     0      1      2          3.0357 
12     0      1      4       -177.4351 
12     8      10     2         -3.9666 
12     8      10     11       176.3527 
13     12     0      1        103.6616 
13     12     0      3        -72.9057 
13     12     8      9         72.4630 
13     12     8      10      -103.6543 
14     12     0      1       -146.2143 
14     12     0      3         37.2184 
14     12     8      9        -37.7608 
14     12     8      10       146.1218 

Number of Torsional Angles: 24


----------------------------------------------------------------------
                          Center of Mass

         x               y               z              Unit
   -0.2663587381  0.009447699068     0.216020901      Angstrom
   -0.5033450663   0.01785356376    0.4082203404          Bohr

----------------------------------------------------------------------
                Moment of Inertia Tensor

           773.483           -40.386          -1052.56
           -40.386           4660.41           4.21796
          -1052.56           4.21796           4816.36

----------------------------------------------------------------------
                      Principal Moments of Inertia

           x                 y                 z                Unit
       144.3581333       1305.018953        1420.98502       amu * ang^2
       515.5122529       4660.307286       5074.429632      amu * bohr^2
  2.3971248355e-38  2.1670364328e-37  2.3596027501e-37          g * cm^2

 - Molecule is an asymmetric top.

----------------------------------------------------------------------

         Rotational constants (MHz)

    A = 3.5009e+03        B = 3.8726e+02        C = 3.5565e+02

----------------------------------------------------------------------

        Rotational constants (cm-1)

    A = 1.1678e-01        B = 1.2918e-02        C = 1.1863e-02

----------------------------------------------------------------------

                                Z-Matrix
C   
C        1       2.5736236
C        2       2.6357814     1       117.59074
H        3      6.34379143     2     22.25252436     1         -0.3695
H        4      4.73068576     3     39.72136714     2          0.0510
N        5      5.00276979     4    126.66618147     3         -1.2264
O        6      2.27072552     5    168.93450709     4        -26.2724
O        7      4.08451093     6     25.92137474     5       -154.5889
C        8      8.79233406     7     60.14198425     6         -1.7316
H        9      2.04688893     8    150.69459987     7         -9.6325
C       10      4.03102318     9     33.17628159     8          2.4894
H       11      2.04268644    10     96.89953733     9       -179.6944
C       12      6.54120302    11     18.67593626    10         -3.9740
H       13      2.08666835    12    105.24883434    11       -105.2790
Br      14      4.55748064    13     51.07557501    12       -140.5017

----------------------------------------------------------------------

             Converted back to Cartesian

C        0.000000      0.000000      0.000000
C        0.000000      0.000000      2.573624
C        0.000000      0.094394     -0.060467
H        0.000005     -0.175762      6.277569
H       -0.000006      0.082871      1.553959
N        0.000102     -0.383127      6.534978
O        0.000929     -0.055604      4.287997
O        0.000718     -0.676613      8.325023
C       -0.005119      0.819025     -0.339166
H        0.000182      0.378725      1.659799
C       -0.011996      1.285529     -2.267885
H        0.000035      0.767756     -0.291947
C       -0.042058      2.461596     -6.609895
H       -0.020093      1.857469     -4.612714
Br      -0.074082      3.244385     -8.953702

----------------------------------------------------------------------
                       Geometry in bohr 

1     C      -0.9098050664    2.3435598353    1.0080782594
2     C       1.6541843518    2.3687714365    1.2291232939
3     C       2.8916375156    0.0448753358    1.3538630830
4     H      -1.9771739107    4.0881937903    0.9180410222
5     H       2.7384475509    4.0983129583    1.2951346417
6     N       5.7143986609    0.0940121447    1.6652636947
7     O       6.7120801598   -1.9173034399    2.0050218684
8     O       6.6897249350    2.1408892423    1.5426346219
9     C      -0.8356302977   -2.3706811129    0.9770377244
10    H      -1.8482249895   -4.1458807165    0.8627019666
11    C       1.7268577287   -2.3176752237    1.2170973996
12    H       2.8631244857   -4.0134386493    1.2935968896
13    C      -2.3231354437   -0.0358989966    1.0304938585
14    H      -3.1454913833   -0.0787827977    2.9478035571
15    Br     -5.2755337986   -0.0201805049   -1.0808581167

 Number of nodes, processes per node used for SCF calculation: 1, 4

Common Options
{
  maxiter       = 100
  basis         = 6-311g* spherical
  geom_units    = angstrom
  ang2au factor = 1.889726126
  debug         = false
  file_prefix   = para_th9_ph90_qed_ccsd_input
}

SCF Options
{
  charge            = 1
  multiplicity      = 1
  level shift       = 0
  tol_int           = 1e-22
  tol_sch           = 1e-12
  tol_lindep        = 1e-10
  conve             = 1e-07
  convd             = 1e-05
  diis_hist         = 10
  AO_tilesize       = 30
  writem            = 10
  damp              = 100
  n_lindep          = 0
  scf_type          = restricted
  cuscf             = false
  qed_omegas        = [0.06615,]
  qed_lambdas       = [0.1,]
  qed_polvecs       = [[9.578848344e-18,0.156434465,0.9876883406,],]
  direct_df         = false
  restart_size      = 2000
  restart           = false
  debug             = false
}

Number of basis functions = 221

Total number of shells = 105

Total number of electrons = 98
  # of alpha electrons    = 49
  # of beta electons      = 49

Nuclear repulsion energy  = 722.218850904595

# of {all,non-negligible} shell-pairs = {5565,4841}
Number of AO tiles = 105

Time for initial setup: 0.02 secs
HF exch = 1.00

Time for computing 1-e integrals T, V, S: 0.01 secs
Time for computing orthogonalizer: 0.01 secs

Superposition of Atomic Density Guess ...
Time taken for SAD: 0.39 secs
Total Time to compute initial guess: 0.39 secs


 SCF iterations
-----------------------------------------------------------------------------
 Iter     Energy            E-Diff       RMSD        |[F,P]|^2       Time(s)
-----------------------------------------------------------------------------
   1  -3011.6978327748    -3.01e+03     1.70e-02     1.50e+03         0.6 
   2  -3005.8344319587     5.86e+00     6.77e-03     7.53e+00         2.0 
   3  -3006.0066925078    -1.72e-01     2.80e-03     3.91e+00         2.0 
   4  -3006.1171409391    -1.10e-01     1.18e-03     1.01e-01         2.0 
   5  -3006.1224863933    -5.35e-03     2.57e-04     1.20e-02         2.0 
   6  -3006.1230652545    -5.79e-04     1.75e-04     1.21e-03         2.0 
   7  -3006.1231933915    -1.28e-04     8.07e-05     1.86e-04         2.1 
   8  -3006.1232189973    -2.56e-05     2.86e-05     3.06e-05         2.0 
   9  -3006.1232231732    -4.18e-06     1.10e-05     4.98e-06         2.1 
  10  -3006.1232238060    -6.33e-07     3.70e-06     1.00e-06         2.1 
  11  -3006.1232238845    -7.85e-08     1.72e-06     1.78e-07         2.1 

** Total SCF energy = -3006.1232238844773

Nuclear repulsion energy = 722.218850904595342
#electrons        = 98
1e energy kinetic = 3006.1467484633676577
1e energy N-e     = -8597.6461839289640920
1e energy         = -5590.5162351061044319
2e energy         = 1862.9822860208371367
QED energy        = 0.1750746556878692
QED eT energy     = 0.1489070813018303
QED eT energy from matrix = 0.1489070813018290

 Polarizability Matrix (QED energy = 0.5 * lambda.dot(matrix * lambda))
[43.75081218, -0.01959984,  1.64952837]
[-0.01959984, 43.69601005, -0.59126110]
[ 1.64952837, -0.59126110, 34.98445391]

 Polarizability Matrix (QED eT energy = 0.5 * lambda.dot(matrix * lambda))
[40.52668231, -0.01807423,  2.16920644]
[-0.01807423, 40.46200522, -0.69785707]
[ 2.16920644, -0.69785707, 29.73454635]


                      Electron        Nuclear        Total  
                  ------------------------------------------
    Monopole         -98.000000     99.000000      1.000000

      Dipole   X      24.317175    -25.573117     -1.255943
      Dipole   Y      -1.904824      1.886566     -0.018258
      Dipole   Z     -49.218891     50.419503      1.200612

  Quadrupole  XX   -2129.710630   2080.043293    -49.667337
  Quadrupole  XY     -18.767123     18.537477     -0.229646
  Quadrupole  XZ    -476.028633    474.508889     -1.519744
  Quadrupole  YY    -306.725622    265.553921    -41.171701
  Quadrupole  YZ       1.821371     -1.449257      0.372114
  Quadrupole  ZZ    -219.464173    172.273207    -47.190966

    Octupole XXX   -1234.187288   1100.249792   -133.937496
    Octupole XXY     -78.688314     76.375682     -2.312632
    Octupole XXZ    -866.453297    811.090962    -55.362335
    Octupole XYY    -547.757060    523.449191    -24.307869
    Octupole XYZ      29.897678    -27.891870      2.005808
    Octupole XZZ    -276.197178    254.457678    -21.739499
    Octupole YYY     -29.511012     25.714059     -3.796952
    Octupole YYZ    -362.144611    335.194276    -26.950335
    Octupole YZZ      18.434160    -18.222825      0.211336
    Octupole ZZZ    -267.566047    168.506840    -99.059207

writing orbitals and density to disk ... done.

Total Time taken for Hartree-Fock: 23.80 secs

CD Options
{
  debug             = false
  skip_cd           = [false, 100]
  write_cv          = [false, 5000]
  diagtol           = 1e-06
  itilesize         = 1000
  max_cvecs_factor  = 12
}

- #occupied, #virtual = 98, 344

- Tilesize for the MSO space: 40

-----------------------------------------------------
Begin 2-index transformation ... 

nAO, nMO, nelectrons = 221, 442, 98
n_occ_alpha, n_vir_alpha, n_occ_beta, n_vir_beta = 49,172,49,172

Time taken for Fao->Fmo transform: 0.00 secs

-----------------------------------------------------
Number of AO tiles = 105
# of {all,non-negligible} shell-pairs = {5565,4841}

    Begin Cholesky Decomposition
---------------------------------------------
Total # of mpi ranks used for Cholesky decomposition: 4
  --> Number of nodes, mpi ranks per node: 1, 4
- CPU memory required for computing cholesky vectors: 1.93 GiB

- Time for computing the diagonal: 0.01 secs

- Total number of cholesky vectors = 1646

- Time to compute cholesky vectors: 15.21 secs

- CPU memory required for resizing the ao cholesky tensor: 1.56 GiB
- CPU memory required for ao2mo transformation: 1.70 GiB
- CPU memory required for the 2-step contraction: 2.11 GiB

- Time for ao to mo transform: 1.65 secs

   End Cholesky Decomposition
---------------------------------------------

Total Time taken for Cholesky Decomposition: 19.34 secs

scf_type = restricted
Closed-Shell SCF
QED-HF Enabled
nbf = 203
nbf_orig = 221
n_lindep = 0
focc = 1
nmo = 406
nocc = 62
nvir = 344
n_occ_alpha = 31
n_vir_alpha = 172
n_occ_beta = 31
n_vir_beta = 172
nelectrons = 98
nelectrons_alpha = 49
nelectrons_beta = 49
freeze atomic = true
n_frozen_core = 18
n_frozen_virtual = 0
----------------------------
--------- QED-CCSD --------
lambda_x: 0.0000
lambda_y: 0.0156
lambda_z: 0.0988
omega: 0.066150
coupling_factor_x: 0.000000
coupling_factor_y: 0.002845
coupling_factor_z: 0.017963
----------------------------
# of {all,non-negligible} shell-pairs = {5565,4841}
Number of AO tiles = 105
----------------------------
Electronic dipole expectation value using SCF density: 
dipole_x_elec: 24.31745222
dipole_y_elec: -1.90454447
dipole_z_elec: -49.21879848

d_n/N value: d_n is nuclear dipole moment and N is the total number of electrons 
d_nuc_x: -0.26095017
d_nuc_y: 0.01925067
d_nuc_z: 0.51448473

<d_e+d_n> expectation values: 
dipole_total_x: -1.25566486
dipole_total_y: -0.01797848
dipole_total_z: 1.20070501
----------------------------


 CCSD iterations
------------------------------------------------------------
  Iter     Residuum          Correlation          Time(s)
------------------------------------------------------------
   1     1.1860687539970    0.0000000000000         87.98
   2     0.1662733534522   -1.6943932224475         86.61
   3     0.0659152617880   -1.6276774123617         87.00
   4     0.0193917020379   -1.6980070211259         86.26
   5     0.0141890777995   -1.6885332634660         86.19
 MICROCYCLE DIIS UPDATE:                    6
   6     0.0057773409492   -1.6973752104151         85.29
   7     0.0030037476675   -1.6972797751196         85.22
   8     0.0019139082347   -1.6980459034414         85.62
   9     0.0010999005058   -1.6981007845681         85.20
  10     0.0009222952583   -1.6982944132976         84.98
 MICROCYCLE DIIS UPDATE:                   11
  11     0.0003000309070   -1.6984502444199         85.59
  12     0.0002415251281   -1.6985245498157         85.06
  13     0.0001623582799   -1.6985118002671         84.97
  14     0.0001449325867   -1.6985104514612         85.04
  15     0.0001057020169   -1.6985103115759         85.03
 MICROCYCLE DIIS UPDATE:                   16
  16     0.0000379245804   -1.6984929835426         85.48
  17     0.0000201304211   -1.6985106341985         85.04
  18     0.0000159562498   -1.6985115731756         85.04
  19     0.0000114630438   -1.6985135462155         85.00
  20     0.0000108539795   -1.6985137728454         85.01
 MICROCYCLE DIIS UPDATE:                   21
  21     0.0000047654973   -1.6985143447024         85.21
  22     0.0000037631498   -1.6985150450606         85.10
  23     0.0000025648923   -1.6985149521452         86.06
  24     0.0000023813441   -1.6985147834862         85.89
  25     0.0000017160726   -1.6985148017451         85.11
 MICROCYCLE DIIS UPDATE:                   26
  26     0.0000007544416   -1.6985143621629         85.36
------------------------------------------------------------------
 Iterations converged
 CCSD correlation energy / hartree =        -1.698514362162863
 CCSD total energy / hartree       =     -3007.821738246640052

Time taken for spin-orbital canonical QED-CCSD: 2287.54 secs
