
ExaChem Git Information
{
 WARNING: Failed to retrieve the current git state.
}


TAMM Git Information
{
 Branch: main
 Commit Hash: e71357ad [e71357ad54f38748b4a7e175aa6760820d5ce96f]
 Commit Date: 2026-02-02 23:14:56 -0800
 Commit Message: add GitHub Actions workflow for releases
}


date: Sun Aug  9 14:23:46 2026
program: "/global/cfs/cdirs/m3196/heindelj/cavity_qed/software/install_gpu/bin/bin/ExaChem"
nnodes: 1, nproc_per_node: 4, nproc_total: 4, ngpus_per_node: 1, ngpus_total: 1

Memory information
{
[AMD EPYC 7763 64-Core Processor                ] : 
  CPU memory per node (GiB): 251
  Total CPU memory (GiB): 251
[NVIDIA A100-SXM4-80GB, CUDA v12.9] : 
  GPU memory per device (GiB): 79
  GPU memory per node (GiB): 79
  Total GPU memory (GiB): 79
}

------------------------------------------------------------

Input file provided: /global/cfs/cdirs/m4262/heindelj/cavity_qed/mlip/lambda_scans/grid_scans_optimized_geoms/runs_grid_no_freq/meta_th9_ph306/meta_th9_ph306_qed_ccsd_input.json

{
  "geometry": {
    "coordinates": [
      "C    -0.916664083600    2.030074851300    0.746561375500",
      "C     0.481835268100    1.961959092400    0.776968487500",
      "C     1.157701610100    0.741536506400    0.645088301400",
      "C     0.492861107200   -0.426131500100    0.489782513300",
      "C    -1.632038945900    0.879592148900    0.603867416400",
      "H    -1.410226389900    2.988694557800    0.825666317500",
      "H     1.078457154100    2.859481988400    0.901839797700",
      "H     1.031833129500   -1.360068453200    0.378495989200",
      "H    -2.715125919900    0.892370195100    0.577502902100",
      "N     2.646729849500    0.741647535700    0.662303359200",
      "O     3.177502762200   -0.325250298800    0.509082117300",
      "O     3.172248178400    1.811190346100    0.827058630000",
      "C    -0.971582401000   -0.431395319000    0.559070668100",
      "H    -1.171526870800   -0.844033101900    1.561048226600",
      "Br   -1.813837708300   -1.718069539200   -0.592878382600"
    ],
    "units": "angstrom",
    "noorient": true
  },
  "common": {
    "maxiter": 100,
    "debug": false
  },
  "basis": {
    "basisset": "6-311G*"
  },
  "SCF": {
    "charge": 1,
    "multiplicity": 1,
    "lshift": 0,
    "tol_lindep": 1e-10,
    "conve": 1e-07,
    "convd": 1e-05,
    "diis_hist": 10,
    "writem": 10,
    "restart": false,
    "noscf": false,
    "scf_type": "restricted",
    "debug": false,
    "qed_omegas": [
      0.06615
    ],
    "qed_volumes": [],
    "qed_lambdas": [
      0.1
    ],
    "qed_polvecs": [
      [
        0.09194987150091014,
        -0.12655814072350038,
        0.9876883405951378
      ]
    ],
    "direct_df": false
  },
  "CD": {
    "debug": false,
    "diagtol": 1e-06
  },
  "CC": {
    "threshold": 1e-06,
    "ndiis": 5,
    "ccsd_maxiter": 200,
    "tilesize": 40,
    "freeze": {
      "atomic": true
    },
    "readt": false,
    "writet": true,
    "writet_iter": 5,
    "debug": false,
    "profile_ccsd": false,
    "balance_tiles": true
  },
  "TASK": {
    "scf": false,
    "ccsd": true
  }
}

Output folder & files prefix: meta_th9_ph306_qed_ccsd_input.6-311g*

  C (carbon)
  ----------
          Exponent        Coefficients
      ----------------  --------------------
  1 S  4.56324000E+03      0.778202
  1 S  6.82024000E+02      1.448695
  1 S  1.54973000E+02      2.383089
  1 S  4.44553000E+01      3.200089
  1 S  1.30290000E+01      3.013004
  1 S  1.82773000E+00      0.247599

  2 S  2.09642000E+01      0.800629
  2 S  4.80331000E+00      2.127420
  2 S  1.45933000E+00     -0.002868

  3 P  2.09642000E+01      2.573592
  3 P  4.80331000E+00      2.408248
  3 P  1.45933000E+00      1.865281

  4 S  4.83456000E-01      0.413217

  5 P  4.83456000E-01      0.574627

  6 S  1.45585000E-01      0.167976

  7 P  1.45585000E-01      0.128185

  8 D  6.26000000E-01      0.725128


  H (hydrogen)
  ------------
          Exponent        Coefficients
      ----------------  --------------------
  1 S  3.38650000E+01      0.255069
  1 S  5.09479000E+00      0.460109
  1 S  1.15879000E+00      0.678321

  2 S  3.25840000E-01      0.307371

  3 S  1.02741000E-01      0.129336


  N (nitrogen)
  ------------
          Exponent        Coefficients
      ----------------  --------------------
  1 S  6.29348000E+03      0.991968
  1 S  9.49044000E+02      1.823240
  1 S  2.18776000E+02      2.979891
  1 S  6.36916000E+01      4.000007
  1 S  1.88282000E+01      3.881008
  1 S  2.72023000E+00      0.386764

  2 S  3.06331000E+01      1.038501
  2 S  7.02614000E+00      2.834794
  2 S  2.11205000E+00     -0.003208

  3 P  3.06331000E+01      3.935616
  3 P  7.02614000E+00      3.870994
  3 P  2.11205000E+00      2.967271

  4 S  6.84009000E-01      0.536051

  5 P  6.84009000E-01      0.886681

  6 S  2.00878000E-01      0.213850

  7 P  2.00878000E-01      0.191693

  8 D  9.13000000E-01      1.403568


  O (oxygen)
  ----------
          Exponent        Coefficients
      ----------------  --------------------
  1 S  8.58850000E+03      1.205013
  1 S  1.29723000E+03      2.216205
  1 S  2.99296000E+02      3.627452
  1 S  8.73771000E+01      4.888452
  1 S  2.56789000E+01      4.835721
  1 S  3.74004000E+00      0.538229

  2 S  4.21175000E+01      1.341958
  2 S  9.62837000E+00      3.587114
  2 S  2.85332000E+00     -0.005123

  3 P  4.21175000E+01      5.584018
  3 P  9.62837000E+00      5.733366
  3 P  2.85332000E+00      4.332955

  4 S  9.05661000E-01      0.661659

  5 P  9.05661000E-01      1.259352

  6 S  2.55611000E-01      0.256209

  7 P  2.55611000E-01      0.259068

  8 D  1.29200000E+00      2.577026


  Br (bromine)
  ------------
          Exponent        Coefficients
      ----------------  --------------------
  1 S  4.39700000E+05      9.893706
  1 S  6.60300000E+04     18.450679
  1 S  1.51400000E+04     31.049770
  1 S  4.31700000E+03     48.888138
  1 S  1.41400000E+03     64.847798
  1 S  5.23900000E+02     42.245010

  2 S  5.23900000E+02     14.290679
  2 S  2.07700000E+02     24.083128
  2 S  8.65400000E+01      5.132542

  3 S  3.05200000E+01      9.254405

  4 S  1.29800000E+01      4.873782

  5 S  4.41200000E+00      2.169635

  6 S  1.86200000E+00      1.136043

  7 S  3.93200000E-01      0.353892

  8 S  1.40000000E-01      0.163120

  9 P  2.95700000E+03    691.874478
  9 P  7.00300000E+02    925.332763
  9 P  2.24600000E+02   1068.830732

  10 P  8.25900000E+01    122.079275
  10 P  3.31900000E+01     57.580687
  10 P  1.42000000E+01     10.176170

  11 P  1.42000000E+01      3.129736
  11 P  7.43800000E+00      6.538168
  11 P  3.52600000E+00      4.166276

  12 P  1.59500000E+00      2.555000

  13 P  8.46200000E-01      1.156861

  14 P  3.18600000E-01      0.341191

  15 P  1.09600000E-01      0.089888

  16 D  1.34800000E+02    160.709187
  16 D  3.63900000E+01    119.797406
  16 D  1.21600000E+01     55.531619
  16 D  4.34100000E+00     12.984636

  17 D  1.53500000E+00      3.484168

  18 D  4.51000000E-01      0.408525



Printing Internal Coordinates

------------------------------------------------------------
                Bond Lengths

i      j        Length (Angstroms)     Length (Bohr)
0      1          1.4004873387         2.6465375129
0      4          1.3622529898         2.5742850648
0      5          1.0811165912         2.0430142675
1      2          1.4012918983         2.6480579102
1      6          1.0849414122         2.0502421316
2      3          1.3526201815         2.5560816955
2      9          1.4891277542         2.8140436219
3      7          1.0840266434         2.0485134692
3      12         1.4660911789         2.7705108038
4      8          1.0834831606         2.0474864356
4      12         1.4686380553         2.7753237025
9      10         1.2014439742         2.2704000668
9      11         1.2030110708         2.2733614503
12     13         1.1019105039         2.0823090676
12     14         1.9214346637         3.6309852833

Number of Bonds: 15

------------------------------------------------------------
           Bond Angles

i      j      k      Angle (degrees)
0      1      2        121.4630 
0      1      6        120.7568 
0      4      8        121.1672 
0      4      12       121.3941 
1      0      4        119.0514 
1      0      5        119.8294 
1      2      3        121.7071 
1      2      9        118.7593 
2      1      6        117.7801 
2      3      7        120.7402 
2      3      12       119.2513 
2      9      10       116.1172 
2      9      11       116.0054 
3      2      9        119.5300 
3      12     4        116.5794 
3      12     13       103.0363 
3      12     14       114.3258 
4      0      5        121.1161 
4      12     13       102.9994 
4      12     14       114.7664 
7      3      12       119.8938 
8      4      12       117.3437 
10     9      11       127.8773 
13     12     14       102.4068 

Number of Angles: 24

------------------------------------------------------------
              Torsional Angles

i      j      k      l      Angle (degrees)
3      2      1      0         -0.3593 
4      0      1      2          0.9149 
5      0      1      2       -178.4531 
6      1      0      4       -179.2357 
6      1      0      5          1.3963 
6      1      2      3        179.7870 
7      3      2      1        179.3379 
8      4      0      1        179.9095 
8      4      0      5         -0.7309 
12     3      2      1         -4.5596 
13     12     3      2       -103.4586 
13     12     3      7         72.6775 
14     12     3      2        146.2565 
14     12     3      7        -37.6074 

Number of Torsional Angles: 14


----------------------------------------------------------------------
                          Center of Mass

         x               y               z              Unit
   -0.1290755754   -0.2045332158    0.1645678366      Angstrom
    -0.243917487   -0.3865117616    0.3109881402          Bohr

----------------------------------------------------------------------
                Moment of Inertia Tensor

           1799.94          -1168.24          -604.253
          -1168.24           3022.94          -583.433
          -604.253          -583.433           4264.38

----------------------------------------------------------------------
                      Principal Moments of Inertia

           x                 y                 z                Unit
       250.1006641        1032.87777       1261.713293       amu * ang^2
       893.1256857        3688.47348       4505.659969      amu * bohr^2
  4.1530220674e-38  1.7151350590e-37  2.0951256445e-37          g * cm^2

 - Molecule is an asymmetric top.

----------------------------------------------------------------------

         Rotational constants (MHz)

    A = 2.0207e+03        B = 4.8929e+02        C = 4.0055e+02

----------------------------------------------------------------------

        Rotational constants (cm-1)

    A = 6.7403e-02        B = 1.6321e-02        C = 1.3361e-02

----------------------------------------------------------------------

                                Z-Matrix
C   
C        1       2.6465375
C        2       2.6480579     1       121.46301
C        3      2.55608170     2    121.70709286     1         -0.3593
C        4      4.71793501     3     87.79974268     2         -0.0939
H        5      4.02946534     4    115.69130294     3          1.1361
H        6      4.71146435     5     93.19603521     4         -1.4668
H        7      8.03537425     6     92.10457547     5          1.2583
H        8      8.27017772     7     59.53949964     6         -0.8933
N        9     10.13770801     8     29.60262981     7          0.2312
O       10      2.27040007     9    117.67675804     8          1.8754
O       11      4.08177138    10     26.07959788     9        179.3954
C       12      8.91829410    11     61.56030885    10          1.4961
H       13      2.08230907    12    106.59684464    11         83.1806
Br      14      4.55729808    13     51.09008169    12       -148.5556

----------------------------------------------------------------------

             Converted back to Cartesian

C        0.000000      0.000000      0.000000
C        0.000000      0.000000      2.646538
C        0.000000      0.097955      0.000292
C        0.000010     -0.091211      2.549364
C       -0.000019      0.383642     -2.144613
H       -0.000032     -0.162920      1.847612
H        0.000078      0.608393     -2.800288
H       -0.000356     -0.928933      5.086655
H        0.000296      0.800270     -3.000724
N       -0.000634     -1.408722      6.893389
O       -0.000356     -0.834910      4.696697
O       -0.002656     -1.897813      8.637647
C        0.011569      0.585339      0.072035
H        0.002822     -0.058858      2.052172
Br       0.030842      1.417748     -2.259187

----------------------------------------------------------------------
                       Geometry in bohr 

1     C      -1.7322440675    3.8362854840    1.4107965359
2     C       0.9105366945    3.7075653549    1.4682576498
3     C       2.1877389786    1.4013009095    1.2190402167
4     C       0.9313725107   -0.8052718288    0.9255548114
5     C      -3.0841066346    1.6621882639    1.1411440334
6     H      -2.6649416524    5.6478141882    1.5602832115
7     H       2.0379886598    5.4036378200    1.7042302271
8     H       1.9498820224   -2.5701568890    0.7152537593
9     H      -5.1308443860    1.6863352717    1.0913223219
10    N       5.0015945448    1.4015107244    1.2515719612
11    O       6.0046099849   -0.6146339871    0.9620257773
12    O       5.9946802606    3.4226537160    1.5629143008
13    C      -1.8360246466   -0.8152190049    1.0564904477
14    H      -2.2138649350   -1.5949914038    2.9499536176
15    Br     -3.4276565055   -3.2466808944   -1.1203777691

 Number of nodes, processes per node used for SCF calculation: 1, 4

Common Options
{
  maxiter       = 100
  basis         = 6-311g* spherical
  geom_units    = angstrom
  ang2au factor = 1.889726126
  debug         = false
  file_prefix   = meta_th9_ph306_qed_ccsd_input
}

SCF Options
{
  charge            = 1
  multiplicity      = 1
  level shift       = 0
  tol_int           = 1e-22
  tol_sch           = 1e-12
  tol_lindep        = 1e-10
  conve             = 1e-07
  convd             = 1e-05
  diis_hist         = 10
  AO_tilesize       = 30
  writem            = 10
  damp              = 100
  n_lindep          = 0
  scf_type          = restricted
  cuscf             = false
  qed_omegas        = [0.06615,]
  qed_lambdas       = [0.1,]
  qed_polvecs       = [[0.0919498715,-0.1265581407,0.9876883406,],]
  direct_df         = false
  restart_size      = 2000
  restart           = false
  debug             = false
}

Number of basis functions = 221

Total number of shells = 105

Total number of electrons = 98
  # of alpha electrons    = 49
  # of beta electons      = 49

Nuclear repulsion energy  = 730.634945508879

# of {all,non-negligible} shell-pairs = {5565,4865}
Number of AO tiles = 105

Time for initial setup: 0.08 secs
HF exch = 1.00

Time for computing 1-e integrals T, V, S: 0.01 secs
Time for computing orthogonalizer: 0.10 secs

Superposition of Atomic Density Guess ...
Time taken for SAD: 0.44 secs
Total Time to compute initial guess: 0.44 secs


 SCF iterations
-----------------------------------------------------------------------------
 Iter     Energy            E-Diff       RMSD        |[F,P]|^2       Time(s)
-----------------------------------------------------------------------------
   1  -3011.6918222342    -3.01e+03     1.71e-02     1.50e+03         0.6 
   2  -3005.8459230744     5.85e+00     6.97e-03     7.29e+00         2.1 
   3  -3006.0213463362    -1.75e-01     2.88e-03     3.72e+00         2.1 
   4  -3006.1283441449    -1.07e-01     1.17e-03     9.82e-02         2.1 
   5  -3006.1344308215    -6.09e-03     2.51e-04     8.45e-03         2.1 
   6  -3006.1349711734    -5.40e-04     1.86e-04     1.49e-03         2.0 
   7  -3006.1351434393    -1.72e-04     7.85e-05     2.60e-04         2.1 
   8  -3006.1351740264    -3.06e-05     2.74e-05     3.85e-05         2.1 
   9  -3006.1351784510    -4.42e-06     1.08e-05     4.17e-06         2.1 
  10  -3006.1351789755    -5.24e-07     3.66e-06     4.01e-07         2.1 
  11  -3006.1351790246    -4.91e-08     1.14e-06     5.87e-08         2.1 

** Total SCF energy = -3006.1351790245853

Nuclear repulsion energy = 730.634945508879014
#electrons        = 98
1e energy kinetic = 3006.1660777832480562
1e energy N-e     = -8614.6709763833314355
1e energy         = -5607.6511046983978304
2e energy         = 1871.5609061839547849
QED energy        = 0.1738678826664173
QED eT energy     = 0.1472435507516527
QED eT energy from matrix = 0.1472435507516455

 Polarizability Matrix (QED energy = 0.5 * lambda.dot(matrix * lambda))
[41.35620323,  1.68515865,  0.70962878]
[ 1.68515865, 45.11806896,  2.14933783]
[ 0.70962878,  2.14933783, 35.00557287]

 Polarizability Matrix (QED eT energy = 0.5 * lambda.dot(matrix * lambda))
[37.70186090,  1.95879612,  0.94709810]
[ 1.95879612, 42.24508694,  2.74697469]
[ 0.94709810,  2.74697469, 29.74144210]


                      Electron        Nuclear        Total  
                  ------------------------------------------
    Monopole         -98.000000     99.000000      1.000000

      Dipole   X       8.623961    -10.720637     -2.096676
      Dipole   Y      20.166098    -18.865364      1.300734
      Dipole   Z     -39.715873     41.096048      1.380175

  Quadrupole  XX   -1393.134708   1342.733649    -50.401059
  Quadrupole  XY    -533.276430    531.510967     -1.765463
  Quadrupole  XZ    -272.098173    269.751433     -2.346740
  Quadrupole  YY    -797.394794    759.527736    -37.867058
  Quadrupole  YZ    -265.256580    268.099669      2.843089
  Quadrupole  ZZ    -197.474872    151.031209    -46.443663

    Octupole XXX   -2727.828504   2600.646257   -127.182247
    Octupole XXY     -24.162244      8.339973    -15.822272
    Octupole XXZ    -744.750116    708.355356    -36.394760
    Octupole XYY     723.305270   -755.609314    -32.304044
    Octupole XYZ     177.977862   -188.028078    -10.050216
    Octupole XZZ     -33.061979     19.901272    -13.160707
    Octupole YYY    -138.058751    144.280451      6.221700
    Octupole YYZ    -175.674821    154.874289    -20.800532
    Octupole YZZ     -75.519963     60.972439    -14.547524
    Octupole ZZZ    -191.690534    105.708356    -85.982178

writing orbitals and density to disk ... done.

Total Time taken for Hartree-Fock: 23.14 secs

CD Options
{
  debug             = false
  skip_cd           = [false, 100]
  write_cv          = [false, 5000]
  diagtol           = 1e-06
  itilesize         = 1000
  max_cvecs_factor  = 12
}

- #occupied, #virtual = 98, 344

- Tilesize for the MSO space: 40

-----------------------------------------------------
Begin 2-index transformation ... 

nAO, nMO, nelectrons = 221, 442, 98
n_occ_alpha, n_vir_alpha, n_occ_beta, n_vir_beta = 49,172,49,172

Time taken for Fao->Fmo transform: 0.00 secs

-----------------------------------------------------
Number of AO tiles = 105
# of {all,non-negligible} shell-pairs = {5565,4865}

    Begin Cholesky Decomposition
---------------------------------------------
Total # of mpi ranks used for Cholesky decomposition: 4
  --> Number of nodes, mpi ranks per node: 1, 4
- CPU memory required for computing cholesky vectors: 1.93 GiB

- Time for computing the diagonal: 0.01 secs

- Total number of cholesky vectors = 1644

- Time to compute cholesky vectors: 14.19 secs

- CPU memory required for resizing the ao cholesky tensor: 1.56 GiB
- CPU memory required for ao2mo transformation: 1.70 GiB
- CPU memory required for the 2-step contraction: 2.11 GiB

- Time for ao to mo transform: 1.63 secs

   End Cholesky Decomposition
---------------------------------------------

Total Time taken for Cholesky Decomposition: 17.86 secs

scf_type = restricted
Closed-Shell SCF
QED-HF Enabled
nbf = 203
nbf_orig = 221
n_lindep = 0
focc = 1
nmo = 406
nocc = 62
nvir = 344
n_occ_alpha = 31
n_vir_alpha = 172
n_occ_beta = 31
n_vir_beta = 172
nelectrons = 98
nelectrons_alpha = 49
nelectrons_beta = 49
freeze atomic = true
n_frozen_core = 18
n_frozen_virtual = 0
----------------------------
--------- QED-CCSD --------
lambda_x: 0.0092
lambda_y: -0.0127
lambda_z: 0.0988
omega: 0.066150
coupling_factor_x: 0.001672
coupling_factor_y: -0.002302
coupling_factor_z: 0.017963
----------------------------
# of {all,non-negligible} shell-pairs = {5565,4865}
Number of AO tiles = 105
----------------------------
Electronic dipole expectation value using SCF density: 
dipole_x_elec: 8.62401255
dipole_y_elec: 20.16633162
dipole_z_elec: -39.71584402

d_n/N value: d_n is nuclear dipole moment and N is the total number of electrons 
d_nuc_x: -0.10939426
d_nuc_y: -0.19250372
d_nuc_z: 0.41934743

<d_e+d_n> expectation values: 
dipole_total_x: -2.09662465
dipole_total_y: 1.30096728
dipole_total_z: 1.38020373
----------------------------


 CCSD iterations
------------------------------------------------------------
  Iter     Residuum          Correlation          Time(s)
------------------------------------------------------------
   1     1.1854538076336    0.0000000000000         86.14
   2     0.1646056599343   -1.6830043770644         84.87
   3     0.0657833853646   -1.6211266857436         84.79
   4     0.0188075337535   -1.6894267247012         84.79
   5     0.0147079575385   -1.6811377348318         84.77
 MICROCYCLE DIIS UPDATE:                    6
   6     0.0062686696962   -1.6897568426443         83.53
   7     0.0035312290441   -1.6896827237045         83.80
   8     0.0022611391859   -1.6905888642911         83.60
   9     0.0014105815540   -1.6906553772102         83.65
  10     0.0010964061836   -1.6909035178193         83.70
 MICROCYCLE DIIS UPDATE:                   11
  11     0.0003191401970   -1.6911155521795         83.57
  12     0.0002364766026   -1.6912248559291         83.61
  13     0.0001529035420   -1.6911960488299         83.81
  14     0.0001282711616   -1.6912001646630         83.66
  15     0.0000900770311   -1.6911965240850         83.55
 MICROCYCLE DIIS UPDATE:                   16
  16     0.0000331273114   -1.6911844408349         83.53
  17     0.0000205918582   -1.6911979033827         83.67
  18     0.0000144559757   -1.6912005096802         83.54
  19     0.0000107621361   -1.6912012964374         83.57
  20     0.0000087055336   -1.6912019185842         83.69
 MICROCYCLE DIIS UPDATE:                   21
  21     0.0000035461536   -1.6912022924295         83.68
  22     0.0000024671851   -1.6912031135874         83.56
  23     0.0000016354735   -1.6912028538215         83.67
  24     0.0000013449494   -1.6912027795498         83.71
  25     0.0000009750299   -1.6912027481506         83.65
------------------------------------------------------------------
 Iterations converged
 CCSD correlation energy / hartree =        -1.691202748150554
 CCSD total energy / hartree       =     -3007.826381772736113

Time taken for spin-orbital canonical QED-CCSD: 2147.93 secs
