
ExaChem Git Information
{
 WARNING: Failed to retrieve the current git state.
}


TAMM Git Information
{
 Branch: main
 Commit Hash: e71357ad [e71357ad54f38748b4a7e175aa6760820d5ce96f]
 Commit Date: 2026-02-02 23:14:56 -0800
 Commit Message: add GitHub Actions workflow for releases
}


date: Fri Aug  7 15:19:25 2026
program: "/global/cfs/cdirs/m3196/heindelj/cavity_qed/software/install_gpu/bin/bin/ExaChem"
nnodes: 1, nproc_per_node: 4, nproc_total: 4, ngpus_per_node: 1, ngpus_total: 1

Memory information
{
[AMD EPYC 7763 64-Core Processor                ] : 
  CPU memory per node (GiB): 251
  Total CPU memory (GiB): 251
[NVIDIA A100-SXM4-40GB, CUDA v12.9] : 
  GPU memory per device (GiB): 39
  GPU memory per node (GiB): 39
  Total GPU memory (GiB): 39
}

------------------------------------------------------------

Input file provided: /global/cfs/cdirs/m4262/heindelj/cavity_qed/mlip/lambda_scans/grid_scans_optimized_geoms/runs_grid_no_freq/para_th27_ph234/para_th27_ph234_qed_ccsd_input.json

{
  "geometry": {
    "coordinates": [
      "C    -0.470070375500    1.247109180200    0.449599722300",
      "C     0.884202746200    1.253007121600    0.601048861100",
      "C     1.530526866600    0.021740791600    0.718649358500",
      "H    -1.027835253600    2.170370451900    0.353307873700",
      "H     1.462855724700    2.164244805900    0.623106196200",
      "N     3.018207117300    0.034155338200    0.904421507900",
      "O     3.581935273900   -1.007562603300    0.702486483200",
      "O     3.492485062700    1.082985688800    1.248797358200",
      "C    -0.447649434800   -1.242826754000    0.539820247800",
      "H    -0.990087546200   -2.178364700300    0.511556700000",
      "C     0.906854114700   -1.224218517000    0.669214501200",
      "H     1.503082303700   -2.124136175700    0.716544154500",
      "C    -1.226236700300   -0.003340220900    0.539060942800",
      "H    -1.601588897700    0.050896529100    1.575821944100",
      "Br   -2.850761703100   -0.096540458000   -0.487996173700"
    ],
    "units": "angstrom",
    "noorient": true
  },
  "common": {
    "maxiter": 100,
    "debug": false
  },
  "basis": {
    "basisset": "6-311G*"
  },
  "SCF": {
    "charge": 1,
    "multiplicity": 1,
    "lshift": 0,
    "tol_lindep": 1e-10,
    "conve": 1e-07,
    "convd": 1e-05,
    "diis_hist": 10,
    "writem": 10,
    "restart": false,
    "noscf": false,
    "scf_type": "restricted",
    "debug": false,
    "qed_omegas": [
      0.06615
    ],
    "qed_volumes": [],
    "qed_lambdas": [
      0.1
    ],
    "qed_polvecs": [
      [
        -0.2668489204277955,
        -0.3672860295740684,
        0.8910065241883679
      ]
    ],
    "direct_df": false
  },
  "CD": {
    "debug": false,
    "diagtol": 1e-06
  },
  "CC": {
    "threshold": 1e-06,
    "ndiis": 5,
    "ccsd_maxiter": 200,
    "tilesize": 40,
    "freeze": {
      "atomic": true
    },
    "readt": false,
    "writet": true,
    "writet_iter": 5,
    "debug": false,
    "profile_ccsd": false,
    "balance_tiles": true
  },
  "TASK": {
    "scf": false,
    "ccsd": true
  }
}

Output folder & files prefix: para_th27_ph234_qed_ccsd_input.6-311g*

  C (carbon)
  ----------
          Exponent        Coefficients
      ----------------  --------------------
  1 S  4.56324000E+03      0.778202
  1 S  6.82024000E+02      1.448695
  1 S  1.54973000E+02      2.383089
  1 S  4.44553000E+01      3.200089
  1 S  1.30290000E+01      3.013004
  1 S  1.82773000E+00      0.247599

  2 S  2.09642000E+01      0.800629
  2 S  4.80331000E+00      2.127420
  2 S  1.45933000E+00     -0.002868

  3 P  2.09642000E+01      2.573592
  3 P  4.80331000E+00      2.408248
  3 P  1.45933000E+00      1.865281

  4 S  4.83456000E-01      0.413217

  5 P  4.83456000E-01      0.574627

  6 S  1.45585000E-01      0.167976

  7 P  1.45585000E-01      0.128185

  8 D  6.26000000E-01      0.725128


  H (hydrogen)
  ------------
          Exponent        Coefficients
      ----------------  --------------------
  1 S  3.38650000E+01      0.255069
  1 S  5.09479000E+00      0.460109
  1 S  1.15879000E+00      0.678321

  2 S  3.25840000E-01      0.307371

  3 S  1.02741000E-01      0.129336


  N (nitrogen)
  ------------
          Exponent        Coefficients
      ----------------  --------------------
  1 S  6.29348000E+03      0.991968
  1 S  9.49044000E+02      1.823240
  1 S  2.18776000E+02      2.979891
  1 S  6.36916000E+01      4.000007
  1 S  1.88282000E+01      3.881008
  1 S  2.72023000E+00      0.386764

  2 S  3.06331000E+01      1.038501
  2 S  7.02614000E+00      2.834794
  2 S  2.11205000E+00     -0.003208

  3 P  3.06331000E+01      3.935616
  3 P  7.02614000E+00      3.870994
  3 P  2.11205000E+00      2.967271

  4 S  6.84009000E-01      0.536051

  5 P  6.84009000E-01      0.886681

  6 S  2.00878000E-01      0.213850

  7 P  2.00878000E-01      0.191693

  8 D  9.13000000E-01      1.403568


  O (oxygen)
  ----------
          Exponent        Coefficients
      ----------------  --------------------
  1 S  8.58850000E+03      1.205013
  1 S  1.29723000E+03      2.216205
  1 S  2.99296000E+02      3.627452
  1 S  8.73771000E+01      4.888452
  1 S  2.56789000E+01      4.835721
  1 S  3.74004000E+00      0.538229

  2 S  4.21175000E+01      1.341958
  2 S  9.62837000E+00      3.587114
  2 S  2.85332000E+00     -0.005123

  3 P  4.21175000E+01      5.584018
  3 P  9.62837000E+00      5.733366
  3 P  2.85332000E+00      4.332955

  4 S  9.05661000E-01      0.661659

  5 P  9.05661000E-01      1.259352

  6 S  2.55611000E-01      0.256209

  7 P  2.55611000E-01      0.259068

  8 D  1.29200000E+00      2.577026


  Br (bromine)
  ------------
          Exponent        Coefficients
      ----------------  --------------------
  1 S  4.39700000E+05      9.893706
  1 S  6.60300000E+04     18.450679
  1 S  1.51400000E+04     31.049770
  1 S  4.31700000E+03     48.888138
  1 S  1.41400000E+03     64.847798
  1 S  5.23900000E+02     42.245010

  2 S  5.23900000E+02     14.290679
  2 S  2.07700000E+02     24.083128
  2 S  8.65400000E+01      5.132542

  3 S  3.05200000E+01      9.254405

  4 S  1.29800000E+01      4.873782

  5 S  4.41200000E+00      2.169635

  6 S  1.86200000E+00      1.136043

  7 S  3.93200000E-01      0.353892

  8 S  1.40000000E-01      0.163120

  9 P  2.95700000E+03    691.874478
  9 P  7.00300000E+02    925.332763
  9 P  2.24600000E+02   1068.830732

  10 P  8.25900000E+01    122.079275
  10 P  3.31900000E+01     57.580687
  10 P  1.42000000E+01     10.176170

  11 P  1.42000000E+01      3.129736
  11 P  7.43800000E+00      6.538168
  11 P  3.52600000E+00      4.166276

  12 P  1.59500000E+00      2.555000

  13 P  8.46200000E-01      1.156861

  14 P  3.18600000E-01      0.341191

  15 P  1.09600000E-01      0.089888

  16 D  1.34800000E+02    160.709187
  16 D  3.63900000E+01    119.797406
  16 D  1.21600000E+01     55.531619
  16 D  4.34100000E+00     12.984636

  17 D  1.53500000E+00      3.484168

  18 D  4.51000000E-01      0.408525



Printing Internal Coordinates

------------------------------------------------------------
                Bond Lengths

i      j        Length (Angstroms)     Length (Bohr)
0      1          1.3627278949         2.5751825055
0      3          1.0829520558         2.0464827930
0      12         1.4640404794         2.7666355434
1      2          1.3955577813         2.6372219996
1      4          1.0796665748         2.0402741338
2      5          1.4992858102         2.8332395658
2      10         1.3942116429         2.6346781667
5      6          1.2015587619         2.2706169842
5      7          1.2014904911         2.2704879710
8      9          1.0817898048         2.0442864569
8      10         1.3607971946         2.5715340107
8      12         1.4637368521         2.7660617709
10     11         1.0805461313         2.0419362546
12     13         1.1039493969         2.0861620170
12     14         1.9242177864         3.6362446229

Number of Bonds: 15

------------------------------------------------------------
           Bond Angles

i      j      k      Angle (degrees)
0      1      2        117.7622 
0      1      4        122.5852 
0      12     8        116.6511 
0      12     13       101.0133 
0      12     14       116.4108 
1      0      3        121.2007 
1      0      12       120.6767 
1      2      5        117.5602 
1      2      10       125.3310 
2      1      4        119.6501 
2      5      6        115.9464 
2      5      7        115.7489 
2      10     8        117.4422 
2      10     11       119.7287 
3      0      12       117.8774 
5      2      10       117.1074 
6      5      7        128.3006 
8      10     11       122.8205 
8      12     13       102.8249 
8      12     14       114.1003 
9      8      10       120.8917 
9      8      12       117.7480 
10     8      12       121.1933 
13     12     14       102.5091 

Number of Angles: 24

------------------------------------------------------------
              Torsional Angles

i      j      k      l      Angle (degrees)
3      0      1      2        179.9951 
4      1      0      3         -0.5854 
8      10     2      1         -2.2895 
8      12     0      1        -11.2698 
8      12     0      3        174.3509 
9      8      10     2       -179.0202 
9      8      12     0       -174.3873 
10     2      1      0          1.2681 
10     2      1      4       -178.1690 
10     8      12     0         10.2694 
11     10     2      1        176.6728 
11     10     8      9          2.0521 
12     0      1      2          5.8043 
12     0      1      4       -174.7762 
12     8      10     2         -3.8230 
12     8      10     11       177.2494 
13     12     0      1         99.2600 
13     12     0      3        -75.1193 
13     12     8      9         76.1333 
13     12     8      10       -99.2100 
14     12     0      1       -150.6784 
14     12     0      3         34.9422 
14     12     8      9        -34.0596 
14     12     8      10       150.5970 

Number of Torsional Angles: 24


----------------------------------------------------------------------
                          Center of Mass

         x               y               z              Unit
   -0.2903750087  -0.02625883105     0.250777802      Angstrom
   -0.5487292402  -0.04962199906    0.4739013642          Bohr

----------------------------------------------------------------------
                Moment of Inertia Tensor

           743.229          -87.6368          -1022.26
          -87.6368           4711.82          -48.0316
          -1022.26          -48.0316           4885.99

----------------------------------------------------------------------
                      Principal Moments of Inertia

           x                 y                 z                Unit
       140.7165499       1319.570073       1435.497401       amu * ang^2
       502.5079226       4712.270278       5126.254282      amu * bohr^2
  2.3366548797e-38  2.1911991521e-37  2.3837011408e-37          g * cm^2

 - Molecule is an asymmetric top.

----------------------------------------------------------------------

         Rotational constants (MHz)

    A = 3.5915e+03        B = 3.8299e+02        C = 3.5206e+02

----------------------------------------------------------------------

        Rotational constants (cm-1)

    A = 1.1980e-01        B = 1.2775e-02        C = 1.1743e-02

----------------------------------------------------------------------

                                Z-Matrix
C   
C        1       2.5751825
C        2        2.637222     1        117.7622
H        3      6.35108263     2     22.21748214     1         -0.0036
H        4      4.73427132     3     39.64021429     2          0.3283
N        5      5.01242059     4    126.60923293     3         -0.6759
O        6      2.27061698     5    162.46197784     4         60.7538
O        7      4.08672623     6     25.84890726     5        129.9406
C        8      8.74939358     7     60.71962967     6          6.0698
H        9      2.04428646     8    149.89885115     7         24.2902
C       10      4.02366963     9     33.25992093     8         -9.6271
H       11      2.04193625    10     96.98569407     9       -178.2627
C       12      6.54032492    11     18.60901960    10         -2.2176
H       13      2.08616202    12    104.48190438    11        -99.2393
Br      14      4.56732207    13     51.00897618    12       -139.3938

----------------------------------------------------------------------

             Converted back to Cartesian

C        0.000000      0.000000      0.000000
C        0.000000      0.000000      2.575183
C        0.000000      0.094583     -0.060343
H        0.000000     -0.176146      6.284967
H       -0.000006      0.082762      1.557780
N        0.000060     -0.384133      6.548409
O       -0.002083     -0.061073      4.300892
O        0.001104     -0.674352      8.341339
C       -0.002652      0.798371     -0.283217
H       -0.004235      0.362679      1.714101
C        0.000074      1.259997     -2.208235
H       -0.000602      0.746044     -0.232038
C        0.000661      2.428081     -6.552370
H        0.003881      1.827778     -4.554447
Br      -0.004029      3.209846     -8.907636

----------------------------------------------------------------------
                       Geometry in bohr 

1     C      -0.8883042696    2.3566947997    0.8496203414
2     C       1.6709010301    2.3678402936    1.1358177358
3     C       2.8922766062    0.0410841419    1.3580504681
4     H      -1.9423271319    4.1014057459    0.6676551194
5     H       2.7643966814    4.0898299526    1.1775000582
6     N       5.7035848430    0.0645442349    1.7091089523
7     O       6.7688766684   -1.9040173749    1.3275070604
8     O       6.5998402673    2.0465463501    2.3598849938
9     C      -0.8459348322   -2.3486021870    1.0201124256
10    H      -1.8709943030   -4.1165126859    0.9667020609
11    C       1.7137059129   -2.3134377154    1.2646321268
12    H       2.8404138987   -4.0140356262    1.3540722091
13    C      -2.3172515291   -0.0063121027    1.0186775471
14    H      -3.0265643829    0.0961805008    2.9778718975
15    Br     -5.3871588691   -0.1824350257   -0.9221791188

 Number of nodes, processes per node used for SCF calculation: 1, 4

Common Options
{
  maxiter       = 100
  basis         = 6-311g* spherical
  geom_units    = angstrom
  ang2au factor = 1.889726126
  debug         = false
  file_prefix   = para_th27_ph234_qed_ccsd_input
}

SCF Options
{
  charge            = 1
  multiplicity      = 1
  level shift       = 0
  tol_int           = 1e-22
  tol_sch           = 1e-12
  tol_lindep        = 1e-10
  conve             = 1e-07
  convd             = 1e-05
  diis_hist         = 10
  AO_tilesize       = 30
  writem            = 10
  damp              = 100
  n_lindep          = 0
  scf_type          = restricted
  cuscf             = false
  qed_omegas        = [0.06615,]
  qed_lambdas       = [0.1,]
  qed_polvecs       = [[-0.2668489204,-0.3672860296,0.8910065242,],]
  direct_df         = false
  restart_size      = 2000
  restart           = false
  debug             = false
}

Number of basis functions = 221

Total number of shells = 105

Total number of electrons = 98
  # of alpha electrons    = 49
  # of beta electons      = 49

Nuclear repulsion energy  = 721.1300033405

# of {all,non-negligible} shell-pairs = {5565,4837}
Number of AO tiles = 105

Time for initial setup: 0.02 secs
HF exch = 1.00

Time for computing 1-e integrals T, V, S: 0.01 secs
Time for computing orthogonalizer: 0.01 secs

Superposition of Atomic Density Guess ...
Time taken for SAD: 0.34 secs
Total Time to compute initial guess: 0.34 secs


 SCF iterations
-----------------------------------------------------------------------------
 Iter     Energy            E-Diff       RMSD        |[F,P]|^2       Time(s)
-----------------------------------------------------------------------------
   1  -3011.7231975030    -3.01e+03     1.72e-02     1.50e+03         0.6 
   2  -3005.8321389518     5.89e+00     7.05e-03     7.49e+00         2.1 
   3  -3006.0045640501    -1.72e-01     2.95e-03     3.90e+00         2.1 
   4  -3006.1152750784    -1.11e-01     1.22e-03     1.07e-01         2.1 
   5  -3006.1209062369    -5.63e-03     2.63e-04     1.25e-02         2.1 
   6  -3006.1215192711    -6.13e-04     1.82e-04     1.35e-03         2.1 
   7  -3006.1216686044    -1.49e-04     8.66e-05     2.22e-04         2.1 
   8  -3006.1217005408    -3.19e-05     3.02e-05     3.80e-05         2.1 
   9  -3006.1217055307    -4.99e-06     1.18e-05     7.32e-06         2.1 
  10  -3006.1217062886    -7.58e-07     4.43e-06     1.64e-06         2.1 
  11  -3006.1217064079    -1.19e-07     1.87e-06     1.70e-07         2.1 
  12  -3006.1217064227    -1.48e-08     6.01e-07     1.20e-08         2.1 

** Total SCF energy = -3006.1217064226985

Nuclear repulsion energy = 721.130003340500252
#electrons        = 98
1e energy kinetic = 3006.1540085629903842
1e energy N-e     = -8595.4779970208837767
1e energy         = -5588.7870115476753199
2e energy         = 1861.8961945465628105
QED energy        = 0.1760841481308554
QED eT energy     = 0.1502544651639037
QED eT energy from matrix = 0.1502544651638987

 Polarizability Matrix (QED energy = 0.5 * lambda.dot(matrix * lambda))
[43.84962782, -0.17293326,  1.89602549]
[-0.17293326, 43.26637638,  1.23248921]
[ 1.89602549,  1.23248921, 35.26920873]

 Polarizability Matrix (QED eT energy = 0.5 * lambda.dot(matrix * lambda))
[40.68707919, -0.17906238,  2.41359687]
[-0.17906238, 40.01009813,  1.45348885]
[ 2.41359687,  1.45348885, 30.09281529]


                      Electron        Nuclear        Total  
                  ------------------------------------------
    Monopole         -98.000000     99.000000      1.000000

      Dipole   X      28.323969    -29.558449     -1.234479
      Dipole   Y       4.072357     -4.052713      0.019644
      Dipole   Z     -55.061186     56.211895      1.150709

  Quadrupole  XX   -2165.867609   2116.425676    -49.441933
  Quadrupole  XY     -41.285602     41.386500      0.100898
  Quadrupole  XZ    -459.275593    457.669685     -1.605908
  Quadrupole  YY    -303.500002    262.500764    -40.999239
  Quadrupole  YZ     -21.115023     20.020087     -1.094936
  Quadrupole  ZZ    -215.135168    167.533741    -47.601427

    Octupole XXX    -861.472255    730.957881   -130.514374
    Octupole XXY     153.284166   -152.720877      0.563289
    Octupole XXZ   -1023.137026    965.204615    -57.932411
    Octupole XYY    -514.461093    492.612121    -21.848973
    Octupole XYZ     -95.100632     89.369208     -5.731424
    Octupole XZZ    -383.659926    363.159460    -20.500466
    Octupole YYY     -18.660601     22.282655      3.622054
    Octupole YYZ    -356.609512    326.608412    -30.001100
    Octupole YZZ     -51.825237     49.457512     -2.367724
    Octupole ZZZ    -321.198336    215.422500   -105.775836

writing orbitals and density to disk ... done.

Total Time taken for Hartree-Fock: 24.95 secs

CD Options
{
  debug             = false
  skip_cd           = [false, 100]
  write_cv          = [false, 5000]
  diagtol           = 1e-06
  itilesize         = 1000
  max_cvecs_factor  = 12
}

- #occupied, #virtual = 98, 344

- Tilesize for the MSO space: 40

-----------------------------------------------------
Begin 2-index transformation ... 

nAO, nMO, nelectrons = 221, 442, 98
n_occ_alpha, n_vir_alpha, n_occ_beta, n_vir_beta = 49,172,49,172

Time taken for Fao->Fmo transform: 0.00 secs

-----------------------------------------------------
Number of AO tiles = 105
# of {all,non-negligible} shell-pairs = {5565,4837}

    Begin Cholesky Decomposition
---------------------------------------------
Total # of mpi ranks used for Cholesky decomposition: 4
  --> Number of nodes, mpi ranks per node: 1, 4
- CPU memory required for computing cholesky vectors: 1.93 GiB

- Time for computing the diagonal: 0.01 secs

- Total number of cholesky vectors = 1645

- Time to compute cholesky vectors: 15.43 secs

- CPU memory required for resizing the ao cholesky tensor: 1.56 GiB
- CPU memory required for ao2mo transformation: 1.70 GiB
- CPU memory required for the 2-step contraction: 2.11 GiB

- Time for ao to mo transform: 1.59 secs

   End Cholesky Decomposition
---------------------------------------------

Total Time taken for Cholesky Decomposition: 19.07 secs

scf_type = restricted
Closed-Shell SCF
QED-HF Enabled
nbf = 203
nbf_orig = 221
n_lindep = 0
focc = 1
nmo = 406
nocc = 62
nvir = 344
n_occ_alpha = 31
n_vir_alpha = 172
n_occ_beta = 31
n_vir_beta = 172
nelectrons = 98
nelectrons_alpha = 49
nelectrons_beta = 49
freeze atomic = true
n_frozen_core = 18
n_frozen_virtual = 0
----------------------------
--------- QED-CCSD --------
lambda_x: -0.0267
lambda_y: -0.0367
lambda_z: 0.0891
omega: 0.066150
coupling_factor_x: -0.004853
coupling_factor_y: -0.006680
coupling_factor_z: 0.016204
----------------------------
# of {all,non-negligible} shell-pairs = {5565,4837}
Number of AO tiles = 105
----------------------------
Electronic dipole expectation value using SCF density: 
dipole_x_elec: 28.32405114
dipole_y_elec: 4.07233485
dipole_z_elec: -55.06119955

d_n/N value: d_n is nuclear dipole moment and N is the total number of electrons 
d_nuc_x: -0.30161682
d_nuc_y: -0.04135422
d_nuc_z: 0.57359077

<d_e+d_n> expectation values: 
dipole_total_x: -1.23439762
dipole_total_y: 0.01962166
dipole_total_z: 1.15069560
----------------------------


 CCSD iterations
------------------------------------------------------------
  Iter     Residuum          Correlation          Time(s)
------------------------------------------------------------
   1     1.1860073072638    0.0000000000000         86.57
   2     0.1682240622747   -1.6992460886023         84.53
   3     0.0682831773232   -1.6259268956652         84.83
   4     0.0210454986766   -1.6997326114295         84.80
   5     0.0157783480545   -1.6880032029323         84.88
 MICROCYCLE DIIS UPDATE:                    6
   6     0.0060830935235   -1.6976353305566         84.86
   7     0.0032415628320   -1.6975363915245         84.69
   8     0.0021331584770   -1.6984024750522         84.68
   9     0.0012104619043   -1.6984635501776         84.82
  10     0.0010760285868   -1.6986791461566         84.55
 MICROCYCLE DIIS UPDATE:                   11
  11     0.0003478938371   -1.6988618681251         84.55
  12     0.0003047697262   -1.6989556349445         84.36
  13     0.0001867355197   -1.6989306005351         84.23
  14     0.0001778643006   -1.6989287380058         84.16
  15     0.0001173150557   -1.6989282175788         84.53
 MICROCYCLE DIIS UPDATE:                   16
  16     0.0000368200968   -1.6989141584559         85.05
  17     0.0000263323224   -1.6989276229346         84.63
  18     0.0000174982093   -1.6989311779796         83.87
  19     0.0000153581097   -1.6989317702043         83.83
  20     0.0000113437024   -1.6989327312528         84.10
 MICROCYCLE DIIS UPDATE:                   21
  21     0.0000053230513   -1.6989328533547         83.69
  22     0.0000034629936   -1.6989343434998         83.99
  23     0.0000027457134   -1.6989338048005         83.90
  24     0.0000020168053   -1.6989337268397         83.96
  25     0.0000017942637   -1.6989336340402         83.94
 MICROCYCLE DIIS UPDATE:                   26
  26     0.0000007539204   -1.6989331410803         84.83
------------------------------------------------------------------
 Iterations converged
 CCSD correlation energy / hartree =        -1.698933141080279
 CCSD total energy / hartree       =     -3007.820639563778968

Time taken for spin-orbital canonical QED-CCSD: 2257.28 secs
