
ExaChem Git Information
{
 WARNING: Failed to retrieve the current git state.
}


TAMM Git Information
{
 Branch: main
 Commit Hash: e71357ad [e71357ad54f38748b4a7e175aa6760820d5ce96f]
 Commit Date: 2026-02-02 23:14:56 -0800
 Commit Message: add GitHub Actions workflow for releases
}


date: Sun Aug  9 19:55:37 2026
program: "/global/cfs/cdirs/m3196/heindelj/cavity_qed/software/install_gpu/bin/bin/ExaChem"
nnodes: 1, nproc_per_node: 4, nproc_total: 4, ngpus_per_node: 1, ngpus_total: 1

Memory information
{
[AMD EPYC 7763 64-Core Processor                ] : 
  CPU memory per node (GiB): 251
  Total CPU memory (GiB): 251
[NVIDIA A100-SXM4-80GB, CUDA v12.9] : 
  GPU memory per device (GiB): 79
  GPU memory per node (GiB): 79
  Total GPU memory (GiB): 79
}

------------------------------------------------------------

Input file provided: /global/cfs/cdirs/m4262/heindelj/cavity_qed/mlip/lambda_scans/grid_scans_optimized_geoms/runs_grid_no_freq/ortho_th63_ph306/ortho_th63_ph306_qed_ccsd_input.json

{
  "geometry": {
    "coordinates": [
      "C    -1.762388975400    1.949675079400    0.651256359000",
      "C    -0.351467337600    1.977870961800    0.670198589200",
      "C     0.303368453300    0.807757202200    0.652747235700",
      "C    -2.509356897900    0.779522436400    0.684259363200",
      "H    -2.283248404600    2.894124812900    0.621061772800",
      "H     0.185265564400    2.915891658200    0.692215792500",
      "H    -3.586808528800    0.807350352800    0.671092561200",
      "N     1.780033459500    0.842175689800    0.702801565500",
      "O     2.346786446600    0.223386056300   -0.156354894400",
      "O     2.249636656500    1.517759434000    1.579786361000",
      "C    -1.852603359100   -0.410805070800    0.759038818600",
      "H    -2.395374488100   -1.342538079600    0.851975543000",
      "C    -0.385783501700   -0.495351166500    0.714584458000",
      "H    -0.009238491600   -1.072666766600    1.554824492500",
      "Br   -0.082321519600   -1.609675822700   -0.859760003300"
    ],
    "units": "angstrom",
    "noorient": true
  },
  "common": {
    "maxiter": 100,
    "debug": false
  },
  "basis": {
    "basisset": "6-311G*"
  },
  "SCF": {
    "charge": 1,
    "multiplicity": 1,
    "lshift": 0,
    "tol_lindep": 1e-10,
    "conve": 1e-07,
    "convd": 1e-05,
    "diis_hist": 10,
    "writem": 10,
    "restart": false,
    "noscf": false,
    "scf_type": "restricted",
    "debug": false,
    "qed_omegas": [
      0.06615
    ],
    "qed_volumes": [],
    "qed_lambdas": [
      0.1
    ],
    "qed_polvecs": [
      [
        0.5237204946142991,
        -0.7208394201673424,
        0.4539904997395468
      ]
    ],
    "direct_df": false
  },
  "CD": {
    "debug": false,
    "diagtol": 1e-06
  },
  "CC": {
    "threshold": 1e-06,
    "ndiis": 5,
    "ccsd_maxiter": 200,
    "tilesize": 40,
    "freeze": {
      "atomic": true
    },
    "readt": false,
    "writet": true,
    "writet_iter": 5,
    "debug": false,
    "profile_ccsd": false,
    "balance_tiles": true
  },
  "TASK": {
    "scf": false,
    "ccsd": true
  }
}

Output folder & files prefix: ortho_th63_ph306_qed_ccsd_input.6-311g*

  C (carbon)
  ----------
          Exponent        Coefficients
      ----------------  --------------------
  1 S  4.56324000E+03      0.778202
  1 S  6.82024000E+02      1.448695
  1 S  1.54973000E+02      2.383089
  1 S  4.44553000E+01      3.200089
  1 S  1.30290000E+01      3.013004
  1 S  1.82773000E+00      0.247599

  2 S  2.09642000E+01      0.800629
  2 S  4.80331000E+00      2.127420
  2 S  1.45933000E+00     -0.002868

  3 P  2.09642000E+01      2.573592
  3 P  4.80331000E+00      2.408248
  3 P  1.45933000E+00      1.865281

  4 S  4.83456000E-01      0.413217

  5 P  4.83456000E-01      0.574627

  6 S  1.45585000E-01      0.167976

  7 P  1.45585000E-01      0.128185

  8 D  6.26000000E-01      0.725128


  H (hydrogen)
  ------------
          Exponent        Coefficients
      ----------------  --------------------
  1 S  3.38650000E+01      0.255069
  1 S  5.09479000E+00      0.460109
  1 S  1.15879000E+00      0.678321

  2 S  3.25840000E-01      0.307371

  3 S  1.02741000E-01      0.129336


  N (nitrogen)
  ------------
          Exponent        Coefficients
      ----------------  --------------------
  1 S  6.29348000E+03      0.991968
  1 S  9.49044000E+02      1.823240
  1 S  2.18776000E+02      2.979891
  1 S  6.36916000E+01      4.000007
  1 S  1.88282000E+01      3.881008
  1 S  2.72023000E+00      0.386764

  2 S  3.06331000E+01      1.038501
  2 S  7.02614000E+00      2.834794
  2 S  2.11205000E+00     -0.003208

  3 P  3.06331000E+01      3.935616
  3 P  7.02614000E+00      3.870994
  3 P  2.11205000E+00      2.967271

  4 S  6.84009000E-01      0.536051

  5 P  6.84009000E-01      0.886681

  6 S  2.00878000E-01      0.213850

  7 P  2.00878000E-01      0.191693

  8 D  9.13000000E-01      1.403568


  O (oxygen)
  ----------
          Exponent        Coefficients
      ----------------  --------------------
  1 S  8.58850000E+03      1.205013
  1 S  1.29723000E+03      2.216205
  1 S  2.99296000E+02      3.627452
  1 S  8.73771000E+01      4.888452
  1 S  2.56789000E+01      4.835721
  1 S  3.74004000E+00      0.538229

  2 S  4.21175000E+01      1.341958
  2 S  9.62837000E+00      3.587114
  2 S  2.85332000E+00     -0.005123

  3 P  4.21175000E+01      5.584018
  3 P  9.62837000E+00      5.733366
  3 P  2.85332000E+00      4.332955

  4 S  9.05661000E-01      0.661659

  5 P  9.05661000E-01      1.259352

  6 S  2.55611000E-01      0.256209

  7 P  2.55611000E-01      0.259068

  8 D  1.29200000E+00      2.577026


  Br (bromine)
  ------------
          Exponent        Coefficients
      ----------------  --------------------
  1 S  4.39700000E+05      9.893706
  1 S  6.60300000E+04     18.450679
  1 S  1.51400000E+04     31.049770
  1 S  4.31700000E+03     48.888138
  1 S  1.41400000E+03     64.847798
  1 S  5.23900000E+02     42.245010

  2 S  5.23900000E+02     14.290679
  2 S  2.07700000E+02     24.083128
  2 S  8.65400000E+01      5.132542

  3 S  3.05200000E+01      9.254405

  4 S  1.29800000E+01      4.873782

  5 S  4.41200000E+00      2.169635

  6 S  1.86200000E+00      1.136043

  7 S  3.93200000E-01      0.353892

  8 S  1.40000000E-01      0.163120

  9 P  2.95700000E+03    691.874478
  9 P  7.00300000E+02    925.332763
  9 P  2.24600000E+02   1068.830732

  10 P  8.25900000E+01    122.079275
  10 P  3.31900000E+01     57.580687
  10 P  1.42000000E+01     10.176170

  11 P  1.42000000E+01      3.129736
  11 P  7.43800000E+00      6.538168
  11 P  3.52600000E+00      4.166276

  12 P  1.59500000E+00      2.555000

  13 P  8.46200000E-01      1.156861

  14 P  3.18600000E-01      0.341191

  15 P  1.09600000E-01      0.089888

  16 D  1.34800000E+02    160.709187
  16 D  3.63900000E+01    119.797406
  16 D  1.21600000E+01     55.531619
  16 D  4.34100000E+00     12.984636

  17 D  1.53500000E+00      3.484168

  18 D  4.51000000E-01      0.408525



Printing Internal Coordinates

------------------------------------------------------------
                Bond Lengths

i      j        Length (Angstroms)     Length (Bohr)
0      1          1.4113304659         2.6670280536
0      3          1.3886351153         2.6241400567
0      4          1.0789770883         2.0389711931
1      2          1.3409998781         2.5341225046
1      5          1.0809485613         2.0426967371
2      7          1.4779139382         2.7928525809
2      12         1.4754137317         2.7881278753
3      6          1.0778913556         2.0369194556
3      10         1.3615420493         2.5729415821
7      8          1.2009410400         2.2694496589
7      9          1.2025152347         2.2724244557
10     11         1.0822957696         2.0452425918
10     12         1.4699267759         2.7777590316
12     13         1.0867763166         2.0537095985
12     14         1.9525288978         3.6897448698

Number of Bonds: 15

------------------------------------------------------------
           Bond Angles

i      j      k      Angle (degrees)
0      1      2        118.0713 
0      1      5        120.9310 
0      3      6        121.0409 
0      3      10       118.5898 
1      0      3        123.6608 
1      0      4        117.7415 
1      2      7        117.8491 
1      2      12       122.8220 
2      1      5        120.9967 
2      7      8        115.8042 
2      7      9        115.3389 
2      12     10       114.6183 
2      12     13       109.8615 
2      12     14       113.4326 
3      0      4        118.5937 
3      10     11       121.0270 
3      10     12       122.0030 
6      3      10       120.3582 
7      2      12       119.0679 
8      7      9        128.8230 
10     12     13       110.6659 
10     12     14       102.2573 
11     10     12       116.9698 
13     12     14       105.4488 

Number of Angles: 24

------------------------------------------------------------
              Torsional Angles

i      j      k      l      Angle (degrees)
3      0      1      2          3.4042 
4      0      1      2       -177.3372 
5      1      0      3       -176.9514 
5      1      0      4          2.3073 
6      3      0      1        179.8055 
6      3      0      4          0.5528 
10     3      0      1          1.0121 
10     3      0      4       -178.2406 
11     10     3      0        175.9782 
11     10     3      6         -2.8237 

Number of Torsional Angles: 10


----------------------------------------------------------------------
                          Center of Mass

         x               y               z              Unit
   0.02471058195   -0.1451504591   0.08825182272      Angstrom
    0.0466962323   -0.2742946148     0.166771775          Bohr

----------------------------------------------------------------------
                Moment of Inertia Tensor

            1882.4          -110.145          -46.0665
          -110.145           1927.38          -702.501
          -46.0665          -702.501           2785.13

----------------------------------------------------------------------
                      Principal Moments of Inertia

           x                 y                 z                Unit
       419.1203806       537.3002105       890.3424784       amu * ang^2
       1496.706051       1918.733885       3179.470712      amu * bohr^2
  6.9596624070e-38  8.9220859901e-38  1.4784494772e-37          g * cm^2

 - Molecule is an asymmetric top.

----------------------------------------------------------------------

         Rotational constants (MHz)

    A = 1.2058e+03        B = 9.4059e+02        C = 5.6762e+02

----------------------------------------------------------------------

        Rotational constants (cm-1)

    A = 4.0221e-02        B = 3.1375e-02        C = 1.8934e-02

----------------------------------------------------------------------

                                Z-Matrix
C   
C        1       2.6670281
C        2       2.5341225     1       118.07134
C        3      5.31588192     2     61.33735322     1         -1.5933
H        4      4.02057262     3     83.30577030     2          2.1375
H        5      4.66693411     4     96.55345324     3         -2.3050
H        6      8.16635817     5     28.72730527     4         -0.5270
N        7     10.14225205     6     28.83247634     5        177.2683
O        8      2.26944966     7    117.66725069     6       -125.7843
O        9      4.09640452     8     25.60645028     7        177.9355
C       10      8.70533486     9     69.34358740     8         12.2497
H       11      2.04524259    10    142.34409820     9         75.4599
C       12      4.12941175    11     36.83553771    10        -23.2926
H       13      2.05370960    12     93.67373367    11        132.1160
Br      14      4.67642814    13     49.50841385    12         89.3706

----------------------------------------------------------------------

             Converted back to Cartesian

C        0.000000      0.000000      0.000000
C        0.000000      0.000000      2.667028
C        0.000000      0.091124      0.134544
C        0.000048     -0.199250      5.442490
H       -0.000104      0.122163      1.434785
H        0.000325     -0.387564      6.073799
H       -0.000546      0.575373     -2.035588
N       -0.004123     -0.708840      8.025031
O        0.004038     -0.341325      5.785552
O       -0.015303     -1.035875      9.822600
C        0.051631      0.619185      1.276305
H        0.021458      0.144858      3.265557
C        0.090234      1.146870     -0.739850
H        0.043799      0.593197      1.237273
Br       0.162337      1.920503     -3.245270

----------------------------------------------------------------------
                       Geometry in bohr 

1     C      -3.3304324908    3.6843519346    1.2306961563
2     C      -0.6641770103    3.7376344302    1.2664917836
3     C       0.5732832920    1.5264398884    1.2335135049
4     C      -4.7419972892    1.4730839138    1.2930627955
5     H      -4.3147141621    5.4691032706    1.1736366579
6     H       0.3501011773    5.5102366468    1.3080982679
7     H      -6.7780857855    1.5256710544    1.2681811458
8     N       3.3637757334    1.5914814036    1.3281024797
9     O       4.4347836601    0.4221384668   -0.2954679289
10    O       4.2511971636    2.8681496553    2.9853635597
11    C      -3.5009129686   -0.7763090749    1.4343754861
12    H      -4.5266017515   -2.5370292840    1.6100004422
13    C      -0.7290251621   -0.9360780408    1.3503689195
14    H      -0.0174582189   -2.0270464132    2.9381924647
15    Br     -0.1555651263   -3.0418464564   -1.6247109402

 Number of nodes, processes per node used for SCF calculation: 1, 4

Common Options
{
  maxiter       = 100
  basis         = 6-311g* spherical
  geom_units    = angstrom
  ang2au factor = 1.889726126
  debug         = false
  file_prefix   = ortho_th63_ph306_qed_ccsd_input
}

SCF Options
{
  charge            = 1
  multiplicity      = 1
  level shift       = 0
  tol_int           = 1e-22
  tol_sch           = 1e-12
  tol_lindep        = 1e-10
  conve             = 1e-07
  convd             = 1e-05
  diis_hist         = 10
  AO_tilesize       = 30
  writem            = 10
  damp              = 100
  n_lindep          = 0
  scf_type          = restricted
  cuscf             = false
  qed_omegas        = [0.06615,]
  qed_lambdas       = [0.1,]
  qed_polvecs       = [[0.5237204946,-0.7208394202,0.4539904997,],]
  direct_df         = false
  restart_size      = 2000
  restart           = false
  debug             = false
}

Number of basis functions = 221

Total number of shells = 105

Total number of electrons = 98
  # of alpha electrons    = 49
  # of beta electons      = 49

Nuclear repulsion energy  = 775.719113823219

# of {all,non-negligible} shell-pairs = {5565,4990}
Number of AO tiles = 105

Time for initial setup: 0.03 secs
HF exch = 1.00

Time for computing 1-e integrals T, V, S: 0.01 secs
Time for computing orthogonalizer: 0.01 secs

Superposition of Atomic Density Guess ...
Time taken for SAD: 0.31 secs
Total Time to compute initial guess: 0.31 secs


 SCF iterations
-----------------------------------------------------------------------------
 Iter     Energy            E-Diff       RMSD        |[F,P]|^2       Time(s)
-----------------------------------------------------------------------------
   1  -3011.8326643260    -3.01e+03     1.67e-02     1.49e+03         0.6 
   2  -3005.7736994792     6.06e+00     7.20e-03     8.10e+00         2.2 
   3  -3005.9704050283    -1.97e-01     3.11e-03     4.16e+00         2.2 
   4  -3006.0902255312    -1.20e-01     1.20e-03     1.47e-01         2.2 
   5  -3006.0984865178    -8.26e-03     2.79e-04     1.23e-02         2.2 
   6  -3006.0992112492    -7.25e-04     1.81e-04     1.80e-03         2.2 
   7  -3006.0994554651    -2.44e-04     8.45e-05     5.06e-04         2.2 
   8  -3006.0995187126    -6.32e-05     4.32e-05     1.41e-04         2.2 
   9  -3006.0995356355    -1.69e-05     2.41e-05     2.94e-05         2.2 
  10  -3006.0995397778    -4.14e-06     9.54e-06     5.90e-06         2.2 
  11  -3006.0995405408    -7.63e-07     5.84e-06     1.30e-06         2.2 
  12  -3006.0995407982    -2.57e-07     3.43e-06     3.78e-07         2.2 
  13  -3006.0995408747    -7.65e-08     1.83e-06     7.66e-08         2.2 

** Total SCF energy = -3006.0995408746680

Nuclear repulsion energy = 775.719113823218663
#electrons        = 98
1e energy kinetic = 3006.2167351358434644
1e energy N-e     = -8704.8379443458125024
1e energy         = -5696.5772377270732250
2e energy         = 1916.6081056986536169
QED energy        = 0.1944488134286606
QED eT energy     = 0.1742693595829609
QED eT energy from matrix = 0.1742693595829549

 Polarizability Matrix (QED energy = 0.5 * lambda.dot(matrix * lambda))
[40.13731828, -0.80566507, -0.86997780]
[-0.80566507, 42.50732091,  3.70721043]
[-0.86997780,  3.70721043, 38.93775715]

 Polarizability Matrix (QED eT energy = 0.5 * lambda.dot(matrix * lambda))
[36.48432260, -0.92845979, -0.94677256]
[-0.92845979, 39.14107876,  4.40200895]
[-0.94677256,  4.40200895, 34.63781785]


                      Electron        Nuclear        Total  
                  ------------------------------------------
    Monopole         -98.000000     99.000000      1.000000

      Dipole   X      -1.418681     -2.056831     -3.475512
      Dipole   Y       9.896214     -8.806278      1.089936
      Dipole   Z     -27.796907     29.100160      1.303253

  Quadrupole  XX    -791.252990    749.959838    -41.293152
  Quadrupole  XY     -47.026504     41.289099     -5.737404
  Quadrupole  XZ     -17.437257     12.402323     -5.034934
  Quadrupole  YY    -718.499797    683.101028    -35.398770
  Quadrupole  YZ    -324.405599    324.861387      0.455788
  Quadrupole  ZZ    -301.851981    253.814134    -48.037847

    Octupole XXX     -51.517138    -27.566442    -79.083579
    Octupole XXY   -1124.108523   1121.949882     -2.158641
    Octupole XXZ    -989.214160    974.153689    -15.060470
    Octupole XYY     235.676186   -265.199632    -29.523446
    Octupole XYZ    -172.101343    161.677638    -10.423705
    Octupole XZZ    -174.645574    175.044883      0.399309
    Octupole YYY    -183.042065    188.413580      5.371515
    Octupole YYZ     -69.306925     46.400803    -22.906122
    Octupole YZZ     -50.743215     17.090206    -33.653009
    Octupole ZZZ    -284.765897    194.460651    -90.305246

writing orbitals and density to disk ... done.

Total Time taken for Hartree-Fock: 28.22 secs

CD Options
{
  debug             = false
  skip_cd           = [false, 100]
  write_cv          = [false, 5000]
  diagtol           = 1e-06
  itilesize         = 1000
  max_cvecs_factor  = 12
}

- #occupied, #virtual = 98, 344

- Tilesize for the MSO space: 40

-----------------------------------------------------
Begin 2-index transformation ... 

nAO, nMO, nelectrons = 221, 442, 98
n_occ_alpha, n_vir_alpha, n_occ_beta, n_vir_beta = 49,172,49,172

Time taken for Fao->Fmo transform: 0.00 secs

-----------------------------------------------------
Number of AO tiles = 105
# of {all,non-negligible} shell-pairs = {5565,4990}

    Begin Cholesky Decomposition
---------------------------------------------
Total # of mpi ranks used for Cholesky decomposition: 4
  --> Number of nodes, mpi ranks per node: 1, 4
- CPU memory required for computing cholesky vectors: 1.93 GiB

- Time for computing the diagonal: 0.01 secs

- Total number of cholesky vectors = 1637

- Time to compute cholesky vectors: 15.14 secs

- CPU memory required for resizing the ao cholesky tensor: 1.56 GiB
- CPU memory required for ao2mo transformation: 1.69 GiB
- CPU memory required for the 2-step contraction: 2.10 GiB

- Time for ao to mo transform: 1.55 secs

   End Cholesky Decomposition
---------------------------------------------

Total Time taken for Cholesky Decomposition: 19.30 secs

scf_type = restricted
Closed-Shell SCF
QED-HF Enabled
nbf = 203
nbf_orig = 221
n_lindep = 0
focc = 1
nmo = 406
nocc = 62
nvir = 344
n_occ_alpha = 31
n_vir_alpha = 172
n_occ_beta = 31
n_vir_beta = 172
nelectrons = 98
nelectrons_alpha = 49
nelectrons_beta = 49
freeze atomic = true
n_frozen_core = 18
n_frozen_virtual = 0
----------------------------
--------- QED-CCSD --------
lambda_x: 0.0524
lambda_y: -0.0721
lambda_z: 0.0454
omega: 0.066150
coupling_factor_x: 0.009525
coupling_factor_y: -0.013110
coupling_factor_z: 0.008257
----------------------------
# of {all,non-negligible} shell-pairs = {5565,4990}
Number of AO tiles = 105
----------------------------
Electronic dipole expectation value using SCF density: 
dipole_x_elec: -1.41892219
dipole_y_elec: 9.89606956
dipole_z_elec: -27.79698211

d_n/N value: d_n is nuclear dipole moment and N is the total number of electrons 
d_nuc_x: -0.02098807
d_nuc_y: -0.08985998
d_nuc_z: 0.29694041

<d_e+d_n> expectation values: 
dipole_total_x: -3.47575341
dipole_total_y: 1.08979197
dipole_total_z: 1.30317824
----------------------------


 CCSD iterations
------------------------------------------------------------
  Iter     Residuum          Correlation          Time(s)
------------------------------------------------------------
   1     1.1859422862540    0.0000000000000         84.88
   2     0.1738138100940   -1.6740925629097         83.85
   3     0.0724912984122   -1.6274145236014         84.36
   4     0.0252413485703   -1.7046541861159         84.63
   5     0.0219104664556   -1.6924545090344         84.88
 MICROCYCLE DIIS UPDATE:                    6
   6     0.0087302419229   -1.7041794100874         83.92
   7     0.0051926769661   -1.7038177213160         83.51
   8     0.0044251503497   -1.7053915170314         83.30
   9     0.0029952081295   -1.7054901716103         83.34
  10     0.0038412330307   -1.7058888467114         83.64
 MICROCYCLE DIIS UPDATE:                   11
  11     0.0007521298947   -1.7063702871653         83.11
  12     0.0007674100265   -1.7064564085810         83.32
  13     0.0004065161219   -1.7064452695708         83.01
  14     0.0005436799892   -1.7064214357966         82.91
  15     0.0003282056867   -1.7064468900543         83.12
 MICROCYCLE DIIS UPDATE:                   16
  16     0.0001258702455   -1.7064027309908         83.60
  17     0.0000745052763   -1.7064564559144         83.45
  18     0.0000713516826   -1.7064635620417         83.67
  19     0.0000552040660   -1.7064726133516         83.53
  20     0.0000668439971   -1.7064734816480         83.64
 MICROCYCLE DIIS UPDATE:                   21
  21     0.0000195301675   -1.7064827077499         83.74
  22     0.0000163967947   -1.7064819242760         83.74
  23     0.0000107795535   -1.7064814039409         83.71
  24     0.0000109374020   -1.7064805526320         83.93
  25     0.0000073445328   -1.7064808794206         83.66
 MICROCYCLE DIIS UPDATE:                   26
  26     0.0000030385264   -1.7064795226988         83.74
  27     0.0000017645206   -1.7064806428447         83.67
  28     0.0000016784130   -1.7064808269702         83.59
  29     0.0000015326693   -1.7064810523006         83.60
  30     0.0000017344133   -1.7064810803589         83.76
 MICROCYCLE DIIS UPDATE:                   31
  31     0.0000004715391   -1.7064813032340         83.10
------------------------------------------------------------------
 Iterations converged
 CCSD correlation energy / hartree =        -1.706481303233953
 CCSD total energy / hartree       =     -3007.806022177901923

Time taken for spin-orbital canonical QED-CCSD: 2670.23 secs
