
ExaChem Git Information
{
 WARNING: Failed to retrieve the current git state.
}


TAMM Git Information
{
 Branch: main
 Commit Hash: e71357ad [e71357ad54f38748b4a7e175aa6760820d5ce96f]
 Commit Date: 2026-02-02 23:14:56 -0800
 Commit Message: add GitHub Actions workflow for releases
}


date: Thu Aug  6 11:00:53 2026
program: "/global/cfs/cdirs/m3196/heindelj/cavity_qed/software/install_gpu/bin/bin/ExaChem"
nnodes: 1, nproc_per_node: 4, nproc_total: 4, ngpus_per_node: 1, ngpus_total: 1

Memory information
{
[AMD EPYC 7763 64-Core Processor                ] : 
  CPU memory per node (GiB): 251
  Total CPU memory (GiB): 251
[NVIDIA A100-SXM4-40GB, CUDA v12.9] : 
  GPU memory per device (GiB): 39
  GPU memory per node (GiB): 39
  Total GPU memory (GiB): 39
}

------------------------------------------------------------

Input file provided: /global/cfs/cdirs/m4262/heindelj/cavity_qed/mlip/lambda_scans/grid_scans_optimized_geoms/runs_grid_no_freq/meta_th27_ph216/meta_th27_ph216_qed_ccsd_input.json

{
  "geometry": {
    "coordinates": [
      "C    -0.913549370800    2.033912104900    0.741362942100",
      "C     0.482772965200    1.955035282500    0.798474055000",
      "C     1.157363890400    0.734507292500    0.658010681500",
      "C     0.492889503700   -0.431682200200    0.494394330700",
      "C    -1.628793153100    0.887090457600    0.575668667800",
      "H    -1.405736713100    2.994603197400    0.809738234500",
      "H     1.080170437300    2.849154361900    0.934286846600",
      "H     1.030816208600   -1.368180378500    0.396883595800",
      "H    -2.710802009000    0.903117091500    0.530872988600",
      "N     2.646632145000    0.739048954800    0.649683498300",
      "O     3.184285021700   -0.317706936000    0.455884546400",
      "O     3.164354523800    1.804737111700    0.853991907200",
      "C    -0.972227087900   -0.427719308200    0.567867219400",
      "H    -1.171568645400   -0.825323356900    1.570981835900",
      "Br   -1.828440981700   -1.728994677500   -0.566643643900"
    ],
    "units": "angstrom",
    "noorient": true
  },
  "common": {
    "maxiter": 100,
    "debug": false
  },
  "basis": {
    "basisset": "6-311G*"
  },
  "SCF": {
    "charge": 1,
    "multiplicity": 1,
    "lshift": 0,
    "tol_lindep": 1e-10,
    "conve": 1e-07,
    "convd": 1e-05,
    "diis_hist": 10,
    "writem": 10,
    "restart": false,
    "noscf": false,
    "scf_type": "restricted",
    "debug": false,
    "qed_omegas": [
      0.06615
    ],
    "qed_volumes": [],
    "qed_lambdas": [
      0.1
    ],
    "qed_polvecs": [
      [
        -0.36728602957406853,
        -0.2668489204277954,
        0.8910065241883679
      ]
    ],
    "direct_df": false
  },
  "CD": {
    "debug": false,
    "diagtol": 1e-06
  },
  "CC": {
    "threshold": 1e-06,
    "ndiis": 5,
    "ccsd_maxiter": 200,
    "tilesize": 40,
    "freeze": {
      "atomic": true
    },
    "readt": false,
    "writet": true,
    "writet_iter": 5,
    "debug": false,
    "profile_ccsd": false,
    "balance_tiles": true
  },
  "TASK": {
    "scf": false,
    "ccsd": true
  }
}

Output folder & files prefix: meta_th27_ph216_qed_ccsd_input.6-311g*

  C (carbon)
  ----------
          Exponent        Coefficients
      ----------------  --------------------
  1 S  4.56324000E+03      0.778202
  1 S  6.82024000E+02      1.448695
  1 S  1.54973000E+02      2.383089
  1 S  4.44553000E+01      3.200089
  1 S  1.30290000E+01      3.013004
  1 S  1.82773000E+00      0.247599

  2 S  2.09642000E+01      0.800629
  2 S  4.80331000E+00      2.127420
  2 S  1.45933000E+00     -0.002868

  3 P  2.09642000E+01      2.573592
  3 P  4.80331000E+00      2.408248
  3 P  1.45933000E+00      1.865281

  4 S  4.83456000E-01      0.413217

  5 P  4.83456000E-01      0.574627

  6 S  1.45585000E-01      0.167976

  7 P  1.45585000E-01      0.128185

  8 D  6.26000000E-01      0.725128


  H (hydrogen)
  ------------
          Exponent        Coefficients
      ----------------  --------------------
  1 S  3.38650000E+01      0.255069
  1 S  5.09479000E+00      0.460109
  1 S  1.15879000E+00      0.678321

  2 S  3.25840000E-01      0.307371

  3 S  1.02741000E-01      0.129336


  N (nitrogen)
  ------------
          Exponent        Coefficients
      ----------------  --------------------
  1 S  6.29348000E+03      0.991968
  1 S  9.49044000E+02      1.823240
  1 S  2.18776000E+02      2.979891
  1 S  6.36916000E+01      4.000007
  1 S  1.88282000E+01      3.881008
  1 S  2.72023000E+00      0.386764

  2 S  3.06331000E+01      1.038501
  2 S  7.02614000E+00      2.834794
  2 S  2.11205000E+00     -0.003208

  3 P  3.06331000E+01      3.935616
  3 P  7.02614000E+00      3.870994
  3 P  2.11205000E+00      2.967271

  4 S  6.84009000E-01      0.536051

  5 P  6.84009000E-01      0.886681

  6 S  2.00878000E-01      0.213850

  7 P  2.00878000E-01      0.191693

  8 D  9.13000000E-01      1.403568


  O (oxygen)
  ----------
          Exponent        Coefficients
      ----------------  --------------------
  1 S  8.58850000E+03      1.205013
  1 S  1.29723000E+03      2.216205
  1 S  2.99296000E+02      3.627452
  1 S  8.73771000E+01      4.888452
  1 S  2.56789000E+01      4.835721
  1 S  3.74004000E+00      0.538229

  2 S  4.21175000E+01      1.341958
  2 S  9.62837000E+00      3.587114
  2 S  2.85332000E+00     -0.005123

  3 P  4.21175000E+01      5.584018
  3 P  9.62837000E+00      5.733366
  3 P  2.85332000E+00      4.332955

  4 S  9.05661000E-01      0.661659

  5 P  9.05661000E-01      1.259352

  6 S  2.55611000E-01      0.256209

  7 P  2.55611000E-01      0.259068

  8 D  1.29200000E+00      2.577026


  Br (bromine)
  ------------
          Exponent        Coefficients
      ----------------  --------------------
  1 S  4.39700000E+05      9.893706
  1 S  6.60300000E+04     18.450679
  1 S  1.51400000E+04     31.049770
  1 S  4.31700000E+03     48.888138
  1 S  1.41400000E+03     64.847798
  1 S  5.23900000E+02     42.245010

  2 S  5.23900000E+02     14.290679
  2 S  2.07700000E+02     24.083128
  2 S  8.65400000E+01      5.132542

  3 S  3.05200000E+01      9.254405

  4 S  1.29800000E+01      4.873782

  5 S  4.41200000E+00      2.169635

  6 S  1.86200000E+00      1.136043

  7 S  3.93200000E-01      0.353892

  8 S  1.40000000E-01      0.163120

  9 P  2.95700000E+03    691.874478
  9 P  7.00300000E+02    925.332763
  9 P  2.24600000E+02   1068.830732

  10 P  8.25900000E+01    122.079275
  10 P  3.31900000E+01     57.580687
  10 P  1.42000000E+01     10.176170

  11 P  1.42000000E+01      3.129736
  11 P  7.43800000E+00      6.538168
  11 P  3.52600000E+00      4.166276

  12 P  1.59500000E+00      2.555000

  13 P  8.46200000E-01      1.156861

  14 P  3.18600000E-01      0.341191

  15 P  1.09600000E-01      0.089888

  16 D  1.34800000E+02    160.709187
  16 D  3.63900000E+01    119.797406
  16 D  1.21600000E+01     55.531619
  16 D  4.34100000E+00     12.984636

  17 D  1.53500000E+00      3.484168

  18 D  4.51000000E-01      0.408525



Printing Internal Coordinates

------------------------------------------------------------
                Bond Lengths

i      j        Length (Angstroms)     Length (Bohr)
0      1          1.3997140059         2.6450761258
0      4          1.3617004632         2.5732409409
0      5          1.0815964755         2.0439211174
1      2          1.4016031714         2.6486461311
1      6          1.0838716632         2.0482205990
2      3          1.3521443909         2.5551825814
2      9          1.4892984600         2.8143662091
3      7          1.0843902993         2.0492006793
3      12         1.4669630523         2.7721584057
4      8          1.0830543246         2.0466760530
4      12         1.4696477744         2.7772317952
9      10         1.2013998761         2.2703167336
9      11         1.2022768546         2.2719739828
12     13         1.0972989428         2.0735944802
12     14         1.9270533770         3.6416031124

Number of Bonds: 15

------------------------------------------------------------
           Bond Angles

i      j      k      Angle (degrees)
0      1      2        121.6761 
0      1      6        120.5613 
0      4      8        121.1527 
0      4      12       121.2956 
1      0      4        118.7828 
1      0      5        120.0945 
1      2      3        121.7797 
1      2      9        118.6328 
2      1      6        117.7514 
2      3      7        120.7939 
2      3      12       118.8432 
2      9      10       116.4702 
2      9      11       115.6176 
3      2      9        119.5621 
3      12     4        116.6713 
3      12     13       103.0761 
3      12     14       114.3584 
4      0      5        121.1128 
4      12     13       103.7780 
4      12     14       114.1264 
7      3      12       120.1507 
8      4      12       117.3444 
10     9      11       127.9065 
13     12     14       102.2864 

Number of Angles: 24

------------------------------------------------------------
              Torsional Angles

i      j      k      l      Angle (degrees)
3      2      1      0         -1.7080 
3      12     4      0        -11.0603 
4      0      1      2          1.5335 
4      12     3      2         10.6541 
5      0      1      2       -177.3300 
6      1      0      4       -179.7109 
6      1      0      5          1.4256 
6      1      2      3        179.5028 
7      3      2      1       -179.4017 
7      3      12     4       -174.5966 
8      4      0      1        179.7152 
8      4      0      5         -1.4333 
8      4      12     3        174.1136 
12     3      2      1         -4.6872 
12     4      0      1          5.0859 
12     4      0      5       -176.0626 
13     12     3      2       -102.3182 
13     12     3      7         72.4311 
13     12     4      0        101.5128 
13     12     4      8        -73.3134 
14     12     3      2        147.5021 
14     12     3      7        -37.7486 
14     12     4      0       -148.0060 
14     12     4      8         37.1678 

Number of Torsional Angles: 24


----------------------------------------------------------------------
                          Center of Mass

         x               y               z              Unit
   -0.1344982056   -0.2091102292    0.1728026471      Angstrom
    -0.254164773   -0.3951610632    0.3265496768          Bohr

----------------------------------------------------------------------
                Moment of Inertia Tensor

           1796.43          -1177.61           -591.72
          -1177.61           3025.17          -577.524
           -591.72          -577.524           4284.57

----------------------------------------------------------------------
                      Principal Moments of Inertia

           x                 y                 z                Unit
       249.4334813       1035.299751       1265.251966       amu * ang^2
       890.7431328       3697.122531       4518.296797      amu * bohr^2
  4.1419432295e-38  1.7191568558e-37  2.1010017523e-37          g * cm^2

 - Molecule is an asymmetric top.

----------------------------------------------------------------------

         Rotational constants (MHz)

    A = 2.0261e+03        B = 4.8815e+02        C = 3.9943e+02

----------------------------------------------------------------------

        Rotational constants (cm-1)

    A = 6.7584e-02        B = 1.6283e-02        C = 1.3324e-02

----------------------------------------------------------------------

                                Z-Matrix
C   
C        1       2.6450761
C        2       2.6486461     1       121.67606
C        3      2.55518258     2    121.77972204     1         -1.7080
C        4      4.72329632     3     87.60155171     2          0.8921
H        5      4.02921903     4    115.86727049     3          0.7796
H        6      4.71160003     5     92.98805483     4         -1.5687
H        7      8.03459246     6     92.29112064     5          1.2233
H        8      8.27528575     7     59.44118063     6         -0.9226
N        9     10.13131771     8     29.65595673     7          1.7420
O       10      2.27031673     9    118.06972715     8          5.4416
O       11      4.08095772    10     26.05697059     9        178.7529
C       12      8.89919293    11     62.03019023    10          2.2672
H       13      2.07359448    12    106.00999851    11         86.1794
Br      14      4.55794178    13     51.32091704    12       -148.9773

----------------------------------------------------------------------

             Converted back to Cartesian

C        0.000000      0.000000      0.000000
C        0.000000      0.000000      2.645076
C        0.000000      0.098149     -0.001751
C        0.000049     -0.091172      2.546408
C       -0.000142      0.384345     -2.152891
H        0.000100     -0.162504      1.839047
H       -0.000192      0.608909     -2.808974
H        0.000238     -0.928848      5.077088
H       -0.000118      0.801778     -3.015210
N        0.000215     -1.406415      6.872534
O        0.000097     -0.832229      4.676026
O       -0.001435     -1.895605      8.616006
C        0.010849      0.584950      0.069526
H        0.002674     -0.056832      2.041287
Br       0.029506      1.420906     -2.270372

----------------------------------------------------------------------
                       Geometry in bohr 

1     C      -1.7263581133    3.8435368424    1.4009729205
2     C       0.9123086852    3.6944812504    1.5088972826
3     C       2.1871007809    1.3880176203    1.2434599760
4     C       0.9314261723   -0.8157611318    0.9342698832
5     C      -3.0779729751    1.6763580138    1.0878561214
6     H      -2.6564573929    5.6589798989    1.5301834969
7     H       2.0412262958    5.3841214344    1.7655462631
8     H       1.9479603204   -2.5854862062    0.7500012999
9     H      -5.1226733786    1.7066439626    1.0032045561
10    N       5.0014099101    1.3966001182    1.2277238803
11    O       6.0174265978   -0.6003790973    0.8614969377
12    O       5.9797634153    3.4104588704    1.6138108183
13    C      -1.8372429283   -0.8082723513    1.0731135205
14    H      -2.2139438775   -1.5596351099    2.9687254186
15    Br     -3.4552526928   -3.2673264136   -1.0708012980

 Number of nodes, processes per node used for SCF calculation: 1, 4

Common Options
{
  maxiter       = 100
  basis         = 6-311g* spherical
  geom_units    = angstrom
  ang2au factor = 1.889726126
  debug         = false
  file_prefix   = meta_th27_ph216_qed_ccsd_input
}

SCF Options
{
  charge            = 1
  multiplicity      = 1
  level shift       = 0
  tol_int           = 1e-22
  tol_sch           = 1e-12
  tol_lindep        = 1e-10
  conve             = 1e-07
  convd             = 1e-05
  diis_hist         = 10
  AO_tilesize       = 30
  writem            = 10
  damp              = 100
  n_lindep          = 0
  scf_type          = restricted
  cuscf             = false
  qed_omegas        = [0.06615,]
  qed_lambdas       = [0.1,]
  qed_polvecs       = [[-0.3672860296,-0.2668489204,0.8910065242,],]
  direct_df         = false
  restart_size      = 2000
  restart           = false
  debug             = false
}

Number of basis functions = 221

Total number of shells = 105

Total number of electrons = 98
  # of alpha electrons    = 49
  # of beta electons      = 49

Nuclear repulsion energy  = 730.273420030748

# of {all,non-negligible} shell-pairs = {5565,4863}
Number of AO tiles = 105

Time for initial setup: 0.06 secs
HF exch = 1.00

Time for computing 1-e integrals T, V, S: 0.01 secs
Time for computing orthogonalizer: 0.01 secs

Superposition of Atomic Density Guess ...
Time taken for SAD: 0.41 secs
Total Time to compute initial guess: 0.41 secs


 SCF iterations
-----------------------------------------------------------------------------
 Iter     Energy            E-Diff       RMSD        |[F,P]|^2       Time(s)
-----------------------------------------------------------------------------
   1  -3011.7053904228    -3.01e+03     1.72e-02     1.49e+03         0.7 
   2  -3005.8345807903     5.87e+00     7.19e-03     7.52e+00         2.1 
   3  -3006.0216817360    -1.87e-01     2.92e-03     3.63e+00         2.1 
   4  -3006.1262431044    -1.05e-01     1.19e-03     9.98e-02         2.1 
   5  -3006.1325558382    -6.31e-03     2.57e-04     8.62e-03         2.1 
   6  -3006.1331316667    -5.76e-04     1.95e-04     1.60e-03         2.1 
   7  -3006.1333221441    -1.90e-04     8.36e-05     2.90e-04         2.1 
   8  -3006.1333565781    -3.44e-05     2.91e-05     4.78e-05         2.1 
   9  -3006.1333617214    -5.14e-06     1.22e-05     6.57e-06         2.1 
  10  -3006.1333623895    -6.68e-07     4.36e-06     1.29e-06         2.1 
  11  -3006.1333624904    -1.01e-07     2.06e-06     1.75e-07         2.1 
  12  -3006.1333625081    -1.77e-08     7.03e-07     1.83e-08         2.1 

** Total SCF energy = -3006.1333625081065

Nuclear repulsion energy = 730.273420030748298
#electrons        = 98
1e energy kinetic = 3006.1698289597311486
1e energy N-e     = -8613.9661041732160811
1e energy         = -5606.8714238339089206
2e energy         = 1871.2140600744453423
QED energy        = 0.1754326001846311
QED eT energy     = 0.1490996826317550
QED eT energy from matrix = 0.1490996826317487

 Polarizability Matrix (QED energy = 0.5 * lambda.dot(matrix * lambda))
[41.18425282,  1.57388606,  1.10812310]
[ 1.57388606, 45.06051769,  2.52530111]
[ 1.10812310,  2.52530111, 35.19334197]

 Polarizability Matrix (QED eT energy = 0.5 * lambda.dot(matrix * lambda))
[37.54918318,  1.84285518,  1.35578679]
[ 1.84285518, 42.19844259,  3.16173996]
[ 1.35578679,  3.16173996, 29.95284346]


                      Electron        Nuclear        Total  
                  ------------------------------------------
    Monopole         -98.000000     99.000000      1.000000

      Dipole   X       9.518120    -11.614773     -2.096654
      Dipole   Y      20.912485    -19.624800      1.287685
      Dipole   Z     -41.041333     42.427563      1.386230

  Quadrupole  XX   -1399.052397   1348.730675    -50.321722
  Quadrupole  XY    -537.700786    535.922288     -1.778498
  Quadrupole  XZ    -265.999644    263.807363     -2.192281
  Quadrupole  YY    -800.964236    763.134379    -37.829857
  Quadrupole  YZ    -262.217772    264.932560      2.714788
  Quadrupole  ZZ    -193.762100    147.257363    -46.504737

    Octupole XXX   -2693.452417   2566.617103   -126.835314
    Octupole XXY      11.670502    -27.661912    -15.991410
    Octupole XXZ    -734.038604    697.320113    -36.718491
    Octupole XYY     758.336272   -790.550921    -32.214649
    Octupole XYZ     151.245330   -161.567510    -10.322180
    Octupole XZZ     -46.226932     33.744472    -12.482461
    Octupole YYY    -109.708574    116.195884      6.487310
    Octupole YYZ    -194.278734    173.060255    -21.218479
    Octupole YZZ     -92.586288     78.311241    -14.275047
    Octupole ZZZ    -201.438879    114.080705    -87.358173

writing orbitals and density to disk ... done.

Total Time taken for Hartree-Fock: 25.93 secs

CD Options
{
  debug             = false
  skip_cd           = [false, 100]
  write_cv          = [false, 5000]
  diagtol           = 1e-06
  itilesize         = 1000
  max_cvecs_factor  = 12
}

- #occupied, #virtual = 98, 344

- Tilesize for the MSO space: 40

-----------------------------------------------------
Begin 2-index transformation ... 

nAO, nMO, nelectrons = 221, 442, 98
n_occ_alpha, n_vir_alpha, n_occ_beta, n_vir_beta = 49,172,49,172

Time taken for Fao->Fmo transform: 0.00 secs

-----------------------------------------------------
Number of AO tiles = 105
# of {all,non-negligible} shell-pairs = {5565,4863}

    Begin Cholesky Decomposition
---------------------------------------------
Total # of mpi ranks used for Cholesky decomposition: 4
  --> Number of nodes, mpi ranks per node: 1, 4
- CPU memory required for computing cholesky vectors: 1.93 GiB

- Time for computing the diagonal: 0.01 secs

- Total number of cholesky vectors = 1645

- Time to compute cholesky vectors: 15.76 secs

- CPU memory required for resizing the ao cholesky tensor: 1.56 GiB
- CPU memory required for ao2mo transformation: 1.70 GiB
- CPU memory required for the 2-step contraction: 2.11 GiB

- Time for ao to mo transform: 1.55 secs

   End Cholesky Decomposition
---------------------------------------------

Total Time taken for Cholesky Decomposition: 20.31 secs

scf_type = restricted
Closed-Shell SCF
QED-HF Enabled
nbf = 203
nbf_orig = 221
n_lindep = 0
focc = 1
nmo = 406
nocc = 62
nvir = 344
n_occ_alpha = 31
n_vir_alpha = 172
n_occ_beta = 31
n_vir_beta = 172
nelectrons = 98
nelectrons_alpha = 49
nelectrons_beta = 49
freeze atomic = true
n_frozen_core = 18
n_frozen_virtual = 0
----------------------------
--------- QED-CCSD --------
lambda_x: -0.0367
lambda_y: -0.0267
lambda_z: 0.0891
omega: 0.066150
coupling_factor_x: -0.006680
coupling_factor_y: -0.004853
coupling_factor_z: 0.016204
----------------------------
# of {all,non-negligible} shell-pairs = {5565,4863}
Number of AO tiles = 105
----------------------------
Electronic dipole expectation value using SCF density: 
dipole_x_elec: 9.51815239
dipole_y_elec: 20.91249645
dipole_z_elec: -41.04135203

d_n/N value: d_n is nuclear dipole moment and N is the total number of electrons 
d_nuc_x: -0.11851809
d_nuc_y: -0.20025306
d_nuc_z: 0.43293432

<d_e+d_n> expectation values: 
dipole_total_x: -2.09662069
dipole_total_y: 1.28769642
dipole_total_z: 1.38621101
----------------------------


 CCSD iterations
------------------------------------------------------------
  Iter     Residuum          Correlation          Time(s)
------------------------------------------------------------
   1     1.1852173487911    0.0000000000000         86.20
   2     0.1641823007031   -1.6751220208996         84.98
   3     0.0648005030385   -1.6215585380260         84.75
   4     0.0184882799412   -1.6880221796537         85.28
   5     0.0144973299554   -1.6809202999559         85.76
 MICROCYCLE DIIS UPDATE:                    6
   6     0.0064741972041   -1.6893752898256         85.03
   7     0.0039042934116   -1.6893727235775         84.58
   8     0.0025553420388   -1.6903259159913         84.42
   9     0.0017470901364   -1.6904369720475         83.71
  10     0.0014858389129   -1.6906845226470         83.78
 MICROCYCLE DIIS UPDATE:                   11
  11     0.0003635293518   -1.6909534076590         83.75
  12     0.0002760567474   -1.6910317602365         84.34
  13     0.0001854481739   -1.6910246263228         83.75
  14     0.0001638886597   -1.6910210311528         83.73
  15     0.0001248519867   -1.6910223941468         83.76
 MICROCYCLE DIIS UPDATE:                   16
  16     0.0000460027934   -1.6910050174521         84.14
  17     0.0000256058375   -1.6910236705084         84.31
  18     0.0000205657746   -1.6910251653870         84.27
  19     0.0000147578876   -1.6910272777726         84.00
  20     0.0000134336871   -1.6910276010798         83.95
 MICROCYCLE DIIS UPDATE:                   21
  21     0.0000054997455   -1.6910287193595         84.22
  22     0.0000039674866   -1.6910293114884         87.08
  23     0.0000027475300   -1.6910291832383         84.15
  24     0.0000024261198   -1.6910289727468         84.20
  25     0.0000018977191   -1.6910289930863         84.30
 MICROCYCLE DIIS UPDATE:                   26
  26     0.0000007585521   -1.6910285552094         83.97
------------------------------------------------------------------
 Iterations converged
 CCSD correlation energy / hartree =        -1.691028555209383
 CCSD total energy / hartree       =     -3007.824391063315943

Time taken for spin-orbital canonical QED-CCSD: 2252.67 secs
