
ExaChem Git Information
{
 Branch: qedgrad
 Commit Hash: 9026f44 [9026f44116d5480455486ce7ea5dde64bcef9cf4]
 Commit Date: 2026-07-23 13:25:44 -0700
 Commit Message: QED gradients
}


TAMM Git Information
{
 Branch: main
 Commit Hash: e71357a [e71357ad54f38748b4a7e175aa6760820d5ce96f]
 Commit Date: 2026-02-02 23:14:56 -0800
 Commit Message: add GitHub Actions workflow for releases
}


date: Thu Jul 23 15:03:01 2026
program: "/ravenfs/scratch/meji656/codes/release_gpu/bin/ExaChem"
nnodes: 4, nproc_per_node: 1, nproc_total: 4, ngpus_per_node: 1, ngpus_total: 4

Memory information
{
[AMD EPYC 9124 16-Core Processor                ] : 
  CPU memory per node (GiB): 1007
  Total CPU memory (GiB): 4028
[NVIDIA H100 NVL, CUDA v12.9] : 
  GPU memory per device (GiB): 93
  GPU memory per node (GiB): 93
  Total GPU memory (GiB): 372
}

------------------------------------------------------------

Input file provided: /ravenfs/scratch/meji656/runs/MAPOL/NITROBENZENE/CCSDSCANS/qed_ccsd_scans/relaxed_dir_65_78/meta_lam0.08.json

{
  "geometry": {
    "coordinates": [
      "C   -0.925665990800   1.990537947900   0.841404764600",
      "C    0.459935790400   1.925207750800   0.684796305400",
      "C    1.149652682000   0.704046854700   0.699167536300",
      "C    0.494785099800  -0.471216601600   0.752293576000",
      "C   -1.637448191900   0.830278754600   0.872846570300",
      "H   -1.423392303800   2.946048394900   0.901073466600",
      "H    1.042021181500   2.830398487900   0.562982718200",
      "H    1.035149015000  -1.409581491400   0.758798920300",
      "H   -2.719834803000   0.838456470000   0.939730515400",
      "N    2.624939417300   0.726453483900   0.605676247200",
      "O    3.216684790900  -0.103044620400   1.242666624400",
      "O    3.080074705100   1.573137255500  -0.118649992600",
      "C   -0.977674654000  -0.473526731800   0.681986038700",
      "H   -1.431669200300  -1.276529795000   1.258806701600",
      "Br  -1.379390824300  -0.829067241900  -1.212122362800"
    ],
    "units": "angstrom",
    "noorient": true
  },
  "common": {
    "maxiter": 100,
    "debug": false
  },
  "basis": {
    "basisset": "6-311G*"
  },
  "SCF": {
    "charge": 1,
    "multiplicity": 1,
    "lshift": 0,
    "tol_lindep": 1e-10,
    "conve": 1e-07,
    "convd": 1e-05,
    "diis_hist": 10,
    "writem": 10,
    "restart": false,
    "noscf": false,
    "scf_type": "restricted",
    "debug": false,
    "qed_omegas": [
      0.06615
    ],
    "qed_volumes": [],
    "qed_lambdas": [
      0.08
    ],
    "qed_polvecs": [
      [
        0.18843198440409173,
        0.8865027874162641,
        0.42261826174069944
      ]
    ],
    "direct_df": false
  },
  "CD": {
    "debug": false,
    "diagtol": 1e-06
  },
  "CC": {
    "threshold": 1e-06,
    "ndiis": 5,
    "ccsd_maxiter": 200,
    "tilesize": 40,
    "freeze": {
      "atomic": true
    },
    "readt": false,
    "writet": true,
    "writet_iter": 5,
    "debug": false,
    "profile_ccsd": false,
    "balance_tiles": true
  },
  "TASK": {
    "scf": false,
    "ccsd": true
  }
}

Output folder & files prefix: meta_lam0.08.6-311g*

  C (carbon)
  ----------
          Exponent        Coefficients
      ----------------  --------------------
  1 S  4.56324000E+03      0.778202
  1 S  6.82024000E+02      1.448695
  1 S  1.54973000E+02      2.383089
  1 S  4.44553000E+01      3.200089
  1 S  1.30290000E+01      3.013004
  1 S  1.82773000E+00      0.247599

  2 S  2.09642000E+01      0.800629
  2 S  4.80331000E+00      2.127420
  2 S  1.45933000E+00     -0.002868

  3 P  2.09642000E+01      2.573592
  3 P  4.80331000E+00      2.408248
  3 P  1.45933000E+00      1.865281

  4 S  4.83456000E-01      0.413217

  5 P  4.83456000E-01      0.574627

  6 S  1.45585000E-01      0.167976

  7 P  1.45585000E-01      0.128185

  8 D  6.26000000E-01      0.725128


  H (hydrogen)
  ------------
          Exponent        Coefficients
      ----------------  --------------------
  1 S  3.38650000E+01      0.255069
  1 S  5.09479000E+00      0.460109
  1 S  1.15879000E+00      0.678321

  2 S  3.25840000E-01      0.307371

  3 S  1.02741000E-01      0.129336


  N (nitrogen)
  ------------
          Exponent        Coefficients
      ----------------  --------------------
  1 S  6.29348000E+03      0.991968
  1 S  9.49044000E+02      1.823240
  1 S  2.18776000E+02      2.979891
  1 S  6.36916000E+01      4.000007
  1 S  1.88282000E+01      3.881008
  1 S  2.72023000E+00      0.386764

  2 S  3.06331000E+01      1.038501
  2 S  7.02614000E+00      2.834794
  2 S  2.11205000E+00     -0.003208

  3 P  3.06331000E+01      3.935616
  3 P  7.02614000E+00      3.870994
  3 P  2.11205000E+00      2.967271

  4 S  6.84009000E-01      0.536051

  5 P  6.84009000E-01      0.886681

  6 S  2.00878000E-01      0.213850

  7 P  2.00878000E-01      0.191693

  8 D  9.13000000E-01      1.403568


  O (oxygen)
  ----------
          Exponent        Coefficients
      ----------------  --------------------
  1 S  8.58850000E+03      1.205013
  1 S  1.29723000E+03      2.216205
  1 S  2.99296000E+02      3.627452
  1 S  8.73771000E+01      4.888452
  1 S  2.56789000E+01      4.835721
  1 S  3.74004000E+00      0.538229

  2 S  4.21175000E+01      1.341958
  2 S  9.62837000E+00      3.587114
  2 S  2.85332000E+00     -0.005123

  3 P  4.21175000E+01      5.584018
  3 P  9.62837000E+00      5.733366
  3 P  2.85332000E+00      4.332955

  4 S  9.05661000E-01      0.661659

  5 P  9.05661000E-01      1.259352

  6 S  2.55611000E-01      0.256209

  7 P  2.55611000E-01      0.259068

  8 D  1.29200000E+00      2.577026


  Br (bromine)
  ------------
          Exponent        Coefficients
      ----------------  --------------------
  1 S  4.39700000E+05      9.893706
  1 S  6.60300000E+04     18.450679
  1 S  1.51400000E+04     31.049770
  1 S  4.31700000E+03     48.888138
  1 S  1.41400000E+03     64.847798
  1 S  5.23900000E+02     42.245010

  2 S  5.23900000E+02     14.290679
  2 S  2.07700000E+02     24.083128
  2 S  8.65400000E+01      5.132542

  3 S  3.05200000E+01      9.254405

  4 S  1.29800000E+01      4.873782

  5 S  4.41200000E+00      2.169635

  6 S  1.86200000E+00      1.136043

  7 S  3.93200000E-01      0.353892

  8 S  1.40000000E-01      0.163120

  9 P  2.95700000E+03    691.874478
  9 P  7.00300000E+02    925.332763
  9 P  2.24600000E+02   1068.830732

  10 P  8.25900000E+01    122.079275
  10 P  3.31900000E+01     57.580687
  10 P  1.42000000E+01     10.176170

  11 P  1.42000000E+01      3.129736
  11 P  7.43800000E+00      6.538168
  11 P  3.52600000E+00      4.166276

  12 P  1.59500000E+00      2.555000

  13 P  8.46200000E-01      1.156861

  14 P  3.18600000E-01      0.341191

  15 P  1.09600000E-01      0.089888

  16 D  1.34800000E+02    160.709187
  16 D  3.63900000E+01    119.797406
  16 D  1.21600000E+01     55.531619
  16 D  4.34100000E+00     12.984636

  17 D  1.53500000E+00      3.484168

  18 D  4.51000000E-01      0.408525



Printing Internal Coordinates

------------------------------------------------------------
                Bond Lengths

i      j        Length (Angstroms)     Length (Bohr)
0      1          1.3959536311         2.6379700473
0      4          1.3615520132         2.5729604111
0      5          1.0790236564         2.0390591939
1      2          1.4025511959         2.6504376377
1      6          1.0830661213         2.0466983455
2      3          1.3464464780         2.5444150865
2      9          1.4784159190         2.7938011871
3      7          1.0828500112         2.0462899566
3      12         1.4741391430         2.7857192518
4      8          1.0844819561         2.0493738855
4      12         1.4736477226         2.7847906017
9      10         1.2016598657         2.2708080427
9      11         1.2036070958         2.2744877742
12     13         1.0879554424         2.0559378234
12     14         1.9686115850         3.7201367439

Number of Bonds: 15

------------------------------------------------------------
           Bond Angles

i      j      k      Angle (degrees)
0      1      2        121.8508 
0      1      6        120.4616 
0      4      8        121.1152 
0      4      12       121.1246 
1      0      4        118.7903 
1      0      5        120.3646 
1      2      3        121.4132 
1      2      9        118.4815 
2      1      6        117.6804 
2      3      7        120.9257 
2      3      12       119.0321 
2      9      10       116.5779 
2      9      11       115.2178 
3      2      9        120.0703 
3      12     4        116.0810 
3      12     13       113.1217 
3      12     14       104.4775 
4      0      5        120.8102 
4      12     13       113.4234 
4      12     14       101.1304 
7      3      12       119.8268 
8      4      12       117.4845 
10     9      11       128.1983 
13     12     14       106.9579 

Number of Angles: 24

------------------------------------------------------------
              Torsional Angles

i      j      k      l      Angle (degrees)
3      2      1      0          5.6669 
4      0      1      2         -6.7555 
5      0      1      2        175.3748 
6      1      0      4        174.2425 
6      1      0      5         -3.6273 
6      1      2      3       -175.3045 
7      3      2      1        179.7394 
8      4      0      1       -176.7077 
8      4      0      5          1.1523 

Number of Torsional Angles: 9


----------------------------------------------------------------------
                          Center of Mass

         x               y               z              Unit
   0.03190536297    0.1254204629  -0.05697394654      Angstrom
   0.06029239796    0.2370103255   -0.1076651553          Bohr

----------------------------------------------------------------------
                Moment of Inertia Tensor

           1514.79          -610.557          -690.764
          -610.557           3025.08           -455.88
          -690.764           -455.88           3164.81

----------------------------------------------------------------------
                      Principal Moments of Inertia

           x                 y                 z                Unit
       279.6201666       878.2411429       999.6678869       amu * ang^2
       998.5417429       3136.256058       3569.878833      amu * bohr^2
  4.6432052734e-38  1.4583547231e-37  1.6599887128e-37          g * cm^2

 - Molecule is an asymmetric top.

----------------------------------------------------------------------

         Rotational constants (MHz)

    A = 1.8074e+03        B = 5.7544e+02        C = 5.0555e+02

----------------------------------------------------------------------

        Rotational constants (cm-1)

    A = 6.0288e-02        B = 1.9195e-02        C = 1.6863e-02

----------------------------------------------------------------------

                                Z-Matrix
C   
C        1         2.63797
C        2       2.6504376     1       121.85084
C        3      2.54441509     2    121.41315698     1          5.6669
C        4      4.72614497     3     87.84091437     2         -2.1591
H        5      4.01898938     4    115.62874522     3         -1.8878
H        6      4.70763508     5     92.95909025     4          5.1513
H        7      8.02095171     6     92.20706043     5         -4.1481
H        8      8.27741340     7     59.37717034     6          3.5935
N        9     10.12208094     8     29.69084617     7         -1.4136
O       10      2.27080804     9    118.21283121     8        -38.0212
O       11      4.08872760    10     25.92335902     9       -179.5165
C       12      8.72046291    11     66.59490903    10        -12.1939
H       13      2.05593782    12    141.83800792    11          2.0156
Br      14      4.74635338    13     48.56517125    12       -123.0044

----------------------------------------------------------------------

             Converted back to Cartesian

C        0.000000      0.000000      0.000000
C        0.000000      0.000000      2.637970
C        0.000000      0.098356     -0.010642
C       -0.000162     -0.090019      2.526790
C        0.000440      0.385853     -2.175336
H       -0.000327     -0.159375      1.806498
H        0.000602      0.611077     -2.837663
H       -0.000747     -0.923339      5.035153
H        0.000325      0.806822     -3.059420
N       -0.000751     -1.398353      6.819534
O        0.000227     -0.824174      4.622516
O       -0.000059     -1.889191      8.570101
C       -0.006872      0.552452      0.198435
H       -0.001596     -0.107829      2.145453
Br      -0.014041      1.482828     -2.326406

----------------------------------------------------------------------
                            Geometry in angstrom

1     C      -0.9256659908    1.9905379479    0.8414047646
2     C       0.4599357904    1.9252077508    0.6847963054
3     C       1.1496526820    0.7040468547    0.6991675363
4     C       0.4947850998   -0.4712166016    0.7522935760
5     C      -1.6374481919    0.8302787546    0.8728465703
6     H      -1.4233923038    2.9460483949    0.9010734666
7     H       1.0420211815    2.8303984879    0.5629827182
8     H       1.0351490150   -1.4095814914    0.7587989203
9     H      -2.7198348030    0.8384564700    0.9397305154
10    N       2.6249394173    0.7264534839    0.6056762472
11    O       3.2166847909   -0.1030446204    1.2426666244
12    O       3.0800747051    1.5731372555   -0.1186499926
13    C      -0.9776746540   -0.4735267318    0.6819860387
14    H      -1.4316692003   -1.2765297950    1.2588067016
15    Br     -1.3793908243   -0.8290672419   -1.2121223628

 Number of nodes, processes per node used for SCF calculation: 4, 1

Common Options
{
  maxiter       = 100
  basis         = 6-311g* spherical
  geom_units    = angstrom
  ang2au factor = 1.889726126
  debug         = false
  file_prefix   = meta_lam0.08
}

SCF Options
{
  charge            = 1
  multiplicity      = 1
  level shift       = 0
  tol_int           = 1e-22
  tol_sch           = 1e-12
  tol_lindep        = 1e-10
  conve             = 1e-07
  convd             = 1e-05
  diis_hist         = 10
  AO_tilesize       = 30
  writem            = 10
  damp              = 100
  n_lindep          = 0
  scf_type          = restricted
  cuscf             = false
  qed_omegas        = [0.06615,]
  qed_lambdas       = [0.08,]
  qed_polvecs       = [[0.1884319844,0.8865027874,0.4226182617,],]
  direct_df         = false
  restart_size      = 2000
  restart           = false
  debug             = false
}

Number of basis functions = 221

Total number of shells = 105

Total number of electrons = 98
  # of alpha electrons    = 49
  # of beta electons      = 49

Nuclear repulsion energy  = 754.920784904788

Maximum angular momentum = 2
# of {all,non-negligible} shell-pairs = {5565,4927}
Number of AO tiles = 105

Time for initial setup: 0.01 secs
HF exch = 1.00

Time for computing 1-e integrals T, V, S: 0.06 secs
Time for computing orthogonalizer: 0.03 secs

Superposition of Atomic Density Guess ...
Time taken for SAD: 0.24 secs
Total Time to compute initial guess: 0.24 secs


 SCF iterations
-----------------------------------------------------------------------------
 Iter     Energy            E-Diff       RMSD        |[F,P]|^2       Time(s)
-----------------------------------------------------------------------------
   1  -3011.7857656738    -3.01e+03     1.66e-02     1.55e+02         0.5 
   2  -3005.8709156063     5.91e+00     6.99e-03     2.38e+00         1.8 
   3  -3006.0679590480    -1.97e-01     2.63e-03     1.21e+00         1.7 
   4  -3006.1688163215    -1.01e-01     1.15e-03     2.97e-02         1.7 
   5  -3006.1749142725    -6.10e-03     2.41e-04     3.20e-03         1.8 
   6  -3006.1754853760    -5.71e-04     1.42e-04     4.89e-04         1.8 
   7  -3006.1756419896    -1.57e-04     6.53e-05     1.12e-04         1.8 
   8  -3006.1756831112    -4.11e-05     3.19e-05     2.41e-05         1.8 
   9  -3006.1756930055    -9.89e-06     1.47e-05     3.06e-06         1.8 
  10  -3006.1756947363    -1.73e-06     6.09e-06     5.86e-07         1.8 
  11  -3006.1756950128    -2.77e-07     3.65e-06     1.11e-07         1.8 
  12  -3006.1756950758    -6.30e-08     1.46e-06     1.51e-08         1.8 

** Total SCF energy = -3006.1756950758136

Nuclear repulsion energy = 754.920784904787979
#electrons        = 98
1e energy kinetic = 3006.1022697511352817
1e energy N-e     = -8662.6330316835410486
1e energy         = -5654.0488535140757449
2e energy         = 1895.3044588631482839
QED energy        = 0.1298230886567731
QED eT energy     = 0.1173625584312498


                      Electron        Nuclear        Total  
                  ------------------------------------------
    Monopole         -98.000000     99.000000      1.000000

      Dipole   X     -18.034053     15.786310     -2.247744
      Dipole   Y     -34.387348     35.506673      1.119325
      Dipole   Z      -3.138551      4.580592      1.442041

  Quadrupole  XX   -1209.961552   1159.743402    -50.218150
  Quadrupole  XY    -283.011898    280.918760     -2.093137
  Quadrupole  XZ    -310.159611    307.580842     -2.578769
  Quadrupole  YY    -482.075912    444.398407    -37.677506
  Quadrupole  YZ    -208.031454    211.731632      3.700178
  Quadrupole  ZZ    -372.794801    326.331007    -46.463794

    Octupole XXX   -3425.638022   3271.558834   -154.079188
    Octupole XXY    -908.369636    877.399835    -30.969801
    Octupole XXZ    -587.467484    573.133641    -14.333843
    Octupole XYY    -134.551443    106.510155    -28.041288
    Octupole XYZ     407.987941   -404.499395      3.488546
    Octupole XZZ     212.778738   -248.382332    -35.603594
    Octupole YYY   -1071.773326   1027.275444    -44.497882
    Octupole YYZ    -200.145403    203.969972      3.824569
    Octupole YZZ     126.119266   -160.999354    -34.880088
    Octupole ZZZ     102.457670   -170.511526    -68.053856


writing orbitals and density to disk ... done.

Total Time taken for Hartree-Fock: 20.60 secs

CD Options
{
  debug             = false
  skip_cd           = [false, 100]
  write_cv          = [false, 5000]
  diagtol           = 1e-06
  itilesize         = 1000
  max_cvecs_factor  = 12
}

- #occupied, #virtual = 98, 344

- Tilesize for the MSO space: 40

-----------------------------------------------------
Begin 2-index transformation ... 

nAO, nMO, nelectrons = 221, 442, 98
n_occ_alpha, n_vir_alpha, n_occ_beta, n_vir_beta = 49,172,49,172

Time taken for Fao->Fmo transform: 0.02 secs

-----------------------------------------------------
Number of AO tiles = 105
# of {all,non-negligible} shell-pairs = {5565,4927}

    Begin Cholesky Decomposition
---------------------------------------------
Total # of mpi ranks used for Cholesky decomposition: 4
  --> Number of nodes, mpi ranks per node: 4, 1
- CPU memory required for computing cholesky vectors: 1.93 GiB

- Time for computing the diagonal: 0.01 secs

- Total number of cholesky vectors = 1640

- Time to compute cholesky vectors: 14.29 secs

- CPU memory required for resizing the ao cholesky tensor: 1.56 GiB
- CPU memory required for ao2mo transformation: 1.69 GiB
- CPU memory required for the 2-step contraction: 2.10 GiB

- Time for ao to mo transform: 1.35 secs

   End Cholesky Decomposition
---------------------------------------------

Total Time taken for Cholesky Decomposition: 18.89 secs

scf_type = restricted
Closed-Shell SCF
QED-HF Enabled
nbf = 203
nbf_orig = 221
n_lindep = 0
focc = 1
nmo = 406
nocc = 62
nvir = 344
n_occ_alpha = 31
n_vir_alpha = 172
n_occ_beta = 31
n_vir_beta = 172
nelectrons = 98
nelectrons_alpha = 49
nelectrons_beta = 49
freeze atomic = true
n_frozen_core = 18
n_frozen_virtual = 0
----------------------------
--------- QED-CCSD --------
lambda_x: 0.0151
lambda_y: 0.0709
lambda_z: 0.0338
omega: 0.066150
coupling_factor_x: 0.002742
coupling_factor_y: 0.012898
coupling_factor_z: 0.006149
----------------------------
# of {all,non-negligible} shell-pairs = {5565,4927}
Number of AO tiles = 105
----------------------------
Electronic dipole expectation value using SCF density: 
dipole_x_elec: -18.03389777
dipole_y_elec: -34.38727675
dipole_z_elec: -3.13843643

d_n/N value: d_n is nuclear dipole moment and N is the total number of electrons 
d_nuc_x: 0.16108479
d_nuc_y: 0.36231298
d_nuc_z: 0.04674074

<d_e+d_n> expectation values: 
dipole_total_x: -2.24758805
dipole_total_y: 1.11939576
dipole_total_z: 1.44215606
----------------------------


 CCSD iterations
------------------------------------------------------------
  Iter     Residuum          Correlation          Time(s)
------------------------------------------------------------
   1     1.1810062183087    0.0000000000000         68.49
   2     0.1647967369019   -1.6373932153211         66.66
   3     0.0675336405495   -1.6107043152459         67.31
   4     0.0211758199463   -1.6773978498593         66.82
   5     0.0178318951868   -1.6703266965630         66.84
 MICROCYCLE DIIS UPDATE:                    6
   6     0.0074826420457   -1.6799143298292         65.74
   7     0.0048833300745   -1.6798312819162         65.81
   8     0.0031835373272   -1.6811382333624         65.72
   9     0.0022199758083   -1.6813241307438         65.72
  10     0.0021238876027   -1.6816317695858         65.71
 MICROCYCLE DIIS UPDATE:                   11
  11     0.0005117015566   -1.6820622114607         65.83
  12     0.0003960430870   -1.6821299250928         65.83
  13     0.0002713371423   -1.6821288715563         65.82
  14     0.0002517075632   -1.6821147910645         65.76
  15     0.0001845659686   -1.6821250482579         65.68
 MICROCYCLE DIIS UPDATE:                   16
  16     0.0000751197107   -1.6820999544981         65.39
  17     0.0000462594761   -1.6821272111597         65.72
  18     0.0000391237148   -1.6821305646763         65.43
  19     0.0000298354711   -1.6821351192248         65.40
  20     0.0000301508208   -1.6821350765825         65.44
 MICROCYCLE DIIS UPDATE:                   21
  21     0.0000116062679   -1.6821386811430         65.86
  22     0.0000082151696   -1.6821391090267         65.97
  23     0.0000059385247   -1.6821388104235         65.93
  24     0.0000052744841   -1.6821382519334         65.85
  25     0.0000040020117   -1.6821383917125         65.82
 MICROCYCLE DIIS UPDATE:                   26
  26     0.0000018441127   -1.6821373200505         65.71
  27     0.0000011141568   -1.6821381569981         65.77
  28     0.0000009219642   -1.6821382355927         65.67
------------------------------------------------------------------
 Iterations converged
 CCSD correlation energy / hartree =        -1.682138235592728
 CCSD total energy / hartree       =     -3007.857833311406466

Time taken for spin-orbital canonical QED-CCSD: 1917.57 secs
