
ExaChem Git Information
{
 WARNING: Failed to retrieve the current git state.
}


TAMM Git Information
{
 Branch: main
 Commit Hash: e71357ad [e71357ad54f38748b4a7e175aa6760820d5ce96f]
 Commit Date: 2026-02-02 23:14:56 -0800
 Commit Message: add GitHub Actions workflow for releases
}


date: Mon Aug 10 10:16:16 2026
program: "/global/cfs/cdirs/m3196/heindelj/cavity_qed/software/install_gpu/bin/bin/ExaChem"
nnodes: 1, nproc_per_node: 4, nproc_total: 4, ngpus_per_node: 1, ngpus_total: 1

Memory information
{
[AMD EPYC 7763 64-Core Processor                ] : 
  CPU memory per node (GiB): 251
  Total CPU memory (GiB): 251
[NVIDIA A100-SXM4-40GB, CUDA v12.9] : 
  GPU memory per device (GiB): 39
  GPU memory per node (GiB): 39
  Total GPU memory (GiB): 39
}

------------------------------------------------------------

Input file provided: /global/cfs/cdirs/m4262/heindelj/cavity_qed/mlip/lambda_scans/grid_scans_optimized_geoms/runs_grid_no_freq/meta_th54_ph54/meta_th54_ph54_qed_ccsd_input.json

{
  "geometry": {
    "coordinates": [
      "C    -0.935705288400    1.992564243200    0.829117727000",
      "C     0.447931517300    1.920223329000    0.650021623100",
      "C     1.139409450100    0.705716257000    0.704206395400",
      "C     0.491383880900   -0.471270154200    0.798073244000",
      "C    -1.639603335000    0.834198689000    0.900781304200",
      "H    -1.432350909400    2.949559588000    0.879779773800",
      "H     1.025260661300    2.819969228600    0.487260743800",
      "H     1.034627122000   -1.408278763700    0.821039747400",
      "H    -2.718543342100    0.843903361000    0.986573928000",
      "N     2.615782915000    0.713952800100    0.606142104500",
      "O     3.191465628900   -0.200526341100    1.131936586200",
      "O     3.082029969300    1.624736507700   -0.025098226400",
      "C    -0.979709108500   -0.470723604500    0.691328256200",
      "H    -1.450392111200   -1.285642079600    1.233789513700",
      "Br   -1.263420332500   -0.766784128600   -1.223495078100"
    ],
    "units": "angstrom",
    "noorient": true
  },
  "common": {
    "maxiter": 100,
    "debug": false
  },
  "basis": {
    "basisset": "6-311G*"
  },
  "SCF": {
    "charge": 1,
    "multiplicity": 1,
    "lshift": 0,
    "tol_lindep": 1e-10,
    "conve": 1e-07,
    "convd": 1e-05,
    "diis_hist": 10,
    "writem": 10,
    "restart": false,
    "noscf": false,
    "scf_type": "restricted",
    "debug": false,
    "qed_omegas": [
      0.06615
    ],
    "qed_volumes": [],
    "qed_lambdas": [
      0.1
    ],
    "qed_polvecs": [
      [
        0.4755282581475768,
        0.6545084971874737,
        0.5877852522924731
      ]
    ],
    "direct_df": false
  },
  "CD": {
    "debug": false,
    "diagtol": 1e-06
  },
  "CC": {
    "threshold": 1e-06,
    "ndiis": 5,
    "ccsd_maxiter": 200,
    "tilesize": 40,
    "freeze": {
      "atomic": true
    },
    "readt": false,
    "writet": true,
    "writet_iter": 5,
    "debug": false,
    "profile_ccsd": false,
    "balance_tiles": true
  },
  "TASK": {
    "scf": false,
    "ccsd": true
  }
}

Output folder & files prefix: meta_th54_ph54_qed_ccsd_input.6-311g*

  C (carbon)
  ----------
          Exponent        Coefficients
      ----------------  --------------------
  1 S  4.56324000E+03      0.778202
  1 S  6.82024000E+02      1.448695
  1 S  1.54973000E+02      2.383089
  1 S  4.44553000E+01      3.200089
  1 S  1.30290000E+01      3.013004
  1 S  1.82773000E+00      0.247599

  2 S  2.09642000E+01      0.800629
  2 S  4.80331000E+00      2.127420
  2 S  1.45933000E+00     -0.002868

  3 P  2.09642000E+01      2.573592
  3 P  4.80331000E+00      2.408248
  3 P  1.45933000E+00      1.865281

  4 S  4.83456000E-01      0.413217

  5 P  4.83456000E-01      0.574627

  6 S  1.45585000E-01      0.167976

  7 P  1.45585000E-01      0.128185

  8 D  6.26000000E-01      0.725128


  H (hydrogen)
  ------------
          Exponent        Coefficients
      ----------------  --------------------
  1 S  3.38650000E+01      0.255069
  1 S  5.09479000E+00      0.460109
  1 S  1.15879000E+00      0.678321

  2 S  3.25840000E-01      0.307371

  3 S  1.02741000E-01      0.129336


  N (nitrogen)
  ------------
          Exponent        Coefficients
      ----------------  --------------------
  1 S  6.29348000E+03      0.991968
  1 S  9.49044000E+02      1.823240
  1 S  2.18776000E+02      2.979891
  1 S  6.36916000E+01      4.000007
  1 S  1.88282000E+01      3.881008
  1 S  2.72023000E+00      0.386764

  2 S  3.06331000E+01      1.038501
  2 S  7.02614000E+00      2.834794
  2 S  2.11205000E+00     -0.003208

  3 P  3.06331000E+01      3.935616
  3 P  7.02614000E+00      3.870994
  3 P  2.11205000E+00      2.967271

  4 S  6.84009000E-01      0.536051

  5 P  6.84009000E-01      0.886681

  6 S  2.00878000E-01      0.213850

  7 P  2.00878000E-01      0.191693

  8 D  9.13000000E-01      1.403568


  O (oxygen)
  ----------
          Exponent        Coefficients
      ----------------  --------------------
  1 S  8.58850000E+03      1.205013
  1 S  1.29723000E+03      2.216205
  1 S  2.99296000E+02      3.627452
  1 S  8.73771000E+01      4.888452
  1 S  2.56789000E+01      4.835721
  1 S  3.74004000E+00      0.538229

  2 S  4.21175000E+01      1.341958
  2 S  9.62837000E+00      3.587114
  2 S  2.85332000E+00     -0.005123

  3 P  4.21175000E+01      5.584018
  3 P  9.62837000E+00      5.733366
  3 P  2.85332000E+00      4.332955

  4 S  9.05661000E-01      0.661659

  5 P  9.05661000E-01      1.259352

  6 S  2.55611000E-01      0.256209

  7 P  2.55611000E-01      0.259068

  8 D  1.29200000E+00      2.577026


  Br (bromine)
  ------------
          Exponent        Coefficients
      ----------------  --------------------
  1 S  4.39700000E+05      9.893706
  1 S  6.60300000E+04     18.450679
  1 S  1.51400000E+04     31.049770
  1 S  4.31700000E+03     48.888138
  1 S  1.41400000E+03     64.847798
  1 S  5.23900000E+02     42.245010

  2 S  5.23900000E+02     14.290679
  2 S  2.07700000E+02     24.083128
  2 S  8.65400000E+01      5.132542

  3 S  3.05200000E+01      9.254405

  4 S  1.29800000E+01      4.873782

  5 S  4.41200000E+00      2.169635

  6 S  1.86200000E+00      1.136043

  7 S  3.93200000E-01      0.353892

  8 S  1.40000000E-01      0.163120

  9 P  2.95700000E+03    691.874478
  9 P  7.00300000E+02    925.332763
  9 P  2.24600000E+02   1068.830732

  10 P  8.25900000E+01    122.079275
  10 P  3.31900000E+01     57.580687
  10 P  1.42000000E+01     10.176170

  11 P  1.42000000E+01      3.129736
  11 P  7.43800000E+00      6.538168
  11 P  3.52600000E+00      4.166276

  12 P  1.59500000E+00      2.555000

  13 P  8.46200000E-01      1.156861

  14 P  3.18600000E-01      0.341191

  15 P  1.09600000E-01      0.089888

  16 D  1.34800000E+02    160.709187
  16 D  3.63900000E+01    119.797406
  16 D  1.21600000E+01     55.531619
  16 D  4.34100000E+00     12.984636

  17 D  1.53500000E+00      3.484168

  18 D  4.51000000E-01      0.408525



Printing Internal Coordinates

------------------------------------------------------------
                Bond Lengths

i      j        Length (Angstroms)     Length (Bohr)
0      1          1.3970538402         2.6400491411
0      4          1.3573573168         2.5650335837
0      5          1.0793811217         2.0397347054
1      2          1.3986082901         2.6429866256
1      6          1.0813615160         2.0434771083
2      3          1.3468649285         2.5452058435
2      9          1.4796496388         2.7961325797
3      7          1.0833401191         2.0472161262
3      12         1.4749608044         2.7872719668
4      8          1.0823890677         2.0454188996
4      12         1.4772112786         2.7915247466
9      10         1.2017248120         2.2709307734
9      11         1.2022385924         2.2719016776
12     13         1.0862314790         2.0526800047
12     14         1.9582370373         3.7005316900

Number of Bonds: 15

------------------------------------------------------------
           Bond Angles

i      j      k      Angle (degrees)
0      1      2        121.9821 
0      1      6        120.3297 
0      4      8        120.8946 
0      4      12       120.9788 
1      0      4        118.4361 
1      0      5        120.5060 
1      2      3        121.5785 
1      2      9        119.0720 
2      1      6        117.6713 
2      3      7        121.0673 
2      3      12       118.3273 
2      9      10       116.4075 
2      9      11       115.2122 
3      2      9        119.3113 
3      12     4        115.8242 
3      12     13       113.3134 
3      12     14       102.4280 
4      0      5        121.0341 
4      12     13       113.4748 
4      12     14       101.9747 
7      3      12       120.1319 
8      4      12       117.6747 
10     9      11       128.3482 
13     12     14       108.1872 

Number of Angles: 24

------------------------------------------------------------
              Torsional Angles

i      j      k      l      Angle (degrees)
3      2      1      0          6.7783 
4      0      1      2         -7.8249 
5      0      1      2        173.9334 
6      1      0      4        173.7070 
6      1      0      5         -4.5347 
6      1      2      3       -174.7146 
7      3      2      1        178.8585 
8      4      0      1       -176.7496 
8      4      0      5          1.4824 

Number of Torsional Angles: 9


----------------------------------------------------------------------
                          Center of Mass

         x               y               z              Unit
   0.07253185919      0.14573956  -0.06041202993      Angstrom
    0.1370653493    0.2754078542   -0.1141621913          Bohr

----------------------------------------------------------------------
                Moment of Inertia Tensor

           1487.44          -542.726          -647.869
          -542.726           2918.42          -435.595
          -647.869          -435.595           3040.73

----------------------------------------------------------------------
                      Principal Moments of Inertia

           x                 y                 z                Unit
       285.9897458       837.4982992       961.7690792       amu * ang^2
       1021.287923       2990.760722       3434.539734      amu * bohr^2
  4.7489746963e-38  1.3906995933e-37  1.5970562192e-37          g * cm^2

 - Molecule is an asymmetric top.

----------------------------------------------------------------------

         Rotational constants (MHz)

    A = 1.7671e+03        B = 6.0344e+02        C = 5.2547e+02

----------------------------------------------------------------------

        Rotational constants (cm-1)

    A = 5.8945e-02        B = 2.0129e-02        C = 1.7528e-02

----------------------------------------------------------------------

                                Z-Matrix
C   
C        1       2.6400491
C        2       2.6429866     1       121.98212
C        3      2.54520584     2    121.57849517     1          6.7783
C        4      4.72654631     3     87.51700561     2         -2.6866
H        5      4.01678896     4    115.84580218     3         -2.3354
H        6      4.70944603     5     92.63421073     4          6.1559
H        7      8.01510740     6     92.38541940     5         -4.8033
H        8      8.27734869     7     59.23636855     6          4.0620
N        9     10.10900193     8     29.58696692     7         -2.1086
O       10      2.27093077     9    117.71426974     8        -29.4052
O       11      4.08910281    10     25.83183678     9        179.1032
C       12      8.74229550    11     65.13522007    10        -12.0595
H       13      2.05268000    12    142.90143121    11          7.5130
Br      14      4.75911667    13     47.62260037    12       -120.7738

----------------------------------------------------------------------

             Converted back to Cartesian

C        0.000000      0.000000      0.000000
C        0.000000      0.000000      2.640049
C        0.000000      0.098185     -0.001113
C       -0.000195     -0.090477      2.537091
C        0.000530      0.385396     -2.165439
H       -0.000393     -0.159764      1.814184
H        0.000726      0.610793     -2.831796
H       -0.000910     -0.922608      5.035264
H        0.000417      0.807298     -3.059297
N       -0.000924     -1.394421      6.807027
O       -0.000144     -0.820677      4.609768
O       -0.003491     -1.884819      8.557977
C        0.014775      0.556939      0.163621
H        0.004567     -0.101418      2.107832
Br       0.035329      1.489847     -2.377268

----------------------------------------------------------------------
                       Geometry in bohr 

1     C      -1.7682267296    3.7654007079    1.5668054302
2     C       0.8464678909    3.6286961924    1.2283628436
3     C       2.1531718060    1.3336104483    1.3307572234
4     C       0.9285809576   -0.8905715228    1.5081398596
5     C      -3.0984012583    1.5764070568    1.7022299643
6     H      -2.7067509350    5.5738598134    1.6625428236
7     H       1.9374618575    5.3289695255    0.9207893577
8     H       1.9551619030   -2.6612611723    1.5515402611
9     H      -5.1373023780    1.5947462290    1.8643545269
10    N       4.9431133142    1.3491752590    1.1454425709
11    O       6.0309959789   -0.3789398657    2.1390501398
12    O       5.8241925538    3.0703070263   -0.0474287741
13    C      -1.8513818981   -0.8895386935    1.3064210673
14    H      -2.7408438653   -2.4295114264    2.3315242779
15    Br     -2.3875184103   -1.4490120007   -2.3120706140

 Number of nodes, processes per node used for SCF calculation: 1, 4

Common Options
{
  maxiter       = 100
  basis         = 6-311g* spherical
  geom_units    = angstrom
  ang2au factor = 1.889726126
  debug         = false
  file_prefix   = meta_th54_ph54_qed_ccsd_input
}

SCF Options
{
  charge            = 1
  multiplicity      = 1
  level shift       = 0
  tol_int           = 1e-22
  tol_sch           = 1e-12
  tol_lindep        = 1e-10
  conve             = 1e-07
  convd             = 1e-05
  diis_hist         = 10
  AO_tilesize       = 30
  writem            = 10
  damp              = 100
  n_lindep          = 0
  scf_type          = restricted
  cuscf             = false
  qed_omegas        = [0.06615,]
  qed_lambdas       = [0.1,]
  qed_polvecs       = [[0.4755282581,0.6545084972,0.5877852523,],]
  direct_df         = false
  restart_size      = 2000
  restart           = false
  debug             = false
}

Number of basis functions = 221

Total number of shells = 105

Total number of electrons = 98
  # of alpha electrons    = 49
  # of beta electons      = 49

Nuclear repulsion energy  = 761.120291892483

# of {all,non-negligible} shell-pairs = {5565,4937}
Number of AO tiles = 105

Time for initial setup: 0.03 secs
HF exch = 1.00

Time for computing 1-e integrals T, V, S: 0.01 secs
Time for computing orthogonalizer: 0.01 secs

Superposition of Atomic Density Guess ...
Time taken for SAD: 0.34 secs
Total Time to compute initial guess: 0.35 secs


 SCF iterations
-----------------------------------------------------------------------------
 Iter     Energy            E-Diff       RMSD        |[F,P]|^2       Time(s)
-----------------------------------------------------------------------------
   1  -3011.7587463575    -3.01e+03     1.67e-02     1.51e+03         0.6 
   2  -3005.7686532507     5.99e+00     6.79e-03     8.50e+00         2.2 
   3  -3006.0106370585    -2.42e-01     2.46e-03     3.06e+00         2.2 
   4  -3006.0985122432    -8.79e-02     1.21e-03     1.03e-01         2.2 
   5  -3006.1052284990    -6.72e-03     2.73e-04     9.07e-03         2.2 
   6  -3006.1058490511    -6.21e-04     1.88e-04     1.72e-03         2.2 
   7  -3006.1060350563    -1.86e-04     7.33e-05     2.95e-04         2.2 
   8  -3006.1060683359    -3.33e-05     2.51e-05     4.64e-05         2.2 
   9  -3006.1060731722    -4.84e-06     1.25e-05     6.86e-06         2.2 
  10  -3006.1060741250    -9.53e-07     5.45e-06     1.11e-06         2.2 
  11  -3006.1060742952    -1.70e-07     2.91e-06     2.89e-07         2.2 
  12  -3006.1060743391    -4.38e-08     1.67e-06     5.15e-08         2.3 

** Total SCF energy = -3006.1060743390572

Nuclear repulsion energy = 761.120291892482896
#electrons        = 98
1e energy kinetic = 3006.2265589064199958
1e energy N-e     = -8675.3117722205497557
1e energy         = -5663.8184180592479606
2e energy         = 1901.6629753692400300
QED energy        = 0.1958717133514902
QED eT energy     = 0.1754866756283552
QED eT energy from matrix = 0.1754866756283720

 Polarizability Matrix (QED energy = 0.5 * lambda.dot(matrix * lambda))
[40.36277732,  0.36053409, -0.04754886]
[ 0.36053409, 42.30157503, -1.79815143]
[-0.04754886, -1.79815143, 37.95088907]

 Polarizability Matrix (QED eT energy = 0.5 * lambda.dot(matrix * lambda))
[36.62181979,  0.41669918, -0.05858581]
[ 0.41669918, 38.92610220, -2.16672895]
[-0.05858581, -2.16672895, 33.52158726]


                      Electron        Nuclear        Total  
                  ------------------------------------------
    Monopole         -98.000000     99.000000      1.000000

      Dipole   X     -24.651859     22.449148     -2.202711
      Dipole   Y     -37.695126     38.810572      1.115446
      Dipole   Z      -2.552642      4.015647      1.463005

  Quadrupole  XX   -1166.240793   1115.924702    -50.316092
  Quadrupole  XY    -254.464401    252.365234     -2.099167
  Quadrupole  XZ    -289.951240    287.235759     -2.715481
  Quadrupole  YY    -475.080308    436.948004    -38.132304
  Quadrupole  YZ    -198.454726    201.638645      3.183918
  Quadrupole  ZZ    -369.313193    323.516889    -45.796304

    Octupole XXX   -3522.510635   3361.935849   -160.574786
    Octupole XXY    -961.788143    930.336812    -31.451331
    Octupole XXZ    -648.910980    636.893754    -12.017225
    Octupole XYY    -210.181089    178.079053    -32.102036
    Octupole XYZ     360.265146   -357.257684      3.007462
    Octupole XZZ     235.226748   -269.981791    -34.755043
    Octupole YYY   -1123.205123   1073.463339    -49.741784
    Octupole YYZ    -231.740144    234.154310      2.414166
    Octupole YZZ     122.265571   -158.050640    -35.785069
    Octupole ZZZ     137.182829   -203.609465    -66.426636

writing orbitals and density to disk ... done.

Total Time taken for Hartree-Fock: 26.65 secs

CD Options
{
  debug             = false
  skip_cd           = [false, 100]
  write_cv          = [false, 5000]
  diagtol           = 1e-06
  itilesize         = 1000
  max_cvecs_factor  = 12
}

- #occupied, #virtual = 98, 344

- Tilesize for the MSO space: 40

-----------------------------------------------------
Begin 2-index transformation ... 

nAO, nMO, nelectrons = 221, 442, 98
n_occ_alpha, n_vir_alpha, n_occ_beta, n_vir_beta = 49,172,49,172

Time taken for Fao->Fmo transform: 0.00 secs

-----------------------------------------------------
Number of AO tiles = 105
# of {all,non-negligible} shell-pairs = {5565,4937}

    Begin Cholesky Decomposition
---------------------------------------------
Total # of mpi ranks used for Cholesky decomposition: 4
  --> Number of nodes, mpi ranks per node: 1, 4
- CPU memory required for computing cholesky vectors: 1.93 GiB

- Time for computing the diagonal: 0.01 secs

- Total number of cholesky vectors = 1645

- Time to compute cholesky vectors: 16.20 secs

- CPU memory required for resizing the ao cholesky tensor: 1.56 GiB
- CPU memory required for ao2mo transformation: 1.70 GiB
- CPU memory required for the 2-step contraction: 2.11 GiB

- Time for ao to mo transform: 1.54 secs

   End Cholesky Decomposition
---------------------------------------------

Total Time taken for Cholesky Decomposition: 146.86 secs

scf_type = restricted
Closed-Shell SCF
QED-HF Enabled
nbf = 203
nbf_orig = 221
n_lindep = 0
focc = 1
nmo = 406
nocc = 62
nvir = 344
n_occ_alpha = 31
n_vir_alpha = 172
n_occ_beta = 31
n_vir_beta = 172
nelectrons = 98
nelectrons_alpha = 49
nelectrons_beta = 49
freeze atomic = true
n_frozen_core = 18
n_frozen_virtual = 0
----------------------------
--------- QED-CCSD --------
lambda_x: 0.0476
lambda_y: 0.0655
lambda_z: 0.0588
omega: 0.066150
coupling_factor_x: 0.008648
coupling_factor_y: 0.011903
coupling_factor_z: 0.010690
----------------------------
# of {all,non-negligible} shell-pairs = {5565,4937}
Number of AO tiles = 105
----------------------------
Electronic dipole expectation value using SCF density: 
dipole_x_elec: -24.65167383
dipole_y_elec: -37.69502679
dipole_z_elec: -2.55252225

d_n/N value: d_n is nuclear dipole moment and N is the total number of electrons 
d_nuc_x: 0.22907294
d_nuc_y: 0.39602625
d_nuc_z: 0.04097599

<d_e+d_n> expectation values: 
dipole_total_x: -2.20252554
dipole_total_y: 1.11554539
dipole_total_z: 1.46312476
----------------------------


 CCSD iterations
------------------------------------------------------------
  Iter     Residuum          Correlation          Time(s)
------------------------------------------------------------
   1     1.1849471308636    0.0000000000000         85.71
   2     0.1668973340808   -1.6196127497804         84.78
   3     0.0660307771072   -1.6279144083091         84.80
   4     0.0247438187486   -1.6916359568194         84.66
   5     0.0212883270913   -1.6873309922637         84.55
 MICROCYCLE DIIS UPDATE:                    6
   6     0.0088805534577   -1.6979728981649         83.52
   7     0.0062741903003   -1.6974579167887         83.96
   8     0.0044380269229   -1.6992302148470         83.81
   9     0.0039020181669   -1.6994908119515         83.67
  10     0.0042842942026   -1.6998894548234         83.72
 MICROCYCLE DIIS UPDATE:                   11
  11     0.0007187597335   -1.7005912989128         83.27
  12     0.0005580800451   -1.7005571749022         83.26
  13     0.0004597994100   -1.7006334558032         83.50
  14     0.0005309262420   -1.7005955147175         84.23
  15     0.0006933965845   -1.7006326885165         83.75
 MICROCYCLE DIIS UPDATE:                   16
  16     0.0001433091489   -1.7006358479703         83.71
  17     0.0000909806987   -1.7006301055530         83.81
  18     0.0000836178077   -1.7006421616245         83.70
  19     0.0000722781582   -1.7006473783475         83.69
  20     0.0000837689702   -1.7006477788268         83.73
 MICROCYCLE DIIS UPDATE:                   21
  21     0.0000279502564   -1.7006630097604         84.28
  22     0.0000202103081   -1.7006557246569         84.02
  23     0.0000156618336   -1.7006567986312         84.18
  24     0.0000177970381   -1.7006546901381         83.79
  25     0.0000217384750   -1.7006556408983         83.61
 MICROCYCLE DIIS UPDATE:                   26
  26     0.0000055996338   -1.7006543929314         83.41
  27     0.0000035638656   -1.7006544373206         83.36
  28     0.0000033007011   -1.7006551598575         83.50
  29     0.0000029688000   -1.7006554071063         83.24
  30     0.0000035086987   -1.7006554581448         83.03
 MICROCYCLE DIIS UPDATE:                   31
  31     0.0000011398815   -1.7006561562512         83.19
  32     0.0000008787528   -1.7006558344551         83.15
------------------------------------------------------------------
 Iterations converged
 CCSD correlation energy / hartree =        -1.700655834455149
 CCSD total energy / hartree       =     -3007.806730173512278

Time taken for spin-orbital canonical QED-CCSD: 2758.41 secs
