
ExaChem Git Information
{
 WARNING: Failed to retrieve the current git state.
}


TAMM Git Information
{
 Branch: main
 Commit Hash: e71357ad [e71357ad54f38748b4a7e175aa6760820d5ce96f]
 Commit Date: 2026-02-02 23:14:56 -0800
 Commit Message: add GitHub Actions workflow for releases
}


date: Thu Aug  6 19:06:31 2026
program: "/global/cfs/cdirs/m3196/heindelj/cavity_qed/software/install_gpu/bin/bin/ExaChem"
nnodes: 1, nproc_per_node: 4, nproc_total: 4, ngpus_per_node: 1, ngpus_total: 1

Memory information
{
[AMD EPYC 7763 64-Core Processor                ] : 
  CPU memory per node (GiB): 251
  Total CPU memory (GiB): 251
[NVIDIA A100-SXM4-40GB, CUDA v12.9] : 
  GPU memory per device (GiB): 39
  GPU memory per node (GiB): 39
  Total GPU memory (GiB): 39
}

------------------------------------------------------------

Input file provided: /global/cfs/cdirs/m4262/heindelj/cavity_qed/mlip/lambda_scans/grid_scans_optimized_geoms/runs_grid_no_freq/meta_th36_ph0/meta_th36_ph0_qed_ccsd_input.json

{
  "geometry": {
    "coordinates": [
      "C    -0.930572560600    2.021956196300    0.770234584700",
      "C     0.466405565000    1.958004113400    0.671104020900",
      "C     1.145148135400    0.731378961800    0.664345094100",
      "C     0.484504254100   -0.442849385400    0.706214828500",
      "C    -1.637432616800    0.862391868000    0.791364928500",
      "H    -1.421002437600    2.983397519400    0.815798375100",
      "H     1.057050341300    2.865776075500    0.612099139600",
      "H     1.023554260700   -1.381957065900    0.688713459600",
      "H    -2.717370594200    0.871484878000    0.846965150400",
      "N     2.629819140200    0.725789969500    0.619795186700",
      "O     3.149805727500   -0.356830147000    0.608156920200",
      "O     3.158495801900    1.804799933500    0.577057912500",
      "C    -0.984125721500   -0.453533418400    0.687146446300",
      "H    -1.388023097600   -1.139987837300    1.435096535100",
      "Br   -1.428089485100   -1.248222747900   -1.022634956900"
    ],
    "units": "angstrom",
    "noorient": true
  },
  "common": {
    "maxiter": 100,
    "debug": false
  },
  "basis": {
    "basisset": "6-311G*"
  },
  "SCF": {
    "charge": 1,
    "multiplicity": 1,
    "lshift": 0,
    "tol_lindep": 1e-10,
    "conve": 1e-07,
    "convd": 1e-05,
    "diis_hist": 10,
    "writem": 10,
    "restart": false,
    "noscf": false,
    "scf_type": "restricted",
    "debug": false,
    "qed_omegas": [
      0.06615
    ],
    "qed_volumes": [],
    "qed_lambdas": [
      0.1
    ],
    "qed_polvecs": [
      [
        0.5877852522924731,
        0.0,
        0.8090169943749475
      ]
    ],
    "direct_df": false
  },
  "CD": {
    "debug": false,
    "diagtol": 1e-06
  },
  "CC": {
    "threshold": 1e-06,
    "ndiis": 5,
    "ccsd_maxiter": 200,
    "tilesize": 40,
    "freeze": {
      "atomic": true
    },
    "readt": false,
    "writet": true,
    "writet_iter": 5,
    "debug": false,
    "profile_ccsd": false,
    "balance_tiles": true
  },
  "TASK": {
    "scf": false,
    "ccsd": true
  }
}

Output folder & files prefix: meta_th36_ph0_qed_ccsd_input.6-311g*

  C (carbon)
  ----------
          Exponent        Coefficients
      ----------------  --------------------
  1 S  4.56324000E+03      0.778202
  1 S  6.82024000E+02      1.448695
  1 S  1.54973000E+02      2.383089
  1 S  4.44553000E+01      3.200089
  1 S  1.30290000E+01      3.013004
  1 S  1.82773000E+00      0.247599

  2 S  2.09642000E+01      0.800629
  2 S  4.80331000E+00      2.127420
  2 S  1.45933000E+00     -0.002868

  3 P  2.09642000E+01      2.573592
  3 P  4.80331000E+00      2.408248
  3 P  1.45933000E+00      1.865281

  4 S  4.83456000E-01      0.413217

  5 P  4.83456000E-01      0.574627

  6 S  1.45585000E-01      0.167976

  7 P  1.45585000E-01      0.128185

  8 D  6.26000000E-01      0.725128


  H (hydrogen)
  ------------
          Exponent        Coefficients
      ----------------  --------------------
  1 S  3.38650000E+01      0.255069
  1 S  5.09479000E+00      0.460109
  1 S  1.15879000E+00      0.678321

  2 S  3.25840000E-01      0.307371

  3 S  1.02741000E-01      0.129336


  N (nitrogen)
  ------------
          Exponent        Coefficients
      ----------------  --------------------
  1 S  6.29348000E+03      0.991968
  1 S  9.49044000E+02      1.823240
  1 S  2.18776000E+02      2.979891
  1 S  6.36916000E+01      4.000007
  1 S  1.88282000E+01      3.881008
  1 S  2.72023000E+00      0.386764

  2 S  3.06331000E+01      1.038501
  2 S  7.02614000E+00      2.834794
  2 S  2.11205000E+00     -0.003208

  3 P  3.06331000E+01      3.935616
  3 P  7.02614000E+00      3.870994
  3 P  2.11205000E+00      2.967271

  4 S  6.84009000E-01      0.536051

  5 P  6.84009000E-01      0.886681

  6 S  2.00878000E-01      0.213850

  7 P  2.00878000E-01      0.191693

  8 D  9.13000000E-01      1.403568


  O (oxygen)
  ----------
          Exponent        Coefficients
      ----------------  --------------------
  1 S  8.58850000E+03      1.205013
  1 S  1.29723000E+03      2.216205
  1 S  2.99296000E+02      3.627452
  1 S  8.73771000E+01      4.888452
  1 S  2.56789000E+01      4.835721
  1 S  3.74004000E+00      0.538229

  2 S  4.21175000E+01      1.341958
  2 S  9.62837000E+00      3.587114
  2 S  2.85332000E+00     -0.005123

  3 P  4.21175000E+01      5.584018
  3 P  9.62837000E+00      5.733366
  3 P  2.85332000E+00      4.332955

  4 S  9.05661000E-01      0.661659

  5 P  9.05661000E-01      1.259352

  6 S  2.55611000E-01      0.256209

  7 P  2.55611000E-01      0.259068

  8 D  1.29200000E+00      2.577026


  Br (bromine)
  ------------
          Exponent        Coefficients
      ----------------  --------------------
  1 S  4.39700000E+05      9.893706
  1 S  6.60300000E+04     18.450679
  1 S  1.51400000E+04     31.049770
  1 S  4.31700000E+03     48.888138
  1 S  1.41400000E+03     64.847798
  1 S  5.23900000E+02     42.245010

  2 S  5.23900000E+02     14.290679
  2 S  2.07700000E+02     24.083128
  2 S  8.65400000E+01      5.132542

  3 S  3.05200000E+01      9.254405

  4 S  1.29800000E+01      4.873782

  5 S  4.41200000E+00      2.169635

  6 S  1.86200000E+00      1.136043

  7 S  3.93200000E-01      0.353892

  8 S  1.40000000E-01      0.163120

  9 P  2.95700000E+03    691.874478
  9 P  7.00300000E+02    925.332763
  9 P  2.24600000E+02   1068.830732

  10 P  8.25900000E+01    122.079275
  10 P  3.31900000E+01     57.580687
  10 P  1.42000000E+01     10.176170

  11 P  1.42000000E+01      3.129736
  11 P  7.43800000E+00      6.538168
  11 P  3.52600000E+00      4.166276

  12 P  1.59500000E+00      2.555000

  13 P  8.46200000E-01      1.156861

  14 P  3.18600000E-01      0.341191

  15 P  1.09600000E-01      0.089888

  16 D  1.34800000E+02    160.709187
  16 D  3.63900000E+01    119.797406
  16 D  1.21600000E+01     55.531619
  16 D  4.34100000E+00     12.984636

  17 D  1.53500000E+00      3.484168

  18 D  4.51000000E-01      0.408525



Printing Internal Coordinates

------------------------------------------------------------
                Bond Lengths

i      j        Length (Angstroms)     Length (Bohr)
0      1          1.4019502919         2.6493020938
0      4          1.3581925717         2.5666119868
0      5          1.0802624408         2.0414001572
1      2          1.4019081363         2.6492224312
1      6          1.0846164128         2.0496279719
2      3          1.3479672192         2.5472888709
2      9          1.4853497647         2.8069042565
3      7          1.0829609610         2.0464996214
3      12         1.4687926188         2.7756157853
4      8          1.0814065390         2.0435621894
4      12         1.4728648108         2.7833111129
9      10         1.2010777730         2.2697080469
9      11         1.2023260746         2.2720669950
12     13         1.0926033567         2.0647211083
12     14         1.9370047497         3.6604084816

Number of Bonds: 15

------------------------------------------------------------
           Bond Angles

i      j      k      Angle (degrees)
0      1      2        121.5131 
0      1      6        120.5508 
0      4      8        120.8876 
0      4      12       122.0619 
1      0      4        118.7344 
1      0      5        119.7333 
1      2      3        121.6519 
1      2      9        119.1680 
2      1      6        117.9298 
2      3      7        120.7267 
2      3      12       119.7346 
2      9      10       115.8755 
2      9      11       115.9254 
3      2      9        119.1786 
3      12     4        115.8550 
3      12     13       111.4265 
3      12     14       104.1003 
4      0      5        121.5281 
4      12     13       110.4213 
4      12     14       109.1077 
7      3      12       119.4184 
8      4      12       117.0077 
10     9      11       128.1859 
13     12     14       105.1749 

Number of Angles: 24

------------------------------------------------------------
              Torsional Angles

i      j      k      l      Angle (degrees)
3      2      1      0          2.3262 
4      0      1      2         -3.3736 
5      0      1      2        177.3639 
6      1      0      4        177.5609 
6      1      0      5         -1.7016 
6      1      2      3       -178.5847 
7      3      2      1        179.2859 
8      4      0      1       -178.7654 
8      4      0      5          0.4833 

Number of Torsional Angles: 9


----------------------------------------------------------------------
                          Center of Mass

         x               y               z              Unit
   0.01307086779  -0.02991108624  0.009012357351      Angstrom
   0.02470036036  -0.05652376113   0.01703088714          Bohr

----------------------------------------------------------------------
                Moment of Inertia Tensor

           1656.31          -797.397          -642.423
          -797.397           2887.19          -588.846
          -642.423          -588.846           3532.95

----------------------------------------------------------------------
                      Principal Moments of Inertia

           x                 y                 z                Unit
       276.3697953       894.2481202       1091.018907       amu * ang^2
       986.9344564       3193.418012        3896.09925      amu * bohr^2
  4.5892315520e-38  1.4849349523e-37  1.8116807547e-37          g * cm^2

 - Molecule is an asymmetric top.

----------------------------------------------------------------------

         Rotational constants (MHz)

    A = 1.8286e+03        B = 5.6514e+02        C = 4.6322e+02

----------------------------------------------------------------------

        Rotational constants (cm-1)

    A = 6.0997e-02        B = 1.8851e-02        C = 1.5451e-02

----------------------------------------------------------------------

                                Z-Matrix
C   
C        1       2.6493021
C        2       2.6492224     1       121.51307
C        3      2.54728887     2    121.65191619     1          2.3262
C        4      4.71050821     3     87.82976435     2         -0.6050
H        5      4.02919745     4    115.77699249     3         -1.6404
H        6      4.70389000     5     93.04440114     4          2.8791
H        7      8.02860738     6     92.17313026     5         -2.1260
H        8      8.25824651     7     59.45926152     6          1.7169
N        9     10.11758578     8     29.48175573     7         -1.1554
O       10      2.26970805     9    117.21447594     8         -0.5422
O       11      4.08534457    10     25.92151892     9        179.4197
C       12      8.91852678    11     61.16272907    10         -1.8954
H       13      2.06472111    12    129.87290878    11         60.5713
Br      14      4.64955744    13     49.44733841    12       -137.3425

----------------------------------------------------------------------

             Converted back to Cartesian

C        0.000000      0.000000      0.000000
C        0.000000      0.000000      2.649302
C        0.000000      0.098039      0.001894
C       -0.000067     -0.090472      2.542198
C        0.000169      0.383668     -2.144387
H       -0.000088     -0.162992      1.847555
H        0.000147      0.607022     -2.792883
H        0.000002     -0.929074      5.087405
H       -0.000097      0.797504     -2.988334
N        0.000207     -1.406580      6.886258
O       -0.000011     -0.833369      4.690124
O       -0.001322     -1.896254      8.634780
C        0.010405      0.583881      0.068047
H        0.001832     -0.068081      2.027115
Br       0.029070      1.465919     -2.362018

----------------------------------------------------------------------
                       Geometry in bohr 

1     C      -1.7585272798    3.8209434496    1.4555324178
2     C       0.8813787814    3.7000915277    1.2682028015
3     C       2.1640163495    1.3821059321    1.2554302809
4     C       0.9155803471   -0.8368640534    1.3345526119
5     C      -3.0942991954    1.6296844437    1.4954629805
6     H      -2.6853054313    5.6378042364    1.5416355029
7     H       1.9975356464    5.4155319209    1.1566997357
8     H       1.9342372277   -2.6115203723    1.3014798179
9     H      -5.1350862056    1.6468677423    1.6005321724
10    N       4.9696379356    1.3715442673    1.1712431570
11    O       5.9522701748   -0.6743112513    1.1492500208
12    O       5.9686920354    3.4105775864    1.0904814134
13    C      -1.8597280871   -0.8570539497    1.2985185919
14    H      -2.6229835109   -2.1542647994    2.7119394156
15    Br     -2.6986980101   -2.3587991377   -1.9324999953

 Number of nodes, processes per node used for SCF calculation: 1, 4

Common Options
{
  maxiter       = 100
  basis         = 6-311g* spherical
  geom_units    = angstrom
  ang2au factor = 1.889726126
  debug         = false
  file_prefix   = meta_th36_ph0_qed_ccsd_input
}

SCF Options
{
  charge            = 1
  multiplicity      = 1
  level shift       = 0
  tol_int           = 1e-22
  tol_sch           = 1e-12
  tol_lindep        = 1e-10
  conve             = 1e-07
  convd             = 1e-05
  diis_hist         = 10
  AO_tilesize       = 30
  writem            = 10
  damp              = 100
  n_lindep          = 0
  scf_type          = restricted
  cuscf             = false
  qed_omegas        = [0.06615,]
  qed_lambdas       = [0.1,]
  qed_polvecs       = [[0.5877852523,0,0.8090169944,],]
  direct_df         = false
  restart_size      = 2000
  restart           = false
  debug             = false
}

Number of basis functions = 221

Total number of shells = 105

Total number of electrons = 98
  # of alpha electrons    = 49
  # of beta electons      = 49

Nuclear repulsion energy  = 748.043931992769

# of {all,non-negligible} shell-pairs = {5565,4921}
Number of AO tiles = 105

Time for initial setup: 0.01 secs
HF exch = 1.00

Time for computing 1-e integrals T, V, S: 0.01 secs
Time for computing orthogonalizer: 0.01 secs

Superposition of Atomic Density Guess ...
Time taken for SAD: 0.60 secs
Total Time to compute initial guess: 0.60 secs


 SCF iterations
-----------------------------------------------------------------------------
 Iter     Energy            E-Diff       RMSD        |[F,P]|^2       Time(s)
-----------------------------------------------------------------------------
   1  -3011.6959346536    -3.01e+03     1.67e-02     1.51e+03         0.6 
   2  -3005.7966623589     5.90e+00     6.56e-03     8.32e+00         2.2 
   3  -3006.0315148769    -2.35e-01     2.35e-03     2.96e+00         2.1 
   4  -3006.1165801783    -8.51e-02     1.14e-03     8.81e-02         2.1 
   5  -3006.1225816465    -6.00e-03     2.58e-04     6.35e-03         2.1 
   6  -3006.1230626575    -4.81e-04     1.59e-04     1.25e-03         2.1 
   7  -3006.1231895905    -1.27e-04     5.43e-05     1.60e-04         2.1 
   8  -3006.1232057007    -1.61e-05     1.43e-05     2.20e-05         2.1 
   9  -3006.1232074446    -1.74e-06     6.28e-06     2.91e-06         2.1 
  10  -3006.1232077379    -2.93e-07     2.88e-06     3.44e-07         2.2 
  11  -3006.1232077814    -4.36e-08     1.14e-06     7.54e-08         2.2 

** Total SCF energy = -3006.1232077814293

Nuclear repulsion energy = 748.043931992768989
#electrons        = 98
1e energy kinetic = 3006.2083549826966191
1e energy N-e     = -8649.2864465488855785
1e energy         = -5638.6522948834890485
2e energy         = 1888.7239598035009749
QED energy        = 0.1869919884902549
QED eT energy     = 0.1642513756105148
QED eT energy from matrix = 0.1642513756105147

 Polarizability Matrix (QED energy = 0.5 * lambda.dot(matrix * lambda))
[40.25242676,  1.35856183, -0.00710725]
[ 1.35856183, 44.71236703,  0.95354110]
[-0.00710725,  0.95354110, 35.90218581]

 Polarizability Matrix (QED eT energy = 0.5 * lambda.dot(matrix * lambda))
[36.44574494,  1.52060526,  0.05211171]
[ 1.52060526, 41.66691231,  1.17613359]
[ 0.05211171,  1.17613359, 30.87663313]


                      Electron        Nuclear        Total  
                  ------------------------------------------
    Monopole         -98.000000     99.000000      1.000000

      Dipole   X     -14.785134     12.679656     -2.105478
      Dipole   Y      -8.657616      9.900834      1.243217
      Dipole   Z     -13.989562     15.437538      1.447976

  Quadrupole  XX   -1229.542080   1178.957633    -50.584447
  Quadrupole  XY    -362.820289    360.983330     -1.836959
  Quadrupole  XZ    -290.692328    288.156040     -2.536287
  Quadrupole  YY    -623.851252    585.632920    -38.218332
  Quadrupole  YZ    -273.428141    275.871311      2.443169
  Quadrupole  ZZ    -287.212666    241.755960    -45.456705

    Octupole XXX   -3372.450129   3222.351577   -150.098552
    Octupole XXY    -719.318960    696.445624    -22.873336
    Octupole XXZ    -635.281881    615.639361    -19.642521
    Octupole XYY      -2.026389    -33.196602    -35.222990
    Octupole XYZ     293.311126   -299.901621     -6.590496
    Octupole XZZ     237.576797   -262.163146    -24.586348
    Octupole YYY    -880.952127    861.480480    -19.471647
    Octupole YYZ    -144.265965    134.702772     -9.563193
    Octupole YZZ     134.282283   -163.630042    -29.347759
    Octupole ZZZ      29.134757    -97.293081    -68.158324

writing orbitals and density to disk ... done.

Total Time taken for Hartree-Fock: 23.54 secs

CD Options
{
  debug             = false
  skip_cd           = [false, 100]
  write_cv          = [false, 5000]
  diagtol           = 1e-06
  itilesize         = 1000
  max_cvecs_factor  = 12
}

- #occupied, #virtual = 98, 344

- Tilesize for the MSO space: 40

-----------------------------------------------------
Begin 2-index transformation ... 

nAO, nMO, nelectrons = 221, 442, 98
n_occ_alpha, n_vir_alpha, n_occ_beta, n_vir_beta = 49,172,49,172

Time taken for Fao->Fmo transform: 0.00 secs

-----------------------------------------------------
Number of AO tiles = 105
# of {all,non-negligible} shell-pairs = {5565,4921}

    Begin Cholesky Decomposition
---------------------------------------------
Total # of mpi ranks used for Cholesky decomposition: 4
  --> Number of nodes, mpi ranks per node: 1, 4
- CPU memory required for computing cholesky vectors: 1.93 GiB

- Time for computing the diagonal: 0.01 secs

- Total number of cholesky vectors = 1650

- Time to compute cholesky vectors: 16.12 secs

- CPU memory required for resizing the ao cholesky tensor: 1.57 GiB
- CPU memory required for ao2mo transformation: 1.70 GiB
- CPU memory required for the 2-step contraction: 2.12 GiB

- Time for ao to mo transform: 1.57 secs

   End Cholesky Decomposition
---------------------------------------------

Total Time taken for Cholesky Decomposition: 39.47 secs

scf_type = restricted
Closed-Shell SCF
QED-HF Enabled
nbf = 203
nbf_orig = 221
n_lindep = 0
focc = 1
nmo = 406
nocc = 62
nvir = 344
n_occ_alpha = 31
n_vir_alpha = 172
n_occ_beta = 31
n_vir_beta = 172
nelectrons = 98
nelectrons_alpha = 49
nelectrons_beta = 49
freeze atomic = true
n_frozen_core = 18
n_frozen_virtual = 0
----------------------------
--------- QED-CCSD --------
lambda_x: 0.0588
lambda_y: 0.0000
lambda_z: 0.0809
omega: 0.066150
coupling_factor_x: 0.010690
coupling_factor_y: 0.000000
coupling_factor_z: 0.014713
----------------------------
# of {all,non-negligible} shell-pairs = {5565,4921}
Number of AO tiles = 105
----------------------------
Electronic dipole expectation value using SCF density: 
dipole_x_elec: -14.78506184
dipole_y_elec: -8.65748336
dipole_z_elec: -13.98950235

d_n/N value: d_n is nuclear dipole moment and N is the total number of electrons 
d_nuc_x: 0.12938425
d_nuc_y: 0.10102891
d_nuc_z: 0.15752590

<d_e+d_n> expectation values: 
dipole_total_x: -2.10540574
dipole_total_y: 1.24335020
dipole_total_z: 1.44803613
----------------------------


 CCSD iterations
------------------------------------------------------------
  Iter     Residuum          Correlation          Time(s)
------------------------------------------------------------
   1     1.1847140018330    0.0000000000000         86.62
   2     0.1640948405561   -1.6207027410234         86.12
   3     0.0622963737652   -1.6255356361041         85.86
   4     0.0217773490466   -1.6844768190593         85.72
   5     0.0170675572041   -1.6826337570667         85.29
 MICROCYCLE DIIS UPDATE:                    6
   6     0.0081784685851   -1.6916631546887         84.52
   7     0.0057101480386   -1.6913265163070         84.75
   8     0.0037920525811   -1.6927307993673         84.24
   9     0.0032710878120   -1.6930168627740         84.23
  10     0.0032397805240   -1.6933275502463         84.14
 MICROCYCLE DIIS UPDATE:                   11
  11     0.0006260089121   -1.6939430067851         84.45
  12     0.0004449649510   -1.6938801876940         84.35
  13     0.0004001297130   -1.6939639734546         84.31
  14     0.0004914131297   -1.6939311528150         84.38
  15     0.0006669863619   -1.6939595962474         84.09
 MICROCYCLE DIIS UPDATE:                   16
  16     0.0000854037260   -1.6939653717856         84.34
  17     0.0000549174978   -1.6939561967205         84.29
  18     0.0000499032925   -1.6939627124436         84.41
  19     0.0000383098473   -1.6939655125956         84.14
  20     0.0000428219339   -1.6939659925531         84.07
 MICROCYCLE DIIS UPDATE:                   21
  21     0.0000155199338   -1.6939750768649         84.45
  22     0.0000109145635   -1.6939711738609         84.13
  23     0.0000088427585   -1.6939716097286         84.25
  24     0.0000102744824   -1.6939704508021         84.27
  25     0.0000127210593   -1.6939706866275         84.20
 MICROCYCLE DIIS UPDATE:                   26
  26     0.0000027823475   -1.6939699952925         85.35
  27     0.0000017908455   -1.6939697860363         84.99
  28     0.0000015360834   -1.6939701402359         84.71
  29     0.0000012321329   -1.6939702162297         84.37
  30     0.0000013750447   -1.6939702493299         84.57
 MICROCYCLE DIIS UPDATE:                   31
  31     0.0000005375398   -1.6939705450906         85.24
------------------------------------------------------------------
 Iterations converged
 CCSD correlation energy / hartree =        -1.693970545090608
 CCSD total energy / hartree       =     -3007.817178326519752

Time taken for spin-orbital canonical QED-CCSD: 2705.92 secs
