
ExaChem Git Information
{
 WARNING: Failed to retrieve the current git state.
}


TAMM Git Information
{
 Branch: main
 Commit Hash: e71357ad [e71357ad54f38748b4a7e175aa6760820d5ce96f]
 Commit Date: 2026-02-02 23:14:56 -0800
 Commit Message: add GitHub Actions workflow for releases
}


date: Tue Aug 11 00:01:42 2026
program: "/global/cfs/cdirs/m3196/heindelj/cavity_qed/software/install_gpu/bin/bin/ExaChem"
nnodes: 1, nproc_per_node: 4, nproc_total: 4, ngpus_per_node: 1, ngpus_total: 1

Memory information
{
[AMD EPYC 7763 64-Core Processor                ] : 
  CPU memory per node (GiB): 251
  Total CPU memory (GiB): 251
[NVIDIA A100-SXM4-80GB, CUDA v12.9] : 
  GPU memory per device (GiB): 79
  GPU memory per node (GiB): 79
  Total GPU memory (GiB): 79
}

------------------------------------------------------------

Input file provided: /global/cfs/cdirs/m4262/heindelj/cavity_qed/mlip/lambda_scans/grid_scans_optimized_geoms/runs_grid_no_freq/para_th72_ph342/para_th72_ph342_qed_ccsd_input.json

{
  "geometry": {
    "coordinates": [
      "C    -0.486927553700    1.269495460000    0.740712360100",
      "C     0.865647114400    1.265408473500    0.742438962800",
      "C     1.487381753600    0.017714268800    0.745141584700",
      "H    -1.029745322700    2.201702038600    0.698447773200",
      "H     1.452386117100    2.171745550500    0.730317653200",
      "N     2.968376616800    0.004595375900    0.613299027400",
      "O     3.419666316400   -0.976666509600    0.087731768900",
      "O     3.539202326900    0.982279399200    1.013219311700",
      "C    -0.500374244800   -1.226118025900    0.882532694500",
      "H    -1.049088456600   -2.157607646500    0.949203963400",
      "C     0.857028838500   -1.214503400200    0.851765236900",
      "H     1.434141049100   -2.123054870600    0.879200707200",
      "C    -1.259013906200    0.016466960300    0.686015204200",
      "H    -2.181099631100    0.054239508500    1.257034407900",
      "Br   -1.751661694300   -0.138176104100   -1.211620947600"
    ],
    "units": "angstrom",
    "noorient": true
  },
  "common": {
    "maxiter": 100,
    "debug": false
  },
  "basis": {
    "basisset": "6-311G*"
  },
  "SCF": {
    "charge": 1,
    "multiplicity": 1,
    "lshift": 0,
    "tol_lindep": 1e-10,
    "conve": 1e-07,
    "convd": 1e-05,
    "diis_hist": 10,
    "writem": 10,
    "restart": false,
    "noscf": false,
    "scf_type": "restricted",
    "debug": false,
    "qed_omegas": [
      0.06615
    ],
    "qed_volumes": [],
    "qed_lambdas": [
      0.1
    ],
    "qed_polvecs": [
      [
        0.9045084971874737,
        -0.2938926261462368,
        0.3090169943749475
      ]
    ],
    "direct_df": false
  },
  "CD": {
    "debug": false,
    "diagtol": 1e-06
  },
  "CC": {
    "threshold": 1e-06,
    "ndiis": 5,
    "ccsd_maxiter": 200,
    "tilesize": 40,
    "freeze": {
      "atomic": true
    },
    "readt": false,
    "writet": true,
    "writet_iter": 5,
    "debug": false,
    "profile_ccsd": false,
    "balance_tiles": true
  },
  "TASK": {
    "scf": false,
    "ccsd": true
  }
}

Output folder & files prefix: para_th72_ph342_qed_ccsd_input.6-311g*

  C (carbon)
  ----------
          Exponent        Coefficients
      ----------------  --------------------
  1 S  4.56324000E+03      0.778202
  1 S  6.82024000E+02      1.448695
  1 S  1.54973000E+02      2.383089
  1 S  4.44553000E+01      3.200089
  1 S  1.30290000E+01      3.013004
  1 S  1.82773000E+00      0.247599

  2 S  2.09642000E+01      0.800629
  2 S  4.80331000E+00      2.127420
  2 S  1.45933000E+00     -0.002868

  3 P  2.09642000E+01      2.573592
  3 P  4.80331000E+00      2.408248
  3 P  1.45933000E+00      1.865281

  4 S  4.83456000E-01      0.413217

  5 P  4.83456000E-01      0.574627

  6 S  1.45585000E-01      0.167976

  7 P  1.45585000E-01      0.128185

  8 D  6.26000000E-01      0.725128


  H (hydrogen)
  ------------
          Exponent        Coefficients
      ----------------  --------------------
  1 S  3.38650000E+01      0.255069
  1 S  5.09479000E+00      0.460109
  1 S  1.15879000E+00      0.678321

  2 S  3.25840000E-01      0.307371

  3 S  1.02741000E-01      0.129336


  N (nitrogen)
  ------------
          Exponent        Coefficients
      ----------------  --------------------
  1 S  6.29348000E+03      0.991968
  1 S  9.49044000E+02      1.823240
  1 S  2.18776000E+02      2.979891
  1 S  6.36916000E+01      4.000007
  1 S  1.88282000E+01      3.881008
  1 S  2.72023000E+00      0.386764

  2 S  3.06331000E+01      1.038501
  2 S  7.02614000E+00      2.834794
  2 S  2.11205000E+00     -0.003208

  3 P  3.06331000E+01      3.935616
  3 P  7.02614000E+00      3.870994
  3 P  2.11205000E+00      2.967271

  4 S  6.84009000E-01      0.536051

  5 P  6.84009000E-01      0.886681

  6 S  2.00878000E-01      0.213850

  7 P  2.00878000E-01      0.191693

  8 D  9.13000000E-01      1.403568


  O (oxygen)
  ----------
          Exponent        Coefficients
      ----------------  --------------------
  1 S  8.58850000E+03      1.205013
  1 S  1.29723000E+03      2.216205
  1 S  2.99296000E+02      3.627452
  1 S  8.73771000E+01      4.888452
  1 S  2.56789000E+01      4.835721
  1 S  3.74004000E+00      0.538229

  2 S  4.21175000E+01      1.341958
  2 S  9.62837000E+00      3.587114
  2 S  2.85332000E+00     -0.005123

  3 P  4.21175000E+01      5.584018
  3 P  9.62837000E+00      5.733366
  3 P  2.85332000E+00      4.332955

  4 S  9.05661000E-01      0.661659

  5 P  9.05661000E-01      1.259352

  6 S  2.55611000E-01      0.256209

  7 P  2.55611000E-01      0.259068

  8 D  1.29200000E+00      2.577026


  Br (bromine)
  ------------
          Exponent        Coefficients
      ----------------  --------------------
  1 S  4.39700000E+05      9.893706
  1 S  6.60300000E+04     18.450679
  1 S  1.51400000E+04     31.049770
  1 S  4.31700000E+03     48.888138
  1 S  1.41400000E+03     64.847798
  1 S  5.23900000E+02     42.245010

  2 S  5.23900000E+02     14.290679
  2 S  2.07700000E+02     24.083128
  2 S  8.65400000E+01      5.132542

  3 S  3.05200000E+01      9.254405

  4 S  1.29800000E+01      4.873782

  5 S  4.41200000E+00      2.169635

  6 S  1.86200000E+00      1.136043

  7 S  3.93200000E-01      0.353892

  8 S  1.40000000E-01      0.163120

  9 P  2.95700000E+03    691.874478
  9 P  7.00300000E+02    925.332763
  9 P  2.24600000E+02   1068.830732

  10 P  8.25900000E+01    122.079275
  10 P  3.31900000E+01     57.580687
  10 P  1.42000000E+01     10.176170

  11 P  1.42000000E+01      3.129736
  11 P  7.43800000E+00      6.538168
  11 P  3.52600000E+00      4.166276

  12 P  1.59500000E+00      2.555000

  13 P  8.46200000E-01      1.156861

  14 P  3.18600000E-01      0.341191

  15 P  1.09600000E-01      0.089888

  16 D  1.34800000E+02    160.709187
  16 D  3.63900000E+01    119.797406
  16 D  1.21600000E+01     55.531619
  16 D  4.34100000E+00     12.984636

  17 D  1.53500000E+00      3.484168

  18 D  4.51000000E-01      0.408525



Printing Internal Coordinates

------------------------------------------------------------
                Bond Lengths

i      j        Length (Angstroms)     Length (Bohr)
0      1          1.3525819448         2.5560094385
0      3          1.0795584888         2.0400698808
0      12         1.4728168710         2.7832205199
1      2          1.3940237065         2.6343230182
1      4          1.0797483413         2.0404286500
2      5          1.4869096644         2.8098520397
2      10         1.3881908315         2.6233004820
5      6          1.2011487102         2.2698420988
5      7          1.2006849189         2.2689656603
8      9          1.0831460001         2.0468492946
8      10         1.3578014091         2.5658727966
8      12         1.4690713760         2.7761425600
10     11         1.0766972569         2.0346629361
12     13         1.0852335143         2.0507941246
12     14         1.9666314563         3.7163948431

Number of Bonds: 15

------------------------------------------------------------
           Bond Angles

i      j      k      Angle (degrees)
0      1      2        116.6606 
0      1      4        122.7415 
0      12     8        116.3546 
0      12     13       113.3447 
0      12     14       103.5359 
1      0      3        120.3626 
1      0      12       121.4462 
1      2      5        116.8689 
1      2      10       126.3059 
2      1      4        120.5939 
2      5      6        114.8488 
2      5      7        115.9004 
2      10     8        117.5991 
2      10     11       120.5034 
3      0      12       118.0086 
5      2      10       116.8242 
6      5      7        129.2219 
8      10     11       121.8738 
8      12     13       113.4425 
8      12     14       101.0653 
9      8      10       121.0105 
9      8      12       118.2960 
10     8      12       120.3971 
13     12     14       107.3138 

Number of Angles: 24

------------------------------------------------------------
              Torsional Angles

i      j      k      l      Angle (degrees)
3      0      1      2       -177.5299 
4      1      0      3          1.7459 
8      10     2      1          3.9443 
9      8      10     2        179.0450 
10     2      1      0         -5.4133 
10     2      1      4        175.2943 
11     10     2      1       -177.7946 
11     10     8      9          0.8092 

Number of Torsional Angles: 8


----------------------------------------------------------------------
                          Center of Mass

         x               y               z              Unit
    0.1136590839  -0.04532520823  -0.05074204226      Angstrom
    0.2147845402  -0.08565223016  -0.09588856294          Bohr

----------------------------------------------------------------------
                Moment of Inertia Tensor

           1112.23          -83.6272          -950.112
          -83.6272           3643.36           -86.511
          -950.112           -86.511           3423.74

----------------------------------------------------------------------
                      Principal Moments of Inertia

           x                 y                 z                Unit
       214.9989682       1015.606978       1059.836404       amu * ang^2
       767.7752542       3626.798361       3784.744508      amu * bohr^2
  3.5701442973e-38  1.6864562141e-37  1.7599009538e-37          g * cm^2

 - Molecule is an asymmetric top.

----------------------------------------------------------------------

         Rotational constants (MHz)

    A = 2.3506e+03        B = 4.9761e+02        C = 4.7685e+02

----------------------------------------------------------------------

        Rotational constants (cm-1)

    A = 7.8408e-02        B = 1.6599e-02        C = 1.5906e-02

----------------------------------------------------------------------

                                Z-Matrix
C   
C        1       2.5560094
C        2        2.634323     1        116.6606
H        3      6.29818009     2     22.57576686     1          1.7980
H        4      4.69127682     3     40.25138252     2          1.4515
N        5      5.00276589     4    125.58192413     3          4.0166
O        6      2.26984210     5    154.58796954     4         65.3299
O        7      4.10043795     6     25.38377837     5        119.1821
C        8      8.70347152     7     60.44177851     6          5.6386
H        9      2.04684929     8    148.75280457     7         37.8484
C       10      4.02304144     9     33.13653679     8         -8.3943
H       11      2.03466294    10     96.02295261     9       -179.3090
C       12      6.51008810    11     19.17524578    10          8.3874
H       13      2.05079412    12    131.02168301    11       -126.8289
Br      14      4.74908139    13     48.33912153    12       -123.3944

----------------------------------------------------------------------

             Converted back to Cartesian

C        0.000000      0.000000      0.000000
C        0.000000      0.000000      2.556009
C        0.000000      0.093596     -0.076650
H       -0.000024     -0.173454      6.215866
H        0.000000      0.082914      1.531599
N       -0.000280     -0.381321      6.512779
O       -0.002137     -0.064555      4.265149
O        0.000656     -0.668163      8.320916
C       -0.002702      0.771291     -0.262695
H       -0.004469      0.341709      1.738566
C        0.000228      1.225687     -2.186153
H       -0.000689      0.720770     -0.215136
C        0.001214      2.373095     -6.512045
H        0.005989      1.774019     -4.550708
Br      -0.007032      3.228016     -9.071714

----------------------------------------------------------------------
                       Geometry in bohr 

1     C      -0.9201597197    2.3989987375    1.3997434987
2     C       1.6358359679    2.3912754523    1.4030063049
3     C       2.8107441590    0.0334751166    1.4081135201
4     H      -1.9459366393    4.1606138638    1.3198750046
5     H       2.7446119904    4.1040043056    1.3801003495
6     N       5.6094188443    0.0086840019    1.1589671951
7     O       6.4622327800   -1.8456322195    0.1657890158
8     O       6.6881231020    1.8562390436    1.9147070046
9     C      -0.9455702831   -2.3170272670    1.6677450898
10    H      -1.9824898648   -4.0772875390    1.7937355285
11    C       1.6195497868   -2.2950788054    1.6096030213
12    H       2.7101338087   -4.0119922557    1.6614485463
13    C      -2.3791914714    0.0311180451    1.2963808541
14    H      -4.1216809561    0.1024978163    2.3754507618
15    Br     -3.3101608675   -0.2611149939   -2.2896317594

 Number of nodes, processes per node used for SCF calculation: 1, 4

Common Options
{
  maxiter       = 100
  basis         = 6-311g* spherical
  geom_units    = angstrom
  ang2au factor = 1.889726126
  debug         = false
  file_prefix   = para_th72_ph342_qed_ccsd_input
}

SCF Options
{
  charge            = 1
  multiplicity      = 1
  level shift       = 0
  tol_int           = 1e-22
  tol_sch           = 1e-12
  tol_lindep        = 1e-10
  conve             = 1e-07
  convd             = 1e-05
  diis_hist         = 10
  AO_tilesize       = 30
  writem            = 10
  damp              = 100
  n_lindep          = 0
  scf_type          = restricted
  cuscf             = false
  qed_omegas        = [0.06615,]
  qed_lambdas       = [0.1,]
  qed_polvecs       = [[0.9045084972,-0.2938926261,0.3090169944,],]
  direct_df         = false
  restart_size      = 2000
  restart           = false
  debug             = false
}

Number of basis functions = 221

Total number of shells = 105

Total number of electrons = 98
  # of alpha electrons    = 49
  # of beta electons      = 49

Nuclear repulsion energy  = 751.98067486056

# of {all,non-negligible} shell-pairs = {5565,4931}
Number of AO tiles = 105

Time for initial setup: 0.01 secs
HF exch = 1.00

Time for computing 1-e integrals T, V, S: 0.01 secs
Time for computing orthogonalizer: 0.01 secs

Superposition of Atomic Density Guess ...
Time taken for SAD: 0.29 secs
Total Time to compute initial guess: 0.29 secs


 SCF iterations
-----------------------------------------------------------------------------
 Iter     Energy            E-Diff       RMSD        |[F,P]|^2       Time(s)
-----------------------------------------------------------------------------
   1  -3011.7629123460    -3.01e+03     1.67e-02     1.52e+03         0.7 
   2  -3005.7100520942     6.05e+00     6.70e-03     1.01e+01         2.1 
   3  -3006.0102978936    -3.00e-01     2.26e-03     2.63e+00         2.1 
   4  -3006.0862668289    -7.60e-02     1.18e-03     9.88e-02         2.1 
   5  -3006.0924079061    -6.14e-03     3.02e-04     1.31e-02         2.1 
   6  -3006.0931565311    -7.49e-04     2.28e-04     2.16e-03         2.1 
   7  -3006.0933722287    -2.16e-04     9.45e-05     3.12e-04         2.1 
   8  -3006.0934075099    -3.53e-05     2.14e-05     3.77e-05         2.1 
   9  -3006.0934113556    -3.85e-06     9.85e-06     8.20e-06         2.2 
  10  -3006.0934122552    -9.00e-07     5.44e-06     1.30e-06         2.2 
  11  -3006.0934124478    -1.93e-07     2.22e-06     2.13e-07         2.2 
  12  -3006.0934124780    -3.02e-08     1.09e-06     4.21e-08         2.2 

** Total SCF energy = -3006.0934124779988

Nuclear repulsion energy = 751.980674860559816
#electrons        = 98
1e energy kinetic = 3006.2241430690955895
1e energy N-e     = -8656.8324317651677120
1e energy         = -5643.1329033904748940
2e energy         = 1892.3318669010077429
QED energy        = 0.2023344565031806
QED eT energy     = 0.1840040606797285
QED eT energy from matrix = 0.1840040606797314

 Polarizability Matrix (QED energy = 0.5 * lambda.dot(matrix * lambda))
[40.92628684,  0.77355694,  0.72839923]
[ 0.77355694, 42.79786402,  1.76154704]
[ 0.72839923,  1.76154704, 37.81595659]

 Polarizability Matrix (QED eT energy = 0.5 * lambda.dot(matrix * lambda))
[37.35497843,  0.83459972,  0.86917183]
[ 0.83459972, 39.43885350,  2.12798800]
[ 0.86917183,  2.12798800, 33.27294632]


                      Electron        Nuclear        Total  
                  ------------------------------------------
    Monopole         -98.000000     99.000000      1.000000

      Dipole   X     -38.474945     36.945038     -1.529907
      Dipole   Y       7.228706     -7.258978     -0.030272
      Dipole   Z      -4.372040      5.857791      1.485751

  Quadrupole  XX   -1509.099527   1458.877483    -50.222044
  Quadrupole  XY     -35.674523     35.640186     -0.034337
  Quadrupole  XZ    -432.398432    431.630074     -0.768358
  Quadrupole  YY    -297.341728    256.756043    -40.585684
  Quadrupole  YZ     -41.512126     39.852762     -1.659363
  Quadrupole  ZZ    -361.043728    315.482780    -45.560948

    Octupole XXX   -4753.672804   4568.167114   -185.505690
    Octupole XXY      43.961658    -42.974744      0.986915
    Octupole XXZ    -384.312814    367.452338    -16.860476
    Octupole XYY    -467.101926    420.808045    -46.293881
    Octupole XYZ    -115.266922    106.400895     -8.866027
    Octupole XZZ     300.580491   -350.016148    -49.435657
    Octupole YYY     -18.749395     26.750694      8.001298
    Octupole YYZ    -358.119365    355.592752     -2.526613
    Octupole YZZ      15.701031    -19.531274     -3.830244
    Octupole ZZZ     140.272866   -208.630272    -68.357406

writing orbitals and density to disk ... done.

Total Time taken for Hartree-Fock: 25.88 secs

CD Options
{
  debug             = false
  skip_cd           = [false, 100]
  write_cv          = [false, 5000]
  diagtol           = 1e-06
  itilesize         = 1000
  max_cvecs_factor  = 12
}

- #occupied, #virtual = 98, 344

- Tilesize for the MSO space: 40

-----------------------------------------------------
Begin 2-index transformation ... 

nAO, nMO, nelectrons = 221, 442, 98
n_occ_alpha, n_vir_alpha, n_occ_beta, n_vir_beta = 49,172,49,172

Time taken for Fao->Fmo transform: 0.00 secs

-----------------------------------------------------
Number of AO tiles = 105
# of {all,non-negligible} shell-pairs = {5565,4931}

    Begin Cholesky Decomposition
---------------------------------------------
Total # of mpi ranks used for Cholesky decomposition: 4
  --> Number of nodes, mpi ranks per node: 1, 4
- CPU memory required for computing cholesky vectors: 1.93 GiB

- Time for computing the diagonal: 0.01 secs

- Total number of cholesky vectors = 1644

- Time to compute cholesky vectors: 15.26 secs

- CPU memory required for resizing the ao cholesky tensor: 1.56 GiB
- CPU memory required for ao2mo transformation: 1.70 GiB
- CPU memory required for the 2-step contraction: 2.11 GiB

- Time for ao to mo transform: 1.61 secs

   End Cholesky Decomposition
---------------------------------------------

Total Time taken for Cholesky Decomposition: 18.59 secs

scf_type = restricted
Closed-Shell SCF
QED-HF Enabled
nbf = 203
nbf_orig = 221
n_lindep = 0
focc = 1
nmo = 406
nocc = 62
nvir = 344
n_occ_alpha = 31
n_vir_alpha = 172
n_occ_beta = 31
n_vir_beta = 172
nelectrons = 98
nelectrons_alpha = 49
nelectrons_beta = 49
freeze atomic = true
n_frozen_core = 18
n_frozen_virtual = 0
----------------------------
--------- QED-CCSD --------
lambda_x: 0.0905
lambda_y: -0.0294
lambda_z: 0.0309
omega: 0.066150
coupling_factor_x: 0.016450
coupling_factor_y: -0.005345
coupling_factor_z: 0.005620
----------------------------
# of {all,non-negligible} shell-pairs = {5565,4931}
Number of AO tiles = 105
----------------------------
Electronic dipole expectation value using SCF density: 
dipole_x_elec: -38.47481126
dipole_y_elec: 7.22853506
dipole_z_elec: -4.37195192

d_n/N value: d_n is nuclear dipole moment and N is the total number of electrons 
d_nuc_x: 0.37699018
d_nuc_y: -0.07407121
d_nuc_z: 0.05977338

<d_e+d_n> expectation values: 
dipole_total_x: -1.52977368
dipole_total_y: -0.03044326
dipole_total_z: 1.48583895
----------------------------


 CCSD iterations
------------------------------------------------------------
  Iter     Residuum          Correlation          Time(s)
------------------------------------------------------------
   1     1.1848107142169    0.0000000000000         86.84
   2     0.1798311464383   -1.5853118325546         85.72
   3     0.0688880872728   -1.6286319619519         84.95
   4     0.0290181568263   -1.6948112985852         86.01
   5     0.0228435958137   -1.6912567537306         86.41
 MICROCYCLE DIIS UPDATE:                    6
   6     0.0114035503106   -1.7039354863644         84.65
   7     0.0076055205294   -1.7032118127231         83.66
   8     0.0066693098864   -1.7050920262305         83.93
   9     0.0069020010548   -1.7054561237869         84.07
  10     0.0090010224316   -1.7058879531926         84.17
 MICROCYCLE DIIS UPDATE:                   11
  11     0.0012680025423   -1.7068808106961         83.96
  12     0.0009229567973   -1.7067136015657         84.19
  13     0.0009402287788   -1.7069317782843         83.62
  14     0.0013525944590   -1.7068383754224         83.47
  15     0.0021828737422   -1.7069275849235         83.97
 MICROCYCLE DIIS UPDATE:                   16
  16     0.0002705832709   -1.7069627895507         84.14
  17     0.0001984125801   -1.7069124195465         83.81
  18     0.0002013724858   -1.7069434718652         83.78
  19     0.0002126961629   -1.7069479154965         84.00
  20     0.0002913342379   -1.7069522501872         84.01
 MICROCYCLE DIIS UPDATE:                   21
  21     0.0000839335007   -1.7069913528287         83.87
  22     0.0000611364116   -1.7069740304548         83.87
  23     0.0000582271636   -1.7069780715455         83.67
  24     0.0000719464675   -1.7069717833842         84.08
  25     0.0001100858024   -1.7069739952063         85.19
 MICROCYCLE DIIS UPDATE:                   26
  26     0.0000244876824   -1.7069697992742         84.52
  27     0.0000190550425   -1.7069689719300         83.17
  28     0.0000183344704   -1.7069713841171         82.99
  29     0.0000199491817   -1.7069721426808         82.87
  30     0.0000280993447   -1.7069723811395         82.75
 MICROCYCLE DIIS UPDATE:                   31
  31     0.0000079224282   -1.7069763813809         82.75
  32     0.0000056568699   -1.7069743647953         82.86
  33     0.0000051818074   -1.7069744243001         82.71
  34     0.0000059362709   -1.7069738933691         82.73
  35     0.0000083942210   -1.7069739844392         83.90
 MICROCYCLE DIIS UPDATE:                   36
  36     0.0000022839683   -1.7069734920936         83.62
  37     0.0000018195332   -1.7069734956353         82.62
  38     0.0000017871077   -1.7069737291006         82.68
  39     0.0000020726184   -1.7069738048036         82.69
  40     0.0000031338553   -1.7069738274563         82.81
 MICROCYCLE DIIS UPDATE:                   41
  41     0.0000007466782   -1.7069742050390         83.21
------------------------------------------------------------------
 Iterations converged
 CCSD correlation energy / hartree =        -1.706974205039042
 CCSD total energy / hartree       =     -3007.800386683037686

Time taken for spin-orbital canonical QED-CCSD: 3528.99 secs
