
ExaChem Git Information
{
 WARNING: Failed to retrieve the current git state.
}


TAMM Git Information
{
 Branch: main
 Commit Hash: e71357ad [e71357ad54f38748b4a7e175aa6760820d5ce96f]
 Commit Date: 2026-02-02 23:14:56 -0800
 Commit Message: add GitHub Actions workflow for releases
}


date: Mon Aug 10 08:41:32 2026
program: "/global/cfs/cdirs/m3196/heindelj/cavity_qed/software/install_gpu/bin/bin/ExaChem"
nnodes: 1, nproc_per_node: 4, nproc_total: 4, ngpus_per_node: 1, ngpus_total: 1

Memory information
{
[AMD EPYC 7763 64-Core Processor                ] : 
  CPU memory per node (GiB): 251
  Total CPU memory (GiB): 251
[NVIDIA A100-SXM4-40GB, CUDA v12.9] : 
  GPU memory per device (GiB): 39
  GPU memory per node (GiB): 39
  Total GPU memory (GiB): 39
}

------------------------------------------------------------

Input file provided: /global/cfs/cdirs/m4262/heindelj/cavity_qed/mlip/lambda_scans/grid_scans_optimized_geoms/runs_grid_no_freq/meta_th54_ph342/meta_th54_ph342_qed_ccsd_input.json

{
  "geometry": {
    "coordinates": [
      "C    -0.915860627200    2.034958247700    0.736376413500",
      "C     0.483495050600    1.974089719000    0.689146091400",
      "C     1.149553206700    0.741754072600    0.650167329500",
      "C     0.479177222100   -0.425821595900    0.619659479000",
      "C    -1.627060618700    0.879066684700    0.712614703300",
      "H    -1.398788356000    2.997076280900    0.787804315000",
      "H     1.076999996700    2.882283893500    0.698252644500",
      "H     1.016490143000   -1.361425409600    0.559627191200",
      "H    -2.705136636400    0.896574309500    0.753903996800",
      "N     2.630852851300    0.715499412300    0.655852726700",
      "O     3.125014445100   -0.363297428300    0.476269311000",
      "O     3.180233390100    1.771365374200    0.826675659700",
      "C    -0.983901165600   -0.439245051800    0.647080061100",
      "H    -1.318588735200   -1.008557210000    1.523549045400",
      "Br   -1.584313418700   -1.492722252300   -0.865521212800"
    ],
    "units": "angstrom",
    "noorient": true
  },
  "common": {
    "maxiter": 100,
    "debug": false
  },
  "basis": {
    "basisset": "6-311G*"
  },
  "SCF": {
    "charge": 1,
    "multiplicity": 1,
    "lshift": 0,
    "tol_lindep": 1e-10,
    "conve": 1e-07,
    "convd": 1e-05,
    "diis_hist": 10,
    "writem": 10,
    "restart": false,
    "noscf": false,
    "scf_type": "restricted",
    "debug": false,
    "qed_omegas": [
      0.06615
    ],
    "qed_volumes": [],
    "qed_lambdas": [
      0.1
    ],
    "qed_polvecs": [
      [
        0.7694208842938134,
        -0.25000000000000017,
        0.5877852522924731
      ]
    ],
    "direct_df": false
  },
  "CD": {
    "debug": false,
    "diagtol": 1e-06
  },
  "CC": {
    "threshold": 1e-06,
    "ndiis": 5,
    "ccsd_maxiter": 200,
    "tilesize": 40,
    "freeze": {
      "atomic": true
    },
    "readt": false,
    "writet": true,
    "writet_iter": 5,
    "debug": false,
    "profile_ccsd": false,
    "balance_tiles": true
  },
  "TASK": {
    "scf": false,
    "ccsd": true
  }
}

Output folder & files prefix: meta_th54_ph342_qed_ccsd_input.6-311g*

  C (carbon)
  ----------
          Exponent        Coefficients
      ----------------  --------------------
  1 S  4.56324000E+03      0.778202
  1 S  6.82024000E+02      1.448695
  1 S  1.54973000E+02      2.383089
  1 S  4.44553000E+01      3.200089
  1 S  1.30290000E+01      3.013004
  1 S  1.82773000E+00      0.247599

  2 S  2.09642000E+01      0.800629
  2 S  4.80331000E+00      2.127420
  2 S  1.45933000E+00     -0.002868

  3 P  2.09642000E+01      2.573592
  3 P  4.80331000E+00      2.408248
  3 P  1.45933000E+00      1.865281

  4 S  4.83456000E-01      0.413217

  5 P  4.83456000E-01      0.574627

  6 S  1.45585000E-01      0.167976

  7 P  1.45585000E-01      0.128185

  8 D  6.26000000E-01      0.725128


  H (hydrogen)
  ------------
          Exponent        Coefficients
      ----------------  --------------------
  1 S  3.38650000E+01      0.255069
  1 S  5.09479000E+00      0.460109
  1 S  1.15879000E+00      0.678321

  2 S  3.25840000E-01      0.307371

  3 S  1.02741000E-01      0.129336


  N (nitrogen)
  ------------
          Exponent        Coefficients
      ----------------  --------------------
  1 S  6.29348000E+03      0.991968
  1 S  9.49044000E+02      1.823240
  1 S  2.18776000E+02      2.979891
  1 S  6.36916000E+01      4.000007
  1 S  1.88282000E+01      3.881008
  1 S  2.72023000E+00      0.386764

  2 S  3.06331000E+01      1.038501
  2 S  7.02614000E+00      2.834794
  2 S  2.11205000E+00     -0.003208

  3 P  3.06331000E+01      3.935616
  3 P  7.02614000E+00      3.870994
  3 P  2.11205000E+00      2.967271

  4 S  6.84009000E-01      0.536051

  5 P  6.84009000E-01      0.886681

  6 S  2.00878000E-01      0.213850

  7 P  2.00878000E-01      0.191693

  8 D  9.13000000E-01      1.403568


  O (oxygen)
  ----------
          Exponent        Coefficients
      ----------------  --------------------
  1 S  8.58850000E+03      1.205013
  1 S  1.29723000E+03      2.216205
  1 S  2.99296000E+02      3.627452
  1 S  8.73771000E+01      4.888452
  1 S  2.56789000E+01      4.835721
  1 S  3.74004000E+00      0.538229

  2 S  4.21175000E+01      1.341958
  2 S  9.62837000E+00      3.587114
  2 S  2.85332000E+00     -0.005123

  3 P  4.21175000E+01      5.584018
  3 P  9.62837000E+00      5.733366
  3 P  2.85332000E+00      4.332955

  4 S  9.05661000E-01      0.661659

  5 P  9.05661000E-01      1.259352

  6 S  2.55611000E-01      0.256209

  7 P  2.55611000E-01      0.259068

  8 D  1.29200000E+00      2.577026


  Br (bromine)
  ------------
          Exponent        Coefficients
      ----------------  --------------------
  1 S  4.39700000E+05      9.893706
  1 S  6.60300000E+04     18.450679
  1 S  1.51400000E+04     31.049770
  1 S  4.31700000E+03     48.888138
  1 S  1.41400000E+03     64.847798
  1 S  5.23900000E+02     42.245010

  2 S  5.23900000E+02     14.290679
  2 S  2.07700000E+02     24.083128
  2 S  8.65400000E+01      5.132542

  3 S  3.05200000E+01      9.254405

  4 S  1.29800000E+01      4.873782

  5 S  4.41200000E+00      2.169635

  6 S  1.86200000E+00      1.136043

  7 S  3.93200000E-01      0.353892

  8 S  1.40000000E-01      0.163120

  9 P  2.95700000E+03    691.874478
  9 P  7.00300000E+02    925.332763
  9 P  2.24600000E+02   1068.830732

  10 P  8.25900000E+01    122.079275
  10 P  3.31900000E+01     57.580687
  10 P  1.42000000E+01     10.176170

  11 P  1.42000000E+01      3.129736
  11 P  7.43800000E+00      6.538168
  11 P  3.52600000E+00      4.166276

  12 P  1.59500000E+00      2.555000

  13 P  8.46200000E-01      1.156861

  14 P  3.18600000E-01      0.341191

  15 P  1.09600000E-01      0.089888

  16 D  1.34800000E+02    160.709187
  16 D  3.63900000E+01    119.797406
  16 D  1.21600000E+01     55.531619
  16 D  4.34100000E+00     12.984636

  17 D  1.53500000E+00      3.484168

  18 D  4.51000000E-01      0.408525



Printing Internal Coordinates

------------------------------------------------------------
                Bond Lengths

i      j        Length (Angstroms)     Length (Bohr)
0      1          1.4014749352         2.6484037999
0      4          1.3573707497         2.5650589683
0      5          1.0777453921         2.0366436245
1      2          1.4013578974         2.6481826304
1      6          1.0849643814         2.0502855372
2      3          1.3466876517         2.5448708389
2      9          1.4815432049         2.7997109010
3      7          1.0805848170         2.0420093600
3      12         1.4633968860         2.7654193281
4      8          1.0790084442         2.0390304471
4      12         1.4682965321         2.7746783172
9      10         1.2001035402         2.2678670138
9      11         1.2024360192         2.2722747603
12     13         1.0974196933         2.0738226654
12     14         1.9386262403         3.6634726546

Number of Bonds: 15

------------------------------------------------------------
           Bond Angles

i      j      k      Angle (degrees)
0      1      2        120.9111 
0      1      6        120.6346 
0      4      8        120.5982 
0      4      12       122.4018 
1      0      4        119.0509 
1      0      5        119.1957 
1      2      3        121.7664 
1      2      9        119.3862 
2      1      6        118.4470 
2      3      7        120.2920 
2      3      12       120.3457 
2      9      10       115.2807 
2      9      11       116.2187 
3      2      9        118.8447 
3      12     4        115.5016 
3      12     13       108.9434 
3      12     14       107.4581 
4      0      5        121.7532 
4      12     13       107.2502 
4      12     14       112.7721 
7      3      12       119.3559 
8      4      12       116.9960 
10     9      11       128.4970 
13     12     14       104.2876 

Number of Angles: 24

------------------------------------------------------------
              Torsional Angles

i      j      k      l      Angle (degrees)
3      2      1      0          1.8370 
4      0      1      2         -1.5199 
5      0      1      2        178.6472 
6      1      0      4        179.4819 
6      1      0      5         -0.3510 
6      1      2      3       -179.1434 
7      3      2      1        178.1409 
8      4      0      1        179.6251 
8      4      0      5         -0.5465 
12     3      2      1         -0.9337 
13     12     3      2       -120.9253 
13     12     3      7         59.9915 
14     12     3      2        126.6505 
14     12     3      7        -52.4328 

Number of Torsional Angles: 14


----------------------------------------------------------------------
                          Center of Mass

         x               y               z              Unit
  -0.04558363691   -0.1238440996   0.06835481331      Angstrom
  -0.08614058959   -0.2340314305    0.1291718766          Bohr

----------------------------------------------------------------------
                Moment of Inertia Tensor

           1747.07          -955.104          -654.438
          -955.104           2928.61          -628.513
          -654.438          -628.513           3841.12

----------------------------------------------------------------------
                      Principal Moments of Inertia

           x                 y                 z                Unit
       265.1115863       950.5604848       1169.274973       amu * ang^2
       946.7306621       3394.513117       4175.556735      amu * bohr^2
  4.4022844654e-38  1.5784438976e-37  1.9416280980e-37          g * cm^2

 - Molecule is an asymmetric top.

----------------------------------------------------------------------

         Rotational constants (MHz)

    A = 1.9063e+03        B = 5.3166e+02        C = 4.3222e+02

----------------------------------------------------------------------

        Rotational constants (cm-1)

    A = 6.3587e-02        B = 1.7734e-02        C = 1.4417e-02

----------------------------------------------------------------------

                                Z-Matrix
C   
C        1       2.6484038
C        2       2.6481826     1       120.91105
C        3      2.54487084     2    121.76637152     1          1.8370
C        4      4.68545844     3     88.03622809     2         -1.0347
H        5      4.02814366     4    115.67588851     3          0.0153
H        6      4.68664452     5     93.41916550     4          0.7824
H        7      8.02454062     6     91.90316241     5         -0.3460
H        8      8.23426602     7     59.52538162     6          0.1446
N        9     10.09106426     8     29.32548745     7         -1.7348
O       10      2.26786701     9    116.40344463     8          5.7440
O       11      4.08924640    10     25.77833537     9       -179.4944
C       12      8.91563687    11     60.60017909    10          2.2512
H       13      2.07382267    12    118.80614441    11         78.3872
Br      14      4.63375415    13     50.00956283    12       -142.8239

----------------------------------------------------------------------

             Converted back to Cartesian

C        0.000000      0.000000      0.000000
C        0.000000      0.000000      2.648404
C        0.000000      0.097515      0.002017
C       -0.000053     -0.090440      2.539938
C        0.000154      0.380780     -2.121765
H       -0.000148     -0.165273      1.869196
H        0.000289      0.601908     -2.754231
H       -0.000578     -0.932745      5.122196
H        0.000383      0.788302     -2.930203
N       -0.000791     -1.408903      6.918749
O       -0.000672     -0.836944      4.724191
O        0.000926     -1.899248      8.673045
C       -0.011959      0.575123      0.107655
H       -0.006468     -0.072099      2.077887
Br      -0.018008      1.440945     -2.301867

----------------------------------------------------------------------
                       Geometry in bohr 

1     C      -1.7307257549    3.8455137658    1.3915497471
2     C       0.9136732289    3.7304889169    1.3022973735
3     C       2.1723407278    1.4017120500    1.2286381888
4     C       0.9055137155   -0.8046861947    1.1709867066
5     C      -3.0746989596    1.6611952805    1.3466466225
6     H      -2.6433269009    5.6636533494    1.4887343962
7     H       2.0352350314    5.4467271758    1.3195062648
8     H       1.9208879800   -2.5727211650    1.0575421240
9     H      -5.1119673760    1.6942798965    1.4246720792
10    N       4.9715913665    1.3520979325    1.2393820324
11    O       5.9054214407   -0.6865326417    0.9000185600
12    O       6.0097701238    3.3473954262    1.5621905918
13    C      -1.8593037379   -0.8300528501    1.2228040970
14    H      -2.4917715822   -1.9058969092    2.8790904352
15    Br     -2.9939184589   -2.8208362389   -1.6355980484

 Number of nodes, processes per node used for SCF calculation: 1, 4

Common Options
{
  maxiter       = 100
  basis         = 6-311g* spherical
  geom_units    = angstrom
  ang2au factor = 1.889726126
  debug         = false
  file_prefix   = meta_th54_ph342_qed_ccsd_input
}

SCF Options
{
  charge            = 1
  multiplicity      = 1
  level shift       = 0
  tol_int           = 1e-22
  tol_sch           = 1e-12
  tol_lindep        = 1e-10
  conve             = 1e-07
  convd             = 1e-05
  diis_hist         = 10
  AO_tilesize       = 30
  writem            = 10
  damp              = 100
  n_lindep          = 0
  scf_type          = restricted
  cuscf             = false
  qed_omegas        = [0.06615,]
  qed_lambdas       = [0.1,]
  qed_polvecs       = [[0.7694208843,-0.25,0.5877852523,],]
  direct_df         = false
  restart_size      = 2000
  restart           = false
  debug             = false
}

Number of basis functions = 221

Total number of shells = 105

Total number of electrons = 98
  # of alpha electrons    = 49
  # of beta electons      = 49

Nuclear repulsion energy  = 739.923900581895

# of {all,non-negligible} shell-pairs = {5565,4905}
Number of AO tiles = 105

Time for initial setup: 0.02 secs
HF exch = 1.00

Time for computing 1-e integrals T, V, S: 0.01 secs
Time for computing orthogonalizer: 0.01 secs

Superposition of Atomic Density Guess ...
Time taken for SAD: 0.38 secs
Total Time to compute initial guess: 0.38 secs


 SCF iterations
-----------------------------------------------------------------------------
 Iter     Energy            E-Diff       RMSD        |[F,P]|^2       Time(s)
-----------------------------------------------------------------------------
   1  -3011.7387811888    -3.01e+03     1.68e-02     1.51e+03         0.6 
   2  -3005.7789692899     5.96e+00     6.63e-03     8.65e+00         2.1 
   3  -3006.0345923138    -2.56e-01     2.34e-03     2.75e+00         2.1 
   4  -3006.1141525866    -7.96e-02     1.18e-03     9.19e-02         2.1 
   5  -3006.1205821270    -6.43e-03     2.76e-04     6.79e-03         2.1 
   6  -3006.1211158929    -5.34e-04     1.70e-04     1.37e-03         2.1 
   7  -3006.1212551389    -1.39e-04     5.74e-05     1.54e-04         2.1 
   8  -3006.1212717138    -1.66e-05     1.38e-05     1.92e-05         2.1 
   9  -3006.1212733250    -1.61e-06     6.49e-06     3.09e-06         2.1 
  10  -3006.1212736544    -3.29e-07     3.26e-06     4.56e-07         2.1 
  11  -3006.1212737194    -6.50e-08     1.36e-06     9.68e-08         2.1 

** Total SCF energy = -3006.1212737193600

Nuclear repulsion energy = 739.923900581894713
#electrons        = 98
1e energy kinetic = 3006.2254406984520756
1e energy N-e     = -8633.1479952584813873
1e energy         = -5622.3958669854127947
2e energy         = 1880.6887713683790935
QED energy        = 0.1886088903970737
QED eT energy     = 0.1671367440072408
QED eT energy from matrix = 0.1671367440072180

 Polarizability Matrix (QED energy = 0.5 * lambda.dot(matrix * lambda))
[39.92135517,  1.95288848,  0.29839624]
[ 1.95288848, 44.91396001,  2.10379510]
[ 0.29839624,  2.10379510, 35.83462553]

 Polarizability Matrix (QED eT energy = 0.5 * lambda.dot(matrix * lambda))
[36.14649733,  2.20080245,  0.44398404]
[ 2.20080245, 41.93942374,  2.60260080]
[ 0.44398404,  2.60260080, 30.73033837]


                      Electron        Nuclear        Total  
                  ------------------------------------------
    Monopole         -98.000000     99.000000      1.000000

      Dipole   X      -5.055838      3.005378     -2.050460
      Dipole   Y       6.972549     -5.626612      1.345936
      Dipole   Z     -23.891015     25.274497      1.383482

  Quadrupole  XX   -1286.065392   1235.512319    -50.553073
  Quadrupole  XY    -432.902926    431.434386     -1.468539
  Quadrupole  XZ    -297.593653    295.054030     -2.539623
  Quadrupole  YY    -705.701847    668.165460    -37.536388
  Quadrupole  YZ    -290.877472    293.195633      2.318161
  Quadrupole  ZZ    -250.832880    204.713413    -46.119467

    Octupole XXX   -3118.705758   2979.379970   -139.325787
    Octupole XXY    -427.754470    410.248333    -17.506138
    Octupole XXZ    -679.923769    652.489018    -27.434752
    Octupole XYY     319.382969   -351.358539    -31.975570
    Octupole XYZ     245.483994   -256.028950    -10.544956
    Octupole XZZ     115.357382   -136.285404    -20.928022
    Octupole YYY    -545.257056    543.517271     -1.739786
    Octupole YYZ    -107.240639     90.819973    -16.420666
    Octupole YZZ      58.348898    -82.533652    -24.184754
    Octupole ZZZ     -80.642138      5.856316    -74.785823

writing orbitals and density to disk ... done.

Total Time taken for Hartree-Fock: 23.31 secs

CD Options
{
  debug             = false
  skip_cd           = [false, 100]
  write_cv          = [false, 5000]
  diagtol           = 1e-06
  itilesize         = 1000
  max_cvecs_factor  = 12
}

- #occupied, #virtual = 98, 344

- Tilesize for the MSO space: 40

-----------------------------------------------------
Begin 2-index transformation ... 

nAO, nMO, nelectrons = 221, 442, 98
n_occ_alpha, n_vir_alpha, n_occ_beta, n_vir_beta = 49,172,49,172

Time taken for Fao->Fmo transform: 0.00 secs

-----------------------------------------------------
Number of AO tiles = 105
# of {all,non-negligible} shell-pairs = {5565,4905}

    Begin Cholesky Decomposition
---------------------------------------------
Total # of mpi ranks used for Cholesky decomposition: 4
  --> Number of nodes, mpi ranks per node: 1, 4
- CPU memory required for computing cholesky vectors: 1.93 GiB

- Time for computing the diagonal: 0.01 secs

- Total number of cholesky vectors = 1650

- Time to compute cholesky vectors: 15.89 secs

- CPU memory required for resizing the ao cholesky tensor: 1.57 GiB
- CPU memory required for ao2mo transformation: 1.70 GiB
- CPU memory required for the 2-step contraction: 2.12 GiB

- Time for ao to mo transform: 1.56 secs

   End Cholesky Decomposition
---------------------------------------------

Total Time taken for Cholesky Decomposition: 19.76 secs

scf_type = restricted
Closed-Shell SCF
QED-HF Enabled
nbf = 203
nbf_orig = 221
n_lindep = 0
focc = 1
nmo = 406
nocc = 62
nvir = 344
n_occ_alpha = 31
n_vir_alpha = 172
n_occ_beta = 31
n_vir_beta = 172
nelectrons = 98
nelectrons_alpha = 49
nelectrons_beta = 49
freeze atomic = true
n_frozen_core = 18
n_frozen_virtual = 0
----------------------------
--------- QED-CCSD --------
lambda_x: 0.0769
lambda_y: -0.0250
lambda_z: 0.0588
omega: 0.066150
coupling_factor_x: 0.013993
coupling_factor_y: -0.004547
coupling_factor_z: 0.010690
----------------------------
# of {all,non-negligible} shell-pairs = {5565,4905}
Number of AO tiles = 105
----------------------------
Electronic dipole expectation value using SCF density: 
dipole_x_elec: -5.05564572
dipole_y_elec: 6.97262672
dipole_z_elec: -23.89098808

d_n/N value: d_n is nuclear dipole moment and N is the total number of electrons 
d_nuc_x: 0.03066713
d_nuc_y: -0.05741441
d_nuc_z: 0.25790304

<d_e+d_n> expectation values: 
dipole_total_x: -2.05026723
dipole_total_y: 1.34601432
dipole_total_z: 1.38350938
----------------------------


 CCSD iterations
------------------------------------------------------------
  Iter     Residuum          Correlation          Time(s)
------------------------------------------------------------
   1     1.1841018001315    0.0000000000000         87.19
   2     0.1672297553597   -1.6040103819378         86.26
   3     0.0633771569295   -1.6228465483133         86.03
   4     0.0229233198078   -1.6811941196268         86.25
   5     0.0173458010170   -1.6802046803918         86.08
 MICROCYCLE DIIS UPDATE:                    6
   6     0.0084532301893   -1.6896879538097         85.76
   7     0.0057104346851   -1.6896351318567         84.63
   8     0.0039202483092   -1.6909613169404         84.81
   9     0.0033358380878   -1.6913129183852         84.70
  10     0.0033443756992   -1.6916306170492         84.96
 MICROCYCLE DIIS UPDATE:                   11
  11     0.0006570464222   -1.6923156479785         84.09
  12     0.0004290437517   -1.6922475933937         84.16
  13     0.0003963342202   -1.6923418816715         84.30
  14     0.0004906393780   -1.6923084204331         85.54
  15     0.0006542571757   -1.6923381093356         85.27
 MICROCYCLE DIIS UPDATE:                   16
  16     0.0000722626705   -1.6923452894974         84.96
  17     0.0000494718996   -1.6923350764894         84.97
  18     0.0000434419627   -1.6923411646342         84.79
  19     0.0000404199234   -1.6923439870784         84.71
  20     0.0000484556274   -1.6923448126178         85.05
 MICROCYCLE DIIS UPDATE:                   21
  21     0.0000143674299   -1.6923522634830         84.92
  22     0.0000101312299   -1.6923498232210         84.88
  23     0.0000085136893   -1.6923503168024         84.89
  24     0.0000087496558   -1.6923495297993         84.75
  25     0.0000107494266   -1.6923496403071         84.86
 MICROCYCLE DIIS UPDATE:                   26
  26     0.0000029542844   -1.6923490941271         85.94
  27     0.0000021007677   -1.6923488502870         85.95
  28     0.0000017733475   -1.6923491420043         84.49
  29     0.0000017168841   -1.6923492197981         84.32
  30     0.0000020668768   -1.6923492542011         84.57
 MICROCYCLE DIIS UPDATE:                   31
  31     0.0000007058550   -1.6923495347356         86.01
------------------------------------------------------------------
 Iterations converged
 CCSD correlation energy / hartree =        -1.692349534735570
 CCSD total energy / hartree       =     -3007.813623254095546

Time taken for spin-orbital canonical QED-CCSD: 2723.97 secs
