
ExaChem Git Information
{
 WARNING: Failed to retrieve the current git state.
}


TAMM Git Information
{
 Branch: main
 Commit Hash: e71357ad [e71357ad54f38748b4a7e175aa6760820d5ce96f]
 Commit Date: 2026-02-02 23:14:56 -0800
 Commit Message: add GitHub Actions workflow for releases
}


date: Wed Aug  5 21:48:45 2026
program: "/global/cfs/cdirs/m3196/heindelj/cavity_qed/software/install_gpu/bin/bin/ExaChem"
nnodes: 1, nproc_per_node: 4, nproc_total: 4, ngpus_per_node: 1, ngpus_total: 1

Memory information
{
[AMD EPYC 7763 64-Core Processor                ] : 
  CPU memory per node (GiB): 251
  Total CPU memory (GiB): 251
[NVIDIA A100-SXM4-40GB, CUDA v12.9] : 
  GPU memory per device (GiB): 39
  GPU memory per node (GiB): 39
  Total GPU memory (GiB): 39
}

------------------------------------------------------------

Input file provided: /global/cfs/cdirs/m4262/heindelj/cavity_qed/mlip/lambda_scans/grid_scans_optimized_geoms/runs_grid_no_freq/ortho_th90_ph0/ortho_th90_ph0_qed_ccsd_input.json

{
  "geometry": {
    "coordinates": [
      "C    -1.789374431500    1.942514805000    0.719727137900",
      "C    -0.365223705200    1.988895428300    0.708733238400",
      "C     0.284326826600    0.824076783500    0.693720039300",
      "C    -2.500847055900    0.751922208400    0.757764597200",
      "H    -2.325086174100    2.883930158800    0.713222356400",
      "H     0.157683156100    2.932226200400    0.726747842600",
      "H    -3.573971858300    0.766624215400    0.791861407000",
      "N     1.762094064400    0.820663565400    0.772137423200",
      "O     2.254673346500   -0.241687524700    1.052808631900",
      "O     2.300627508100    1.872844223200    0.573703859100",
      "C    -1.821424149300   -0.433752343000    0.739849148000",
      "H    -2.340529127700   -1.382746286200    0.753599232600",
      "C    -0.364834570400   -0.488215495100    0.637886066600",
      "H     0.090021922900   -1.212306393600    1.310700080400",
      "Br   -0.121636605600   -1.240512851600   -1.162733129000"
    ],
    "units": "angstrom",
    "noorient": true
  },
  "common": {
    "maxiter": 100,
    "debug": false
  },
  "basis": {
    "basisset": "6-311G*"
  },
  "SCF": {
    "charge": 1,
    "multiplicity": 1,
    "lshift": 0,
    "tol_lindep": 1e-10,
    "conve": 1e-07,
    "convd": 1e-05,
    "diis_hist": 10,
    "writem": 10,
    "restart": false,
    "noscf": false,
    "scf_type": "restricted",
    "debug": false,
    "qed_omegas": [
      0.06615
    ],
    "qed_volumes": [],
    "qed_lambdas": [
      0.1
    ],
    "qed_polvecs": [
      [
        1.0,
        0.0,
        6.123233995736766e-17
      ]
    ],
    "direct_df": false
  },
  "CD": {
    "debug": false,
    "diagtol": 1e-06
  },
  "CC": {
    "threshold": 1e-06,
    "ndiis": 5,
    "ccsd_maxiter": 200,
    "tilesize": 40,
    "freeze": {
      "atomic": true
    },
    "readt": false,
    "writet": true,
    "writet_iter": 5,
    "debug": false,
    "profile_ccsd": false,
    "balance_tiles": true
  },
  "TASK": {
    "scf": false,
    "ccsd": true
  }
}

Output folder & files prefix: ortho_th90_ph0_qed_ccsd_input.6-311g*

  C (carbon)
  ----------
          Exponent        Coefficients
      ----------------  --------------------
  1 S  4.56324000E+03      0.778202
  1 S  6.82024000E+02      1.448695
  1 S  1.54973000E+02      2.383089
  1 S  4.44553000E+01      3.200089
  1 S  1.30290000E+01      3.013004
  1 S  1.82773000E+00      0.247599

  2 S  2.09642000E+01      0.800629
  2 S  4.80331000E+00      2.127420
  2 S  1.45933000E+00     -0.002868

  3 P  2.09642000E+01      2.573592
  3 P  4.80331000E+00      2.408248
  3 P  1.45933000E+00      1.865281

  4 S  4.83456000E-01      0.413217

  5 P  4.83456000E-01      0.574627

  6 S  1.45585000E-01      0.167976

  7 P  1.45585000E-01      0.128185

  8 D  6.26000000E-01      0.725128


  H (hydrogen)
  ------------
          Exponent        Coefficients
      ----------------  --------------------
  1 S  3.38650000E+01      0.255069
  1 S  5.09479000E+00      0.460109
  1 S  1.15879000E+00      0.678321

  2 S  3.25840000E-01      0.307371

  3 S  1.02741000E-01      0.129336


  N (nitrogen)
  ------------
          Exponent        Coefficients
      ----------------  --------------------
  1 S  6.29348000E+03      0.991968
  1 S  9.49044000E+02      1.823240
  1 S  2.18776000E+02      2.979891
  1 S  6.36916000E+01      4.000007
  1 S  1.88282000E+01      3.881008
  1 S  2.72023000E+00      0.386764

  2 S  3.06331000E+01      1.038501
  2 S  7.02614000E+00      2.834794
  2 S  2.11205000E+00     -0.003208

  3 P  3.06331000E+01      3.935616
  3 P  7.02614000E+00      3.870994
  3 P  2.11205000E+00      2.967271

  4 S  6.84009000E-01      0.536051

  5 P  6.84009000E-01      0.886681

  6 S  2.00878000E-01      0.213850

  7 P  2.00878000E-01      0.191693

  8 D  9.13000000E-01      1.403568


  O (oxygen)
  ----------
          Exponent        Coefficients
      ----------------  --------------------
  1 S  8.58850000E+03      1.205013
  1 S  1.29723000E+03      2.216205
  1 S  2.99296000E+02      3.627452
  1 S  8.73771000E+01      4.888452
  1 S  2.56789000E+01      4.835721
  1 S  3.74004000E+00      0.538229

  2 S  4.21175000E+01      1.341958
  2 S  9.62837000E+00      3.587114
  2 S  2.85332000E+00     -0.005123

  3 P  4.21175000E+01      5.584018
  3 P  9.62837000E+00      5.733366
  3 P  2.85332000E+00      4.332955

  4 S  9.05661000E-01      0.661659

  5 P  9.05661000E-01      1.259352

  6 S  2.55611000E-01      0.256209

  7 P  2.55611000E-01      0.259068

  8 D  1.29200000E+00      2.577026


  Br (bromine)
  ------------
          Exponent        Coefficients
      ----------------  --------------------
  1 S  4.39700000E+05      9.893706
  1 S  6.60300000E+04     18.450679
  1 S  1.51400000E+04     31.049770
  1 S  4.31700000E+03     48.888138
  1 S  1.41400000E+03     64.847798
  1 S  5.23900000E+02     42.245010

  2 S  5.23900000E+02     14.290679
  2 S  2.07700000E+02     24.083128
  2 S  8.65400000E+01      5.132542

  3 S  3.05200000E+01      9.254405

  4 S  1.29800000E+01      4.873782

  5 S  4.41200000E+00      2.169635

  6 S  1.86200000E+00      1.136043

  7 S  3.93200000E-01      0.353892

  8 S  1.40000000E-01      0.163120

  9 P  2.95700000E+03    691.874478
  9 P  7.00300000E+02    925.332763
  9 P  2.24600000E+02   1068.830732

  10 P  8.25900000E+01    122.079275
  10 P  3.31900000E+01     57.580687
  10 P  1.42000000E+01     10.176170

  11 P  1.42000000E+01      3.129736
  11 P  7.43800000E+00      6.538168
  11 P  3.52600000E+00      4.166276

  12 P  1.59500000E+00      2.555000

  13 P  8.46200000E-01      1.156861

  14 P  3.18600000E-01      0.341191

  15 P  1.09600000E-01      0.089888

  16 D  1.34800000E+02    160.709187
  16 D  3.63900000E+01    119.797406
  16 D  1.21600000E+01     55.531619
  16 D  4.34100000E+00     12.984636

  17 D  1.53500000E+00      3.484168

  18 D  4.51000000E-01      0.408525



Printing Internal Coordinates

------------------------------------------------------------
                Bond Lengths

i      j        Length (Angstroms)     Length (Bohr)
0      1          1.4249481813         2.6927618062
0      3          1.3874980629         2.6219913392
0      4          1.0831861575         2.0469251810
1      2          1.3337705068         2.5204609726
1      5          1.0787163933         2.0384785508
2      7          1.4798503118         2.7965117966
2      12         1.4651412820         2.7687157588
3      6          1.0737670059         2.0291255642
3      10         1.3666603789         2.5826138232
7      8          1.2041596718         2.2755319916
7      9          1.1985317209         2.2648967057
10     11         1.0817802677         2.0442684344
10     12         1.4611693626         2.7612099189
12     13         1.0880628456         2.0561407859
12     14         1.9665518173         3.7162443472

Number of Bonds: 15

------------------------------------------------------------
           Bond Angles

i      j      k      Angle (degrees)
0      1      2        117.2834 
0      1      5        120.8514 
0      3      6        120.1052 
0      3      10       119.2860 
1      0      3        122.7264 
1      0      4        117.7723 
1      2      7        119.1919 
1      2      12       124.5323 
2      1      5        121.8592 
2      7      8        115.0162 
2      7      9        115.9698 
2      12     10       113.9311 
2      12     13       112.7849 
2      12     14       108.8285 
3      0      4        119.4944 
3      10     11       121.4902 
3      10     12       121.9268 
6      3      10       120.6065 
7      2      12       116.2572 
8      7      9        128.9979 
10     12     13       113.4774 
10     12     14       101.6207 
11     10     12       116.5223 
13     12     14       105.0645 

Number of Angles: 24

------------------------------------------------------------
              Torsional Angles

i      j      k      l      Angle (degrees)
3      0      1      2          2.0810 
3      10     12     2          5.7875 
4      0      1      2       -178.8806 
5      1      0      3       -177.0379 
5      1      0      4          2.0005 
6      3      0      1        178.3230 
6      3      0      4         -0.6995 
10     3      0      1         -2.2272 
10     3      0      4        178.7503 
10     12     2      1         -6.0750 
11     10     3      0       -179.0915 
11     10     3      6          0.3556 
11     10     12     2       -177.0074 
12     2      1      0          2.3721 
12     2      1      5       -178.5185 
12     10     3      0         -2.0242 
12     10     3      6        177.4229 
13     12     2      1       -137.3109 
13     12     10     3        136.6839 
13     12     10     11       -46.1110 
14     12     2      1        106.5167 
14     12     10     3       -111.0682 
14     12     10     11        66.1370 

Number of Torsional Angles: 23


----------------------------------------------------------------------
                          Center of Mass

         x               y               z              Unit
  0.005285273186   -0.0123735956 -0.003308405274      Angstrom
  0.009987718822  -0.02338270688 -0.006251979881          Bohr

----------------------------------------------------------------------
                Moment of Inertia Tensor

           1796.21          -100.199          -90.9658
          -100.199            2041.5          -640.055
          -90.9658          -640.055            2554.1

----------------------------------------------------------------------
                      Principal Moments of Inertia

           x                 y                 z                Unit
       430.8518694       522.4310501       836.6063277       amu * ang^2
       1538.599958        1865.63515       2987.575434      amu * bohr^2
  7.1544684946e-38  8.6751776038e-38  1.3892184387e-37          g * cm^2

 - Molecule is an asymmetric top.

----------------------------------------------------------------------

         Rotational constants (MHz)

    A = 1.1730e+03        B = 9.6736e+02        C = 6.0408e+02

----------------------------------------------------------------------

        Rotational constants (cm-1)

    A = 3.9126e-02        B = 3.2268e-02        C = 2.0150e-02

----------------------------------------------------------------------

                                Z-Matrix
C   
C        1       2.6927618
C        2        2.520461     1       117.28337
C        3      5.26637262     2     62.33128468     1         -0.9840
H        4      4.04345481     3     83.77865091     2          1.0944
H        5      4.69271127     4     95.81927832     3         -1.6302
H        6      8.15418923     5     29.03659204     4         -1.1133
N        7     10.08428915     6     29.55349400     5        178.8945
O        8      2.27553199     7    113.53101560     6        166.5564
O        9      4.09809133     8     25.43702004     7       -175.2020
C       10      8.93169050     9     59.86130512     8         -0.5571
H       11      2.04426843    10    147.89353037     9        -15.4445
C       12      4.10420666    11     37.01133590    10         -1.4789
H       13      2.05614079    12     94.20030098    11        138.4859
Br      14      4.69149650    13     49.89820160    12         91.3540

----------------------------------------------------------------------

             Converted back to Cartesian

C        0.000000      0.000000      0.000000
C        0.000000      0.000000      2.692762
C        0.000000      0.090028      0.173909
C        0.000030     -0.197971      5.432401
H       -0.000058      0.126104      1.401954
H        0.000199     -0.386359      6.066600
H       -0.000305      0.575769     -2.030629
N       -0.004555     -0.704066      7.972116
O       -0.003363     -0.337399      5.726320
O       -0.003910     -1.029023      9.765627
C       -0.010899      0.638425      0.990967
H       -0.004245      0.166861      2.980092
C       -0.020120      1.158499     -1.002485
H       -0.011451      0.604668      0.977645
Br      -0.034072      1.936811     -3.520691

----------------------------------------------------------------------
                       Geometry in bohr 

1     C      -3.3814276122    3.6708209770    1.3600871760
2     C      -0.6901727775    3.7584676526    1.3393117169
3     C       0.5372998325    1.5572794275    1.3109408823
4     C      -4.7259160184    1.4209270419    1.4319675566
5     H      -4.3937760882    5.4498381664    1.3477949205
6     H       0.2979779797    5.5411044580    1.3733543851
7     H      -6.7538279939    1.4487098086    1.4964011889
8     N       3.3298751898    1.5508293801    1.4591282614
9     O       4.2607151283   -0.4567232297    1.9895199773
10    O       4.3475559080    3.5391626583    1.0841431711
11    C      -3.4419928013   -0.8196731347    1.3981122642
12    H      -4.4229590411   -2.6130117825    1.4240961583
13    C      -0.6894374193   -0.9225935762    1.2054299654
14    H       0.1701167796   -2.2909270646    2.4768641852
15    Br     -0.2298598715   -2.3442295452   -2.1972471713

 Number of nodes, processes per node used for SCF calculation: 1, 4

Common Options
{
  maxiter       = 100
  basis         = 6-311g* spherical
  geom_units    = angstrom
  ang2au factor = 1.889726126
  debug         = false
  file_prefix   = ortho_th90_ph0_qed_ccsd_input
}

SCF Options
{
  charge            = 1
  multiplicity      = 1
  level shift       = 0
  tol_int           = 1e-22
  tol_sch           = 1e-12
  tol_lindep        = 1e-10
  conve             = 1e-07
  convd             = 1e-05
  diis_hist         = 10
  AO_tilesize       = 30
  writem            = 10
  damp              = 100
  n_lindep          = 0
  scf_type          = restricted
  cuscf             = false
  qed_omegas        = [0.06615,]
  qed_lambdas       = [0.1,]
  qed_polvecs       = [[1,0,6.123233996e-17,],]
  direct_df         = false
  restart_size      = 2000
  restart           = false
  debug             = false
}

Number of basis functions = 221

Total number of shells = 105

Total number of electrons = 98
  # of alpha electrons    = 49
  # of beta electons      = 49

Nuclear repulsion energy  = 780.33180105139

# of {all,non-negligible} shell-pairs = {5565,4996}
Number of AO tiles = 105

Time for initial setup: 0.01 secs
HF exch = 1.00

Time for computing 1-e integrals T, V, S: 0.01 secs
Time for computing orthogonalizer: 0.01 secs

Superposition of Atomic Density Guess ...
Time taken for SAD: 0.31 secs
Total Time to compute initial guess: 0.31 secs


 SCF iterations
-----------------------------------------------------------------------------
 Iter     Energy            E-Diff       RMSD        |[F,P]|^2       Time(s)
-----------------------------------------------------------------------------
   1  -3011.9043052086    -3.01e+03     1.68e-02     1.51e+03         0.7 
   2  -3005.7513828075     6.15e+00     6.82e-03     8.83e+00         2.2 
   3  -3006.0060760367    -2.55e-01     2.61e-03     3.20e+00         2.2 
   4  -3006.0981720521    -9.21e-02     1.21e-03     1.47e-01         2.2 
   5  -3006.1068586010    -8.69e-03     3.51e-04     1.79e-02         2.2 
   6  -3006.1078655983    -1.01e-03     2.11e-04     2.23e-03         2.2 
   7  -3006.1081346371    -2.69e-04     7.95e-05     4.02e-04         2.2 
   8  -3006.1081835044    -4.89e-05     3.47e-05     8.15e-05         2.2 
   9  -3006.1081927755    -9.27e-06     1.63e-05     1.35e-05         2.2 
  10  -3006.1081946994    -1.92e-06     7.07e-06     2.82e-06         2.3 
  11  -3006.1081950533    -3.54e-07     3.71e-06     6.36e-07         2.3 
  12  -3006.1081951563    -1.03e-07     1.82e-06     1.64e-07         2.3 
  13  -3006.1081951849    -2.86e-08     1.27e-06     4.45e-08         2.3 

** Total SCF energy = -3006.1081951849492

Nuclear repulsion energy = 780.331801051389562
#electrons        = 98
1e energy kinetic = 3006.2223283089751931
1e energy N-e     = -8713.9753874591751810
1e energy         = -5703.8393953179802338
2e energy         = 1921.1195320452557098
QED energy        = 0.1935308686082013
QED eT energy     = 0.1745174123523251
QED eT energy from matrix = 0.1745174123523157

 Polarizability Matrix (QED energy = 0.5 * lambda.dot(matrix * lambda))
[38.70617372, -1.15388247, -0.65719633]
[-1.15388247, 45.52134505,  0.57611733]
[-0.65719633,  0.57611733, 37.04167808]

 Polarizability Matrix (QED eT energy = 0.5 * lambda.dot(matrix * lambda))
[34.90348247, -1.22822737, -0.71613062]
[-1.22822737, 42.54125464,  0.58028055]
[-0.71613062,  0.58028055, 32.14633027]


                      Electron        Nuclear        Total  
                  ------------------------------------------
    Monopole         -98.000000     99.000000      1.000000

      Dipole   X       1.619180     -5.322150     -3.702970
      Dipole   Y     -11.762854     12.994371      1.231517
      Dipole   Z     -13.040358     14.293160      1.252802

  Quadrupole  XX    -782.619601    741.640988    -40.978613
  Quadrupole  XY     -42.914275     37.056786     -5.857489
  Quadrupole  XZ     -38.207580     32.334334     -5.873246
  Quadrupole  YY    -624.210362    587.037797    -37.172565
  Quadrupole  YZ    -295.202177    298.340748      3.138571
  Quadrupole  ZZ    -350.037509    303.975758    -46.061751

    Octupole XXX     -20.983524    -58.141463    -79.124987
    Octupole XXY   -1108.838820   1100.251519     -8.587301
    Octupole XXZ   -1088.631644   1078.507998    -10.123646
    Octupole XYY      69.815121   -108.935188    -39.120067
    Octupole XYZ      55.936960    -60.353927     -4.416967
    Octupole XZZ      -5.050826     12.172352      7.121526
    Octupole YYY    -901.907674    881.470939    -20.436735
    Octupole YYZ    -101.030875     93.658522     -7.372353
    Octupole YZZ     222.996879   -252.873488    -29.876609
    Octupole ZZZ      87.648901   -162.318474    -74.669574

writing orbitals and density to disk ... done.

Total Time taken for Hartree-Fock: 29.73 secs

CD Options
{
  debug             = false
  skip_cd           = [false, 100]
  write_cv          = [false, 5000]
  diagtol           = 1e-06
  itilesize         = 1000
  max_cvecs_factor  = 12
}

- #occupied, #virtual = 98, 344

- Tilesize for the MSO space: 40

-----------------------------------------------------
Begin 2-index transformation ... 

nAO, nMO, nelectrons = 221, 442, 98
n_occ_alpha, n_vir_alpha, n_occ_beta, n_vir_beta = 49,172,49,172

Time taken for Fao->Fmo transform: 0.00 secs

-----------------------------------------------------
Number of AO tiles = 105
# of {all,non-negligible} shell-pairs = {5565,4996}

    Begin Cholesky Decomposition
---------------------------------------------
Total # of mpi ranks used for Cholesky decomposition: 4
  --> Number of nodes, mpi ranks per node: 1, 4
- CPU memory required for computing cholesky vectors: 1.93 GiB

- Time for computing the diagonal: 0.01 secs

- Total number of cholesky vectors = 1645

- Time to compute cholesky vectors: 13.40 secs

- CPU memory required for resizing the ao cholesky tensor: 1.56 GiB
- CPU memory required for ao2mo transformation: 1.70 GiB
- CPU memory required for the 2-step contraction: 2.11 GiB

- Time for ao to mo transform: 1.54 secs

   End Cholesky Decomposition
---------------------------------------------

Total Time taken for Cholesky Decomposition: 16.78 secs

scf_type = restricted
Closed-Shell SCF
QED-HF Enabled
nbf = 203
nbf_orig = 221
n_lindep = 0
focc = 1
nmo = 406
nocc = 62
nvir = 344
n_occ_alpha = 31
n_vir_alpha = 172
n_occ_beta = 31
n_vir_beta = 172
nelectrons = 98
nelectrons_alpha = 49
nelectrons_beta = 49
freeze atomic = true
n_frozen_core = 18
n_frozen_virtual = 0
----------------------------
--------- QED-CCSD --------
lambda_x: 0.1000
lambda_y: 0.0000
lambda_z: 0.0000
omega: 0.066150
coupling_factor_x: 0.018187
coupling_factor_y: 0.000000
coupling_factor_z: 0.000000
----------------------------
# of {all,non-negligible} shell-pairs = {5565,4996}
Number of AO tiles = 105
----------------------------
Electronic dipole expectation value using SCF density: 
dipole_x_elec: 1.61900045
dipole_y_elec: -11.76300597
dipole_z_elec: -13.04041925

d_n/N value: d_n is nuclear dipole moment and N is the total number of electrons 
d_nuc_x: -0.05430765
d_nuc_y: 0.13259562
d_nuc_z: 0.14584857

<d_e+d_n> expectation values: 
dipole_total_x: -3.70314957
dipole_total_y: 1.23136495
dipole_total_z: 1.25274097
----------------------------


 CCSD iterations
------------------------------------------------------------
  Iter     Residuum          Correlation          Time(s)
------------------------------------------------------------
   1     1.1842571201085    0.0000000000000         86.72
   2     0.1739365444750   -1.6060759516632         85.75
   3     0.0670849434997   -1.6246619654134         85.59
   4     0.0255718045260   -1.6876770560400         85.63
   5     0.0215275966512   -1.6853834445189         85.82
 MICROCYCLE DIIS UPDATE:                    6
   6     0.0096437612263   -1.6961506130656         84.70
   7     0.0069877148344   -1.6959364343133         84.75
   8     0.0057716940421   -1.6976642533181         84.83
   9     0.0067361048334   -1.6979278520761         84.77
  10     0.0088970082178   -1.6984106660324         84.69
 MICROCYCLE DIIS UPDATE:                   11
  11     0.0010237854929   -1.6991475680830         84.66
  12     0.0007360973930   -1.6990593992419         84.43
  13     0.0006398283526   -1.6992248153862         84.27
  14     0.0008322234140   -1.6991804294275         84.06
  15     0.0012628726456   -1.6992454015775         84.16
 MICROCYCLE DIIS UPDATE:                   16
  16     0.0001652323285   -1.6992948400607         83.93
  17     0.0001156860855   -1.6992575245258         84.06
  18     0.0001184519924   -1.6992800513669         84.23
  19     0.0001299758808   -1.6992840021633         83.72
  20     0.0001747784314   -1.6992864386523         83.53
 MICROCYCLE DIIS UPDATE:                   21
  21     0.0000333186763   -1.6993015789208         84.79
  22     0.0000256515409   -1.6992967200154         84.68
  23     0.0000258760756   -1.6992982840742         84.70
  24     0.0000365277628   -1.6992966892665         84.72
  25     0.0000562267324   -1.6992976500791         84.87
 MICROCYCLE DIIS UPDATE:                   26
  26     0.0000074795284   -1.6992969349271         84.56
  27     0.0000051669787   -1.6992966032181         84.39
  28     0.0000045866319   -1.6992973344623         84.49
  29     0.0000049908445   -1.6992975962145         84.49
  30     0.0000071719098   -1.6992976963702         84.44
 MICROCYCLE DIIS UPDATE:                   31
  31     0.0000018178735   -1.6992984479921         84.68
  32     0.0000014242560   -1.6992981155463         84.78
  33     0.0000013718307   -1.6992981226440         84.60
  34     0.0000016272695   -1.6992980303894         84.64
  35     0.0000025072991   -1.6992980547457         84.62
 MICROCYCLE DIIS UPDATE:                   36
  36     0.0000004602736   -1.6992979514700         85.64
------------------------------------------------------------------
 Iterations converged
 CCSD correlation energy / hartree =        -1.699297951470031
 CCSD total energy / hartree       =     -3007.807493136418998

Time taken for spin-orbital canonical QED-CCSD: 3124.96 secs
