
ExaChem Git Information
{
 WARNING: Failed to retrieve the current git state.
}


TAMM Git Information
{
 Branch: main
 Commit Hash: e71357ad [e71357ad54f38748b4a7e175aa6760820d5ce96f]
 Commit Date: 2026-02-02 23:14:56 -0800
 Commit Message: add GitHub Actions workflow for releases
}


date: Mon Aug 10 16:46:29 2026
program: "/global/cfs/cdirs/m3196/heindelj/cavity_qed/software/install_gpu/bin/bin/ExaChem"
nnodes: 1, nproc_per_node: 4, nproc_total: 4, ngpus_per_node: 1, ngpus_total: 1

Memory information
{
[AMD EPYC 7763 64-Core Processor                ] : 
  CPU memory per node (GiB): 251
  Total CPU memory (GiB): 251
[NVIDIA A100-SXM4-80GB, CUDA v12.9] : 
  GPU memory per device (GiB): 79
  GPU memory per node (GiB): 79
  Total GPU memory (GiB): 79
}

------------------------------------------------------------

Input file provided: /global/cfs/cdirs/m4262/heindelj/cavity_qed/mlip/lambda_scans/grid_scans_optimized_geoms/runs_grid_no_freq/para_th45_ph216/para_th45_ph216_qed_ccsd_input.json

{
  "geometry": {
    "coordinates": [
      "C    -0.467223293300    1.248355411200    0.426129835400",
      "C     0.885033655900    1.245799491700    0.592100170900",
      "C     1.525091459700    0.015412817900    0.724153867800",
      "H    -1.017803267200    2.175042846400    0.316157770400",
      "H     1.465969104600    2.153905328700    0.606085324800",
      "N     3.009963957900    0.030855908200    0.906956807800",
      "O     3.584093219600   -0.992343518800    0.650277560400",
      "O     3.467611376300    1.063639622100    1.314673527800",
      "C    -0.449191846900   -1.242029603400    0.538553168400",
      "H    -0.991455556300   -2.176138365100    0.507105131200",
      "C     0.901927812200   -1.230476152500    0.682461314700",
      "H     1.492894835800   -2.133820747200    0.729184534800",
      "C    -1.225792321700    0.001084925000    0.539313995100",
      "H    -1.553202443700    0.067555680600    1.592895860800",
      "Br   -2.861997383500   -0.079323165800   -0.460609179600"
    ],
    "units": "angstrom",
    "noorient": true
  },
  "common": {
    "maxiter": 100,
    "debug": false
  },
  "basis": {
    "basisset": "6-311G*"
  },
  "SCF": {
    "charge": 1,
    "multiplicity": 1,
    "lshift": 0,
    "tol_lindep": 1e-10,
    "conve": 1e-07,
    "convd": 1e-05,
    "diis_hist": 10,
    "writem": 10,
    "restart": false,
    "noscf": false,
    "scf_type": "restricted",
    "debug": false,
    "qed_omegas": [
      0.06615
    ],
    "qed_volumes": [],
    "qed_lambdas": [
      0.1
    ],
    "qed_polvecs": [
      [
        -0.5720614028176844,
        -0.4156269377774533,
        0.7071067811865476
      ]
    ],
    "direct_df": false
  },
  "CD": {
    "debug": false,
    "diagtol": 1e-06
  },
  "CC": {
    "threshold": 1e-06,
    "ndiis": 5,
    "ccsd_maxiter": 200,
    "tilesize": 40,
    "freeze": {
      "atomic": true
    },
    "readt": false,
    "writet": true,
    "writet_iter": 5,
    "debug": false,
    "profile_ccsd": false,
    "balance_tiles": true
  },
  "TASK": {
    "scf": false,
    "ccsd": true
  }
}

Output folder & files prefix: para_th45_ph216_qed_ccsd_input.6-311g*

  C (carbon)
  ----------
          Exponent        Coefficients
      ----------------  --------------------
  1 S  4.56324000E+03      0.778202
  1 S  6.82024000E+02      1.448695
  1 S  1.54973000E+02      2.383089
  1 S  4.44553000E+01      3.200089
  1 S  1.30290000E+01      3.013004
  1 S  1.82773000E+00      0.247599

  2 S  2.09642000E+01      0.800629
  2 S  4.80331000E+00      2.127420
  2 S  1.45933000E+00     -0.002868

  3 P  2.09642000E+01      2.573592
  3 P  4.80331000E+00      2.408248
  3 P  1.45933000E+00      1.865281

  4 S  4.83456000E-01      0.413217

  5 P  4.83456000E-01      0.574627

  6 S  1.45585000E-01      0.167976

  7 P  1.45585000E-01      0.128185

  8 D  6.26000000E-01      0.725128


  H (hydrogen)
  ------------
          Exponent        Coefficients
      ----------------  --------------------
  1 S  3.38650000E+01      0.255069
  1 S  5.09479000E+00      0.460109
  1 S  1.15879000E+00      0.678321

  2 S  3.25840000E-01      0.307371

  3 S  1.02741000E-01      0.129336


  N (nitrogen)
  ------------
          Exponent        Coefficients
      ----------------  --------------------
  1 S  6.29348000E+03      0.991968
  1 S  9.49044000E+02      1.823240
  1 S  2.18776000E+02      2.979891
  1 S  6.36916000E+01      4.000007
  1 S  1.88282000E+01      3.881008
  1 S  2.72023000E+00      0.386764

  2 S  3.06331000E+01      1.038501
  2 S  7.02614000E+00      2.834794
  2 S  2.11205000E+00     -0.003208

  3 P  3.06331000E+01      3.935616
  3 P  7.02614000E+00      3.870994
  3 P  2.11205000E+00      2.967271

  4 S  6.84009000E-01      0.536051

  5 P  6.84009000E-01      0.886681

  6 S  2.00878000E-01      0.213850

  7 P  2.00878000E-01      0.191693

  8 D  9.13000000E-01      1.403568


  O (oxygen)
  ----------
          Exponent        Coefficients
      ----------------  --------------------
  1 S  8.58850000E+03      1.205013
  1 S  1.29723000E+03      2.216205
  1 S  2.99296000E+02      3.627452
  1 S  8.73771000E+01      4.888452
  1 S  2.56789000E+01      4.835721
  1 S  3.74004000E+00      0.538229

  2 S  4.21175000E+01      1.341958
  2 S  9.62837000E+00      3.587114
  2 S  2.85332000E+00     -0.005123

  3 P  4.21175000E+01      5.584018
  3 P  9.62837000E+00      5.733366
  3 P  2.85332000E+00      4.332955

  4 S  9.05661000E-01      0.661659

  5 P  9.05661000E-01      1.259352

  6 S  2.55611000E-01      0.256209

  7 P  2.55611000E-01      0.259068

  8 D  1.29200000E+00      2.577026


  Br (bromine)
  ------------
          Exponent        Coefficients
      ----------------  --------------------
  1 S  4.39700000E+05      9.893706
  1 S  6.60300000E+04     18.450679
  1 S  1.51400000E+04     31.049770
  1 S  4.31700000E+03     48.888138
  1 S  1.41400000E+03     64.847798
  1 S  5.23900000E+02     42.245010

  2 S  5.23900000E+02     14.290679
  2 S  2.07700000E+02     24.083128
  2 S  8.65400000E+01      5.132542

  3 S  3.05200000E+01      9.254405

  4 S  1.29800000E+01      4.873782

  5 S  4.41200000E+00      2.169635

  6 S  1.86200000E+00      1.136043

  7 S  3.93200000E-01      0.353892

  8 S  1.40000000E-01      0.163120

  9 P  2.95700000E+03    691.874478
  9 P  7.00300000E+02    925.332763
  9 P  2.24600000E+02   1068.830732

  10 P  8.25900000E+01    122.079275
  10 P  3.31900000E+01     57.580687
  10 P  1.42000000E+01     10.176170

  11 P  1.42000000E+01      3.129736
  11 P  7.43800000E+00      6.538168
  11 P  3.52600000E+00      4.166276

  12 P  1.59500000E+00      2.555000

  13 P  8.46200000E-01      1.156861

  14 P  3.18600000E-01      0.341191

  15 P  1.09600000E-01      0.089888

  16 D  1.34800000E+02    160.709187
  16 D  3.63900000E+01    119.797406
  16 D  1.21600000E+01     55.531619
  16 D  4.34100000E+00     12.984636

  17 D  1.53500000E+00      3.484168

  18 D  4.51000000E-01      0.408525



Printing Internal Coordinates

------------------------------------------------------------
                Bond Lengths

i      j        Length (Angstroms)     Length (Bohr)
0      1          1.3624065258         2.5745752060
0      3          1.0835043910         2.0475265552
0      12         1.4642135400         2.7669625804
1      2          1.3931846748         2.6327374782
1      4          1.0781177075         2.0373471987
2      5          1.4961623374         2.8273370576
2      10         1.3936680118         2.6336508527
5      6          1.2010186146         2.2695962537
5      7          1.2009647301         2.2694944268
8      9          1.0805545281         2.0419521223
8      10         1.3588110134         2.5677806721
8      12         1.4657566671         2.7698786680
10     11         1.0804890277         2.0418283445
12     13         1.1052829941         2.0886821505
12     14         1.9192391254         3.6268363172

Number of Bonds: 15

------------------------------------------------------------
           Bond Angles

i      j      k      Angle (degrees)
0      1      2        117.9825 
0      1      4        122.3323 
0      12     8        116.6101 
0      12     13       100.1322 
0      12     14       115.9181 
1      0      3        121.2204 
1      0      12       120.2118 
1      2      5        117.2852 
1      2      10       125.5379 
2      1      4        119.6761 
2      5      6        116.0734 
2      5      7        115.3754 
2      10     8        117.0892 
2      10     11       120.1024 
3      0      12       118.2382 
5      2      10       117.1710 
6      5      7        128.5378 
8      10     11       122.7735 
8      12     13       102.0313 
8      12     14       114.5755 
9      8      10       120.6259 
9      8      12       117.8584 
10     8      12       121.3030 
13     12     14       104.2770 

Number of Angles: 24

------------------------------------------------------------
              Torsional Angles

i      j      k      l      Angle (degrees)
3      0      1      2       -179.8706 
4      1      0      3         -0.9775 
8      10     2      1         -1.9747 
8      12     0      1        -13.0103 
8      12     0      3        173.5017 
9      8      10     2       -179.5211 
9      8      12     0       -173.1544 
10     2      1      0          0.9761 
10     2      1      4       -177.9474 
10     8      12     0         12.1132 
11     10     2      1        175.9351 
11     10     8      9          2.6295 
12     0      1      2          6.8388 
12     0      1      4       -174.2681 
12     8      10     2         -4.9337 
12     8      10     11       177.2170 
13     12     0      1         96.0380 
13     12     0      3        -77.4500 
13     12     8      9         78.9095 
13     12     8      10       -95.8228 
14     12     0      1       -152.5311 
14     12     0      3         33.9809 
14     12     8      9        -33.0983 
14     12     8      10       152.1694 

Number of Torsional Angles: 24


----------------------------------------------------------------------
                          Center of Mass

         x               y               z              Unit
   -0.2973703573  -0.02080228548     0.261802624      Angstrom
   -0.5619485333  -0.03931062235    0.4947352583          Bohr

----------------------------------------------------------------------
                Moment of Inertia Tensor

            732.52          -71.3428          -1006.84
          -71.3428           4707.98          -47.0347
          -1006.84          -47.0347           4883.17

----------------------------------------------------------------------
                      Principal Moments of Inertia

           x                 y                 z                Unit
       139.9181059       1318.181297       1432.821421       amu * ang^2
       499.6566274       4707.310871       5116.698187      amu * bohr^2
  2.3233963963e-38  2.1888930346e-37  2.3792575698e-37          g * cm^2

 - Molecule is an asymmetric top.

----------------------------------------------------------------------

         Rotational constants (MHz)

    A = 3.6120e+03        B = 3.8339e+02        C = 3.5272e+02

----------------------------------------------------------------------

        Rotational constants (cm-1)

    A = 1.2048e-01        B = 1.2789e-02        C = 1.1765e-02

----------------------------------------------------------------------

                                Z-Matrix
C   
C        1       2.5745752
C        2       2.6327375     1        117.9825
H        3      6.35149750     2     22.09658091     1          0.0948
H        4      4.72568705     3     39.56081777     2          0.6889
N        5      4.99323525     4    126.89622346     3         -0.2941
O        6      2.26959625     5    159.97109484     4         67.0414
O        7      4.08900086     6     25.73049214     5        125.5376
C        8      8.71321976     7     61.24327140     6          7.3396
H        9      2.04195212     8    149.70983499     7         28.6864
C       10      4.01313383     9     33.40774651     8        -10.4220
H       11      2.04182834    10     96.82949575     9       -177.7735
C       12      6.54214694    11     18.65492827    10         -1.9886
H       13      2.08868215    12    102.55824376    11        -96.4239
Br      14      4.61007995    13     49.67806590    12       -140.1159

----------------------------------------------------------------------

             Converted back to Cartesian

C        0.000000      0.000000      0.000000
C        0.000000      0.000000      2.574575
C        0.000000      0.094599     -0.056462
H       -0.000001     -0.176341      6.289254
H       -0.000011      0.082127      1.570640
N        0.000051     -0.383445      6.542123
O       -0.002264     -0.062030      4.295403
O        0.001344     -0.672809      8.338528
C       -0.003850      0.789170     -0.251163
H       -0.004877      0.355167      1.744134
C       -0.001744      1.247979     -2.168425
H       -0.001719      0.735239     -0.192025
C       -0.002779      2.414036     -6.515103
H        0.001189      1.815356     -4.514064
Br      -0.008471      3.203422     -8.910200

----------------------------------------------------------------------
                       Geometry in bohr 

1     C      -0.8829240640    2.3590498350    0.8052686830
2     C       1.6724712219    2.3542198471    1.1189071621
3     C       2.8820051758    0.0291260047    1.3684524832
4     H      -1.9233694251    4.1102352918    0.5974515986
5     H       2.7702801167    4.0702911724    1.1453352728
6     N       5.6880075293    0.0583092159    1.7138999748
7     O       6.7729545948   -1.8752574734    1.2288464950
8     O       6.5528358123    2.0099875824    2.4843729125
9     C      -0.8488495686   -2.3470957907    1.0177179925
10    H      -1.8735794674   -4.1123055221    0.9582898150
11    C       1.7043965504   -2.3252629327    1.2896649763
12    H       2.8211623744   -4.0323368140    1.3779590660
13    C      -2.3164117753    0.0020502111    1.0191557466
14    H      -2.9351272367    0.1276617346    3.0101369240
15    Br     -5.4083912279   -0.1498990588   -0.8704252005

 Number of nodes, processes per node used for SCF calculation: 1, 4

Common Options
{
  maxiter       = 100
  basis         = 6-311g* spherical
  geom_units    = angstrom
  ang2au factor = 1.889726126
  debug         = false
  file_prefix   = para_th45_ph216_qed_ccsd_input
}

SCF Options
{
  charge            = 1
  multiplicity      = 1
  level shift       = 0
  tol_int           = 1e-22
  tol_sch           = 1e-12
  tol_lindep        = 1e-10
  conve             = 1e-07
  convd             = 1e-05
  diis_hist         = 10
  AO_tilesize       = 30
  writem            = 10
  damp              = 100
  n_lindep          = 0
  scf_type          = restricted
  cuscf             = false
  qed_omegas        = [0.06615,]
  qed_lambdas       = [0.1,]
  qed_polvecs       = [[-0.5720614028,-0.4156269378,0.7071067812,],]
  direct_df         = false
  restart_size      = 2000
  restart           = false
  debug             = false
}

Number of basis functions = 221

Total number of shells = 105

Total number of electrons = 98
  # of alpha electrons    = 49
  # of beta electons      = 49

Nuclear repulsion energy  = 721.796913226052

# of {all,non-negligible} shell-pairs = {5565,4839}
Number of AO tiles = 105

Time for initial setup: 0.01 secs
HF exch = 1.00

Time for computing 1-e integrals T, V, S: 0.01 secs
Time for computing orthogonalizer: 0.01 secs

Superposition of Atomic Density Guess ...
Time taken for SAD: 0.29 secs
Total Time to compute initial guess: 0.29 secs


 SCF iterations
-----------------------------------------------------------------------------
 Iter     Energy            E-Diff       RMSD        |[F,P]|^2       Time(s)
-----------------------------------------------------------------------------
   1  -3011.7633160319    -3.01e+03     1.73e-02     1.51e+03         0.6 
   2  -3005.7945945552     5.97e+00     7.19e-03     8.25e+00         2.0 
   3  -3006.0066163867    -2.12e-01     2.85e-03     3.52e+00         2.0 
   4  -3006.1066603244    -1.00e-01     1.26e-03     1.03e-01         2.0 
   5  -3006.1126147299    -5.95e-03     2.80e-04     1.20e-02         2.0 
   6  -3006.1132581397    -6.43e-04     2.11e-04     1.68e-03         2.0 
   7  -3006.1134426801    -1.85e-04     9.97e-05     2.65e-04         2.1 
   8  -3006.1134809155    -3.82e-05     3.01e-05     3.97e-05         2.0 
   9  -3006.1134862787    -5.36e-06     1.33e-05     8.34e-06         2.1 
  10  -3006.1134872442    -9.65e-07     5.59e-06     1.37e-06         2.1 
  11  -3006.1134873791    -1.35e-07     1.91e-06     1.70e-07         2.1 
  12  -3006.1134873960    -1.69e-08     8.08e-07     2.35e-08         2.1 

** Total SCF energy = -3006.1134873960300

Nuclear repulsion energy = 721.796913226051629
#electrons        = 98
1e energy kinetic = 3006.1722690533092646
1e energy N-e     = -8596.7924667630068143
1e energy         = -5588.2592627077665384
2e energy         = 1862.5261159193605636
QED energy        = 0.1836811682547532
QED eT energy     = 0.1600163990447830
QED eT energy from matrix = 0.1600163990447871

 Polarizability Matrix (QED energy = 0.5 * lambda.dot(matrix * lambda))
[43.26182116, -0.52467130,  1.98701060]
[-0.52467130, 43.10622463,  1.33488165]
[ 1.98701060,  1.33488165, 35.54769366]

 Polarizability Matrix (QED eT energy = 0.5 * lambda.dot(matrix * lambda))
[40.11787236, -0.54783218,  2.50672648]
[-0.54783218, 39.84046659,  1.58863490]
[ 2.50672648,  1.58863490, 30.42906893]


                      Electron        Nuclear        Total  
                  ------------------------------------------
    Monopole         -98.000000     99.000000      1.000000

      Dipole   X      29.510420    -30.747825     -1.237405
      Dipole   Y       3.211035     -3.164393      0.046642
      Dipole   Z     -56.916824     58.042348      1.125524

  Quadrupole  XX   -2166.980113   2117.450629    -49.529484
  Quadrupole  XY     -33.491452     33.558903      0.067451
  Quadrupole  XZ    -451.183237    449.574242     -1.608995
  Quadrupole  YY    -300.883176    260.055921    -40.827256
  Quadrupole  YZ     -21.235876     19.913736     -1.322141
  Quadrupole  ZZ    -214.964030    167.148132    -47.815898

    Octupole XXX    -740.271556    611.550645   -128.720911
    Octupole XXY     136.139125   -135.580099      0.559026
    Octupole XXZ   -1061.880527   1003.121854    -58.758674
    Octupole XYY    -500.048885    479.140794    -20.908091
    Octupole XYZ    -120.176452    113.495716     -6.680735
    Octupole XZZ    -418.032823    397.716995    -20.315829
    Octupole YYY     -14.977704     17.901946      2.924242
    Octupole YYZ    -352.432238    321.532087    -30.900152
    Octupole YZZ     -62.910531     59.759170     -3.151361
    Octupole ZZZ    -343.038603    234.622580   -108.416023

writing orbitals and density to disk ... done.

Total Time taken for Hartree-Fock: 24.43 secs

CD Options
{
  debug             = false
  skip_cd           = [false, 100]
  write_cv          = [false, 5000]
  diagtol           = 1e-06
  itilesize         = 1000
  max_cvecs_factor  = 12
}

- #occupied, #virtual = 98, 344

- Tilesize for the MSO space: 40

-----------------------------------------------------
Begin 2-index transformation ... 

nAO, nMO, nelectrons = 221, 442, 98
n_occ_alpha, n_vir_alpha, n_occ_beta, n_vir_beta = 49,172,49,172

Time taken for Fao->Fmo transform: 0.00 secs

-----------------------------------------------------
Number of AO tiles = 105
# of {all,non-negligible} shell-pairs = {5565,4839}

    Begin Cholesky Decomposition
---------------------------------------------
Total # of mpi ranks used for Cholesky decomposition: 4
  --> Number of nodes, mpi ranks per node: 1, 4
- CPU memory required for computing cholesky vectors: 1.93 GiB

- Time for computing the diagonal: 0.01 secs

- Total number of cholesky vectors = 1645

- Time to compute cholesky vectors: 15.16 secs

- CPU memory required for resizing the ao cholesky tensor: 1.56 GiB
- CPU memory required for ao2mo transformation: 1.70 GiB
- CPU memory required for the 2-step contraction: 2.11 GiB

- Time for ao to mo transform: 1.58 secs

   End Cholesky Decomposition
---------------------------------------------

Total Time taken for Cholesky Decomposition: 18.57 secs

scf_type = restricted
Closed-Shell SCF
QED-HF Enabled
nbf = 203
nbf_orig = 221
n_lindep = 0
focc = 1
nmo = 406
nocc = 62
nvir = 344
n_occ_alpha = 31
n_vir_alpha = 172
n_occ_beta = 31
n_vir_beta = 172
nelectrons = 98
nelectrons_alpha = 49
nelectrons_beta = 49
freeze atomic = true
n_frozen_core = 18
n_frozen_virtual = 0
----------------------------
--------- QED-CCSD --------
lambda_x: -0.0572
lambda_y: -0.0416
lambda_z: 0.0707
omega: 0.066150
coupling_factor_x: -0.010404
coupling_factor_y: -0.007559
coupling_factor_z: 0.012860
----------------------------
# of {all,non-negligible} shell-pairs = {5565,4839}
Number of AO tiles = 105
----------------------------
Electronic dipole expectation value using SCF density: 
dipole_x_elec: 29.51051243
dipole_y_elec: 3.21104400
dipole_z_elec: -56.91683035

d_n/N value: d_n is nuclear dipole moment and N is the total number of electrons 
d_nuc_x: -0.31375332
d_nuc_y: -0.03228972
d_nuc_z: 0.59226886

<d_e+d_n> expectation values: 
dipole_total_x: -1.23731298
dipole_total_y: 0.04665124
dipole_total_z: 1.12551766
----------------------------


 CCSD iterations
------------------------------------------------------------
  Iter     Residuum          Correlation          Time(s)
------------------------------------------------------------
   1     1.1856367816904    0.0000000000000         87.25
   2     0.1650965601090   -1.6630476516314         86.41
   3     0.0638528780973   -1.6310023169199         85.58
   4     0.0199503314753   -1.6961496314965         85.49
   5     0.0149129132411   -1.6900632987541         85.82
 MICROCYCLE DIIS UPDATE:                    6
   6     0.0069323815964   -1.6990516489076         85.31
   7     0.0042377957645   -1.6989694114533         85.22
   8     0.0028360089236   -1.7000029984519         84.40
   9     0.0018592371174   -1.7002099320182         84.37
  10     0.0017823534991   -1.7004274756653         84.23
 MICROCYCLE DIIS UPDATE:                   11
  11     0.0004599136995   -1.7008030284048         83.58
  12     0.0003914382272   -1.7008216337273         83.79
  13     0.0002794365884   -1.7008495569776         83.55
  14     0.0002813957155   -1.7008270392541         83.60
  15     0.0002442333792   -1.7008419496733         84.62
 MICROCYCLE DIIS UPDATE:                   16
  16     0.0000821066627   -1.7008239702360         84.89
  17     0.0000531341185   -1.7008384645370         84.78
  18     0.0000428786333   -1.7008447086434         84.66
  19     0.0000363625680   -1.7008469043955         84.47
  20     0.0000362504850   -1.7008479682941         84.34
 MICROCYCLE DIIS UPDATE:                   21
  21     0.0000150513063   -1.7008510096254         84.38
  22     0.0000115269243   -1.7008510372079         84.31
  23     0.0000089876626   -1.7008508377011         84.32
  24     0.0000086515853   -1.7008501443577         84.82
  25     0.0000078938904   -1.7008502706168         85.00
 MICROCYCLE DIIS UPDATE:                   26
  26     0.0000031307487   -1.7008489398478         85.26
  27     0.0000019992042   -1.7008497757973         85.03
  28     0.0000016152775   -1.7008500157913         84.52
  29     0.0000013638810   -1.7008501230939         84.43
  30     0.0000013669912   -1.7008501685103         84.57
 MICROCYCLE DIIS UPDATE:                   31
  31     0.0000005602587   -1.7008502693746         85.09
------------------------------------------------------------------
 Iterations converged
 CCSD correlation energy / hartree =        -1.700850269374594
 CCSD total energy / hartree       =     -3007.814337665404764

Time taken for spin-orbital canonical QED-CCSD: 2698.72 secs
