
ExaChem Git Information
{
 WARNING: Failed to retrieve the current git state.
}


TAMM Git Information
{
 Branch: main
 Commit Hash: e71357ad [e71357ad54f38748b4a7e175aa6760820d5ce96f]
 Commit Date: 2026-02-02 23:14:56 -0800
 Commit Message: add GitHub Actions workflow for releases
}


date: Thu Aug  6 12:13:20 2026
program: "/global/cfs/cdirs/m3196/heindelj/cavity_qed/software/install_gpu/bin/bin/ExaChem"
nnodes: 1, nproc_per_node: 4, nproc_total: 4, ngpus_per_node: 1, ngpus_total: 1

Memory information
{
[AMD EPYC 7763 64-Core Processor                ] : 
  CPU memory per node (GiB): 251
  Total CPU memory (GiB): 251
[NVIDIA A100-SXM4-40GB, CUDA v12.9] : 
  GPU memory per device (GiB): 39
  GPU memory per node (GiB): 39
  Total GPU memory (GiB): 39
}

------------------------------------------------------------

Input file provided: /global/cfs/cdirs/m4262/heindelj/cavity_qed/mlip/lambda_scans/grid_scans_optimized_geoms/runs_grid_no_freq/ortho_th45_ph18/ortho_th45_ph18_qed_ccsd_input.json

{
  "geometry": {
    "coordinates": [
      "C    -1.796813611500    1.951411866100    0.763279027700",
      "C    -0.379455880500    1.994479430100    0.714142832200",
      "C     0.273200423900    0.823765013100    0.685555730600",
      "C    -2.517007615300    0.756446531200    0.784657183000",
      "H    -2.335055444800    2.892221945800    0.802876705000",
      "H     0.154629327100    2.932552361700    0.715445109700",
      "H    -3.593110790800    0.779829841200    0.836023077900",
      "N     1.753919338500    0.805667825100    0.748135447300",
      "O     2.239686011700   -0.231623923800    1.120612126800",
      "O     2.308147376600    1.815839189800    0.414143525500",
      "C    -1.842979496200   -0.425636354100    0.691791374900",
      "H    -2.368650364900   -1.370369474600    0.661472971800",
      "C    -0.383225274000   -0.482973299100    0.615594309700",
      "H     0.021463837900   -1.186889411700    1.341435351600",
      "Br    0.111751300700   -1.270244837300   -1.105436832800"
    ],
    "units": "angstrom",
    "noorient": true
  },
  "common": {
    "maxiter": 100,
    "debug": false
  },
  "basis": {
    "basisset": "6-311G*"
  },
  "SCF": {
    "charge": 1,
    "multiplicity": 1,
    "lshift": 0,
    "tol_lindep": 1e-10,
    "conve": 1e-07,
    "convd": 1e-05,
    "diis_hist": 10,
    "writem": 10,
    "restart": false,
    "noscf": false,
    "scf_type": "restricted",
    "debug": false,
    "qed_omegas": [
      0.06615
    ],
    "qed_volumes": [],
    "qed_lambdas": [
      0.1
    ],
    "qed_polvecs": [
      [
        0.6724985119639573,
        0.2185080122244105,
        0.7071067811865476
      ]
    ],
    "direct_df": false
  },
  "CD": {
    "debug": false,
    "diagtol": 1e-06
  },
  "CC": {
    "threshold": 1e-06,
    "ndiis": 5,
    "ccsd_maxiter": 200,
    "tilesize": 40,
    "freeze": {
      "atomic": true
    },
    "readt": false,
    "writet": true,
    "writet_iter": 5,
    "debug": false,
    "profile_ccsd": false,
    "balance_tiles": true
  },
  "TASK": {
    "scf": false,
    "ccsd": true
  }
}

Output folder & files prefix: ortho_th45_ph18_qed_ccsd_input.6-311g*

  C (carbon)
  ----------
          Exponent        Coefficients
      ----------------  --------------------
  1 S  4.56324000E+03      0.778202
  1 S  6.82024000E+02      1.448695
  1 S  1.54973000E+02      2.383089
  1 S  4.44553000E+01      3.200089
  1 S  1.30290000E+01      3.013004
  1 S  1.82773000E+00      0.247599

  2 S  2.09642000E+01      0.800629
  2 S  4.80331000E+00      2.127420
  2 S  1.45933000E+00     -0.002868

  3 P  2.09642000E+01      2.573592
  3 P  4.80331000E+00      2.408248
  3 P  1.45933000E+00      1.865281

  4 S  4.83456000E-01      0.413217

  5 P  4.83456000E-01      0.574627

  6 S  1.45585000E-01      0.167976

  7 P  1.45585000E-01      0.128185

  8 D  6.26000000E-01      0.725128


  H (hydrogen)
  ------------
          Exponent        Coefficients
      ----------------  --------------------
  1 S  3.38650000E+01      0.255069
  1 S  5.09479000E+00      0.460109
  1 S  1.15879000E+00      0.678321

  2 S  3.25840000E-01      0.307371

  3 S  1.02741000E-01      0.129336


  N (nitrogen)
  ------------
          Exponent        Coefficients
      ----------------  --------------------
  1 S  6.29348000E+03      0.991968
  1 S  9.49044000E+02      1.823240
  1 S  2.18776000E+02      2.979891
  1 S  6.36916000E+01      4.000007
  1 S  1.88282000E+01      3.881008
  1 S  2.72023000E+00      0.386764

  2 S  3.06331000E+01      1.038501
  2 S  7.02614000E+00      2.834794
  2 S  2.11205000E+00     -0.003208

  3 P  3.06331000E+01      3.935616
  3 P  7.02614000E+00      3.870994
  3 P  2.11205000E+00      2.967271

  4 S  6.84009000E-01      0.536051

  5 P  6.84009000E-01      0.886681

  6 S  2.00878000E-01      0.213850

  7 P  2.00878000E-01      0.191693

  8 D  9.13000000E-01      1.403568


  O (oxygen)
  ----------
          Exponent        Coefficients
      ----------------  --------------------
  1 S  8.58850000E+03      1.205013
  1 S  1.29723000E+03      2.216205
  1 S  2.99296000E+02      3.627452
  1 S  8.73771000E+01      4.888452
  1 S  2.56789000E+01      4.835721
  1 S  3.74004000E+00      0.538229

  2 S  4.21175000E+01      1.341958
  2 S  9.62837000E+00      3.587114
  2 S  2.85332000E+00     -0.005123

  3 P  4.21175000E+01      5.584018
  3 P  9.62837000E+00      5.733366
  3 P  2.85332000E+00      4.332955

  4 S  9.05661000E-01      0.661659

  5 P  9.05661000E-01      1.259352

  6 S  2.55611000E-01      0.256209

  7 P  2.55611000E-01      0.259068

  8 D  1.29200000E+00      2.577026


  Br (bromine)
  ------------
          Exponent        Coefficients
      ----------------  --------------------
  1 S  4.39700000E+05      9.893706
  1 S  6.60300000E+04     18.450679
  1 S  1.51400000E+04     31.049770
  1 S  4.31700000E+03     48.888138
  1 S  1.41400000E+03     64.847798
  1 S  5.23900000E+02     42.245010

  2 S  5.23900000E+02     14.290679
  2 S  2.07700000E+02     24.083128
  2 S  8.65400000E+01      5.132542

  3 S  3.05200000E+01      9.254405

  4 S  1.29800000E+01      4.873782

  5 S  4.41200000E+00      2.169635

  6 S  1.86200000E+00      1.136043

  7 S  3.93200000E-01      0.353892

  8 S  1.40000000E-01      0.163120

  9 P  2.95700000E+03    691.874478
  9 P  7.00300000E+02    925.332763
  9 P  2.24600000E+02   1068.830732

  10 P  8.25900000E+01    122.079275
  10 P  3.31900000E+01     57.580687
  10 P  1.42000000E+01     10.176170

  11 P  1.42000000E+01      3.129736
  11 P  7.43800000E+00      6.538168
  11 P  3.52600000E+00      4.166276

  12 P  1.59500000E+00      2.555000

  13 P  8.46200000E-01      1.156861

  14 P  3.18600000E-01      0.341191

  15 P  1.09600000E-01      0.089888

  16 D  1.34800000E+02    160.709187
  16 D  3.63900000E+01    119.797406
  16 D  1.21600000E+01     55.531619
  16 D  4.34100000E+00     12.984636

  17 D  1.53500000E+00      3.484168

  18 D  4.51000000E-01      0.408525



Printing Internal Coordinates

------------------------------------------------------------
                Bond Lengths

i      j        Length (Angstroms)     Length (Bohr)
0      1          1.4188629667         2.6812624173
0      3          1.3953775762         2.6368814613
0      4          1.0846178374         2.0496306640
1      2          1.3406527217         2.5334664740
1      5          1.0794579797         2.0398799460
2      7          1.4821512181         2.8008598793
2      12         1.4640199158         2.7665966837
3      6          1.0775821447         2.0363351317
3      10         1.3639127213         2.5774215029
7      8          1.2044427383         2.2760669098
7      9          1.1996522447         2.2670141887
10     11         1.0815589382         2.0438501822
10     12         1.4628656491         2.7644154357
12     13         1.0890897066         2.0580812720
12     14         1.9562071664         3.6966957900

Number of Bonds: 15

------------------------------------------------------------
           Bond Angles

i      j      k      Angle (degrees)
0      1      2        117.4217 
0      1      5        121.3714 
0      3      6        119.8392 
0      3      10       119.0845 
1      0      3        122.8271 
1      0      4        118.0771 
1      2      7        119.7431 
1      2      12       124.2061 
2      1      5        121.2001 
2      7      8        115.2454 
2      7      9        116.0725 
2      12     10       114.2014 
2      12     13       112.2372 
2      12     14       106.7265 
3      0      4        119.0872 
3      10     11       121.2492 
3      10     12       122.0495 
6      3      10       121.0350 
7      2      12       116.0438 
8      7      9        128.6797 
10     12     13       111.1870 
10     12     14       108.3059 
11     10     12       116.6988 
13     12     14       103.4270 

Number of Angles: 24

------------------------------------------------------------
              Torsional Angles

i      j      k      l      Angle (degrees)
3      0      1      2          0.1116 
3      10     12     2          1.6143 
4      0      1      2        179.0339 
5      1      0      3       -178.9439 
5      1      0      4         -0.0216 
6      3      0      1        179.1492 
6      3      0      4          0.2372 
10     3      0      1         -3.1636 
10     3      0      4        177.9245 
10     12     2      1         -4.8967 
11     10     3      0       -177.3062 
11     10     3      6          0.3525 
11     10     12     2       -178.9518 
12     2      1      0          4.0836 
12     2      1      5       -176.8592 
12     10     3      0          2.1022 
12     10     3      6        179.7609 
13     12     2      1       -132.6188 
13     12     10     3        129.8718 
13     12     10     11       -50.6943 
14     12     2      1        114.7490 
14     12     10     3       -117.1395 
14     12     10     11        62.2944 

Number of Torsional Angles: 23


----------------------------------------------------------------------
                          Center of Mass

         x               y               z              Unit
   0.09013896108  -0.02662440768   0.01051213969      Angstrom
    0.1703379497  -0.05031283878   0.01986506501          Bohr

----------------------------------------------------------------------
                Moment of Inertia Tensor

            1766.9          -7.40181           6.79932
          -7.40181           2002.74           -617.61
           6.79932           -617.61           2563.66

----------------------------------------------------------------------
                      Principal Moments of Inertia

           x                 y                 z                Unit
       449.4051813       494.7720117       829.3281105       amu * ang^2
       1604.855038        1766.86293       2961.584449      amu * bohr^2
  7.4625536965e-38  8.2158881519e-38  1.3771326664e-37          g * cm^2

 - Molecule is an asymmetric top.

----------------------------------------------------------------------

         Rotational constants (MHz)

    A = 1.1246e+03        B = 1.0214e+03        C = 6.0938e+02

----------------------------------------------------------------------

        Rotational constants (cm-1)

    A = 3.7511e-02        B = 3.4072e-02        C = 2.0327e-02

----------------------------------------------------------------------

                                Z-Matrix
C   
C        1       2.6812624
C        2       2.5334665     1       117.42169
C        3      5.27758718     2     62.21990591     1         -0.0529
H        4      4.05079674     3     83.77005734     2         -0.4023
H        5      4.70833943     4     95.77650045     3         -0.0283
H        6      8.17059303     5     28.93345901     4         -0.3587
N        7     10.10590533     6     29.59611551     5       -177.8270
O        8      2.27606691     7    113.20423636     6        161.4838
O        9      4.09503697     8     25.60530635     7       -177.4821
C       10      8.93046165     9     60.32714326     8         -5.0382
H       11      2.04385018    10    147.09621240     9        -28.2204
C       12      4.11052991    11     36.92842151    10          4.5624
H       13      2.05808127    12     93.52189692    11        133.7106
Br      14      4.62974549    13     50.95410685    12         95.8879

----------------------------------------------------------------------

             Converted back to Cartesian

C        0.000000      0.000000      0.000000
C        0.000000      0.000000      2.681262
C        0.000000      0.090599      0.149416
C        0.000002     -0.198056      5.419104
H        0.000011      0.126630      1.381340
H       -0.000013     -0.387506      6.061525
H        0.000044      0.576243     -2.052031
N        0.004887     -0.706074      7.972188
O       -0.004283     -0.340017      5.725769
O        0.017213     -1.029730      9.762248
C       -0.055084      0.633927      0.988414
H       -0.023604      0.164842      2.977457
C       -0.094502      1.152558     -1.012010
H       -0.051769      0.601785      0.970544
Br      -0.158812      1.908992     -3.469534

----------------------------------------------------------------------
                       Geometry in bohr 

1     C      -3.3954856250    3.6876339858    1.4423883200
2     C      -0.7170676910    3.7690198866    1.3495343676
3     C       0.5162739787    1.5566902669    1.2955125749
4     C      -4.7564550497    1.4294767729    1.4827871786
5     H      -4.4126152795    5.4655073729    1.5172170853
6     H       0.2922070793    5.5417208135    1.3519953155
7     H      -6.7899953347    1.4736648247    1.5798546522
8     N       3.3144271967    1.5224915379    1.4137711005
9     O       4.2323931701   -0.4377057802    2.1176500130
10    O       4.3617664000    3.4314387574    0.7826178400
11    C      -3.4827265035   -0.8043361385    1.3072962348
12    H      -4.4761004777   -2.5896229983    1.2500027564
13    C      -0.7241908124   -0.9126872614    1.1633046500
14    H       0.0405607752   -2.2428959299    2.5349454301
15    Br      0.2111793525   -2.4004148553   -2.0889728635

 Number of nodes, processes per node used for SCF calculation: 1, 4

Common Options
{
  maxiter       = 100
  basis         = 6-311g* spherical
  geom_units    = angstrom
  ang2au factor = 1.889726126
  debug         = false
  file_prefix   = ortho_th45_ph18_qed_ccsd_input
}

SCF Options
{
  charge            = 1
  multiplicity      = 1
  level shift       = 0
  tol_int           = 1e-22
  tol_sch           = 1e-12
  tol_lindep        = 1e-10
  conve             = 1e-07
  convd             = 1e-05
  diis_hist         = 10
  AO_tilesize       = 30
  writem            = 10
  damp              = 100
  n_lindep          = 0
  scf_type          = restricted
  cuscf             = false
  qed_omegas        = [0.06615,]
  qed_lambdas       = [0.1,]
  qed_polvecs       = [[0.672498512,0.2185080122,0.7071067812,],]
  direct_df         = false
  restart_size      = 2000
  restart           = false
  debug             = false
}

Number of basis functions = 221

Total number of shells = 105

Total number of electrons = 98
  # of alpha electrons    = 49
  # of beta electons      = 49

Nuclear repulsion energy  = 782.031596872672

# of {all,non-negligible} shell-pairs = {5565,5006}
Number of AO tiles = 105

Time for initial setup: 0.03 secs
HF exch = 1.00

Time for computing 1-e integrals T, V, S: 0.01 secs
Time for computing orthogonalizer: 0.01 secs

Superposition of Atomic Density Guess ...
Time taken for SAD: 0.30 secs
Total Time to compute initial guess: 0.30 secs


 SCF iterations
-----------------------------------------------------------------------------
 Iter     Energy            E-Diff       RMSD        |[F,P]|^2       Time(s)
-----------------------------------------------------------------------------
   1  -3011.6943212475    -3.01e+03     1.67e-02     1.50e+03         0.7 
   2  -3005.7884316590     5.91e+00     6.87e-03     8.49e+00         2.2 
   3  -3006.0064526706    -2.18e-01     2.79e-03     3.65e+00         2.2 
   4  -3006.1110773071    -1.05e-01     1.09e-03     1.10e-01         2.2 
   5  -3006.1174948157    -6.42e-03     2.93e-04     1.54e-02         2.2 
   6  -3006.1182645869    -7.70e-04     1.77e-04     1.55e-03         2.2 
   7  -3006.1184444026    -1.80e-04     6.73e-05     2.67e-04         2.2 
   8  -3006.1184746403    -3.02e-05     2.52e-05     5.55e-05         2.2 
   9  -3006.1184800570    -5.42e-06     1.26e-05     8.00e-06         2.2 
  10  -3006.1184814234    -1.37e-06     6.53e-06     2.00e-06         2.2 
  11  -3006.1184817475    -3.24e-07     3.69e-06     5.21e-07         2.2 
  12  -3006.1184818385    -9.09e-08     1.71e-06     1.02e-07         2.3 

** Total SCF energy = -3006.1184818384900

Nuclear repulsion energy = 782.031596872671912
#electrons        = 98
1e energy kinetic = 3006.1955001550554698
1e energy N-e     = -8717.4155100757343462
1e energy         = -5708.0692874973983635
2e energy         = 1922.8857293972043863
QED energy        = 0.1842018123152167
QED eT energy     = 0.1620658595509037
QED eT energy from matrix = 0.1620658595509016

 Polarizability Matrix (QED energy = 0.5 * lambda.dot(matrix * lambda))
[39.98199599, -1.60820794, -1.37838434]
[-1.60820794, 45.11254471,  0.08205241]
[-1.37838434,  0.08205241, 36.72521767]

 Polarizability Matrix (QED eT energy = 0.5 * lambda.dot(matrix * lambda))
[36.25860242, -1.70888080, -1.53114810]
[-1.70888080, 42.08330004,  0.06100379]
[-1.53114810,  0.06100379, 31.89070153]


                      Electron        Nuclear        Total  
                  ------------------------------------------
    Monopole         -98.000000     99.000000      1.000000

      Dipole   X     -12.237936      8.641691     -3.596245
      Dipole   Y      -9.275483     10.595944      1.320461
      Dipole   Z     -15.158157     16.463446      1.305289

  Quadrupole  XX    -786.097302    745.188350    -40.908953
  Quadrupole  XY      -0.998559     -5.049308     -6.047866
  Quadrupole  XZ       6.071101    -12.016239     -5.945138
  Quadrupole  YY    -627.499123    590.622080    -36.877044
  Quadrupole  YZ    -284.510046    288.401306      3.891260
  Quadrupole  ZZ    -333.409573    287.160434    -46.249138

    Octupole XXX       7.908747   -100.700917    -92.792170
    Octupole XXY   -1104.639332   1097.662365     -6.976967
    Octupole XXZ   -1071.974622   1061.676855    -10.297767
    Octupole XYY      17.621426    -59.782647    -42.161221
    Octupole XYZ      41.368587    -44.530595     -3.162008
    Octupole XZZ     -65.580605     69.172775      3.592170
    Octupole YYY    -841.917637    825.784456    -16.133181
    Octupole YYZ     -76.416353     70.649391     -5.766962
    Octupole YZZ     203.644711   -230.187340    -26.542629
    Octupole ZZZ      27.868465   -103.109168    -75.240703

writing orbitals and density to disk ... done.

Total Time taken for Hartree-Fock: 26.32 secs

CD Options
{
  debug             = false
  skip_cd           = [false, 100]
  write_cv          = [false, 5000]
  diagtol           = 1e-06
  itilesize         = 1000
  max_cvecs_factor  = 12
}

- #occupied, #virtual = 98, 344

- Tilesize for the MSO space: 40

-----------------------------------------------------
Begin 2-index transformation ... 

nAO, nMO, nelectrons = 221, 442, 98
n_occ_alpha, n_vir_alpha, n_occ_beta, n_vir_beta = 49,172,49,172

Time taken for Fao->Fmo transform: 0.00 secs

-----------------------------------------------------
Number of AO tiles = 105
# of {all,non-negligible} shell-pairs = {5565,5006}

    Begin Cholesky Decomposition
---------------------------------------------
Total # of mpi ranks used for Cholesky decomposition: 4
  --> Number of nodes, mpi ranks per node: 1, 4
- CPU memory required for computing cholesky vectors: 1.93 GiB

- Time for computing the diagonal: 0.01 secs

- Total number of cholesky vectors = 1645

- Time to compute cholesky vectors: 15.35 secs

- CPU memory required for resizing the ao cholesky tensor: 1.56 GiB
- CPU memory required for ao2mo transformation: 1.70 GiB
- CPU memory required for the 2-step contraction: 2.11 GiB

- Time for ao to mo transform: 1.55 secs

   End Cholesky Decomposition
---------------------------------------------

Total Time taken for Cholesky Decomposition: 18.92 secs

scf_type = restricted
Closed-Shell SCF
QED-HF Enabled
nbf = 203
nbf_orig = 221
n_lindep = 0
focc = 1
nmo = 406
nocc = 62
nvir = 344
n_occ_alpha = 31
n_vir_alpha = 172
n_occ_beta = 31
n_vir_beta = 172
nelectrons = 98
nelectrons_alpha = 49
nelectrons_beta = 49
freeze atomic = true
n_frozen_core = 18
n_frozen_virtual = 0
----------------------------
--------- QED-CCSD --------
lambda_x: 0.0672
lambda_y: 0.0219
lambda_z: 0.0707
omega: 0.066150
coupling_factor_x: 0.012230
coupling_factor_y: 0.003974
coupling_factor_z: 0.012860
----------------------------
# of {all,non-negligible} shell-pairs = {5565,5006}
Number of AO tiles = 105
----------------------------
Electronic dipole expectation value using SCF density: 
dipole_x_elec: -12.23829034
dipole_y_elec: -9.27559309
dipole_z_elec: -15.15819632

d_n/N value: d_n is nuclear dipole moment and N is the total number of electrons 
d_nuc_x: 0.08818052
d_nuc_y: 0.10812188
d_nuc_z: 0.16799434

<d_e+d_n> expectation values: 
dipole_total_x: -3.59659952
dipole_total_y: 1.32035071
dipole_total_z: 1.30524918
----------------------------


 CCSD iterations
------------------------------------------------------------
  Iter     Residuum          Correlation          Time(s)
------------------------------------------------------------
   1     1.1851521792290    0.0000000000000         86.32
   2     0.1649693213051   -1.6371160188034         85.46
   3     0.0623954525753   -1.6296048409399         85.45
   4     0.0208967319771   -1.6897981744157         85.79
   5     0.0158941018098   -1.6868457790233         86.07
 MICROCYCLE DIIS UPDATE:                    6
   6     0.0076802638411   -1.6956175253623         84.62
   7     0.0049506487720   -1.6954721366899         84.84
   8     0.0033518236974   -1.6966418240777         84.66
   9     0.0026025573854   -1.6969015655325         85.10
  10     0.0024808268050   -1.6971607123511         84.83
 MICROCYCLE DIIS UPDATE:                   11
  11     0.0006255719633   -1.6976783931289         84.24
  12     0.0004665772579   -1.6976563482283         83.95
  13     0.0003975971676   -1.6977109904872         83.49
  14     0.0003894981527   -1.6976835891230         83.46
  15     0.0004345980866   -1.6977061897822         83.90
 MICROCYCLE DIIS UPDATE:                   16
  16     0.0001042336178   -1.6977022267098         83.63
  17     0.0000740026678   -1.6977056805129         83.44
  18     0.0000594806665   -1.6977167510369         83.23
  19     0.0000484921693   -1.6977193493656         83.38
  20     0.0000451854811   -1.6977206208498         83.17
 MICROCYCLE DIIS UPDATE:                   21
  21     0.0000218169551   -1.6977295331915         83.29
  22     0.0000161924273   -1.6977264913501         83.34
  23     0.0000132023613   -1.6977261912416         83.54
  24     0.0000130631270   -1.6977249796675         83.21
  25     0.0000136154282   -1.6977252000429         83.18
 MICROCYCLE DIIS UPDATE:                   26
  26     0.0000046432076   -1.6977236808099         83.10
  27     0.0000032140879   -1.6977243313758         83.20
  28     0.0000025492784   -1.6977246684826         83.15
  29     0.0000021925454   -1.6977248749021         83.28
  30     0.0000020781178   -1.6977249148959         84.11
 MICROCYCLE DIIS UPDATE:                   31
  31     0.0000010238716   -1.6977253576727         84.37
  32     0.0000007262538   -1.6977251933045         84.19
------------------------------------------------------------------
 Iterations converged
 CCSD correlation energy / hartree =        -1.697725193304457
 CCSD total energy / hartree       =     -3007.816207031794420

Time taken for spin-orbital canonical QED-CCSD: 2778.02 secs
