
ExaChem Git Information
{
 WARNING: Failed to retrieve the current git state.
}


TAMM Git Information
{
 Branch: main
 Commit Hash: e71357ad [e71357ad54f38748b4a7e175aa6760820d5ce96f]
 Commit Date: 2026-02-02 23:14:56 -0800
 Commit Message: add GitHub Actions workflow for releases
}


date: Mon Aug 10 05:39:40 2026
program: "/global/cfs/cdirs/m3196/heindelj/cavity_qed/software/install_gpu/bin/bin/ExaChem"
nnodes: 1, nproc_per_node: 4, nproc_total: 4, ngpus_per_node: 1, ngpus_total: 1

Memory information
{
[AMD EPYC 7763 64-Core Processor                ] : 
  CPU memory per node (GiB): 251
  Total CPU memory (GiB): 251
[NVIDIA A100-SXM4-80GB, CUDA v12.9] : 
  GPU memory per device (GiB): 79
  GPU memory per node (GiB): 79
  Total GPU memory (GiB): 79
}

------------------------------------------------------------

Input file provided: /global/cfs/cdirs/m4262/heindelj/cavity_qed/mlip/lambda_scans/grid_scans_optimized_geoms/runs_grid_no_freq/para_th81_ph72/para_th81_ph72_qed_ccsd_input.json

{
  "geometry": {
    "coordinates": [
      "C    -0.487610169500    1.225683292100    0.856109597000",
      "C     0.866548901500    1.239540460100    0.867811228700",
      "C     1.530520888300    0.019045028900    0.723439001000",
      "H    -1.055755264500    2.139109694300    0.952460744200",
      "H     1.431631160200    2.147155991600    0.974746126700",
      "N     2.991379399500    0.030531226700    0.690019687700",
      "O     3.523392288800   -0.171499006500    1.745150165100",
      "O     3.466069994300    0.219093632200   -0.394796373100",
      "C    -0.447461785700   -1.242417382300    0.590415715800",
      "H    -0.987574355200   -2.168800404700    0.496705489900",
      "C     0.900214704400   -1.232139509300    0.602922301200",
      "H     1.499041431700   -2.125118590000    0.521810891800",
      "C    -1.247327598400   -0.014224008900    0.671330814900",
      "H    -2.045278586100   -0.102999635500    1.411210767000",
      "Br   -2.171871762800    0.184559689100   -1.043896544500"
    ],
    "units": "angstrom",
    "noorient": true
  },
  "common": {
    "maxiter": 100,
    "debug": false
  },
  "basis": {
    "basisset": "6-311G*"
  },
  "SCF": {
    "charge": 1,
    "multiplicity": 1,
    "lshift": 0,
    "tol_lindep": 1e-10,
    "conve": 1e-07,
    "convd": 1e-05,
    "diis_hist": 10,
    "writem": 10,
    "restart": false,
    "noscf": false,
    "scf_type": "restricted",
    "debug": false,
    "qed_omegas": [
      0.06615
    ],
    "qed_volumes": [],
    "qed_lambdas": [
      0.1
    ],
    "qed_polvecs": [
      [
        0.30521248238988885,
        0.9393474323917528,
        0.15643446504023092
      ]
    ],
    "direct_df": false
  },
  "CD": {
    "debug": false,
    "diagtol": 1e-06
  },
  "CC": {
    "threshold": 1e-06,
    "ndiis": 5,
    "ccsd_maxiter": 200,
    "tilesize": 40,
    "freeze": {
      "atomic": true
    },
    "readt": false,
    "writet": true,
    "writet_iter": 5,
    "debug": false,
    "profile_ccsd": false,
    "balance_tiles": true
  },
  "TASK": {
    "scf": false,
    "ccsd": true
  }
}

Output folder & files prefix: para_th81_ph72_qed_ccsd_input.6-311g*

  C (carbon)
  ----------
          Exponent        Coefficients
      ----------------  --------------------
  1 S  4.56324000E+03      0.778202
  1 S  6.82024000E+02      1.448695
  1 S  1.54973000E+02      2.383089
  1 S  4.44553000E+01      3.200089
  1 S  1.30290000E+01      3.013004
  1 S  1.82773000E+00      0.247599

  2 S  2.09642000E+01      0.800629
  2 S  4.80331000E+00      2.127420
  2 S  1.45933000E+00     -0.002868

  3 P  2.09642000E+01      2.573592
  3 P  4.80331000E+00      2.408248
  3 P  1.45933000E+00      1.865281

  4 S  4.83456000E-01      0.413217

  5 P  4.83456000E-01      0.574627

  6 S  1.45585000E-01      0.167976

  7 P  1.45585000E-01      0.128185

  8 D  6.26000000E-01      0.725128


  H (hydrogen)
  ------------
          Exponent        Coefficients
      ----------------  --------------------
  1 S  3.38650000E+01      0.255069
  1 S  5.09479000E+00      0.460109
  1 S  1.15879000E+00      0.678321

  2 S  3.25840000E-01      0.307371

  3 S  1.02741000E-01      0.129336


  N (nitrogen)
  ------------
          Exponent        Coefficients
      ----------------  --------------------
  1 S  6.29348000E+03      0.991968
  1 S  9.49044000E+02      1.823240
  1 S  2.18776000E+02      2.979891
  1 S  6.36916000E+01      4.000007
  1 S  1.88282000E+01      3.881008
  1 S  2.72023000E+00      0.386764

  2 S  3.06331000E+01      1.038501
  2 S  7.02614000E+00      2.834794
  2 S  2.11205000E+00     -0.003208

  3 P  3.06331000E+01      3.935616
  3 P  7.02614000E+00      3.870994
  3 P  2.11205000E+00      2.967271

  4 S  6.84009000E-01      0.536051

  5 P  6.84009000E-01      0.886681

  6 S  2.00878000E-01      0.213850

  7 P  2.00878000E-01      0.191693

  8 D  9.13000000E-01      1.403568


  O (oxygen)
  ----------
          Exponent        Coefficients
      ----------------  --------------------
  1 S  8.58850000E+03      1.205013
  1 S  1.29723000E+03      2.216205
  1 S  2.99296000E+02      3.627452
  1 S  8.73771000E+01      4.888452
  1 S  2.56789000E+01      4.835721
  1 S  3.74004000E+00      0.538229

  2 S  4.21175000E+01      1.341958
  2 S  9.62837000E+00      3.587114
  2 S  2.85332000E+00     -0.005123

  3 P  4.21175000E+01      5.584018
  3 P  9.62837000E+00      5.733366
  3 P  2.85332000E+00      4.332955

  4 S  9.05661000E-01      0.661659

  5 P  9.05661000E-01      1.259352

  6 S  2.55611000E-01      0.256209

  7 P  2.55611000E-01      0.259068

  8 D  1.29200000E+00      2.577026


  Br (bromine)
  ------------
          Exponent        Coefficients
      ----------------  --------------------
  1 S  4.39700000E+05      9.893706
  1 S  6.60300000E+04     18.450679
  1 S  1.51400000E+04     31.049770
  1 S  4.31700000E+03     48.888138
  1 S  1.41400000E+03     64.847798
  1 S  5.23900000E+02     42.245010

  2 S  5.23900000E+02     14.290679
  2 S  2.07700000E+02     24.083128
  2 S  8.65400000E+01      5.132542

  3 S  3.05200000E+01      9.254405

  4 S  1.29800000E+01      4.873782

  5 S  4.41200000E+00      2.169635

  6 S  1.86200000E+00      1.136043

  7 S  3.93200000E-01      0.353892

  8 S  1.40000000E-01      0.163120

  9 P  2.95700000E+03    691.874478
  9 P  7.00300000E+02    925.332763
  9 P  2.24600000E+02   1068.830732

  10 P  8.25900000E+01    122.079275
  10 P  3.31900000E+01     57.580687
  10 P  1.42000000E+01     10.176170

  11 P  1.42000000E+01      3.129736
  11 P  7.43800000E+00      6.538168
  11 P  3.52600000E+00      4.166276

  12 P  1.59500000E+00      2.555000

  13 P  8.46200000E-01      1.156861

  14 P  3.18600000E-01      0.341191

  15 P  1.09600000E-01      0.089888

  16 D  1.34800000E+02    160.709187
  16 D  3.63900000E+01    119.797406
  16 D  1.21600000E+01     55.531619
  16 D  4.34100000E+00     12.984636

  17 D  1.53500000E+00      3.484168

  18 D  4.51000000E-01      0.408525



Printing Internal Coordinates

------------------------------------------------------------
                Bond Lengths

i      j        Length (Angstroms)     Length (Bohr)
0      1          1.3542805244         2.5592192888
0      3          1.0800093448         2.0409218750
0      12         1.4658389697         2.7700341975
1      2          1.3968934236         2.6397459977
1      4          1.0744854511         2.0304832288
2      5          1.4612858629         2.7614300725
2      10         1.4061553645         2.6572485293
5      6          1.1988136860         2.2654295426
5      7          1.1990466327         2.2658697479
8      9          1.0764240328         2.0341466173
8      10         1.3477737092         2.5469231902
8      12         1.4679208201         2.7739683245
10     11         1.0782319549         2.0375630950
12     13         1.0918009132         2.0632047101
12     14         1.9586479431         3.7013081895

Number of Bonds: 15

------------------------------------------------------------
           Bond Angles

i      j      k      Angle (degrees)
0      1      2        117.7390 
0      1      4        122.3687 
0      12     8        115.6115 
0      12     13       111.2319 
0      12     14       105.6160 
1      0      3        121.1034 
1      0      12       121.8690 
1      2      5        118.0783 
1      2      10       124.9755 
2      1      4        119.8903 
2      5      6        114.9735 
2      5      7        114.6896 
2      10     8        117.1162 
2      10     11       119.6312 
3      0      12       117.0007 
5      2      10       116.9460 
6      5      7        130.3240 
8      10     11       123.2522 
8      12     13       111.5655 
8      12     14       107.0888 
9      8      10       120.6039 
9      8      12       116.8369 
10     8      12       122.5453 
13     12     14       104.8751 

Number of Angles: 24

------------------------------------------------------------
              Torsional Angles

i      j      k      l      Angle (degrees)
3      0      1      2       -179.3129 
4      1      0      3          0.1700 
8      10     2      1          1.8836 
9      8      10     2        179.7630 
10     2      1      0         -1.8351 
10     2      1      4        178.6686 
11     10     2      1       -178.3656 
11     10     8      9          0.0220 
12     0      1      2         -1.2569 
12     0      1      4        178.2260 
13     12     0      1        132.4764 
13     12     0      3        -49.3918 
14     12     0      1       -114.2854 
14     12     0      3         63.8465 

Number of Torsional Angles: 14


----------------------------------------------------------------------
                          Center of Mass

         x               y               z              Unit
  -0.03780491624   0.07771676879   0.01957143708      Angstrom
   -0.0714409379    0.1468634084   0.03698465598          Bohr

----------------------------------------------------------------------
                Moment of Inertia Tensor

           1006.58           100.181          -1053.74
           100.181           4147.72           42.6191
          -1053.74           42.6191           3816.22

----------------------------------------------------------------------
                      Principal Moments of Inertia

           x                 y                 z                Unit
       182.5593701       1161.362778       1168.079479       amu * ang^2
       651.9313462       4147.301772       4171.287548      amu * bohr^2
  3.0314717297e-38  1.9284895793e-37  1.9396429321e-37          g * cm^2

 - Molecule is an asymmetric top.

----------------------------------------------------------------------

         Rotational constants (MHz)

    A = 2.7683e+03        B = 4.3516e+02        C = 4.3266e+02

----------------------------------------------------------------------

        Rotational constants (cm-1)

    A = 9.2341e-02        B = 1.4515e-02        C = 1.4432e-02

----------------------------------------------------------------------

                                Z-Matrix
C   
C        1       2.5592193
C        2        2.639746     1       117.73901
H        3      6.33437479     2     22.11838971     1          0.5034
H        4      4.70069235     3     39.74769470     2          0.5899
N        5      4.99759649     4    125.88800167     3          1.2564
O        6      2.26542954     5    107.56912542     4       -110.7904
O        7      4.11214984     6     24.84058044     5       -123.4243
C        8      8.11095204     7     74.76186295     6        -18.7829
H        9      2.03414662     8    136.93414819     7       -101.9459
C       10      3.98743998     9     33.35090020     8         23.1846
H       11      2.03756310    10     97.20696350     9       -179.9815
C       12      6.55186743    11     18.66552381    10          1.5953
H       13      2.06320471    12    123.96239914    11       -121.7613
Br      14      4.67731767    13     49.89027370    12       -132.4792

----------------------------------------------------------------------

             Converted back to Cartesian

C        0.000000      0.000000      0.000000
C        0.000000      0.000000      2.559219
C        0.000000      0.094655     -0.078829
H       -0.000007     -0.175127      6.249798
H       -0.000003      0.081924      1.556139
N       -0.000075     -0.382474      6.532112
O        0.002488     -0.098219      4.284588
O       -0.002055     -0.645047      8.360215
C        0.007311      0.616317      0.347948
H        0.007413      0.216496      2.342415
C        0.005756      1.039898     -1.559083
H        0.012072      0.560546      0.421282
C       -0.011630      2.137950     -5.937822
H        0.005794      1.566605     -3.955380
Br      -0.039928      2.929726     -8.429429

----------------------------------------------------------------------
                       Geometry in bohr 

1     C      -0.9214496766    2.3162057392    1.6178126721
2     C       1.6375400985    2.3423919916    1.6399255512
3     C       2.8922653089    0.0359898887    1.3671015807
4     H      -1.9950883059    4.0423314755    1.7998899522
5     H       2.7053908061    4.0575367737    1.8420032218
6     N       5.6528878037    0.0576956568    1.3039482312
7     O       6.6582464600   -0.3240861532    3.2978558606
8     O       6.5499230225    0.4140269608   -0.7460570207
9     C      -0.8455802268   -2.3478285866    1.1157240033
10    H      -1.8662450603   -4.0984387866    0.9386373411
11    C       1.7011592458   -2.3284062215    1.1393580245
12    H       2.8327777573   -4.0158921202    0.9860796750
13    C      -2.3571075503   -0.0268794812    1.2686313800
14    H      -3.8650163789   -0.1946411022    2.6668018556
15    Br     -4.1042428123    0.3487672663   -1.9726785729

 Number of nodes, processes per node used for SCF calculation: 1, 4

Common Options
{
  maxiter       = 100
  basis         = 6-311g* spherical
  geom_units    = angstrom
  ang2au factor = 1.889726126
  debug         = false
  file_prefix   = para_th81_ph72_qed_ccsd_input
}

SCF Options
{
  charge            = 1
  multiplicity      = 1
  level shift       = 0
  tol_int           = 1e-22
  tol_sch           = 1e-12
  tol_lindep        = 1e-10
  conve             = 1e-07
  convd             = 1e-05
  diis_hist         = 10
  AO_tilesize       = 30
  writem            = 10
  damp              = 100
  n_lindep          = 0
  scf_type          = restricted
  cuscf             = false
  qed_omegas        = [0.06615,]
  qed_lambdas       = [0.1,]
  qed_polvecs       = [[0.3052124824,0.9393474324,0.156434465,],]
  direct_df         = false
  restart_size      = 2000
  restart           = false
  debug             = false
}

Number of basis functions = 221

Total number of shells = 105

Total number of electrons = 98
  # of alpha electrons    = 49
  # of beta electons      = 49

Nuclear repulsion energy  = 738.52766677521

# of {all,non-negligible} shell-pairs = {5565,4902}
Number of AO tiles = 105

Time for initial setup: 0.05 secs
HF exch = 1.00

Time for computing 1-e integrals T, V, S: 0.01 secs
Time for computing orthogonalizer: 0.01 secs

Superposition of Atomic Density Guess ...
Time taken for SAD: 0.42 secs
Total Time to compute initial guess: 0.42 secs


 SCF iterations
-----------------------------------------------------------------------------
 Iter     Energy            E-Diff       RMSD        |[F,P]|^2       Time(s)
-----------------------------------------------------------------------------
   1  -3011.8083704502    -3.01e+03     1.66e-02     1.51e+03         0.6 
   2  -3005.7941234836     6.01e+00     6.37e-03     7.99e+00         2.1 
   3  -3005.9957995773    -2.02e-01     2.50e-03     3.71e+00         2.1 
   4  -3006.1005676935    -1.05e-01     1.14e-03     1.33e-01         2.1 
   5  -3006.1076267036    -7.06e-03     2.35e-04     1.13e-02         2.1 
   6  -3006.1082094841    -5.83e-04     1.34e-04     1.36e-03         2.1 
   7  -3006.1083387122    -1.29e-04     5.32e-05     1.87e-04         2.1 
   8  -3006.1083590281    -2.03e-05     1.55e-05     1.90e-05         2.1 
   9  -3006.1083611594    -2.13e-06     6.89e-06     3.46e-06         2.1 
  10  -3006.1083615465    -3.87e-07     3.00e-06     7.20e-07         2.1 
  11  -3006.1083616307    -8.42e-08     1.71e-06     2.00e-07         2.2 

** Total SCF energy = -3006.1083616307305

Nuclear repulsion energy = 738.527666775209582
#electrons        = 98
1e energy kinetic = 3006.2295591497477290
1e energy N-e     = -8629.9122069617878878
1e energy         = -5621.7056008562685747
2e energy         = 1878.8575312031605336
QED energy        = 0.1890882029370873
QED eT energy     = 0.1688308105468313
QED eT energy from matrix = 0.1688308105468347

 Polarizability Matrix (QED energy = 0.5 * lambda.dot(matrix * lambda))
[43.14451993, -0.68246602,  1.61855526]
[-0.68246602, 37.69514016, -0.77702576]
[ 1.61855526, -0.77702576, 40.96405181]

 Polarizability Matrix (QED eT energy = 0.5 * lambda.dot(matrix * lambda))
[39.73844981, -0.72446803,  1.92284863]
[-0.72446803, 33.59641494, -0.87379208]
[ 1.92284863, -0.87379208, 37.11819633]


                      Electron        Nuclear        Total  
                  ------------------------------------------
    Monopole         -98.000000     99.000000      1.000000

      Dipole   X     -13.196163     12.039854     -1.156309
      Dipole   Y     -12.979368     13.069987      0.090619
      Dipole   Z     -16.205709     17.623010      1.417301

  Quadrupole  XX   -1723.810744   1675.233832    -48.576912
  Quadrupole  XY      43.998327    -44.088214     -0.089887
  Quadrupole  XZ    -483.265837    482.586535     -0.679303
  Quadrupole  YY    -241.456399    202.983188    -38.473212
  Quadrupole  YZ      15.860181    -14.163930      1.696251
  Quadrupole  ZZ    -372.060242    323.128789    -48.931453

    Octupole XXX   -3689.014487   3538.660800   -150.353686
    Octupole XXY    -246.209494    241.962187     -4.247307
    Octupole XXZ    -312.686632    283.971240    -28.715391
    Octupole XYY     -95.089447     74.997598    -20.091849
    Octupole XYZ     -31.325271     36.937826      5.612555
    Octupole XZZ    -179.221847    121.654652    -57.567195
    Octupole YYY     -13.838890     -0.701119    -14.540009
    Octupole YYZ    -271.378072    264.929911     -6.448161
    Octupole YZZ     -77.053117     78.440819      1.387702
    Octupole ZZZ    -244.937020    159.941566    -84.995454

writing orbitals and density to disk ... done.

Total Time taken for Hartree-Fock: 24.16 secs

CD Options
{
  debug             = false
  skip_cd           = [false, 100]
  write_cv          = [false, 5000]
  diagtol           = 1e-06
  itilesize         = 1000
  max_cvecs_factor  = 12
}

- #occupied, #virtual = 98, 344

- Tilesize for the MSO space: 40

-----------------------------------------------------
Begin 2-index transformation ... 

nAO, nMO, nelectrons = 221, 442, 98
n_occ_alpha, n_vir_alpha, n_occ_beta, n_vir_beta = 49,172,49,172

Time taken for Fao->Fmo transform: 0.00 secs

-----------------------------------------------------
Number of AO tiles = 105
# of {all,non-negligible} shell-pairs = {5565,4902}

    Begin Cholesky Decomposition
---------------------------------------------
Total # of mpi ranks used for Cholesky decomposition: 4
  --> Number of nodes, mpi ranks per node: 1, 4
- CPU memory required for computing cholesky vectors: 1.93 GiB

- Time for computing the diagonal: 0.01 secs

- Total number of cholesky vectors = 1636

- Time to compute cholesky vectors: 14.95 secs

- CPU memory required for resizing the ao cholesky tensor: 1.56 GiB
- CPU memory required for ao2mo transformation: 1.69 GiB
- CPU memory required for the 2-step contraction: 2.10 GiB

- Time for ao to mo transform: 1.57 secs

   End Cholesky Decomposition
---------------------------------------------

Total Time taken for Cholesky Decomposition: 20.13 secs

scf_type = restricted
Closed-Shell SCF
QED-HF Enabled
nbf = 203
nbf_orig = 221
n_lindep = 0
focc = 1
nmo = 406
nocc = 62
nvir = 344
n_occ_alpha = 31
n_vir_alpha = 172
n_occ_beta = 31
n_vir_beta = 172
nelectrons = 98
nelectrons_alpha = 49
nelectrons_beta = 49
freeze atomic = true
n_frozen_core = 18
n_frozen_virtual = 0
----------------------------
--------- QED-CCSD --------
lambda_x: 0.0305
lambda_y: 0.0939
lambda_z: 0.0156
omega: 0.066150
coupling_factor_x: 0.005551
coupling_factor_y: 0.017083
coupling_factor_z: 0.002845
----------------------------
# of {all,non-negligible} shell-pairs = {5565,4902}
Number of AO tiles = 105
----------------------------
Electronic dipole expectation value using SCF density: 
dipole_x_elec: -13.19607516
dipole_y_elec: -12.97922166
dipole_z_elec: -16.20531186

d_n/N value: d_n is nuclear dipole moment and N is the total number of electrons 
d_nuc_x: 0.12285565
d_nuc_y: 0.13336721
d_nuc_z: 0.17982663

<d_e+d_n> expectation values: 
dipole_total_x: -1.15622109
dipole_total_y: 0.09076493
dipole_total_z: 1.41769775
----------------------------


 CCSD iterations
------------------------------------------------------------
  Iter     Residuum          Correlation          Time(s)
------------------------------------------------------------
   1     1.1853570435199    0.0000000000000         85.68
   2     0.1696429731247   -1.6669962852161         84.52
   3     0.0737302387686   -1.6245701683789         84.62
   4     0.0263945761819   -1.7006031966527         84.47
   5     0.0237917461491   -1.6874960080827         84.36
 MICROCYCLE DIIS UPDATE:                    6
   6     0.0082643429885   -1.6998739824038         83.39
   7     0.0053298667834   -1.6996395392851         82.66
   8     0.0033336875793   -1.7012760730131         83.00
   9     0.0022443761047   -1.7013948296814         83.39
  10     0.0019720021633   -1.7018371372958         83.59
 MICROCYCLE DIIS UPDATE:                   11
  11     0.0006843453373   -1.7023553510908         83.00
  12     0.0004372827096   -1.7024868285086         83.65
  13     0.0003462119149   -1.7024396914882         83.54
  14     0.0002420613577   -1.7024291285247         83.56
  15     0.0002162508090   -1.7024328470220         83.60
 MICROCYCLE DIIS UPDATE:                   16
  16     0.0000775223547   -1.7024010117261         84.17
  17     0.0000519297491   -1.7024294770664         83.87
  18     0.0000377225592   -1.7024367291352         83.57
  19     0.0000303282222   -1.7024425125656         83.93
  20     0.0000284652990   -1.7024435280961         83.87
 MICROCYCLE DIIS UPDATE:                   21
  21     0.0000101624242   -1.7024495933408         84.43
  22     0.0000067922739   -1.7024497841194         83.96
  23     0.0000052307231   -1.7024496842226         84.23
  24     0.0000042737706   -1.7024489964272         84.28
  25     0.0000036051478   -1.7024492932939         83.68
 MICROCYCLE DIIS UPDATE:                   26
  26     0.0000014659358   -1.7024484278226         83.18
  27     0.0000009149905   -1.7024490136257         83.04
------------------------------------------------------------------
 Iterations converged
 CCSD correlation energy / hartree =        -1.702449013625725
 CCSD total energy / hartree       =     -3007.810810644356479

Time taken for spin-orbital canonical QED-CCSD: 2322.26 secs
