
ExaChem Git Information
{
 WARNING: Failed to retrieve the current git state.
}


TAMM Git Information
{
 Branch: main
 Commit Hash: e71357ad [e71357ad54f38748b4a7e175aa6760820d5ce96f]
 Commit Date: 2026-02-02 23:14:56 -0800
 Commit Message: add GitHub Actions workflow for releases
}


date: Mon Aug 10 14:24:15 2026
program: "/global/cfs/cdirs/m3196/heindelj/cavity_qed/software/install_gpu/bin/bin/ExaChem"
nnodes: 1, nproc_per_node: 4, nproc_total: 4, ngpus_per_node: 1, ngpus_total: 1

Memory information
{
[AMD EPYC 7763 64-Core Processor                ] : 
  CPU memory per node (GiB): 251
  Total CPU memory (GiB): 251
[NVIDIA A100-SXM4-80GB, CUDA v12.9] : 
  GPU memory per device (GiB): 79
  GPU memory per node (GiB): 79
  Total GPU memory (GiB): 79
}

------------------------------------------------------------

Input file provided: /global/cfs/cdirs/m4262/heindelj/cavity_qed/mlip/lambda_scans/grid_scans_optimized_geoms/runs_grid_no_freq/para_th45_ph18/para_th45_ph18_qed_ccsd_input.json

{
  "geometry": {
    "coordinates": [
      "C    -0.515757446000    1.236304972700    0.829499132500",
      "C     0.841858833600    1.248536495300    0.782273259400",
      "C     1.491650924600    0.019692098300    0.722224237700",
      "H    -1.080132051600    2.160366444600    0.865197755500",
      "H     1.413039492700    2.163332397800    0.786605415600",
      "N     2.985620497800    0.049711639400    0.628787676000",
      "O     3.544776677000   -0.989273889000    0.851951220000",
      "O     3.463020306600    1.106253997300    0.313706062600",
      "C    -0.473568973300   -1.262608835500    0.778186654100",
      "H    -1.006864910800   -2.203604160400    0.778349585800",
      "C     0.881738361900   -1.234903729700    0.759604841500",
      "H     1.484094973600   -2.130604568600    0.772003099700",
      "C    -1.264884946000   -0.022607749700    0.680758534700",
      "H    -2.164787437000   -0.051411973700    1.295001443800",
      "Br   -1.833885064100    0.058337338900   -1.178709314700"
    ],
    "units": "angstrom",
    "noorient": true
  },
  "common": {
    "maxiter": 100,
    "debug": false
  },
  "basis": {
    "basisset": "6-311G*"
  },
  "SCF": {
    "charge": 1,
    "multiplicity": 1,
    "lshift": 0,
    "tol_lindep": 1e-10,
    "conve": 1e-07,
    "convd": 1e-05,
    "diis_hist": 10,
    "writem": 10,
    "restart": false,
    "noscf": false,
    "scf_type": "restricted",
    "debug": false,
    "qed_omegas": [
      0.06615
    ],
    "qed_volumes": [],
    "qed_lambdas": [
      0.1
    ],
    "qed_polvecs": [
      [
        0.6724985119639573,
        0.2185080122244105,
        0.7071067811865476
      ]
    ],
    "direct_df": false
  },
  "CD": {
    "debug": false,
    "diagtol": 1e-06
  },
  "CC": {
    "threshold": 1e-06,
    "ndiis": 5,
    "ccsd_maxiter": 200,
    "tilesize": 40,
    "freeze": {
      "atomic": true
    },
    "readt": false,
    "writet": true,
    "writet_iter": 5,
    "debug": false,
    "profile_ccsd": false,
    "balance_tiles": true
  },
  "TASK": {
    "scf": false,
    "ccsd": true
  }
}

Output folder & files prefix: para_th45_ph18_qed_ccsd_input.6-311g*

  C (carbon)
  ----------
          Exponent        Coefficients
      ----------------  --------------------
  1 S  4.56324000E+03      0.778202
  1 S  6.82024000E+02      1.448695
  1 S  1.54973000E+02      2.383089
  1 S  4.44553000E+01      3.200089
  1 S  1.30290000E+01      3.013004
  1 S  1.82773000E+00      0.247599

  2 S  2.09642000E+01      0.800629
  2 S  4.80331000E+00      2.127420
  2 S  1.45933000E+00     -0.002868

  3 P  2.09642000E+01      2.573592
  3 P  4.80331000E+00      2.408248
  3 P  1.45933000E+00      1.865281

  4 S  4.83456000E-01      0.413217

  5 P  4.83456000E-01      0.574627

  6 S  1.45585000E-01      0.167976

  7 P  1.45585000E-01      0.128185

  8 D  6.26000000E-01      0.725128


  H (hydrogen)
  ------------
          Exponent        Coefficients
      ----------------  --------------------
  1 S  3.38650000E+01      0.255069
  1 S  5.09479000E+00      0.460109
  1 S  1.15879000E+00      0.678321

  2 S  3.25840000E-01      0.307371

  3 S  1.02741000E-01      0.129336


  N (nitrogen)
  ------------
          Exponent        Coefficients
      ----------------  --------------------
  1 S  6.29348000E+03      0.991968
  1 S  9.49044000E+02      1.823240
  1 S  2.18776000E+02      2.979891
  1 S  6.36916000E+01      4.000007
  1 S  1.88282000E+01      3.881008
  1 S  2.72023000E+00      0.386764

  2 S  3.06331000E+01      1.038501
  2 S  7.02614000E+00      2.834794
  2 S  2.11205000E+00     -0.003208

  3 P  3.06331000E+01      3.935616
  3 P  7.02614000E+00      3.870994
  3 P  2.11205000E+00      2.967271

  4 S  6.84009000E-01      0.536051

  5 P  6.84009000E-01      0.886681

  6 S  2.00878000E-01      0.213850

  7 P  2.00878000E-01      0.191693

  8 D  9.13000000E-01      1.403568


  O (oxygen)
  ----------
          Exponent        Coefficients
      ----------------  --------------------
  1 S  8.58850000E+03      1.205013
  1 S  1.29723000E+03      2.216205
  1 S  2.99296000E+02      3.627452
  1 S  8.73771000E+01      4.888452
  1 S  2.56789000E+01      4.835721
  1 S  3.74004000E+00      0.538229

  2 S  4.21175000E+01      1.341958
  2 S  9.62837000E+00      3.587114
  2 S  2.85332000E+00     -0.005123

  3 P  4.21175000E+01      5.584018
  3 P  9.62837000E+00      5.733366
  3 P  2.85332000E+00      4.332955

  4 S  9.05661000E-01      0.661659

  5 P  9.05661000E-01      1.259352

  6 S  2.55611000E-01      0.256209

  7 P  2.55611000E-01      0.259068

  8 D  1.29200000E+00      2.577026


  Br (bromine)
  ------------
          Exponent        Coefficients
      ----------------  --------------------
  1 S  4.39700000E+05      9.893706
  1 S  6.60300000E+04     18.450679
  1 S  1.51400000E+04     31.049770
  1 S  4.31700000E+03     48.888138
  1 S  1.41400000E+03     64.847798
  1 S  5.23900000E+02     42.245010

  2 S  5.23900000E+02     14.290679
  2 S  2.07700000E+02     24.083128
  2 S  8.65400000E+01      5.132542

  3 S  3.05200000E+01      9.254405

  4 S  1.29800000E+01      4.873782

  5 S  4.41200000E+00      2.169635

  6 S  1.86200000E+00      1.136043

  7 S  3.93200000E-01      0.353892

  8 S  1.40000000E-01      0.163120

  9 P  2.95700000E+03    691.874478
  9 P  7.00300000E+02    925.332763
  9 P  2.24600000E+02   1068.830732

  10 P  8.25900000E+01    122.079275
  10 P  3.31900000E+01     57.580687
  10 P  1.42000000E+01     10.176170

  11 P  1.42000000E+01      3.129736
  11 P  7.43800000E+00      6.538168
  11 P  3.52600000E+00      4.166276

  12 P  1.59500000E+00      2.555000

  13 P  8.46200000E-01      1.156861

  14 P  3.18600000E-01      0.341191

  15 P  1.09600000E-01      0.089888

  16 D  1.34800000E+02    160.709187
  16 D  3.63900000E+01    119.797406
  16 D  1.21600000E+01     55.531619
  16 D  4.34100000E+00     12.984636

  17 D  1.53500000E+00      3.484168

  18 D  4.51000000E-01      0.408525



Printing Internal Coordinates

------------------------------------------------------------
                Bond Lengths

i      j        Length (Angstroms)     Length (Bohr)
0      1          1.3584924939         2.5671787575
0      3          1.0833663697         2.0472657327
0      12         1.4724730963         2.7825708798
1      2          1.3913641502         2.6292971854
1      4          1.0784793258         2.0380305582
2      5          1.4971895837         2.8292782718
2      10         1.3954932230         2.6371000019
5      6          1.2008116123         2.2692050761
5      7          1.2014444451         2.2704009567
8      9          1.0816084250         2.0439436987
8      10         1.3557178281         2.5619353992
8      12         1.4742034798         2.7858408307
10     11         1.0794754269         2.0399129165
12     13         1.0899305152         2.0596701700
12     14         1.9462615253         3.6779012521

Number of Bonds: 15

------------------------------------------------------------
           Bond Angles

i      j      k      Angle (degrees)
0      1      2        117.4042 
0      1      4        122.4642 
0      12     8        116.0641 
0      12     13       112.6885 
0      12     14       102.1041 
1      0      3        120.9356 
1      0      12       120.8380 
1      2      5        116.8078 
1      2      10       126.0684 
2      1      4        120.1312 
2      5      6        115.8299 
2      5      7        115.4992 
2      10     8        117.1078 
2      10     11       120.1591 
3      0      12       117.8748 
5      2      10       117.1175 
6      5      7        128.6523 
8      10     11       122.7330 
8      12     13       112.5640 
8      12     14       104.7767 
9      8      10       120.7098 
9      8      12       117.8482 
10     8      12       121.2329 
13     12     14       107.3462 

Number of Angles: 24

------------------------------------------------------------
              Torsional Angles

i      j      k      l      Angle (degrees)
3      0      1      2       -179.2540 
4      1      0      3          0.5331 
8      10     2      1          4.0857 
9      8      10     2        178.2211 
10     2      1      0         -2.7434 
10     2      1      4        177.4644 
11     10     2      1       -175.9485 
11     10     8      9         -1.7438 

Number of Torsional Angles: 8


----------------------------------------------------------------------
                          Center of Mass

         x               y               z              Unit
   0.08626054809   0.03439232079  -0.03737831886      Angstrom
    0.1630088114   0.06499206713  -0.07063478568          Bohr

----------------------------------------------------------------------
                Moment of Inertia Tensor

           1085.73           7.96724          -971.575
           7.96724           3717.53           41.4803
          -971.575           41.4803           3550.81

----------------------------------------------------------------------
                      Principal Moments of Inertia

           x                 y                 z                Unit
       209.6538454       1038.945645       1090.778028       amu * ang^2
       748.6874741       3710.142254       3895.239053      amu * bohr^2
  3.4813863841e-38  1.7252110091e-37  1.8112807644e-37          g * cm^2

 - Molecule is an asymmetric top.

----------------------------------------------------------------------

         Rotational constants (MHz)

    A = 2.4105e+03        B = 4.8643e+02        C = 4.6332e+02

----------------------------------------------------------------------

        Rotational constants (cm-1)

    A = 8.0407e-02        B = 1.6226e-02        C = 1.5455e-02

----------------------------------------------------------------------

                                Z-Matrix
C   
C        1       2.5671788
C        2       2.6292972     1       117.40421
H        3      6.32902987     2     22.33704450     1          0.5446
H        4      4.71375502     3     39.81749866     2          0.4394
N        5      4.98734139     4    126.61918041     3          1.2745
O        6      2.26920508     5    163.59324719     4        -59.9064
O        7      4.09143341     6     25.68108737     5       -131.9089
C        8      8.72635923     7     60.70419655     6         -6.6501
H        9      2.04394370     8    150.06994836     7        -23.3806
C       10      4.01118763     9     33.30732534     8         10.7067
H       11      2.03991292    10     96.76002153     9        178.5229
C       12      6.54862136    11     18.61316271    10          3.3615
H       13      2.05967017    12    128.61241767    11       -129.6343
Br      14      4.72083172    13     48.04302086    12       -128.9063

----------------------------------------------------------------------

             Converted back to Cartesian

C        0.000000      0.000000      0.000000
C        0.000000      0.000000      2.567179
C        0.000000      0.094012     -0.060437
H       -0.000007     -0.175318      6.262859
H        0.000000      0.082381      1.556154
N       -0.000088     -0.382100      6.521819
O        0.002062     -0.058503      4.275807
O       -0.001126     -0.673612      8.320737
C        0.002522      0.797582     -0.280712
H        0.004158      0.361315      1.716129
C       -0.000268      1.257174     -2.193736
H        0.000510      0.743196     -0.219636
C       -0.001116      2.429088     -6.547527
H        0.000686      1.821306     -4.579574
Br      -0.001835      3.280206     -9.069324

----------------------------------------------------------------------
                       Geometry in bohr 

1     C      -0.9746403203    2.3362778065    1.5675261821
2     C       1.5908826322    2.3593920343    1.4782822159
3     C       2.8188117230    0.0372126726    1.3648060107
4     H      -2.0411537573    4.0825009119    1.6349868026
5     H       2.6702576463    4.0881057511    1.4864688046
6     N       5.6420050567    0.0939413837    1.1882364990
7     O       6.6986570970   -1.8694567137    1.6099544784
8     O       6.5441599479    2.0905170806    0.5928185424
9     C      -0.8949156613   -2.3859849032    1.4705596511
10    H      -1.9026989272   -4.1642083531    1.4708675474
11    C       1.6662440187   -2.3336298410    1.4354451143
12    H       2.8045330449   -4.0262591173    1.4588744268
13    C      -2.3902861287   -0.0427224553    1.2864471885
14    H      -4.0908553767   -0.0971545499    2.4471980614
15    Br     -3.4655405175    0.1102415934   -2.2274377868

 Number of nodes, processes per node used for SCF calculation: 1, 4

Common Options
{
  maxiter       = 100
  basis         = 6-311g* spherical
  geom_units    = angstrom
  ang2au factor = 1.889726126
  debug         = false
  file_prefix   = para_th45_ph18_qed_ccsd_input
}

SCF Options
{
  charge            = 1
  multiplicity      = 1
  level shift       = 0
  tol_int           = 1e-22
  tol_sch           = 1e-12
  tol_lindep        = 1e-10
  conve             = 1e-07
  convd             = 1e-05
  diis_hist         = 10
  AO_tilesize       = 30
  writem            = 10
  damp              = 100
  n_lindep          = 0
  scf_type          = restricted
  cuscf             = false
  qed_omegas        = [0.06615,]
  qed_lambdas       = [0.1,]
  qed_polvecs       = [[0.672498512,0.2185080122,0.7071067812,],]
  direct_df         = false
  restart_size      = 2000
  restart           = false
  debug             = false
}

Number of basis functions = 221

Total number of shells = 105

Total number of electrons = 98
  # of alpha electrons    = 49
  # of beta electons      = 49

Nuclear repulsion energy  = 749.434695186768

# of {all,non-negligible} shell-pairs = {5565,4927}
Number of AO tiles = 105

Time for initial setup: 0.01 secs
HF exch = 1.00

Time for computing 1-e integrals T, V, S: 0.01 secs
Time for computing orthogonalizer: 0.01 secs

Superposition of Atomic Density Guess ...
Time taken for SAD: 0.33 secs
Total Time to compute initial guess: 0.33 secs


 SCF iterations
-----------------------------------------------------------------------------
 Iter     Energy            E-Diff       RMSD        |[F,P]|^2       Time(s)
-----------------------------------------------------------------------------
   1  -3011.7256270095    -3.01e+03     1.68e-02     1.52e+03         0.7 
   2  -3005.7474320210     5.98e+00     6.60e-03     9.31e+00         2.2 
   3  -3006.0089211942    -2.61e-01     2.28e-03     2.99e+00         2.2 
   4  -3006.0939030977    -8.50e-02     1.18e-03     9.59e-02         2.3 
   5  -3006.0997852689    -5.88e-03     2.86e-04     1.19e-02         2.2 
   6  -3006.1004584563    -6.73e-04     2.15e-04     1.77e-03         2.2 
   7  -3006.1006436416    -1.85e-04     8.95e-05     2.31e-04         2.2 
   8  -3006.1006733742    -2.97e-05     2.22e-05     2.35e-05         2.2 
   9  -3006.1006760812    -2.71e-06     7.78e-06     4.51e-06         2.2 
  10  -3006.1006765597    -4.79e-07     4.08e-06     7.11e-07         2.2 
  11  -3006.1006766560    -9.63e-08     1.74e-06     1.01e-07         2.3 

** Total SCF energy = -3006.1006766559940

Nuclear repulsion energy = 749.434695186767840
#electrons        = 98
1e energy kinetic = 3006.2019560669637031
1e energy N-e     = -8651.7961338424229325
1e energy         = -5639.1093412213685951
2e energy         = 1889.8634806703280447
QED energy        = 0.1953252623708757
QED eT energy     = 0.1747471597454918
QED eT energy from matrix = 0.1747471597454846

 Polarizability Matrix (QED energy = 0.5 * lambda.dot(matrix * lambda))
[41.52774060, -0.42894637,  0.39279833]
[-0.42894637, 43.33173080, -1.20986229]
[ 0.39279833, -1.20986229, 36.68281615]

 Polarizability Matrix (QED eT energy = 0.5 * lambda.dot(matrix * lambda))
[37.92735357, -0.46609835,  0.53619520]
[-0.46609835, 40.04952670, -1.46045047]
[ 0.53619520, -1.46045047, 31.92553072]


                      Electron        Nuclear        Total  
                  ------------------------------------------
    Monopole         -98.000000     99.000000      1.000000

      Dipole   X     -33.917620     32.479314     -1.438306
      Dipole   Y      -5.977283      5.990785      0.013502
      Dipole   Z      -6.602871      8.096311      1.493440

  Quadrupole  XX   -1558.934438   1508.579628    -50.354811
  Quadrupole  XY       1.051345     -1.204545     -0.153201
  Quadrupole  XZ    -443.294173    442.360446     -0.933727
  Quadrupole  YY    -304.325210    263.349754    -40.975455
  Quadrupole  YZ      20.603289    -19.737600      0.865690
  Quadrupole  ZZ    -341.869617    296.544405    -45.325213

    Octupole XXX   -4679.638891   4498.935529   -180.703362
    Octupole XXY    -111.974992    109.313663     -2.661329
    Octupole XXZ    -375.300659    356.199695    -19.100964
    Octupole XYY    -529.660732    483.088833    -46.571899
    Octupole XYZ      69.777351    -64.585194      5.192158
    Octupole XZZ     342.200130   -387.691366    -45.491236
    Octupole YYY     -25.627202     17.323973     -8.303229
    Octupole YYZ    -367.646395    364.005499     -3.640895
    Octupole YZZ       6.022299     -5.466925      0.555375
    Octupole ZZZ     136.482392   -204.059196    -67.576804

writing orbitals and density to disk ... done.

Total Time taken for Hartree-Fock: 24.66 secs

CD Options
{
  debug             = false
  skip_cd           = [false, 100]
  write_cv          = [false, 5000]
  diagtol           = 1e-06
  itilesize         = 1000
  max_cvecs_factor  = 12
}

- #occupied, #virtual = 98, 344

- Tilesize for the MSO space: 40

-----------------------------------------------------
Begin 2-index transformation ... 

nAO, nMO, nelectrons = 221, 442, 98
n_occ_alpha, n_vir_alpha, n_occ_beta, n_vir_beta = 49,172,49,172

Time taken for Fao->Fmo transform: 0.00 secs

-----------------------------------------------------
Number of AO tiles = 105
# of {all,non-negligible} shell-pairs = {5565,4927}

    Begin Cholesky Decomposition
---------------------------------------------
Total # of mpi ranks used for Cholesky decomposition: 4
  --> Number of nodes, mpi ranks per node: 1, 4
- CPU memory required for computing cholesky vectors: 1.93 GiB

- Time for computing the diagonal: 0.01 secs

- Total number of cholesky vectors = 1647

- Time to compute cholesky vectors: 17.83 secs

- CPU memory required for resizing the ao cholesky tensor: 1.56 GiB
- CPU memory required for ao2mo transformation: 1.70 GiB
- CPU memory required for the 2-step contraction: 2.11 GiB

- Time for ao to mo transform: 1.55 secs

   End Cholesky Decomposition
---------------------------------------------

Total Time taken for Cholesky Decomposition: 21.06 secs

scf_type = restricted
Closed-Shell SCF
QED-HF Enabled
nbf = 203
nbf_orig = 221
n_lindep = 0
focc = 1
nmo = 406
nocc = 62
nvir = 344
n_occ_alpha = 31
n_vir_alpha = 172
n_occ_beta = 31
n_vir_beta = 172
nelectrons = 98
nelectrons_alpha = 49
nelectrons_beta = 49
freeze atomic = true
n_frozen_core = 18
n_frozen_virtual = 0
----------------------------
--------- QED-CCSD --------
lambda_x: 0.0672
lambda_y: 0.0219
lambda_z: 0.0707
omega: 0.066150
coupling_factor_x: 0.012230
coupling_factor_y: 0.003974
coupling_factor_z: 0.012860
----------------------------
# of {all,non-negligible} shell-pairs = {5565,4927}
Number of AO tiles = 105
----------------------------
Electronic dipole expectation value using SCF density: 
dipole_x_elec: -33.91737099
dipole_y_elec: -5.97733291
dipole_z_elec: -6.60268340

d_n/N value: d_n is nuclear dipole moment and N is the total number of electrons 
d_nuc_x: 0.33142157
d_nuc_y: 0.06113046
d_nuc_z: 0.08261542

<d_e+d_n> expectation values: 
dipole_total_x: -1.43805713
dipole_total_y: 0.01345201
dipole_total_z: 1.49362754
----------------------------


 CCSD iterations
------------------------------------------------------------
  Iter     Residuum          Correlation          Time(s)
------------------------------------------------------------
   1     1.1851773089105    0.0000000000000         86.16
   2     0.1703528857556   -1.6063459166631         85.00
   3     0.0648220792472   -1.6328451198601         84.78
   4     0.0260422851236   -1.6940956883704         84.88
   5     0.0215543740913   -1.6919035023622         84.78
 MICROCYCLE DIIS UPDATE:                    6
   6     0.0099459954706   -1.7024803579088         83.65
   7     0.0067094121676   -1.7017978791153         83.45
   8     0.0055348821753   -1.7035233361188         83.54
   9     0.0056594981779   -1.7038162822741         83.79
  10     0.0072682253021   -1.7041943629020         83.16
 MICROCYCLE DIIS UPDATE:                   11
  11     0.0009641096506   -1.7049559585744         83.24
  12     0.0007370198521   -1.7048460251893         83.28
  13     0.0007526708299   -1.7049953851282         82.95
  14     0.0010684019693   -1.7049303326130         83.22
  15     0.0016949386715   -1.7049933412618         83.02
 MICROCYCLE DIIS UPDATE:                   16
  16     0.0002020643896   -1.7050146865525         83.18
  17     0.0001400787088   -1.7049812061749         83.74
  18     0.0001381886275   -1.7049989670859         83.31
  19     0.0001273591624   -1.7050027541061         83.08
  20     0.0001687205462   -1.7050041837880         83.20
 MICROCYCLE DIIS UPDATE:                   21
  21     0.0000537286971   -1.7050288542774         83.23
  22     0.0000389701068   -1.7050167687747         83.49
  23     0.0000371683771   -1.7050191929217         83.28
  24     0.0000479031752   -1.7050151904200         83.56
  25     0.0000737255063   -1.7050166320736         83.22
 MICROCYCLE DIIS UPDATE:                   26
  26     0.0000138917298   -1.7050144913095         83.27
  27     0.0000104196480   -1.7050134691409         83.31
  28     0.0000096147108   -1.7050151699881         83.32
  29     0.0000096217070   -1.7050154793496         83.38
  30     0.0000121417840   -1.7050156234640         83.55
 MICROCYCLE DIIS UPDATE:                   31
  31     0.0000041573540   -1.7050177454787         83.06
  32     0.0000030478752   -1.7050165555520         82.83
  33     0.0000028911512   -1.7050165982884         83.16
  34     0.0000034714011   -1.7050163042242         83.75
  35     0.0000050784628   -1.7050163648259         83.73
 MICROCYCLE DIIS UPDATE:                   36
  36     0.0000011030188   -1.7050161789526         83.80
  37     0.0000008462210   -1.7050160823551         84.01
------------------------------------------------------------------
 Iterations converged
 CCSD correlation energy / hartree =        -1.705016082355115
 CCSD total energy / hartree       =     -3007.805692738349080

Time taken for spin-orbital canonical QED-CCSD: 3169.00 secs
