
ExaChem Git Information
{
 WARNING: Failed to retrieve the current git state.
}


TAMM Git Information
{
 Branch: main
 Commit Hash: e71357ad [e71357ad54f38748b4a7e175aa6760820d5ce96f]
 Commit Date: 2026-02-02 23:14:56 -0800
 Commit Message: add GitHub Actions workflow for releases
}


date: Mon Aug 10 03:00:49 2026
program: "/global/cfs/cdirs/m3196/heindelj/cavity_qed/software/install_gpu/bin/bin/ExaChem"
nnodes: 1, nproc_per_node: 4, nproc_total: 4, ngpus_per_node: 1, ngpus_total: 1

Memory information
{
[AMD EPYC 7763 64-Core Processor                ] : 
  CPU memory per node (GiB): 251
  Total CPU memory (GiB): 251
[NVIDIA A100-SXM4-80GB, CUDA v12.9] : 
  GPU memory per device (GiB): 79
  GPU memory per node (GiB): 79
  Total GPU memory (GiB): 79
}

------------------------------------------------------------

Input file provided: /global/cfs/cdirs/m4262/heindelj/cavity_qed/mlip/lambda_scans/grid_scans_optimized_geoms/runs_grid_no_freq/para_th81_ph342/para_th81_ph342_qed_ccsd_input.json

{
  "geometry": {
    "coordinates": [
      "C    -0.488542236900    1.201927631900    1.055876785700",
      "C     0.864295236100    1.201968967000    1.047653740800",
      "C     1.488491817900   -0.004237808400    0.737988354700",
      "H    -1.033234115200    2.114399908600    1.247243576200",
      "H     1.447981057300    2.087355640800    1.249346986100",
      "N     2.967721870900    0.024202314900    0.589268588700",
      "O     3.540058453800    0.883252688200    1.202424439900",
      "O     3.415404678400   -0.802721666300   -0.157847877300",
      "C    -0.494147056700   -1.251884413600    0.576926440800",
      "H    -1.039229415000   -2.173253030700    0.413215851300",
      "C     0.862600901400   -1.227659819300    0.542280997100",
      "H     1.441717661700   -2.112194326600    0.338683377300",
      "C    -1.257515844700   -0.003644345100    0.705986421700",
      "H    -2.171178018800   -0.113990102900    1.279893904700",
      "Br   -1.778505666500    0.323998840600   -1.163501878400"
    ],
    "units": "angstrom",
    "noorient": true
  },
  "common": {
    "maxiter": 100,
    "debug": false
  },
  "basis": {
    "basisset": "6-311G*"
  },
  "SCF": {
    "charge": 1,
    "multiplicity": 1,
    "lshift": 0,
    "tol_lindep": 1e-10,
    "conve": 1e-07,
    "convd": 1e-05,
    "diis_hist": 10,
    "writem": 10,
    "restart": false,
    "noscf": false,
    "scf_type": "restricted",
    "debug": false,
    "qed_omegas": [
      0.06615
    ],
    "qed_volumes": [],
    "qed_lambdas": [
      0.1
    ],
    "qed_polvecs": [
      [
        0.9393474323917528,
        -0.305212482389889,
        0.15643446504023092
      ]
    ],
    "direct_df": false
  },
  "CD": {
    "debug": false,
    "diagtol": 1e-06
  },
  "CC": {
    "threshold": 1e-06,
    "ndiis": 5,
    "ccsd_maxiter": 200,
    "tilesize": 40,
    "freeze": {
      "atomic": true
    },
    "readt": false,
    "writet": true,
    "writet_iter": 5,
    "debug": false,
    "profile_ccsd": false,
    "balance_tiles": true
  },
  "TASK": {
    "scf": false,
    "ccsd": true
  }
}

Output folder & files prefix: para_th81_ph342_qed_ccsd_input.6-311g*

  C (carbon)
  ----------
          Exponent        Coefficients
      ----------------  --------------------
  1 S  4.56324000E+03      0.778202
  1 S  6.82024000E+02      1.448695
  1 S  1.54973000E+02      2.383089
  1 S  4.44553000E+01      3.200089
  1 S  1.30290000E+01      3.013004
  1 S  1.82773000E+00      0.247599

  2 S  2.09642000E+01      0.800629
  2 S  4.80331000E+00      2.127420
  2 S  1.45933000E+00     -0.002868

  3 P  2.09642000E+01      2.573592
  3 P  4.80331000E+00      2.408248
  3 P  1.45933000E+00      1.865281

  4 S  4.83456000E-01      0.413217

  5 P  4.83456000E-01      0.574627

  6 S  1.45585000E-01      0.167976

  7 P  1.45585000E-01      0.128185

  8 D  6.26000000E-01      0.725128


  H (hydrogen)
  ------------
          Exponent        Coefficients
      ----------------  --------------------
  1 S  3.38650000E+01      0.255069
  1 S  5.09479000E+00      0.460109
  1 S  1.15879000E+00      0.678321

  2 S  3.25840000E-01      0.307371

  3 S  1.02741000E-01      0.129336


  N (nitrogen)
  ------------
          Exponent        Coefficients
      ----------------  --------------------
  1 S  6.29348000E+03      0.991968
  1 S  9.49044000E+02      1.823240
  1 S  2.18776000E+02      2.979891
  1 S  6.36916000E+01      4.000007
  1 S  1.88282000E+01      3.881008
  1 S  2.72023000E+00      0.386764

  2 S  3.06331000E+01      1.038501
  2 S  7.02614000E+00      2.834794
  2 S  2.11205000E+00     -0.003208

  3 P  3.06331000E+01      3.935616
  3 P  7.02614000E+00      3.870994
  3 P  2.11205000E+00      2.967271

  4 S  6.84009000E-01      0.536051

  5 P  6.84009000E-01      0.886681

  6 S  2.00878000E-01      0.213850

  7 P  2.00878000E-01      0.191693

  8 D  9.13000000E-01      1.403568


  O (oxygen)
  ----------
          Exponent        Coefficients
      ----------------  --------------------
  1 S  8.58850000E+03      1.205013
  1 S  1.29723000E+03      2.216205
  1 S  2.99296000E+02      3.627452
  1 S  8.73771000E+01      4.888452
  1 S  2.56789000E+01      4.835721
  1 S  3.74004000E+00      0.538229

  2 S  4.21175000E+01      1.341958
  2 S  9.62837000E+00      3.587114
  2 S  2.85332000E+00     -0.005123

  3 P  4.21175000E+01      5.584018
  3 P  9.62837000E+00      5.733366
  3 P  2.85332000E+00      4.332955

  4 S  9.05661000E-01      0.661659

  5 P  9.05661000E-01      1.259352

  6 S  2.55611000E-01      0.256209

  7 P  2.55611000E-01      0.259068

  8 D  1.29200000E+00      2.577026


  Br (bromine)
  ------------
          Exponent        Coefficients
      ----------------  --------------------
  1 S  4.39700000E+05      9.893706
  1 S  6.60300000E+04     18.450679
  1 S  1.51400000E+04     31.049770
  1 S  4.31700000E+03     48.888138
  1 S  1.41400000E+03     64.847798
  1 S  5.23900000E+02     42.245010

  2 S  5.23900000E+02     14.290679
  2 S  2.07700000E+02     24.083128
  2 S  8.65400000E+01      5.132542

  3 S  3.05200000E+01      9.254405

  4 S  1.29800000E+01      4.873782

  5 S  4.41200000E+00      2.169635

  6 S  1.86200000E+00      1.136043

  7 S  3.93200000E-01      0.353892

  8 S  1.40000000E-01      0.163120

  9 P  2.95700000E+03    691.874478
  9 P  7.00300000E+02    925.332763
  9 P  2.24600000E+02   1068.830732

  10 P  8.25900000E+01    122.079275
  10 P  3.31900000E+01     57.580687
  10 P  1.42000000E+01     10.176170

  11 P  1.42000000E+01      3.129736
  11 P  7.43800000E+00      6.538168
  11 P  3.52600000E+00      4.166276

  12 P  1.59500000E+00      2.555000

  13 P  8.46200000E-01      1.156861

  14 P  3.18600000E-01      0.341191

  15 P  1.09600000E-01      0.089888

  16 D  1.34800000E+02    160.709187
  16 D  3.63900000E+01    119.797406
  16 D  1.21600000E+01     55.531619
  16 D  4.34100000E+00     12.984636

  17 D  1.53500000E+00      3.484168

  18 D  4.51000000E-01      0.408525



Printing Internal Coordinates

------------------------------------------------------------
                Bond Lengths

i      j        Length (Angstroms)     Length (Bohr)
0      1          1.3528624647         2.5565395444
0      3          1.0797759705         2.0404808616
0      12         1.4721234554         2.7819101543
1      2          1.3929999315         2.6323883639
1      4          1.0794808313         2.0399231294
2      5          1.4869592997         2.8099458369
2      10         1.3880930178         2.6231156408
5      6          1.2006235071         2.2688496088
5      7          1.2010021568         2.2695651529
8      9          1.0829755598         2.0465272090
8      10         1.3574064091         2.5651263548
8      12         1.4688402411         2.7757057783
10     11         1.0766752098         2.0346212731
12     13         1.0845849684         2.0495685506
12     14         1.9681887500         3.7193377017

Number of Bonds: 15

------------------------------------------------------------
           Bond Angles

i      j      k      Angle (degrees)
0      1      2        116.7059 
0      1      4        122.6557 
0      12     8        116.4458 
0      12     13       113.4275 
0      12     14       103.1618 
1      0      3        120.3640 
1      0      12       121.3945 
1      2      5        116.8360 
1      2      10       126.3331 
2      1      4        120.6278 
2      5      6        115.9017 
2      5      7        114.8263 
2      10     8        117.5687 
2      10     11       120.5450 
3      0      12       118.0776 
5      2      10       116.8279 
6      5      7        129.2455 
8      10     11       121.8555 
8      12     13       113.4432 
8      12     14       101.2785 
9      8      10       120.9573 
9      8      12       118.3400 
10     8      12       120.4332 
13     12     14       107.2511 

Number of Angles: 24

------------------------------------------------------------
              Torsional Angles

i      j      k      l      Angle (degrees)
3      0      1      2       -177.4162 
4      1      0      3          1.4063 
8      10     2      1          4.0831 
9      8      10     2        178.8800 
10     2      1      0         -5.5072 
10     2      1      4        175.6449 
11     10     2      1       -177.8972 
11     10     8      9          0.8880 

Number of Torsional Angles: 8


----------------------------------------------------------------------
                          Center of Mass

         x               y               z              Unit
    0.1035480953    0.1296794918  -0.03675389926      Angstrom
    0.1956775411    0.2450587236  -0.06945480365          Bohr

----------------------------------------------------------------------
                Moment of Inertia Tensor

           1090.84           147.106          -918.737
           147.106           3675.72          -25.6525
          -918.737          -25.6525           3424.08

----------------------------------------------------------------------
                      Principal Moments of Inertia

           x                 y                 z                Unit
       214.6825312        1017.49383       1061.437295       amu * ang^2
       766.6452372       3633.536431       3790.461394      amu * bohr^2
  3.5648897337e-38  1.6895894076e-37  1.7625592977e-37          g * cm^2

 - Molecule is an asymmetric top.

----------------------------------------------------------------------

         Rotational constants (MHz)

    A = 2.3541e+03        B = 4.9669e+02        C = 4.7613e+02

----------------------------------------------------------------------

        Rotational constants (cm-1)

    A = 7.8524e-02        B = 1.6568e-02        C = 1.5882e-02

----------------------------------------------------------------------

                                Z-Matrix
C   
C        1       2.5565395
C        2       2.6323884     1       116.70594
H        3      6.29794102     2     22.55905146     1          1.8825
H        4      4.68909733     3     40.23432172     2          1.7582
N        5      5.00043004     4    125.63231290     3          4.1667
O        6      2.26884961     5     65.70188261     4       -163.1655
O        7      4.10048313     6     25.38152746     5       -156.1931
C        8      7.56509914     7     91.61701618     6         -5.3772
H        9      2.04652721     8    124.00362892     7       -158.1128
C       10      4.02106140     9     33.16492681     8         12.0969
H       11      2.03462127    10     95.98036362     9       -179.2416
C       12      6.50975846    11     19.18139241    10          8.1708
H       13      2.04956855    12    130.86098235    11       -126.6466
Br      14      4.74927271    13     48.40949529    12       -123.8238

----------------------------------------------------------------------

             Converted back to Cartesian

C        0.000000      0.000000      0.000000
C        0.000000      0.000000      2.556540
C        0.000000      0.093563     -0.074186
H       -0.000025     -0.173531      6.218089
H       -0.000004      0.082735      1.536000
N       -0.000276     -0.381378      6.514845
O        0.002162     -0.125687      4.260450
O       -0.002353     -0.619284      8.331114
C        0.007040      0.500574      0.849366
H        0.007834      0.121480      2.860475
C        0.004371      0.906171     -1.083277
H        0.012146      0.451260      0.899821
C       -0.016674      1.943591     -5.436508
H        0.003986      1.395423     -3.461713
Br      -0.051180      2.732596     -8.018523

----------------------------------------------------------------------
                       Geometry in bohr 

1     C      -0.9232110287    2.2713140475    1.9953179477
2     C       1.6332812882    2.2713921595    1.9797786449
3     C       2.8128418765   -0.0080082973    1.3945958745
4     H      -1.9525295017    3.9956367479    2.3569487713
5     H       2.7362876338    3.9445304885    2.3609236400
6     N       5.6081815539    0.0457357468    1.1135562472
7     O       6.6897409474    1.6691056807    2.2722528785
8     O       6.4541794513   -1.5169241046   -0.2982892577
9     C      -0.9338026031   -2.3657186830    1.0902329679
10    H      -1.9638589763   -4.1068530303    0.7808647898
11    C       1.6300794596   -2.3199408343    1.0247625678
12    H       2.7244515315   -3.9914688020    0.6400188265
13    C      -2.3763605455   -0.0068868141    1.3341209856
14    H      -4.1029318261   -0.2154100755    2.4186489501
15    Br     -3.3608886231    0.6122690738   -2.1986998972

 Number of nodes, processes per node used for SCF calculation: 1, 4

Common Options
{
  maxiter       = 100
  basis         = 6-311g* spherical
  geom_units    = angstrom
  ang2au factor = 1.889726126
  debug         = false
  file_prefix   = para_th81_ph342_qed_ccsd_input
}

SCF Options
{
  charge            = 1
  multiplicity      = 1
  level shift       = 0
  tol_int           = 1e-22
  tol_sch           = 1e-12
  tol_lindep        = 1e-10
  conve             = 1e-07
  convd             = 1e-05
  diis_hist         = 10
  AO_tilesize       = 30
  writem            = 10
  damp              = 100
  n_lindep          = 0
  scf_type          = restricted
  cuscf             = false
  qed_omegas        = [0.06615,]
  qed_lambdas       = [0.1,]
  qed_polvecs       = [[0.9393474324,-0.3052124824,0.156434465,],]
  direct_df         = false
  restart_size      = 2000
  restart           = false
  debug             = false
}

Number of basis functions = 221

Total number of shells = 105

Total number of electrons = 98
  # of alpha electrons    = 49
  # of beta electons      = 49

Nuclear repulsion energy  = 751.800432893934

# of {all,non-negligible} shell-pairs = {5565,4932}
Number of AO tiles = 105

Time for initial setup: 0.01 secs
HF exch = 1.00

Time for computing 1-e integrals T, V, S: 0.01 secs
Time for computing orthogonalizer: 0.01 secs

Superposition of Atomic Density Guess ...
Time taken for SAD: 0.40 secs
Total Time to compute initial guess: 0.40 secs


 SCF iterations
-----------------------------------------------------------------------------
 Iter     Energy            E-Diff       RMSD        |[F,P]|^2       Time(s)
-----------------------------------------------------------------------------
   1  -3011.7687920068    -3.01e+03     1.67e-02     1.53e+03         0.6 
   2  -3005.7051038198     6.06e+00     6.71e-03     1.02e+01         2.1 
   3  -3006.0108526423    -3.06e-01     2.24e-03     2.58e+00         2.1 
   4  -3006.0856199886    -7.48e-02     1.18e-03     9.89e-02         2.1 
   5  -3006.0917673170    -6.15e-03     3.05e-04     1.32e-02         2.2 
   6  -3006.0925234563    -7.56e-04     2.29e-04     2.22e-03         2.1 
   7  -3006.0927430354    -2.20e-04     9.56e-05     3.26e-04         2.1 
   8  -3006.0927792570    -3.62e-05     2.15e-05     4.05e-05         2.2 
   9  -3006.0927833423    -4.09e-06     1.01e-05     8.79e-06         2.2 
  10  -3006.0927843104    -9.68e-07     5.53e-06     1.38e-06         2.2 
  11  -3006.0927845128    -2.02e-07     2.23e-06     2.29e-07         2.2 
  12  -3006.0927845440    -3.12e-08     1.09e-06     4.45e-08         2.2 

** Total SCF energy = -3006.0927845439865

Nuclear repulsion energy = 751.800432893933589
#electrons        = 98
1e energy kinetic = 3006.2274341217530491
1e energy N-e     = -8656.4689319811113819
1e energy         = -5642.6314582721843180
2e energy         = 1892.1451562091172036
QED energy        = 0.2031242123228134
QED eT energy     = 0.1850156626109240
QED eT energy from matrix = 0.1850156626109203

 Polarizability Matrix (QED energy = 0.5 * lambda.dot(matrix * lambda))
[40.86826128,  0.52402266,  0.94341115]
[ 0.52402266, 41.77795467,  2.69681492]
[ 0.94341115,  2.69681492, 38.93033299]

 Polarizability Matrix (QED eT energy = 0.5 * lambda.dot(matrix * lambda))
[37.29838967,  0.55263381,  1.08835792]
[ 0.55263381, 38.18418077,  3.29930794]
[ 1.08835792,  3.29930794, 34.61380912]


                      Electron        Nuclear        Total  
                  ------------------------------------------
    Monopole         -98.000000     99.000000      1.000000

      Dipole   X     -36.822744     35.275922     -1.546822
      Dipole   Y     -21.743316     21.646365     -0.096951
      Dipole   Z      -6.616378      8.102365      1.485988

  Quadrupole  XX   -1520.046859   1469.841984    -50.204875
  Quadrupole  XY      57.592332    -57.951934     -0.359602
  Quadrupole  XZ    -418.256815    417.477490     -0.779326
  Quadrupole  YY    -286.249728    245.981603    -40.268125
  Quadrupole  YZ     -23.804096     23.959788      0.155692
  Quadrupole  ZZ    -366.965254    321.081217    -45.884037

    Octupole XXX   -4688.296735   4504.092004   -184.204731
    Octupole XXY    -348.432895    337.851650    -10.581245
    Octupole XXZ    -358.132853    340.508574    -17.624279
    Octupole XYY    -330.594827    288.653573    -41.941254
    Octupole XYZ    -412.523305    405.365789     -7.157517
    Octupole XZZ     178.249529   -231.331670    -53.082141
    Octupole YYY     -23.332800     -4.135295    -27.468096
    Octupole YYZ    -311.099339    306.911203     -4.188136
    Octupole YZZ    -288.358406    286.656785     -1.701621
    Octupole ZZZ      18.804490    -88.594680    -69.790191

writing orbitals and density to disk ... done.

Total Time taken for Hartree-Fock: 25.86 secs

CD Options
{
  debug             = false
  skip_cd           = [false, 100]
  write_cv          = [false, 5000]
  diagtol           = 1e-06
  itilesize         = 1000
  max_cvecs_factor  = 12
}

- #occupied, #virtual = 98, 344

- Tilesize for the MSO space: 40

-----------------------------------------------------
Begin 2-index transformation ... 

nAO, nMO, nelectrons = 221, 442, 98
n_occ_alpha, n_vir_alpha, n_occ_beta, n_vir_beta = 49,172,49,172

Time taken for Fao->Fmo transform: 0.00 secs

-----------------------------------------------------
Number of AO tiles = 105
# of {all,non-negligible} shell-pairs = {5565,4932}

    Begin Cholesky Decomposition
---------------------------------------------
Total # of mpi ranks used for Cholesky decomposition: 4
  --> Number of nodes, mpi ranks per node: 1, 4
- CPU memory required for computing cholesky vectors: 1.93 GiB

- Time for computing the diagonal: 0.01 secs

- Total number of cholesky vectors = 1641

- Time to compute cholesky vectors: 13.43 secs

- CPU memory required for resizing the ao cholesky tensor: 1.56 GiB
- CPU memory required for ao2mo transformation: 1.70 GiB
- CPU memory required for the 2-step contraction: 2.11 GiB

- Time for ao to mo transform: 1.59 secs

   End Cholesky Decomposition
---------------------------------------------

Total Time taken for Cholesky Decomposition: 16.88 secs

scf_type = restricted
Closed-Shell SCF
QED-HF Enabled
nbf = 203
nbf_orig = 221
n_lindep = 0
focc = 1
nmo = 406
nocc = 62
nvir = 344
n_occ_alpha = 31
n_vir_alpha = 172
n_occ_beta = 31
n_vir_beta = 172
nelectrons = 98
nelectrons_alpha = 49
nelectrons_beta = 49
freeze atomic = true
n_frozen_core = 18
n_frozen_virtual = 0
----------------------------
--------- QED-CCSD --------
lambda_x: 0.0939
lambda_y: -0.0305
lambda_z: 0.0156
omega: 0.066150
coupling_factor_x: 0.017083
coupling_factor_y: -0.005551
coupling_factor_z: 0.002845
----------------------------
# of {all,non-negligible} shell-pairs = {5565,4932}
Number of AO tiles = 105
----------------------------
Electronic dipole expectation value using SCF density: 
dipole_x_elec: -36.82260943
dipole_y_elec: -21.74350454
dipole_z_elec: -6.61633236

d_n/N value: d_n is nuclear dipole moment and N is the total number of electrons 
d_nuc_x: 0.35995839
d_nuc_y: 0.22088128
d_nuc_z: 0.08267720

<d_e+d_n> expectation values: 
dipole_total_x: -1.54668763
dipole_total_y: -0.09713932
dipole_total_z: 1.48603285
----------------------------


 CCSD iterations
------------------------------------------------------------
  Iter     Residuum          Correlation          Time(s)
------------------------------------------------------------
   1     1.1847875421659    0.0000000000000         86.46
   2     0.1814348190375   -1.5825428616852         85.22
   3     0.0693563139155   -1.6278762556424         85.12
   4     0.0293398401472   -1.6947449233257         85.24
   5     0.0228747215489   -1.6911158864561         85.47
 MICROCYCLE DIIS UPDATE:                    6
   6     0.0116163322057   -1.7040519554109         84.11
   7     0.0077159238064   -1.7033081530079         84.52
   8     0.0067991268513   -1.7051965663639         83.70
   9     0.0070543051945   -1.7055694266644         83.79
  10     0.0092299941885   -1.7060049888270         83.79
 MICROCYCLE DIIS UPDATE:                   11
  11     0.0012992856339   -1.7070171750276         83.68
  12     0.0009358147902   -1.7068484708841         84.50
  13     0.0009517943302   -1.7070744115153         84.68
  14     0.0013752179443   -1.7069795093021         84.49
  15     0.0022242773287   -1.7070703315278         83.44
 MICROCYCLE DIIS UPDATE:                   16
  16     0.0002688285162   -1.7071076171648         84.41
  17     0.0001972758756   -1.7070545277152         84.09
  18     0.0002025765169   -1.7070871053344         84.49
  19     0.0002171857232   -1.7070910720576         84.63
  20     0.0002990002522   -1.7070959184628         84.29
 MICROCYCLE DIIS UPDATE:                   21
  21     0.0000843436241   -1.7071360203180         85.50
  22     0.0000616853572   -1.7071181731720         84.40
  23     0.0000586773492   -1.7071224776050         84.30
  24     0.0000725271369   -1.7071160171917         84.81
  25     0.0001113279003   -1.7071182015266         84.71
 MICROCYCLE DIIS UPDATE:                   26
  26     0.0000249993897   -1.7071139429312         84.40
  27     0.0000195164294   -1.7071129252404         84.46
  28     0.0000189057502   -1.7071154131682         85.47
  29     0.0000207075130   -1.7071161390397         84.05
  30     0.0000295029733   -1.7071164048319         83.88
 MICROCYCLE DIIS UPDATE:                   31
  31     0.0000081734750   -1.7071205368137         83.86
  32     0.0000058302042   -1.7071183976892         84.20
  33     0.0000053185490   -1.7071184962018         83.78
  34     0.0000060744094   -1.7071179340972         83.86
  35     0.0000085713526   -1.7071180305758         83.70
 MICROCYCLE DIIS UPDATE:                   36
  36     0.0000023799666   -1.7071175280387         84.66
  37     0.0000019021235   -1.7071175116094         84.56
  38     0.0000018828129   -1.7071177619078         85.18
  39     0.0000022002834   -1.7071178351380         84.81
  40     0.0000033657797   -1.7071178618038         84.81
 MICROCYCLE DIIS UPDATE:                   41
  41     0.0000007856916   -1.7071182609861         84.84
------------------------------------------------------------------
 Iterations converged
 CCSD correlation energy / hartree =        -1.707118260986144
 CCSD total energy / hartree       =     -3007.799902804972589

Time taken for spin-orbital canonical QED-CCSD: 3562.00 secs
