
ExaChem Git Information
{
 WARNING: Failed to retrieve the current git state.
}


TAMM Git Information
{
 Branch: main
 Commit Hash: e71357ad [e71357ad54f38748b4a7e175aa6760820d5ce96f]
 Commit Date: 2026-02-02 23:14:56 -0800
 Commit Message: add GitHub Actions workflow for releases
}


date: Sun Aug  9 15:57:04 2026
program: "/global/cfs/cdirs/m3196/heindelj/cavity_qed/software/install_gpu/bin/bin/ExaChem"
nnodes: 1, nproc_per_node: 4, nproc_total: 4, ngpus_per_node: 1, ngpus_total: 1

Memory information
{
[AMD EPYC 7763 64-Core Processor                ] : 
  CPU memory per node (GiB): 251
  Total CPU memory (GiB): 251
[NVIDIA A100-SXM4-80GB, CUDA v12.9] : 
  GPU memory per device (GiB): 79
  GPU memory per node (GiB): 79
  Total GPU memory (GiB): 79
}

------------------------------------------------------------

Input file provided: /global/cfs/cdirs/m4262/heindelj/cavity_qed/mlip/lambda_scans/grid_scans_optimized_geoms/runs_grid_no_freq/para_th81_ph126/para_th81_ph126_qed_ccsd_input.json

{
  "geometry": {
    "coordinates": [
      "C    -0.467454159100    1.224683981600    0.837368674500",
      "C     0.878139635700    1.238230985600    0.849721349500",
      "C     1.526505184000   -0.001525629700    0.720628584900",
      "H    -1.024929323500    2.141185034300    0.928014928600",
      "H     1.460500746800    2.142508468600    0.939820925800",
      "N     2.989101490100    0.033686587700    0.706943003900",
      "O     3.506066921200   -0.171304976200    1.769450165200",
      "O     3.474548766400    0.300333397600   -0.356797900700",
      "C    -0.462422979500   -1.252170458500    0.572154934500",
      "H    -1.011280522300   -2.178009574400    0.458511260400",
      "C     0.892758494200   -1.238351931200    0.603584701200",
      "H     1.474455129700   -2.138260548700    0.522276120100",
      "C    -1.242638473600   -0.012985819600    0.672301133700",
      "H    -2.004862230700   -0.109520541300    1.447415350800",
      "Br   -2.222569422000    0.169021502200   -1.005953605200"
    ],
    "units": "angstrom",
    "noorient": true
  },
  "common": {
    "maxiter": 100,
    "debug": false
  },
  "basis": {
    "basisset": "6-311G*"
  },
  "SCF": {
    "charge": 1,
    "multiplicity": 1,
    "lshift": 0,
    "tol_lindep": 1e-10,
    "conve": 1e-07,
    "convd": 1e-05,
    "diis_hist": 10,
    "writem": 10,
    "restart": false,
    "noscf": false,
    "scf_type": "restricted",
    "debug": false,
    "qed_omegas": [
      0.06615
    ],
    "qed_volumes": [],
    "qed_lambdas": [
      0.1
    ],
    "qed_polvecs": [
      [
        -0.5805486404630471,
        0.7990566526874577,
        0.15643446504023092
      ]
    ],
    "direct_df": false
  },
  "CD": {
    "debug": false,
    "diagtol": 1e-06
  },
  "CC": {
    "threshold": 1e-06,
    "ndiis": 5,
    "ccsd_maxiter": 200,
    "tilesize": 40,
    "freeze": {
      "atomic": true
    },
    "readt": false,
    "writet": true,
    "writet_iter": 5,
    "debug": false,
    "profile_ccsd": false,
    "balance_tiles": true
  },
  "TASK": {
    "scf": false,
    "ccsd": true
  }
}

Output folder & files prefix: para_th81_ph126_qed_ccsd_input.6-311g*

  C (carbon)
  ----------
          Exponent        Coefficients
      ----------------  --------------------
  1 S  4.56324000E+03      0.778202
  1 S  6.82024000E+02      1.448695
  1 S  1.54973000E+02      2.383089
  1 S  4.44553000E+01      3.200089
  1 S  1.30290000E+01      3.013004
  1 S  1.82773000E+00      0.247599

  2 S  2.09642000E+01      0.800629
  2 S  4.80331000E+00      2.127420
  2 S  1.45933000E+00     -0.002868

  3 P  2.09642000E+01      2.573592
  3 P  4.80331000E+00      2.408248
  3 P  1.45933000E+00      1.865281

  4 S  4.83456000E-01      0.413217

  5 P  4.83456000E-01      0.574627

  6 S  1.45585000E-01      0.167976

  7 P  1.45585000E-01      0.128185

  8 D  6.26000000E-01      0.725128


  H (hydrogen)
  ------------
          Exponent        Coefficients
      ----------------  --------------------
  1 S  3.38650000E+01      0.255069
  1 S  5.09479000E+00      0.460109
  1 S  1.15879000E+00      0.678321

  2 S  3.25840000E-01      0.307371

  3 S  1.02741000E-01      0.129336


  N (nitrogen)
  ------------
          Exponent        Coefficients
      ----------------  --------------------
  1 S  6.29348000E+03      0.991968
  1 S  9.49044000E+02      1.823240
  1 S  2.18776000E+02      2.979891
  1 S  6.36916000E+01      4.000007
  1 S  1.88282000E+01      3.881008
  1 S  2.72023000E+00      0.386764

  2 S  3.06331000E+01      1.038501
  2 S  7.02614000E+00      2.834794
  2 S  2.11205000E+00     -0.003208

  3 P  3.06331000E+01      3.935616
  3 P  7.02614000E+00      3.870994
  3 P  2.11205000E+00      2.967271

  4 S  6.84009000E-01      0.536051

  5 P  6.84009000E-01      0.886681

  6 S  2.00878000E-01      0.213850

  7 P  2.00878000E-01      0.191693

  8 D  9.13000000E-01      1.403568


  O (oxygen)
  ----------
          Exponent        Coefficients
      ----------------  --------------------
  1 S  8.58850000E+03      1.205013
  1 S  1.29723000E+03      2.216205
  1 S  2.99296000E+02      3.627452
  1 S  8.73771000E+01      4.888452
  1 S  2.56789000E+01      4.835721
  1 S  3.74004000E+00      0.538229

  2 S  4.21175000E+01      1.341958
  2 S  9.62837000E+00      3.587114
  2 S  2.85332000E+00     -0.005123

  3 P  4.21175000E+01      5.584018
  3 P  9.62837000E+00      5.733366
  3 P  2.85332000E+00      4.332955

  4 S  9.05661000E-01      0.661659

  5 P  9.05661000E-01      1.259352

  6 S  2.55611000E-01      0.256209

  7 P  2.55611000E-01      0.259068

  8 D  1.29200000E+00      2.577026


  Br (bromine)
  ------------
          Exponent        Coefficients
      ----------------  --------------------
  1 S  4.39700000E+05      9.893706
  1 S  6.60300000E+04     18.450679
  1 S  1.51400000E+04     31.049770
  1 S  4.31700000E+03     48.888138
  1 S  1.41400000E+03     64.847798
  1 S  5.23900000E+02     42.245010

  2 S  5.23900000E+02     14.290679
  2 S  2.07700000E+02     24.083128
  2 S  8.65400000E+01      5.132542

  3 S  3.05200000E+01      9.254405

  4 S  1.29800000E+01      4.873782

  5 S  4.41200000E+00      2.169635

  6 S  1.86200000E+00      1.136043

  7 S  3.93200000E-01      0.353892

  8 S  1.40000000E-01      0.163120

  9 P  2.95700000E+03    691.874478
  9 P  7.00300000E+02    925.332763
  9 P  2.24600000E+02   1068.830732

  10 P  8.25900000E+01    122.079275
  10 P  3.31900000E+01     57.580687
  10 P  1.42000000E+01     10.176170

  11 P  1.42000000E+01      3.129736
  11 P  7.43800000E+00      6.538168
  11 P  3.52600000E+00      4.166276

  12 P  1.59500000E+00      2.555000

  13 P  8.46200000E-01      1.156861

  14 P  3.18600000E-01      0.341191

  15 P  1.09600000E-01      0.089888

  16 D  1.34800000E+02    160.709187
  16 D  3.63900000E+01    119.797406
  16 D  1.21600000E+01     55.531619
  16 D  4.34100000E+00     12.984636

  17 D  1.53500000E+00      3.484168

  18 D  4.51000000E-01      0.408525



Printing Internal Coordinates

------------------------------------------------------------
                Bond Lengths

i      j        Length (Angstroms)     Length (Bohr)
0      1          1.3457186818         2.5430397511
0      3          1.0765544491         2.0343930685
0      12         1.4696885899         2.7773089253
1      2          1.4050050859         2.6550748178
1      4          1.0793424682         2.0396616609
2      5          1.4630841227         2.7648282910
2      10         1.3946588965         2.6355233535
5      6          1.1992482087         2.2662506714
5      7          1.1992932466         2.2663357808
8      9          1.0822834913         2.0452193891
8      10         1.3556163206         2.5617435777
8      12         1.4677683904         2.7736802740
10     11         1.0746243906         2.0307457865
12     13         1.0913780545         2.0624056229
12     14         1.9519042747         3.6885645031

Number of Bonds: 15

------------------------------------------------------------
           Bond Angles

i      j      k      Angle (degrees)
0      1      2        116.8528 
0      1      4        123.2780 
0      12     8        115.9936 
0      12     13       111.2903 
0      12     14       106.4299 
1      0      3        120.5601 
1      0      12       122.4734 
1      2      5        116.1637 
1      2      10       125.4887 
2      1      4        119.8645 
2      5      6        114.7418 
2      5      7        114.7267 
2      10     8        117.7264 
2      10     11       120.2003 
3      0      12       116.9528 
5      2      10       118.3474 
6      5      7        130.4929 
8      10     11       122.0621 
8      12     13       110.1836 
8      12     14       106.6740 
9      8      10       121.2063 
9      8      12       117.3753 
10     8      12       121.4133 
13     12     14       105.5612 

Number of Angles: 24

------------------------------------------------------------
              Torsional Angles

i      j      k      l      Angle (degrees)
3      0      1      2       -179.7447 
4      1      0      3         -0.5399 
8      10     2      1          2.0190 
9      8      10     2        178.4973 
10     2      1      0         -1.1087 
10     2      1      4        179.6579 
11     10     2      1       -179.1765 
11     10     8      9         -0.2836 

Number of Torsional Angles: 8


----------------------------------------------------------------------
                          Center of Mass

         x               y               z              Unit
  -0.05777411715   0.07585413956   0.03696057859      Angstrom
   -0.1091772586    0.1433435493   0.06984537099          Bohr

----------------------------------------------------------------------
                Moment of Inertia Tensor

           987.061           72.8728           -1059.3
           72.8728           4181.73           40.7039
           -1059.3           40.7039           3875.36

----------------------------------------------------------------------
                      Principal Moments of Inertia

           x                 y                 z                Unit
       178.7467662       1169.916318       1183.955998       amu * ang^2
       638.3162905       4177.847018       4227.983624      amu * bohr^2
  2.9681619093e-38  1.9426930765e-37  1.9660065290e-37          g * cm^2

 - Molecule is an asymmetric top.

----------------------------------------------------------------------

         Rotational constants (MHz)

    A = 2.8273e+03        B = 4.3198e+02        C = 4.2686e+02

----------------------------------------------------------------------

        Rotational constants (cm-1)

    A = 9.4310e-02        B = 1.4409e-02        C = 1.4238e-02

----------------------------------------------------------------------

                                Z-Matrix
C   
C        1       2.5430398
C        2       2.6550748     1       116.85277
H        3      6.30841307     2     22.36501807     1          0.1863
H        4      4.69683579     3     40.21267774     2          0.5558
N        5      4.94154605     4    125.71136129     3          0.6485
O        6      2.26625067     5    108.11567433     4       -109.1921
O        7      4.11611979     6     24.75404841     5       -117.8998
C        8      8.18776442     7     74.11365735     6        -14.9661
H        9      2.04521939     8    138.14282612     7       -101.5485
C       10      4.02177380     9     33.01126237     8         24.0611
H       11      2.03074579    10     96.27992800     9        179.7582
C       12      6.52486552    11     19.14397009    10          0.4936
H       13      2.06240562    12    121.73594574    11       -119.9402
Br      14      4.68408231    13     49.34116895    12       -132.7563

----------------------------------------------------------------------

             Converted back to Cartesian

C        0.000000      0.000000      0.000000
C        0.000000      0.000000      2.543040
C        0.000000      0.094488     -0.110353
H       -0.000002     -0.172960      6.192388
H       -0.000007      0.083631      1.502566
N       -0.000018     -0.375032      6.422780
O        0.002475     -0.090539      4.174459
O       -0.001973     -0.638033      8.254002
C        0.007235      0.633953      0.165649
H        0.007432      0.231546      2.170890
C        0.005577      1.062435     -1.764118
H        0.005416      0.584812      0.209662
C        0.006627      2.156381     -6.123113
H        0.007641      1.585776     -4.141214
Br       0.006899      2.949209     -8.622472

----------------------------------------------------------------------
                       Geometry in bohr 

1     C      -0.8833603371    2.3143173160    1.5823974612
2     C       1.6594434118    2.3399174434    1.6057406339
3     C       2.8846767275   -0.0028830223    1.3617906640
4     H      -1.9368357198    4.0462532997    1.7536940558
5     H       2.7599464181    4.0487542281    1.7760041572
6     N       5.6485831788    0.0636584249    1.3359286640
7     O       6.6255062602   -0.3237194890    3.3437762057
8     O       6.5659455796    0.5675478679   -0.6742503146
9     C      -0.8738527856   -2.3662592295    1.0812161278
10    H      -1.9110432236   -4.1158415952    0.8664607078
11    C       1.6870690506   -2.3401459975    1.1406097791
12    H       2.7863163801   -4.0407268229    0.9869588291
13    C      -2.3482463886   -0.0245396426    1.2704650168
14    H      -3.7886405362   -0.2069638282    2.7352186034
15    Br     -4.2000475034    0.3194043485   -1.9009768092

 Number of nodes, processes per node used for SCF calculation: 1, 4

Common Options
{
  maxiter       = 100
  basis         = 6-311g* spherical
  geom_units    = angstrom
  ang2au factor = 1.889726126
  debug         = false
  file_prefix   = para_th81_ph126_qed_ccsd_input
}

SCF Options
{
  charge            = 1
  multiplicity      = 1
  level shift       = 0
  tol_int           = 1e-22
  tol_sch           = 1e-12
  tol_lindep        = 1e-10
  conve             = 1e-07
  convd             = 1e-05
  diis_hist         = 10
  AO_tilesize       = 30
  writem            = 10
  damp              = 100
  n_lindep          = 0
  scf_type          = restricted
  cuscf             = false
  qed_omegas        = [0.06615,]
  qed_lambdas       = [0.1,]
  qed_polvecs       = [[-0.5805486405,0.7990566527,0.156434465,],]
  direct_df         = false
  restart_size      = 2000
  restart           = false
  debug             = false
}

Number of basis functions = 221

Total number of shells = 105

Total number of electrons = 98
  # of alpha electrons    = 49
  # of beta electons      = 49

Nuclear repulsion energy  = 737.869111135211

# of {all,non-negligible} shell-pairs = {5565,4901}
Number of AO tiles = 105

Time for initial setup: 0.02 secs
HF exch = 1.00

Time for computing 1-e integrals T, V, S: 0.01 secs
Time for computing orthogonalizer: 0.01 secs

Superposition of Atomic Density Guess ...
Time taken for SAD: 0.33 secs
Total Time to compute initial guess: 0.33 secs


 SCF iterations
-----------------------------------------------------------------------------
 Iter     Energy            E-Diff       RMSD        |[F,P]|^2       Time(s)
-----------------------------------------------------------------------------
   1  -3011.8057596638    -3.01e+03     1.65e-02     1.51e+03         0.6 
   2  -3005.7671801238     6.04e+00     6.46e-03     8.67e+00         2.1 
   3  -3006.0004907823    -2.33e-01     2.39e-03     3.40e+00         2.1 
   4  -3006.0967669936    -9.63e-02     1.13e-03     1.18e-01         2.1 
   5  -3006.1035158152    -6.75e-03     2.51e-04     1.21e-02         2.1 
   6  -3006.1041457619    -6.30e-04     1.54e-04     1.49e-03         2.1 
   7  -3006.1042913606    -1.46e-04     6.16e-05     2.01e-04         2.1 
   8  -3006.1043131133    -2.18e-05     1.54e-05     1.86e-05         2.1 
   9  -3006.1043153070    -2.19e-06     7.02e-06     4.08e-06         2.2 
  10  -3006.1043157900    -4.83e-07     4.02e-06     8.71e-07         2.1 
  11  -3006.1043159353    -1.45e-07     2.22e-06     2.28e-07         2.2 
  12  -3006.1043159757    -4.04e-08     1.27e-06     6.38e-08         2.2 

** Total SCF energy = -3006.1043159757128

Nuclear repulsion energy = 737.869111135211142
#electrons        = 98
1e energy kinetic = 3006.2357881506186459
1e energy N-e     = -8628.6120572327436093
1e energy         = -5618.9306332713767915
2e energy         = 1878.2099785345762939
QED energy        = 0.1928634366218640
QED eT energy     = 0.1732724346203363
QED eT energy from matrix = 0.1732724346203405

 Polarizability Matrix (QED energy = 0.5 * lambda.dot(matrix * lambda))
[42.62624808,  0.65578293,  1.73695526]
[ 0.65578293, 38.10536573, -0.79177985]
[ 1.73695526, -0.79177985, 40.78110802]

 Polarizability Matrix (QED eT energy = 0.5 * lambda.dot(matrix * lambda))
[39.24382256,  0.64863587,  2.05722461]
[ 0.64863587, 34.02857605, -0.90777393]
[ 2.05722461, -0.90777393, 36.91284425]


                      Electron        Nuclear        Total  
                  ------------------------------------------
    Monopole         -98.000000     99.000000      1.000000

      Dipole   X      -9.944614      8.734156     -1.210459
      Dipole   Y     -13.026559     12.829305     -0.197255
      Dipole   Z     -19.183584     20.545174      1.361590

  Quadrupole  XX   -1748.691106   1699.846402    -48.844703
  Quadrupole  XY      30.560010    -31.008107     -0.448097
  Quadrupole  XZ    -486.348242    485.470269     -0.877972
  Quadrupole  YY    -242.956783    204.533441    -38.423343
  Quadrupole  YZ      14.695724    -13.270350      1.425374
  Quadrupole  ZZ    -362.722990    313.618159    -49.104831

    Octupole XXX   -3497.291949   3348.154556   -149.137393
    Octupole XXY    -294.295169    287.865701     -6.429467
    Octupole XXZ    -336.585452    304.994637    -31.590815
    Octupole XYY    -105.581360     86.321829    -19.259531
    Octupole XYZ     -18.108249     23.861424      5.753175
    Octupole XZZ    -217.060664    160.335228    -56.725436
    Octupole YYY     -11.534149     -5.902051    -17.436201
    Octupole YYZ    -268.575660    260.459589     -8.116072
    Octupole YZZ     -66.787610     66.777599     -0.010012
    Octupole ZZZ    -286.592524    198.521128    -88.071396

writing orbitals and density to disk ... done.

Total Time taken for Hartree-Fock: 25.22 secs

CD Options
{
  debug             = false
  skip_cd           = [false, 100]
  write_cv          = [false, 5000]
  diagtol           = 1e-06
  itilesize         = 1000
  max_cvecs_factor  = 12
}

- #occupied, #virtual = 98, 344

- Tilesize for the MSO space: 40

-----------------------------------------------------
Begin 2-index transformation ... 

nAO, nMO, nelectrons = 221, 442, 98
n_occ_alpha, n_vir_alpha, n_occ_beta, n_vir_beta = 49,172,49,172

Time taken for Fao->Fmo transform: 0.00 secs

-----------------------------------------------------
Number of AO tiles = 105
# of {all,non-negligible} shell-pairs = {5565,4901}

    Begin Cholesky Decomposition
---------------------------------------------
Total # of mpi ranks used for Cholesky decomposition: 4
  --> Number of nodes, mpi ranks per node: 1, 4
- CPU memory required for computing cholesky vectors: 1.93 GiB

- Time for computing the diagonal: 0.01 secs

- Total number of cholesky vectors = 1639

- Time to compute cholesky vectors: 15.13 secs

- CPU memory required for resizing the ao cholesky tensor: 1.56 GiB
- CPU memory required for ao2mo transformation: 1.69 GiB
- CPU memory required for the 2-step contraction: 2.10 GiB

- Time for ao to mo transform: 1.52 secs

   End Cholesky Decomposition
---------------------------------------------

Total Time taken for Cholesky Decomposition: 18.50 secs

scf_type = restricted
Closed-Shell SCF
QED-HF Enabled
nbf = 203
nbf_orig = 221
n_lindep = 0
focc = 1
nmo = 406
nocc = 62
nvir = 344
n_occ_alpha = 31
n_vir_alpha = 172
n_occ_beta = 31
n_vir_beta = 172
nelectrons = 98
nelectrons_alpha = 49
nelectrons_beta = 49
freeze atomic = true
n_frozen_core = 18
n_frozen_virtual = 0
----------------------------
--------- QED-CCSD --------
lambda_x: -0.0581
lambda_y: 0.0799
lambda_z: 0.0156
omega: 0.066150
coupling_factor_x: -0.010558
coupling_factor_y: 0.014532
coupling_factor_z: 0.002845
----------------------------
# of {all,non-negligible} shell-pairs = {5565,4901}
Number of AO tiles = 105
----------------------------
Electronic dipole expectation value using SCF density: 
dipole_x_elec: -9.94455338
dipole_y_elec: -13.02671183
dipole_z_elec: -19.18365750

d_n/N value: d_n is nuclear dipole moment and N is the total number of electrons 
d_nuc_x: 0.08912404
d_nuc_y: 0.13091127
d_nuc_z: 0.20964463

<d_e+d_n> expectation values: 
dipole_total_x: -1.21039764
dipole_total_y: -0.19740714
dipole_total_z: 1.36151640
----------------------------


 CCSD iterations
------------------------------------------------------------
  Iter     Residuum          Correlation          Time(s)
------------------------------------------------------------
   1     1.1851790669757    0.0000000000000         83.77
   2     0.1676026144703   -1.6395207022429         82.89
   3     0.0694415512237   -1.6287373413433         82.59
   4     0.0256042606383   -1.6969776176287         83.01
   5     0.0227065025952   -1.6889788594070         82.71
 MICROCYCLE DIIS UPDATE:                    6
   6     0.0086537174280   -1.7005435146651         82.24
   7     0.0058823193590   -1.7002529207227         82.27
   8     0.0041763694129   -1.7019516331197         82.27
   9     0.0031872473144   -1.7021691992933         82.46
  10     0.0034067197315   -1.7026125615339         82.96
 MICROCYCLE DIIS UPDATE:                   11
  11     0.0008444517487   -1.7033133581658         82.78
  12     0.0006076272459   -1.7033422107819         82.89
  13     0.0004626490990   -1.7033698200050         82.73
  14     0.0004229673407   -1.7033367775155         82.84
  15     0.0003896226040   -1.7033657492217         82.82
 MICROCYCLE DIIS UPDATE:                   16
  16     0.0001311476974   -1.7033376365359         83.95
  17     0.0000822271336   -1.7033664326088         82.99
  18     0.0000818750857   -1.7033798708508         82.85
  19     0.0000942262588   -1.7033901888574         82.77
  20     0.0001216341342   -1.7033922127033         82.63
 MICROCYCLE DIIS UPDATE:                   21
  21     0.0000191369277   -1.7034051832042         82.68
  22     0.0000164111647   -1.7034024880593         82.65
  23     0.0000112313956   -1.7034030299168         82.86
  24     0.0000119734988   -1.7034019894110         82.68
  25     0.0000102260671   -1.7034028015198         82.67
 MICROCYCLE DIIS UPDATE:                   26
  26     0.0000038043104   -1.7034019008139         82.65
  27     0.0000022220142   -1.7034025419215         82.70
  28     0.0000021065630   -1.7034028987174         82.87
  29     0.0000021365952   -1.7034031712008         83.10
  30     0.0000027673951   -1.7034032403027         82.84
 MICROCYCLE DIIS UPDATE:                   31
  31     0.0000005786012   -1.7034035765180         82.91
------------------------------------------------------------------
 Iterations converged
 CCSD correlation energy / hartree =        -1.703403576517991
 CCSD total energy / hartree       =     -3007.807719552230992

Time taken for spin-orbital canonical QED-CCSD: 2635.60 secs
