
ExaChem Git Information
{
 WARNING: Failed to retrieve the current git state.
}


TAMM Git Information
{
 Branch: main
 Commit Hash: e71357ad [e71357ad54f38748b4a7e175aa6760820d5ce96f]
 Commit Date: 2026-02-02 23:14:56 -0800
 Commit Message: add GitHub Actions workflow for releases
}


date: Sun Aug  9 19:06:51 2026
program: "/global/cfs/cdirs/m3196/heindelj/cavity_qed/software/install_gpu/bin/bin/ExaChem"
nnodes: 1, nproc_per_node: 4, nproc_total: 4, ngpus_per_node: 1, ngpus_total: 1

Memory information
{
[AMD EPYC 7763 64-Core Processor                ] : 
  CPU memory per node (GiB): 251
  Total CPU memory (GiB): 251
[NVIDIA A100-SXM4-80GB, CUDA v12.9] : 
  GPU memory per device (GiB): 79
  GPU memory per node (GiB): 79
  Total GPU memory (GiB): 79
}

------------------------------------------------------------

Input file provided: /global/cfs/cdirs/m4262/heindelj/cavity_qed/mlip/lambda_scans/grid_scans_optimized_geoms/runs_grid_no_freq/para_th27_ph90/para_th27_ph90_qed_ccsd_input.json

{
  "geometry": {
    "coordinates": [
      "C    -0.479759982600    1.235004212900    0.597708238300",
      "C     0.876494755400    1.250157147600    0.678248353400",
      "C     1.531163061100    0.019083672300    0.718726534300",
      "H    -1.048478146200    2.154699908700    0.581074052400",
      "H     1.452566955000    2.162955382300    0.702153693100",
      "N     3.021369663200    0.047573899800    0.848753627600",
      "O     3.528576811100   -0.948256300900    1.290093807000",
      "O     3.555497498400    1.065036079600    0.497591025200",
      "C    -0.442010009700   -1.254029151200    0.526377937800",
      "H    -0.978670807700   -2.189628307100    0.451555275400",
      "C     0.912225570700   -1.231588968200    0.647288132900",
      "H     1.515719536100   -2.126728918700    0.683935350000",
      "C    -1.232281997400   -0.020769821700    0.573582280800",
      "H    -1.749091897800   -0.083384874100    1.544796263700",
      "Br   -2.697401759400    0.067396516100   -0.676444954000"
    ],
    "units": "angstrom",
    "noorient": true
  },
  "common": {
    "maxiter": 100,
    "debug": false
  },
  "basis": {
    "basisset": "6-311G*"
  },
  "SCF": {
    "charge": 1,
    "multiplicity": 1,
    "lshift": 0,
    "tol_lindep": 1e-10,
    "conve": 1e-07,
    "convd": 1e-05,
    "diis_hist": 10,
    "writem": 10,
    "restart": false,
    "noscf": false,
    "scf_type": "restricted",
    "debug": false,
    "qed_omegas": [
      0.06615
    ],
    "qed_volumes": [],
    "qed_lambdas": [
      0.1
    ],
    "qed_polvecs": [
      [
        2.779890061746716e-17,
        0.45399049973954675,
        0.8910065241883679
      ]
    ],
    "direct_df": false
  },
  "CD": {
    "debug": false,
    "diagtol": 1e-06
  },
  "CC": {
    "threshold": 1e-06,
    "ndiis": 5,
    "ccsd_maxiter": 200,
    "tilesize": 40,
    "freeze": {
      "atomic": true
    },
    "readt": false,
    "writet": true,
    "writet_iter": 5,
    "debug": false,
    "profile_ccsd": false,
    "balance_tiles": true
  },
  "TASK": {
    "scf": false,
    "ccsd": true
  }
}

Output folder & files prefix: para_th27_ph90_qed_ccsd_input.6-311g*

  C (carbon)
  ----------
          Exponent        Coefficients
      ----------------  --------------------
  1 S  4.56324000E+03      0.778202
  1 S  6.82024000E+02      1.448695
  1 S  1.54973000E+02      2.383089
  1 S  4.44553000E+01      3.200089
  1 S  1.30290000E+01      3.013004
  1 S  1.82773000E+00      0.247599

  2 S  2.09642000E+01      0.800629
  2 S  4.80331000E+00      2.127420
  2 S  1.45933000E+00     -0.002868

  3 P  2.09642000E+01      2.573592
  3 P  4.80331000E+00      2.408248
  3 P  1.45933000E+00      1.865281

  4 S  4.83456000E-01      0.413217

  5 P  4.83456000E-01      0.574627

  6 S  1.45585000E-01      0.167976

  7 P  1.45585000E-01      0.128185

  8 D  6.26000000E-01      0.725128


  H (hydrogen)
  ------------
          Exponent        Coefficients
      ----------------  --------------------
  1 S  3.38650000E+01      0.255069
  1 S  5.09479000E+00      0.460109
  1 S  1.15879000E+00      0.678321

  2 S  3.25840000E-01      0.307371

  3 S  1.02741000E-01      0.129336


  N (nitrogen)
  ------------
          Exponent        Coefficients
      ----------------  --------------------
  1 S  6.29348000E+03      0.991968
  1 S  9.49044000E+02      1.823240
  1 S  2.18776000E+02      2.979891
  1 S  6.36916000E+01      4.000007
  1 S  1.88282000E+01      3.881008
  1 S  2.72023000E+00      0.386764

  2 S  3.06331000E+01      1.038501
  2 S  7.02614000E+00      2.834794
  2 S  2.11205000E+00     -0.003208

  3 P  3.06331000E+01      3.935616
  3 P  7.02614000E+00      3.870994
  3 P  2.11205000E+00      2.967271

  4 S  6.84009000E-01      0.536051

  5 P  6.84009000E-01      0.886681

  6 S  2.00878000E-01      0.213850

  7 P  2.00878000E-01      0.191693

  8 D  9.13000000E-01      1.403568


  O (oxygen)
  ----------
          Exponent        Coefficients
      ----------------  --------------------
  1 S  8.58850000E+03      1.205013
  1 S  1.29723000E+03      2.216205
  1 S  2.99296000E+02      3.627452
  1 S  8.73771000E+01      4.888452
  1 S  2.56789000E+01      4.835721
  1 S  3.74004000E+00      0.538229

  2 S  4.21175000E+01      1.341958
  2 S  9.62837000E+00      3.587114
  2 S  2.85332000E+00     -0.005123

  3 P  4.21175000E+01      5.584018
  3 P  9.62837000E+00      5.733366
  3 P  2.85332000E+00      4.332955

  4 S  9.05661000E-01      0.661659

  5 P  9.05661000E-01      1.259352

  6 S  2.55611000E-01      0.256209

  7 P  2.55611000E-01      0.259068

  8 D  1.29200000E+00      2.577026


  Br (bromine)
  ------------
          Exponent        Coefficients
      ----------------  --------------------
  1 S  4.39700000E+05      9.893706
  1 S  6.60300000E+04     18.450679
  1 S  1.51400000E+04     31.049770
  1 S  4.31700000E+03     48.888138
  1 S  1.41400000E+03     64.847798
  1 S  5.23900000E+02     42.245010

  2 S  5.23900000E+02     14.290679
  2 S  2.07700000E+02     24.083128
  2 S  8.65400000E+01      5.132542

  3 S  3.05200000E+01      9.254405

  4 S  1.29800000E+01      4.873782

  5 S  4.41200000E+00      2.169635

  6 S  1.86200000E+00      1.136043

  7 S  3.93200000E-01      0.353892

  8 S  1.40000000E-01      0.163120

  9 P  2.95700000E+03    691.874478
  9 P  7.00300000E+02    925.332763
  9 P  2.24600000E+02   1068.830732

  10 P  8.25900000E+01    122.079275
  10 P  3.31900000E+01     57.580687
  10 P  1.42000000E+01     10.176170

  11 P  1.42000000E+01      3.129736
  11 P  7.43800000E+00      6.538168
  11 P  3.52600000E+00      4.166276

  12 P  1.59500000E+00      2.555000

  13 P  8.46200000E-01      1.156861

  14 P  3.18600000E-01      0.341191

  15 P  1.09600000E-01      0.089888

  16 D  1.34800000E+02    160.709187
  16 D  3.63900000E+01    119.797406
  16 D  1.21600000E+01     55.531619
  16 D  4.34100000E+00     12.984636

  17 D  1.53500000E+00      3.484168

  18 D  4.51000000E-01      0.408525



Printing Internal Coordinates

------------------------------------------------------------
                Bond Lengths

i      j        Length (Angstroms)     Length (Bohr)
0      1          1.3587285365         2.5676248135
0      3          1.0814606875         2.0436645153
0      12         1.4641857364         2.7669100392
1      2          1.3949089487         2.6359958836
1      4          1.0796440440         2.0402315566
2      5          1.4961398514         2.8272945652
2      10         1.3972720265         2.6404614534
5      6          1.2015481819         2.2705969909
5      7          1.2015976885         2.2706905448
8      9          1.0811794594         2.0431330712
8      10         1.3598076497         2.5696640419
8      12         1.4654987678         2.7693913089
10     11         1.0801960543         2.0412747050
12     13         1.1019390721         2.0823630536
12     14         1.9279308359         3.6432612695

Number of Bonds: 15

------------------------------------------------------------
           Bond Angles

i      j      k      Angle (degrees)
0      1      2        117.4097 
0      1      4        122.9117 
0      12     8        116.4315 
0      12     13       105.9773 
0      12     14       111.2254 
1      0      3        121.0877 
1      0      12       121.5712 
1      2      5        116.9480 
1      2      10       125.4910 
2      1      4        119.6761 
2      5      6        115.8868 
2      5      7        115.6885 
2      10     8        117.4170 
2      10     11       119.5068 
3      0      12       117.3123 
5      2      10       117.5610 
6      5      7        128.4248 
8      10     11       123.0753 
8      12     13       103.5021 
8      12     14       115.3027 
9      8      10       120.9818 
9      8      12       117.5667 
10     8      12       121.3517 
13     12     14       102.5707 

Number of Angles: 24

------------------------------------------------------------
              Torsional Angles

i      j      k      l      Angle (degrees)
3      0      1      2        178.8676 
4      1      0      3         -1.7087 
8      10     2      1          0.0892 
8      12     0      1         -5.0007 
8      12     0      3        176.9282 
9      8      10     2        179.0875 
9      8      12     0       -176.6235 
10     2      1      0          1.8248 
10     2      1      4       -177.6183 
10     8      12     0          6.9750 
11     10     2      1        179.7596 
11     10     8      9         -0.5702 
12     0      1      2          0.8688 
12     0      1      4       -179.7075 
12     8      10     2         -4.6334 
12     8      10     11       175.7089 
13     12     0      1        109.4265 
13     12     0      3        -68.6446 
13     12     8      9         67.5604 
13     12     8      10      -108.8412 
14     12     0      1       -139.8374 
14     12     0      3         42.0915 
14     12     8      9        -43.6073 
14     12     8      10       139.9911 

Number of Torsional Angles: 24


----------------------------------------------------------------------
                          Center of Mass

         x               y               z              Unit
    -0.230470401   0.03849110372     0.174022501      Angstrom
    -0.435525938   0.07273764431    0.3288548667          Bohr

----------------------------------------------------------------------
                Moment of Inertia Tensor

           817.301           13.7549          -1078.39
           13.7549           4583.29           49.1398
          -1078.39           49.1398           4662.69

----------------------------------------------------------------------
                      Principal Moments of Inertia

           x                 y                 z                Unit
       149.9178011       1282.014509       1386.075597       amu * ang^2
       535.3661869       4578.156926       4949.765818      amu * bohr^2
  2.4894453536e-38  2.1288366293e-37  2.3016342491e-37          g * cm^2

 - Molecule is an asymmetric top.

----------------------------------------------------------------------

         Rotational constants (MHz)

    A = 3.3710e+03        B = 3.9421e+02        C = 3.6461e+02

----------------------------------------------------------------------

        Rotational constants (cm-1)

    A = 1.1245e-01        B = 1.3149e-02        C = 1.2162e-02

----------------------------------------------------------------------

                                Z-Matrix
C   
C        1       2.5676248
C        2       2.6359959     1        117.4097
H        3      6.33392495     2     22.37271528     1         -0.8221
H        4      4.73185121     3     39.77018654     2         -0.1553
N        5      4.98453454     4    126.44889807     3         -1.5652
O        6      2.27059699     5    159.41496725     4        -65.0029
O        7      4.08903356     6     25.78818525     5       -123.2086
C        8      8.73351164     7     61.31946467     6         -6.6668
H        9      2.04313307     8    149.67031782     7        -32.9543
C       10      4.02278258     9     33.20551693     8         11.0962
H       11      2.04127470    10     97.26371183     9        179.5183
C       12      6.54586344    11     18.53769563    10         -5.1282
H       13      2.08236305    12    108.02566277    11       -111.0017
Br      14      4.57295729    13     51.04124389    12       -140.7457

----------------------------------------------------------------------

             Converted back to Cartesian

C        0.000000      0.000000      0.000000
C        0.000000      0.000000      2.567625
C        0.000000      0.094256     -0.066685
H        0.000011     -0.175362      6.261499
H       -0.000009      0.083317      1.536723
N        0.000142     -0.380636      6.499619
O        0.002181     -0.059821      4.251801
O       -0.000898     -0.669339      8.295150
C        0.003001      0.793545     -0.314970
H        0.004553      0.359900      1.681612
C        0.000284      1.253417     -2.240682
H        0.000946      0.741278     -0.264697
C       -0.000199      2.419325     -6.591820
H        0.000669      1.819575     -4.597694
Br       0.001287      3.204533     -8.955886

----------------------------------------------------------------------
                       Geometry in bohr 

1     C      -0.9066149733    2.3338197267    1.1295048736
2     C       1.6563350385    2.3624546233    1.2817036333
3     C       2.8934788396    0.0360629141    1.3581963092
4     H      -1.9813365453    4.0717927110    1.0980708179
5     H       2.7449537245    4.0873932951    1.3268781783
6     N       5.7095611886    0.0899016414    1.6039119045
7     O       6.6680437872   -1.7919447059    2.4379239720
8     O       6.7189165133    2.0126265047    0.9403107603
9     C      -0.8352778632   -2.3697716497    0.9947101412
10    H      -1.8494197940   -4.1377978180    0.8533158012
11    C       1.7238564937   -2.3273658496    1.2231972957
12    H       2.8642948069   -4.0189352004    1.2924504993
13    C      -2.3286754850   -0.0392492747    1.0839134214
14    H      -3.3053046559   -0.1575745751    2.9192418587
15    Br     -5.0973505768    0.1273609573   -1.2782957023

 Number of nodes, processes per node used for SCF calculation: 1, 4

Common Options
{
  maxiter       = 100
  basis         = 6-311g* spherical
  geom_units    = angstrom
  ang2au factor = 1.889726126
  debug         = false
  file_prefix   = para_th27_ph90_qed_ccsd_input
}

SCF Options
{
  charge            = 1
  multiplicity      = 1
  level shift       = 0
  tol_int           = 1e-22
  tol_sch           = 1e-12
  tol_lindep        = 1e-10
  conve             = 1e-07
  convd             = 1e-05
  diis_hist         = 10
  AO_tilesize       = 30
  writem            = 10
  damp              = 100
  n_lindep          = 0
  scf_type          = restricted
  cuscf             = false
  qed_omegas        = [0.06615,]
  qed_lambdas       = [0.1,]
  qed_polvecs       = [[2.779890062e-17,0.4539904997,0.8910065242,],]
  direct_df         = false
  restart_size      = 2000
  restart           = false
  debug             = false
}

Number of basis functions = 221

Total number of shells = 105

Total number of electrons = 98
  # of alpha electrons    = 49
  # of beta electons      = 49

Nuclear repulsion energy  = 724.475489663805

# of {all,non-negligible} shell-pairs = {5565,4850}
Number of AO tiles = 105

Time for initial setup: 0.03 secs
HF exch = 1.00

Time for computing 1-e integrals T, V, S: 0.01 secs
Time for computing orthogonalizer: 0.01 secs

Superposition of Atomic Density Guess ...
Time taken for SAD: 0.30 secs
Total Time to compute initial guess: 0.30 secs


 SCF iterations
-----------------------------------------------------------------------------
 Iter     Energy            E-Diff       RMSD        |[F,P]|^2       Time(s)
-----------------------------------------------------------------------------
   1  -3011.7221317384    -3.01e+03     1.69e-02     1.50e+03         0.6 
   2  -3005.8283713205     5.89e+00     6.84e-03     7.55e+00         2.0 
   3  -3006.0037675590    -1.75e-01     2.82e-03     3.90e+00         2.0 
   4  -3006.1140347669    -1.10e-01     1.18e-03     1.08e-01         2.0 
   5  -3006.1197067159    -5.67e-03     2.47e-04     1.20e-02         2.0 
   6  -3006.1202825112    -5.76e-04     1.63e-04     1.23e-03         2.1 
   7  -3006.1204099305    -1.27e-04     7.38e-05     1.88e-04         2.1 
   8  -3006.1204345582    -2.46e-05     2.49e-05     3.13e-05         2.1 
   9  -3006.1204382435    -3.69e-06     1.01e-05     6.37e-06         2.1 
  10  -3006.1204388796    -6.36e-07     4.02e-06     1.44e-06         2.1 
  11  -3006.1204389891    -1.09e-07     1.80e-06     1.38e-07         2.1 
  12  -3006.1204390030    -1.40e-08     6.00e-07     1.07e-08         2.1 

** Total SCF energy = -3006.1204390030407

Nuclear repulsion energy = 724.475489663804751
#electrons        = 98
1e energy kinetic = 3006.1707983902069827
1e energy N-e     = -8602.1099466007908632
1e energy         = -5594.8464292449016284
2e energy         = 1865.1644005420064332
QED energy        = 0.1788190017341199
QED eT energy     = 0.1542043703943840
QED eT energy from matrix = 0.1542043703943857

 Polarizability Matrix (QED energy = 0.5 * lambda.dot(matrix * lambda))
[43.76156888, -0.06603928,  1.66293454]
[-0.06603928, 42.71868005, -1.78420791]
[ 1.66293454, -1.78420791, 35.77639969]

 Polarizability Matrix (QED eT energy = 0.5 * lambda.dot(matrix * lambda))
[40.52254329, -0.06818275,  2.14819849]
[-0.06818275, 39.37135738, -2.10890110]
[ 2.14819849, -2.10890110, 30.77530013]


                      Electron        Nuclear        Total  
                  ------------------------------------------
    Monopole         -98.000000     99.000000      1.000000

      Dipole   X      18.433140    -19.652860     -1.219720
      Dipole   Y      -6.693251      6.672981     -0.020270
      Dipole   Z     -42.184894     43.430223      1.245329

  Quadrupole  XX   -2064.032654   2014.639540    -49.393113
  Quadrupole  XY       6.596648     -6.962185     -0.365537
  Quadrupole  XZ    -490.654258    489.389462     -1.264796
  Quadrupole  YY    -298.542950    257.681657    -40.861293
  Quadrupole  YZ      22.211839    -20.989980      1.221859
  Quadrupole  ZZ    -241.607711    194.249931    -47.357780

    Octupole XXX   -1714.404214   1579.296462   -135.107751
    Octupole XXY    -227.105433    223.250323     -3.855110
    Octupole XXZ    -676.430209    626.142703    -50.287507
    Octupole XYY    -491.888528    467.695670    -24.192858
    Octupole XYZ     104.917569    -97.741944      7.175625
    Octupole XZZ    -216.226858    189.095387    -27.131470
    Octupole YYY     -28.274363     19.191928     -9.082435
    Octupole YYZ    -344.304367    321.518054    -22.786313
    Octupole YZZ      56.111734    -54.716212      1.395522
    Octupole ZZZ    -265.326009    170.501544    -94.824465

writing orbitals and density to disk ... done.

Total Time taken for Hartree-Fock: 24.42 secs

CD Options
{
  debug             = false
  skip_cd           = [false, 100]
  write_cv          = [false, 5000]
  diagtol           = 1e-06
  itilesize         = 1000
  max_cvecs_factor  = 12
}

- #occupied, #virtual = 98, 344

- Tilesize for the MSO space: 40

-----------------------------------------------------
Begin 2-index transformation ... 

nAO, nMO, nelectrons = 221, 442, 98
n_occ_alpha, n_vir_alpha, n_occ_beta, n_vir_beta = 49,172,49,172

Time taken for Fao->Fmo transform: 0.00 secs

-----------------------------------------------------
Number of AO tiles = 105
# of {all,non-negligible} shell-pairs = {5565,4850}

    Begin Cholesky Decomposition
---------------------------------------------
Total # of mpi ranks used for Cholesky decomposition: 4
  --> Number of nodes, mpi ranks per node: 1, 4
- CPU memory required for computing cholesky vectors: 1.93 GiB

- Time for computing the diagonal: 0.01 secs

- Total number of cholesky vectors = 1643

- Time to compute cholesky vectors: 15.21 secs

- CPU memory required for resizing the ao cholesky tensor: 1.56 GiB
- CPU memory required for ao2mo transformation: 1.70 GiB
- CPU memory required for the 2-step contraction: 2.11 GiB

- Time for ao to mo transform: 1.59 secs

   End Cholesky Decomposition
---------------------------------------------

Total Time taken for Cholesky Decomposition: 18.94 secs

scf_type = restricted
Closed-Shell SCF
QED-HF Enabled
nbf = 203
nbf_orig = 221
n_lindep = 0
focc = 1
nmo = 406
nocc = 62
nvir = 344
n_occ_alpha = 31
n_vir_alpha = 172
n_occ_beta = 31
n_vir_beta = 172
nelectrons = 98
nelectrons_alpha = 49
nelectrons_beta = 49
freeze atomic = true
n_frozen_core = 18
n_frozen_virtual = 0
----------------------------
--------- QED-CCSD --------
lambda_x: 0.0000
lambda_y: 0.0454
lambda_z: 0.0891
omega: 0.066150
coupling_factor_x: 0.000000
coupling_factor_y: 0.008257
coupling_factor_z: 0.016204
----------------------------
# of {all,non-negligible} shell-pairs = {5565,4850}
Number of AO tiles = 105
----------------------------
Electronic dipole expectation value using SCF density: 
dipole_x_elec: 18.43322469
dipole_y_elec: -6.69322732
dipole_z_elec: -42.18487412

d_n/N value: d_n is nuclear dipole moment and N is the total number of electrons 
d_nuc_x: -0.20053938
d_nuc_y: 0.06809164
d_nuc_z: 0.44316554

<d_e+d_n> expectation values: 
dipole_total_x: -1.21963494
dipole_total_y: -0.02024658
dipole_total_z: 1.24534869
----------------------------


 CCSD iterations
------------------------------------------------------------
  Iter     Residuum          Correlation          Time(s)
------------------------------------------------------------
   1     1.1858581295676    0.0000000000000         87.34
   2     0.1676928286492   -1.6919023457219         85.73
   3     0.0680481089806   -1.6266016429061         85.52
   4     0.0209645634813   -1.6995670471832         86.62
   5     0.0159281095227   -1.6884835421825         85.73
 MICROCYCLE DIIS UPDATE:                    6
   6     0.0062871662210   -1.6981901992395         83.59
   7     0.0033999916008   -1.6980908866565         83.65
   8     0.0022469028881   -1.6990021632213         83.65
   9     0.0012377348623   -1.6990886300860         84.03
  10     0.0011335098912   -1.6993073755332         84.78
 MICROCYCLE DIIS UPDATE:                   11
  11     0.0003820012003   -1.6995231673082         83.99
  12     0.0003230950563   -1.6996116564643         84.94
  13     0.0002153527779   -1.6995889559956         84.66
  14     0.0001963282975   -1.6995842263808         84.28
  15     0.0001411553098   -1.6995851684290         84.20
 MICROCYCLE DIIS UPDATE:                   16
  16     0.0000523351521   -1.6995617468929         84.57
  17     0.0000355697124   -1.6995839903386         84.29
  18     0.0000277806704   -1.6995861693057         84.61
  19     0.0000238910842   -1.6995886571036         84.51
  20     0.0000215257835   -1.6995890440876         84.13
 MICROCYCLE DIIS UPDATE:                   21
  21     0.0000074008205   -1.6995899989800         83.38
  22     0.0000053610935   -1.6995911943503         84.21
  23     0.0000038417469   -1.6995909863797         84.68
  24     0.0000032821914   -1.6995905762734         84.58
  25     0.0000025112119   -1.6995906569893         84.59
 MICROCYCLE DIIS UPDATE:                   26
  26     0.0000011707184   -1.6995898112103         84.58
  27     0.0000007422793   -1.6995904237728         84.07
------------------------------------------------------------------
 Iterations converged
 CCSD correlation energy / hartree =        -1.699590423772769
 CCSD total energy / hartree       =     -3007.820029426813562

Time taken for spin-orbital canonical QED-CCSD: 2348.41 secs
