
ExaChem Git Information
{
 WARNING: Failed to retrieve the current git state.
}


TAMM Git Information
{
 Branch: main
 Commit Hash: e71357ad [e71357ad54f38748b4a7e175aa6760820d5ce96f]
 Commit Date: 2026-02-02 23:14:56 -0800
 Commit Message: add GitHub Actions workflow for releases
}


date: Mon Aug 10 13:07:28 2026
program: "/global/cfs/cdirs/m3196/heindelj/cavity_qed/software/install_gpu/bin/bin/ExaChem"
nnodes: 1, nproc_per_node: 4, nproc_total: 4, ngpus_per_node: 1, ngpus_total: 1

Memory information
{
[AMD EPYC 7763 64-Core Processor                ] : 
  CPU memory per node (GiB): 251
  Total CPU memory (GiB): 251
[NVIDIA A100-SXM4-80GB, CUDA v12.9] : 
  GPU memory per device (GiB): 79
  GPU memory per node (GiB): 79
  Total GPU memory (GiB): 79
}

------------------------------------------------------------

Input file provided: /global/cfs/cdirs/m4262/heindelj/cavity_qed/mlip/lambda_scans/grid_scans_optimized_geoms/runs_grid_no_freq/para_th90_ph54/para_th90_ph54_qed_ccsd_input.json

{
  "geometry": {
    "coordinates": [
      "C    -0.486559158600    1.235111827700    0.872828792000",
      "C     0.868777377800    1.235869222900    0.894341719400",
      "C     1.525645094500    0.019039584300    0.711478508700",
      "H    -1.048899812200    2.151933554700    0.995556323500",
      "H     1.434073442000    2.139134011200    1.032669684100",
      "N     2.989721055500    0.022809866000    0.702667615800",
      "O     3.494618671400    0.130212834200    1.785155320000",
      "O     3.491184981700   -0.115158006700   -0.378151055500",
      "C    -0.444829437000   -1.234130682800    0.551011397600",
      "H    -0.983805517800   -2.158401034200    0.436212302300",
      "C     0.901762912100   -1.227380455800    0.544155511400",
      "H     1.496973868900   -2.118505520300    0.408709740600",
      "C    -1.244120253600   -0.006722746300    0.677684050800",
      "H    -2.016092117500   -0.106679853100    1.441465739200",
      "Br   -2.212531856900    0.180387876300   -1.010346032300"
    ],
    "units": "angstrom",
    "noorient": true
  },
  "common": {
    "maxiter": 100,
    "debug": false
  },
  "basis": {
    "basisset": "6-311G*"
  },
  "SCF": {
    "charge": 1,
    "multiplicity": 1,
    "lshift": 0,
    "tol_lindep": 1e-10,
    "conve": 1e-07,
    "convd": 1e-05,
    "diis_hist": 10,
    "writem": 10,
    "restart": false,
    "noscf": false,
    "scf_type": "restricted",
    "debug": false,
    "qed_omegas": [
      0.06615
    ],
    "qed_volumes": [],
    "qed_lambdas": [
      0.1
    ],
    "qed_polvecs": [
      [
        0.5877852522924731,
        0.8090169943749475,
        6.123233995736766e-17
      ]
    ],
    "direct_df": false
  },
  "CD": {
    "debug": false,
    "diagtol": 1e-06
  },
  "CC": {
    "threshold": 1e-06,
    "ndiis": 5,
    "ccsd_maxiter": 200,
    "tilesize": 40,
    "freeze": {
      "atomic": true
    },
    "readt": false,
    "writet": true,
    "writet_iter": 5,
    "debug": false,
    "profile_ccsd": false,
    "balance_tiles": true
  },
  "TASK": {
    "scf": false,
    "ccsd": true
  }
}

Output folder & files prefix: para_th90_ph54_qed_ccsd_input.6-311g*

  C (carbon)
  ----------
          Exponent        Coefficients
      ----------------  --------------------
  1 S  4.56324000E+03      0.778202
  1 S  6.82024000E+02      1.448695
  1 S  1.54973000E+02      2.383089
  1 S  4.44553000E+01      3.200089
  1 S  1.30290000E+01      3.013004
  1 S  1.82773000E+00      0.247599

  2 S  2.09642000E+01      0.800629
  2 S  4.80331000E+00      2.127420
  2 S  1.45933000E+00     -0.002868

  3 P  2.09642000E+01      2.573592
  3 P  4.80331000E+00      2.408248
  3 P  1.45933000E+00      1.865281

  4 S  4.83456000E-01      0.413217

  5 P  4.83456000E-01      0.574627

  6 S  1.45585000E-01      0.167976

  7 P  1.45585000E-01      0.128185

  8 D  6.26000000E-01      0.725128


  H (hydrogen)
  ------------
          Exponent        Coefficients
      ----------------  --------------------
  1 S  3.38650000E+01      0.255069
  1 S  5.09479000E+00      0.460109
  1 S  1.15879000E+00      0.678321

  2 S  3.25840000E-01      0.307371

  3 S  1.02741000E-01      0.129336


  N (nitrogen)
  ------------
          Exponent        Coefficients
      ----------------  --------------------
  1 S  6.29348000E+03      0.991968
  1 S  9.49044000E+02      1.823240
  1 S  2.18776000E+02      2.979891
  1 S  6.36916000E+01      4.000007
  1 S  1.88282000E+01      3.881008
  1 S  2.72023000E+00      0.386764

  2 S  3.06331000E+01      1.038501
  2 S  7.02614000E+00      2.834794
  2 S  2.11205000E+00     -0.003208

  3 P  3.06331000E+01      3.935616
  3 P  7.02614000E+00      3.870994
  3 P  2.11205000E+00      2.967271

  4 S  6.84009000E-01      0.536051

  5 P  6.84009000E-01      0.886681

  6 S  2.00878000E-01      0.213850

  7 P  2.00878000E-01      0.191693

  8 D  9.13000000E-01      1.403568


  O (oxygen)
  ----------
          Exponent        Coefficients
      ----------------  --------------------
  1 S  8.58850000E+03      1.205013
  1 S  1.29723000E+03      2.216205
  1 S  2.99296000E+02      3.627452
  1 S  8.73771000E+01      4.888452
  1 S  2.56789000E+01      4.835721
  1 S  3.74004000E+00      0.538229

  2 S  4.21175000E+01      1.341958
  2 S  9.62837000E+00      3.587114
  2 S  2.85332000E+00     -0.005123

  3 P  4.21175000E+01      5.584018
  3 P  9.62837000E+00      5.733366
  3 P  2.85332000E+00      4.332955

  4 S  9.05661000E-01      0.661659

  5 P  9.05661000E-01      1.259352

  6 S  2.55611000E-01      0.256209

  7 P  2.55611000E-01      0.259068

  8 D  1.29200000E+00      2.577026


  Br (bromine)
  ------------
          Exponent        Coefficients
      ----------------  --------------------
  1 S  4.39700000E+05      9.893706
  1 S  6.60300000E+04     18.450679
  1 S  1.51400000E+04     31.049770
  1 S  4.31700000E+03     48.888138
  1 S  1.41400000E+03     64.847798
  1 S  5.23900000E+02     42.245010

  2 S  5.23900000E+02     14.290679
  2 S  2.07700000E+02     24.083128
  2 S  8.65400000E+01      5.132542

  3 S  3.05200000E+01      9.254405

  4 S  1.29800000E+01      4.873782

  5 S  4.41200000E+00      2.169635

  6 S  1.86200000E+00      1.136043

  7 S  3.93200000E-01      0.353892

  8 S  1.40000000E-01      0.163120

  9 P  2.95700000E+03    691.874478
  9 P  7.00300000E+02    925.332763
  9 P  2.24600000E+02   1068.830732

  10 P  8.25900000E+01    122.079275
  10 P  3.31900000E+01     57.580687
  10 P  1.42000000E+01     10.176170

  11 P  1.42000000E+01      3.129736
  11 P  7.43800000E+00      6.538168
  11 P  3.52600000E+00      4.166276

  12 P  1.59500000E+00      2.555000

  13 P  8.46200000E-01      1.156861

  14 P  3.18600000E-01      0.341191

  15 P  1.09600000E-01      0.089888

  16 D  1.34800000E+02    160.709187
  16 D  3.63900000E+01    119.797406
  16 D  1.21600000E+01     55.531619
  16 D  4.34100000E+00     12.984636

  17 D  1.53500000E+00      3.484168

  18 D  4.51000000E-01      0.408525



Printing Internal Coordinates

------------------------------------------------------------
                Bond Lengths

i      j        Length (Angstroms)     Length (Bohr)
0      1          1.3555074720         2.5615378837
0      3          1.0825207327         2.0456677105
0      12         1.4676966280         2.7735446628
1      2          1.3948435469         2.6358722922
1      4          1.0745145619         2.0305382403
2      5          1.4641073275         2.7667618679
2      10         1.4038478832         2.6528880218
5      6          1.1992650374         2.2662824730
5      7          1.1994457901         2.2666240462
8      9          1.0760807267         2.0334978629
8      10         1.3466267201         2.5447556949
8      12         1.4701843467         2.7782457698
10     11         1.0801506934         2.0411889853
12     13         1.0905477749         2.0608366218
12     14         1.9550644439         3.6945363575

Number of Bonds: 15

------------------------------------------------------------
           Bond Angles

i      j      k      Angle (degrees)
0      1      2        117.9239 
0      1      4        121.9069 
0      12     8        115.9272 
0      12     13       110.4755 
0      12     14       106.8276 
1      0      3        121.1403 
1      0      12       121.2434 
1      2      5        117.9991 
1      2      10       125.5132 
2      1      4        120.1635 
2      5      6        114.5694 
2      5      7        115.0366 
2      10     8        116.6309 
2      10     11       120.1683 
3      0      12       117.6160 
5      2      10       116.4853 
6      5      7        130.3641 
8      10     11       123.1979 
8      12     13       111.6337 
8      12     14       105.9505 
9      8      10       120.3061 
9      8      12       116.9988 
10     8      12       122.6773 
13     12     14       105.2388 

Number of Angles: 24

------------------------------------------------------------
              Torsional Angles

i      j      k      l      Angle (degrees)
3      0      1      2       -179.1458 
4      1      0      3         -0.0163 
8      10     2      1          0.6098 
9      8      10     2       -179.4601 
10     2      1      0         -2.0035 
10     2      1      4        178.8512 
11     10     2      1       -179.9860 
11     10     8      9          1.1555 

Number of Torsional Angles: 8


----------------------------------------------------------------------
                          Center of Mass

         x               y               z              Unit
  -0.05367669885   0.07462175654   0.03433120514      Angstrom
   -0.1014342602    0.1410146829   0.06487657529          Bohr

----------------------------------------------------------------------
                Moment of Inertia Tensor

           989.279           106.685          -1053.05
           106.685           4180.62          -7.48449
          -1053.05          -7.48449           3858.87

----------------------------------------------------------------------
                      Principal Moments of Inertia

           x                 y                 z                Unit
       179.6498537       1162.687648       1185.977231       amu * ang^2
       641.5412746        4152.03297        4235.20158      amu * bohr^2
  2.9831580406e-38  1.9306895799e-37  1.9693628684e-37          g * cm^2

 - Molecule is an asymmetric top.

----------------------------------------------------------------------

         Rotational constants (MHz)

    A = 2.8131e+03        B = 4.3466e+02        C = 4.2613e+02

----------------------------------------------------------------------

        Rotational constants (cm-1)

    A = 9.3836e-02        B = 1.4499e-02        C = 1.4214e-02

----------------------------------------------------------------------

                                Z-Matrix
C   
C        1       2.5615379
C        2       2.6358723     1       117.92389
H        3      6.34064884     2     22.02984045     1          0.6288
H        4      4.69272589     3     39.71646245     2          0.8684
N        5      5.00251902     4    126.14548528     3          0.8589
O        6      2.26628247     5     93.62853482     4       -119.4842
O        7      4.11427408     6     24.81996177     5       -130.2144
C        8      7.92956919     7     79.13542825     6        -18.9097
H        9      2.03349786     8    132.47295811     7       -117.1786
C       10      3.97912759     9     33.51324394     8         19.6518
H       11      2.04118899    10     97.02159877     9       -179.0258
C       12      6.55862133    11     18.75359238    10          3.5508
H       13      2.06083662    12    123.88848716    11       -118.0989
Br      14      4.67964927    13     49.61700908    12       -131.3443

----------------------------------------------------------------------

             Converted back to Cartesian

C        0.000000      0.000000      0.000000
C        0.000000      0.000000      2.561538
C        0.000000      0.094665     -0.072634
H       -0.000008     -0.175570      6.262254
H       -0.000006      0.081138      1.576554
N       -0.000045     -0.384207      6.557383
O        0.002337     -0.109174      4.307852
O       -0.001890     -0.639339      8.387823
C        0.006762      0.571705      0.551282
H        0.007257      0.180361      2.546768
C        0.004701      0.985929     -1.349963
H        0.011649      0.514065      0.635925
C       -0.014214      2.066492     -5.736266
H        0.004031      1.504146     -3.753722
Br      -0.043772      2.848697     -8.235799

----------------------------------------------------------------------
                       Geometry in bohr 

1     C      -0.9194635538    2.3340230892    1.6494073717
2     C       1.6417513084    2.3354543587    1.6900609126
3     C       2.8830513939    0.0359795999    1.3444995259
4     H      -1.9821333786    4.0665650595    1.8813287943
5     H       2.7100060498    4.0423774278    1.9514628815
6     N       5.6497539878    0.0431043997    1.3278493514
7     O       6.6038722034    0.2460665947    3.3734546470
8     O       6.5973834703   -0.2176170939   -0.7146019291
9     C      -0.8406058087   -2.3321689941    1.0412606337
10    H      -1.8591229898   -4.0787868245    0.8243217841
11    C       1.7040849344   -2.3194129138    1.0283048864
12    H       2.8288706299   -4.0033952296    0.7723494747
13    C      -2.3510465470   -0.0127041493    1.2806372559
14    H      -3.8098619467   -0.2015957055    2.7239754670
15    Br     -4.1810792544    0.3408836826   -1.9092772934

 Number of nodes, processes per node used for SCF calculation: 1, 4

Common Options
{
  maxiter       = 100
  basis         = 6-311g* spherical
  geom_units    = angstrom
  ang2au factor = 1.889726126
  debug         = false
  file_prefix   = para_th90_ph54_qed_ccsd_input
}

SCF Options
{
  charge            = 1
  multiplicity      = 1
  level shift       = 0
  tol_int           = 1e-22
  tol_sch           = 1e-12
  tol_lindep        = 1e-10
  conve             = 1e-07
  convd             = 1e-05
  diis_hist         = 10
  AO_tilesize       = 30
  writem            = 10
  damp              = 100
  n_lindep          = 0
  scf_type          = restricted
  cuscf             = false
  qed_omegas        = [0.06615,]
  qed_lambdas       = [0.1,]
  qed_polvecs       = [[0.5877852523,0.8090169944,6.123233996e-17,],]
  direct_df         = false
  restart_size      = 2000
  restart           = false
  debug             = false
}

Number of basis functions = 221

Total number of shells = 105

Total number of electrons = 98
  # of alpha electrons    = 49
  # of beta electons      = 49

Nuclear repulsion energy  = 738.027812586686

# of {all,non-negligible} shell-pairs = {5565,4897}
Number of AO tiles = 105

Time for initial setup: 0.06 secs
HF exch = 1.00

Time for computing 1-e integrals T, V, S: 0.01 secs
Time for computing orthogonalizer: 0.01 secs

Superposition of Atomic Density Guess ...
Time taken for SAD: 0.68 secs
Total Time to compute initial guess: 0.68 secs


 SCF iterations
-----------------------------------------------------------------------------
 Iter     Energy            E-Diff       RMSD        |[F,P]|^2       Time(s)
-----------------------------------------------------------------------------
   1  -3011.7978982148    -3.01e+03     1.65e-02     1.51e+03         0.6 
   2  -3005.7653890907     6.03e+00     6.56e-03     8.73e+00         2.1 
   3  -3006.0013369967    -2.36e-01     2.44e-03     3.37e+00         2.1 
   4  -3006.0967594002    -9.54e-02     1.14e-03     1.17e-01         2.1 
   5  -3006.1034397806    -6.68e-03     2.52e-04     1.24e-02         2.1 
   6  -3006.1040792635    -6.39e-04     1.57e-04     1.50e-03         2.1 
   7  -3006.1042266642    -1.47e-04     6.29e-05     2.04e-04         2.1 
   8  -3006.1042488495    -2.22e-05     1.56e-05     2.03e-05         2.1 
   9  -3006.1042511567    -2.31e-06     7.19e-06     4.75e-06         2.1 
  10  -3006.1042517000    -5.43e-07     4.37e-06     1.08e-06         2.1 
  11  -3006.1042518713    -1.71e-07     2.43e-06     2.60e-07         2.1 
  12  -3006.1042519201    -4.88e-08     1.45e-06     7.47e-08         2.2 

** Total SCF energy = -3006.1042519200687

Nuclear repulsion energy = 738.027812586686309
#electrons        = 98
1e energy kinetic = 3006.2299606669034802
1e energy N-e     = -8628.9246672187546210
1e energy         = -5619.1390260721100276
2e energy         = 1878.3692811714813615
QED energy        = 0.1933608736126202
QED eT energy     = 0.1738509031723321
QED eT energy from matrix = 0.1738509031723355

 Polarizability Matrix (QED energy = 0.5 * lambda.dot(matrix * lambda))
[42.62088193, -0.95308043,  1.48547979]
[-0.95308043, 37.97270110,  0.74186767]
[ 1.48547979,  0.74186767, 40.98242197]

 Polarizability Matrix (QED eT energy = 0.5 * lambda.dot(matrix * lambda))
[39.23948433, -1.00136218,  1.77591735]
[-1.00136218, 33.86606033,  0.91944295]
[ 1.77591735,  0.91944295, 37.14997158]


                      Electron        Nuclear        Total  
                  ------------------------------------------
    Monopole         -98.000000     99.000000      1.000000

      Dipole   X     -10.655096      9.414938     -1.240158
      Dipole   Y     -12.395635     12.532446      0.136811
      Dipole   Z     -18.714641     20.099524      1.384883

  Quadrupole  XX   -1744.466271   1695.571663    -48.894609
  Quadrupole  XY      47.780575    -47.766359      0.014216
  Quadrupole  XZ    -483.208013    482.257504     -0.950510
  Quadrupole  YY    -239.239279    200.858327    -38.380952
  Quadrupole  YZ     -10.974274     12.134499      1.160226
  Quadrupole  ZZ    -367.119830    318.096851    -49.022979

    Octupole XXX   -3543.191262   3392.282253   -150.909009
    Octupole XXY    -229.283334    225.560920     -3.722414
    Octupole XXZ    -325.796621    294.481185    -31.315436
    Octupole XYY     -84.675761     65.793825    -18.881936
    Octupole XYZ    -162.003008    161.948712     -0.054295
    Octupole XZZ    -224.470066    166.523922    -57.946145
    Octupole YYY     -17.698405      4.446045    -13.252360
    Octupole YYZ    -266.848845    259.224031     -7.624814
    Octupole YZZ    -137.094426    137.171189      0.076763
    Octupole ZZZ    -295.906950    208.688202    -87.218747

writing orbitals and density to disk ... done.

Total Time taken for Hartree-Fock: 25.92 secs

CD Options
{
  debug             = false
  skip_cd           = [false, 100]
  write_cv          = [false, 5000]
  diagtol           = 1e-06
  itilesize         = 1000
  max_cvecs_factor  = 12
}

- #occupied, #virtual = 98, 344

- Tilesize for the MSO space: 40

-----------------------------------------------------
Begin 2-index transformation ... 

nAO, nMO, nelectrons = 221, 442, 98
n_occ_alpha, n_vir_alpha, n_occ_beta, n_vir_beta = 49,172,49,172

Time taken for Fao->Fmo transform: 0.00 secs

-----------------------------------------------------
Number of AO tiles = 105
# of {all,non-negligible} shell-pairs = {5565,4897}

    Begin Cholesky Decomposition
---------------------------------------------
Total # of mpi ranks used for Cholesky decomposition: 4
  --> Number of nodes, mpi ranks per node: 1, 4
- CPU memory required for computing cholesky vectors: 1.93 GiB

- Time for computing the diagonal: 0.01 secs

- Total number of cholesky vectors = 1639

- Time to compute cholesky vectors: 15.17 secs

- CPU memory required for resizing the ao cholesky tensor: 1.56 GiB
- CPU memory required for ao2mo transformation: 1.69 GiB
- CPU memory required for the 2-step contraction: 2.10 GiB

- Time for ao to mo transform: 1.57 secs

   End Cholesky Decomposition
---------------------------------------------

Total Time taken for Cholesky Decomposition: 18.52 secs

scf_type = restricted
Closed-Shell SCF
QED-HF Enabled
nbf = 203
nbf_orig = 221
n_lindep = 0
focc = 1
nmo = 406
nocc = 62
nvir = 344
n_occ_alpha = 31
n_vir_alpha = 172
n_occ_beta = 31
n_vir_beta = 172
nelectrons = 98
nelectrons_alpha = 49
nelectrons_beta = 49
freeze atomic = true
n_frozen_core = 18
n_frozen_virtual = 0
----------------------------
--------- QED-CCSD --------
lambda_x: 0.0588
lambda_y: 0.0809
lambda_z: 0.0000
omega: 0.066150
coupling_factor_x: 0.010690
coupling_factor_y: 0.014713
coupling_factor_z: 0.000000
----------------------------
# of {all,non-negligible} shell-pairs = {5565,4897}
Number of AO tiles = 105
----------------------------
Electronic dipole expectation value using SCF density: 
dipole_x_elec: -10.65502523
dipole_y_elec: -12.39546215
dipole_z_elec: -18.71462436

d_n/N value: d_n is nuclear dipole moment and N is the total number of electrons 
d_nuc_x: 0.09607080
d_nuc_y: 0.12788211
d_nuc_z: 0.20509718

<d_e+d_n> expectation values: 
dipole_total_x: -1.24008710
dipole_total_y: 0.13698422
dipole_total_z: 1.38489950
----------------------------


 CCSD iterations
------------------------------------------------------------
  Iter     Residuum          Correlation          Time(s)
------------------------------------------------------------
   1     1.1851345068647    0.0000000000000         85.98
   2     0.1677736475492   -1.6377785752769         85.18
   3     0.0691100982383   -1.6290466220617         84.62
   4     0.0255771081097   -1.6969139670293         85.15
   5     0.0225175402235   -1.6891929872810         85.33
 MICROCYCLE DIIS UPDATE:                    6
   6     0.0087219503320   -1.7007152778932         82.96
   7     0.0058981775263   -1.7004156193580         83.64
   8     0.0043050954171   -1.7021093886054         83.67
   9     0.0033256305325   -1.7023349306239         83.61
  10     0.0036559741252   -1.7027720151609         83.42
 MICROCYCLE DIIS UPDATE:                   11
  11     0.0008603243801   -1.7034859670690         82.93
  12     0.0006429564998   -1.7034959181377         82.35
  13     0.0004843887794   -1.7035362555709         82.56
  14     0.0004638677299   -1.7034996537614         83.40
  15     0.0004421508833   -1.7035328587497         83.27
 MICROCYCLE DIIS UPDATE:                   16
  16     0.0001431461661   -1.7035089943471         83.61
  17     0.0000900622176   -1.7035340982246         83.18
  18     0.0000904685594   -1.7035495660868         83.88
  19     0.0001036599600   -1.7035597312804         83.13
  20     0.0001366910392   -1.7035622019375         83.25
 MICROCYCLE DIIS UPDATE:                   21
  21     0.0000232202097   -1.7035763449464         83.27
  22     0.0000201426124   -1.7035730203067         83.19
  23     0.0000140779717   -1.7035735434288         83.16
  24     0.0000150187381   -1.7035723139340         83.43
  25     0.0000124805653   -1.7035731949488         83.64
 MICROCYCLE DIIS UPDATE:                   26
  26     0.0000048597647   -1.7035720392001         83.52
  27     0.0000029480026   -1.7035727648050         83.41
  28     0.0000027138459   -1.7035732191527         83.51
  29     0.0000027371364   -1.7035735378034         83.35
  30     0.0000036454134   -1.7035736242524         82.50
 MICROCYCLE DIIS UPDATE:                   31
  31     0.0000008395151   -1.7035740576879         82.58
------------------------------------------------------------------
 Iterations converged
 CCSD correlation energy / hartree =        -1.703574057687861
 CCSD total energy / hartree       =     -3007.807825977756693

Time taken for spin-orbital canonical QED-CCSD: 2658.91 secs
