
ExaChem Git Information
{
 WARNING: Failed to retrieve the current git state.
}


TAMM Git Information
{
 Branch: main
 Commit Hash: e71357ad [e71357ad54f38748b4a7e175aa6760820d5ce96f]
 Commit Date: 2026-02-02 23:14:56 -0800
 Commit Message: add GitHub Actions workflow for releases
}


date: Wed Aug  5 22:35:31 2026
program: "/global/cfs/cdirs/m3196/heindelj/cavity_qed/software/install_gpu/bin/bin/ExaChem"
nnodes: 1, nproc_per_node: 4, nproc_total: 4, ngpus_per_node: 1, ngpus_total: 1

Memory information
{
[AMD EPYC 7763 64-Core Processor                ] : 
  CPU memory per node (GiB): 251
  Total CPU memory (GiB): 251
[NVIDIA A100-SXM4-40GB, CUDA v12.9] : 
  GPU memory per device (GiB): 39
  GPU memory per node (GiB): 39
  Total GPU memory (GiB): 39
}

------------------------------------------------------------

Input file provided: /global/cfs/cdirs/m4262/heindelj/cavity_qed/mlip/lambda_scans/grid_scans_optimized_geoms/runs_grid_no_freq/meta_th18_ph234/meta_th18_ph234_qed_ccsd_input.json

{
  "geometry": {
    "coordinates": [
      "C    -0.915217216900    2.031491807400    0.739611142400",
      "C     0.481800505400    1.958379784000    0.794049381500",
      "C     1.157695466800    0.739366593100    0.650254904000",
      "C     0.493186464600   -0.426997489400    0.480873230400",
      "C    -1.631023142500    0.883363033000    0.577394327800",
      "H    -1.408380916300    2.990942324800    0.812710347700",
      "H     1.078285449600    2.852886988700    0.936865364000",
      "H     1.031731792200   -1.361753390000    0.372937135300",
      "H    -2.713779227500    0.897901485700    0.540099401900",
      "N     2.646789403900    0.741599780500    0.656398075300",
      "O     3.179480836400   -0.316104863800    0.453652178600",
      "O     3.170635820500    1.802531662600    0.873025041200",
      "C    -0.971057598000   -0.428763965000    0.559011081000",
      "H    -1.159164785100   -0.814318785200    1.571167764400",
      "Br   -1.832816115100   -1.748925954400   -0.546591656700"
    ],
    "units": "angstrom",
    "noorient": true
  },
  "common": {
    "maxiter": 100,
    "debug": false
  },
  "basis": {
    "basisset": "6-311G*"
  },
  "SCF": {
    "charge": 1,
    "multiplicity": 1,
    "lshift": 0,
    "tol_lindep": 1e-10,
    "conve": 1e-07,
    "convd": 1e-05,
    "diis_hist": 10,
    "writem": 10,
    "restart": false,
    "noscf": false,
    "scf_type": "restricted",
    "debug": false,
    "qed_omegas": [
      0.06615
    ],
    "qed_volumes": [],
    "qed_lambdas": [
      0.1
    ],
    "qed_polvecs": [
      [
        -0.18163563200134028,
        -0.24999999999999997,
        0.9510565162951536
      ]
    ],
    "direct_df": false
  },
  "CD": {
    "debug": false,
    "diagtol": 1e-06
  },
  "CC": {
    "threshold": 1e-06,
    "ndiis": 5,
    "ccsd_maxiter": 200,
    "tilesize": 40,
    "freeze": {
      "atomic": true
    },
    "readt": false,
    "writet": true,
    "writet_iter": 5,
    "debug": false,
    "profile_ccsd": false,
    "balance_tiles": true
  },
  "TASK": {
    "scf": false,
    "ccsd": true
  }
}

Output folder & files prefix: meta_th18_ph234_qed_ccsd_input.6-311g*

  C (carbon)
  ----------
          Exponent        Coefficients
      ----------------  --------------------
  1 S  4.56324000E+03      0.778202
  1 S  6.82024000E+02      1.448695
  1 S  1.54973000E+02      2.383089
  1 S  4.44553000E+01      3.200089
  1 S  1.30290000E+01      3.013004
  1 S  1.82773000E+00      0.247599

  2 S  2.09642000E+01      0.800629
  2 S  4.80331000E+00      2.127420
  2 S  1.45933000E+00     -0.002868

  3 P  2.09642000E+01      2.573592
  3 P  4.80331000E+00      2.408248
  3 P  1.45933000E+00      1.865281

  4 S  4.83456000E-01      0.413217

  5 P  4.83456000E-01      0.574627

  6 S  1.45585000E-01      0.167976

  7 P  1.45585000E-01      0.128185

  8 D  6.26000000E-01      0.725128


  H (hydrogen)
  ------------
          Exponent        Coefficients
      ----------------  --------------------
  1 S  3.38650000E+01      0.255069
  1 S  5.09479000E+00      0.460109
  1 S  1.15879000E+00      0.678321

  2 S  3.25840000E-01      0.307371

  3 S  1.02741000E-01      0.129336


  N (nitrogen)
  ------------
          Exponent        Coefficients
      ----------------  --------------------
  1 S  6.29348000E+03      0.991968
  1 S  9.49044000E+02      1.823240
  1 S  2.18776000E+02      2.979891
  1 S  6.36916000E+01      4.000007
  1 S  1.88282000E+01      3.881008
  1 S  2.72023000E+00      0.386764

  2 S  3.06331000E+01      1.038501
  2 S  7.02614000E+00      2.834794
  2 S  2.11205000E+00     -0.003208

  3 P  3.06331000E+01      3.935616
  3 P  7.02614000E+00      3.870994
  3 P  2.11205000E+00      2.967271

  4 S  6.84009000E-01      0.536051

  5 P  6.84009000E-01      0.886681

  6 S  2.00878000E-01      0.213850

  7 P  2.00878000E-01      0.191693

  8 D  9.13000000E-01      1.403568


  O (oxygen)
  ----------
          Exponent        Coefficients
      ----------------  --------------------
  1 S  8.58850000E+03      1.205013
  1 S  1.29723000E+03      2.216205
  1 S  2.99296000E+02      3.627452
  1 S  8.73771000E+01      4.888452
  1 S  2.56789000E+01      4.835721
  1 S  3.74004000E+00      0.538229

  2 S  4.21175000E+01      1.341958
  2 S  9.62837000E+00      3.587114
  2 S  2.85332000E+00     -0.005123

  3 P  4.21175000E+01      5.584018
  3 P  9.62837000E+00      5.733366
  3 P  2.85332000E+00      4.332955

  4 S  9.05661000E-01      0.661659

  5 P  9.05661000E-01      1.259352

  6 S  2.55611000E-01      0.256209

  7 P  2.55611000E-01      0.259068

  8 D  1.29200000E+00      2.577026


  Br (bromine)
  ------------
          Exponent        Coefficients
      ----------------  --------------------
  1 S  4.39700000E+05      9.893706
  1 S  6.60300000E+04     18.450679
  1 S  1.51400000E+04     31.049770
  1 S  4.31700000E+03     48.888138
  1 S  1.41400000E+03     64.847798
  1 S  5.23900000E+02     42.245010

  2 S  5.23900000E+02     14.290679
  2 S  2.07700000E+02     24.083128
  2 S  8.65400000E+01      5.132542

  3 S  3.05200000E+01      9.254405

  4 S  1.29800000E+01      4.873782

  5 S  4.41200000E+00      2.169635

  6 S  1.86200000E+00      1.136043

  7 S  3.93200000E-01      0.353892

  8 S  1.40000000E-01      0.163120

  9 P  2.95700000E+03    691.874478
  9 P  7.00300000E+02    925.332763
  9 P  2.24600000E+02   1068.830732

  10 P  8.25900000E+01    122.079275
  10 P  3.31900000E+01     57.580687
  10 P  1.42000000E+01     10.176170

  11 P  1.42000000E+01      3.129736
  11 P  7.43800000E+00      6.538168
  11 P  3.52600000E+00      4.166276

  12 P  1.59500000E+00      2.555000

  13 P  8.46200000E-01      1.156861

  14 P  3.18600000E-01      0.341191

  15 P  1.09600000E-01      0.089888

  16 D  1.34800000E+02    160.709187
  16 D  3.63900000E+01    119.797406
  16 D  1.21600000E+01     55.531619
  16 D  4.34100000E+00     12.984636

  17 D  1.53500000E+00      3.484168

  18 D  4.51000000E-01      0.408525



Printing Internal Coordinates

------------------------------------------------------------
                Bond Lengths

i      j        Length (Angstroms)     Length (Bohr)
0      1          1.3999883593         2.6455945786
0      4          1.3626782822         2.5750887510
0      5          1.0812489184         2.0432643297
1      2          1.4012508734         2.6479803844
1      6          1.0845892461         2.0495766343
2      3          1.3530216326         2.5568403281
2      9          1.4891082832         2.8140068271
3      7          1.0841816565         2.0488064014
3      12         1.4663285167         2.7709593072
4      8          1.0834957396         2.0475102064
4      12         1.4688668158         2.7757559973
9      10         1.2015012174         2.2705082409
9      11         1.2028793659         2.2731125641
12     13         1.0993170539         2.0774081574
12     14         1.9255681846         3.6387965057

Number of Bonds: 15

------------------------------------------------------------
           Bond Angles

i      j      k      Angle (degrees)
0      1      2        121.5182 
0      1      6        120.7202 
0      4      8        121.1799 
0      4      12       121.2062 
1      0      4        118.9998 
1      0      5        119.9239 
1      2      3        121.7276 
1      2      9        118.7258 
2      1      6        117.7568 
2      3      7        120.7797 
2      3      12       118.9993 
2      9      10       116.1890 
2      9      11       115.9480 
3      2      9        119.5336 
3      12     4        116.6318 
3      12     13       102.7299 
3      12     14       114.6534 
4      0      5        121.0711 
4      12     13       102.9966 
4      12     14       114.7428 
7      3      12       120.0192 
8      4      12       117.4227 
10     9      11       127.8609 
13     12     14       102.2169 

Number of Angles: 24

------------------------------------------------------------
              Torsional Angles

i      j      k      l      Angle (degrees)
3      2      1      0         -1.4357 
4      0      1      2          1.7157 
5      0      1      2       -177.4672 
6      1      0      4       -179.1038 
6      1      0      5          1.7132 
6      1      2      3        179.3605 
7      3      2      1       -179.8881 
8      4      0      1        179.4067 
8      4      0      5         -1.4201 
12     3      2      1         -5.0493 
13     12     3      2       -101.1028 
13     12     3      7         73.7761 
14     12     3      2        148.8748 
14     12     3      7        -36.2463 

Number of Torsional Angles: 14


----------------------------------------------------------------------
                          Center of Mass

         x               y               z              Unit
   -0.1362465587   -0.2164324408    0.1803965747      Angstrom
   -0.2574686816    -0.408998038    0.3409001202          Bohr

----------------------------------------------------------------------
                Moment of Inertia Tensor

           1805.63          -1190.61          -586.349
          -1190.61           3022.42          -575.244
          -586.349          -575.244           4306.75

----------------------------------------------------------------------
                      Principal Moments of Inertia

           x                 y                 z                Unit
       248.9121516       1039.045328       1270.048957       amu * ang^2
       888.8814307       3710.498228       4535.427164      amu * bohr^2
  4.1332863406e-38  1.7253765363e-37  2.1089673492e-37          g * cm^2

 - Molecule is an asymmetric top.

----------------------------------------------------------------------

         Rotational constants (MHz)

    A = 2.0304e+03        B = 4.8639e+02        C = 3.9792e+02

----------------------------------------------------------------------

        Rotational constants (cm-1)

    A = 6.7725e-02        B = 1.6224e-02        C = 1.3273e-02

----------------------------------------------------------------------

                                Z-Matrix
C   
C        1       2.6455946
C        2       2.6479804     1       121.51816
C        3      2.55684033     2    121.72761745     1         -1.4357
C        4      4.72001517     3     87.74198518     2          0.5496
H        5      4.02952079     4    115.72156110     3          1.1476
H        6      4.71219924     5     93.14688561     4         -1.9337
H        7      8.03597582     6     92.14060874     5          1.5478
H        8      8.27234733     7     59.51584984     6         -1.2168
N        9     10.13669451     8     29.62618051     7          1.1783
O       10      2.27050824     9    117.71378020     8          5.0300
O       11      4.08135897    10     26.08560898     9        179.0525
C       12      8.90999542    11     61.73436144    10          2.4325
H       13      2.07740816    12    104.77142180    11         87.0505
Br      14      4.55584777    13     51.31746601    12       -148.9641

----------------------------------------------------------------------

             Converted back to Cartesian

C        0.000000      0.000000      0.000000
C        0.000000      0.000000      2.645595
C        0.000000      0.097997     -0.000572
C        0.000041     -0.091284      2.549253
C       -0.000111      0.383804     -2.146792
H        0.000055     -0.162824      1.845480
H       -0.000094      0.608607     -2.803145
H       -0.000022     -0.928918      5.084372
H        0.000080      0.800767     -3.005122
N       -0.000186     -1.408109      6.887978
O       -0.000126     -0.834222      4.691194
O       -0.002002     -1.897113      8.631720
C        0.011104      0.584400      0.074271
H        0.002732     -0.057342      2.050055
Br       0.030010      1.417041     -2.260537

----------------------------------------------------------------------
                       Geometry in bohr 

1     C      -1.7295098857    3.8389631430    1.3976624988
2     C       0.9104710025    3.7008014423    1.5005358615
3     C       2.1877273695    1.3972003676    1.2288036806
4     C       0.9319873471   -0.8069083114    0.9087187067
5     C      -3.0821870443    1.6693142021    1.0911171462
6     H      -2.6614542128    5.6520618523    1.5357999768
7     H       2.0376641853    5.3911750768    1.7704189548
8     H       1.9496905226   -2.5733409581    0.7047490479
9     H      -5.1282995062    1.6967878960    1.0206399504
10    N       5.0017070863    1.4014204802    1.2404125919
11    O       6.0083480034   -0.5973516196    0.8572783740
12    O       5.9916333457    3.4062911756    1.6497782289
13    C      -1.8350329127   -0.8102464665    1.0563778444
14    H      -2.1905039786   -1.5388394832    2.9690767726
15    Br     -3.4635204967   -3.3049910683   -1.0329085339

 Number of nodes, processes per node used for SCF calculation: 1, 4

Common Options
{
  maxiter       = 100
  basis         = 6-311g* spherical
  geom_units    = angstrom
  ang2au factor = 1.889726126
  debug         = false
  file_prefix   = meta_th18_ph234_qed_ccsd_input
}

SCF Options
{
  charge            = 1
  multiplicity      = 1
  level shift       = 0
  tol_int           = 1e-22
  tol_sch           = 1e-12
  tol_lindep        = 1e-10
  conve             = 1e-07
  convd             = 1e-05
  diis_hist         = 10
  AO_tilesize       = 30
  writem            = 10
  damp              = 100
  n_lindep          = 0
  scf_type          = restricted
  cuscf             = false
  qed_omegas        = [0.06615,]
  qed_lambdas       = [0.1,]
  qed_polvecs       = [[-0.181635632,-0.25,0.9510565163,],]
  direct_df         = false
  restart_size      = 2000
  restart           = false
  debug             = false
}

Number of basis functions = 221

Total number of shells = 105

Total number of electrons = 98
  # of alpha electrons    = 49
  # of beta electons      = 49

Nuclear repulsion energy  = 729.777501188737

# of {all,non-negligible} shell-pairs = {5565,4861}
Number of AO tiles = 105

Time for initial setup: 0.01 secs
HF exch = 1.00

Time for computing 1-e integrals T, V, S: 0.01 secs
Time for computing orthogonalizer: 0.01 secs

Superposition of Atomic Density Guess ...
Time taken for SAD: 0.29 secs
Total Time to compute initial guess: 0.29 secs


 SCF iterations
-----------------------------------------------------------------------------
 Iter     Energy            E-Diff       RMSD        |[F,P]|^2       Time(s)
-----------------------------------------------------------------------------
   1  -3011.6945929773    -3.01e+03     1.72e-02     1.49e+03         0.6 
   2  -3005.8472027633     5.85e+00     7.15e-03     7.26e+00         2.1 
   3  -3006.0202945999    -1.73e-01     2.98e-03     3.77e+00         2.1 
   4  -3006.1288559918    -1.09e-01     1.19e-03     1.01e-01         2.0 
   5  -3006.1350561675    -6.20e-03     2.54e-04     8.95e-03         2.1 
   6  -3006.1356273235    -5.71e-04     1.92e-04     1.57e-03         2.1 
   7  -3006.1358151868    -1.88e-04     8.36e-05     2.82e-04         2.1 
   8  -3006.1358495855    -3.44e-05     2.91e-05     4.19e-05         2.1 
   9  -3006.1358544857    -4.90e-06     1.15e-05     4.30e-06         2.1 
  10  -3006.1358550255    -5.40e-07     3.51e-06     4.24e-07         2.1 
  11  -3006.1358550726    -4.70e-08     1.17e-06     9.09e-08         2.1 

** Total SCF energy = -3006.1358550725804

Nuclear repulsion energy = 729.777501188736551
#electrons        = 98
1e energy kinetic = 3006.1632400618191241
1e energy N-e     = -8612.9779749143526715
1e energy         = -5606.4087327529014146
2e energy         = 1870.7286102096090872
QED energy        = 0.1727683816054427
QED eT energy     = 0.1456811984003478
QED eT energy from matrix = 0.1456811984003450

 Polarizability Matrix (QED energy = 0.5 * lambda.dot(matrix * lambda))
[41.38721719,  1.66419545,  0.97751317]
[ 1.66419545, 45.07970101,  2.52538363]
[ 0.97751317,  2.52538363, 35.11105069]

 Polarizability Matrix (QED eT energy = 0.5 * lambda.dot(matrix * lambda))
[37.75548873,  1.94063342,  1.22398394]
[ 1.94063342, 42.21625821,  3.17413264]
[ 1.22398394,  3.17413264, 29.85945963]


                      Electron        Nuclear        Total  
                  ------------------------------------------
    Monopole         -98.000000     99.000000      1.000000

      Dipole   X       9.800199    -11.903585     -2.103385
      Dipole   Y      22.126064    -20.830637      1.295427
      Dipole   Z     -42.309737     43.687521      1.377784

  Quadrupole  XX   -1401.512365   1351.165229    -50.347137
  Quadrupole  XY    -543.884603    542.121824     -1.762779
  Quadrupole  XZ    -263.449293    261.179141     -2.270152
  Quadrupole  YY    -809.281831    771.488315    -37.793516
  Quadrupole  YZ    -260.578797    263.291668      2.712872
  Quadrupole  ZZ    -191.234055    144.695883    -46.538172

    Octupole XXX   -2684.213361   2557.760561   -126.452800
    Octupole XXY      29.018717    -44.571228    -15.552511
    Octupole XXZ    -760.476207    723.044100    -37.432107
    Octupole XYY     790.162007   -822.493401    -32.331395
    Octupole XYZ     134.898477   -145.441581    -10.543104
    Octupole XZZ     -61.342532     48.914132    -12.428400
    Octupole YYY     -65.668999     73.195503      7.526504
    Octupole YYZ    -202.023906    180.151505    -21.872402
    Octupole YZZ    -103.304385     89.642497    -13.661888
    Octupole ZZZ    -208.059687    119.666229    -88.393458

writing orbitals and density to disk ... done.

Total Time taken for Hartree-Fock: 22.77 secs

CD Options
{
  debug             = false
  skip_cd           = [false, 100]
  write_cv          = [false, 5000]
  diagtol           = 1e-06
  itilesize         = 1000
  max_cvecs_factor  = 12
}

- #occupied, #virtual = 98, 344

- Tilesize for the MSO space: 40

-----------------------------------------------------
Begin 2-index transformation ... 

nAO, nMO, nelectrons = 221, 442, 98
n_occ_alpha, n_vir_alpha, n_occ_beta, n_vir_beta = 49,172,49,172

Time taken for Fao->Fmo transform: 0.00 secs

-----------------------------------------------------
Number of AO tiles = 105
# of {all,non-negligible} shell-pairs = {5565,4861}

    Begin Cholesky Decomposition
---------------------------------------------
Total # of mpi ranks used for Cholesky decomposition: 4
  --> Number of nodes, mpi ranks per node: 1, 4
- CPU memory required for computing cholesky vectors: 1.93 GiB

- Time for computing the diagonal: 0.01 secs

- Total number of cholesky vectors = 1646

- Time to compute cholesky vectors: 15.82 secs

- CPU memory required for resizing the ao cholesky tensor: 1.56 GiB
- CPU memory required for ao2mo transformation: 1.70 GiB
- CPU memory required for the 2-step contraction: 2.11 GiB

- Time for ao to mo transform: 1.58 secs

   End Cholesky Decomposition
---------------------------------------------

Total Time taken for Cholesky Decomposition: 19.37 secs

scf_type = restricted
Closed-Shell SCF
QED-HF Enabled
nbf = 203
nbf_orig = 221
n_lindep = 0
focc = 1
nmo = 406
nocc = 62
nvir = 344
n_occ_alpha = 31
n_vir_alpha = 172
n_occ_beta = 31
n_vir_beta = 172
nelectrons = 98
nelectrons_alpha = 49
nelectrons_beta = 49
freeze atomic = true
n_frozen_core = 18
n_frozen_virtual = 0
----------------------------
--------- QED-CCSD --------
lambda_x: -0.0182
lambda_y: -0.0250
lambda_z: 0.0951
omega: 0.066150
coupling_factor_x: -0.003303
coupling_factor_y: -0.004547
coupling_factor_z: 0.017296
----------------------------
# of {all,non-negligible} shell-pairs = {5565,4861}
Number of AO tiles = 105
----------------------------
Electronic dipole expectation value using SCF density: 
dipole_x_elec: 9.80023657
dipole_y_elec: 22.12634695
dipole_z_elec: -42.30968592

d_n/N value: d_n is nuclear dipole moment and N is the total number of electrons 
d_nuc_x: -0.12146515
d_nuc_y: -0.21255752
d_nuc_z: 0.44579103

<d_e+d_n> expectation values: 
dipole_total_x: -2.10334815
dipole_total_y: 1.29571001
dipole_total_z: 1.37783550
----------------------------


 CCSD iterations
------------------------------------------------------------
  Iter     Residuum          Correlation          Time(s)
------------------------------------------------------------
   1     1.1854225162653    0.0000000000000         87.89
   2     0.1657075395718   -1.6880036883565         87.61
   3     0.0669191600263   -1.6198016773198         87.64
   4     0.0195278411251   -1.6898424680240         87.57
   5     0.0153427934633   -1.6804023566725         86.66
 MICROCYCLE DIIS UPDATE:                    6
   6     0.0063084338151   -1.6892734885030         85.06
   7     0.0036102367166   -1.6891890838088         85.09
   8     0.0023222130740   -1.6901264609094         85.44
   9     0.0015039505271   -1.6901795513496         85.14
  10     0.0011950651892   -1.6904371369865         84.80
 MICROCYCLE DIIS UPDATE:                   11
  11     0.0003397227793   -1.6906439619671         84.31
  12     0.0002556729075   -1.6907576812804         84.26
  13     0.0001660225046   -1.6907260633657         84.59
  14     0.0001397718771   -1.6907313785737         84.35
  15     0.0000995466434   -1.6907269207995         84.15
 MICROCYCLE DIIS UPDATE:                   16
  16     0.0000363646175   -1.6907133562794         84.24
  17     0.0000209984983   -1.6907286854154         84.34
  18     0.0000155738016   -1.6907312869135         84.36
  19     0.0000110271699   -1.6907322859673         84.45
  20     0.0000092935389   -1.6907329649122         84.74
 MICROCYCLE DIIS UPDATE:                   21
  21     0.0000035242536   -1.6907334336737         84.43
  22     0.0000027875397   -1.6907342495959         84.48
  23     0.0000017105022   -1.6907339847657         84.36
  24     0.0000015252141   -1.6907339310346         84.25
  25     0.0000010356844   -1.6907338988445         84.30
 MICROCYCLE DIIS UPDATE:                   26
  26     0.0000004212193   -1.6907336200022         84.70
------------------------------------------------------------------
 Iterations converged
 CCSD correlation energy / hartree =        -1.690733620002180
 CCSD total energy / hartree       =     -3007.826588692582391

Time taken for spin-orbital canonical QED-CCSD: 2269.41 secs
