
ExaChem Git Information
{
 WARNING: Failed to retrieve the current git state.
}


TAMM Git Information
{
 Branch: main
 Commit Hash: e71357ad [e71357ad54f38748b4a7e175aa6760820d5ce96f]
 Commit Date: 2026-02-02 23:14:56 -0800
 Commit Message: add GitHub Actions workflow for releases
}


date: Thu Aug  6 01:56:06 2026
program: "/global/cfs/cdirs/m3196/heindelj/cavity_qed/software/install_gpu/bin/bin/ExaChem"
nnodes: 1, nproc_per_node: 4, nproc_total: 4, ngpus_per_node: 1, ngpus_total: 1

Memory information
{
[AMD EPYC 7763 64-Core Processor                ] : 
  CPU memory per node (GiB): 251
  Total CPU memory (GiB): 251
[NVIDIA A100-SXM4-40GB, CUDA v12.9] : 
  GPU memory per device (GiB): 39
  GPU memory per node (GiB): 39
  Total GPU memory (GiB): 39
}

------------------------------------------------------------

Input file provided: /global/cfs/cdirs/m4262/heindelj/cavity_qed/mlip/lambda_scans/grid_scans_optimized_geoms/runs_grid_no_freq/ortho_th36_ph270/ortho_th36_ph270_qed_ccsd_input.json

{
  "geometry": {
    "coordinates": [
      "C    -1.786761539000    1.955903214200    0.714047408800",
      "C    -0.368540089100    1.985813222000    0.716564062900",
      "C     0.302728819700    0.824687290000    0.649407401400",
      "C    -2.517292789900    0.778094127600    0.672199796200",
      "H    -2.316305732600    2.898887163100    0.754381726200",
      "H     0.169721061600    2.920250606700    0.778671806200",
      "H    -3.597536526800    0.796536795000    0.662748886800",
      "N     1.787466879900    0.849070457400    0.708700193100",
      "O     2.344073123100   -0.153376889800    0.343935665600",
      "O     2.288706393400    1.863576212300    1.112032761900",
      "C    -1.837092207600   -0.408935301300    0.702878367900",
      "H    -2.368607312700   -1.347381989100    0.768541658700",
      "C    -0.371857018200   -0.482230405100    0.672734537700",
      "H     0.037638240300   -1.107063542400    1.458093073500",
      "Br   -0.119842257400   -1.589354146200   -0.925209293100"
    ],
    "units": "angstrom",
    "noorient": true
  },
  "common": {
    "maxiter": 100,
    "debug": false
  },
  "basis": {
    "basisset": "6-311G*"
  },
  "SCF": {
    "charge": 1,
    "multiplicity": 1,
    "lshift": 0,
    "tol_lindep": 1e-10,
    "conve": 1e-07,
    "convd": 1e-05,
    "diis_hist": 10,
    "writem": 10,
    "restart": false,
    "noscf": false,
    "scf_type": "restricted",
    "debug": false,
    "qed_omegas": [
      0.06615
    ],
    "qed_volumes": [],
    "qed_lambdas": [
      0.1
    ],
    "qed_polvecs": [
      [
        -1.079743991708995e-16,
        -0.5877852522924731,
        0.8090169943749475
      ]
    ],
    "direct_df": false
  },
  "CD": {
    "debug": false,
    "diagtol": 1e-06
  },
  "CC": {
    "threshold": 1e-06,
    "ndiis": 5,
    "ccsd_maxiter": 200,
    "tilesize": 40,
    "freeze": {
      "atomic": true
    },
    "readt": false,
    "writet": true,
    "writet_iter": 5,
    "debug": false,
    "profile_ccsd": false,
    "balance_tiles": true
  },
  "TASK": {
    "scf": false,
    "ccsd": true
  }
}

Output folder & files prefix: ortho_th36_ph270_qed_ccsd_input.6-311g*

  C (carbon)
  ----------
          Exponent        Coefficients
      ----------------  --------------------
  1 S  4.56324000E+03      0.778202
  1 S  6.82024000E+02      1.448695
  1 S  1.54973000E+02      2.383089
  1 S  4.44553000E+01      3.200089
  1 S  1.30290000E+01      3.013004
  1 S  1.82773000E+00      0.247599

  2 S  2.09642000E+01      0.800629
  2 S  4.80331000E+00      2.127420
  2 S  1.45933000E+00     -0.002868

  3 P  2.09642000E+01      2.573592
  3 P  4.80331000E+00      2.408248
  3 P  1.45933000E+00      1.865281

  4 S  4.83456000E-01      0.413217

  5 P  4.83456000E-01      0.574627

  6 S  1.45585000E-01      0.167976

  7 P  1.45585000E-01      0.128185

  8 D  6.26000000E-01      0.725128


  H (hydrogen)
  ------------
          Exponent        Coefficients
      ----------------  --------------------
  1 S  3.38650000E+01      0.255069
  1 S  5.09479000E+00      0.460109
  1 S  1.15879000E+00      0.678321

  2 S  3.25840000E-01      0.307371

  3 S  1.02741000E-01      0.129336


  N (nitrogen)
  ------------
          Exponent        Coefficients
      ----------------  --------------------
  1 S  6.29348000E+03      0.991968
  1 S  9.49044000E+02      1.823240
  1 S  2.18776000E+02      2.979891
  1 S  6.36916000E+01      4.000007
  1 S  1.88282000E+01      3.881008
  1 S  2.72023000E+00      0.386764

  2 S  3.06331000E+01      1.038501
  2 S  7.02614000E+00      2.834794
  2 S  2.11205000E+00     -0.003208

  3 P  3.06331000E+01      3.935616
  3 P  7.02614000E+00      3.870994
  3 P  2.11205000E+00      2.967271

  4 S  6.84009000E-01      0.536051

  5 P  6.84009000E-01      0.886681

  6 S  2.00878000E-01      0.213850

  7 P  2.00878000E-01      0.191693

  8 D  9.13000000E-01      1.403568


  O (oxygen)
  ----------
          Exponent        Coefficients
      ----------------  --------------------
  1 S  8.58850000E+03      1.205013
  1 S  1.29723000E+03      2.216205
  1 S  2.99296000E+02      3.627452
  1 S  8.73771000E+01      4.888452
  1 S  2.56789000E+01      4.835721
  1 S  3.74004000E+00      0.538229

  2 S  4.21175000E+01      1.341958
  2 S  9.62837000E+00      3.587114
  2 S  2.85332000E+00     -0.005123

  3 P  4.21175000E+01      5.584018
  3 P  9.62837000E+00      5.733366
  3 P  2.85332000E+00      4.332955

  4 S  9.05661000E-01      0.661659

  5 P  9.05661000E-01      1.259352

  6 S  2.55611000E-01      0.256209

  7 P  2.55611000E-01      0.259068

  8 D  1.29200000E+00      2.577026


  Br (bromine)
  ------------
          Exponent        Coefficients
      ----------------  --------------------
  1 S  4.39700000E+05      9.893706
  1 S  6.60300000E+04     18.450679
  1 S  1.51400000E+04     31.049770
  1 S  4.31700000E+03     48.888138
  1 S  1.41400000E+03     64.847798
  1 S  5.23900000E+02     42.245010

  2 S  5.23900000E+02     14.290679
  2 S  2.07700000E+02     24.083128
  2 S  8.65400000E+01      5.132542

  3 S  3.05200000E+01      9.254405

  4 S  1.29800000E+01      4.873782

  5 S  4.41200000E+00      2.169635

  6 S  1.86200000E+00      1.136043

  7 S  3.93200000E-01      0.353892

  8 S  1.40000000E-01      0.163120

  9 P  2.95700000E+03    691.874478
  9 P  7.00300000E+02    925.332763
  9 P  2.24600000E+02   1068.830732

  10 P  8.25900000E+01    122.079275
  10 P  3.31900000E+01     57.580687
  10 P  1.42000000E+01     10.176170

  11 P  1.42000000E+01      3.129736
  11 P  7.43800000E+00      6.538168
  11 P  3.52600000E+00      4.166276

  12 P  1.59500000E+00      2.555000

  13 P  8.46200000E-01      1.156861

  14 P  3.18600000E-01      0.341191

  15 P  1.09600000E-01      0.089888

  16 D  1.34800000E+02    160.709187
  16 D  3.63900000E+01    119.797406
  16 D  1.21600000E+01     55.531619
  16 D  4.34100000E+00     12.984636

  17 D  1.53500000E+00      3.484168

  18 D  4.51000000E-01      0.408525



Printing Internal Coordinates

------------------------------------------------------------
                Bond Lengths

i      j        Length (Angstroms)     Length (Bohr)
0      1          1.4185390453         2.6806502945
0      3          1.3866006547         2.6202954834
0      4          1.0822488799         2.0451539831
1      2          1.3428795162         2.5376745057
1      5          1.0801646467         2.0412153532
2      7          1.4861215567         2.8083627320
2      12         1.4709330609         2.7796606347
3      6          1.0804424940         2.0417404084
3      10         1.3684490754         2.5859939698
7      8          1.2032307985         2.2737766754
7      9          1.2013076782         2.2701425047
10     11         1.0805101390         2.0418682390
10     12         1.4673769056         2.7729404750
12     13         1.0839238193         2.0483191597
12     14         1.9602701100         3.7043736407

Number of Bonds: 15

------------------------------------------------------------
           Bond Angles

i      j      k      Angle (degrees)
0      1      2        118.7795 
0      1      5        121.1008 
0      3      6        120.8317 
0      3      10       118.3111 
1      0      3        123.0039 
1      0      4        118.0831 
1      2      7        118.8963 
1      2      12       122.5613 
2      1      5        120.1181 
2      7      8        115.8743 
2      7      9        116.3663 
2      12     10       114.4493 
2      12     13       110.5124 
2      12     14       115.4624 
3      0      4        118.9113 
3      10     11       120.6793 
3      10     12       122.6293 
6      3      10       120.7952 
7      2      12       118.1726 
8      7      9        127.7594 
10     12     13       113.0259 
10     12     14        99.9815 
11     10     12       116.6833 
13     12     14       102.5029 

Number of Angles: 24

------------------------------------------------------------
              Torsional Angles

i      j      k      l      Angle (degrees)
3      0      1      2          1.3306 
4      0      1      2       -179.1485 
5      1      0      3       -178.2074 
5      1      0      4          1.3136 
6      3      0      1       -179.4462 
6      3      0      4          1.0366 
10     3      0      1          3.3947 
10     3      0      4       -176.1225 
11     10     3      0        174.0532 
11     10     3      6         -3.1070 

Number of Torsional Angles: 10


----------------------------------------------------------------------
                          Center of Mass

         x               y               z              Unit
   0.01216804052   -0.1366739092   0.06535448423      Angstrom
   0.02299426407   -0.2582762569    0.1235020763          Bohr

----------------------------------------------------------------------
                Moment of Inertia Tensor

           1903.58          -118.703          -68.9582
          -118.703            1912.8          -719.968
          -68.9582          -719.968           2854.09

----------------------------------------------------------------------
                      Principal Moments of Inertia

           x                 y                 z                Unit
       414.1487511       545.4703507       908.3026476       amu * ang^2
        1478.95204       1947.909986       3243.607641      amu * bohr^2
  6.8771065003e-38  9.0577544520e-38  1.5082730600e-37          g * cm^2

 - Molecule is an asymmetric top.

----------------------------------------------------------------------

         Rotational constants (MHz)

    A = 1.2203e+03        B = 9.2650e+02        C = 5.5640e+02

----------------------------------------------------------------------

        Rotational constants (cm-1)

    A = 4.0704e-02        B = 3.0905e-02        C = 1.8559e-02

----------------------------------------------------------------------

                                Z-Matrix
C   
C        1       2.6806503
C        2       2.5376745     1       118.77955
C        3      5.32996987     2     60.92797256     1         -0.6276
H        4      4.02866952     3     83.66260492     2          0.7481
H        5      4.69830747     4     95.92309837     3         -1.0456
H        6      8.17529424     5     28.93004690     4         -0.0015
N        7     10.17703632     6     28.86627582     5        179.8480
O        8      2.27377668     7    116.86183760     6       -162.1638
O        9      4.07985632     8     26.09783646     7       -178.3627
C       10      8.93461433     9     62.77776948     8          7.5396
H       11      2.04186824    10    147.29394400     9         35.2794
C       12      4.11625470    11     37.00704010    10        -14.3561
H       13      2.04831916    12     94.90412231    11        135.4157
Br      14      4.60470636    13     51.75745146    12         86.9292

----------------------------------------------------------------------

             Converted back to Cartesian

C        0.000000      0.000000      0.000000
C        0.000000      0.000000      2.680650
C        0.000000      0.091799      0.144637
C        0.000019     -0.199829      5.466622
H       -0.000038      0.123033      1.450911
H        0.000130     -0.390156      6.121107
H       -0.000216      0.574398     -1.997087
N       -0.004620     -0.715016      8.097935
O        0.004720     -0.347271      5.854113
O       -0.013628     -1.039065      9.874848
C        0.034521      0.643825      1.100288
H        0.018278      0.169822      3.086310
C        0.053868      1.170360     -0.906334
H        0.030103      0.615566      1.065277
Br       0.089020      1.932275     -3.346766

----------------------------------------------------------------------
                       Geometry in bohr 

1     C      -3.3764899610    3.6961214036    1.3493540435
2     C      -0.6964398348    3.7526431268    1.3541098305
3     C       0.5720745597    1.5584331176    1.2272021328
4     C      -4.7569939516    1.4703848013    1.2702735167
5     H      -4.3771834585    5.4781028082    1.4255748569
6     H       0.3207263242    5.5184738657    1.4714764557
7     H      -6.7983587636    1.5052363918    1.2524138863
8     N       3.3778228621    1.6045106261    1.3392492703
9     O       4.4296562218   -0.2898403158    0.6499442129
10    O       4.3250282661    3.5216486560    2.1014373630
11    C      -3.4716011404   -0.7727757227    1.3282476152
12    H      -4.4760191208   -2.5461829464    1.4523332513
13    C      -0.7027079224   -0.9112833952    1.2712840317
14    H       0.0711259660   -2.0920468991    2.7553965750
15    Br     -0.2264690448   -3.0034440534   -1.7483921731

 Number of nodes, processes per node used for SCF calculation: 1, 4

Common Options
{
  maxiter       = 100
  basis         = 6-311g* spherical
  geom_units    = angstrom
  ang2au factor = 1.889726126
  debug         = false
  file_prefix   = ortho_th36_ph270_qed_ccsd_input
}

SCF Options
{
  charge            = 1
  multiplicity      = 1
  level shift       = 0
  tol_int           = 1e-22
  tol_sch           = 1e-12
  tol_lindep        = 1e-10
  conve             = 1e-07
  convd             = 1e-05
  diis_hist         = 10
  AO_tilesize       = 30
  writem            = 10
  damp              = 100
  n_lindep          = 0
  scf_type          = restricted
  cuscf             = false
  qed_omegas        = [0.06615,]
  qed_lambdas       = [0.1,]
  qed_polvecs       = [[-1.079743992e-16,-0.5877852523,0.8090169944,],]
  direct_df         = false
  restart_size      = 2000
  restart           = false
  debug             = false
}

Number of basis functions = 221

Total number of shells = 105

Total number of electrons = 98
  # of alpha electrons    = 49
  # of beta electons      = 49

Nuclear repulsion energy  = 774.465840350899

# of {all,non-negligible} shell-pairs = {5565,4986}
Number of AO tiles = 105

Time for initial setup: 0.01 secs
HF exch = 1.00

Time for computing 1-e integrals T, V, S: 0.01 secs
Time for computing orthogonalizer: 0.01 secs

Superposition of Atomic Density Guess ...
Time taken for SAD: 0.28 secs
Total Time to compute initial guess: 0.29 secs


 SCF iterations
-----------------------------------------------------------------------------
 Iter     Energy            E-Diff       RMSD        |[F,P]|^2       Time(s)
-----------------------------------------------------------------------------
   1  -3011.6799830374    -3.01e+03     1.67e-02     1.49e+03         0.6 
   2  -3005.8202200654     5.86e+00     7.14e-03     7.62e+00         2.2 
   3  -3005.9838218970    -1.64e-01     3.17e-03     4.41e+00         2.2 
   4  -3006.1110371632    -1.27e-01     1.09e-03     1.11e-01         2.2 
   5  -3006.1171693749    -6.13e-03     2.45e-04     1.09e-02         2.1 
   6  -3006.1177018310    -5.32e-04     1.44e-04     1.21e-03         2.2 
   7  -3006.1178384604    -1.37e-04     6.42e-05     3.86e-04         2.2 
   8  -3006.1178726039    -3.41e-05     3.47e-05     8.18e-05         2.2 
   9  -3006.1178814985    -8.89e-06     1.41e-05     9.00e-06         2.2 
  10  -3006.1178828490    -1.35e-06     5.88e-06     2.15e-06         2.2 
  11  -3006.1178831036    -2.55e-07     3.60e-06     4.31e-07         2.2 
  12  -3006.1178831824    -7.88e-08     1.51e-06     8.89e-08         2.2 

** Total SCF energy = -3006.1178831823572

Nuclear repulsion energy = 774.465840350899271
#electrons        = 98
1e energy kinetic = 3006.1834628303386125
1e energy N-e     = -8702.3935110537058790
1e energy         = -5695.6164381528051308
2e energy         = 1915.4458105099006389
QED energy        = 0.1805141802100073
QED eT energy     = 0.1562881515891372
QED eT energy from matrix = 0.1562881515891404

 Polarizability Matrix (QED energy = 0.5 * lambda.dot(matrix * lambda))
[40.84220668, -1.51638495, -0.73085683]
[-1.51638495, 45.26074623,  3.65522695]
[-0.73085683,  3.65522695, 36.58006019]

 Polarizability Matrix (QED eT energy = 0.5 * lambda.dot(matrix * lambda))
[37.14349784, -1.63625609, -0.79079187]
[-1.63625609, 42.31863854,  4.30806849]
[-0.79079187,  4.30806849, 31.67891173]


                      Electron        Nuclear        Total  
                  ------------------------------------------
    Monopole         -98.000000     99.000000      1.000000

      Dipole   X       0.550791     -4.096839     -3.546048
      Dipole   Y       8.558024     -7.409778      1.148247
      Dipole   Z     -24.032479     25.352093      1.319614

  Quadrupole  XX    -799.786370    758.131497    -41.654873
  Quadrupole  XY     -50.742747     44.889539     -5.853208
  Quadrupole  XZ     -27.942441     22.614508     -5.327933
  Quadrupole  YY    -746.373259    709.793642    -36.579617
  Quadrupole  YZ    -333.235574    334.868965      1.633391
  Quadrupole  ZZ    -280.962244    234.647380    -46.314864

    Octupole XXX     -72.620253     -6.633723    -79.253977
    Octupole XXY   -1138.412398   1136.206014     -2.206385
    Octupole XXZ   -1020.156309   1005.719474    -14.436835
    Octupole XYY     112.842813   -149.161816    -36.319002
    Octupole XYZ     -98.433378     87.562864    -10.870514
    Octupole XZZ     -21.900346     29.181723      7.281377
    Octupole YYY    -398.176016    394.579836     -3.596180
    Octupole YYZ     -82.575806     63.437240    -19.138565
    Octupole YZZ      52.570148    -80.607391    -28.037243
    Octupole ZZZ     -97.429823     17.633838    -79.795985

writing orbitals and density to disk ... done.

Total Time taken for Hartree-Fock: 25.82 secs

CD Options
{
  debug             = false
  skip_cd           = [false, 100]
  write_cv          = [false, 5000]
  diagtol           = 1e-06
  itilesize         = 1000
  max_cvecs_factor  = 12
}

- #occupied, #virtual = 98, 344

- Tilesize for the MSO space: 40

-----------------------------------------------------
Begin 2-index transformation ... 

nAO, nMO, nelectrons = 221, 442, 98
n_occ_alpha, n_vir_alpha, n_occ_beta, n_vir_beta = 49,172,49,172

Time taken for Fao->Fmo transform: 0.00 secs

-----------------------------------------------------
Number of AO tiles = 105
# of {all,non-negligible} shell-pairs = {5565,4986}

    Begin Cholesky Decomposition
---------------------------------------------
Total # of mpi ranks used for Cholesky decomposition: 4
  --> Number of nodes, mpi ranks per node: 1, 4
- CPU memory required for computing cholesky vectors: 1.93 GiB

- Time for computing the diagonal: 0.01 secs

- Total number of cholesky vectors = 1645

- Time to compute cholesky vectors: 13.54 secs

- CPU memory required for resizing the ao cholesky tensor: 1.56 GiB
- CPU memory required for ao2mo transformation: 1.70 GiB
- CPU memory required for the 2-step contraction: 2.11 GiB

- Time for ao to mo transform: 1.55 secs

   End Cholesky Decomposition
---------------------------------------------

Total Time taken for Cholesky Decomposition: 17.09 secs

scf_type = restricted
Closed-Shell SCF
QED-HF Enabled
nbf = 203
nbf_orig = 221
n_lindep = 0
focc = 1
nmo = 406
nocc = 62
nvir = 344
n_occ_alpha = 31
n_vir_alpha = 172
n_occ_beta = 31
n_vir_beta = 172
nelectrons = 98
nelectrons_alpha = 49
nelectrons_beta = 49
freeze atomic = true
n_frozen_core = 18
n_frozen_virtual = 0
----------------------------
--------- QED-CCSD --------
lambda_x: -0.0000
lambda_y: -0.0588
lambda_z: 0.0809
omega: 0.066150
coupling_factor_x: -0.000000
coupling_factor_y: -0.010690
coupling_factor_z: 0.014713
----------------------------
# of {all,non-negligible} shell-pairs = {5565,4986}
Number of AO tiles = 105
----------------------------
Electronic dipole expectation value using SCF density: 
dipole_x_elec: 0.55049083
dipole_y_elec: 8.55783547
dipole_z_elec: -24.03240112

d_n/N value: d_n is nuclear dipole moment and N is the total number of electrons 
d_nuc_x: -0.04180448
d_nuc_y: -0.07560998
d_nuc_z: 0.25869483

<d_e+d_n> expectation values: 
dipole_total_x: -3.54634836
dipole_total_y: 1.14805792
dipole_total_z: 1.31969237
----------------------------


 CCSD iterations
------------------------------------------------------------
  Iter     Residuum          Correlation          Time(s)
------------------------------------------------------------
   1     1.1863317400866    0.0000000000000         84.87
   2     0.1704096938006   -1.7010558945497         84.04
   3     0.0705381631220   -1.6249081131673         83.75
   4     0.0224143168009   -1.7024943947828         83.97
   5     0.0170738238404   -1.6886970902376         84.07
 MICROCYCLE DIIS UPDATE:                    6
   6     0.0064181807427   -1.6992805543463         83.48
   7     0.0034115647366   -1.6991335123179         83.40
   8     0.0024918613222   -1.7000932958679         83.66
   9     0.0013681739307   -1.7001386340393         83.95
  10     0.0014167920449   -1.7003839810393         83.57
 MICROCYCLE DIIS UPDATE:                   11
  11     0.0004459402715   -1.7005911774543         83.82
  12     0.0004207777213   -1.7006981472029         83.89
  13     0.0002375870969   -1.7006657892516         83.81
  14     0.0002589908673   -1.7006621742774         83.80
  15     0.0001512992184   -1.7006628798775         84.04
 MICROCYCLE DIIS UPDATE:                   16
  16     0.0000590628910   -1.7006448024538         83.74
  17     0.0000485779774   -1.7006640509927         83.82
  18     0.0000301331854   -1.7006689797395         83.56
  19     0.0000303362688   -1.7006696544158         83.49
  20     0.0000194178049   -1.7006712489429         84.09
 MICROCYCLE DIIS UPDATE:                   21
  21     0.0000085810928   -1.7006716335128         83.62
  22     0.0000066746064   -1.7006737572023         84.02
  23     0.0000044540637   -1.7006730008720         83.72
  24     0.0000041756455   -1.7006727525781         83.64
  25     0.0000030384278   -1.7006727018650         83.81
 MICROCYCLE DIIS UPDATE:                   26
  26     0.0000013629215   -1.7006718539202         82.73
  27     0.0000009033824   -1.7006724861948         83.38
------------------------------------------------------------------
 Iterations converged
 CCSD correlation energy / hartree =        -1.700672486194795
 CCSD total energy / hartree       =     -3007.818555668552108

Time taken for spin-orbital canonical QED-CCSD: 2317.06 secs
