
ExaChem Git Information
{
 WARNING: Failed to retrieve the current git state.
}


TAMM Git Information
{
 Branch: main
 Commit Hash: e71357ad [e71357ad54f38748b4a7e175aa6760820d5ce96f]
 Commit Date: 2026-02-02 23:14:56 -0800
 Commit Message: add GitHub Actions workflow for releases
}


date: Mon Aug 10 15:39:37 2026
program: "/global/cfs/cdirs/m3196/heindelj/cavity_qed/software/install_gpu/bin/bin/ExaChem"
nnodes: 1, nproc_per_node: 4, nproc_total: 4, ngpus_per_node: 1, ngpus_total: 1

Memory information
{
[AMD EPYC 7763 64-Core Processor                ] : 
  CPU memory per node (GiB): 251
  Total CPU memory (GiB): 251
[NVIDIA A100-SXM4-40GB, CUDA v12.9] : 
  GPU memory per device (GiB): 39
  GPU memory per node (GiB): 39
  Total GPU memory (GiB): 39
}

------------------------------------------------------------

Input file provided: /global/cfs/cdirs/m4262/heindelj/cavity_qed/mlip/lambda_scans/grid_scans_optimized_geoms/runs_grid_no_freq/meta_th63_ph162/meta_th63_ph162_qed_ccsd_input.json

{
  "geometry": {
    "coordinates": [
      "C    -0.913293515600    2.018274608500    0.762635129300",
      "C     0.483714544300    1.956277645700    0.720015402100",
      "C     1.153835135100    0.724209271100    0.672917551200",
      "C     0.489234553000   -0.448846981000    0.658056514800",
      "C    -1.616459553800    0.858965679400    0.755945684800",
      "H    -1.400162261800    2.978674460400    0.798167401200",
      "H     1.075438657400    2.865362603200    0.713829058200",
      "H     1.018989103700   -1.390005319100    0.628780039300",
      "H    -2.693726283800    0.868180363900    0.787919800300",
      "N     2.633719681900    0.731793578700    0.621155395100",
      "O     3.157910151900   -0.329011664500    0.816958846700",
      "O     3.151580788300    1.796381490500    0.406188407100",
      "C    -0.974671811600   -0.457140796600    0.680970338600",
      "H    -1.342730577600   -1.140320266900    1.448522231100",
      "Br   -1.615211887600   -1.231195717800   -1.000604134900"
    ],
    "units": "angstrom",
    "noorient": true
  },
  "common": {
    "maxiter": 100,
    "debug": false
  },
  "basis": {
    "basisset": "6-311G*"
  },
  "SCF": {
    "charge": 1,
    "multiplicity": 1,
    "lshift": 0,
    "tol_lindep": 1e-10,
    "conve": 1e-07,
    "convd": 1e-05,
    "diis_hist": 10,
    "writem": 10,
    "restart": false,
    "noscf": false,
    "scf_type": "restricted",
    "debug": false,
    "qed_omegas": [
      0.06615
    ],
    "qed_volumes": [],
    "qed_lambdas": [
      0.1
    ],
    "qed_polvecs": [
      [
        -0.8473975608908426,
        0.2753361580731584,
        0.45399049973954686
      ]
    ],
    "direct_df": false
  },
  "CD": {
    "debug": false,
    "diagtol": 1e-06
  },
  "CC": {
    "threshold": 1e-06,
    "ndiis": 5,
    "ccsd_maxiter": 200,
    "tilesize": 40,
    "freeze": {
      "atomic": true
    },
    "readt": false,
    "writet": true,
    "writet_iter": 5,
    "debug": false,
    "profile_ccsd": false,
    "balance_tiles": true
  },
  "TASK": {
    "scf": false,
    "ccsd": true
  }
}

Output folder & files prefix: meta_th63_ph162_qed_ccsd_input.6-311g*

  C (carbon)
  ----------
          Exponent        Coefficients
      ----------------  --------------------
  1 S  4.56324000E+03      0.778202
  1 S  6.82024000E+02      1.448695
  1 S  1.54973000E+02      2.383089
  1 S  4.44553000E+01      3.200089
  1 S  1.30290000E+01      3.013004
  1 S  1.82773000E+00      0.247599

  2 S  2.09642000E+01      0.800629
  2 S  4.80331000E+00      2.127420
  2 S  1.45933000E+00     -0.002868

  3 P  2.09642000E+01      2.573592
  3 P  4.80331000E+00      2.408248
  3 P  1.45933000E+00      1.865281

  4 S  4.83456000E-01      0.413217

  5 P  4.83456000E-01      0.574627

  6 S  1.45585000E-01      0.167976

  7 P  1.45585000E-01      0.128185

  8 D  6.26000000E-01      0.725128


  H (hydrogen)
  ------------
          Exponent        Coefficients
      ----------------  --------------------
  1 S  3.38650000E+01      0.255069
  1 S  5.09479000E+00      0.460109
  1 S  1.15879000E+00      0.678321

  2 S  3.25840000E-01      0.307371

  3 S  1.02741000E-01      0.129336


  N (nitrogen)
  ------------
          Exponent        Coefficients
      ----------------  --------------------
  1 S  6.29348000E+03      0.991968
  1 S  9.49044000E+02      1.823240
  1 S  2.18776000E+02      2.979891
  1 S  6.36916000E+01      4.000007
  1 S  1.88282000E+01      3.881008
  1 S  2.72023000E+00      0.386764

  2 S  3.06331000E+01      1.038501
  2 S  7.02614000E+00      2.834794
  2 S  2.11205000E+00     -0.003208

  3 P  3.06331000E+01      3.935616
  3 P  7.02614000E+00      3.870994
  3 P  2.11205000E+00      2.967271

  4 S  6.84009000E-01      0.536051

  5 P  6.84009000E-01      0.886681

  6 S  2.00878000E-01      0.213850

  7 P  2.00878000E-01      0.191693

  8 D  9.13000000E-01      1.403568


  O (oxygen)
  ----------
          Exponent        Coefficients
      ----------------  --------------------
  1 S  8.58850000E+03      1.205013
  1 S  1.29723000E+03      2.216205
  1 S  2.99296000E+02      3.627452
  1 S  8.73771000E+01      4.888452
  1 S  2.56789000E+01      4.835721
  1 S  3.74004000E+00      0.538229

  2 S  4.21175000E+01      1.341958
  2 S  9.62837000E+00      3.587114
  2 S  2.85332000E+00     -0.005123

  3 P  4.21175000E+01      5.584018
  3 P  9.62837000E+00      5.733366
  3 P  2.85332000E+00      4.332955

  4 S  9.05661000E-01      0.661659

  5 P  9.05661000E-01      1.259352

  6 S  2.55611000E-01      0.256209

  7 P  2.55611000E-01      0.259068

  8 D  1.29200000E+00      2.577026


  Br (bromine)
  ------------
          Exponent        Coefficients
      ----------------  --------------------
  1 S  4.39700000E+05      9.893706
  1 S  6.60300000E+04     18.450679
  1 S  1.51400000E+04     31.049770
  1 S  4.31700000E+03     48.888138
  1 S  1.41400000E+03     64.847798
  1 S  5.23900000E+02     42.245010

  2 S  5.23900000E+02     14.290679
  2 S  2.07700000E+02     24.083128
  2 S  8.65400000E+01      5.132542

  3 S  3.05200000E+01      9.254405

  4 S  1.29800000E+01      4.873782

  5 S  4.41200000E+00      2.169635

  6 S  1.86200000E+00      1.136043

  7 S  3.93200000E-01      0.353892

  8 S  1.40000000E-01      0.163120

  9 P  2.95700000E+03    691.874478
  9 P  7.00300000E+02    925.332763
  9 P  2.24600000E+02   1068.830732

  10 P  8.25900000E+01    122.079275
  10 P  3.31900000E+01     57.580687
  10 P  1.42000000E+01     10.176170

  11 P  1.42000000E+01      3.129736
  11 P  7.43800000E+00      6.538168
  11 P  3.52600000E+00      4.166276

  12 P  1.59500000E+00      2.555000

  13 P  8.46200000E-01      1.156861

  14 P  3.18600000E-01      0.341191

  15 P  1.09600000E-01      0.089888

  16 D  1.34800000E+02    160.709187
  16 D  3.63900000E+01    119.797406
  16 D  1.21600000E+01     55.531619
  16 D  4.34100000E+00     12.984636

  17 D  1.53500000E+00      3.484168

  18 D  4.51000000E-01      0.408525



Printing Internal Coordinates

------------------------------------------------------------
                Bond Lengths

i      j        Length (Angstroms)     Length (Bohr)
0      1          1.3990323742         2.6437880285
0      4          1.3559072310         2.5622933187
0      5          1.0773446960         2.0358864186
1      2          1.4033076261         2.6518670837
1      6          1.0847170861         2.0498182168
2      3          1.3483233124         2.5479617896
2      9          1.4808089392         2.7983233399
3      7          1.0804054856         2.0416704728
3      12         1.4641091746         2.7667653583
4      8          1.0777805259         2.0367100178
4      12         1.4661681570         2.7706562713
9      10         1.1993424884         2.2664288343
9      11         1.2032199938         2.2737562574
12     13         1.0914840134         2.0626058562
12     14         1.9588632724         3.7017151029

Number of Bonds: 15

------------------------------------------------------------
           Bond Angles

i      j      k      Angle (degrees)
0      1      2        121.1157 
0      1      6        120.5144 
0      4      8        120.7232 
0      4      12       122.7343 
1      0      4        118.6727 
1      0      5        119.4570 
1      2      3        121.9270 
1      2      9        118.2883 
2      1      6        118.3677 
2      3      7        121.0972 
2      3      12       119.8411 
2      9      10       115.2491 
2      9      11       116.1616 
3      2      9        119.7801 
3      12     4        115.6826 
3      12     13       110.5922 
3      12     14       108.4063 
4      0      5        121.8703 
4      12     13       112.2277 
4      12     14       104.8016 
7      3      12       119.0617 
8      4      12       116.5331 
10     9      11       128.5822 
13     12     14       104.2453 

Number of Angles: 24

------------------------------------------------------------
              Torsional Angles

i      j      k      l      Angle (degrees)
3      2      1      0          0.4242 
3      12     4      0          1.9642 
4      0      1      2         -0.0842 
4      12     3      2         -1.5787 
5      0      1      2       -179.9919 
6      1      0      4        179.3724 
6      1      0      5         -0.5353 
6      1      2      3       -179.0437 
7      3      2      1       -179.5598 
7      3      12     4        178.4568 
8      4      0      1        179.9987 
8      4      0      5         -0.0960 
8      4      12     3       -179.1479 
12     3      2      1          0.4764 
12     4      0      1         -1.1587 
12     4      0      5        178.7466 
13     12     3      2       -130.5615 
13     12     3      7         49.4739 
13     12     4      0        130.1431 
13     12     4      8        -50.9690 
14     12     3      2        115.7306 
14     12     3      7        -64.2339 
14     12     4      0       -117.3413 
14     12     4      8         61.5466 

Number of Torsional Angles: 24


----------------------------------------------------------------------
                          Center of Mass

         x               y               z              Unit
  -0.05509876142  -0.02286076988   0.01830705727      Angstrom
    -0.104121569  -0.04320059411   0.03459532442          Bohr

----------------------------------------------------------------------
                Moment of Inertia Tensor

            1632.7          -862.656          -702.005
          -862.656            3036.6          -559.259
          -702.005          -559.259           3675.05

----------------------------------------------------------------------
                      Principal Moments of Inertia

           x                 y                 z                Unit
       263.5819002       947.2420706       1125.831205       amu * ang^2
       941.2680538       3382.662845        4020.41622      amu * bohr^2
  4.3768834126e-38  1.5729335374e-37  1.8694879736e-37          g * cm^2

 - Molecule is an asymmetric top.

----------------------------------------------------------------------

         Rotational constants (MHz)

    A = 1.9174e+03        B = 5.3353e+02        C = 4.4889e+02

----------------------------------------------------------------------

        Rotational constants (cm-1)

    A = 6.3956e-02        B = 1.7797e-02        C = 1.4973e-02

----------------------------------------------------------------------

                                Z-Matrix
C   
C        1        2.643788
C        2       2.6518671     1       121.11567
C        3      2.54796179     2    121.92704694     1          0.4242
C        4      4.68785557     3     87.66717918     2         -0.3651
H        5      4.02725977     4    116.03997357     3          0.3815
H        6      4.68581683     5     93.16451801     4          0.0528
H        7      8.04379324     6     91.89818009     5         -0.1639
H        8      8.21737223     7     59.43152987     6          0.1529
N        9     10.07564194     8     29.82666839     7          0.0367
O       10      2.26642883     9    117.01519393     8        -12.5867
O       11      4.09075229    10     25.75340624     9       -178.8289
C       12      8.89975308    11     61.42460241    10         -3.1820
H       13      2.06260586    12    129.49248702    11         49.2030
Br      14      4.65989924    13     50.34945159    12       -141.0853

----------------------------------------------------------------------

             Converted back to Cartesian

C        0.000000      0.000000      0.000000
C        0.000000      0.000000      2.643788
C        0.000000      0.097816     -0.006274
C       -0.000012     -0.090651      2.534708
C        0.000040      0.380806     -2.129381
H       -0.000056     -0.165565      1.860644
H        0.000101      0.601629     -2.761941
H       -0.000233     -0.936949      5.133336
H        0.000144      0.780584     -2.902539
N       -0.000341     -1.414785      6.931021
O        0.000098     -0.842441      4.738050
O        0.000922     -1.906463      8.688001
C       -0.009097      0.568581      0.139337
H       -0.003977     -0.082672      2.096423
Br      -0.014926      1.456296     -2.301999

----------------------------------------------------------------------
                       Geometry in bohr 

1     C      -1.7258746171    3.8139862569    1.4411715284
2     C       0.9140880118    3.6968289766    1.3606319164
3     C       2.1804323998    1.3685571802    1.2716298771
4     C       0.9245193165   -0.8481978665    1.2435465883
5     C      -3.0546658503    1.6232098856    1.4285303103
6     H      -2.6459232066    5.6288789484    1.5083177909
7     H       2.0322845277    5.4147505715    1.3489414207
8     H       1.9256103313   -2.6267293667    1.1882220677
9     H      -5.0904049345    1.6406231157    1.4889526317
10    N       4.9770088912    1.3828894444    1.1738135784
11    O       5.9675853173   -0.6217419381    1.5438284764
12    O       5.9556245536    3.3946690347    0.7675848449
13    C      -1.8418627866   -0.8638709066    1.2868474398
14    H      -2.5373930525   -2.1548930003    2.7373103041
15    Br     -3.0523081029   -2.3266227140   -1.8908677754

 Number of nodes, processes per node used for SCF calculation: 1, 4

Common Options
{
  maxiter       = 100
  basis         = 6-311g* spherical
  geom_units    = angstrom
  ang2au factor = 1.889726126
  debug         = false
  file_prefix   = meta_th63_ph162_qed_ccsd_input
}

SCF Options
{
  charge            = 1
  multiplicity      = 1
  level shift       = 0
  tol_int           = 1e-22
  tol_sch           = 1e-12
  tol_lindep        = 1e-10
  conve             = 1e-07
  convd             = 1e-05
  diis_hist         = 10
  AO_tilesize       = 30
  writem            = 10
  damp              = 100
  n_lindep          = 0
  scf_type          = restricted
  cuscf             = false
  qed_omegas        = [0.06615,]
  qed_lambdas       = [0.1,]
  qed_polvecs       = [[-0.8473975609,0.2753361581,0.4539904997,],]
  direct_df         = false
  restart_size      = 2000
  restart           = false
  debug             = false
}

Number of basis functions = 221

Total number of shells = 105

Total number of electrons = 98
  # of alpha electrons    = 49
  # of beta electons      = 49

Nuclear repulsion energy  = 743.443119734312

# of {all,non-negligible} shell-pairs = {5565,4916}
Number of AO tiles = 105

Time for initial setup: 0.02 secs
HF exch = 1.00

Time for computing 1-e integrals T, V, S: 0.01 secs
Time for computing orthogonalizer: 0.01 secs

Superposition of Atomic Density Guess ...
Time taken for SAD: 0.39 secs
Total Time to compute initial guess: 0.39 secs


 SCF iterations
-----------------------------------------------------------------------------
 Iter     Energy            E-Diff       RMSD        |[F,P]|^2       Time(s)
-----------------------------------------------------------------------------
   1  -3011.8168326712    -3.01e+03     1.67e-02     1.51e+03         0.7 
   2  -3005.7802332150     6.04e+00     6.58e-03     8.46e+00         2.2 
   3  -3006.0293812939    -2.49e-01     2.38e-03     2.90e+00         2.1 
   4  -3006.1129736934    -8.36e-02     1.19e-03     1.08e-01         2.1 
   5  -3006.1201045972    -7.13e-03     2.66e-04     8.06e-03         2.1 
   6  -3006.1206765935    -5.72e-04     1.62e-04     1.63e-03         2.1 
   7  -3006.1208406739    -1.64e-04     6.30e-05     2.12e-04         2.1 
   8  -3006.1208663542    -2.57e-05     1.93e-05     2.96e-05         2.2 
   9  -3006.1208696118    -3.26e-06     1.06e-05     5.42e-06         2.2 
  10  -3006.1208703901    -7.78e-07     4.88e-06     9.55e-07         2.2 
  11  -3006.1208705599    -1.70e-07     2.50e-06     2.38e-07         2.2 
  12  -3006.1208706053    -4.54e-08     1.35e-06     6.62e-08         2.2 

** Total SCF energy = -3006.1208706053008

Nuclear repulsion energy = 743.443119734311608
#electrons        = 98
1e energy kinetic = 3006.2193282444395663
1e energy N-e     = -8640.0927492269129289
1e energy         = -5630.4994154800415345
2e energy         = 1884.1200047506147257
QED energy        = 0.1894258922472494
QED eT energy     = 0.1687370269402956
QED eT energy from matrix = 0.1687370269402974

 Polarizability Matrix (QED energy = 0.5 * lambda.dot(matrix * lambda))
[39.94484119,  2.04650583,  1.14480992]
[ 2.04650583, 44.61305345,  0.53837490]
[ 1.14480992,  0.53837490, 36.48870664]

 Polarizability Matrix (QED eT energy = 0.5 * lambda.dot(matrix * lambda))
[36.18222257,  2.24093749,  1.27795063]
[ 2.24093749, 41.55894990,  0.60783536]
[ 1.27795063,  0.60783536, 31.49827378]


                      Electron        Nuclear        Total  
                  ------------------------------------------
    Monopole         -98.000000     99.000000      1.000000

      Dipole   X      -3.546939      1.457950     -2.088989
      Dipole   Y      -9.827642     11.077559      1.249917
      Dipole   Z     -15.579540     16.993520      1.413980

  Quadrupole  XX   -1298.563457   1248.196728    -50.366729
  Quadrupole  XY    -392.174140    390.735582     -1.438558
  Quadrupole  XZ    -317.563905    315.355817     -2.208088
  Quadrupole  YY    -616.412150    578.488235    -37.923915
  Quadrupole  YZ    -258.927032    262.239334      3.312302
  Quadrupole  ZZ    -284.306609    238.510852    -45.795757

    Octupole XXX   -3078.290459   2938.712718   -139.577741
    Octupole XXY    -567.123815    542.591688    -24.532127
    Octupole XXZ    -526.429518    502.738676    -23.690842
    Octupole XYY      54.281856    -84.331389    -30.049533
    Octupole XYZ     385.882768   -388.834472     -2.951705
    Octupole XZZ     237.439245   -259.324553    -21.885308
    Octupole YYY    -891.410631    871.660277    -19.750354
    Octupole YYZ    -137.358636    130.621388     -6.737248
    Octupole YZZ     134.400436   -161.931908    -27.531471
    Octupole ZZZ       3.797829    -73.642800    -69.844971

writing orbitals and density to disk ... done.

Total Time taken for Hartree-Fock: 27.92 secs

CD Options
{
  debug             = false
  skip_cd           = [false, 100]
  write_cv          = [false, 5000]
  diagtol           = 1e-06
  itilesize         = 1000
  max_cvecs_factor  = 12
}

- #occupied, #virtual = 98, 344

- Tilesize for the MSO space: 40

-----------------------------------------------------
Begin 2-index transformation ... 

nAO, nMO, nelectrons = 221, 442, 98
n_occ_alpha, n_vir_alpha, n_occ_beta, n_vir_beta = 49,172,49,172

Time taken for Fao->Fmo transform: 0.00 secs

-----------------------------------------------------
Number of AO tiles = 105
# of {all,non-negligible} shell-pairs = {5565,4916}

    Begin Cholesky Decomposition
---------------------------------------------
Total # of mpi ranks used for Cholesky decomposition: 4
  --> Number of nodes, mpi ranks per node: 1, 4
- CPU memory required for computing cholesky vectors: 1.93 GiB

- Time for computing the diagonal: 0.01 secs

- Total number of cholesky vectors = 1646

- Time to compute cholesky vectors: 16.04 secs

- CPU memory required for resizing the ao cholesky tensor: 1.56 GiB
- CPU memory required for ao2mo transformation: 1.70 GiB
- CPU memory required for the 2-step contraction: 2.11 GiB

- Time for ao to mo transform: 1.61 secs

   End Cholesky Decomposition
---------------------------------------------

Total Time taken for Cholesky Decomposition: 19.65 secs

scf_type = restricted
Closed-Shell SCF
QED-HF Enabled
nbf = 203
nbf_orig = 221
n_lindep = 0
focc = 1
nmo = 406
nocc = 62
nvir = 344
n_occ_alpha = 31
n_vir_alpha = 172
n_occ_beta = 31
n_vir_beta = 172
nelectrons = 98
nelectrons_alpha = 49
nelectrons_beta = 49
freeze atomic = true
n_frozen_core = 18
n_frozen_virtual = 0
----------------------------
--------- QED-CCSD --------
lambda_x: -0.0847
lambda_y: 0.0275
lambda_z: 0.0454
omega: 0.066150
coupling_factor_x: -0.015411
coupling_factor_y: 0.005007
coupling_factor_z: 0.008257
----------------------------
# of {all,non-negligible} shell-pairs = {5565,4916}
Number of AO tiles = 105
----------------------------
Electronic dipole expectation value using SCF density: 
dipole_x_elec: -3.54672459
dipole_y_elec: -9.82754942
dipole_z_elec: -15.57953679

d_n/N value: d_n is nuclear dipole moment and N is the total number of electrons 
d_nuc_x: 0.01487704
d_nuc_y: 0.11303632
d_nuc_z: 0.17340326

<d_e+d_n> expectation values: 
dipole_total_x: -2.08877447
dipole_total_y: 1.25000990
dipole_total_z: 1.41398286
----------------------------


 CCSD iterations
------------------------------------------------------------
  Iter     Residuum          Correlation          Time(s)
------------------------------------------------------------
   1     1.1838753081813    0.0000000000000         87.24
   2     0.1685157449272   -1.6123582808622         86.19
   3     0.0648638375714   -1.6215230785528         85.51
   4     0.0225576593377   -1.6821115754597         85.45
   5     0.0177180346938   -1.6802385416249         85.47
 MICROCYCLE DIIS UPDATE:                    6
   6     0.0084837027939   -1.6897693608216         84.60
   7     0.0060476924453   -1.6898217429999         84.31
   8     0.0046587554653   -1.6912545207857         84.72
   9     0.0046925481308   -1.6915860842782         84.73
  10     0.0056572776703   -1.6919312216373         84.76
 MICROCYCLE DIIS UPDATE:                   11
  11     0.0007345519436   -1.6926220169887         84.53
  12     0.0005010550138   -1.6925207545047         84.27
  13     0.0004499911879   -1.6926449638847         84.56
  14     0.0005752157867   -1.6926102482677         84.23
  15     0.0008265561319   -1.6926475019673         84.25
 MICROCYCLE DIIS UPDATE:                   16
  16     0.0001013213119   -1.6926751060133         84.98
  17     0.0000722143766   -1.6926491054702         84.47
  18     0.0000685400755   -1.6926618448980         84.55
  19     0.0000714266016   -1.6926628012100         84.40
  20     0.0000937034257   -1.6926646846627         84.81
 MICROCYCLE DIIS UPDATE:                   21
  21     0.0000213903539   -1.6926741426911         84.68
  22     0.0000147942438   -1.6926697813962         84.44
  23     0.0000127556896   -1.6926710888745         84.51
  24     0.0000146670741   -1.6926698093615         84.28
  25     0.0000221093353   -1.6926701492918         84.24
 MICROCYCLE DIIS UPDATE:                   26
  26     0.0000042801317   -1.6926698635681         84.45
  27     0.0000030776605   -1.6926691111786         84.56
  28     0.0000026717595   -1.6926697051059         84.97
  29     0.0000027411794   -1.6926697317543         85.00
  30     0.0000036566686   -1.6926698209999         85.05
 MICROCYCLE DIIS UPDATE:                   31
  31     0.0000009924161   -1.6926702455113         85.04
------------------------------------------------------------------
 Iterations converged
 CCSD correlation energy / hartree =        -1.692670245511334
 CCSD total energy / hartree       =     -3007.813540850811933

Time taken for spin-orbital canonical QED-CCSD: 2707.00 secs
