
ExaChem Git Information
{
 WARNING: Failed to retrieve the current git state.
}


TAMM Git Information
{
 Branch: main
 Commit Hash: e71357ad [e71357ad54f38748b4a7e175aa6760820d5ce96f]
 Commit Date: 2026-02-02 23:14:56 -0800
 Commit Message: add GitHub Actions workflow for releases
}


date: Thu Aug  6 09:10:41 2026
program: "/global/cfs/cdirs/m3196/heindelj/cavity_qed/software/install_gpu/bin/bin/ExaChem"
nnodes: 1, nproc_per_node: 4, nproc_total: 4, ngpus_per_node: 1, ngpus_total: 1

Memory information
{
[AMD EPYC 7763 64-Core Processor                ] : 
  CPU memory per node (GiB): 251
  Total CPU memory (GiB): 251
[NVIDIA A100-SXM4-40GB, CUDA v12.9] : 
  GPU memory per device (GiB): 39
  GPU memory per node (GiB): 39
  Total GPU memory (GiB): 39
}

------------------------------------------------------------

Input file provided: /global/cfs/cdirs/m4262/heindelj/cavity_qed/mlip/lambda_scans/grid_scans_optimized_geoms/runs_grid_no_freq/ortho_th9_ph18/ortho_th9_ph18_qed_ccsd_input.json

{
  "geometry": {
    "coordinates": [
      "C    -1.795691282000    1.952721271200    0.749507779400",
      "C    -0.378606352000    1.992833265900    0.712123851700",
      "C     0.285608087300    0.825182501300    0.661070339500",
      "C    -2.523691388000    0.762491958500    0.754165442700",
      "H    -2.331114938600    2.894911673800    0.794602376900",
      "H     0.159223496200    2.930477748600    0.743385585400",
      "H    -3.603617045400    0.783919122800    0.797912027400",
      "N     1.774156500000    0.827301845800    0.726489374600",
      "O     2.292067962600   -0.253051030700    0.851066223700",
      "O     2.309370507000    1.900417055700    0.658707778300",
      "C    -1.846578074000   -0.421277273600    0.690936084700",
      "H    -2.374280385800   -1.367536571900    0.674323360700",
      "C    -0.380735643600   -0.483530731000    0.613015463300",
      "H     0.020530562800   -1.137357834000    1.388462500600",
      "Br    0.039857136300   -1.423026303700   -1.026040252600"
    ],
    "units": "angstrom",
    "noorient": true
  },
  "common": {
    "maxiter": 100,
    "debug": false
  },
  "basis": {
    "basisset": "6-311G*"
  },
  "SCF": {
    "charge": 1,
    "multiplicity": 1,
    "lshift": 0,
    "tol_lindep": 1e-10,
    "conve": 1e-07,
    "convd": 1e-05,
    "diis_hist": 10,
    "writem": 10,
    "restart": false,
    "noscf": false,
    "scf_type": "restricted",
    "debug": false,
    "qed_omegas": [
      0.06615
    ],
    "qed_volumes": [],
    "qed_lambdas": [
      0.1
    ],
    "qed_polvecs": [
      [
        0.14877801734965795,
        0.04834090820338493,
        0.9876883405951378
      ]
    ],
    "direct_df": false
  },
  "CD": {
    "debug": false,
    "diagtol": 1e-06
  },
  "CC": {
    "threshold": 1e-06,
    "ndiis": 5,
    "ccsd_maxiter": 200,
    "tilesize": 40,
    "freeze": {
      "atomic": true
    },
    "readt": false,
    "writet": true,
    "writet_iter": 5,
    "debug": false,
    "profile_ccsd": false,
    "balance_tiles": true
  },
  "TASK": {
    "scf": false,
    "ccsd": true
  }
}

Output folder & files prefix: ortho_th9_ph18_qed_ccsd_input.6-311g*

  C (carbon)
  ----------
          Exponent        Coefficients
      ----------------  --------------------
  1 S  4.56324000E+03      0.778202
  1 S  6.82024000E+02      1.448695
  1 S  1.54973000E+02      2.383089
  1 S  4.44553000E+01      3.200089
  1 S  1.30290000E+01      3.013004
  1 S  1.82773000E+00      0.247599

  2 S  2.09642000E+01      0.800629
  2 S  4.80331000E+00      2.127420
  2 S  1.45933000E+00     -0.002868

  3 P  2.09642000E+01      2.573592
  3 P  4.80331000E+00      2.408248
  3 P  1.45933000E+00      1.865281

  4 S  4.83456000E-01      0.413217

  5 P  4.83456000E-01      0.574627

  6 S  1.45585000E-01      0.167976

  7 P  1.45585000E-01      0.128185

  8 D  6.26000000E-01      0.725128


  H (hydrogen)
  ------------
          Exponent        Coefficients
      ----------------  --------------------
  1 S  3.38650000E+01      0.255069
  1 S  5.09479000E+00      0.460109
  1 S  1.15879000E+00      0.678321

  2 S  3.25840000E-01      0.307371

  3 S  1.02741000E-01      0.129336


  N (nitrogen)
  ------------
          Exponent        Coefficients
      ----------------  --------------------
  1 S  6.29348000E+03      0.991968
  1 S  9.49044000E+02      1.823240
  1 S  2.18776000E+02      2.979891
  1 S  6.36916000E+01      4.000007
  1 S  1.88282000E+01      3.881008
  1 S  2.72023000E+00      0.386764

  2 S  3.06331000E+01      1.038501
  2 S  7.02614000E+00      2.834794
  2 S  2.11205000E+00     -0.003208

  3 P  3.06331000E+01      3.935616
  3 P  7.02614000E+00      3.870994
  3 P  2.11205000E+00      2.967271

  4 S  6.84009000E-01      0.536051

  5 P  6.84009000E-01      0.886681

  6 S  2.00878000E-01      0.213850

  7 P  2.00878000E-01      0.191693

  8 D  9.13000000E-01      1.403568


  O (oxygen)
  ----------
          Exponent        Coefficients
      ----------------  --------------------
  1 S  8.58850000E+03      1.205013
  1 S  1.29723000E+03      2.216205
  1 S  2.99296000E+02      3.627452
  1 S  8.73771000E+01      4.888452
  1 S  2.56789000E+01      4.835721
  1 S  3.74004000E+00      0.538229

  2 S  4.21175000E+01      1.341958
  2 S  9.62837000E+00      3.587114
  2 S  2.85332000E+00     -0.005123

  3 P  4.21175000E+01      5.584018
  3 P  9.62837000E+00      5.733366
  3 P  2.85332000E+00      4.332955

  4 S  9.05661000E-01      0.661659

  5 P  9.05661000E-01      1.259352

  6 S  2.55611000E-01      0.256209

  7 P  2.55611000E-01      0.259068

  8 D  1.29200000E+00      2.577026


  Br (bromine)
  ------------
          Exponent        Coefficients
      ----------------  --------------------
  1 S  4.39700000E+05      9.893706
  1 S  6.60300000E+04     18.450679
  1 S  1.51400000E+04     31.049770
  1 S  4.31700000E+03     48.888138
  1 S  1.41400000E+03     64.847798
  1 S  5.23900000E+02     42.245010

  2 S  5.23900000E+02     14.290679
  2 S  2.07700000E+02     24.083128
  2 S  8.65400000E+01      5.132542

  3 S  3.05200000E+01      9.254405

  4 S  1.29800000E+01      4.873782

  5 S  4.41200000E+00      2.169635

  6 S  1.86200000E+00      1.136043

  7 S  3.93200000E-01      0.353892

  8 S  1.40000000E-01      0.163120

  9 P  2.95700000E+03    691.874478
  9 P  7.00300000E+02    925.332763
  9 P  2.24600000E+02   1068.830732

  10 P  8.25900000E+01    122.079275
  10 P  3.31900000E+01     57.580687
  10 P  1.42000000E+01     10.176170

  11 P  1.42000000E+01      3.129736
  11 P  7.43800000E+00      6.538168
  11 P  3.52600000E+00      4.166276

  12 P  1.59500000E+00      2.555000

  13 P  8.46200000E-01      1.156861

  14 P  3.18600000E-01      0.341191

  15 P  1.09600000E-01      0.089888

  16 D  1.34800000E+02    160.709187
  16 D  3.63900000E+01    119.797406
  16 D  1.21600000E+01     55.531619
  16 D  4.34100000E+00     12.984636

  17 D  1.53500000E+00      3.484168

  18 D  4.51000000E-01      0.408525



Printing Internal Coordinates

------------------------------------------------------------
                Bond Lengths

i      j        Length (Angstroms)     Length (Bohr)
0      1          1.4181453483         2.6799063151
0      3          1.3952245930         2.6365923649
0      4          1.0846357774         2.0496645656
1      2          1.3443197501         2.5403961534
1      5          1.0813951255         2.0435406212
2      7          1.4899867512         2.8156668910
2      12         1.4693718261         2.7767103284
3      6          1.0810237336         2.0428387921
3      10         1.3652069391         2.5798672201
7      8          1.2045389210         2.2762486687
7      9          1.2010930987         2.2697370083
10     11         1.0835831173         2.0476753264
10     12         1.4692314817         2.7764451161
12     13         1.0907898774         2.0612941292
12     14         1.9354725153         3.6575129781

Number of Bonds: 15

------------------------------------------------------------
           Bond Angles

i      j      k      Angle (degrees)
0      1      2        118.0443 
0      1      5        121.3818 
0      3      6        120.2966 
0      3      10       118.7346 
1      0      3        123.0661 
1      0      4        118.0213 
1      2      7        119.3872 
1      2      12       123.4212 
2      1      5        120.5629 
2      7      8        115.6464 
2      7      9        116.3574 
2      12     10       114.3915 
2      12     13       110.1083 
2      12     14       111.1914 
3      0      4        118.9029 
3      10     11       121.0897 
3      10     12       122.2782 
6      3      10       120.9664 
7      2      12       117.1134 
8      7      9        127.9938 
10     12     13       110.7759 
10     12     14       106.3967 
11     10     12       116.6192 
13     12     14       103.3637 

Number of Angles: 24

------------------------------------------------------------
              Torsional Angles

i      j      k      l      Angle (degrees)
3      0      1      2          0.9063 
4      0      1      2        179.7660 
5      1      0      3       -177.8918 
5      1      0      4          0.9680 
6      3      0      1        179.1035 
6      3      0      4          0.2533 
10     3      0      1         -1.4548 
10     3      0      4        179.6951 
11     10     3      0       -178.8999 
11     10     3      6          0.5379 

Number of Torsional Angles: 10


----------------------------------------------------------------------
                          Center of Mass

         x               y               z              Unit
   0.06779684542  -0.07938693982   0.03413263756      Angstrom
    0.1281174701   -0.1500195742   0.06450133694          Bohr

----------------------------------------------------------------------
                Moment of Inertia Tensor

           1830.23          -43.7576          -19.7927
          -43.7576           1951.72          -663.652
          -19.7927          -663.652           2716.47

----------------------------------------------------------------------
                      Principal Moments of Inertia

           x                 y                 z                Unit
       436.7679956        514.875572       868.1000056       amu * ang^2
       1559.726828       1838.654048         3100.0414      amu * bohr^2
  7.2527081478e-38  8.5497158532e-38  1.4415149570e-37          g * cm^2

 - Molecule is an asymmetric top.

----------------------------------------------------------------------

         Rotational constants (MHz)

    A = 1.1571e+03        B = 9.8156e+02        C = 5.8217e+02

----------------------------------------------------------------------

        Rotational constants (cm-1)

    A = 3.8596e-02        B = 3.2741e-02        C = 1.9419e-02

----------------------------------------------------------------------

                                Z-Matrix
C   
C        1       2.6799063
C        2       2.5403962     1       118.04427
C        3      5.31304166     2     61.60248734     1         -0.4284
H        4      4.04680986     3     83.60206334     2          0.1466
H        5      4.70753256     4     95.95383826     3         -0.7336
H        6      8.18704211     5     28.88439131     4         -0.5684
N        7     10.16374604     6     29.23845715     5       -179.1378
O        8      2.27624867     7    114.91711833     6        173.2125
O        9      4.08579851     8     25.96305247     7       -175.8579
C       10      8.99621024     9     60.44035060     8          0.6250
H       11      2.04767533    10    148.31244833     9         -7.9508
C       12      4.12265556    11     37.01873279    10         -1.6804
H       13      2.06129413    12     94.20314732    11        130.7449
Br      14      4.59471802    13     50.75711226    12         92.5176

----------------------------------------------------------------------

             Converted back to Cartesian

C        0.000000      0.000000      0.000000
C        0.000000      0.000000      2.679906
C        0.000000      0.091329      0.141152
C        0.000013     -0.199275      5.446241
H       -0.000015      0.124892      1.412435
H        0.000072     -0.389176      6.091815
H       -0.000096      0.576428     -2.038084
N        0.005071     -0.712023      8.043662
O       -0.004638     -0.345075      5.797206
O        0.017969     -1.035189      9.824237
C       -0.058380      0.645163      0.986682
H       -0.025968      0.173463      2.979023
C       -0.098737      1.167707     -1.021286
H       -0.055147      0.613861      0.963730
Br      -0.162916      1.915856     -3.441339

----------------------------------------------------------------------
                       Geometry in bohr 

1     C      -3.3933647297    3.6901084028    1.4163644323
2     C      -0.7154623148    3.7659090871    1.3457190474
3     C       0.5397210643    1.5593689313    1.2492418916
4     C      -4.7690855496    1.4409009748    1.4251661403
5     H      -4.4051688020    5.4705902222    1.5015808713
6     H       0.3008888006    5.5378003629    1.4047951624
7     H      -6.8098492785    1.4813924470    1.5078352044
8     N       3.3526698895    1.5633739120    1.3728659514
9     O       4.3313807113   -0.4781971439    1.6082820778
10    O       4.3640777815    3.5912677603    1.2447772980
11    C      -3.4895268300   -0.7960986702    1.3056799706
12    H      -4.4867396753   -2.5842695881    1.2742864720
13    C      -0.7194860928   -0.9137406550    1.1584313366
14    H       0.0387971409   -2.1492948134    2.6238138622
15    Br      0.0753190718   -2.6891299840   -1.9389350716

 Number of nodes, processes per node used for SCF calculation: 1, 4

Common Options
{
  maxiter       = 100
  basis         = 6-311g* spherical
  geom_units    = angstrom
  ang2au factor = 1.889726126
  debug         = false
  file_prefix   = ortho_th9_ph18_qed_ccsd_input
}

SCF Options
{
  charge            = 1
  multiplicity      = 1
  level shift       = 0
  tol_int           = 1e-22
  tol_sch           = 1e-12
  tol_lindep        = 1e-10
  conve             = 1e-07
  convd             = 1e-05
  diis_hist         = 10
  AO_tilesize       = 30
  writem            = 10
  damp              = 100
  n_lindep          = 0
  scf_type          = restricted
  cuscf             = false
  qed_omegas        = [0.06615,]
  qed_lambdas       = [0.1,]
  qed_polvecs       = [[0.1487780173,0.0483409082,0.9876883406,],]
  direct_df         = false
  restart_size      = 2000
  restart           = false
  debug             = false
}

Number of basis functions = 221

Total number of shells = 105

Total number of electrons = 98
  # of alpha electrons    = 49
  # of beta electons      = 49

Nuclear repulsion energy  = 778.343561795825

# of {all,non-negligible} shell-pairs = {5565,4997}
Number of AO tiles = 105

Time for initial setup: 0.02 secs
HF exch = 1.00

Time for computing 1-e integrals T, V, S: 0.01 secs
Time for computing orthogonalizer: 0.01 secs

Superposition of Atomic Density Guess ...
Time taken for SAD: 0.35 secs
Total Time to compute initial guess: 0.35 secs


 SCF iterations
-----------------------------------------------------------------------------
 Iter     Energy            E-Diff       RMSD        |[F,P]|^2       Time(s)
-----------------------------------------------------------------------------
   1  -3011.6572503945    -3.01e+03     1.67e-02     1.49e+03         0.6 
   2  -3005.8238168242     5.83e+00     6.91e-03     7.73e+00         2.2 
   3  -3005.9940455865    -1.70e-01     2.98e-03     4.29e+00         2.2 
   4  -3006.1173284214    -1.23e-01     1.08e-03     1.01e-01         2.2 
   5  -3006.1232202277    -5.89e-03     2.54e-04     1.11e-02         2.2 
   6  -3006.1237770861    -5.57e-04     1.52e-04     1.28e-03         2.2 
   7  -3006.1239147017    -1.38e-04     6.50e-05     3.46e-04         2.2 
   8  -3006.1239457071    -3.10e-05     3.03e-05     6.89e-05         2.2 
   9  -3006.1239528468    -7.14e-06     1.24e-05     8.82e-06         2.2 
  10  -3006.1239541635    -1.32e-06     6.09e-06     2.24e-06         2.2 
  11  -3006.1239544653    -3.02e-07     3.90e-06     5.08e-07         2.2 
  12  -3006.1239545555    -9.03e-08     1.45e-06     8.65e-08         2.2 

** Total SCF energy = -3006.1239545555500

Nuclear repulsion energy = 778.343561795825394
#electrons        = 98
1e energy kinetic = 3006.1667221901716402
1e energy N-e     = -8710.1424739100802981
1e energy         = -5702.2724023065593428
2e energy         = 1919.3299937704916829
QED energy        = 0.1782415980408600
QED eT energy     = 0.1531606346547070
QED eT energy from matrix = 0.1531606346547155

 Polarizability Matrix (QED energy = 0.5 * lambda.dot(matrix * lambda))
[40.78720845, -1.36109797, -0.84626204]
[-1.36109797, 45.65517259,  1.00296174]
[-0.84626204,  1.00296174, 35.68458798]

 Polarizability Matrix (QED eT energy = 0.5 * lambda.dot(matrix * lambda))
[37.04682320, -1.47310168, -0.96648168]
[-1.47310168, 42.73192359,  1.23624516]
[-0.96648168,  1.23624516, 30.64946752]


                      Electron        Nuclear        Total  
                  ------------------------------------------
    Monopole         -98.000000     99.000000      1.000000

      Dipole   X      -8.621804      5.023226     -3.598578
      Dipole   Y      -0.672909      1.963540      1.290631
      Dipole   Z     -18.935256     20.287738      1.352481

  Quadrupole  XX    -795.013976    753.872487    -41.141488
  Quadrupole  XY     -16.555753     10.536926     -6.018827
  Quadrupole  XZ      -6.386521      0.531966     -5.854555
  Quadrupole  YY    -689.246419    651.955673    -37.290746
  Quadrupole  YZ    -306.452285    309.609033      3.156748
  Quadrupole  ZZ    -301.543419    255.606141    -45.937279

    Octupole XXX     -33.857830    -56.462598    -90.320429
    Octupole XXY   -1130.651098   1126.079184     -4.571914
    Octupole XXZ   -1072.812749   1061.170845    -11.641904
    Octupole XYY      -2.169225    -39.246027    -41.415252
    Octupole XYZ     -10.733521      4.749275     -5.984247
    Octupole XZZ     -17.411326     22.856704      5.445378
    Octupole YYY    -691.222121    680.439273    -10.782848
    Octupole YYZ     -64.070340     53.056554    -11.013786
    Octupole YZZ     163.646458   -188.957410    -25.310951
    Octupole ZZZ       0.513771    -75.168294    -74.654523

writing orbitals and density to disk ... done.

Total Time taken for Hartree-Fock: 25.92 secs

CD Options
{
  debug             = false
  skip_cd           = [false, 100]
  write_cv          = [false, 5000]
  diagtol           = 1e-06
  itilesize         = 1000
  max_cvecs_factor  = 12
}

- #occupied, #virtual = 98, 344

- Tilesize for the MSO space: 40

-----------------------------------------------------
Begin 2-index transformation ... 

nAO, nMO, nelectrons = 221, 442, 98
n_occ_alpha, n_vir_alpha, n_occ_beta, n_vir_beta = 49,172,49,172

Time taken for Fao->Fmo transform: 0.00 secs

-----------------------------------------------------
Number of AO tiles = 105
# of {all,non-negligible} shell-pairs = {5565,4997}

    Begin Cholesky Decomposition
---------------------------------------------
Total # of mpi ranks used for Cholesky decomposition: 4
  --> Number of nodes, mpi ranks per node: 1, 4
- CPU memory required for computing cholesky vectors: 1.93 GiB

- Time for computing the diagonal: 0.01 secs

- Total number of cholesky vectors = 1650

- Time to compute cholesky vectors: 15.28 secs

- CPU memory required for resizing the ao cholesky tensor: 1.57 GiB
- CPU memory required for ao2mo transformation: 1.70 GiB
- CPU memory required for the 2-step contraction: 2.12 GiB

- Time for ao to mo transform: 1.57 secs

   End Cholesky Decomposition
---------------------------------------------

Total Time taken for Cholesky Decomposition: 18.61 secs

scf_type = restricted
Closed-Shell SCF
QED-HF Enabled
nbf = 203
nbf_orig = 221
n_lindep = 0
focc = 1
nmo = 406
nocc = 62
nvir = 344
n_occ_alpha = 31
n_vir_alpha = 172
n_occ_beta = 31
n_vir_beta = 172
nelectrons = 98
nelectrons_alpha = 49
nelectrons_beta = 49
freeze atomic = true
n_frozen_core = 18
n_frozen_virtual = 0
----------------------------
--------- QED-CCSD --------
lambda_x: 0.0149
lambda_y: 0.0048
lambda_z: 0.0988
omega: 0.066150
coupling_factor_x: 0.002706
coupling_factor_y: 0.000879
coupling_factor_z: 0.017963
----------------------------
# of {all,non-negligible} shell-pairs = {5565,4997}
Number of AO tiles = 105
----------------------------
Electronic dipole expectation value using SCF density: 
dipole_x_elec: -8.62215473
dipole_y_elec: -0.67305576
dipole_z_elec: -18.93521039

d_n/N value: d_n is nuclear dipole moment and N is the total number of electrons 
d_nuc_x: 0.05125741
d_nuc_y: 0.02003612
d_nuc_z: 0.20701773

<d_e+d_n> expectation values: 
dipole_total_x: -3.59892858
dipole_total_y: 1.29048417
dipole_total_z: 1.35252726
----------------------------


 CCSD iterations
------------------------------------------------------------
  Iter     Residuum          Correlation          Time(s)
------------------------------------------------------------
   1     1.1861726228065    0.0000000000000         85.93
   2     0.1650751041812   -1.6817319592582         85.08
   3     0.0650479929844   -1.6283481288762         85.14
   4     0.0191868773278   -1.6965109178833         85.09
   5     0.0145843405003   -1.6884341139798         85.38
 MICROCYCLE DIIS UPDATE:                    6
   6     0.0062860159951   -1.6972298981870         85.17
   7     0.0036701941170   -1.6970810570933         84.81
   8     0.0023137709830   -1.6979911557608         85.04
   9     0.0014639600925   -1.6981034537387         85.16
  10     0.0012102289979   -1.6983050640753         84.97
 MICROCYCLE DIIS UPDATE:                   11
  11     0.0003508956779   -1.6985526322946         85.59
  12     0.0002363791230   -1.6986226961377         84.85
  13     0.0001658960938   -1.6986080980525         84.67
  14     0.0001252462532   -1.6986025766678         84.76
  15     0.0000977562455   -1.6986036508291         84.62
 MICROCYCLE DIIS UPDATE:                   16
  16     0.0000394703694   -1.6985891777801         84.60
  17     0.0000243763068   -1.6986032716047         84.63
  18     0.0000201569352   -1.6986051143149         84.63
  19     0.0000142609064   -1.6986071214526         84.76
  20     0.0000134195499   -1.6986072978856         84.61
 MICROCYCLE DIIS UPDATE:                   21
  21     0.0000056711380   -1.6986081862175         84.82
  22     0.0000037751586   -1.6986092319251         84.79
  23     0.0000026886547   -1.6986090082347         84.71
  24     0.0000022680713   -1.6986087074327         84.58
  25     0.0000017307243   -1.6986087412678         84.84
 MICROCYCLE DIIS UPDATE:                   26
  26     0.0000008967481   -1.6986081429163         84.32
------------------------------------------------------------------
 Iterations converged
 CCSD correlation energy / hartree =        -1.698608142916291
 CCSD total energy / hartree       =     -3007.822562698466299

Time taken for spin-orbital canonical QED-CCSD: 2265.74 secs
