
ExaChem Git Information
{
 WARNING: Failed to retrieve the current git state.
}


TAMM Git Information
{
 Branch: main
 Commit Hash: e71357ad [e71357ad54f38748b4a7e175aa6760820d5ce96f]
 Commit Date: 2026-02-02 23:14:56 -0800
 Commit Message: add GitHub Actions workflow for releases
}


date: Thu Aug  6 21:02:03 2026
program: "/global/cfs/cdirs/m3196/heindelj/cavity_qed/software/install_gpu/bin/bin/ExaChem"
nnodes: 1, nproc_per_node: 4, nproc_total: 4, ngpus_per_node: 1, ngpus_total: 1

Memory information
{
[AMD EPYC 7763 64-Core Processor                ] : 
  CPU memory per node (GiB): 251
  Total CPU memory (GiB): 251
[NVIDIA A100-SXM4-40GB, CUDA v12.9] : 
  GPU memory per device (GiB): 39
  GPU memory per node (GiB): 39
  Total GPU memory (GiB): 39
}

------------------------------------------------------------

Input file provided: /global/cfs/cdirs/m4262/heindelj/cavity_qed/mlip/lambda_scans/grid_scans_optimized_geoms/runs_grid_no_freq/para_th18_ph126/para_th18_ph126_qed_ccsd_input.json

{
  "geometry": {
    "coordinates": [
      "C    -0.478367258100    1.238924677700    0.539436745100",
      "C     0.877668255700    1.255052642400    0.659447286800",
      "C     1.529592279200    0.023503798600    0.722936415300",
      "H    -1.044199534100    2.161141943000    0.500881997600",
      "H     1.452648336800    2.170606673200    0.692031370500",
      "N     3.021875386600    0.049486407900    0.879224211300",
      "O     3.538663922300   -0.999357626500    1.156182564200",
      "O     3.547923646500    1.117533524600    0.715917567000",
      "C    -0.442339259500   -1.255980810500    0.504125507200",
      "H    -0.979457067500   -2.194536127000    0.435085199700",
      "C     0.912540835500   -1.226936701900    0.643427416400",
      "H     1.513487685400   -2.124196867000    0.683312646900",
      "C    -1.227936997600   -0.020106182600    0.547102996400",
      "H    -1.663074303400   -0.055113353400    1.560172899800",
      "Br   -2.793106671100    0.007498479000   -0.573845197200"
    ],
    "units": "angstrom",
    "noorient": true
  },
  "common": {
    "maxiter": 100,
    "debug": false
  },
  "basis": {
    "basisset": "6-311G*"
  },
  "SCF": {
    "charge": 1,
    "multiplicity": 1,
    "lshift": 0,
    "tol_lindep": 1e-10,
    "conve": 1e-07,
    "convd": 1e-05,
    "diis_hist": 10,
    "writem": 10,
    "restart": false,
    "noscf": false,
    "scf_type": "restricted",
    "debug": false,
    "qed_omegas": [
      0.06615
    ],
    "qed_volumes": [],
    "qed_lambdas": [
      0.1
    ],
    "qed_polvecs": [
      [
        -0.1816356320013402,
        0.25,
        0.9510565162951536
      ]
    ],
    "direct_df": false
  },
  "CD": {
    "debug": false,
    "diagtol": 1e-06
  },
  "CC": {
    "threshold": 1e-06,
    "ndiis": 5,
    "ccsd_maxiter": 200,
    "tilesize": 40,
    "freeze": {
      "atomic": true
    },
    "readt": false,
    "writet": true,
    "writet_iter": 5,
    "debug": false,
    "profile_ccsd": false,
    "balance_tiles": true
  },
  "TASK": {
    "scf": false,
    "ccsd": true
  }
}

Output folder & files prefix: para_th18_ph126_qed_ccsd_input.6-311g*

  C (carbon)
  ----------
          Exponent        Coefficients
      ----------------  --------------------
  1 S  4.56324000E+03      0.778202
  1 S  6.82024000E+02      1.448695
  1 S  1.54973000E+02      2.383089
  1 S  4.44553000E+01      3.200089
  1 S  1.30290000E+01      3.013004
  1 S  1.82773000E+00      0.247599

  2 S  2.09642000E+01      0.800629
  2 S  4.80331000E+00      2.127420
  2 S  1.45933000E+00     -0.002868

  3 P  2.09642000E+01      2.573592
  3 P  4.80331000E+00      2.408248
  3 P  1.45933000E+00      1.865281

  4 S  4.83456000E-01      0.413217

  5 P  4.83456000E-01      0.574627

  6 S  1.45585000E-01      0.167976

  7 P  1.45585000E-01      0.128185

  8 D  6.26000000E-01      0.725128


  H (hydrogen)
  ------------
          Exponent        Coefficients
      ----------------  --------------------
  1 S  3.38650000E+01      0.255069
  1 S  5.09479000E+00      0.460109
  1 S  1.15879000E+00      0.678321

  2 S  3.25840000E-01      0.307371

  3 S  1.02741000E-01      0.129336


  N (nitrogen)
  ------------
          Exponent        Coefficients
      ----------------  --------------------
  1 S  6.29348000E+03      0.991968
  1 S  9.49044000E+02      1.823240
  1 S  2.18776000E+02      2.979891
  1 S  6.36916000E+01      4.000007
  1 S  1.88282000E+01      3.881008
  1 S  2.72023000E+00      0.386764

  2 S  3.06331000E+01      1.038501
  2 S  7.02614000E+00      2.834794
  2 S  2.11205000E+00     -0.003208

  3 P  3.06331000E+01      3.935616
  3 P  7.02614000E+00      3.870994
  3 P  2.11205000E+00      2.967271

  4 S  6.84009000E-01      0.536051

  5 P  6.84009000E-01      0.886681

  6 S  2.00878000E-01      0.213850

  7 P  2.00878000E-01      0.191693

  8 D  9.13000000E-01      1.403568


  O (oxygen)
  ----------
          Exponent        Coefficients
      ----------------  --------------------
  1 S  8.58850000E+03      1.205013
  1 S  1.29723000E+03      2.216205
  1 S  2.99296000E+02      3.627452
  1 S  8.73771000E+01      4.888452
  1 S  2.56789000E+01      4.835721
  1 S  3.74004000E+00      0.538229

  2 S  4.21175000E+01      1.341958
  2 S  9.62837000E+00      3.587114
  2 S  2.85332000E+00     -0.005123

  3 P  4.21175000E+01      5.584018
  3 P  9.62837000E+00      5.733366
  3 P  2.85332000E+00      4.332955

  4 S  9.05661000E-01      0.661659

  5 P  9.05661000E-01      1.259352

  6 S  2.55611000E-01      0.256209

  7 P  2.55611000E-01      0.259068

  8 D  1.29200000E+00      2.577026


  Br (bromine)
  ------------
          Exponent        Coefficients
      ----------------  --------------------
  1 S  4.39700000E+05      9.893706
  1 S  6.60300000E+04     18.450679
  1 S  1.51400000E+04     31.049770
  1 S  4.31700000E+03     48.888138
  1 S  1.41400000E+03     64.847798
  1 S  5.23900000E+02     42.245010

  2 S  5.23900000E+02     14.290679
  2 S  2.07700000E+02     24.083128
  2 S  8.65400000E+01      5.132542

  3 S  3.05200000E+01      9.254405

  4 S  1.29800000E+01      4.873782

  5 S  4.41200000E+00      2.169635

  6 S  1.86200000E+00      1.136043

  7 S  3.93200000E-01      0.353892

  8 S  1.40000000E-01      0.163120

  9 P  2.95700000E+03    691.874478
  9 P  7.00300000E+02    925.332763
  9 P  2.24600000E+02   1068.830732

  10 P  8.25900000E+01    122.079275
  10 P  3.31900000E+01     57.580687
  10 P  1.42000000E+01     10.176170

  11 P  1.42000000E+01      3.129736
  11 P  7.43800000E+00      6.538168
  11 P  3.52600000E+00      4.166276

  12 P  1.59500000E+00      2.555000

  13 P  8.46200000E-01      1.156861

  14 P  3.18600000E-01      0.341191

  15 P  1.09600000E-01      0.089888

  16 D  1.34800000E+02    160.709187
  16 D  3.63900000E+01    119.797406
  16 D  1.21600000E+01     55.531619
  16 D  4.34100000E+00     12.984636

  17 D  1.53500000E+00      3.484168

  18 D  4.51000000E-01      0.408525



Printing Internal Coordinates

------------------------------------------------------------
                Bond Lengths

i      j        Length (Angstroms)     Length (Bohr)
0      1          1.3614312161         2.5727321376
0      3          1.0826529072         2.0459174841
0      12         1.4652891431         2.7689951758
1      2          1.3949008411         2.6359805625
1      4          1.0816205432         2.0439665988
2      5          1.5006697984         2.8358549244
2      10         1.3966658907         2.6393160229
5      6          1.2016031493         2.2707008642
5      7          1.2017156383         2.2709134376
8      9          1.0835811856         2.0476716760
8      10         1.3623320645         2.5744344945
8      12         1.4650586905         2.7685596834
10     11         1.0806496897         2.0421319516
12     13         1.1031231147         2.0846005699
12     14         1.9253682705         3.6384187227

Number of Bonds: 15

------------------------------------------------------------
           Bond Angles

i      j      k      Angle (degrees)
0      1      2        117.3267 
0      1      4        122.8313 
0      12     8        116.7671 
0      12     13       103.5243 
0      12     14       113.6085 
1      0      3        120.9047 
1      0      12       121.2813 
1      2      5        117.0137 
1      2      10       125.5480 
2      1      4        119.8362 
2      5      6        115.8853 
2      5      7        115.8831 
2      10     8        117.6646 
2      10     11       119.7081 
3      0      12       117.6935 
5      2      10       117.4364 
6      5      7        128.2311 
8      10     11       122.6243 
8      12     13       102.2213 
8      12     14       115.5261 
9      8      10       121.1953 
9      8      12       117.8225 
10     8      12       120.8175 
13     12     14       102.3840 

Number of Angles: 24

------------------------------------------------------------
              Torsional Angles

i      j      k      l      Angle (degrees)
3      0      1      2        179.0253 
4      1      0      3         -1.8573 
8      10     2      1         -0.6346 
8      12     0      1         -8.1377 
8      12     0      3        175.8183 
9      8      10     2        179.8907 
9      8      12     0       -175.5720 
10     2      1      0          1.5425 
10     2      1      4       -177.6025 
10     8      12     0          9.0366 
11     10     2      1        178.7533 
11     10     8      9          0.5220 
12     0      1      2          3.1079 
12     0      1      4       -177.7747 
12     8      10     2         -4.8744 
12     8      10     11       175.7569 
13     12     0      1        103.2811 
13     12     0      3        -72.7629 
13     12     8      9         72.2644 
13     12     8      10      -103.1271 
14     12     0      1       -146.4849 
14     12     0      3         37.4710 
14     12     8      9        -38.0154 
14     12     8      10       146.5931 

Number of Torsional Angles: 24


----------------------------------------------------------------------
                          Center of Mass

         x               y               z              Unit
   -0.2671750794   0.01632674486    0.2153043912      Angstrom
   -0.5048877278   0.03085307631    0.4068663331          Bohr

----------------------------------------------------------------------
                Moment of Inertia Tensor

           774.477          -29.0941          -1053.28
          -29.0941           4663.89           18.1666
          -1053.28           18.1666           4811.62

----------------------------------------------------------------------
                      Principal Moments of Inertia

           x                 y                 z                Unit
       144.5125631        1305.64659        1420.12977       amu * ang^2
       516.0637319       4662.548619       5071.375478      amu * bohr^2
  2.3996892051e-38  2.1680786496e-37  2.3581825726e-37          g * cm^2

 - Molecule is an asymmetric top.

----------------------------------------------------------------------

         Rotational constants (MHz)

    A = 3.4971e+03        B = 3.8707e+02        C = 3.5587e+02

----------------------------------------------------------------------

        Rotational constants (cm-1)

    A = 1.1665e-01        B = 1.2911e-02        C = 1.1870e-02

----------------------------------------------------------------------

                                Z-Matrix
C   
C        1       2.5727321
C        2       2.6359806     1       117.32667
H        3      6.33642086     2     22.39008039     1         -0.7089
H        4      4.73219908     3     39.82638613     2          0.0854
N        5      4.99855453     4    126.43349999     3         -1.1350
O        6      2.27070086     5    166.26727006     4        -45.5322
O        7      4.08598257     6     25.88575559     5       -137.9726
C        8      8.78278028     7     60.37073090     6         -3.5407
H        9      2.04767168     8    150.55403917     7        -17.9009
C       10      4.03504595     9     33.07697556     8          5.8110
H       11      2.04213195    10     96.89750761     9       -179.5572
C       12      6.53560079    11     18.66745658    10         -4.5958
H       13      2.08460057    12    104.90388574    11       -105.8647
Br      14      4.56474548    13     51.12556485    12       -140.7745

----------------------------------------------------------------------

             Converted back to Cartesian

C        0.000000      0.000000      0.000000
C        0.000000      0.000000      2.572732
C        0.000000      0.094189     -0.061565
H        0.000009     -0.175408      6.269118
H       -0.000012      0.083276      1.543994
N        0.000124     -0.381944      6.520853
O        0.001589     -0.056431      4.273605
O       -0.000121     -0.674026      8.312643
C       -0.000916      0.812854     -0.343362
H        0.002380      0.374088      1.656747
C       -0.005532      1.278342     -2.275664
H        0.003860      0.762402     -0.299805
C       -0.029467      2.449397     -6.613838
H       -0.010851      1.847715     -4.618045
Br      -0.057091      3.232929     -8.967291

----------------------------------------------------------------------
                       Geometry in bohr 

1     C      -0.9039831054    2.3412283315    1.0193877105
2     C       1.6585526327    2.3717057677    1.2461747665
3     C       2.8905104920    0.0444157423    1.3661518314
4     H      -1.9732511402    4.0839663915    0.9465297969
5     H       2.7451075138    4.1018521394    1.3077497608
6     N       5.7105168673    0.0935157579    1.6614929626
7     O       6.6871056648   -1.8885122159    2.1848683979
8     O       6.7046040075    2.1118322980    1.3528881304
9     C      -0.8359000552   -2.3734597512    0.9526591417
10    H      -1.8509056097   -4.1470722534    0.8221918689
11    C       1.7244522578   -2.3185743404    1.2159015989
12    H       2.8600772203   -4.0141503161    1.2912737610
13    C      -2.3204646253   -0.0379951786    1.0338748259
14    H      -3.1427549605   -0.1041491438    2.9482994897
15    Br     -5.2782066488    0.0141700717   -1.0844102614

 Number of nodes, processes per node used for SCF calculation: 1, 4

Common Options
{
  maxiter       = 100
  basis         = 6-311g* spherical
  geom_units    = angstrom
  ang2au factor = 1.889726126
  debug         = false
  file_prefix   = para_th18_ph126_qed_ccsd_input
}

SCF Options
{
  charge            = 1
  multiplicity      = 1
  level shift       = 0
  tol_int           = 1e-22
  tol_sch           = 1e-12
  tol_lindep        = 1e-10
  conve             = 1e-07
  convd             = 1e-05
  diis_hist         = 10
  AO_tilesize       = 30
  writem            = 10
  damp              = 100
  n_lindep          = 0
  scf_type          = restricted
  cuscf             = false
  qed_omegas        = [0.06615,]
  qed_lambdas       = [0.1,]
  qed_polvecs       = [[-0.181635632,0.25,0.9510565163,],]
  direct_df         = false
  restart_size      = 2000
  restart           = false
  debug             = false
}

Number of basis functions = 221

Total number of shells = 105

Total number of electrons = 98
  # of alpha electrons    = 49
  # of beta electons      = 49

Nuclear repulsion energy  = 722.035094264834

# of {all,non-negligible} shell-pairs = {5565,4841}
Number of AO tiles = 105

Time for initial setup: 0.04 secs
HF exch = 1.00

Time for computing 1-e integrals T, V, S: 0.01 secs
Time for computing orthogonalizer: 0.01 secs

Superposition of Atomic Density Guess ...
Time taken for SAD: 0.55 secs
Total Time to compute initial guess: 0.55 secs


 SCF iterations
-----------------------------------------------------------------------------
 Iter     Energy            E-Diff       RMSD        |[F,P]|^2       Time(s)
-----------------------------------------------------------------------------
   1  -3011.6991157807    -3.01e+03     1.71e-02     1.50e+03         0.6 
   2  -3005.8384086235     5.86e+00     6.88e-03     7.43e+00         2.0 
   3  -3006.0058449766    -1.67e-01     2.88e-03     3.96e+00         2.0 
   4  -3006.1179985178    -1.12e-01     1.19e-03     1.05e-01         2.0 
   5  -3006.1234442393    -5.45e-03     2.59e-04     1.24e-02         2.0 
   6  -3006.1240410413    -5.97e-04     1.71e-04     1.23e-03         2.1 
   7  -3006.1241743696    -1.33e-04     8.10e-05     1.97e-04         2.0 
   8  -3006.1242021171    -2.77e-05     2.95e-05     3.22e-05         2.0 
   9  -3006.1242066530    -4.54e-06     1.14e-05     4.39e-06         2.1 
  10  -3006.1242072806    -6.28e-07     3.49e-06     4.42e-07         2.1 
  11  -3006.1242073315    -5.08e-08     1.08e-06     4.94e-08         2.1 

** Total SCF energy = -3006.1242073314716

Nuclear repulsion energy = 722.035094264834015
#electrons        = 98
1e energy kinetic = 3006.1440716832194084
1e energy N-e     = -8597.2865536597200844
1e energy         = -5590.6791274060051364
2e energy         = 1862.8088631535840705
QED energy        = 0.1743172266088793
QED eT energy     = 0.1479471863998035
QED eT energy from matrix = 0.1479471863997971

 Polarizability Matrix (QED energy = 0.5 * lambda.dot(matrix * lambda))
[43.82964098,  0.08356604,  1.87292652]
[ 0.08356604, 43.49955438, -1.01542717]
[ 1.87292652, -1.01542717, 35.19729372]

 Polarizability Matrix (QED eT energy = 0.5 * lambda.dot(matrix * lambda))
[40.62171201,  0.09021691,  2.39217494]
[ 0.09021691, 40.25172212, -1.20402712]
[ 2.39217494, -1.20402712, 30.00607705]


                      Electron        Nuclear        Total  
                  ------------------------------------------
    Monopole         -98.000000     99.000000      1.000000

      Dipole   X      24.461773    -25.712659     -1.250885
      Dipole   Y      -3.046545      3.021494     -0.025051
      Dipole   Z     -49.099870     50.299088      1.199217

  Quadrupole  XX   -2129.057990   2079.496547    -49.561443
  Quadrupole  XY     -13.457474     13.203218     -0.254256
  Quadrupole  XZ    -476.260177    474.796248     -1.463929
  Quadrupole  YY    -304.887327    263.818304    -41.069023
  Quadrupole  YZ       8.280269     -7.573219      0.707050
  Quadrupole  ZZ    -221.718943    174.435725    -47.283217

    Octupole XXX   -1213.035910   1079.322263   -133.713647
    Octupole XXY    -120.840410    118.056512     -2.783897
    Octupole XXZ    -854.183677    799.192343    -54.991334
    Octupole XYY    -535.123710    511.442321    -23.681390
    Octupole XYZ      62.551813    -58.655872      3.895942
    Octupole XZZ    -285.996671    263.831008    -22.165663
    Octupole YYY     -29.732229     24.631643     -5.100585
    Octupole YYZ    -357.217720    330.498254    -26.719467
    Octupole YZZ      35.953437    -35.077358      0.876080
    Octupole ZZZ    -277.531248    178.013271    -99.517977

writing orbitals and density to disk ... done.

Total Time taken for Hartree-Fock: 23.20 secs

CD Options
{
  debug             = false
  skip_cd           = [false, 100]
  write_cv          = [false, 5000]
  diagtol           = 1e-06
  itilesize         = 1000
  max_cvecs_factor  = 12
}

- #occupied, #virtual = 98, 344

- Tilesize for the MSO space: 40

-----------------------------------------------------
Begin 2-index transformation ... 

nAO, nMO, nelectrons = 221, 442, 98
n_occ_alpha, n_vir_alpha, n_occ_beta, n_vir_beta = 49,172,49,172

Time taken for Fao->Fmo transform: 0.00 secs

-----------------------------------------------------
Number of AO tiles = 105
# of {all,non-negligible} shell-pairs = {5565,4841}

    Begin Cholesky Decomposition
---------------------------------------------
Total # of mpi ranks used for Cholesky decomposition: 4
  --> Number of nodes, mpi ranks per node: 1, 4
- CPU memory required for computing cholesky vectors: 1.93 GiB

- Time for computing the diagonal: 0.01 secs

- Total number of cholesky vectors = 1647

- Time to compute cholesky vectors: 15.18 secs

- CPU memory required for resizing the ao cholesky tensor: 1.56 GiB
- CPU memory required for ao2mo transformation: 1.70 GiB
- CPU memory required for the 2-step contraction: 2.11 GiB

- Time for ao to mo transform: 1.56 secs

   End Cholesky Decomposition
---------------------------------------------

Total Time taken for Cholesky Decomposition: 20.55 secs

scf_type = restricted
Closed-Shell SCF
QED-HF Enabled
nbf = 203
nbf_orig = 221
n_lindep = 0
focc = 1
nmo = 406
nocc = 62
nvir = 344
n_occ_alpha = 31
n_vir_alpha = 172
n_occ_beta = 31
n_vir_beta = 172
nelectrons = 98
nelectrons_alpha = 49
nelectrons_beta = 49
freeze atomic = true
n_frozen_core = 18
n_frozen_virtual = 0
----------------------------
--------- QED-CCSD --------
lambda_x: -0.0182
lambda_y: 0.0250
lambda_z: 0.0951
omega: 0.066150
coupling_factor_x: -0.003303
coupling_factor_y: 0.004547
coupling_factor_z: 0.017296
----------------------------
# of {all,non-negligible} shell-pairs = {5565,4841}
Number of AO tiles = 105
----------------------------
Electronic dipole expectation value using SCF density: 
dipole_x_elec: 24.46192420
dipole_y_elec: -3.04660402
dipole_z_elec: -49.09983363

d_n/N value: d_n is nuclear dipole moment and N is the total number of electrons 
d_nuc_x: -0.26237407
d_nuc_y: 0.03083157
d_nuc_z: 0.51325600

<d_e+d_n> expectation values: 
dipole_total_x: -1.25073445
dipole_total_y: -0.02511030
dipole_total_z: 1.19925411
----------------------------


 CCSD iterations
------------------------------------------------------------
  Iter     Residuum          Correlation          Time(s)
------------------------------------------------------------
   1     1.1860203405350    0.0000000000000         85.31
   2     0.1680840318843   -1.7016885982282         85.13
   3     0.0679698893505   -1.6256791150816         84.21
   4     0.0207776164965   -1.6992247005217         84.71
   5     0.0153551623905   -1.6876652405415         84.75
 MICROCYCLE DIIS UPDATE:                    6
   6     0.0058661886419   -1.6970813376404         84.31
   7     0.0030274545605   -1.6969574575934         83.71
   8     0.0019562805533   -1.6977685321271         83.63
   9     0.0011108689898   -1.6978035621601         83.47
  10     0.0009457998533   -1.6980129532046         84.76
 MICROCYCLE DIIS UPDATE:                   11
  11     0.0003147702453   -1.6981564635595         84.08
  12     0.0002729194833   -1.6982552578199         84.24
  13     0.0001680879940   -1.6982268582676         84.11
  14     0.0001601662612   -1.6982290780374         83.98
  15     0.0001052287748   -1.6982264107786         83.78
 MICROCYCLE DIIS UPDATE:                   16
  16     0.0000304115939   -1.6982164858349         83.55
  17     0.0000234771511   -1.6982264066386         83.14
  18     0.0000136466178   -1.6982300041673         83.58
  19     0.0000135935771   -1.6982299729867         83.86
  20     0.0000084564413   -1.6982310195462         83.97
 MICROCYCLE DIIS UPDATE:                   21
  21     0.0000042540346   -1.6982309725835         84.53
  22     0.0000032222313   -1.6982321646795         84.53
  23     0.0000022752729   -1.6982317204495         84.72
  24     0.0000020182367   -1.6982316831596         84.29
  25     0.0000015494497   -1.6982316044664         84.41
 MICROCYCLE DIIS UPDATE:                   26
  26     0.0000006077501   -1.6982312454469         84.49
------------------------------------------------------------------
 Iterations converged
 CCSD correlation energy / hartree =        -1.698231245446914
 CCSD total energy / hartree       =     -3007.822438576918557

Time taken for spin-orbital canonical QED-CCSD: 2280.63 secs
