
ExaChem Git Information
{
 WARNING: Failed to retrieve the current git state.
}


TAMM Git Information
{
 Branch: main
 Commit Hash: e71357ad [e71357ad54f38748b4a7e175aa6760820d5ce96f]
 Commit Date: 2026-02-02 23:14:56 -0800
 Commit Message: add GitHub Actions workflow for releases
}


date: Sun Aug  9 20:41:06 2026
program: "/global/cfs/cdirs/m3196/heindelj/cavity_qed/software/install_gpu/bin/bin/ExaChem"
nnodes: 1, nproc_per_node: 4, nproc_total: 4, ngpus_per_node: 1, ngpus_total: 1

Memory information
{
[AMD EPYC 7763 64-Core Processor                ] : 
  CPU memory per node (GiB): 251
  Total CPU memory (GiB): 251
[NVIDIA A100-SXM4-80GB, CUDA v12.9] : 
  GPU memory per device (GiB): 79
  GPU memory per node (GiB): 79
  Total GPU memory (GiB): 79
}

------------------------------------------------------------

Input file provided: /global/cfs/cdirs/m4262/heindelj/cavity_qed/mlip/lambda_scans/grid_scans_optimized_geoms/runs_grid_no_freq/ortho_th63_ph324/ortho_th63_ph324_qed_ccsd_input.json

{
  "geometry": {
    "coordinates": [
      "C    -1.761367028700    1.955268156900    0.678807205200",
      "C    -0.349560172300    1.977507490800    0.630991565100",
      "C     0.297111001000    0.805174190100    0.620439964600",
      "C    -2.505745602500    0.784108375200    0.731623319200",
      "H    -2.276482035100    2.903940666700    0.696088359700",
      "H     0.186909160000    2.915850491400    0.644175992600",
      "H    -3.580464404000    0.816941163400    0.781167840300",
      "N     1.775955807700    0.849512403400    0.724598139500",
      "O     2.379297149500    0.066432913800    0.043836108600",
      "O     2.210193702500    1.687835498000    1.469561881100",
      "C    -1.855506764000   -0.412968481800    0.717875998700",
      "H    -2.402592772500   -1.347229583200    0.762628733700",
      "C    -0.390251114100   -0.501973283600    0.662896272800",
      "H    -0.040026336200   -1.083703679000    1.514191511400",
      "Br   -0.040971519200   -1.632219540000   -0.889154873500"
    ],
    "units": "angstrom",
    "noorient": true
  },
  "common": {
    "maxiter": 100,
    "debug": false
  },
  "basis": {
    "basisset": "6-311G*"
  },
  "SCF": {
    "charge": 1,
    "multiplicity": 1,
    "lshift": 0,
    "tol_lindep": 1e-10,
    "conve": 1e-07,
    "convd": 1e-05,
    "diis_hist": 10,
    "writem": 10,
    "restart": false,
    "noscf": false,
    "scf_type": "restricted",
    "debug": false,
    "qed_omegas": [
      0.06615
    ],
    "qed_volumes": [],
    "qed_lambdas": [
      0.1
    ],
    "qed_polvecs": [
      [
        0.7208394201673423,
        -0.5237204946142996,
        0.45399049973954686
      ]
    ],
    "direct_df": false
  },
  "CD": {
    "debug": false,
    "diagtol": 1e-06
  },
  "CC": {
    "threshold": 1e-06,
    "ndiis": 5,
    "ccsd_maxiter": 200,
    "tilesize": 40,
    "freeze": {
      "atomic": true
    },
    "readt": false,
    "writet": true,
    "writet_iter": 5,
    "debug": false,
    "profile_ccsd": false,
    "balance_tiles": true
  },
  "TASK": {
    "scf": false,
    "ccsd": true
  }
}

Output folder & files prefix: ortho_th63_ph324_qed_ccsd_input.6-311g*

  C (carbon)
  ----------
          Exponent        Coefficients
      ----------------  --------------------
  1 S  4.56324000E+03      0.778202
  1 S  6.82024000E+02      1.448695
  1 S  1.54973000E+02      2.383089
  1 S  4.44553000E+01      3.200089
  1 S  1.30290000E+01      3.013004
  1 S  1.82773000E+00      0.247599

  2 S  2.09642000E+01      0.800629
  2 S  4.80331000E+00      2.127420
  2 S  1.45933000E+00     -0.002868

  3 P  2.09642000E+01      2.573592
  3 P  4.80331000E+00      2.408248
  3 P  1.45933000E+00      1.865281

  4 S  4.83456000E-01      0.413217

  5 P  4.83456000E-01      0.574627

  6 S  1.45585000E-01      0.167976

  7 P  1.45585000E-01      0.128185

  8 D  6.26000000E-01      0.725128


  H (hydrogen)
  ------------
          Exponent        Coefficients
      ----------------  --------------------
  1 S  3.38650000E+01      0.255069
  1 S  5.09479000E+00      0.460109
  1 S  1.15879000E+00      0.678321

  2 S  3.25840000E-01      0.307371

  3 S  1.02741000E-01      0.129336


  N (nitrogen)
  ------------
          Exponent        Coefficients
      ----------------  --------------------
  1 S  6.29348000E+03      0.991968
  1 S  9.49044000E+02      1.823240
  1 S  2.18776000E+02      2.979891
  1 S  6.36916000E+01      4.000007
  1 S  1.88282000E+01      3.881008
  1 S  2.72023000E+00      0.386764

  2 S  3.06331000E+01      1.038501
  2 S  7.02614000E+00      2.834794
  2 S  2.11205000E+00     -0.003208

  3 P  3.06331000E+01      3.935616
  3 P  7.02614000E+00      3.870994
  3 P  2.11205000E+00      2.967271

  4 S  6.84009000E-01      0.536051

  5 P  6.84009000E-01      0.886681

  6 S  2.00878000E-01      0.213850

  7 P  2.00878000E-01      0.191693

  8 D  9.13000000E-01      1.403568


  O (oxygen)
  ----------
          Exponent        Coefficients
      ----------------  --------------------
  1 S  8.58850000E+03      1.205013
  1 S  1.29723000E+03      2.216205
  1 S  2.99296000E+02      3.627452
  1 S  8.73771000E+01      4.888452
  1 S  2.56789000E+01      4.835721
  1 S  3.74004000E+00      0.538229

  2 S  4.21175000E+01      1.341958
  2 S  9.62837000E+00      3.587114
  2 S  2.85332000E+00     -0.005123

  3 P  4.21175000E+01      5.584018
  3 P  9.62837000E+00      5.733366
  3 P  2.85332000E+00      4.332955

  4 S  9.05661000E-01      0.661659

  5 P  9.05661000E-01      1.259352

  6 S  2.55611000E-01      0.256209

  7 P  2.55611000E-01      0.259068

  8 D  1.29200000E+00      2.577026


  Br (bromine)
  ------------
          Exponent        Coefficients
      ----------------  --------------------
  1 S  4.39700000E+05      9.893706
  1 S  6.60300000E+04     18.450679
  1 S  1.51400000E+04     31.049770
  1 S  4.31700000E+03     48.888138
  1 S  1.41400000E+03     64.847798
  1 S  5.23900000E+02     42.245010

  2 S  5.23900000E+02     14.290679
  2 S  2.07700000E+02     24.083128
  2 S  8.65400000E+01      5.132542

  3 S  3.05200000E+01      9.254405

  4 S  1.29800000E+01      4.873782

  5 S  4.41200000E+00      2.169635

  6 S  1.86200000E+00      1.136043

  7 S  3.93200000E-01      0.353892

  8 S  1.40000000E-01      0.163120

  9 P  2.95700000E+03    691.874478
  9 P  7.00300000E+02    925.332763
  9 P  2.24600000E+02   1068.830732

  10 P  8.25900000E+01    122.079275
  10 P  3.31900000E+01     57.580687
  10 P  1.42000000E+01     10.176170

  11 P  1.42000000E+01      3.129736
  11 P  7.43800000E+00      6.538168
  11 P  3.52600000E+00      4.166276

  12 P  1.59500000E+00      2.555000

  13 P  8.46200000E-01      1.156861

  14 P  3.18600000E-01      0.341191

  15 P  1.09600000E-01      0.089888

  16 D  1.34800000E+02    160.709187
  16 D  3.63900000E+01    119.797406
  16 D  1.21600000E+01     55.531619
  16 D  4.34100000E+00     12.984636

  17 D  1.53500000E+00      3.484168

  18 D  4.51000000E-01      0.408525



Printing Internal Coordinates

------------------------------------------------------------
                Bond Lengths

i      j        Length (Angstroms)     Length (Bohr)
0      1          1.4127913941         2.6697888079
0      3          1.3887059578         2.6242739297
0      4          1.0796395875         2.0402231351
1      2          1.3389026516         2.5301593209
1      5          1.0809536347         2.0427063244
2      7          1.4831711853         2.8027873380
2      12         1.4774653070         2.7920047908
3      6          1.0763610704         2.0340276356
3      10         1.3623481704         2.5744649302
7      8          1.2002796359         2.2681997864
7      9          1.2026300913         2.2726415033
10     11         1.0835818906         2.0476730082
10     12         1.4689856175         2.7759805001
12     13         1.0889312335         2.0577818012
12     14         1.9514906088         3.6877827879

Number of Bonds: 15

------------------------------------------------------------
           Bond Angles

i      j      k      Angle (degrees)
0      1      2        117.9780 
0      1      5        120.6105 
0      3      6        120.7459 
0      3      10       119.0002 
1      0      3        123.3816 
1      0      4        117.6129 
1      2      7        117.0552 
1      2      12       123.3485 
2      1      5        121.3637 
2      7      8        116.2231 
2      7      9        115.1102 
2      12     10       114.3004 
2      12     13       110.2107 
2      12     14       113.9716 
3      0      4        118.9920 
3      10     11       121.0781 
3      10     12       121.9850 
6      3      10       120.2538 
7      2      12       119.2291 
8      7      9        128.6537 
10     12     13       108.8998 
10     12     14       104.0864 
11     10     12       116.9306 
13     12     14       104.7609 

Number of Angles: 24

------------------------------------------------------------
              Torsional Angles

i      j      k      l      Angle (degrees)
3      0      1      2          0.8136 
4      0      1      2        179.4602 
5      1      0      3       -176.7064 
5      1      0      4          1.9401 
6      3      0      1        179.1131 
6      3      0      4          0.4842 
10     3      0      1         -0.9835 
10     3      0      4       -179.6124 
11     10     3      0        179.7002 
11     10     3      6         -0.3960 

Number of Torsional Angles: 10


----------------------------------------------------------------------
                          Center of Mass

         x               y               z              Unit
    0.0396309976   -0.1525609539   0.08001733016      Angstrom
   0.07489173156   -0.2882984204    0.1512108393          Bohr

----------------------------------------------------------------------
                Moment of Inertia Tensor

           1923.89          -90.5471          -42.2649
          -90.5471           1913.87          -731.756
          -42.2649          -731.756           2830.48

----------------------------------------------------------------------
                      Principal Moments of Inertia

           x                 y                 z                Unit
       416.1347059        545.091164        906.071272       amu * ang^2
       1486.044013       1946.555885       3235.639254      amu * bohr^2
  6.9100840779e-38  9.0514579041e-38  1.5045677712e-37          g * cm^2

 - Molecule is an asymmetric top.

----------------------------------------------------------------------

         Rotational constants (MHz)

    A = 1.2145e+03        B = 9.2715e+02        C = 5.5777e+02

----------------------------------------------------------------------

        Rotational constants (cm-1)

    A = 4.0510e-02        B = 3.0926e-02        C = 1.8605e-02

----------------------------------------------------------------------

                                Z-Matrix
C   
C        1       2.6697888
C        2       2.5301593     1       117.97803
C        3      5.30094642     2     61.55403813     1         -0.3825
H        4      4.02982200     3     83.36477193     2         -0.0197
H        5      4.65622264     4     96.46756085     3         -1.0692
H        6      8.15374467     5     28.84247718     4         -0.7553
N        7     10.12291882     6     28.79350302     5       -178.7461
O        8      2.26819979     7    120.30829305     6       -136.7192
O        9      4.09257106     8     25.70007529     7       -178.4615
C       10      8.76399671     9     67.82807681     8         11.6902
H       11      2.04767301    10    145.73898764     9         59.1944
C       12      4.12892130    11     36.82809257    10        -21.6205
H       13      2.05778180    12     93.08775843    11        128.6250
Br      14      4.65845064    13     49.95213103    12         89.4549

----------------------------------------------------------------------

             Converted back to Cartesian

C        0.000000      0.000000      0.000000
C        0.000000      0.000000      2.669789
C        0.000000      0.090910      0.141263
C        0.000012     -0.198847      5.434284
H       -0.000009      0.123528      1.417378
H        0.000074     -0.385165      6.045730
H       -0.000086      0.576807     -2.051070
N        0.004963     -0.705476      7.990305
O        0.002752     -0.335923      5.752414
O        0.008898     -1.034235      9.784964
C       -0.017086      0.638798      1.182178
H       -0.006223      0.159208      3.172867
C       -0.030256      1.171171     -0.830050
H       -0.017887      0.610468      1.149830
Br      -0.048287      1.947810     -3.312429

----------------------------------------------------------------------
                       Geometry in bohr 

1     C      -3.3285012914    3.6949213192    1.2827597101
2     C      -0.6605729902    3.7369475695    1.1924012458
3     C       0.5614584209    1.5215587029    1.1724616107
4     C      -4.7351729299    1.4817500822    1.3825677006
5     H      -4.3019275769    5.4876525459    1.3154163593
6     H       0.3532071228    5.5101588528    1.2173162029
7     H      -6.7660971271    1.5437950598    1.4761932765
8     N       3.3560700883    1.6053457830    1.3692920350
9     O       4.4962199847    0.1255400128    0.0828382397
10    O       4.1766607829    3.1895468368    2.7770694804
11    C      -3.5063996087   -0.7803973292    1.3565890299
12    H      -4.5402423321   -2.5458949410    1.4411594424
13    C      -0.7374677260   -0.9485920285    1.2526924055
14    H      -0.0756388132   -2.0479031549    2.8614072587
15    Br     -0.0774249503   -3.0844479080   -1.6802591944

 Number of nodes, processes per node used for SCF calculation: 1, 4

Common Options
{
  maxiter       = 100
  basis         = 6-311g* spherical
  geom_units    = angstrom
  ang2au factor = 1.889726126
  debug         = false
  file_prefix   = ortho_th63_ph324_qed_ccsd_input
}

SCF Options
{
  charge            = 1
  multiplicity      = 1
  level shift       = 0
  tol_int           = 1e-22
  tol_sch           = 1e-12
  tol_lindep        = 1e-10
  conve             = 1e-07
  convd             = 1e-05
  diis_hist         = 10
  AO_tilesize       = 30
  writem            = 10
  damp              = 100
  n_lindep          = 0
  scf_type          = restricted
  cuscf             = false
  qed_omegas        = [0.06615,]
  qed_lambdas       = [0.1,]
  qed_polvecs       = [[0.7208394202,-0.5237204946,0.4539904997,],]
  direct_df         = false
  restart_size      = 2000
  restart           = false
  debug             = false
}

Number of basis functions = 221

Total number of shells = 105

Total number of electrons = 98
  # of alpha electrons    = 49
  # of beta electons      = 49

Nuclear repulsion energy  = 773.94783287184

# of {all,non-negligible} shell-pairs = {5565,4984}
Number of AO tiles = 105

Time for initial setup: 0.04 secs
HF exch = 1.00

Time for computing 1-e integrals T, V, S: 0.01 secs
Time for computing orthogonalizer: 0.01 secs

Superposition of Atomic Density Guess ...
Time taken for SAD: 0.82 secs
Total Time to compute initial guess: 0.82 secs


 SCF iterations
-----------------------------------------------------------------------------
 Iter     Energy            E-Diff       RMSD        |[F,P]|^2       Time(s)
-----------------------------------------------------------------------------
   1  -3011.8309712768    -3.01e+03     1.68e-02     1.49e+03         0.6 
   2  -3005.7673867397     6.06e+00     7.13e-03     8.29e+00         2.2 
   3  -3005.9806669338    -2.13e-01     3.05e-03     3.86e+00         2.2 
   4  -3006.0917549095    -1.11e-01     1.19e-03     1.42e-01         2.2 
   5  -3006.0999516080    -8.20e-03     3.02e-04     1.42e-02         2.2 
   6  -3006.1007546188    -8.03e-04     1.85e-04     2.05e-03         2.2 
   7  -3006.1010085354    -2.54e-04     8.66e-05     6.02e-04         2.2 
   8  -3006.1010780262    -6.95e-05     4.81e-05     1.56e-04         2.2 
   9  -3006.1010978748    -1.98e-05     2.48e-05     2.57e-05         2.2 
  10  -3006.1011022017    -4.33e-06     9.87e-06     6.05e-06         2.2 
  11  -3006.1011030140    -8.12e-07     5.80e-06     1.37e-06         2.2 
  12  -3006.1011032803    -2.66e-07     3.26e-06     3.89e-07         2.2 
  13  -3006.1011033555    -7.52e-08     1.85e-06     8.05e-08         2.2 

** Total SCF energy = -3006.1011033555169

Nuclear repulsion energy = 773.947832871840319
#electrons        = 98
1e energy kinetic = 3006.2098147439169225
1e energy N-e     = -8701.4199055158205738
1e energy         = -5692.7508941104824771
2e energy         = 1914.9676249462365831
QED energy        = 0.1935295983068830
QED eT energy     = 0.1732590369816058
QED eT energy from matrix = 0.1732590369816232

 Polarizability Matrix (QED energy = 0.5 * lambda.dot(matrix * lambda))
[39.65401860, -0.99145798, -1.04981711]
[-0.99145798, 43.82816527,  3.79536949]
[-1.04981711,  3.79536949, 37.95750185]

 Polarizability Matrix (QED eT energy = 0.5 * lambda.dot(matrix * lambda))
[35.97045106, -1.15048708, -1.18456683]
[-1.15048708, 40.64986492,  4.56320309]
[-1.18456683,  4.56320309, 33.42058097]


                      Electron        Nuclear        Total  
                  ------------------------------------------
    Monopole         -98.000000     99.000000      1.000000

      Dipole   X      -3.958557      0.395028     -3.563529
      Dipole   Y      11.144899    -10.012623      1.132275
      Dipole   Z     -26.528713     27.803557      1.274844

  Quadrupole  XX    -789.027881    747.913536    -41.114344
  Quadrupole  XY     -37.701199     31.808954     -5.892245
  Quadrupole  XZ     -16.289418     10.757639     -5.531779
  Quadrupole  YY    -743.783268    707.891084    -35.892183
  Quadrupole  YZ    -338.437250    339.088460      0.651210
  Quadrupole  ZZ    -295.501960    247.925092    -47.576868

    Octupole XXX     -55.664415    -28.310778    -83.975193
    Octupole XXY   -1109.380247   1108.726929     -0.653318
    Octupole XXZ   -1024.625082   1011.129241    -13.495841
    Octupole XYY     155.396236   -188.822776    -33.426540
    Octupole XYZ    -182.198772    169.949262    -12.249510
    Octupole XZZ    -127.506223    128.782083      1.275860
    Octupole YYY    -216.855764    221.098190      4.242427
    Octupole YYZ     -67.024937     43.866394    -23.158543
    Octupole YZZ     -23.982885     -7.602302    -31.585187
    Octupole ZZZ    -218.507598    132.134978    -86.372620

writing orbitals and density to disk ... done.

Total Time taken for Hartree-Fock: 31.04 secs

CD Options
{
  debug             = false
  skip_cd           = [false, 100]
  write_cv          = [false, 5000]
  diagtol           = 1e-06
  itilesize         = 1000
  max_cvecs_factor  = 12
}

- #occupied, #virtual = 98, 344

- Tilesize for the MSO space: 40

-----------------------------------------------------
Begin 2-index transformation ... 

nAO, nMO, nelectrons = 221, 442, 98
n_occ_alpha, n_vir_alpha, n_occ_beta, n_vir_beta = 49,172,49,172

Time taken for Fao->Fmo transform: 0.00 secs

-----------------------------------------------------
Number of AO tiles = 105
# of {all,non-negligible} shell-pairs = {5565,4984}

    Begin Cholesky Decomposition
---------------------------------------------
Total # of mpi ranks used for Cholesky decomposition: 4
  --> Number of nodes, mpi ranks per node: 1, 4
- CPU memory required for computing cholesky vectors: 1.93 GiB

- Time for computing the diagonal: 0.01 secs

- Total number of cholesky vectors = 1639

- Time to compute cholesky vectors: 15.07 secs

- CPU memory required for resizing the ao cholesky tensor: 1.56 GiB
- CPU memory required for ao2mo transformation: 1.69 GiB
- CPU memory required for the 2-step contraction: 2.10 GiB

- Time for ao to mo transform: 1.52 secs

   End Cholesky Decomposition
---------------------------------------------

Total Time taken for Cholesky Decomposition: 19.91 secs

scf_type = restricted
Closed-Shell SCF
QED-HF Enabled
nbf = 203
nbf_orig = 221
n_lindep = 0
focc = 1
nmo = 406
nocc = 62
nvir = 344
n_occ_alpha = 31
n_vir_alpha = 172
n_occ_beta = 31
n_vir_beta = 172
nelectrons = 98
nelectrons_alpha = 49
nelectrons_beta = 49
freeze atomic = true
n_frozen_core = 18
n_frozen_virtual = 0
----------------------------
--------- QED-CCSD --------
lambda_x: 0.0721
lambda_y: -0.0524
lambda_z: 0.0454
omega: 0.066150
coupling_factor_x: 0.013110
coupling_factor_y: -0.009525
coupling_factor_z: 0.008257
----------------------------
# of {all,non-negligible} shell-pairs = {5565,4984}
Number of AO tiles = 105
----------------------------
Electronic dipole expectation value using SCF density: 
dipole_x_elec: -3.95883387
dipole_y_elec: 11.14474491
dipole_z_elec: -26.52879489

d_n/N value: d_n is nuclear dipole moment and N is the total number of electrons 
d_nuc_x: 0.00403090
d_nuc_y: -0.10216962
d_nuc_z: 0.28370976

<d_e+d_n> expectation values: 
dipole_total_x: -3.56380585
dipole_total_y: 1.13212167
dipole_total_z: 1.27476206
----------------------------


 CCSD iterations
------------------------------------------------------------
  Iter     Residuum          Correlation          Time(s)
------------------------------------------------------------
   1     1.1853253561080    0.0000000000000         86.66
   2     0.1717713777599   -1.6541174561927         85.41
   3     0.0687352056398   -1.6281339993435         85.90
   4     0.0238162201187   -1.6985255598455         85.46
   5     0.0208817706661   -1.6907400514243         85.25
 MICROCYCLE DIIS UPDATE:                    6
   6     0.0090160625624   -1.7013567058506         84.09
   7     0.0058491888284   -1.7009751413009         84.08
   8     0.0052017203487   -1.7026252437976         84.31
   9     0.0046212330814   -1.7027698152908         84.42
  10     0.0060975945404   -1.7031828462179         84.21
 MICROCYCLE DIIS UPDATE:                   11
  11     0.0008671931896   -1.7037509389970         84.01
  12     0.0008694227318   -1.7037370009339         83.95
  13     0.0005472279110   -1.7038078557769         84.21
  14     0.0007132646042   -1.7037686443776         83.96
  15     0.0006913316174   -1.7038149037118         84.10
 MICROCYCLE DIIS UPDATE:                   16
  16     0.0001657290475   -1.7038134987378         84.29
  17     0.0001037785680   -1.7038228971386         84.45
  18     0.0001028976584   -1.7038472483208         84.39
  19     0.0000857744117   -1.7038509963842         84.59
  20     0.0001166200657   -1.7038542783342         84.41
 MICROCYCLE DIIS UPDATE:                   21
  21     0.0000304709205   -1.7038676001667         84.74
  22     0.0000275017026   -1.7038636413531         84.32
  23     0.0000168181365   -1.7038633648776         84.43
  24     0.0000209675716   -1.7038617329612         84.39
  25     0.0000162592311   -1.7038624711680         84.56
 MICROCYCLE DIIS UPDATE:                   26
  26     0.0000064778235   -1.7038602999286         84.01
  27     0.0000039321117   -1.7038615915404         84.15
  28     0.0000040359495   -1.7038622181710         84.01
  29     0.0000042801911   -1.7038625947924         84.10
  30     0.0000055369115   -1.7038626844137         84.02
 MICROCYCLE DIIS UPDATE:                   31
  31     0.0000011247295   -1.7038632310247         84.21
  32     0.0000010376800   -1.7038630949779         84.05
  33     0.0000006908448   -1.7038630775070         84.49
------------------------------------------------------------------
 Iterations converged
 CCSD correlation energy / hartree =        -1.703863077507022
 CCSD total energy / hartree       =     -3007.804966433023765

Time taken for spin-orbital canonical QED-CCSD: 2867.15 secs
