
ExaChem Git Information
{
 WARNING: Failed to retrieve the current git state.
}


TAMM Git Information
{
 Branch: main
 Commit Hash: e71357ad [e71357ad54f38748b4a7e175aa6760820d5ce96f]
 Commit Date: 2026-02-02 23:14:56 -0800
 Commit Message: add GitHub Actions workflow for releases
}


date: Thu Aug  6 01:16:40 2026
program: "/global/cfs/cdirs/m3196/heindelj/cavity_qed/software/install_gpu/bin/bin/ExaChem"
nnodes: 1, nproc_per_node: 4, nproc_total: 4, ngpus_per_node: 1, ngpus_total: 1

Memory information
{
[AMD EPYC 7763 64-Core Processor                ] : 
  CPU memory per node (GiB): 251
  Total CPU memory (GiB): 251
[NVIDIA A100-SXM4-40GB, CUDA v12.9] : 
  GPU memory per device (GiB): 39
  GPU memory per node (GiB): 39
  Total GPU memory (GiB): 39
}

------------------------------------------------------------

Input file provided: /global/cfs/cdirs/m4262/heindelj/cavity_qed/mlip/lambda_scans/grid_scans_optimized_geoms/runs_grid_no_freq/para_th54_ph198/para_th54_ph198_qed_ccsd_input.json

{
  "geometry": {
    "coordinates": [
      "C    -0.467596760800    1.250136629900    0.436639883900",
      "C     0.881865894700    1.244150329200    0.618215061300",
      "C     1.517863955200    0.012975713500    0.738726425900",
      "H    -1.014943965000    2.178269797400    0.322597526300",
      "H     1.461159397900    2.152690692500    0.636037948800",
      "N     3.006213296300    0.030911147300    0.898873143100",
      "O     3.561168877600   -1.025067527800    0.761105382100",
      "O     3.482557818600    1.098715214400    1.171283782100",
      "C    -0.451201153100   -1.244480012500    0.520864327600",
      "H    -0.995575666600   -2.177134555100    0.476322150700",
      "C     0.898189939000   -1.233087908000    0.687309336700",
      "H     1.486835075100   -2.138325334000    0.735470041000",
      "C    -1.224162143500    0.001123434100    0.530340800900",
      "H    -1.521587027800    0.041527313300    1.597174082900",
      "Br   -2.854868232900   -0.044884455400   -0.465520206100"
    ],
    "units": "angstrom",
    "noorient": true
  },
  "common": {
    "maxiter": 100,
    "debug": false
  },
  "basis": {
    "basisset": "6-311G*"
  },
  "SCF": {
    "charge": 1,
    "multiplicity": 1,
    "lshift": 0,
    "tol_lindep": 1e-10,
    "conve": 1e-07,
    "convd": 1e-05,
    "diis_hist": 10,
    "writem": 10,
    "restart": false,
    "noscf": false,
    "scf_type": "restricted",
    "debug": false,
    "qed_omegas": [
      0.06615
    ],
    "qed_volumes": [],
    "qed_lambdas": [
      0.1
    ],
    "qed_polvecs": [
      [
        -0.7694208842938134,
        -0.2499999999999999,
        0.5877852522924731
      ]
    ],
    "direct_df": false
  },
  "CD": {
    "debug": false,
    "diagtol": 1e-06
  },
  "CC": {
    "threshold": 1e-06,
    "ndiis": 5,
    "ccsd_maxiter": 200,
    "tilesize": 40,
    "freeze": {
      "atomic": true
    },
    "readt": false,
    "writet": true,
    "writet_iter": 5,
    "debug": false,
    "profile_ccsd": false,
    "balance_tiles": true
  },
  "TASK": {
    "scf": false,
    "ccsd": true
  }
}

Output folder & files prefix: para_th54_ph198_qed_ccsd_input.6-311g*

  C (carbon)
  ----------
          Exponent        Coefficients
      ----------------  --------------------
  1 S  4.56324000E+03      0.778202
  1 S  6.82024000E+02      1.448695
  1 S  1.54973000E+02      2.383089
  1 S  4.44553000E+01      3.200089
  1 S  1.30290000E+01      3.013004
  1 S  1.82773000E+00      0.247599

  2 S  2.09642000E+01      0.800629
  2 S  4.80331000E+00      2.127420
  2 S  1.45933000E+00     -0.002868

  3 P  2.09642000E+01      2.573592
  3 P  4.80331000E+00      2.408248
  3 P  1.45933000E+00      1.865281

  4 S  4.83456000E-01      0.413217

  5 P  4.83456000E-01      0.574627

  6 S  1.45585000E-01      0.167976

  7 P  1.45585000E-01      0.128185

  8 D  6.26000000E-01      0.725128


  H (hydrogen)
  ------------
          Exponent        Coefficients
      ----------------  --------------------
  1 S  3.38650000E+01      0.255069
  1 S  5.09479000E+00      0.460109
  1 S  1.15879000E+00      0.678321

  2 S  3.25840000E-01      0.307371

  3 S  1.02741000E-01      0.129336


  N (nitrogen)
  ------------
          Exponent        Coefficients
      ----------------  --------------------
  1 S  6.29348000E+03      0.991968
  1 S  9.49044000E+02      1.823240
  1 S  2.18776000E+02      2.979891
  1 S  6.36916000E+01      4.000007
  1 S  1.88282000E+01      3.881008
  1 S  2.72023000E+00      0.386764

  2 S  3.06331000E+01      1.038501
  2 S  7.02614000E+00      2.834794
  2 S  2.11205000E+00     -0.003208

  3 P  3.06331000E+01      3.935616
  3 P  7.02614000E+00      3.870994
  3 P  2.11205000E+00      2.967271

  4 S  6.84009000E-01      0.536051

  5 P  6.84009000E-01      0.886681

  6 S  2.00878000E-01      0.213850

  7 P  2.00878000E-01      0.191693

  8 D  9.13000000E-01      1.403568


  O (oxygen)
  ----------
          Exponent        Coefficients
      ----------------  --------------------
  1 S  8.58850000E+03      1.205013
  1 S  1.29723000E+03      2.216205
  1 S  2.99296000E+02      3.627452
  1 S  8.73771000E+01      4.888452
  1 S  2.56789000E+01      4.835721
  1 S  3.74004000E+00      0.538229

  2 S  4.21175000E+01      1.341958
  2 S  9.62837000E+00      3.587114
  2 S  2.85332000E+00     -0.005123

  3 P  4.21175000E+01      5.584018
  3 P  9.62837000E+00      5.733366
  3 P  2.85332000E+00      4.332955

  4 S  9.05661000E-01      0.661659

  5 P  9.05661000E-01      1.259352

  6 S  2.55611000E-01      0.256209

  7 P  2.55611000E-01      0.259068

  8 D  1.29200000E+00      2.577026


  Br (bromine)
  ------------
          Exponent        Coefficients
      ----------------  --------------------
  1 S  4.39700000E+05      9.893706
  1 S  6.60300000E+04     18.450679
  1 S  1.51400000E+04     31.049770
  1 S  4.31700000E+03     48.888138
  1 S  1.41400000E+03     64.847798
  1 S  5.23900000E+02     42.245010

  2 S  5.23900000E+02     14.290679
  2 S  2.07700000E+02     24.083128
  2 S  8.65400000E+01      5.132542

  3 S  3.05200000E+01      9.254405

  4 S  1.29800000E+01      4.873782

  5 S  4.41200000E+00      2.169635

  6 S  1.86200000E+00      1.136043

  7 S  3.93200000E-01      0.353892

  8 S  1.40000000E-01      0.163120

  9 P  2.95700000E+03    691.874478
  9 P  7.00300000E+02    925.332763
  9 P  2.24600000E+02   1068.830732

  10 P  8.25900000E+01    122.079275
  10 P  3.31900000E+01     57.580687
  10 P  1.42000000E+01     10.176170

  11 P  1.42000000E+01      3.129736
  11 P  7.43800000E+00      6.538168
  11 P  3.52600000E+00      4.166276

  12 P  1.59500000E+00      2.555000

  13 P  8.46200000E-01      1.156861

  14 P  3.18600000E-01      0.341191

  15 P  1.09600000E-01      0.089888

  16 D  1.34800000E+02    160.709187
  16 D  3.63900000E+01    119.797406
  16 D  1.21600000E+01     55.531619
  16 D  4.34100000E+00     12.984636

  17 D  1.53500000E+00      3.484168

  18 D  4.51000000E-01      0.408525



Printing Internal Coordinates

------------------------------------------------------------
                Bond Lengths

i      j        Length (Angstroms)     Length (Bohr)
0      1          1.3616368236         2.5731206796
0      3          1.0835247103         2.0475649532
0      12         1.4632856876         2.7652091935
1      2          1.3909735642         2.6285590847
1      4          1.0776568145         2.0364762372
2      5          1.4970478990         2.8290105265
2      10         1.3925926010         2.6316186208
5      6          1.2008524537         2.2692822550
5      7          1.2005487020         2.2687082476
8      9          1.0808201110         2.0424540011
8      10         1.3596654149         2.5693952571
8      12         1.4659762762         2.7702936691
10     11         1.0808687927         2.0425459963
12     13         1.1082541617         2.0942968434
12     14         1.9112975229         3.6118288635

Number of Bonds: 15

------------------------------------------------------------
           Bond Angles

i      j      k      Angle (degrees)
0      1      2        117.9427 
0      1      4        122.0894 
0      12     8        116.8867 
0      12     13        99.7459 
0      12     14       115.3604 
1      0      3        121.2276 
1      0      12       120.0078 
1      2      5        116.9517 
1      2      10       125.8261 
2      1      4        119.9337 
2      5      6        115.8898 
2      5      7        115.4292 
2      10     8        116.9770 
2      10     11       120.3582 
3      0      12       118.4710 
5      2      10       117.1977 
6      5      7        128.6672 
8      10     11       122.6105 
8      12     13       100.2942 
8      12     14       115.2165 
9      8      10       120.8063 
9      8      12       117.8978 
10     8      12       121.0223 
13     12     14       105.8708 

Number of Angles: 24

------------------------------------------------------------
              Torsional Angles

i      j      k      l      Angle (degrees)
3      0      1      2       -179.1382 
4      1      0      3         -1.2656 
8      10     2      1         -0.8636 
8      12     0      1        -13.3134 
8      12     0      3        172.8328 
9      8      10     2       -179.7616 
9      8      12     0       -173.2180 
10     2      1      0          0.1787 
10     2      1      4       -177.7415 
10     8      12     0         12.7435 
11     10     2      1        176.5266 
11     10     8      9          2.9119 
12     0      1      2          7.1808 
12     0      1      4       -174.9466 
12     8      10     2         -5.8964 
12     8      10     11       176.7771 
13     12     0      1         93.5676 
13     12     0      3        -80.2863 
13     12     8      9         80.2236 
13     12     8      10       -93.8149 
14     12     0      1       -153.5727 
14     12     0      3         32.5735 
14     12     8      9        -32.9022 
14     12     8      10       153.0593 

Number of Torsional Angles: 24


----------------------------------------------------------------------
                          Center of Mass

         x               y               z              Unit
    -0.296234015 -0.007631872102    0.2585624341      Angstrom
   -0.5598011574   -0.0144221481    0.4886121868          Bohr

----------------------------------------------------------------------
                Moment of Inertia Tensor

           732.542          -48.4723           -1004.6
          -48.4723           4682.49          -28.7218
           -1004.6          -28.7218           4873.28

----------------------------------------------------------------------
                      Principal Moments of Inertia

           x                 y                 z                Unit
       140.2926503        1311.22873       1429.498713       amu * ang^2
       500.9941494       4682.482802        5104.83258      amu * bohr^2
  2.3296158552e-38  2.1773480169e-37  2.3737400787e-37          g * cm^2

 - Molecule is an asymmetric top.

----------------------------------------------------------------------

         Rotational constants (MHz)

    A = 3.6023e+03        B = 3.8542e+02        C = 3.5354e+02

----------------------------------------------------------------------

        Rotational constants (cm-1)

    A = 1.2016e-01        B = 1.2856e-02        C = 1.1793e-02

----------------------------------------------------------------------

                                Z-Matrix
C   
C        1       2.5731207
C        2       2.6285591     1       117.94274
H        3      6.34587301     2     22.13147591     1          0.6312
H        4      4.71674545     3     39.61026993     2          1.5905
N        5      4.98480321     4    126.99992345     3          0.7217
O        6      2.26928226     5    165.14420344     4         51.0787
O        7      4.09023315     6     25.66289357     5        135.7934
C        8      8.73946114     7     60.46830642     6          4.4102
H        9      2.04245400     8    150.62437701     7         17.6621
C       10      4.01854063     9     33.31011262     8         -5.5582
H       11      2.04254600    10     96.75432764     9       -177.5303
C       12      6.53769454    11     18.67936834    10         -2.3751
H       13      2.09429684    12    100.12345496    11        -95.9556
Br      14      4.64419698    13     48.42280099    12       -140.6902

----------------------------------------------------------------------

             Converted back to Cartesian

C        0.000000      0.000000      0.000000
C        0.000000      0.000000      2.573121
C        0.000000      0.094417     -0.053742
H       -0.000008     -0.176273      6.286355
H       -0.000019      0.081769      1.576673
N        0.000006     -0.383241      6.539740
O       -0.001789     -0.058219      4.293855
O        0.000623     -0.675667      8.337215
C       -0.000600      0.802466     -0.276339
H       -0.003106      0.365093      1.718734
C        0.003107      1.265392     -2.197653
H        0.001312      0.749339     -0.221374
C        0.006242      2.437055     -6.537467
H        0.007930      1.835041     -4.531562
Br       0.003618      3.235498     -8.959572

----------------------------------------------------------------------
                       Geometry in bohr 

1     C      -0.8836298153    2.3624158505    0.8251297962
2     C       1.6664850208    2.3511033816    1.1682571528
3     C       2.8683471717    0.0245205448    1.3959906269
4     H      -1.9179661270    4.1163333454    0.6096209736
5     H       2.7611910883    4.0679958426    1.2019375289
6     N       5.6809198061    0.0584136026    1.6986240624
7     O       6.7296338668   -1.9370968881    1.4382807251
8     O       6.5810804948    2.0762708456    2.2134055639
9     C      -0.8526466071   -2.3517263928    0.9842909279
10    H      -1.8813653475   -4.1141880484    0.9001184125
11    C       1.6973329938   -2.3301984353    1.2988264101
12    H       2.8097110863   -4.0408492494    1.3898369513
13    C      -2.3133311849    0.0021229828    1.0021988671
14    H      -2.8753827593    0.0784752489    3.0182215921
15    Br     -5.3949190857   -0.0848193280   -0.8797056956

 Number of nodes, processes per node used for SCF calculation: 1, 4

Common Options
{
  maxiter       = 100
  basis         = 6-311g* spherical
  geom_units    = angstrom
  ang2au factor = 1.889726126
  debug         = false
  file_prefix   = para_th54_ph198_qed_ccsd_input
}

SCF Options
{
  charge            = 1
  multiplicity      = 1
  level shift       = 0
  tol_int           = 1e-22
  tol_sch           = 1e-12
  tol_lindep        = 1e-10
  conve             = 1e-07
  convd             = 1e-05
  diis_hist         = 10
  AO_tilesize       = 30
  writem            = 10
  damp              = 100
  n_lindep          = 0
  scf_type          = restricted
  cuscf             = false
  qed_omegas        = [0.06615,]
  qed_lambdas       = [0.1,]
  qed_polvecs       = [[-0.7694208843,-0.25,0.5877852523,],]
  direct_df         = false
  restart_size      = 2000
  restart           = false
  debug             = false
}

Number of basis functions = 221

Total number of shells = 105

Total number of electrons = 98
  # of alpha electrons    = 49
  # of beta electons      = 49

Nuclear repulsion energy  = 722.827336237959

# of {all,non-negligible} shell-pairs = {5565,4840}
Number of AO tiles = 105

Time for initial setup: 0.01 secs
HF exch = 1.00

Time for computing 1-e integrals T, V, S: 0.01 secs
Time for computing orthogonalizer: 0.01 secs

Superposition of Atomic Density Guess ...
Time taken for SAD: 0.29 secs
Total Time to compute initial guess: 0.29 secs


 SCF iterations
-----------------------------------------------------------------------------
 Iter     Energy            E-Diff       RMSD        |[F,P]|^2       Time(s)
-----------------------------------------------------------------------------
   1  -3011.7911805265    -3.01e+03     1.74e-02     1.52e+03         0.6 
   2  -3005.7560442546     6.04e+00     7.10e-03     9.13e+00         2.1 
   3  -3006.0112711278    -2.55e-01     2.65e-03     3.07e+00         2.1 
   4  -3006.0994316559    -8.82e-02     1.28e-03     9.70e-02         2.0 
   5  -3006.1055510499    -6.12e-03     3.19e-04     1.13e-02         2.0 
   6  -3006.1062305919    -6.80e-04     2.46e-04     2.06e-03         2.1 
   7  -3006.1064509905    -2.20e-04     1.18e-04     3.17e-04         2.1 
   8  -3006.1064955833    -4.46e-05     3.13e-05     4.15e-05         2.1 
   9  -3006.1065015823    -6.00e-06     1.56e-05     8.66e-06         2.1 
  10  -3006.1065026974    -1.12e-06     5.89e-06     1.02e-06         2.1 
  11  -3006.1065028288    -1.31e-07     1.95e-06     1.16e-07         2.1 
  12  -3006.1065028406    -1.18e-08     7.53e-07     1.54e-08         2.1 

** Total SCF energy = -3006.1065028406015

Nuclear repulsion energy = 722.827336237958775
#electrons        = 98
1e energy kinetic = 3006.1872530060704776
1e energy N-e     = -8598.8448967051335785
1e energy         = -5587.9820872732589123
2e energy         = 1863.5341479103735765
QED energy        = 0.1896567101284008
QED eT energy     = 0.1675586223911270
QED eT energy from matrix = 0.1675586223911207

 Polarizability Matrix (QED energy = 0.5 * lambda.dot(matrix * lambda))
[42.57239875, -0.44269438,  2.01065308]
[-0.44269438, 43.69005720,  0.77935792]
[ 2.01065308,  0.77935792, 35.35687865]

 Polarizability Matrix (QED eT energy = 0.5 * lambda.dot(matrix * lambda))
[39.40118927, -0.46035373,  2.55383548]
[-0.46035373, 40.49237760,  0.93550909]
[ 2.55383548,  0.93550909, 30.15159547]


                      Electron        Nuclear        Total  
                  ------------------------------------------
    Monopole         -98.000000     99.000000      1.000000

      Dipole   X      29.293929    -30.578481     -1.284552
      Dipole   Y       1.018344     -0.989195      0.029149
      Dipole   Z     -56.346956     57.482058      1.135102

  Quadrupole  XX   -2158.717445   2108.852632    -49.864813
  Quadrupole  XY     -22.579155     22.538855     -0.040299
  Quadrupole  XZ    -450.438045    448.917364     -1.520681
  Quadrupole  YY    -304.883164    263.954061    -40.929104
  Quadrupole  YZ     -13.377707     12.445071     -0.932636
  Quadrupole  ZZ    -210.196580    162.621288    -47.575292

    Octupole XXX    -758.608495    628.405872   -130.202623
    Octupole XXY      53.805491    -54.299586     -0.494094
    Octupole XXZ   -1035.997381    977.290799    -58.706581
    Octupole XYY    -529.916724    507.661715    -22.255009
    Octupole XYZ     -84.039270     79.718436     -4.320834
    Octupole XZZ    -379.615290    360.761238    -18.854052
    Octupole YYY     -17.697034     18.014445      0.317411
    Octupole YYZ    -359.712958    328.855700    -30.857259
    Octupole YZZ     -39.687849     37.130582     -2.557267
    Octupole ZZZ    -314.901510    208.073045   -106.828464

writing orbitals and density to disk ... done.

Total Time taken for Hartree-Fock: 24.50 secs

CD Options
{
  debug             = false
  skip_cd           = [false, 100]
  write_cv          = [false, 5000]
  diagtol           = 1e-06
  itilesize         = 1000
  max_cvecs_factor  = 12
}

- #occupied, #virtual = 98, 344

- Tilesize for the MSO space: 40

-----------------------------------------------------
Begin 2-index transformation ... 

nAO, nMO, nelectrons = 221, 442, 98
n_occ_alpha, n_vir_alpha, n_occ_beta, n_vir_beta = 49,172,49,172

Time taken for Fao->Fmo transform: 0.00 secs

-----------------------------------------------------
Number of AO tiles = 105
# of {all,non-negligible} shell-pairs = {5565,4840}

    Begin Cholesky Decomposition
---------------------------------------------
Total # of mpi ranks used for Cholesky decomposition: 4
  --> Number of nodes, mpi ranks per node: 1, 4
- CPU memory required for computing cholesky vectors: 1.93 GiB

- Time for computing the diagonal: 0.01 secs

- Total number of cholesky vectors = 1649

- Time to compute cholesky vectors: 13.53 secs

- CPU memory required for resizing the ao cholesky tensor: 1.57 GiB
- CPU memory required for ao2mo transformation: 1.70 GiB
- CPU memory required for the 2-step contraction: 2.12 GiB

- Time for ao to mo transform: 1.60 secs

   End Cholesky Decomposition
---------------------------------------------

Total Time taken for Cholesky Decomposition: 16.92 secs

scf_type = restricted
Closed-Shell SCF
QED-HF Enabled
nbf = 203
nbf_orig = 221
n_lindep = 0
focc = 1
nmo = 406
nocc = 62
nvir = 344
n_occ_alpha = 31
n_vir_alpha = 172
n_occ_beta = 31
n_vir_beta = 172
nelectrons = 98
nelectrons_alpha = 49
nelectrons_beta = 49
freeze atomic = true
n_frozen_core = 18
n_frozen_virtual = 0
----------------------------
--------- QED-CCSD --------
lambda_x: -0.0769
lambda_y: -0.0250
lambda_z: 0.0588
omega: 0.066150
coupling_factor_x: -0.013993
coupling_factor_y: -0.004547
coupling_factor_z: 0.010690
----------------------------
# of {all,non-negligible} shell-pairs = {5565,4840}
Number of AO tiles = 105
----------------------------
Electronic dipole expectation value using SCF density: 
dipole_x_elec: 29.29402100
dipole_y_elec: 1.01846809
dipole_z_elec: -56.34691307

d_n/N value: d_n is nuclear dipole moment and N is the total number of electrons 
d_nuc_x: -0.31202532
d_nuc_y: -0.01009383
d_nuc_z: 0.58655161

<d_e+d_n> expectation values: 
dipole_total_x: -1.28446005
dipole_total_y: 0.02927322
dipole_total_z: 1.13514448
----------------------------


 CCSD iterations
------------------------------------------------------------
  Iter     Residuum          Correlation          Time(s)
------------------------------------------------------------
   1     1.1853828732736    0.0000000000000         87.20
   2     0.1679750839977   -1.6241347669302         85.75
   3     0.0622776033026   -1.6325737195153         85.74
   4     0.0218786253970   -1.6927578415078         85.82
   5     0.0151150299512   -1.6908096173419         85.29
 MICROCYCLE DIIS UPDATE:                    6
   6     0.0081509271982   -1.7000661554667         84.11
   7     0.0051595999720   -1.6999123905195         84.07
   8     0.0038713332498   -1.7010382573417         84.76
   9     0.0031031300314   -1.7013534834217         85.15
  10     0.0033383304220   -1.7015815377599         84.48
 MICROCYCLE DIIS UPDATE:                   11
  11     0.0006442876660   -1.7021523348841         84.78
  12     0.0004879421611   -1.7020700863388         83.64
  13     0.0004561526451   -1.7021613363437         83.66
  14     0.0005931794258   -1.7021288475098         83.80
  15     0.0008579920625   -1.7021544066642         83.68
 MICROCYCLE DIIS UPDATE:                   16
  16     0.0001145402910   -1.7021743726271         83.90
  17     0.0000787287874   -1.7021489079032         83.80
  18     0.0000701706777   -1.7021617807774         83.89
  19     0.0000639683514   -1.7021615237060         83.91
  20     0.0000796738796   -1.7021639241190         83.64
 MICROCYCLE DIIS UPDATE:                   21
  21     0.0000277537735   -1.7021748707816         83.69
  22     0.0000210253301   -1.7021685921271         83.73
  23     0.0000199792041   -1.7021694674966         84.76
  24     0.0000242996202   -1.7021679905277         84.54
  25     0.0000322811016   -1.7021681790699         84.57
 MICROCYCLE DIIS UPDATE:                   26
  26     0.0000067580497   -1.7021677590508         85.06
  27     0.0000048239048   -1.7021666450690         84.26
  28     0.0000039646625   -1.7021676439557         84.88
  29     0.0000035811468   -1.7021676779794         84.89
  30     0.0000043483439   -1.7021678329721         84.85
 MICROCYCLE DIIS UPDATE:                   31
  31     0.0000018277927   -1.7021686090273         84.73
  32     0.0000014267173   -1.7021681303018         84.84
  33     0.0000013865041   -1.7021681319337         85.05
  34     0.0000016540124   -1.7021680388783         84.88
  35     0.0000021903732   -1.7021680374810         84.90
 MICROCYCLE DIIS UPDATE:                   36
  36     0.0000004429046   -1.7021680060979         84.18
------------------------------------------------------------------
 Iterations converged
 CCSD correlation energy / hartree =        -1.702168006097874
 CCSD total energy / hartree       =     -3007.808670846699442

Time taken for spin-orbital canonical QED-CCSD: 3115.80 secs
