
ExaChem Git Information
{
 WARNING: Failed to retrieve the current git state.
}


TAMM Git Information
{
 Branch: main
 Commit Hash: e71357ad [e71357ad54f38748b4a7e175aa6760820d5ce96f]
 Commit Date: 2026-02-02 23:14:56 -0800
 Commit Message: add GitHub Actions workflow for releases
}


date: Fri Aug  7 04:57:52 2026
program: "/global/cfs/cdirs/m3196/heindelj/cavity_qed/software/install_gpu/bin/bin/ExaChem"
nnodes: 1, nproc_per_node: 4, nproc_total: 4, ngpus_per_node: 1, ngpus_total: 1

Memory information
{
[AMD EPYC 7763 64-Core Processor                ] : 
  CPU memory per node (GiB): 251
  Total CPU memory (GiB): 251
[NVIDIA A100-SXM4-40GB, CUDA v12.9] : 
  GPU memory per device (GiB): 39
  GPU memory per node (GiB): 39
  Total GPU memory (GiB): 39
}

------------------------------------------------------------

Input file provided: /global/cfs/cdirs/m4262/heindelj/cavity_qed/mlip/lambda_scans/grid_scans_optimized_geoms/runs_grid_no_freq/ortho_th54_ph198/ortho_th54_ph198_qed_ccsd_input.json

{
  "geometry": {
    "coordinates": [
      "C    -1.785053014100    1.950074099500    0.680151315800",
      "C    -0.360918328500    1.985345044800    0.706048963500",
      "C     0.299279301500    0.821229923400    0.702577824200",
      "C    -2.500635293500    0.762956003800    0.691474275000",
      "H    -2.319629208100    2.893776423700    0.662128780800",
      "H     0.165922180800    2.925549933100    0.748966125900",
      "H    -3.576646166100    0.780104315000    0.682798078100",
      "N     1.781155347300    0.831882446700    0.759482047100",
      "O     2.318384273200   -0.233903123000    0.597851746200",
      "O     2.286649687400    1.895100932500    0.989956060000",
      "C    -1.817220792600   -0.419289410400    0.766476895900",
      "H    -2.342374162400   -1.360603858300    0.838563756900",
      "C    -0.357811490500   -0.489644707300    0.677053669500",
      "H     0.104866832500   -1.195938494400    1.365230418800",
      "Br   -0.249470100200   -1.362162742500   -1.079031934300"
    ],
    "units": "angstrom",
    "noorient": true
  },
  "common": {
    "maxiter": 100,
    "debug": false
  },
  "basis": {
    "basisset": "6-311G*"
  },
  "SCF": {
    "charge": 1,
    "multiplicity": 1,
    "lshift": 0,
    "tol_lindep": 1e-10,
    "conve": 1e-07,
    "convd": 1e-05,
    "diis_hist": 10,
    "writem": 10,
    "restart": false,
    "noscf": false,
    "scf_type": "restricted",
    "debug": false,
    "qed_omegas": [
      0.06615
    ],
    "qed_volumes": [],
    "qed_lambdas": [
      0.1
    ],
    "qed_polvecs": [
      [
        -0.7694208842938134,
        -0.2499999999999999,
        0.5877852522924731
      ]
    ],
    "direct_df": false
  },
  "CD": {
    "debug": false,
    "diagtol": 1e-06
  },
  "CC": {
    "threshold": 1e-06,
    "ndiis": 5,
    "ccsd_maxiter": 200,
    "tilesize": 40,
    "freeze": {
      "atomic": true
    },
    "readt": false,
    "writet": true,
    "writet_iter": 5,
    "debug": false,
    "profile_ccsd": false,
    "balance_tiles": true
  },
  "TASK": {
    "scf": false,
    "ccsd": true
  }
}

Output folder & files prefix: ortho_th54_ph198_qed_ccsd_input.6-311g*

  C (carbon)
  ----------
          Exponent        Coefficients
      ----------------  --------------------
  1 S  4.56324000E+03      0.778202
  1 S  6.82024000E+02      1.448695
  1 S  1.54973000E+02      2.383089
  1 S  4.44553000E+01      3.200089
  1 S  1.30290000E+01      3.013004
  1 S  1.82773000E+00      0.247599

  2 S  2.09642000E+01      0.800629
  2 S  4.80331000E+00      2.127420
  2 S  1.45933000E+00     -0.002868

  3 P  2.09642000E+01      2.573592
  3 P  4.80331000E+00      2.408248
  3 P  1.45933000E+00      1.865281

  4 S  4.83456000E-01      0.413217

  5 P  4.83456000E-01      0.574627

  6 S  1.45585000E-01      0.167976

  7 P  1.45585000E-01      0.128185

  8 D  6.26000000E-01      0.725128


  H (hydrogen)
  ------------
          Exponent        Coefficients
      ----------------  --------------------
  1 S  3.38650000E+01      0.255069
  1 S  5.09479000E+00      0.460109
  1 S  1.15879000E+00      0.678321

  2 S  3.25840000E-01      0.307371

  3 S  1.02741000E-01      0.129336


  N (nitrogen)
  ------------
          Exponent        Coefficients
      ----------------  --------------------
  1 S  6.29348000E+03      0.991968
  1 S  9.49044000E+02      1.823240
  1 S  2.18776000E+02      2.979891
  1 S  6.36916000E+01      4.000007
  1 S  1.88282000E+01      3.881008
  1 S  2.72023000E+00      0.386764

  2 S  3.06331000E+01      1.038501
  2 S  7.02614000E+00      2.834794
  2 S  2.11205000E+00     -0.003208

  3 P  3.06331000E+01      3.935616
  3 P  7.02614000E+00      3.870994
  3 P  2.11205000E+00      2.967271

  4 S  6.84009000E-01      0.536051

  5 P  6.84009000E-01      0.886681

  6 S  2.00878000E-01      0.213850

  7 P  2.00878000E-01      0.191693

  8 D  9.13000000E-01      1.403568


  O (oxygen)
  ----------
          Exponent        Coefficients
      ----------------  --------------------
  1 S  8.58850000E+03      1.205013
  1 S  1.29723000E+03      2.216205
  1 S  2.99296000E+02      3.627452
  1 S  8.73771000E+01      4.888452
  1 S  2.56789000E+01      4.835721
  1 S  3.74004000E+00      0.538229

  2 S  4.21175000E+01      1.341958
  2 S  9.62837000E+00      3.587114
  2 S  2.85332000E+00     -0.005123

  3 P  4.21175000E+01      5.584018
  3 P  9.62837000E+00      5.733366
  3 P  2.85332000E+00      4.332955

  4 S  9.05661000E-01      0.661659

  5 P  9.05661000E-01      1.259352

  6 S  2.55611000E-01      0.256209

  7 P  2.55611000E-01      0.259068

  8 D  1.29200000E+00      2.577026


  Br (bromine)
  ------------
          Exponent        Coefficients
      ----------------  --------------------
  1 S  4.39700000E+05      9.893706
  1 S  6.60300000E+04     18.450679
  1 S  1.51400000E+04     31.049770
  1 S  4.31700000E+03     48.888138
  1 S  1.41400000E+03     64.847798
  1 S  5.23900000E+02     42.245010

  2 S  5.23900000E+02     14.290679
  2 S  2.07700000E+02     24.083128
  2 S  8.65400000E+01      5.132542

  3 S  3.05200000E+01      9.254405

  4 S  1.29800000E+01      4.873782

  5 S  4.41200000E+00      2.169635

  6 S  1.86200000E+00      1.136043

  7 S  3.93200000E-01      0.353892

  8 S  1.40000000E-01      0.163120

  9 P  2.95700000E+03    691.874478
  9 P  7.00300000E+02    925.332763
  9 P  2.24600000E+02   1068.830732

  10 P  8.25900000E+01    122.079275
  10 P  3.31900000E+01     57.580687
  10 P  1.42000000E+01     10.176170

  11 P  1.42000000E+01      3.129736
  11 P  7.43800000E+00      6.538168
  11 P  3.52600000E+00      4.166276

  12 P  1.59500000E+00      2.555000

  13 P  8.46200000E-01      1.156861

  14 P  3.18600000E-01      0.341191

  15 P  1.09600000E-01      0.089888

  16 D  1.34800000E+02    160.709187
  16 D  3.63900000E+01    119.797406
  16 D  1.21600000E+01     55.531619
  16 D  4.34100000E+00     12.984636

  17 D  1.53500000E+00      3.484168

  18 D  4.51000000E-01      0.408525



Printing Internal Coordinates

------------------------------------------------------------
                Bond Lengths

i      j        Length (Angstroms)     Length (Bohr)
0      1          1.4248067695         2.6924945767
0      3          1.3861585700         2.6194600643
0      4          1.0847444840         2.0498699914
1      2          1.3382962958         2.5290134744
1      5          1.0786046713         2.0382674270
2      7          1.4830064673         2.8024760661
2      12         1.4665647237         2.7714056737
3      6          1.0761824840         2.0336901563
3      10         1.3676201931         2.5844276092
7      8          1.2044244076         2.2760322697
7      9          1.1996150829         2.2669439631
10     11         1.0803034144         2.0414775861
10     12         1.4638380690         2.7662530431
12     13         1.0892701146         2.0584221937
12     14         1.9638895658         3.7112134208

Number of Bonds: 15

------------------------------------------------------------
           Bond Angles

i      j      k      Angle (degrees)
0      1      2        118.1317 
0      1      5        120.6983 
0      3      6        120.1615 
0      3      10       118.8689 
1      0      3        122.4825 
1      0      4        118.1217 
1      2      7        119.1166 
1      2      12       123.8157 
2      1      5        121.1568 
2      7      8        115.7344 
2      7      9        115.7724 
2      12     10       113.7451 
2      12     13       112.2264 
2      12     14       112.8277 
3      0      4        119.3921 
3      10     11       120.9292 
3      10     12       122.4387 
6      3      10       120.9205 
7      2      12       117.0517 
8      7      9        128.4701 
10     12     13       114.5851 
10     12     14        97.5261 
11     10     12       116.5413 
13     12     14       104.6799 

Number of Angles: 24

------------------------------------------------------------
              Torsional Angles

i      j      k      l      Angle (degrees)
3      0      1      2          1.9436 
3      10     12     2          8.6046 
4      0      1      2       -178.7517 
5      1      0      3       -176.7481 
5      1      0      4          2.5566 
6      3      0      1        179.2735 
6      3      0      4         -0.0227 
10     3      0      1          1.7993 
10     3      0      4       -177.4969 
10     12     2      1         -4.7562 
11     10     3      0        176.2212 
11     10     3      6         -1.2332 
11     10     12     2       -174.8341 
12     2      1      0         -0.1597 
12     2      1      5        178.5257 
12     10     3      0         -7.3652 
12     10     3      6        175.1804 
13     12     2      1       -136.8824 
13     12     10     3        139.5786 
13     12     10     11       -43.8601 
14     12     2      1        105.1463 
14     12     10     3       -110.4500 
14     12     10     11        66.1113 

Number of Torsional Angles: 23


----------------------------------------------------------------------
                          Center of Mass

         x               y               z              Unit
  -0.03762804055  -0.05536914551   0.02373104104      Angstrom
  -0.07110669129   -0.1046325208   0.04484516825          Bohr

----------------------------------------------------------------------
                Moment of Inertia Tensor

           1827.91          -153.734          -135.056
          -153.734           2006.54          -694.161
          -135.056          -694.161           2675.91

----------------------------------------------------------------------
                      Principal Moments of Inertia

           x                 y                 z                Unit
       408.7283634        542.712893       871.6458752       amu * ang^2
       1459.595484       1938.062925        3112.70393      amu * bohr^2
  6.7870987836e-38  9.0119657589e-38  1.4474030159e-37          g * cm^2

 - Molecule is an asymmetric top.

----------------------------------------------------------------------

         Rotational constants (MHz)

    A = 1.2365e+03        B = 9.3121e+02        C = 5.7980e+02

----------------------------------------------------------------------

        Rotational constants (cm-1)

    A = 4.1244e-02        B = 3.1062e-02        C = 1.9340e-02

----------------------------------------------------------------------

                                Z-Matrix
C   
C        1       2.6924946
C        2       2.5290135     1       118.13165
C        3      5.29225920     2     61.63471449     1         -0.9221
H        4      4.04154946     3     83.95601417     2          1.1062
H        5      4.70026060     4     95.55629502     3         -1.7752
H        6      8.15305314     5     29.10309575     4         -0.8031
N        7     10.12628721     6     29.26677926     5        177.5739
O        8      2.27603227     7    115.81768024     6       -171.3586
O        9      4.09133830     8     25.70960261     7       -176.6289
C       10      8.91343941     9     61.42355667     8          6.4998
H       11      2.04147759    10    147.92237752     9         22.0292
C       12      4.10690330    11     37.05465248    10        -13.3178
H       13      2.05842219    12     94.65001183    11        140.7900
Br      14      4.67782746    13     50.12674767    12         87.5821

----------------------------------------------------------------------

             Converted back to Cartesian

C        0.000000      0.000000      0.000000
C        0.000000      0.000000      2.692495
C        0.000000      0.090987      0.165118
C        0.000028     -0.198672      5.449445
H       -0.000057      0.125654      1.420930
H        0.000200     -0.387728      6.093069
H       -0.000312      0.574593     -2.002992
N       -0.004474     -0.710104      8.041470
O        0.004905     -0.342338      5.795366
O       -0.013604     -1.034982      9.827605
C        0.034960      0.637909      1.072693
H        0.018693      0.164974      3.058568
C        0.054189      1.161340     -0.925481
H        0.030325      0.604907      1.056163
Br       0.089949      1.937823     -3.427346

----------------------------------------------------------------------
                       Geometry in bohr 

1     C      -3.3732613169    3.6851059733    1.2852997110
2     C      -0.6820367947    3.7517584001    1.3342391725
3     C       0.5655559150    1.5518996416    1.3276796699
4     C      -4.7255158455    1.4417778933    1.3066970029
5     H      -4.3834639170    5.4684449104    1.2512420558
6     H       0.3135474799    5.5284881412    1.4153408555
7     H      -6.7588817032    1.4741835050    1.2903013669
8     N       3.3658957941    1.5720299932    1.4352130666
9     O       4.3811113310   -0.4420128425    1.1297760642
10    O       4.3211416551    3.5812217434    1.8707458301
11    C      -3.4340496083   -0.7923421531    1.4484314151
12    H      -4.4264456513   -2.5711686580    1.5846558397
13    C      -0.6761657217   -0.9252943958    1.2794460079
14    H       0.1981695931   -2.2599962178    2.5799115903
15    Br     -0.4714301660   -2.5741145222   -2.0390748369

 Number of nodes, processes per node used for SCF calculation: 1, 4

Common Options
{
  maxiter       = 100
  basis         = 6-311g* spherical
  geom_units    = angstrom
  ang2au factor = 1.889726126
  debug         = false
  file_prefix   = ortho_th54_ph198_qed_ccsd_input
}

SCF Options
{
  charge            = 1
  multiplicity      = 1
  level shift       = 0
  tol_int           = 1e-22
  tol_sch           = 1e-12
  tol_lindep        = 1e-10
  conve             = 1e-07
  convd             = 1e-05
  diis_hist         = 10
  AO_tilesize       = 30
  writem            = 10
  damp              = 100
  n_lindep          = 0
  scf_type          = restricted
  cuscf             = false
  qed_omegas        = [0.06615,]
  qed_lambdas       = [0.1,]
  qed_polvecs       = [[-0.7694208843,-0.25,0.5877852523,],]
  direct_df         = false
  restart_size      = 2000
  restart           = false
  debug             = false
}

Number of basis functions = 221

Total number of shells = 105

Total number of electrons = 98
  # of alpha electrons    = 49
  # of beta electons      = 49

Nuclear repulsion energy  = 778.766908742902

# of {all,non-negligible} shell-pairs = {5565,4997}
Number of AO tiles = 105

Time for initial setup: 0.02 secs
HF exch = 1.00

Time for computing 1-e integrals T, V, S: 0.01 secs
Time for computing orthogonalizer: 0.01 secs

Superposition of Atomic Density Guess ...
Time taken for SAD: 0.31 secs
Total Time to compute initial guess: 0.31 secs


 SCF iterations
-----------------------------------------------------------------------------
 Iter     Energy            E-Diff       RMSD        |[F,P]|^2       Time(s)
-----------------------------------------------------------------------------
   1  -3011.8461488494    -3.01e+03     1.68e-02     1.51e+03         0.6 
   2  -3005.7841761889     6.06e+00     6.85e-03     8.15e+00         2.2 
   3  -3005.9978911527    -2.14e-01     2.78e-03     3.69e+00         2.2 
   4  -3006.1035243022    -1.06e-01     1.18e-03     1.34e-01         2.2 
   5  -3006.1112829257    -7.76e-03     3.01e-04     1.37e-02         2.2 
   6  -3006.1120310046    -7.48e-04     1.83e-04     1.66e-03         2.2 
   7  -3006.1122323299    -2.01e-04     6.90e-05     3.19e-04         2.2 
   8  -3006.1122700219    -3.77e-05     3.23e-05     7.51e-05         2.2 
   9  -3006.1122779702    -7.95e-06     1.59e-05     1.09e-05         2.2 
  10  -3006.1122794271    -1.46e-06     6.17e-06     1.98e-06         2.2 
  11  -3006.1122796399    -2.13e-07     2.92e-06     3.38e-07         2.3 
  12  -3006.1122796823    -4.24e-08     1.11e-06     5.75e-08         2.2 

** Total SCF energy = -3006.1122796822792

Nuclear repulsion energy = 778.766908742901933
#electrons        = 98
1e energy kinetic = 3006.2047877315326332
1e energy N-e     = -8710.8934857888089027
1e energy         = -5702.1844505691105951
2e energy         = 1919.6213640827766085
QED energy        = 0.1881455493174933
QED eT energy     = 0.1667258740489792
QED eT energy from matrix = 0.1667258740489666

 Polarizability Matrix (QED energy = 0.5 * lambda.dot(matrix * lambda))
[39.35612747, -1.52344536, -0.11698349]
[-1.52344536, 45.70022528,  2.38170533]
[-0.11698349,  2.38170533, 36.62585681]

 Polarizability Matrix (QED eT energy = 0.5 * lambda.dot(matrix * lambda))
[35.57077034, -1.61223300, -0.12077066]
[-1.61223300, 42.75070881,  2.78317743]
[-0.12077066,  2.78317743, 31.67666131]


                      Electron        Nuclear        Total  
                  ------------------------------------------
    Monopole         -98.000000     99.000000      1.000000

      Dipole   X       8.678025    -12.330676     -3.652651
      Dipole   Y      -4.733896      5.941257      1.207361
      Dipole   Z     -17.419399     18.695257      1.275857

  Quadrupole  XX    -796.560606    755.108760    -41.451846
  Quadrupole  XY     -66.875288     61.080727     -5.794560
  Quadrupole  XZ     -57.878634     52.410455     -5.468178
  Quadrupole  YY    -666.596706    629.495952    -37.100754
  Quadrupole  YZ    -322.170921    323.897930      1.727010
  Quadrupole  ZZ    -322.270078    276.376089    -45.893989

    Octupole XXX     -63.654833     -7.294481    -70.949314
    Octupole XXY   -1100.183665   1093.842634     -6.341030
    Octupole XXZ   -1052.868279   1040.256992    -12.611287
    Octupole XYY     128.175420   -164.969520    -36.794100
    Octupole XYZ     -31.928115     22.808414     -9.119701
    Octupole XZZ      24.336708    -14.657200      9.679509
    Octupole YYY    -768.584150    753.920836    -14.663315
    Octupole YYZ    -132.382904    117.700572    -14.682332
    Octupole YZZ     134.773551   -166.863017    -32.089466
    Octupole ZZZ      22.248344    -98.815134    -76.566790

writing orbitals and density to disk ... done.

Total Time taken for Hartree-Fock: 26.48 secs

CD Options
{
  debug             = false
  skip_cd           = [false, 100]
  write_cv          = [false, 5000]
  diagtol           = 1e-06
  itilesize         = 1000
  max_cvecs_factor  = 12
}

- #occupied, #virtual = 98, 344

- Tilesize for the MSO space: 40

-----------------------------------------------------
Begin 2-index transformation ... 

nAO, nMO, nelectrons = 221, 442, 98
n_occ_alpha, n_vir_alpha, n_occ_beta, n_vir_beta = 49,172,49,172

Time taken for Fao->Fmo transform: 0.00 secs

-----------------------------------------------------
Number of AO tiles = 105
# of {all,non-negligible} shell-pairs = {5565,4997}

    Begin Cholesky Decomposition
---------------------------------------------
Total # of mpi ranks used for Cholesky decomposition: 4
  --> Number of nodes, mpi ranks per node: 1, 4
- CPU memory required for computing cholesky vectors: 1.93 GiB

- Time for computing the diagonal: 0.01 secs

- Total number of cholesky vectors = 1647

- Time to compute cholesky vectors: 15.18 secs

- CPU memory required for resizing the ao cholesky tensor: 1.56 GiB
- CPU memory required for ao2mo transformation: 1.70 GiB
- CPU memory required for the 2-step contraction: 2.11 GiB

- Time for ao to mo transform: 1.53 secs

   End Cholesky Decomposition
---------------------------------------------

Total Time taken for Cholesky Decomposition: 18.65 secs

scf_type = restricted
Closed-Shell SCF
QED-HF Enabled
nbf = 203
nbf_orig = 221
n_lindep = 0
focc = 1
nmo = 406
nocc = 62
nvir = 344
n_occ_alpha = 31
n_vir_alpha = 172
n_occ_beta = 31
n_vir_beta = 172
nelectrons = 98
nelectrons_alpha = 49
nelectrons_beta = 49
freeze atomic = true
n_frozen_core = 18
n_frozen_virtual = 0
----------------------------
--------- QED-CCSD --------
lambda_x: -0.0769
lambda_y: -0.0250
lambda_z: 0.0588
omega: 0.066150
coupling_factor_x: -0.013993
coupling_factor_y: -0.004547
coupling_factor_z: 0.010690
----------------------------
# of {all,non-negligible} shell-pairs = {5565,4997}
Number of AO tiles = 105
----------------------------
Electronic dipole expectation value using SCF density: 
dipole_x_elec: 8.67792870
dipole_y_elec: -4.73397366
dipole_z_elec: -17.41931969

d_n/N value: d_n is nuclear dipole moment and N is the total number of electrons 
d_nuc_x: -0.12582322
d_nuc_y: 0.06062507
d_nuc_z: 0.19076793

<d_e+d_n> expectation values: 
dipole_total_x: -3.65274710
dipole_total_y: 1.20728306
dipole_total_z: 1.27593722
----------------------------


 CCSD iterations
------------------------------------------------------------
  Iter     Residuum          Correlation          Time(s)
------------------------------------------------------------
   1     1.1851634485056    0.0000000000000         84.68
   2     0.1698529499197   -1.6442714332046         83.54
   3     0.0676078976157   -1.6263637192077         83.38
   4     0.0236796555121   -1.6934562798947         83.36
   5     0.0208179054922   -1.6871796287831         84.05
 MICROCYCLE DIIS UPDATE:                    6
   6     0.0086189193090   -1.6975614126554         82.53
   7     0.0058412405986   -1.6973049667084         82.36
   8     0.0042248342928   -1.6989005092004         83.01
   9     0.0039447342291   -1.6990734966930         83.08
  10     0.0045927196356   -1.6995041082872         83.03
 MICROCYCLE DIIS UPDATE:                   11
  11     0.0008617718108   -1.7000807437827         83.05
  12     0.0006766409072   -1.7000720119450         83.17
  13     0.0005401266241   -1.7001434605512         83.12
  14     0.0006054286254   -1.7001157139305         82.95
  15     0.0007479443151   -1.7001521947347         83.24
 MICROCYCLE DIIS UPDATE:                   16
  16     0.0001430825598   -1.7001618858884         82.99
  17     0.0000957431212   -1.7001606553432         83.13
  18     0.0000842896990   -1.7001788280838         83.09
  19     0.0000719647128   -1.7001830987530         85.03
  20     0.0000833224038   -1.7001846796583         82.98
 MICROCYCLE DIIS UPDATE:                   21
  21     0.0000291622304   -1.7001993218617         82.87
  22     0.0000225873877   -1.7001935230494         83.34
  23     0.0000177854464   -1.7001936895948         83.33
  24     0.0000197741180   -1.7001918002101         83.04
  25     0.0000228483907   -1.7001923614164         82.90
 MICROCYCLE DIIS UPDATE:                   26
  26     0.0000061938571   -1.7001906033011         83.05
  27     0.0000040116222   -1.7001910101650         83.03
  28     0.0000036655939   -1.7001917681392         83.81
  29     0.0000033157205   -1.7001919939319         84.28
  30     0.0000040132184   -1.7001921018456         84.01
 MICROCYCLE DIIS UPDATE:                   31
  31     0.0000012308054   -1.7001927231193         83.90
  32     0.0000009971258   -1.7001924749030         83.18
------------------------------------------------------------------
 Iterations converged
 CCSD correlation energy / hartree =        -1.700192474903033
 CCSD total energy / hartree       =     -3007.812472157182128

Time taken for spin-orbital canonical QED-CCSD: 2733.37 secs
