
ExaChem Git Information
{
 WARNING: Failed to retrieve the current git state.
}


TAMM Git Information
{
 Branch: main
 Commit Hash: e71357ad [e71357ad54f38748b4a7e175aa6760820d5ce96f]
 Commit Date: 2026-02-02 23:14:56 -0800
 Commit Message: add GitHub Actions workflow for releases
}


date: Thu Aug  6 20:49:58 2026
program: "/global/cfs/cdirs/m3196/heindelj/cavity_qed/software/install_gpu/bin/bin/ExaChem"
nnodes: 1, nproc_per_node: 4, nproc_total: 4, ngpus_per_node: 1, ngpus_total: 1

Memory information
{
[AMD EPYC 7763 64-Core Processor                ] : 
  CPU memory per node (GiB): 251
  Total CPU memory (GiB): 251
[NVIDIA A100-SXM4-40GB, CUDA v12.9] : 
  GPU memory per device (GiB): 39
  GPU memory per node (GiB): 39
  Total GPU memory (GiB): 39
}

------------------------------------------------------------

Input file provided: /global/cfs/cdirs/m4262/heindelj/cavity_qed/mlip/lambda_scans/grid_scans_optimized_geoms/runs_grid_no_freq/meta_th81_ph288/meta_th81_ph288_qed_ccsd_input.json

{
  "geometry": {
    "coordinates": [
      "C    -0.890286945300    2.024969637800    0.626604488800",
      "C     0.496910339700    1.943250608100    0.730588105700",
      "C     1.164940063400    0.713975647000    0.628615851800",
      "C     0.483753052100   -0.435770892600    0.488414413300",
      "C    -1.622963010100    0.880200521900    0.547016493200",
      "H    -1.372836498600    2.984464438500    0.627662961700",
      "H     1.092793585600    2.836357348100    0.870786198200",
      "H     0.997668776200   -1.375794060000    0.370161944300",
      "H    -2.704947243800    0.903750186300    0.512113127100",
      "N     2.636679016300    0.737143434500    0.667385674200",
      "O     3.204677710600    0.188358667900   -0.235377976600",
      "O     3.114499384300    1.324608484000    1.604282192600",
      "C    -0.977632082900   -0.432866978500    0.631448325100",
      "H    -1.113909414300   -0.670926066700    1.707693750900",
      "Br   -1.901180000900   -1.820121989200   -0.305937853800"
    ],
    "units": "angstrom",
    "noorient": true
  },
  "common": {
    "maxiter": 100,
    "debug": false
  },
  "basis": {
    "basisset": "6-311G*"
  },
  "SCF": {
    "charge": 1,
    "multiplicity": 1,
    "lshift": 0,
    "tol_lindep": 1e-10,
    "conve": 1e-07,
    "convd": 1e-05,
    "diis_hist": 10,
    "writem": 10,
    "restart": false,
    "noscf": false,
    "scf_type": "restricted",
    "debug": false,
    "qed_omegas": [
      0.06615
    ],
    "qed_volumes": [],
    "qed_lambdas": [
      0.1
    ],
    "qed_polvecs": [
      [
        0.30521248238988863,
        -0.9393474323917529,
        0.15643446504023092
      ]
    ],
    "direct_df": false
  },
  "CD": {
    "debug": false,
    "diagtol": 1e-06
  },
  "CC": {
    "threshold": 1e-06,
    "ndiis": 5,
    "ccsd_maxiter": 200,
    "tilesize": 40,
    "freeze": {
      "atomic": true
    },
    "readt": false,
    "writet": true,
    "writet_iter": 5,
    "debug": false,
    "profile_ccsd": false,
    "balance_tiles": true
  },
  "TASK": {
    "scf": false,
    "ccsd": true
  }
}

Output folder & files prefix: meta_th81_ph288_qed_ccsd_input.6-311g*

  C (carbon)
  ----------
          Exponent        Coefficients
      ----------------  --------------------
  1 S  4.56324000E+03      0.778202
  1 S  6.82024000E+02      1.448695
  1 S  1.54973000E+02      2.383089
  1 S  4.44553000E+01      3.200089
  1 S  1.30290000E+01      3.013004
  1 S  1.82773000E+00      0.247599

  2 S  2.09642000E+01      0.800629
  2 S  4.80331000E+00      2.127420
  2 S  1.45933000E+00     -0.002868

  3 P  2.09642000E+01      2.573592
  3 P  4.80331000E+00      2.408248
  3 P  1.45933000E+00      1.865281

  4 S  4.83456000E-01      0.413217

  5 P  4.83456000E-01      0.574627

  6 S  1.45585000E-01      0.167976

  7 P  1.45585000E-01      0.128185

  8 D  6.26000000E-01      0.725128


  H (hydrogen)
  ------------
          Exponent        Coefficients
      ----------------  --------------------
  1 S  3.38650000E+01      0.255069
  1 S  5.09479000E+00      0.460109
  1 S  1.15879000E+00      0.678321

  2 S  3.25840000E-01      0.307371

  3 S  1.02741000E-01      0.129336


  N (nitrogen)
  ------------
          Exponent        Coefficients
      ----------------  --------------------
  1 S  6.29348000E+03      0.991968
  1 S  9.49044000E+02      1.823240
  1 S  2.18776000E+02      2.979891
  1 S  6.36916000E+01      4.000007
  1 S  1.88282000E+01      3.881008
  1 S  2.72023000E+00      0.386764

  2 S  3.06331000E+01      1.038501
  2 S  7.02614000E+00      2.834794
  2 S  2.11205000E+00     -0.003208

  3 P  3.06331000E+01      3.935616
  3 P  7.02614000E+00      3.870994
  3 P  2.11205000E+00      2.967271

  4 S  6.84009000E-01      0.536051

  5 P  6.84009000E-01      0.886681

  6 S  2.00878000E-01      0.213850

  7 P  2.00878000E-01      0.191693

  8 D  9.13000000E-01      1.403568


  O (oxygen)
  ----------
          Exponent        Coefficients
      ----------------  --------------------
  1 S  8.58850000E+03      1.205013
  1 S  1.29723000E+03      2.216205
  1 S  2.99296000E+02      3.627452
  1 S  8.73771000E+01      4.888452
  1 S  2.56789000E+01      4.835721
  1 S  3.74004000E+00      0.538229

  2 S  4.21175000E+01      1.341958
  2 S  9.62837000E+00      3.587114
  2 S  2.85332000E+00     -0.005123

  3 P  4.21175000E+01      5.584018
  3 P  9.62837000E+00      5.733366
  3 P  2.85332000E+00      4.332955

  4 S  9.05661000E-01      0.661659

  5 P  9.05661000E-01      1.259352

  6 S  2.55611000E-01      0.256209

  7 P  2.55611000E-01      0.259068

  8 D  1.29200000E+00      2.577026


  Br (bromine)
  ------------
          Exponent        Coefficients
      ----------------  --------------------
  1 S  4.39700000E+05      9.893706
  1 S  6.60300000E+04     18.450679
  1 S  1.51400000E+04     31.049770
  1 S  4.31700000E+03     48.888138
  1 S  1.41400000E+03     64.847798
  1 S  5.23900000E+02     42.245010

  2 S  5.23900000E+02     14.290679
  2 S  2.07700000E+02     24.083128
  2 S  8.65400000E+01      5.132542

  3 S  3.05200000E+01      9.254405

  4 S  1.29800000E+01      4.873782

  5 S  4.41200000E+00      2.169635

  6 S  1.86200000E+00      1.136043

  7 S  3.93200000E-01      0.353892

  8 S  1.40000000E-01      0.163120

  9 P  2.95700000E+03    691.874478
  9 P  7.00300000E+02    925.332763
  9 P  2.24600000E+02   1068.830732

  10 P  8.25900000E+01    122.079275
  10 P  3.31900000E+01     57.580687
  10 P  1.42000000E+01     10.176170

  11 P  1.42000000E+01      3.129736
  11 P  7.43800000E+00      6.538168
  11 P  3.52600000E+00      4.166276

  12 P  1.59500000E+00      2.555000

  13 P  8.46200000E-01      1.156861

  14 P  3.18600000E-01      0.341191

  15 P  1.09600000E-01      0.089888

  16 D  1.34800000E+02    160.709187
  16 D  3.63900000E+01    119.797406
  16 D  1.21600000E+01     55.531619
  16 D  4.34100000E+00     12.984636

  17 D  1.53500000E+00      3.484168

  18 D  4.51000000E-01      0.408525



Printing Internal Coordinates

------------------------------------------------------------
                Bond Lengths

i      j        Length (Angstroms)     Length (Bohr)
0      1          1.3934873160         2.6333093872
0      4          1.3614862444         2.5728361261
0      5          1.0740044061         2.0295741855
1      2          1.4027754568         2.6508614296
1      6          1.0827612834         2.0461222854
2      3          1.3437221785         2.5392669067
2      9          1.4724317950         2.7824928317
3      7          1.0778388438         2.0368202226
3      12         1.4683710857         2.7748192033
4      8          1.0828031740         2.0462014471
4      12         1.4655125385         2.7694173318
9      10         1.1994871596         2.2667022231
9      11         1.2046586963         2.2764750113
12     13         1.1106519964         2.0988280944
12     14         1.9120957272         3.6133372509

Number of Bonds: 15

------------------------------------------------------------
           Bond Angles

i      j      k      Angle (degrees)
0      1      2        121.3347 
0      1      6        120.6068 
0      4      8        121.4218 
0      4      12       120.8654 
1      0      4        119.3911 
1      0      5        119.9728 
1      2      3        121.0632 
1      2      9        117.4061 
2      1      6        118.0443 
2      3      7        121.0626 
2      3      12       119.5164 
2      9      10       116.5063 
2      9      11       115.1259 
3      2      9        121.5278 
3      12     4        115.7477 
3      12     13       102.4792 
3      12     14       115.5638 
4      0      5        120.6269 
4      12     13       101.1771 
4      12     14       114.1492 
7      3      12       119.1400 
8      4      12       117.4746 
10     9      11       128.3618 
13     12     14       105.0867 

Number of Angles: 24

------------------------------------------------------------
              Torsional Angles

i      j      k      l      Angle (degrees)
3      2      1      0         -3.0970 
4      0      1      2          6.0818 
5      0      1      2       -175.0170 
6      1      0      4       -175.3209 
6      1      0      5          3.5803 
6      1      2      3        178.2709 
7      3      2      1        177.5076 
8      4      0      1        177.0912 
8      4      0      5         -1.8026 
12     4      0      1          2.8405 
12     4      0      5       -176.0533 
13     12     4      0         96.1464 
13     12     4      8        -78.3244 
14     12     4      0       -151.5602 
14     12     4      8         33.9690 

Number of Torsional Angles: 15


----------------------------------------------------------------------
                          Center of Mass

         x               y               z              Unit
   -0.1636288037   -0.2458563239    0.2697439178      Angstrom
   -0.3092136253   -0.4646011186    0.5097421287          Bohr

----------------------------------------------------------------------
                Moment of Inertia Tensor

           1771.45          -1258.72          -486.768
          -1258.72           3071.72          -496.014
          -486.768          -496.014           4324.65

----------------------------------------------------------------------
                      Principal Moments of Inertia

           x                 y                 z                Unit
       244.4661106       1063.057982       1259.728447       amu * ang^2
       873.0043301       3796.248974       4498.571954      amu * bohr^2
  4.0594580427e-38  1.7652505146e-37  2.0918297275e-37          g * cm^2

 - Molecule is an asymmetric top.

----------------------------------------------------------------------

         Rotational constants (MHz)

    A = 2.0673e+03        B = 4.7540e+02        C = 4.0118e+02

----------------------------------------------------------------------

        Rotational constants (cm-1)

    A = 6.8957e-02        B = 1.5858e-02        C = 1.3382e-02

----------------------------------------------------------------------

                                Z-Matrix
C   
C        1       2.6333094
C        2       2.6508614     1       121.33468
C        3      2.53926691     2    121.06321354     1         -3.0970
C        4      4.69530114     3     88.52084507     2          0.0642
H        5      4.00737523     4    115.24223076     3          4.1850
H        6      4.69032017     5     93.53651848     4         -5.9679
H        7      8.01785049     6     91.45606997     5          5.1103
H        8      8.22103355     7     59.67114283     6         -4.0348
N        9     10.10338119     8     30.03619641     7          0.1822
O       10      2.26670222     9    117.74285569     8         53.3689
O       11      4.08965084    10     25.87872373     9        176.3691
C       12      8.61447064    11     69.73148176    10         12.4846
H       13      2.09882809    12     89.19694705    11        139.3308
Br      14      4.62699683    13     48.93884304    12       -147.5022

----------------------------------------------------------------------

             Converted back to Cartesian

C        0.000000      0.000000      0.000000
C        0.000000      0.000000      2.633309
C        0.000000      0.097955     -0.015742
C        0.000088     -0.089370      2.516606
C       -0.000197      0.383132     -2.154860
H        0.000002     -0.159829      1.815562
H        0.000055      0.607796     -2.811516
H       -0.000859     -0.924237      5.058604
H        0.000812      0.793030     -2.981071
N       -0.001701     -1.407746      6.879704
O       -0.002055     -0.834993      4.686557
O       -0.002784     -1.899504      8.635236
C        0.005818      0.518814      0.367178
H       -0.000894     -0.124713      2.364904
Br       0.022565      1.358949     -2.017709

----------------------------------------------------------------------
                       Geometry in bohr 

1     C      -1.6823985001    3.8266380287    1.1841108731
2     C       0.9390244512    3.6722114433    1.3806114306
3     C       2.2014176729    1.3492184334    1.1879117983
4     C       0.9141607810   -0.8234876407    0.9229694771
5     C      -3.0669556016    1.6633379223    1.0337113585
6     H      -2.5942849980    5.6398204213    1.1861110970
7     H       2.0650805889    5.3599385831    1.6455474288
8     H       1.8853207514   -2.5998739791    0.6995046970
9     H      -5.1116094758    1.7078403383    0.9677535557
10    N       4.9826012227    1.3929992067    1.2611761446
11    O       6.0559631948    0.3559462958   -0.4447999118
12    O       5.8855508556    2.5031472588    3.0316539727
13    C      -1.8474568886   -0.8180000383    1.1932643971
14    H      -2.1049837221   -1.2678665168    3.2270734961
15    Br     -3.5927095178   -3.4395320753   -0.5781387552

 Number of nodes, processes per node used for SCF calculation: 1, 4

Common Options
{
  maxiter       = 100
  basis         = 6-311g* spherical
  geom_units    = angstrom
  ang2au factor = 1.889726126
  debug         = false
  file_prefix   = meta_th81_ph288_qed_ccsd_input
}

SCF Options
{
  charge            = 1
  multiplicity      = 1
  level shift       = 0
  tol_int           = 1e-22
  tol_sch           = 1e-12
  tol_lindep        = 1e-10
  conve             = 1e-07
  convd             = 1e-05
  diis_hist         = 10
  AO_tilesize       = 30
  writem            = 10
  damp              = 100
  n_lindep          = 0
  scf_type          = restricted
  cuscf             = false
  qed_omegas        = [0.06615,]
  qed_lambdas       = [0.1,]
  qed_polvecs       = [[0.3052124824,-0.9393474324,0.156434465,],]
  direct_df         = false
  restart_size      = 2000
  restart           = false
  debug             = false
}

Number of basis functions = 221

Total number of shells = 105

Total number of electrons = 98
  # of alpha electrons    = 49
  # of beta electons      = 49

Nuclear repulsion energy  = 730.132719416789

# of {all,non-negligible} shell-pairs = {5565,4860}
Number of AO tiles = 105

Time for initial setup: 0.04 secs
HF exch = 1.00

Time for computing 1-e integrals T, V, S: 0.01 secs
Time for computing orthogonalizer: 0.01 secs

Superposition of Atomic Density Guess ...
Time taken for SAD: 0.49 secs
Total Time to compute initial guess: 0.49 secs


 SCF iterations
-----------------------------------------------------------------------------
 Iter     Energy            E-Diff       RMSD        |[F,P]|^2       Time(s)
-----------------------------------------------------------------------------
   1  -3011.9122653569    -3.01e+03     1.72e-02     1.52e+03         0.6 
   2  -3005.7799478874     6.13e+00     7.65e-03     7.74e+00         2.1 
   3  -3005.9889924087    -2.09e-01     3.09e-03     3.65e+00         2.1 
   4  -3006.0940292061    -1.05e-01     1.41e-03     1.54e-01         2.1 
   5  -3006.1033583133    -9.33e-03     3.19e-04     1.24e-02         2.1 
   6  -3006.1042184493    -8.60e-04     2.38e-04     2.44e-03         2.1 
   7  -3006.1045173836    -2.99e-04     1.02e-04     4.83e-04         2.1 
   8  -3006.1045782322    -6.08e-05     3.35e-05     7.01e-05         2.1 
   9  -3006.1045863877    -8.16e-06     1.48e-05     9.91e-06         2.1 
  10  -3006.1045874515    -1.06e-06     4.46e-06     1.18e-06         2.1 
  11  -3006.1045875642    -1.13e-07     1.75e-06     2.66e-07         2.1 
  12  -3006.1045875828    -1.85e-08     7.58e-07     4.38e-08         2.1 

** Total SCF energy = -3006.1045875827690

Nuclear repulsion energy = 730.132719416789200
#electrons        = 98
1e energy kinetic = 3006.2335977985776481
1e energy N-e     = -8613.6555896374884469
1e energy         = -5605.1662699220632931
2e energy         = 1870.9906549639247260
QED energy        = 0.1940298754312044
QED eT energy     = 0.1748249883014621
QED eT energy from matrix = 0.1748249883014746

 Polarizability Matrix (QED energy = 0.5 * lambda.dot(matrix * lambda))
[41.10958344,  2.11388754,  0.63295140]
[ 2.11388754, 40.90636389,  3.06868864]
[ 0.63295140,  3.06868864, 38.21792930]

 Polarizability Matrix (QED eT energy = 0.5 * lambda.dot(matrix * lambda))
[37.60637759,  2.42781375,  0.85507247]
[ 2.42781375, 37.47955347,  3.82643605]
[ 0.85507247,  3.82643605, 33.74668691]


                      Electron        Nuclear        Total  
                  ------------------------------------------
    Monopole         -98.000000     99.000000      1.000000

      Dipole   X      14.314281    -16.448238     -2.133956
      Dipole   Y      27.098726    -25.700512      1.398214
      Dipole   Z     -57.124673     58.429675      1.305002

  Quadrupole  XX   -1424.383708   1374.453721    -49.929988
  Quadrupole  XY    -577.455516    575.493096     -1.962420
  Quadrupole  XZ    -214.543034    212.109349     -2.433685
  Quadrupole  YY    -790.221907    754.981885    -35.240022
  Quadrupole  YZ    -218.461225    219.713586      1.252360
  Quadrupole  ZZ    -211.755389    162.279153    -49.476236

    Octupole XXX   -2460.537734   2339.861961   -120.675773
    Octupole XXY     213.178071   -226.456944    -13.278874
    Octupole XXZ    -917.353743    874.042669    -43.311074
    Octupole XYY    1232.105674  -1249.913840    -17.808166
    Octupole XYZ    -152.701444    137.466653    -15.234791
    Octupole XZZ    -439.874720    416.387529    -23.487191
    Octupole YYY     314.851103   -291.645534     23.205569
    Octupole YYZ    -310.699562    281.420614    -29.278948
    Octupole YZZ    -271.522665    254.537464    -16.985201
    Octupole ZZZ    -440.115087    327.812250   -112.302837

writing orbitals and density to disk ... done.

Total Time taken for Hartree-Fock: 25.72 secs

CD Options
{
  debug             = false
  skip_cd           = [false, 100]
  write_cv          = [false, 5000]
  diagtol           = 1e-06
  itilesize         = 1000
  max_cvecs_factor  = 12
}

- #occupied, #virtual = 98, 344

- Tilesize for the MSO space: 40

-----------------------------------------------------
Begin 2-index transformation ... 

nAO, nMO, nelectrons = 221, 442, 98
n_occ_alpha, n_vir_alpha, n_occ_beta, n_vir_beta = 49,172,49,172

Time taken for Fao->Fmo transform: 0.00 secs

-----------------------------------------------------
Number of AO tiles = 105
# of {all,non-negligible} shell-pairs = {5565,4860}

    Begin Cholesky Decomposition
---------------------------------------------
Total # of mpi ranks used for Cholesky decomposition: 4
  --> Number of nodes, mpi ranks per node: 1, 4
- CPU memory required for computing cholesky vectors: 1.93 GiB

- Time for computing the diagonal: 0.01 secs

- Total number of cholesky vectors = 1633

- Time to compute cholesky vectors: 15.73 secs

- CPU memory required for resizing the ao cholesky tensor: 1.56 GiB
- CPU memory required for ao2mo transformation: 1.69 GiB
- CPU memory required for the 2-step contraction: 2.10 GiB

- Time for ao to mo transform: 1.55 secs

   End Cholesky Decomposition
---------------------------------------------

Total Time taken for Cholesky Decomposition: 19.63 secs

scf_type = restricted
Closed-Shell SCF
QED-HF Enabled
nbf = 203
nbf_orig = 221
n_lindep = 0
focc = 1
nmo = 406
nocc = 62
nvir = 344
n_occ_alpha = 31
n_vir_alpha = 172
n_occ_beta = 31
n_vir_beta = 172
nelectrons = 98
nelectrons_alpha = 49
nelectrons_beta = 49
freeze atomic = true
n_frozen_core = 18
n_frozen_virtual = 0
----------------------------
--------- QED-CCSD --------
lambda_x: 0.0305
lambda_y: -0.0939
lambda_z: 0.0156
omega: 0.066150
coupling_factor_x: 0.005551
coupling_factor_y: -0.017083
coupling_factor_z: 0.002845
----------------------------
# of {all,non-negligible} shell-pairs = {5565,4860}
Number of AO tiles = 105
----------------------------
Electronic dipole expectation value using SCF density: 
dipole_x_elec: 14.31430449
dipole_y_elec: 27.09862742
dipole_z_elec: -57.12483320

d_n/N value: d_n is nuclear dipole moment and N is the total number of electrons 
d_nuc_x: -0.16783916
d_nuc_y: -0.26225012
d_nuc_z: 0.59622118

<d_e+d_n> expectation values: 
dipole_total_x: -2.13393304
dipole_total_y: 1.39811541
dipole_total_z: 1.30484215
----------------------------


 CCSD iterations
------------------------------------------------------------
  Iter     Residuum          Correlation          Time(s)
------------------------------------------------------------
   1     1.1851157440646    0.0000000000000         86.66
   2     0.1747614112748   -1.6631885147458         86.00
   3     0.0755663527375   -1.6196391529459         85.84
   4     0.0262777429266   -1.6990129092783         85.87
   5     0.0221938740861   -1.6857220011096         85.16
 MICROCYCLE DIIS UPDATE:                    6
   6     0.0084778943625   -1.6984158046134         83.36
   7     0.0051902023821   -1.6982896176194         83.59
   8     0.0037364270082   -1.6998106556973         84.32
   9     0.0025543510195   -1.6999745863802         84.25
  10     0.0026883302989   -1.7003840146717         84.29
 MICROCYCLE DIIS UPDATE:                   11
  11     0.0006087706241   -1.7008963355533         84.05
  12     0.0004915581061   -1.7009788023460         83.84
  13     0.0003070780459   -1.7009860053004         83.65
  14     0.0003162289850   -1.7009671828495         83.68
  15     0.0002096780118   -1.7009859243319         83.74
 MICROCYCLE DIIS UPDATE:                   16
  16     0.0000852071453   -1.7009616907130         84.31
  17     0.0000519094100   -1.7009915692018         84.18
  18     0.0000495038924   -1.7009950193173         84.32
  19     0.0000348932742   -1.7010017046615         84.12
  20     0.0000404714920   -1.7010011577448         84.24
 MICROCYCLE DIIS UPDATE:                   21
  21     0.0000125163891   -1.7010081509263         84.17
  22     0.0000096563385   -1.7010070041420         84.23
  23     0.0000062783268   -1.7010069299258         83.98
  24     0.0000062463716   -1.7010060871034         84.17
  25     0.0000046584971   -1.7010063648661         84.27
 MICROCYCLE DIIS UPDATE:                   26
  26     0.0000020203240   -1.7010052931370         83.41
  27     0.0000011668353   -1.7010059423736         83.42
  28     0.0000010040865   -1.7010060674897         83.35
  29     0.0000006975280   -1.7010062289108         83.29
------------------------------------------------------------------
 Iterations converged
 CCSD correlation energy / hartree =        -1.701006228910822
 CCSD total energy / hartree       =     -3007.805593811679955

Time taken for spin-orbital canonical QED-CCSD: 2558.62 secs
