
ExaChem Git Information
{
 WARNING: Failed to retrieve the current git state.
}


TAMM Git Information
{
 Branch: main
 Commit Hash: e71357ad [e71357ad54f38748b4a7e175aa6760820d5ce96f]
 Commit Date: 2026-02-02 23:14:56 -0800
 Commit Message: add GitHub Actions workflow for releases
}


date: Thu Aug  6 05:50:06 2026
program: "/global/cfs/cdirs/m3196/heindelj/cavity_qed/software/install_gpu/bin/bin/ExaChem"
nnodes: 1, nproc_per_node: 4, nproc_total: 4, ngpus_per_node: 1, ngpus_total: 1

Memory information
{
[AMD EPYC 7763 64-Core Processor                ] : 
  CPU memory per node (GiB): 251
  Total CPU memory (GiB): 251
[NVIDIA A100-SXM4-40GB, CUDA v12.9] : 
  GPU memory per device (GiB): 39
  GPU memory per node (GiB): 39
  Total GPU memory (GiB): 39
}

------------------------------------------------------------

Input file provided: /global/cfs/cdirs/m4262/heindelj/cavity_qed/mlip/lambda_scans/grid_scans_optimized_geoms/runs_grid_no_freq/ortho_th9_ph0/ortho_th9_ph0_qed_ccsd_input.json

{
  "geometry": {
    "coordinates": [
      "C    -1.795935942200    1.952506331500    0.750729574100",
      "C    -0.378612582200    1.992893080500    0.712284381700",
      "C     0.285678243500    0.825332252500    0.659483175500",
      "C    -2.523695876200    0.762239682000    0.754187916600",
      "H    -2.331016149500    2.895087746300    0.795004036400",
      "H     0.159463685700    2.930737804400    0.743115146100",
      "H    -3.603443760500    0.783896444200    0.797726907200",
      "N     1.774205672800    0.827542020100    0.726196935700",
      "O     2.291832221900   -0.252994555800    0.848916344100",
      "O     2.309370485300    1.900826601800    0.660924110200",
      "C    -1.846432326100   -0.421231807300    0.688431373100",
      "H    -2.374196601600   -1.367128138100    0.674755682500",
      "C    -0.381103555600   -0.482544583000    0.615024524700",
      "H     0.020297369300   -1.136975511400    1.388099824300",
      "Br    0.040088261800   -1.425710673600   -1.025152000600"
    ],
    "units": "angstrom",
    "noorient": true
  },
  "common": {
    "maxiter": 100,
    "debug": false
  },
  "basis": {
    "basisset": "6-311G*"
  },
  "SCF": {
    "charge": 1,
    "multiplicity": 1,
    "lshift": 0,
    "tol_lindep": 1e-10,
    "conve": 1e-07,
    "convd": 1e-05,
    "diis_hist": 10,
    "writem": 10,
    "restart": false,
    "noscf": false,
    "scf_type": "restricted",
    "debug": false,
    "qed_omegas": [
      0.06615
    ],
    "qed_volumes": [],
    "qed_lambdas": [
      0.1
    ],
    "qed_polvecs": [
      [
        0.15643446504023087,
        0.0,
        0.9876883405951378
      ]
    ],
    "direct_df": false
  },
  "CD": {
    "debug": false,
    "diagtol": 1e-06
  },
  "CC": {
    "threshold": 1e-06,
    "ndiis": 5,
    "ccsd_maxiter": 200,
    "tilesize": 40,
    "freeze": {
      "atomic": true
    },
    "readt": false,
    "writet": true,
    "writet_iter": 5,
    "debug": false,
    "profile_ccsd": false,
    "balance_tiles": true
  },
  "TASK": {
    "scf": false,
    "ccsd": true
  }
}

Output folder & files prefix: ortho_th9_ph0_qed_ccsd_input.6-311g*

  C (carbon)
  ----------
          Exponent        Coefficients
      ----------------  --------------------
  1 S  4.56324000E+03      0.778202
  1 S  6.82024000E+02      1.448695
  1 S  1.54973000E+02      2.383089
  1 S  4.44553000E+01      3.200089
  1 S  1.30290000E+01      3.013004
  1 S  1.82773000E+00      0.247599

  2 S  2.09642000E+01      0.800629
  2 S  4.80331000E+00      2.127420
  2 S  1.45933000E+00     -0.002868

  3 P  2.09642000E+01      2.573592
  3 P  4.80331000E+00      2.408248
  3 P  1.45933000E+00      1.865281

  4 S  4.83456000E-01      0.413217

  5 P  4.83456000E-01      0.574627

  6 S  1.45585000E-01      0.167976

  7 P  1.45585000E-01      0.128185

  8 D  6.26000000E-01      0.725128


  H (hydrogen)
  ------------
          Exponent        Coefficients
      ----------------  --------------------
  1 S  3.38650000E+01      0.255069
  1 S  5.09479000E+00      0.460109
  1 S  1.15879000E+00      0.678321

  2 S  3.25840000E-01      0.307371

  3 S  1.02741000E-01      0.129336


  N (nitrogen)
  ------------
          Exponent        Coefficients
      ----------------  --------------------
  1 S  6.29348000E+03      0.991968
  1 S  9.49044000E+02      1.823240
  1 S  2.18776000E+02      2.979891
  1 S  6.36916000E+01      4.000007
  1 S  1.88282000E+01      3.881008
  1 S  2.72023000E+00      0.386764

  2 S  3.06331000E+01      1.038501
  2 S  7.02614000E+00      2.834794
  2 S  2.11205000E+00     -0.003208

  3 P  3.06331000E+01      3.935616
  3 P  7.02614000E+00      3.870994
  3 P  2.11205000E+00      2.967271

  4 S  6.84009000E-01      0.536051

  5 P  6.84009000E-01      0.886681

  6 S  2.00878000E-01      0.213850

  7 P  2.00878000E-01      0.191693

  8 D  9.13000000E-01      1.403568


  O (oxygen)
  ----------
          Exponent        Coefficients
      ----------------  --------------------
  1 S  8.58850000E+03      1.205013
  1 S  1.29723000E+03      2.216205
  1 S  2.99296000E+02      3.627452
  1 S  8.73771000E+01      4.888452
  1 S  2.56789000E+01      4.835721
  1 S  3.74004000E+00      0.538229

  2 S  4.21175000E+01      1.341958
  2 S  9.62837000E+00      3.587114
  2 S  2.85332000E+00     -0.005123

  3 P  4.21175000E+01      5.584018
  3 P  9.62837000E+00      5.733366
  3 P  2.85332000E+00      4.332955

  4 S  9.05661000E-01      0.661659

  5 P  9.05661000E-01      1.259352

  6 S  2.55611000E-01      0.256209

  7 P  2.55611000E-01      0.259068

  8 D  1.29200000E+00      2.577026


  Br (bromine)
  ------------
          Exponent        Coefficients
      ----------------  --------------------
  1 S  4.39700000E+05      9.893706
  1 S  6.60300000E+04     18.450679
  1 S  1.51400000E+04     31.049770
  1 S  4.31700000E+03     48.888138
  1 S  1.41400000E+03     64.847798
  1 S  5.23900000E+02     42.245010

  2 S  5.23900000E+02     14.290679
  2 S  2.07700000E+02     24.083128
  2 S  8.65400000E+01      5.132542

  3 S  3.05200000E+01      9.254405

  4 S  1.29800000E+01      4.873782

  5 S  4.41200000E+00      2.169635

  6 S  1.86200000E+00      1.136043

  7 S  3.93200000E-01      0.353892

  8 S  1.40000000E-01      0.163120

  9 P  2.95700000E+03    691.874478
  9 P  7.00300000E+02    925.332763
  9 P  2.24600000E+02   1068.830732

  10 P  8.25900000E+01    122.079275
  10 P  3.31900000E+01     57.580687
  10 P  1.42000000E+01     10.176170

  11 P  1.42000000E+01      3.129736
  11 P  7.43800000E+00      6.538168
  11 P  3.52600000E+00      4.166276

  12 P  1.59500000E+00      2.555000

  13 P  8.46200000E-01      1.156861

  14 P  3.18600000E-01      0.341191

  15 P  1.09600000E-01      0.089888

  16 D  1.34800000E+02    160.709187
  16 D  3.63900000E+01    119.797406
  16 D  1.21600000E+01     55.531619
  16 D  4.34100000E+00     12.984636

  17 D  1.53500000E+00      3.484168

  18 D  4.51000000E-01      0.408525



Printing Internal Coordinates

------------------------------------------------------------
                Bond Lengths

i      j        Length (Angstroms)     Length (Bohr)
0      1          1.4184197648         2.6804248870
0      3          1.3951276567         2.6364091819
0      4          1.0847722248         2.0499224139
1      2          1.3443468881         2.5404474367
1      5          1.0816789414         2.0440769554
2      7          1.4900233276         2.8157360103
2      12         1.4687124824         2.7754643495
3      6          1.0808423348         2.0424959981
3      10         1.3651427051         2.5797458354
7      8          1.2043905469         2.2759682822
7      9          1.2010835573         2.2697189776
10     11         1.0832552901         2.0470558228
10     12         1.4684468760         2.7749624260
12     13         1.0895173066         2.0588893189
12     14         1.9383353311         3.6629229159

Number of Bonds: 15

------------------------------------------------------------
           Bond Angles

i      j      k      Angle (degrees)
0      1      2        118.0402 
0      1      5        121.3977 
0      3      6        120.2730 
0      3      10       118.7317 
1      0      3        123.0657 
1      0      4        117.9856 
1      2      7        119.3796 
1      2      12       123.3838 
2      1      5        120.5522 
2      7      8        115.6316 
2      7      9        116.3602 
2      12     10       114.4773 
2      12     13       110.2518 
2      12     14       111.1165 
3      0      4        118.9416 
3      10     11       121.0573 
3      10     12       122.2533 
6      3      10       120.9921 
7      2      12       117.1429 
8      7      9        128.0059 
10     12     13       110.9313 
10     12     14       106.2274 
11     10     12       116.6845 
13     12     14       103.1842 

Number of Angles: 24

------------------------------------------------------------
              Torsional Angles

i      j      k      l      Angle (degrees)
3      0      1      2          0.8815 
4      0      1      2        179.8995 
5      1      0      3       -177.9786 
5      1      0      4          1.0394 
6      3      0      1        179.1705 
6      3      0      4          0.1614 
10     3      0      1         -1.4660 
10     3      0      4        179.5249 
11     10     3      0       -179.1415 
11     10     3      6          0.2172 

Number of Torsional Angles: 10


----------------------------------------------------------------------
                          Center of Mass

         x               y               z              Unit
   0.06785038299  -0.08033894043   0.03442745878      Angstrom
    0.1282186414   -0.1518185947    0.0650584683          Bohr

----------------------------------------------------------------------
                Moment of Inertia Tensor

           1831.69          -43.7825          -19.7256
          -43.7825           1951.05          -664.491
          -19.7256          -664.491           2718.55

----------------------------------------------------------------------
                      Principal Moments of Inertia

           x                 y                 z                Unit
       436.5880766       515.2666226       868.6923402       amu * ang^2
       1559.084326       1840.050514       3102.156665      amu * bohr^2
  7.2497205195e-38  8.5562094052e-38  1.4424985523e-37          g * cm^2

 - Molecule is an asymmetric top.

----------------------------------------------------------------------

         Rotational constants (MHz)

    A = 1.1576e+03        B = 9.8081e+02        C = 5.8177e+02

----------------------------------------------------------------------

        Rotational constants (cm-1)

    A = 3.8612e-02        B = 3.2716e-02        C = 1.9406e-02

----------------------------------------------------------------------

                                Z-Matrix
C   
C        1       2.6804249
C        2       2.5404474     1       118.04016
C        3      5.31330118     2     61.60379651     1         -0.4167
H        4      4.04764704     3     83.59329152     2          0.1997
H        5      4.70782824     4     95.95689027     3         -0.7513
H        6      8.18741868     5     28.88546938     4         -0.5544
N        7     10.16351824     6     29.23844810     5       -179.1084
O        8      2.27596828     7    114.90374206     6        173.3103
O        9      4.08574095     8     25.95861405     7       -175.8149
C       10      8.99624936     9     60.43009689     8          0.6616
H       11      2.04705582    10    148.33678901     9         -7.4640
C       12      4.12223549    11     36.97539187    10         -1.7678
H       13      2.05888932    12     94.22154227    11        131.1675
Br      14      4.59306246    13     50.93849149    12         92.4307

----------------------------------------------------------------------

             Converted back to Cartesian

C        0.000000      0.000000      0.000000
C        0.000000      0.000000      2.680425
C        0.000000      0.091327      0.141620
C        0.000013     -0.199286      5.446967
H       -0.000016      0.124934      1.412326
H        0.000075     -0.389154      6.092001
H       -0.000101      0.576475     -2.038274
N        0.005076     -0.711923      8.043249
O       -0.004636     -0.345036      5.797067
O        0.017979     -1.035107      9.824047
C       -0.058391      0.645153      0.986435
H       -0.025992      0.173602      2.978174
C       -0.098734      1.167682     -1.021743
H       -0.055218      0.614501      0.960963
Br      -0.162913      1.916229     -3.442459

----------------------------------------------------------------------
                       Geometry in bohr 

1     C      -3.3938270704    3.6897022256    1.4186732897
2     C      -0.7154740882    3.7660221204    1.3460224052
3     C       0.5398536403    1.5596519201    1.2462425863
4     C      -4.7690940311    1.4404242413    1.4252086098
5     H      -4.4049821176    5.4709229510    1.5023398978
6     H       0.3013426930    5.5382917972    1.4042841061
7     H      -6.8095218175    1.4813495906    1.5074853779
8     N       3.3527628126    1.5638277757    1.3723133219
9     O       4.3309352259   -0.4780904218    1.6042193942
10    O       4.3640777405    3.5920416902    1.2489655583
11    C      -3.4892514064   -0.7960127513    1.3009467516
12    H      -4.4865813461   -2.5834977600    1.2751034418
13    C      -0.7201813457   -0.9118771054    1.1622279124
14    H       0.0383564691   -2.1485723284    2.6231285033
15    Br      0.0757558357   -2.6942027079   -1.9372565186

 Number of nodes, processes per node used for SCF calculation: 1, 4

Common Options
{
  maxiter       = 100
  basis         = 6-311g* spherical
  geom_units    = angstrom
  ang2au factor = 1.889726126
  debug         = false
  file_prefix   = ortho_th9_ph0_qed_ccsd_input
}

SCF Options
{
  charge            = 1
  multiplicity      = 1
  level shift       = 0
  tol_int           = 1e-22
  tol_sch           = 1e-12
  tol_lindep        = 1e-10
  conve             = 1e-07
  convd             = 1e-05
  diis_hist         = 10
  AO_tilesize       = 30
  writem            = 10
  damp              = 100
  n_lindep          = 0
  scf_type          = restricted
  cuscf             = false
  qed_omegas        = [0.06615,]
  qed_lambdas       = [0.1,]
  qed_polvecs       = [[0.156434465,0,0.9876883406,],]
  direct_df         = false
  restart_size      = 2000
  restart           = false
  debug             = false
}

Number of basis functions = 221

Total number of shells = 105

Total number of electrons = 98
  # of alpha electrons    = 49
  # of beta electons      = 49

Nuclear repulsion energy  = 778.236260784244

# of {all,non-negligible} shell-pairs = {5565,4997}
Number of AO tiles = 105

Time for initial setup: 0.01 secs
HF exch = 1.00

Time for computing 1-e integrals T, V, S: 0.01 secs
Time for computing orthogonalizer: 0.01 secs

Superposition of Atomic Density Guess ...
Time taken for SAD: 0.30 secs
Total Time to compute initial guess: 0.31 secs


 SCF iterations
-----------------------------------------------------------------------------
 Iter     Energy            E-Diff       RMSD        |[F,P]|^2       Time(s)
-----------------------------------------------------------------------------
   1  -3011.6530661251    -3.01e+03     1.67e-02     1.49e+03         0.7 
   2  -3005.8255204693     5.83e+00     6.92e-03     7.71e+00         2.2 
   3  -3005.9941206465    -1.69e-01     3.00e-03     4.31e+00         2.2 
   4  -3006.1179193037    -1.24e-01     1.08e-03     1.01e-01         2.2 
   5  -3006.1237554883    -5.84e-03     2.54e-04     1.16e-02         2.2 
   6  -3006.1243212147    -5.66e-04     1.50e-04     1.30e-03         2.2 
   7  -3006.1244572341    -1.36e-04     6.57e-05     3.61e-04         2.2 
   8  -3006.1244894219    -3.22e-05     3.09e-05     6.84e-05         2.2 
   9  -3006.1244966810    -7.26e-06     1.24e-05     8.70e-06         2.2 
  10  -3006.1244979888    -1.31e-06     6.11e-06     2.24e-06         2.2 
  11  -3006.1244982892    -3.00e-07     3.87e-06     4.99e-07         2.3 
  12  -3006.1244983780    -8.88e-08     1.43e-06     8.47e-08         2.4 

** Total SCF energy = -3006.1244983780216

Nuclear repulsion energy = 778.236260784243541
#electrons        = 98
1e energy kinetic = 3006.1681119419154129
1e energy N-e     = -8709.9293901628898311
1e energy         = -5702.2053136452886974
2e energy         = 1919.2227047225405840
QED energy        = 0.1778143361698110
QED eT energy     = 0.1526053584228698
QED eT energy from matrix = 0.1526053584228714

 Polarizability Matrix (QED energy = 0.5 * lambda.dot(matrix * lambda))
[40.79160713, -1.36611532, -0.87514815]
[-1.36611532, 45.69949642,  1.09814906]
[-0.87514815,  1.09814906, 35.70892070]

 Polarizability Matrix (QED eT energy = 0.5 * lambda.dot(matrix * lambda))
[37.05319709, -1.47797782, -0.99594769]
[-1.47797782, 42.78004470,  1.33391082]
[-0.99594769,  1.33391082, 30.67269443]


                      Electron        Nuclear        Total  
                  ------------------------------------------
    Monopole         -98.000000     99.000000      1.000000

      Dipole   X      -8.628825      5.031666     -3.597159
      Dipole   Y      -0.521666      1.807268      1.285602
      Dipole   Z     -18.987390     20.335965      1.348575

  Quadrupole  XX    -794.999272    753.855744    -41.143528
  Quadrupole  XY     -16.549318     10.532208     -6.017110
  Quadrupole  XZ      -6.364110      0.507741     -5.856368
  Quadrupole  YY    -690.211606    652.929860    -37.281746
  Quadrupole  YZ    -306.833499    309.983690      3.150191
  Quadrupole  ZZ    -301.261613    255.324047    -45.937566

    Octupole XXX     -33.712858    -56.619727    -90.332585
    Octupole XXY   -1130.799272   1126.268255     -4.531017
    Octupole XXZ   -1072.644519   1060.959815    -11.684704
    Octupole XYY      -2.612828    -38.737216    -41.350044
    Octupole XYZ     -11.203959      5.219498     -5.984460
    Octupole XZZ     -17.357942     22.800666      5.442724
    Octupole YYY    -687.678300    676.896880    -10.781420
    Octupole YYZ     -63.359242     52.244833    -11.114409
    Octupole YZZ     163.217144   -188.532810    -25.315666
    Octupole ZZZ      -0.031413    -74.675676    -74.707089

writing orbitals and density to disk ... done.

Total Time taken for Hartree-Fock: 26.25 secs

CD Options
{
  debug             = false
  skip_cd           = [false, 100]
  write_cv          = [false, 5000]
  diagtol           = 1e-06
  itilesize         = 1000
  max_cvecs_factor  = 12
}

- #occupied, #virtual = 98, 344

- Tilesize for the MSO space: 40

-----------------------------------------------------
Begin 2-index transformation ... 

nAO, nMO, nelectrons = 221, 442, 98
n_occ_alpha, n_vir_alpha, n_occ_beta, n_vir_beta = 49,172,49,172

Time taken for Fao->Fmo transform: 0.00 secs

-----------------------------------------------------
Number of AO tiles = 105
# of {all,non-negligible} shell-pairs = {5565,4997}

    Begin Cholesky Decomposition
---------------------------------------------
Total # of mpi ranks used for Cholesky decomposition: 4
  --> Number of nodes, mpi ranks per node: 1, 4
- CPU memory required for computing cholesky vectors: 1.93 GiB

- Time for computing the diagonal: 0.01 secs

- Total number of cholesky vectors = 1650

- Time to compute cholesky vectors: 15.29 secs

- CPU memory required for resizing the ao cholesky tensor: 1.57 GiB
- CPU memory required for ao2mo transformation: 1.70 GiB
- CPU memory required for the 2-step contraction: 2.12 GiB

- Time for ao to mo transform: 1.54 secs

   End Cholesky Decomposition
---------------------------------------------

Total Time taken for Cholesky Decomposition: 18.89 secs

scf_type = restricted
Closed-Shell SCF
QED-HF Enabled
nbf = 203
nbf_orig = 221
n_lindep = 0
focc = 1
nmo = 406
nocc = 62
nvir = 344
n_occ_alpha = 31
n_vir_alpha = 172
n_occ_beta = 31
n_vir_beta = 172
nelectrons = 98
nelectrons_alpha = 49
nelectrons_beta = 49
freeze atomic = true
n_frozen_core = 18
n_frozen_virtual = 0
----------------------------
--------- QED-CCSD --------
lambda_x: 0.0156
lambda_y: 0.0000
lambda_z: 0.0988
omega: 0.066150
coupling_factor_x: 0.002845
coupling_factor_y: 0.000000
coupling_factor_z: 0.017963
----------------------------
# of {all,non-negligible} shell-pairs = {5565,4997}
Number of AO tiles = 105
----------------------------
Electronic dipole expectation value using SCF density: 
dipole_x_elec: -8.62916982
dipole_y_elec: -0.52181759
dipole_z_elec: -18.98734651

d_n/N value: d_n is nuclear dipole moment and N is the total number of electrons 
d_nuc_x: 0.05134353
d_nuc_y: 0.01844151
d_nuc_z: 0.20750985

<d_e+d_n> expectation values: 
dipole_total_x: -3.59750408
dipole_total_y: 1.28545037
dipole_total_z: 1.34861887
----------------------------


 CCSD iterations
------------------------------------------------------------
  Iter     Residuum          Correlation          Time(s)
------------------------------------------------------------
   1     1.1862204783500    0.0000000000000         86.65
   2     0.1652744848384   -1.6840080132230         84.97
   3     0.0651955549658   -1.6280878799235         84.82
   4     0.0191595602291   -1.6967020508849         84.75
   5     0.0144843579602   -1.6883310906063         84.89
 MICROCYCLE DIIS UPDATE:                    6
   6     0.0061970985937   -1.6971523672798         84.57
   7     0.0035406618598   -1.6970174083901         84.60
   8     0.0022347452310   -1.6978969094769         84.43
   9     0.0013892849065   -1.6979981628179         84.38
  10     0.0011275651180   -1.6981988576917         84.36
 MICROCYCLE DIIS UPDATE:                   11
  11     0.0003366267295   -1.6984287069537         84.18
  12     0.0002285319290   -1.6985038357820         84.17
  13     0.0001576432439   -1.6984866402048         84.24
  14     0.0001200535735   -1.6984826914325         83.96
  15     0.0000917233373   -1.6984827849760         84.33
 MICROCYCLE DIIS UPDATE:                   16
  16     0.0000365200658   -1.6984693357113         84.29
  17     0.0000229661295   -1.6984824517915         84.14
  18     0.0000183311575   -1.6984843634185         84.03
  19     0.0000133158299   -1.6984860801643         84.07
  20     0.0000119978158   -1.6984863347567         84.70
 MICROCYCLE DIIS UPDATE:                   21
  21     0.0000051925427   -1.6984870547835         84.25
  22     0.0000034416300   -1.6984880770065         84.20
  23     0.0000024550187   -1.6984878507809         84.11
  24     0.0000020430011   -1.6984875932781         83.37
  25     0.0000015642513   -1.6984876106804         83.60
 MICROCYCLE DIIS UPDATE:                   26
  26     0.0000007952636   -1.6984870745591         84.59
------------------------------------------------------------------
 Iterations converged
 CCSD correlation energy / hartree =        -1.698487074559126
 CCSD total energy / hartree       =     -3007.822985452580724

Time taken for spin-orbital canonical QED-CCSD: 2250.21 secs
