
ExaChem Git Information
{
 WARNING: Failed to retrieve the current git state.
}


TAMM Git Information
{
 Branch: main
 Commit Hash: e71357ad [e71357ad54f38748b4a7e175aa6760820d5ce96f]
 Commit Date: 2026-02-02 23:14:56 -0800
 Commit Message: add GitHub Actions workflow for releases
}


date: Wed Aug  5 18:37:04 2026
program: "/global/cfs/cdirs/m3196/heindelj/cavity_qed/software/install_gpu/bin/bin/ExaChem"
nnodes: 1, nproc_per_node: 4, nproc_total: 4, ngpus_per_node: 1, ngpus_total: 1

Memory information
{
[AMD EPYC 7763 64-Core Processor                ] : 
  CPU memory per node (GiB): 251
  Total CPU memory (GiB): 251
[NVIDIA A100-SXM4-40GB, CUDA v12.9] : 
  GPU memory per device (GiB): 39
  GPU memory per node (GiB): 39
  Total GPU memory (GiB): 39
}

------------------------------------------------------------

Input file provided: /global/cfs/cdirs/m4262/heindelj/cavity_qed/mlip/lambda_scans/grid_scans_optimized_geoms/runs_grid_no_freq/meta_th63_ph54/meta_th63_ph54_qed_ccsd_input.json

{
  "geometry": {
    "coordinates": [
      "C    -0.934463824800    1.991606847200    0.842881073700",
      "C     0.448315278400    1.918817385000    0.666647092900",
      "C     1.138876721500    0.705145254800    0.713168387800",
      "C     0.491383063700   -0.471906343100    0.799992416100",
      "C    -1.639499326600    0.833782621900    0.898397762700",
      "H    -1.431930716200    2.947407936100    0.897367041400",
      "H     1.023995130200    2.819362819500    0.510015796000",
      "H     1.034088721600   -1.408932850200    0.820424374100",
      "H    -2.718767371700    0.844856920100    0.974763548900",
      "N     2.612336864700    0.710686714300    0.598671615500",
      "O     3.201646337500   -0.148545466800    1.197390501900",
      "O     3.061537275900    1.562400755300   -0.120917511500",
      "C    -0.978131249500   -0.469156861100    0.690731573400",
      "H    -1.453680373700   -1.288381185900    1.218985786500",
      "Br   -1.247539814500   -0.745545619400   -1.237061821200"
    ],
    "units": "angstrom",
    "noorient": true
  },
  "common": {
    "maxiter": 100,
    "debug": false
  },
  "basis": {
    "basisset": "6-311G*"
  },
  "SCF": {
    "charge": 1,
    "multiplicity": 1,
    "lshift": 0,
    "tol_lindep": 1e-10,
    "conve": 1e-07,
    "convd": 1e-05,
    "diis_hist": 10,
    "writem": 10,
    "restart": false,
    "noscf": false,
    "scf_type": "restricted",
    "debug": false,
    "qed_omegas": [
      0.06615
    ],
    "qed_volumes": [],
    "qed_lambdas": [
      0.1
    ],
    "qed_polvecs": [
      [
        0.5237204946142994,
        0.7208394201673423,
        0.4539904997395468
      ]
    ],
    "direct_df": false
  },
  "CD": {
    "debug": false,
    "diagtol": 1e-06
  },
  "CC": {
    "threshold": 1e-06,
    "ndiis": 5,
    "ccsd_maxiter": 200,
    "tilesize": 40,
    "freeze": {
      "atomic": true
    },
    "readt": false,
    "writet": true,
    "writet_iter": 5,
    "debug": false,
    "profile_ccsd": false,
    "balance_tiles": true
  },
  "TASK": {
    "scf": false,
    "ccsd": true
  }
}

Output folder & files prefix: meta_th63_ph54_qed_ccsd_input.6-311g*

  C (carbon)
  ----------
          Exponent        Coefficients
      ----------------  --------------------
  1 S  4.56324000E+03      0.778202
  1 S  6.82024000E+02      1.448695
  1 S  1.54973000E+02      2.383089
  1 S  4.44553000E+01      3.200089
  1 S  1.30290000E+01      3.013004
  1 S  1.82773000E+00      0.247599

  2 S  2.09642000E+01      0.800629
  2 S  4.80331000E+00      2.127420
  2 S  1.45933000E+00     -0.002868

  3 P  2.09642000E+01      2.573592
  3 P  4.80331000E+00      2.408248
  3 P  1.45933000E+00      1.865281

  4 S  4.83456000E-01      0.413217

  5 P  4.83456000E-01      0.574627

  6 S  1.45585000E-01      0.167976

  7 P  1.45585000E-01      0.128185

  8 D  6.26000000E-01      0.725128


  H (hydrogen)
  ------------
          Exponent        Coefficients
      ----------------  --------------------
  1 S  3.38650000E+01      0.255069
  1 S  5.09479000E+00      0.460109
  1 S  1.15879000E+00      0.678321

  2 S  3.25840000E-01      0.307371

  3 S  1.02741000E-01      0.129336


  N (nitrogen)
  ------------
          Exponent        Coefficients
      ----------------  --------------------
  1 S  6.29348000E+03      0.991968
  1 S  9.49044000E+02      1.823240
  1 S  2.18776000E+02      2.979891
  1 S  6.36916000E+01      4.000007
  1 S  1.88282000E+01      3.881008
  1 S  2.72023000E+00      0.386764

  2 S  3.06331000E+01      1.038501
  2 S  7.02614000E+00      2.834794
  2 S  2.11205000E+00     -0.003208

  3 P  3.06331000E+01      3.935616
  3 P  7.02614000E+00      3.870994
  3 P  2.11205000E+00      2.967271

  4 S  6.84009000E-01      0.536051

  5 P  6.84009000E-01      0.886681

  6 S  2.00878000E-01      0.213850

  7 P  2.00878000E-01      0.191693

  8 D  9.13000000E-01      1.403568


  O (oxygen)
  ----------
          Exponent        Coefficients
      ----------------  --------------------
  1 S  8.58850000E+03      1.205013
  1 S  1.29723000E+03      2.216205
  1 S  2.99296000E+02      3.627452
  1 S  8.73771000E+01      4.888452
  1 S  2.56789000E+01      4.835721
  1 S  3.74004000E+00      0.538229

  2 S  4.21175000E+01      1.341958
  2 S  9.62837000E+00      3.587114
  2 S  2.85332000E+00     -0.005123

  3 P  4.21175000E+01      5.584018
  3 P  9.62837000E+00      5.733366
  3 P  2.85332000E+00      4.332955

  4 S  9.05661000E-01      0.661659

  5 P  9.05661000E-01      1.259352

  6 S  2.55611000E-01      0.256209

  7 P  2.55611000E-01      0.259068

  8 D  1.29200000E+00      2.577026


  Br (bromine)
  ------------
          Exponent        Coefficients
      ----------------  --------------------
  1 S  4.39700000E+05      9.893706
  1 S  6.60300000E+04     18.450679
  1 S  1.51400000E+04     31.049770
  1 S  4.31700000E+03     48.888138
  1 S  1.41400000E+03     64.847798
  1 S  5.23900000E+02     42.245010

  2 S  5.23900000E+02     14.290679
  2 S  2.07700000E+02     24.083128
  2 S  8.65400000E+01      5.132542

  3 S  3.05200000E+01      9.254405

  4 S  1.29800000E+01      4.873782

  5 S  4.41200000E+00      2.169635

  6 S  1.86200000E+00      1.136043

  7 S  3.93200000E-01      0.353892

  8 S  1.40000000E-01      0.163120

  9 P  2.95700000E+03    691.874478
  9 P  7.00300000E+02    925.332763
  9 P  2.24600000E+02   1068.830732

  10 P  8.25900000E+01    122.079275
  10 P  3.31900000E+01     57.580687
  10 P  1.42000000E+01     10.176170

  11 P  1.42000000E+01      3.129736
  11 P  7.43800000E+00      6.538168
  11 P  3.52600000E+00      4.166276

  12 P  1.59500000E+00      2.555000

  13 P  8.46200000E-01      1.156861

  14 P  3.18600000E-01      0.341191

  15 P  1.09600000E-01      0.089888

  16 D  1.34800000E+02    160.709187
  16 D  3.63900000E+01    119.797406
  16 D  1.21600000E+01     55.531619
  16 D  4.34100000E+00     12.984636

  17 D  1.53500000E+00      3.484168

  18 D  4.51000000E-01      0.408525



Printing Internal Coordinates

------------------------------------------------------------
                Bond Lengths

i      j        Length (Angstroms)     Length (Bohr)
0      1          1.3958634496         2.6377996290
0      4          1.3567291912         2.5638465984
0      5          1.0788872741         2.0388014688
1      2          1.3971540277         2.6402384681
1      6          1.0802419796         2.0413614912
2      3          1.3461934901         2.5439370088
2      9          1.4779123831         2.7928496422
3      7          1.0830353508         2.0466401976
3      12         1.4735731431         2.7846496670
4      8          1.0820230527         2.0447272315
4      12         1.4758672962         2.7889849880
9      10         1.2016779522         2.2708422211
9      11         1.2020841604         2.2716098435
12     13         1.0845865468         2.0495715333
12     14         1.9660516506         3.7152991690

Number of Bonds: 15

------------------------------------------------------------
           Bond Angles

i      j      k      Angle (degrees)
0      1      2        122.0544 
0      1      6        120.1825 
0      4      8        120.8297 
0      4      12       120.9823 
1      0      4        118.3888 
1      0      5        120.6201 
1      2      3        121.5974 
1      2      9        119.1395 
2      1      6        117.7490 
2      3      7        121.1097 
2      3      12       118.2450 
2      9      10       116.5929 
2      9      11       114.9351 
3      2      9        119.1966 
3      12     4        115.9828 
3      12     13       113.5613 
3      12     14       102.0693 
4      0      5        120.9544 
4      12     13       113.6916 
4      12     14       101.5763 
7      3      12       120.1808 
8      4      12       117.7715 
10     9      11       128.4341 
13     12     14       108.1382 

Number of Angles: 24

------------------------------------------------------------
              Torsional Angles

i      j      k      l      Angle (degrees)
3      2      1      0          6.6142 
4      0      1      2         -8.1064 
5      0      1      2        174.0748 
6      1      0      4        173.2902 
6      1      0      5         -4.5286 
6      1      2      3       -174.7499 
7      3      2      1        179.0638 
8      4      0      1       -176.3359 
8      4      0      5          1.4753 

Number of Torsional Angles: 9


----------------------------------------------------------------------
                          Center of Mass

         x               y               z              Unit
   0.07787444117    0.1528924585  -0.06633380387      Angstrom
     0.147161366    0.2889248733   -0.1253527222          Bohr

----------------------------------------------------------------------
                Moment of Inertia Tensor

           1483.99          -526.806          -643.237
          -526.806           2922.22          -429.067
          -643.237          -429.067           3000.28

----------------------------------------------------------------------
                      Principal Moments of Inertia

           x                 y                 z                Unit
       287.7306263        832.911972       953.3853916       amu * ang^2
        1027.50472       2974.382651       3404.601042      amu * bohr^2
  4.7778827178e-38  1.3830838126e-37  1.5831347689e-37          g * cm^2

 - Molecule is an asymmetric top.

----------------------------------------------------------------------

         Rotational constants (MHz)

    A = 1.7564e+03        B = 6.0676e+02        C = 5.3009e+02

----------------------------------------------------------------------

        Rotational constants (cm-1)

    A = 5.8588e-02        B = 2.0239e-02        C = 1.7682e-02

----------------------------------------------------------------------

                                Z-Matrix
C   
C        1       2.6377996
C        2       2.6402385     1       122.05441
C        3      2.54393701     2    121.59736266     1          6.6142
C        4      4.72626777     3     87.47060812     2         -2.3922
H        5      4.01338759     4    115.86620566     3         -2.6794
H        6      4.70462426     5     92.59655951     4          6.4393
H        7      8.01184590     6     92.42154474     5         -5.0182
H        8      8.27762983     7     59.16266977     6          4.2890
N        9     10.10254713     8     29.57040836     7         -1.4885
O       10      2.27084222     9    118.15965166     8        -34.1551
O       11      4.09024379    10     25.78760446     9        178.3802
C       12      8.68141959    11     66.40630227    10        -13.6595
H       13      2.04957153    12    143.67088201    11         -0.4037
Br      14      4.76920386    13     47.75765698    12       -117.5308

----------------------------------------------------------------------

             Converted back to Cartesian

C        0.000000      0.000000      0.000000
C        0.000000      0.000000      2.637800
C        0.000000      0.098141     -0.000614
C       -0.000190     -0.090498      2.536319
C        0.000508      0.385411     -2.165927
H       -0.000357     -0.159365      1.810315
H        0.000651      0.610441     -2.830901
H       -0.000708     -0.922488      5.032927
H        0.000264      0.807452     -3.061914
N       -0.000617     -1.392781      6.798128
O        0.000157     -0.818781      4.601028
O       -0.003209     -1.883667      8.550218
C        0.015435      0.545238      0.215524
H        0.005179     -0.113547      2.156308
Br       0.036040      1.484588     -2.337056

----------------------------------------------------------------------
                       Geometry in bohr 

1     C      -1.7658807034    3.7635914917    1.5928143860
2     C       0.8471930942    3.6260393433    1.2597804282
3     C       2.1521650948    1.3325314106    1.3476929346
4     C       0.9285794133   -0.8917737455    1.5117665692
5     C      -3.0982047109    1.5756208039    1.6977257236
6     H      -2.7059568849    5.5697937806    1.6957779427
7     H       1.9350703503    5.3278235784    0.9637901743
8     H       1.9541444737   -2.6624972167    1.5503773741
9     H      -5.1377257326    1.5965481946    1.8420361449
10    N       4.9366012229    1.3430032513    1.1313253926
11    O       6.0502347299   -0.2807102495    2.2627401144
12    O       5.7854669757    2.9525095264   -0.2285009806
13    C      -1.8484001767   -0.8865779776    1.3052935002
14    H      -2.7470577809   -2.4346875871    2.3035492879
15    Br     -2.3575085806   -1.4088770350   -2.3377080429

 Number of nodes, processes per node used for SCF calculation: 1, 4

Common Options
{
  maxiter       = 100
  basis         = 6-311g* spherical
  geom_units    = angstrom
  ang2au factor = 1.889726126
  debug         = false
  file_prefix   = meta_th63_ph54_qed_ccsd_input
}

SCF Options
{
  charge            = 1
  multiplicity      = 1
  level shift       = 0
  tol_int           = 1e-22
  tol_sch           = 1e-12
  tol_lindep        = 1e-10
  conve             = 1e-07
  convd             = 1e-05
  diis_hist         = 10
  AO_tilesize       = 30
  writem            = 10
  damp              = 100
  n_lindep          = 0
  scf_type          = restricted
  cuscf             = false
  qed_omegas        = [0.06615,]
  qed_lambdas       = [0.1,]
  qed_polvecs       = [[0.5237204946,0.7208394202,0.4539904997,],]
  direct_df         = false
  restart_size      = 2000
  restart           = false
  debug             = false
}

Number of basis functions = 221

Total number of shells = 105

Total number of electrons = 98
  # of alpha electrons    = 49
  # of beta electons      = 49

Nuclear repulsion energy  = 761.702691521508

# of {all,non-negligible} shell-pairs = {5565,4940}
Number of AO tiles = 105

Time for initial setup: 0.01 secs
HF exch = 1.00

Time for computing 1-e integrals T, V, S: 0.01 secs
Time for computing orthogonalizer: 0.01 secs

Superposition of Atomic Density Guess ...
Time taken for SAD: 0.30 secs
Total Time to compute initial guess: 0.30 secs


 SCF iterations
-----------------------------------------------------------------------------
 Iter     Energy            E-Diff       RMSD        |[F,P]|^2       Time(s)
-----------------------------------------------------------------------------
   1  -3011.7683536071    -3.01e+03     1.67e-02     1.52e+03         0.6 
   2  -3005.7581977334     6.01e+00     6.87e-03     8.68e+00         2.2 
   3  -3006.0074728095    -2.49e-01     2.48e-03     3.03e+00         2.2 
   4  -3006.0946008031    -8.71e-02     1.22e-03     1.06e-01         2.2 
   5  -3006.1014043340    -6.80e-03     2.77e-04     9.75e-03         2.2 
   6  -3006.1020568742    -6.53e-04     1.93e-04     1.79e-03         2.2 
   7  -3006.1022538187    -1.97e-04     7.61e-05     3.10e-04         2.2 
   8  -3006.1022896592    -3.58e-05     2.59e-05     4.97e-05         2.2 
   9  -3006.1022950446    -5.39e-06     1.34e-05     7.57e-06         2.2 
  10  -3006.1022961621    -1.12e-06     5.91e-06     1.20e-06         2.2 
  11  -3006.1022963612    -1.99e-07     2.99e-06     3.18e-07         2.2 
  12  -3006.1022964092    -4.80e-08     1.74e-06     5.84e-08         2.2 

** Total SCF energy = -3006.1022964092340

Nuclear repulsion energy = 761.702691521508200
#electrons        = 98
1e energy kinetic = 3006.2366429110279569
1e energy N-e     = -8676.4616932749831903
1e energy         = -5664.8728016234872484
2e energy         = 1902.2214227426727575
QED energy        = 0.1986396905392382
QED eT energy     = 0.1790624140325747
QED eT energy from matrix = 0.1790624140325437

 Polarizability Matrix (QED energy = 0.5 * lambda.dot(matrix * lambda))
[40.28308304,  0.20558964,  0.06616779]
[ 0.20558964, 41.84222297, -1.81598121]
[ 0.06616779, -1.81598121, 38.51989498]

 Polarizability Matrix (QED eT energy = 0.5 * lambda.dot(matrix * lambda))
[36.56433907,  0.25224902,  0.06532398]
[ 0.25224902, 38.39852769, -2.20072682]
[ 0.06532398, -2.20072682, 34.20612982]


                      Electron        Nuclear        Total  
                  ------------------------------------------
    Monopole         -98.000000     99.000000      1.000000

      Dipole   X     -25.535323     23.320208     -2.215115
      Dipole   Y     -38.888813     39.978289      1.089477
      Dipole   Z      -1.554132      3.019381      1.465249

  Quadrupole  XX   -1158.842312   1108.632141    -50.210171
  Quadrupole  XY    -247.620960    245.583357     -2.037603
  Quadrupole  XZ    -287.375142    284.761468     -2.613674
  Quadrupole  YY    -464.242876    426.354770    -37.888106
  Quadrupole  YZ    -195.028418    198.384458      3.356040
  Quadrupole  ZZ    -379.428444    333.386642    -46.041803

    Octupole XXX   -3523.284191   3361.945848   -161.338343
    Octupole XXY    -960.292773    928.797582    -31.495191
    Octupole XXZ    -644.086049    632.680978    -11.405071
    Octupole XYY    -181.128202    150.533489    -30.594713
    Octupole XYZ     370.047353   -366.124255      3.923098
    Octupole XZZ     208.283513   -244.858421    -36.574908
    Octupole YYY   -1104.999502   1054.734596    -50.264906
    Octupole YYZ    -230.641164    234.442070      3.800907
    Octupole YZZ     112.054761   -148.348516    -36.293755
    Octupole ZZZ     135.059198   -202.078237    -67.019039

writing orbitals and density to disk ... done.

Total Time taken for Hartree-Fock: 26.06 secs

CD Options
{
  debug             = false
  skip_cd           = [false, 100]
  write_cv          = [false, 5000]
  diagtol           = 1e-06
  itilesize         = 1000
  max_cvecs_factor  = 12
}

- #occupied, #virtual = 98, 344

- Tilesize for the MSO space: 40

-----------------------------------------------------
Begin 2-index transformation ... 

nAO, nMO, nelectrons = 221, 442, 98
n_occ_alpha, n_vir_alpha, n_occ_beta, n_vir_beta = 49,172,49,172

Time taken for Fao->Fmo transform: 0.00 secs

-----------------------------------------------------
Number of AO tiles = 105
# of {all,non-negligible} shell-pairs = {5565,4940}

    Begin Cholesky Decomposition
---------------------------------------------
Total # of mpi ranks used for Cholesky decomposition: 4
  --> Number of nodes, mpi ranks per node: 1, 4
- CPU memory required for computing cholesky vectors: 1.93 GiB

- Time for computing the diagonal: 0.01 secs

- Total number of cholesky vectors = 1642

- Time to compute cholesky vectors: 15.75 secs

- CPU memory required for resizing the ao cholesky tensor: 1.56 GiB
- CPU memory required for ao2mo transformation: 1.70 GiB
- CPU memory required for the 2-step contraction: 2.11 GiB

- Time for ao to mo transform: 1.55 secs

   End Cholesky Decomposition
---------------------------------------------

Total Time taken for Cholesky Decomposition: 22.27 secs

scf_type = restricted
Closed-Shell SCF
QED-HF Enabled
nbf = 203
nbf_orig = 221
n_lindep = 0
focc = 1
nmo = 406
nocc = 62
nvir = 344
n_occ_alpha = 31
n_vir_alpha = 172
n_occ_beta = 31
n_vir_beta = 172
nelectrons = 98
nelectrons_alpha = 49
nelectrons_beta = 49
freeze atomic = true
n_frozen_core = 18
n_frozen_virtual = 0
----------------------------
--------- QED-CCSD --------
lambda_x: 0.0524
lambda_y: 0.0721
lambda_z: 0.0454
omega: 0.066150
coupling_factor_x: 0.009525
coupling_factor_y: 0.013110
coupling_factor_z: 0.008257
----------------------------
# of {all,non-negligible} shell-pairs = {5565,4940}
Number of AO tiles = 105
----------------------------
Electronic dipole expectation value using SCF density: 
dipole_x_elec: -25.53511587
dipole_y_elec: -38.88870965
dipole_z_elec: -1.55401178

d_n/N value: d_n is nuclear dipole moment and N is the total number of electrons 
d_nuc_x: 0.23796131
d_nuc_y: 0.40794173
d_nuc_z: 0.03081002

<d_e+d_n> expectation values: 
dipole_total_x: -2.21490749
dipole_total_y: 1.08957981
dipole_total_z: 1.46536972
----------------------------


 CCSD iterations
------------------------------------------------------------
  Iter     Residuum          Correlation          Time(s)
------------------------------------------------------------
   1     1.1850202534533    0.0000000000000         86.42
   2     0.1684407525427   -1.6187950160173         85.45
   3     0.0670213688042   -1.6280422941966         85.56
   4     0.0254254904648   -1.6934881013528         85.50
   5     0.0215368738465   -1.6882466338582         85.15
 MICROCYCLE DIIS UPDATE:                    6
   6     0.0090572736245   -1.6995170861987         84.36
   7     0.0063156047231   -1.6989899459786         84.55
   8     0.0045763992714   -1.7007899957380         84.49
   9     0.0040020165310   -1.7010496964552         84.50
  10     0.0044202431821   -1.7014554604453         84.41
 MICROCYCLE DIIS UPDATE:                   11
  11     0.0007415312742   -1.7021789188491         85.26
  12     0.0005841715520   -1.7021270754699         85.07
  13     0.0005030130012   -1.7022184315247         85.13
  14     0.0005980775937   -1.7021745069582         84.55
  15     0.0008093359363   -1.7022163651607         84.67
 MICROCYCLE DIIS UPDATE:                   16
  16     0.0001474921031   -1.7022222609456         82.94
  17     0.0000937735836   -1.7022126963716         82.79
  18     0.0000854467631   -1.7022260926148         82.88
  19     0.0000719240623   -1.7022308132880         82.85
  20     0.0000834073276   -1.7022314291807         83.53
 MICROCYCLE DIIS UPDATE:                   21
  21     0.0000292132341   -1.7022471567271         84.32
  22     0.0000215275701   -1.7022394586770         84.19
  23     0.0000169892353   -1.7022407454097         84.23
  24     0.0000196239199   -1.7022384928202         84.00
  25     0.0000240237845   -1.7022395127141         84.00
 MICROCYCLE DIIS UPDATE:                   26
  26     0.0000059610317   -1.7022382917868         83.99
  27     0.0000038291996   -1.7022381960100         83.89
  28     0.0000034725692   -1.7022389975108         84.09
  29     0.0000029677953   -1.7022392273542         84.11
  30     0.0000035492966   -1.7022393017672         84.15
 MICROCYCLE DIIS UPDATE:                   31
  31     0.0000012347355   -1.7022400433164         84.78
  32     0.0000009558394   -1.7022396952562         84.81
------------------------------------------------------------------
 Iterations converged
 CCSD correlation energy / hartree =        -1.702239695256214
 CCSD total energy / hartree       =     -3007.804536104490126

Time taken for spin-orbital canonical QED-CCSD: 2770.57 secs
