
ExaChem Git Information
{
 WARNING: Failed to retrieve the current git state.
}


TAMM Git Information
{
 Branch: main
 Commit Hash: e71357ad [e71357ad54f38748b4a7e175aa6760820d5ce96f]
 Commit Date: 2026-02-02 23:14:56 -0800
 Commit Message: add GitHub Actions workflow for releases
}


date: Mon Aug 10 18:13:45 2026
program: "/global/cfs/cdirs/m3196/heindelj/cavity_qed/software/install_gpu/bin/bin/ExaChem"
nnodes: 1, nproc_per_node: 4, nproc_total: 4, ngpus_per_node: 1, ngpus_total: 1

Memory information
{
[AMD EPYC 7763 64-Core Processor                ] : 
  CPU memory per node (GiB): 251
  Total CPU memory (GiB): 251
[NVIDIA A100-SXM4-80GB, CUDA v12.9] : 
  GPU memory per device (GiB): 79
  GPU memory per node (GiB): 79
  Total GPU memory (GiB): 79
}

------------------------------------------------------------

Input file provided: /global/cfs/cdirs/m4262/heindelj/cavity_qed/mlip/lambda_scans/grid_scans_optimized_geoms/runs_grid_no_freq/para_th45_ph252/para_th45_ph252_qed_ccsd_input.json

{
  "geometry": {
    "coordinates": [
      "C    -0.459884031200    1.251378998300    0.463489843300",
      "C     0.893337030600    1.254702335400    0.588201334900",
      "C     1.537466939000    0.020950590700    0.716106254100",
      "H    -1.009373021600    2.175289628900    0.346343054000",
      "H     1.474718217900    2.162236575700    0.583347429700",
      "N     3.015660193400    0.021177701600    0.856117004500",
      "O     3.589384883000   -0.882020015600    0.310409276900",
      "O     3.471731759300    0.918731829000    1.511398442400",
      "C    -0.452818064900   -1.227929393200    0.644195276400",
      "H    -1.000829583400   -2.158023016700    0.665278598600",
      "C     0.900214104300   -1.222117442500    0.722046829900",
      "H     1.490144113700   -2.124359994900    0.771118170800",
      "C    -1.232167367300    0.011389168800    0.585590124300",
      "H    -1.742844849400    0.106595437800    1.556529805000",
      "Br   -2.708821006600   -0.160481924200   -0.654731745000"
    ],
    "units": "angstrom",
    "noorient": true
  },
  "common": {
    "maxiter": 100,
    "debug": false
  },
  "basis": {
    "basisset": "6-311G*"
  },
  "SCF": {
    "charge": 1,
    "multiplicity": 1,
    "lshift": 0,
    "tol_lindep": 1e-10,
    "conve": 1e-07,
    "convd": 1e-05,
    "diis_hist": 10,
    "writem": 10,
    "restart": false,
    "noscf": false,
    "scf_type": "restricted",
    "debug": false,
    "qed_omegas": [
      0.06615
    ],
    "qed_volumes": [],
    "qed_lambdas": [
      0.1
    ],
    "qed_polvecs": [
      [
        -0.2185080122244106,
        -0.6724985119639573,
        0.7071067811865476
      ]
    ],
    "direct_df": false
  },
  "CD": {
    "debug": false,
    "diagtol": 1e-06
  },
  "CC": {
    "threshold": 1e-06,
    "ndiis": 5,
    "ccsd_maxiter": 200,
    "tilesize": 40,
    "freeze": {
      "atomic": true
    },
    "readt": false,
    "writet": true,
    "writet_iter": 5,
    "debug": false,
    "profile_ccsd": false,
    "balance_tiles": true
  },
  "TASK": {
    "scf": false,
    "ccsd": true
  }
}

Output folder & files prefix: para_th45_ph252_qed_ccsd_input.6-311g*

  C (carbon)
  ----------
          Exponent        Coefficients
      ----------------  --------------------
  1 S  4.56324000E+03      0.778202
  1 S  6.82024000E+02      1.448695
  1 S  1.54973000E+02      2.383089
  1 S  4.44553000E+01      3.200089
  1 S  1.30290000E+01      3.013004
  1 S  1.82773000E+00      0.247599

  2 S  2.09642000E+01      0.800629
  2 S  4.80331000E+00      2.127420
  2 S  1.45933000E+00     -0.002868

  3 P  2.09642000E+01      2.573592
  3 P  4.80331000E+00      2.408248
  3 P  1.45933000E+00      1.865281

  4 S  4.83456000E-01      0.413217

  5 P  4.83456000E-01      0.574627

  6 S  1.45585000E-01      0.167976

  7 P  1.45585000E-01      0.128185

  8 D  6.26000000E-01      0.725128


  H (hydrogen)
  ------------
          Exponent        Coefficients
      ----------------  --------------------
  1 S  3.38650000E+01      0.255069
  1 S  5.09479000E+00      0.460109
  1 S  1.15879000E+00      0.678321

  2 S  3.25840000E-01      0.307371

  3 S  1.02741000E-01      0.129336


  N (nitrogen)
  ------------
          Exponent        Coefficients
      ----------------  --------------------
  1 S  6.29348000E+03      0.991968
  1 S  9.49044000E+02      1.823240
  1 S  2.18776000E+02      2.979891
  1 S  6.36916000E+01      4.000007
  1 S  1.88282000E+01      3.881008
  1 S  2.72023000E+00      0.386764

  2 S  3.06331000E+01      1.038501
  2 S  7.02614000E+00      2.834794
  2 S  2.11205000E+00     -0.003208

  3 P  3.06331000E+01      3.935616
  3 P  7.02614000E+00      3.870994
  3 P  2.11205000E+00      2.967271

  4 S  6.84009000E-01      0.536051

  5 P  6.84009000E-01      0.886681

  6 S  2.00878000E-01      0.213850

  7 P  2.00878000E-01      0.191693

  8 D  9.13000000E-01      1.403568


  O (oxygen)
  ----------
          Exponent        Coefficients
      ----------------  --------------------
  1 S  8.58850000E+03      1.205013
  1 S  1.29723000E+03      2.216205
  1 S  2.99296000E+02      3.627452
  1 S  8.73771000E+01      4.888452
  1 S  2.56789000E+01      4.835721
  1 S  3.74004000E+00      0.538229

  2 S  4.21175000E+01      1.341958
  2 S  9.62837000E+00      3.587114
  2 S  2.85332000E+00     -0.005123

  3 P  4.21175000E+01      5.584018
  3 P  9.62837000E+00      5.733366
  3 P  2.85332000E+00      4.332955

  4 S  9.05661000E-01      0.661659

  5 P  9.05661000E-01      1.259352

  6 S  2.55611000E-01      0.256209

  7 P  2.55611000E-01      0.259068

  8 D  1.29200000E+00      2.577026


  Br (bromine)
  ------------
          Exponent        Coefficients
      ----------------  --------------------
  1 S  4.39700000E+05      9.893706
  1 S  6.60300000E+04     18.450679
  1 S  1.51400000E+04     31.049770
  1 S  4.31700000E+03     48.888138
  1 S  1.41400000E+03     64.847798
  1 S  5.23900000E+02     42.245010

  2 S  5.23900000E+02     14.290679
  2 S  2.07700000E+02     24.083128
  2 S  8.65400000E+01      5.132542

  3 S  3.05200000E+01      9.254405

  4 S  1.29800000E+01      4.873782

  5 S  4.41200000E+00      2.169635

  6 S  1.86200000E+00      1.136043

  7 S  3.93200000E-01      0.353892

  8 S  1.40000000E-01      0.163120

  9 P  2.95700000E+03    691.874478
  9 P  7.00300000E+02    925.332763
  9 P  2.24600000E+02   1068.830732

  10 P  8.25900000E+01    122.079275
  10 P  3.31900000E+01     57.580687
  10 P  1.42000000E+01     10.176170

  11 P  1.42000000E+01      3.129736
  11 P  7.43800000E+00      6.538168
  11 P  3.52600000E+00      4.166276

  12 P  1.59500000E+00      2.555000

  13 P  8.46200000E-01      1.156861

  14 P  3.18600000E-01      0.341191

  15 P  1.09600000E-01      0.089888

  16 D  1.34800000E+02    160.709187
  16 D  3.63900000E+01    119.797406
  16 D  1.21600000E+01     55.531619
  16 D  4.34100000E+00     12.984636

  17 D  1.53500000E+00      3.484168

  18 D  4.51000000E-01      0.408525



Printing Internal Coordinates

------------------------------------------------------------
                Bond Lengths

i      j        Length (Angstroms)     Length (Bohr)
0      1          1.3589596178         2.5680614938
0      3          1.0813289852         2.0434156340
0      12         1.4659143246         2.7701765976
1      2          1.3976431500         2.6411627753
1      4          1.0777968467         2.0367408595
2      5          1.4848091996         2.8058827364
2      10         1.3969053658         2.6397685651
5      6          1.2011340724         2.2698144372
5      7          1.2012487035         2.2700310587
8      9          1.0797385236         2.0404100972
8      10         1.3552825145         2.5611127756
8      12         1.4651724803         2.7687747150
10     11         1.0791047381         2.0392124162
12     13         1.1011719157         2.0809133382
12     14         1.9360898694         3.6586796084

Number of Bonds: 15

------------------------------------------------------------
           Bond Angles

i      j      k      Angle (degrees)
0      1      2        117.7207 
0      1      4        122.6009 
0      12     8        116.0142 
0      12     13       104.1599 
0      12     14       115.0584 
1      0      3        120.9218 
1      0      12       121.2670 
1      2      5        117.8598 
1      2      10       125.1466 
2      1      4        119.6764 
2      5      6        115.6307 
2      5      7        115.4374 
2      10     8        117.3228 
2      10     11       119.6583 
3      0      12       117.6488 
5      2      10       116.9936 
6      5      7        128.9275 
8      10     11       123.0112 
8      12     13       106.5316 
8      12     14       110.8688 
9      8      10       120.6153 
9      8      12       117.3506 
10     8      12       121.9854 
13     12     14       102.6406 

Number of Angles: 24

------------------------------------------------------------
              Torsional Angles

i      j      k      l      Angle (degrees)
3      0      1      2       -179.0685 
4      1      0      3          0.4197 
8      10     2      1         -2.4201 
8      12     0      1         -8.8975 
8      12     0      3        175.6941 
9      8      10     2       -178.7236 
9      8      12     0       -175.8752 
10     2      1      0          0.2103 
10     2      1      4       -179.2935 
10     8      12     0          6.6508 
11     10     2      1        176.6073 
11     10     8      9          2.2843 
12     0      1      2          5.6730 
12     0      1      4       -174.8388 
12     8      10     2         -1.3307 
12     8      10     11       179.6772 
13     12     0      1        107.8252 
13     12     0      3        -67.5832 
13     12     8      9         68.7333 
13     12     8      10      -108.7407 
14     12     0      1       -140.6379 
14     12     0      3         43.9537 
14     12     8      9        -42.2105 
14     12     8      10       140.3155 

Number of Torsional Angles: 24


----------------------------------------------------------------------
                          Center of Mass

         x               y               z              Unit
   -0.2358708431  -0.05281094755    0.1842482801      Angstrom
   -0.4457312946  -0.09979822731    0.3481787886          Bohr

----------------------------------------------------------------------
                Moment of Inertia Tensor

           813.412          -119.699          -1068.91
          -119.699           4605.34           -84.103
          -1068.91           -84.103           4648.14

----------------------------------------------------------------------
                      Principal Moments of Inertia

           x                 y                 z                Unit
       148.6893186       1288.646303       1381.682105       amu * ang^2
       530.9791963       4601.839493       4934.076373      amu * bohr^2
  2.4690459082e-38  2.1398489900e-37  2.2943386790e-37          g * cm^2

 - Molecule is an asymmetric top.

----------------------------------------------------------------------

         Rotational constants (MHz)

    A = 3.3989e+03        B = 3.9218e+02        C = 3.6577e+02

----------------------------------------------------------------------

        Rotational constants (cm-1)

    A = 1.1337e-01        B = 1.3082e-02        C = 1.2201e-02

----------------------------------------------------------------------

                                Z-Matrix
C   
C        1       2.5680615
C        2       2.6411628     1       117.72071
H        3      6.34235988     2     22.11507933     1          0.6839
H        4      4.71563378     3     39.71613581     2          0.6931
N        5      5.01153035     4    126.32814070     3          0.0146
O        6      2.26981444     5    146.91846153     4         82.1439
O        7      4.09635982     6     25.53757216     5        118.0931
C        8      8.61066043     7     63.25242035     6         11.8514
H        9      2.04041010     8    147.06069794     7         51.9154
C       10      4.00564395     9     33.38424432     8        -17.8557
H       11      2.03921242    10     97.02760687     9       -178.0701
C       12      6.54806462    11     18.68849476    10          0.6474
H       13      2.08091334    12    111.74197535    11       -102.6491
Br      14      4.58784014    13     51.09096610    12       -136.7220

----------------------------------------------------------------------

             Converted back to Cartesian

C        0.000000      0.000000      0.000000
C        0.000000      0.000000      2.568061
C        0.000000      0.094691     -0.071403
H       -0.000009     -0.175389      6.265203
H       -0.000002      0.082402      1.556621
N       -0.000010     -0.383879      6.546413
O       -0.002547     -0.071826      4.298153
O        0.001682     -0.666536      8.351110
C       -0.005982      0.747465     -0.142653
H       -0.006288      0.322625      1.853038
C       -0.004520      1.196434     -2.056135
H       -0.003879      0.692993     -0.080045
C       -0.006900      2.345665     -6.416117
H       -0.001903      1.752353     -4.421586
Br      -0.014015      3.128710     -8.798088

----------------------------------------------------------------------
                       Geometry in bohr 

1     C      -0.8690548686    2.3647635865    0.8758688660
2     C       1.6881623260    2.3710437834    1.1115394299
3     C       2.9053914423    0.0395908786    1.3532446973
4     H      -1.9074385697    4.1107016431    0.6544935177
5     H       2.7868135447    4.0860349475    1.1023668784
6     N       5.6987718543    0.0400200560    1.6178266702
7     O       6.7829543893   -1.6667762671    0.5865885203
8     O       6.5606222077    1.7361515400    2.8561291233
9     C      -0.8557021275   -2.3204502551    1.2173526440
10    H      -1.8912938113   -4.0780724750    1.2571943488
11    C       1.7011581118   -2.3094672600    1.3644707586
12    H       2.8159642630   -4.0144585832    1.4572021535
13    C      -2.3284588655    0.0215224098    1.1066049570
14    H      -3.2934994453    0.2014361837    2.9414150383
15    Br     -5.1189298266   -0.3032668849   -1.2372636840

 Number of nodes, processes per node used for SCF calculation: 1, 4

Common Options
{
  maxiter       = 100
  basis         = 6-311g* spherical
  geom_units    = angstrom
  ang2au factor = 1.889726126
  debug         = false
  file_prefix   = para_th45_ph252_qed_ccsd_input
}

SCF Options
{
  charge            = 1
  multiplicity      = 1
  level shift       = 0
  tol_int           = 1e-22
  tol_sch           = 1e-12
  tol_lindep        = 1e-10
  conve             = 1e-07
  convd             = 1e-05
  diis_hist         = 10
  AO_tilesize       = 30
  writem            = 10
  damp              = 100
  n_lindep          = 0
  scf_type          = restricted
  cuscf             = false
  qed_omegas        = [0.06615,]
  qed_lambdas       = [0.1,]
  qed_polvecs       = [[-0.2185080122,-0.672498512,0.7071067812,],]
  direct_df         = false
  restart_size      = 2000
  restart           = false
  debug             = false
}

Number of basis functions = 221

Total number of shells = 105

Total number of electrons = 98
  # of alpha electrons    = 49
  # of beta electons      = 49

Nuclear repulsion energy  = 724.177927365251

# of {all,non-negligible} shell-pairs = {5565,4847}
Number of AO tiles = 105

Time for initial setup: 0.02 secs
HF exch = 1.00

Time for computing 1-e integrals T, V, S: 0.01 secs
Time for computing orthogonalizer: 0.01 secs

Superposition of Atomic Density Guess ...
Time taken for SAD: 0.30 secs
Total Time to compute initial guess: 0.30 secs


 SCF iterations
-----------------------------------------------------------------------------
 Iter     Energy            E-Diff       RMSD        |[F,P]|^2       Time(s)
-----------------------------------------------------------------------------
   1  -3011.7511897275    -3.01e+03     1.70e-02     1.50e+03         0.6 
   2  -3005.8198396939     5.93e+00     7.13e-03     7.57e+00         2.0 
   3  -3005.9995845128    -1.80e-01     2.97e-03     3.88e+00         2.0 
   4  -3006.1096559732    -1.10e-01     1.22e-03     1.20e-01         2.0 
   5  -3006.1159461648    -6.29e-03     2.50e-04     1.23e-02         2.1 
   6  -3006.1165503945    -6.04e-04     1.63e-04     1.39e-03         2.1 
   7  -3006.1166949782    -1.45e-04     7.43e-05     2.18e-04         2.1 
   8  -3006.1167231968    -2.82e-05     2.42e-05     3.56e-05         2.1 
   9  -3006.1167270407    -3.84e-06     1.05e-05     8.23e-06         2.1 
  10  -3006.1167277566    -7.16e-07     4.20e-06     1.43e-06         2.1 
  11  -3006.1167278729    -1.16e-07     1.75e-06     1.41e-07         2.1 
  12  -3006.1167278882    -1.53e-08     6.56e-07     1.63e-08         2.1 

** Total SCF energy = -3006.1167278882426

Nuclear repulsion energy = 724.177927365250639
#electrons        = 98
1e energy kinetic = 3006.1756476694972662
1e energy N-e     = -8601.4720373410200409
1e energy         = -5594.4512889306843135
2e energy         = 1864.8193455923099009
QED energy        = 0.1823888257205190
QED eT energy     = 0.1592954553302857
QED eT energy from matrix = 0.1592954553302831

 Polarizability Matrix (QED energy = 0.5 * lambda.dot(matrix * lambda))
[43.89846032, -0.19386859,  1.80556591]
[-0.19386859, 41.45824849,  2.24130648]
[ 1.80556591,  2.24130648, 36.75733476]

 Polarizability Matrix (QED eT energy = 0.5 * lambda.dot(matrix * lambda))
[40.71473812, -0.18980535,  2.26383769]
[-0.18980535, 37.96748848,  2.63111385]
[ 2.26383769,  2.63111385, 32.00372401]


                      Electron        Nuclear        Total  
                  ------------------------------------------
    Monopole         -98.000000     99.000000      1.000000

      Dipole   X      19.410803    -20.563006     -1.152203
      Dipole   Y       8.533746     -8.471538      0.062209
      Dipole   Z     -43.934039     45.149459      1.215420

  Quadrupole  XX   -2066.107153   2017.178805    -48.928348
  Quadrupole  XY     -56.024590     56.314131      0.289541
  Quadrupole  XZ    -485.504835    484.303574     -1.201261
  Quadrupole  YY    -287.903781    247.554478    -40.349303
  Quadrupole  YZ     -37.101287     35.092789     -2.008498
  Quadrupole  ZZ    -252.392593    204.325681    -48.066912

    Octupole XXX   -1603.824172   1473.126884   -130.697288
    Octupole XXY     281.070043   -278.581455      2.488588
    Octupole XXZ    -697.840313    647.884684    -49.955630
    Octupole XYY    -395.747957    375.230796    -20.517161
    Octupole XYZ    -150.719977    140.086966    -10.633012
    Octupole XZZ    -318.727124    288.749257    -29.977867
    Octupole YYY      -9.898152     19.465415      9.567263
    Octupole YYZ    -325.305672    301.811692    -23.493980
    Octupole YZZ     -73.146831     69.320067     -3.826764
    Octupole ZZZ    -344.512872    244.842850    -99.670022

writing orbitals and density to disk ... done.

Total Time taken for Hartree-Fock: 24.59 secs

CD Options
{
  debug             = false
  skip_cd           = [false, 100]
  write_cv          = [false, 5000]
  diagtol           = 1e-06
  itilesize         = 1000
  max_cvecs_factor  = 12
}

- #occupied, #virtual = 98, 344

- Tilesize for the MSO space: 40

-----------------------------------------------------
Begin 2-index transformation ... 

nAO, nMO, nelectrons = 221, 442, 98
n_occ_alpha, n_vir_alpha, n_occ_beta, n_vir_beta = 49,172,49,172

Time taken for Fao->Fmo transform: 0.00 secs

-----------------------------------------------------
Number of AO tiles = 105
# of {all,non-negligible} shell-pairs = {5565,4847}

    Begin Cholesky Decomposition
---------------------------------------------
Total # of mpi ranks used for Cholesky decomposition: 4
  --> Number of nodes, mpi ranks per node: 1, 4
- CPU memory required for computing cholesky vectors: 1.93 GiB

- Time for computing the diagonal: 0.01 secs

- Total number of cholesky vectors = 1640

- Time to compute cholesky vectors: 15.15 secs

- CPU memory required for resizing the ao cholesky tensor: 1.56 GiB
- CPU memory required for ao2mo transformation: 1.69 GiB
- CPU memory required for the 2-step contraction: 2.10 GiB

- Time for ao to mo transform: 1.58 secs

   End Cholesky Decomposition
---------------------------------------------

Total Time taken for Cholesky Decomposition: 18.46 secs

scf_type = restricted
Closed-Shell SCF
QED-HF Enabled
nbf = 203
nbf_orig = 221
n_lindep = 0
focc = 1
nmo = 406
nocc = 62
nvir = 344
n_occ_alpha = 31
n_vir_alpha = 172
n_occ_beta = 31
n_vir_beta = 172
nelectrons = 98
nelectrons_alpha = 49
nelectrons_beta = 49
freeze atomic = true
n_frozen_core = 18
n_frozen_virtual = 0
----------------------------
--------- QED-CCSD --------
lambda_x: -0.0219
lambda_y: -0.0672
lambda_z: 0.0707
omega: 0.066150
coupling_factor_x: -0.003974
coupling_factor_y: -0.012230
coupling_factor_z: 0.012860
----------------------------
# of {all,non-negligible} shell-pairs = {5565,4847}
Number of AO tiles = 105
----------------------------
Electronic dipole expectation value using SCF density: 
dipole_x_elec: 19.41086280
dipole_y_elec: 8.53376274
dipole_z_elec: -43.93404774

d_n/N value: d_n is nuclear dipole moment and N is the total number of electrons 
d_nuc_x: -0.20982659
d_nuc_y: -0.08644426
d_nuc_z: 0.46070876

<d_e+d_n> expectation values: 
dipole_total_x: -1.15214328
dipole_total_y: 0.06222492
dipole_total_z: 1.21541121
----------------------------


 CCSD iterations
------------------------------------------------------------
  Iter     Residuum          Correlation          Time(s)
------------------------------------------------------------
   1     1.1855651689996    0.0000000000000         85.57
   2     0.1702745321374   -1.6922659739657         84.39
   3     0.0719008039088   -1.6242716103749         84.33
   4     0.0239275827820   -1.7019294403014         84.07
   5     0.0192834204164   -1.6877886748428         83.91
 MICROCYCLE DIIS UPDATE:                    6
   6     0.0070496666328   -1.6989784106869         83.42
   7     0.0039482728014   -1.6988563697084         83.60
   8     0.0026937192861   -1.7000066979073         83.33
   9     0.0014826867440   -1.7001016464010         83.54
  10     0.0014425652988   -1.7003825331750         83.66
 MICROCYCLE DIIS UPDATE:                   11
  11     0.0004925285359   -1.7006779727852         84.01
  12     0.0004009244473   -1.7007948732817         83.16
  13     0.0002694654136   -1.7007539847972         82.94
  14     0.0002355711395   -1.7007489693855         83.02
  15     0.0001728599069   -1.7007496102897         82.95
 MICROCYCLE DIIS UPDATE:                   16
  16     0.0000589366148   -1.7007305762669         82.80
  17     0.0000398731351   -1.7007468909790         82.96
  18     0.0000280772975   -1.7007545927850         82.83
  19     0.0000216923238   -1.7007544609176         82.84
  20     0.0000180196459   -1.7007567786159         83.65
 MICROCYCLE DIIS UPDATE:                   21
  21     0.0000075499129   -1.7007567079090         83.70
  22     0.0000054220952   -1.7007595754769         83.61
  23     0.0000038297278   -1.7007581937794         83.58
  24     0.0000030117789   -1.7007583740006         83.30
  25     0.0000024476307   -1.7007580620338         82.15
 MICROCYCLE DIIS UPDATE:                   26
  26     0.0000010366337   -1.7007575215066         82.97
  27     0.0000006466640   -1.7007578923021         82.50
------------------------------------------------------------------
 Iterations converged
 CCSD correlation energy / hartree =        -1.700757892302081
 CCSD total energy / hartree       =     -3007.817485780544757

Time taken for spin-orbital canonical QED-CCSD: 2314.75 secs
