+ module restore
+ '[' -z '' ']'
+ case "$-" in
+ __lmod_sh_dbg=x
+ '[' -n x ']'
+ set +x
Shell debugging temporarily silenced: export LMOD_SH_DBG_ON=1 for Lmod's output
Running "module reset". Resetting modules to system default. The following $MODULEPATH directories have been removed: None
Shell debugging restarted
+ unset __lmod_sh_dbg
+ return 0
+ module load cmake python
+ '[' -z '' ']'
+ case "$-" in
+ __lmod_sh_dbg=x
+ '[' -n x ']'
+ set +x
Shell debugging temporarily silenced: export LMOD_SH_DBG_ON=1 for Lmod's output
Shell debugging restarted
+ unset __lmod_sh_dbg
+ return 0
+ module list
+ '[' -z '' ']'
+ case "$-" in
+ __lmod_sh_dbg=x
+ '[' -n x ']'
+ set +x
Shell debugging temporarily silenced: export LMOD_SH_DBG_ON=1 for Lmod's output

Currently Loaded Modules:
  1) gcc/13.4.0                            8) gcc-runtime/13.4.0-2tg3zy7   (H)
  2) oneapi/release/2025.3.1               9) bzip2/1.0.8
  3) mpich/opt/5.0.0.aurora_test.3c70a61  10) expat/2.7.3-6auksxt          (H)
  4) libfabric/1.22.0                     11) gdbm/1.25
  5) cray-pals/1.8.0                      12) sqlite/3.50.4-s65ksrg        (H)
  6) cray-libpals/1.8.0                   13) util-linux-uuid/2.41-ytoy2bg (H)
  7) cmake/3.31.11                        14) python/3.12.12

  Where:
   H:  Hidden Module

 

Shell debugging restarted
+ unset __lmod_sh_dbg
+ return 0
+ export TZ=/usr/share/zoneinfo/US/Central
+ TZ=/usr/share/zoneinfo/US/Central
+ cd /lus/flare/projects/TransMetalChem/dmejiar/MAPOL/NITRO/qed_ccsd_scans/relaxed_dir_70_31
+ export FI_CXI_DEFAULT_CQ_SIZE=131072
+ FI_CXI_DEFAULT_CQ_SIZE=131072
+ export FI_CXI_CQ_FILL_PERCENT=20
+ FI_CXI_CQ_FILL_PERCENT=20
+ export FI_MR_CACHE_MONITOR=disabled
+ FI_MR_CACHE_MONITOR=disabled
+ export FI_CXI_OVFLOW_BUF_SIZE=8388608
+ FI_CXI_OVFLOW_BUF_SIZE=8388608
+ export MPIR_CVAR_ENABLE_GPU=0
+ MPIR_CVAR_ENABLE_GPU=0
+ export MPIR_CVAR_CH4_XPMEM_ENABLE=0
+ MPIR_CVAR_CH4_XPMEM_ENABLE=0
+ export ZE_FLAT_DEVICE_HIERARCHY=FLAT
+ ZE_FLAT_DEVICE_HIERARCHY=FLAT
+ export ZES_ENABLE_SYSMAN=1
+ ZES_ENABLE_SYSMAN=1
+ export OMP_NUM_THREADS=1
+ OMP_NUM_THREADS=1
+ export TAMM_ENABLE_SPRHBM=0
+ TAMM_ENABLE_SPRHBM=0
+ export GA_NUM_PROGRESS_RANKS_PER_NODE=6
+ GA_NUM_PROGRESS_RANKS_PER_NODE=6
+ export GA_PROGRESS_RANKS_DISTRIBUTION_PACKED=1
+ GA_PROGRESS_RANKS_DISTRIBUTION_PACKED=1
+ export GA_PROGRESS_RANKS_DISTRIBUTION_CYCLIC=0
+ GA_PROGRESS_RANKS_DISTRIBUTION_CYCLIC=0
+ export SYCL_PI_LEVEL_ZERO_SINGLE_THREAD_MODE=1
+ SYCL_PI_LEVEL_ZERO_SINGLE_THREAD_MODE=1
+ export UR_L0_USE_DRIVER_INORDER_LISTS=1
+ UR_L0_USE_DRIVER_INORDER_LISTS=1
+ export UR_L0_ENABLE_RELAXED_ALLOCATION_LIMITS=1
+ UR_L0_ENABLE_RELAXED_ALLOCATION_LIMITS=1
+ export UR_L0_USE_COPY_ENGINE_FOR_IN_ORDER_QUEUE=1
+ UR_L0_USE_COPY_ENGINE_FOR_IN_ORDER_QUEUE=1
+ export PALS_PING_PERIOD=240
+ PALS_PING_PERIOD=240
+ export PALS_RPC_TIMEOUT=240
+ PALS_RPC_TIMEOUT=240
+ unset MPIR_CVAR_CH4_COLL_SELECTION_TUNING_JSON_FILE
+ unset MPIR_CVAR_COLL_SELECTION_TUNING_JSON_FILE
+ unset MPIR_CVAR_CH4_POSIX_COLL_SELECTION_TUNING_JSON_FILE
++ wc -l
+ NNODES=2
+ ppn=12
+ NRANKS_PER_NODE=18
+ NTHREADS=1
+ NTOTRANKS=36
+ echo 'NUM_OF_NODES= 2 TOTAL_NUM_RANKS= 36 RANKS_PER_NODE= 18 THREADS_PER_RANK= 1'
NUM_OF_NODES= 2 TOTAL_NUM_RANKS= 36 RANKS_PER_NODE= 18 THREADS_PER_RANK= 1
+ export LD_LIBRARY_PATH=/home/dmejiar/install_jul2026/lib64:/opt/aurora/26.26.0/spack/unified/1.1.1/install/linux-x86_64/python-3.12.12-nvje3vk/lib:/opt/aurora/26.26.0/spack/unified/1.1.1/install/linux-x86_64/util-linux-uuid-2.41-ytoy2bg/lib:/opt/aurora/26.26.0/spack/unified/1.1.1/install/linux-x86_64/sqlite-3.50.4-s65ksrg/lib:/opt/aurora/26.26.0/spack/unified/1.1.1/install/linux-x86_64/gdbm-1.25-skzvkbq/lib:/opt/aurora/26.26.0/spack/unified/1.1.1/install/linux-x86_64/expat-2.7.3-6auksxt/lib:/opt/aurora/26.26.0/spack/unified/1.1.1/install/linux-x86_64/bzip2-1.0.8-lpab4po/lib:/opt/aurora/26.26.0/spack/unified/1.1.1/install/linux-x86_64/gcc-runtime-13.4.0-2tg3zy7/lib:/opt/cray/pals/1.8/lib:/opt/cray/libfabric/1.22.0/lib64:/opt/cray/libfabric/1.22.0/lib:/opt/aurora/26.26.0/spack/unified/1.1.1/install/linux-x86_64/mpich-5.0.0.aurora_test.3c70a61-hlkigtk/lib:/opt/aurora/26.26.0/support/libraries/khronos/default/lib64:/opt/aurora/26.26.0/oneapi/ishmem/latest/lib:/opt/aurora/26.26.0/oneapi/pti/latest/lib:/opt/aurora/26.26.0/oneapi/tcm/latest/lib:/opt/aurora/26.26.0/oneapi/umf/latest/lib:/opt/aurora/26.26.0/oneapi/ipp/latest/lib:/opt/aurora/26.26.0/oneapi/ippcp/latest/lib:/opt/aurora/26.26.0/oneapi/debugger/latest/opt/debugger/lib:/opt/aurora/26.26.0/oneapi/ccl/latest/lib:/opt/aurora/26.26.0/oneapi/dal/latest/lib:/opt/aurora/26.26.0/oneapi/dnnl/latest/lib:/opt/aurora/26.26.0/oneapi/tbb/latest/lib/intel64/gcc4.8:/opt/aurora/26.26.0/oneapi/mkl/latest/lib:/opt/aurora/26.26.0/oneapi/compiler/latest/opt/compiler/lib:/opt/aurora/26.26.0/oneapi/compiler/latest/lib:/opt/aurora/26.26.0/spack/unified/1.1.1/install/linux-x86_64/gcc-13.4.0-hgnyg4p/lib64:/opt/aurora/26.26.0/spack/unified/1.1.1/install/linux-x86_64/gcc-13.4.0-hgnyg4p/lib
+ LD_LIBRARY_PATH=/home/dmejiar/install_jul2026/lib64:/opt/aurora/26.26.0/spack/unified/1.1.1/install/linux-x86_64/python-3.12.12-nvje3vk/lib:/opt/aurora/26.26.0/spack/unified/1.1.1/install/linux-x86_64/util-linux-uuid-2.41-ytoy2bg/lib:/opt/aurora/26.26.0/spack/unified/1.1.1/install/linux-x86_64/sqlite-3.50.4-s65ksrg/lib:/opt/aurora/26.26.0/spack/unified/1.1.1/install/linux-x86_64/gdbm-1.25-skzvkbq/lib:/opt/aurora/26.26.0/spack/unified/1.1.1/install/linux-x86_64/expat-2.7.3-6auksxt/lib:/opt/aurora/26.26.0/spack/unified/1.1.1/install/linux-x86_64/bzip2-1.0.8-lpab4po/lib:/opt/aurora/26.26.0/spack/unified/1.1.1/install/linux-x86_64/gcc-runtime-13.4.0-2tg3zy7/lib:/opt/cray/pals/1.8/lib:/opt/cray/libfabric/1.22.0/lib64:/opt/cray/libfabric/1.22.0/lib:/opt/aurora/26.26.0/spack/unified/1.1.1/install/linux-x86_64/mpich-5.0.0.aurora_test.3c70a61-hlkigtk/lib:/opt/aurora/26.26.0/support/libraries/khronos/default/lib64:/opt/aurora/26.26.0/oneapi/ishmem/latest/lib:/opt/aurora/26.26.0/oneapi/pti/latest/lib:/opt/aurora/26.26.0/oneapi/tcm/latest/lib:/opt/aurora/26.26.0/oneapi/umf/latest/lib:/opt/aurora/26.26.0/oneapi/ipp/latest/lib:/opt/aurora/26.26.0/oneapi/ippcp/latest/lib:/opt/aurora/26.26.0/oneapi/debugger/latest/opt/debugger/lib:/opt/aurora/26.26.0/oneapi/ccl/latest/lib:/opt/aurora/26.26.0/oneapi/dal/latest/lib:/opt/aurora/26.26.0/oneapi/dnnl/latest/lib:/opt/aurora/26.26.0/oneapi/tbb/latest/lib/intel64/gcc4.8:/opt/aurora/26.26.0/oneapi/mkl/latest/lib:/opt/aurora/26.26.0/oneapi/compiler/latest/opt/compiler/lib:/opt/aurora/26.26.0/oneapi/compiler/latest/lib:/opt/aurora/26.26.0/spack/unified/1.1.1/install/linux-x86_64/gcc-13.4.0-hgnyg4p/lib64:/opt/aurora/26.26.0/spack/unified/1.1.1/install/linux-x86_64/gcc-13.4.0-hgnyg4p/lib
+ EXE=/home/dmejiar/codes/exachem.master/build/methods_stage/home/dmejiar/install_jul2026/methods/ExaChem
+ INP=/lus/flare/projects/TransMetalChem/dmejiar/MAPOL/NITRO/qed_ccsd_scans/relaxed_dir_70_31/ortho_lam0.08.json
+ bind_script=/home/dmejiar/jobscripts/aurora_bind.sh
+ ulimit -c unlimited
+ mpiexec -n 36 --ppn 18 --pmi=pmix --cpu-bind=list:1-5:6-10:11-15:16-20:21-25:26-30:31-35:36-40:41-45:53-57:58-62:63-67:68-72:73-77:78-82:83-87:88-92:93-97 /home/dmejiar/jobscripts/aurora_bind.sh /home/dmejiar/codes/exachem.master/build/methods_stage/home/dmejiar/install_jul2026/methods/ExaChem /lus/flare/projects/TransMetalChem/dmejiar/MAPOL/NITRO/qed_ccsd_scans/relaxed_dir_70_31/ortho_lam0.08.json

ExaChem Git Information
{
 Branch: main
 Commit Hash: 794cab1 [794cab19fe2444da5b7170dc4e6f291fbc1ab75c]
 Commit Date: 2026-07-04 08:31:04 -0700
 Commit Message: fix ci result compare script, update cr2 reference outputs
}


TAMM Git Information
{
 Branch: main
 Commit Hash: e485b7a6 [e485b7a6e79f495b0ffb2c18c6a830b45c7ddbcb]
 Commit Date: 2026-07-06 06:28:40 -0500
 Commit Message: refactor: replace gsl::span with std::span (C++20) (#143)
}


date: Fri Jul 24 15:45:12 2026
program: "/home/dmejiar/codes/exachem.master/build/methods_stage/home/dmejiar/install_jul2026/methods/ExaChem"
nnodes: 2, nproc_per_node: 12, nproc_total: 24, ngpus_per_node: 12, ngpus_total: 24

Memory information
{
[Intel(R) Xeon(R) CPU Max 9470C] : 
  CPU memory per node (GiB): 1134
  Total CPU memory (GiB): 2268
[Intel(R) Data Center GPU Max 1550, SYCL v1.6.33578+42] : 
  GPU memory per device (GiB): 63
  GPU memory per node (GiB): 756
  Total GPU memory (GiB): 1512
}

------------------------------------------------------------

Input file provided: /lus/flare/projects/TransMetalChem/dmejiar/MAPOL/NITRO/qed_ccsd_scans/relaxed_dir_70_31/ortho_lam0.08.json

{
  "geometry": {
    "coordinates": [
      "C   -1.795461548300   1.946159936400   0.779642230700",
      "C   -0.379061384600   1.990580965400   0.747404108900",
      "C    0.279126660800   0.819737316900   0.712902352300",
      "C   -2.515972104200   0.748179608400   0.771210591200",
      "H   -2.338160645200   2.885917040700   0.816145094100",
      "H    0.149219973200   2.931370441100   0.756219089400",
      "H   -3.593725830600   0.771639573900   0.807021870000",
      "N    1.755810740500   0.798713843600   0.754132055000",
      "O    2.240335486900  -0.118106460700   1.369190503100",
      "O    2.307890487700   1.688084391200   0.169073197400",
      "C   -1.836792111000  -0.430845265400   0.693986643600",
      "H   -2.359213014300  -1.376641226500   0.656561434000",
      "C   -0.374558348700  -0.486060278100   0.621954237900",
      "H    0.061469665000  -1.214139582100   1.309183187500",
      "Br   0.045591115500  -1.170113605800  -1.174898658800"
    ],
    "units": "angstrom",
    "noorient": true
  },
  "common": {
    "maxiter": 100,
    "debug": false
  },
  "basis": {
    "basisset": "6-311G*"
  },
  "SCF": {
    "charge": 1,
    "multiplicity": 1,
    "lshift": 0,
    "tol_lindep": 1e-10,
    "conve": 1e-07,
    "convd": 1e-05,
    "diis_hist": 10,
    "writem": 10,
    "restart": false,
    "noscf": false,
    "scf_type": "restricted",
    "debug": false,
    "qed_omegas": [
      0.06615
    ],
    "qed_volumes": [],
    "qed_lambdas": [
      0.08
    ],
    "qed_polvecs": [
      [
        0.8054737872487506,
        0.48397747841675776,
        0.3420201433256688
      ]
    ],
    "direct_df": false
  },
  "CD": {
    "debug": false,
    "diagtol": 1e-06
  },
  "CC": {
    "threshold": 1e-06,
    "ndiis": 5,
    "ccsd_maxiter": 200,
    "tilesize": 40,
    "freeze": {
      "atomic": true
    },
    "readt": false,
    "writet": true,
    "writet_iter": 5,
    "debug": false,
    "profile_ccsd": false,
    "balance_tiles": true
  },
  "TASK": {
    "scf": false,
    "ccsd": true
  }
}

Output folder & files prefix: ortho_lam0.08.6-311g*

  C (carbon)
  ----------
          Exponent        Coefficients
      ----------------  --------------------
  1 S  4.56324000E+03      0.778202
  1 S  6.82024000E+02      1.448695
  1 S  1.54973000E+02      2.383089
  1 S  4.44553000E+01      3.200089
  1 S  1.30290000E+01      3.013004
  1 S  1.82773000E+00      0.247599

  2 S  2.09642000E+01      0.800629
  2 S  4.80331000E+00      2.127420
  2 S  1.45933000E+00     -0.002868

  3 P  2.09642000E+01      2.573592
  3 P  4.80331000E+00      2.408248
  3 P  1.45933000E+00      1.865281

  4 S  4.83456000E-01      0.413217

  5 P  4.83456000E-01      0.574627

  6 S  1.45585000E-01      0.167976

  7 P  1.45585000E-01      0.128185

  8 D  6.26000000E-01      0.725128


  H (hydrogen)
  ------------
          Exponent        Coefficients
      ----------------  --------------------
  1 S  3.38650000E+01      0.255069
  1 S  5.09479000E+00      0.460109
  1 S  1.15879000E+00      0.678321

  2 S  3.25840000E-01      0.307371

  3 S  1.02741000E-01      0.129336


  N (nitrogen)
  ------------
          Exponent        Coefficients
      ----------------  --------------------
  1 S  6.29348000E+03      0.991968
  1 S  9.49044000E+02      1.823240
  1 S  2.18776000E+02      2.979891
  1 S  6.36916000E+01      4.000007
  1 S  1.88282000E+01      3.881008
  1 S  2.72023000E+00      0.386764

  2 S  3.06331000E+01      1.038501
  2 S  7.02614000E+00      2.834794
  2 S  2.11205000E+00     -0.003208

  3 P  3.06331000E+01      3.935616
  3 P  7.02614000E+00      3.870994
  3 P  2.11205000E+00      2.967271

  4 S  6.84009000E-01      0.536051

  5 P  6.84009000E-01      0.886681

  6 S  2.00878000E-01      0.213850

  7 P  2.00878000E-01      0.191693

  8 D  9.13000000E-01      1.403568


  O (oxygen)
  ----------
          Exponent        Coefficients
      ----------------  --------------------
  1 S  8.58850000E+03      1.205013
  1 S  1.29723000E+03      2.216205
  1 S  2.99296000E+02      3.627452
  1 S  8.73771000E+01      4.888452
  1 S  2.56789000E+01      4.835721
  1 S  3.74004000E+00      0.538229

  2 S  4.21175000E+01      1.341958
  2 S  9.62837000E+00      3.587114
  2 S  2.85332000E+00     -0.005123

  3 P  4.21175000E+01      5.584018
  3 P  9.62837000E+00      5.733366
  3 P  2.85332000E+00      4.332955

  4 S  9.05661000E-01      0.661659

  5 P  9.05661000E-01      1.259352

  6 S  2.55611000E-01      0.256209

  7 P  2.55611000E-01      0.259068

  8 D  1.29200000E+00      2.577026


  Br (bromine)
  ------------
          Exponent        Coefficients
      ----------------  --------------------
  1 S  4.39700000E+05      9.893706
  1 S  6.60300000E+04     18.450679
  1 S  1.51400000E+04     31.049770
  1 S  4.31700000E+03     48.888138
  1 S  1.41400000E+03     64.847798
  1 S  5.23900000E+02     42.245010

  2 S  5.23900000E+02     14.290679
  2 S  2.07700000E+02     24.083128
  2 S  8.65400000E+01      5.132542

  3 S  3.05200000E+01      9.254405

  4 S  1.29800000E+01      4.873782

  5 S  4.41200000E+00      2.169635

  6 S  1.86200000E+00      1.136043

  7 S  3.93200000E-01      0.353892

  8 S  1.40000000E-01      0.163120

  9 P  2.95700000E+03    691.874478
  9 P  7.00300000E+02    925.332763
  9 P  2.24600000E+02   1068.830732

  10 P  8.25900000E+01    122.079275
  10 P  3.31900000E+01     57.580687
  10 P  1.42000000E+01     10.176170

  11 P  1.42000000E+01      3.129736
  11 P  7.43800000E+00      6.538168
  11 P  3.52600000E+00      4.166276

  12 P  1.59500000E+00      2.555000

  13 P  8.46200000E-01      1.156861

  14 P  3.18600000E-01      0.341191

  15 P  1.09600000E-01      0.089888

  16 D  1.34800000E+02    160.709187
  16 D  3.63900000E+01    119.797406
  16 D  1.21600000E+01     55.531619
  16 D  4.34100000E+00     12.984636

  17 D  1.53500000E+00      3.484168

  18 D  4.51000000E-01      0.408525



Printing Internal Coordinates

------------------------------------------------------------
                Bond Lengths

i      j        Length (Angstroms)     Length (Bohr)
0      1          1.4174632087         2.6786172580
0      3          1.3979854863         2.6418096972
0      4          1.0858168280         2.0518964278
1      2          1.3436058661         2.5390471082
1      5          1.0790012671         2.0390168844
2      7          1.4774091329         2.7918986371
2      12         1.4631073133         2.7648721150
3      6          1.0786036865         2.0382655658
3      10         1.3628457926         2.5754052998
7      8          1.2056618908         2.2783707740
7      9          1.1991938480         2.2661479446
10     11         1.0811356282         2.0430502422
10     12         1.4650477606         2.7685390288
12     13         1.0920181000         2.0636151336
12     14         1.9680281654         3.7190342407

Number of Bonds: 15

------------------------------------------------------------
           Bond Angles

i      j      k      Angle (degrees)
0      1      2        117.5663 
0      1      5        121.0893 
0      3      6        119.7454 
0      3      10       119.0022 
1      0      3        122.8010 
1      0      4        118.2340 
1      2      7        120.0867 
1      2      12       124.0876 
2      1      5        121.3434 
2      7      8        115.2605 
2      7      9        115.8477 
2      12     10       114.1564 
2      12     13       112.1809 
2      12     14       105.7586 
3      0      4        118.9645 
3      10     11       121.1962 
3      10     12       122.1940 
6      3      10       121.2424 
7      2      12       115.8231 
8      7      9        128.8908 
10     12     13       113.1229 
10     12     14       105.7278 
11     10     12       116.5907 
13     12     14       104.9275 

Number of Angles: 24

------------------------------------------------------------
              Torsional Angles

i      j      k      l      Angle (degrees)
3      0      1      2         -0.2717 
3      10     12     2          3.1143 
4      0      1      2        179.4926 
5      1      0      3       -179.9186 
5      1      0      4         -0.1543 
6      3      0      1        179.3841 
6      3      0      4         -0.3785 
10     3      0      1         -1.7495 
10     3      0      4        178.4879 
10     12     2      1         -5.3341 
11     10     3      0       -178.2396 
11     10     3      6          0.6092 
11     10     12     2       -178.4548 
12     2      1      0          4.0099 
12     2      1      5       -176.3441 
12     10     3      0          0.1200 
12     10     3      6        178.9688 
13     12     2      1       -135.6985 
13     12     10     3        133.0123 
13     12     10     11       -48.5568 
14     12     2      1        110.4670 
14     12     10     3       -112.7047 
14     12     10     11        65.7262 

Number of Torsional Angles: 23


----------------------------------------------------------------------
                          Center of Mass

         x               y               z              Unit
   0.06584144319  0.009200248295  -0.01194836024      Angstrom
    0.1244222954   0.01738594957   -0.0225791285          Bohr

----------------------------------------------------------------------
                Moment of Inertia Tensor

           1744.26          -29.3901          -15.4526
          -29.3901           2078.29          -592.105
          -15.4526          -592.105           2462.59

----------------------------------------------------------------------
                      Principal Moments of Inertia

           x                 y                 z                Unit
       458.6287862       491.2784235       810.1124004       amu * ang^2
       1637.793129         1754.3871       2892.963902      amu * bohr^2
  7.6157153640e-38  8.1578757162e-38  1.3452242075e-37          g * cm^2

 - Molecule is an asymmetric top.

----------------------------------------------------------------------

         Rotational constants (MHz)

    A = 1.1019e+03        B = 1.0287e+03        C = 6.2384e+02

----------------------------------------------------------------------

        Rotational constants (cm-1)

    A = 3.6757e-02        B = 3.4314e-02        C = 2.0809e-02

----------------------------------------------------------------------

                                Z-Matrix
C   
C        1       2.6786173
C        2       2.5390471     1        117.5663
C        3      5.28485062     2     62.10593797     1          0.1292
H        4      4.05457788     3     83.80660654     2         -0.3044
H        5      4.70261658     4     95.76964502     3          0.1763
H        6      8.16673555     5     28.94233799     4         -0.2423
N        7     10.10978255     6     29.69396924     5       -178.3289
O        8      2.27837077     7    113.13868068     6        146.3782
O        9      4.09995262     8     25.48092349     7       -179.0736
C       10      8.85227088     9     62.21845310     8         -9.6805
H       11      2.04305024    10    145.02187678     9        -47.5577
C       12      4.11126682    11     37.02581547    10         10.0382
H       13      2.06361513    12     94.66371255    11        136.2366
Br      14      4.69506745    13     49.94109990    12         95.2389

----------------------------------------------------------------------

             Converted back to Cartesian

C        0.000000      0.000000      0.000000
C        0.000000      0.000000      2.678617
C        0.000000      0.090911      0.141198
C       -0.000004     -0.198192      5.418135
H        0.000013      0.126881      1.376610
H       -0.000032     -0.386716      6.051096
H        0.000064      0.576749     -2.058608
N        0.004886     -0.706570      7.969391
O       -0.003932     -0.340037      5.720714
O        0.016790     -1.030636      9.762032
C       -0.053036      0.623665      1.065992
H       -0.022161      0.154818      3.054279
C       -0.091997      1.142703     -0.935924
H       -0.049519      0.589778      1.051782
Br      -0.157097      1.915566     -3.450925

----------------------------------------------------------------------
                            Geometry in angstrom

1     C      -1.7954615483    1.9461599364    0.7796422307
2     C      -0.3790613846    1.9905809654    0.7474041089
3     C       0.2791266608    0.8197373169    0.7129023523
4     C      -2.5159721042    0.7481796084    0.7712105912
5     H      -2.3381606452    2.8859170407    0.8161450941
6     H       0.1492199732    2.9313704411    0.7562190894
7     H      -3.5937258306    0.7716395739    0.8070218700
8     N       1.7558107405    0.7987138436    0.7541320550
9     O       2.2403354869   -0.1181064607    1.3691905031
10    O       2.3078904877    1.6880843912    0.1690731974
11    C      -1.8367921110   -0.4308452654    0.6939866436
12    H      -2.3592130143   -1.3766412265    0.6565614340
13    C      -0.3745583487   -0.4860602781    0.6219542379
14    H       0.0614696650   -1.2141395821    1.3091831875
15    Br      0.0455911155   -1.1701136058   -1.1748986588

 Number of nodes, processes per node used for SCF calculation: 2, 12

Common Options
{
  maxiter       = 100
  basis         = 6-311g* spherical
  geom_units    = angstrom
  ang2au factor = 1.889726126
  debug         = false
  file_prefix   = ortho_lam0.08
}

SCF Options
{
  charge            = 1
  multiplicity      = 1
  level shift       = 0
  tol_int           = 1e-22
  tol_sch           = 1e-12
  tol_lindep        = 1e-10
  conve             = 1e-07
  convd             = 1e-05
  diis_hist         = 10
  AO_tilesize       = 30
  writem            = 10
  damp              = 100
  n_lindep          = 0
  scf_type          = restricted
  cuscf             = false
  qed_omegas        = [0.06615,]
  qed_lambdas       = [0.08,]
  qed_polvecs       = [[0.8054737872,0.4839774784,0.3420201433,],]
  direct_df         = false
  restart_size      = 2000
  restart           = false
  debug             = false
}

Number of basis functions = 221

Total number of shells = 105

Total number of electrons = 98
  # of alpha electrons    = 49
  # of beta electons      = 49

Nuclear repulsion energy  = 781.633047987077

Maximum angular momentum = 2
# of {all,non-negligible} shell-pairs = {5565,4999}
Number of AO tiles = 105

Time for initial setup: 0.02 secs
HF exch = 1.00

Time for computing 1-e integrals T, V, S: 0.03 secs
Time for computing orthogonalizer: 0.13 secs

Superposition of Atomic Density Guess ...
Time taken for SAD: 0.46 secs
Total Time to compute initial guess: 0.47 secs


 SCF iterations
-----------------------------------------------------------------------------
 Iter     Energy            E-Diff       RMSD        |[F,P]|^2       Time(s)
-----------------------------------------------------------------------------
   1  -3011.7536031374    -3.01e+03     1.66e-02     1.55e+02         0.2 
   2  -3005.8543860561     5.90e+00     6.93e-03     2.61e+00         0.4 
   3  -3006.0628121727    -2.08e-01     2.81e-03     1.28e+00         0.4 
   4  -3006.1732113742    -1.10e-01     1.08e-03     2.91e-02         0.4 
   5  -3006.1793152064    -6.10e-03     2.72e-04     4.33e-03         0.4 
   6  -3006.1800310920    -7.16e-04     1.52e-04     3.93e-04         0.4 
   7  -3006.1802013861    -1.70e-04     7.14e-05     8.55e-05         0.4 
   8  -3006.1802399396    -3.86e-05     2.73e-05     1.70e-05         0.4 
   9  -3006.1802469354    -7.00e-06     1.46e-05     3.10e-06         0.4 
  10  -3006.1802489433    -2.01e-06     7.71e-06     8.09e-07         0.4 
  11  -3006.1802494463    -5.03e-07     4.88e-06     2.29e-07         0.4 
  12  -3006.1802495971    -1.51e-07     1.98e-06     3.58e-08         0.4 
  13  -3006.1802496279    -3.08e-08     1.24e-06     9.27e-09         0.4 

** Total SCF energy = -3006.1802496279174

Nuclear repulsion energy = 781.633047987077020
#electrons        = 98
1e energy kinetic = 3006.0821645899141004
1e energy N-e     = -8716.1539281457025936
1e energy         = -5707.5575910847619525
2e energy         = 1922.1347358366720073
QED energy        = 0.1237301041211780
QED eT energy     = 0.1111462984898633


                      Electron        Nuclear        Total  
                  ------------------------------------------
    Monopole         -98.000000     99.000000      1.000000

      Dipole   X      -8.183915      4.640126     -3.543789
      Dipole   Y     -15.161467     16.481254      1.319787
      Dipole   Z     -11.507350     12.795926      1.288577

  Quadrupole  XX    -784.314911    743.236120    -41.078791
  Quadrupole  XY     -11.297348      5.414122     -5.883227
  Quadrupole  XZ      -3.212743     -2.506332     -5.719075
  Quadrupole  YY    -581.400432    544.953925    -36.446508
  Quadrupole  YZ    -271.991276    276.454504      4.463228
  Quadrupole  ZZ    -369.659416    322.761199    -46.898217

    Octupole XXX       8.604982    -95.230337    -86.625355
    Octupole XXY   -1098.394554   1089.915732     -8.478822
    Octupole XXZ   -1067.244375   1058.483022     -8.761353
    Octupole XYY     106.916065   -145.349941    -38.433877
    Octupole XYZ     112.207671   -114.032682     -1.825011
    Octupole XZZ    -108.379199    111.160852      2.781653
    Octupole YYY    -879.365243    860.077048    -19.288195
    Octupole YYZ     -72.550220     71.725555     -0.824665
    Octupole YZZ     219.963787   -247.968185    -28.004398
    Octupole ZZZ      26.964942   -104.168732    -77.203790


writing orbitals and density to disk ... done.

Total Time taken for Hartree-Fock: 8.06 secs

CD Options
{
  debug             = false
  skip_cd           = [false, 100]
  write_cv          = [false, 5000]
  diagtol           = 1e-06
  itilesize         = 1000
  max_cvecs_factor  = 12
}

- #occupied, #virtual = 98, 344

- Tilesize for the MSO space: 40

-----------------------------------------------------
Begin 2-index transformation ... 

nAO, nMO, nelectrons = 221, 442, 98
n_occ_alpha, n_vir_alpha, n_occ_beta, n_vir_beta = 49,172,49,172

Time taken for Fao->Fmo transform: 0.01 secs

-----------------------------------------------------
Number of AO tiles = 105
# of {all,non-negligible} shell-pairs = {5565,4999}

    Begin Cholesky Decomposition
---------------------------------------------
Total # of mpi ranks used for Cholesky decomposition: 24
  --> Number of nodes, mpi ranks per node: 2, 12
- CPU memory required for computing cholesky vectors: 1.93 GiB

- Time for computing the diagonal: 0.00 secs

- Total number of cholesky vectors = 1640

- Time to compute cholesky vectors: 5.76 secs

- CPU memory required for resizing the ao cholesky tensor: 1.56 GiB
- CPU memory required for ao2mo transformation: 1.69 GiB
- CPU memory required for the 2-step contraction: 2.10 GiB

- Time for ao to mo transform: 0.87 secs

   End Cholesky Decomposition
---------------------------------------------

Total Time taken for Cholesky Decomposition: 9.26 secs

scf_type = restricted
Closed-Shell SCF
QED-HF Enabled
nbf = 203
nbf_orig = 221
n_lindep = 0
focc = 1
nmo = 406
nocc = 62
nvir = 344
n_occ_alpha = 31
n_vir_alpha = 172
n_occ_beta = 31
n_vir_beta = 172
nelectrons = 98
nelectrons_alpha = 49
nelectrons_beta = 49
freeze atomic = true
n_frozen_core = 18
n_frozen_virtual = 0
----------------------------
--------- QED-CCSD --------
lambda_x: 0.0644
lambda_y: 0.0387
lambda_z: 0.0274
omega: 0.066150
coupling_factor_x: 0.011719
coupling_factor_y: 0.007041
coupling_factor_z: 0.004976
----------------------------
# of {all,non-negligible} shell-pairs = {5565,4999}
Number of AO tiles = 105
----------------------------
Electronic dipole expectation value using SCF density: 
dipole_x_elec: -8.18408122
dipole_y_elec: -15.16155238
dipole_z_elec: -11.50741473

d_n/N value: d_n is nuclear dipole moment and N is the total number of electrons 
d_nuc_x: 0.04734823
d_nuc_y: 0.16817606
d_nuc_z: 0.13057068

<d_e+d_n> expectation values: 
dipole_total_x: -3.54395480
dipole_total_y: 1.31970176
dipole_total_z: 1.28851159
----------------------------


 CCSD iterations
------------------------------------------------------------
  Iter     Residuum          Correlation          Time(s)
------------------------------------------------------------
   1     1.1807899175321    0.0000000000000         40.30
   2     0.1627916825378   -1.6193119023104         38.97
   3     0.0621762949090   -1.6146497558855         38.97
   4     0.0197520312387   -1.6724807909989         38.91
   5     0.0154278733245   -1.6704709693472         39.22
 MICROCYCLE DIIS UPDATE:                    6
   6     0.0074649458637   -1.6785572811911         38.91
   7     0.0047699041436   -1.6786420612589         38.97
   8     0.0033913931136   -1.6797455674750         38.86
   9     0.0025302827466   -1.6799987803451         39.08
  10     0.0026745487642   -1.6802645062039         38.68
 MICROCYCLE DIIS UPDATE:                   11
  11     0.0006629437130   -1.6807605863116         38.91
  12     0.0005491825361   -1.6807501254585         38.96
  13     0.0004269064612   -1.6807974939818         39.07
  14     0.0004495449546   -1.6807731464979         38.93
  15     0.0004746852093   -1.6807947781437         38.89
 MICROCYCLE DIIS UPDATE:                   16
  16     0.0001195233676   -1.6807908388710         39.12
  17     0.0000777980383   -1.6807975842010         39.00
  18     0.0000651903493   -1.6808131228654         38.78
  19     0.0000499144459   -1.6808152722882         38.74
  20     0.0000536888034   -1.6808176865040         39.05
 MICROCYCLE DIIS UPDATE:                   21
  21     0.0000233609965   -1.6808262702512         38.92
  22     0.0000195354645   -1.6808236530138         38.91
  23     0.0000145576365   -1.6808230724201         38.98
  24     0.0000155032609   -1.6808220762671         38.81
  25     0.0000156855212   -1.6808222183843         39.20
 MICROCYCLE DIIS UPDATE:                   26
  26     0.0000050328012   -1.6808206627739         39.07
  27     0.0000032575445   -1.6808214533434         38.98
  28     0.0000025965037   -1.6808219140234         39.04
  29     0.0000021527006   -1.6808221375335         39.12
  30     0.0000022352672   -1.6808222273478         39.10
 MICROCYCLE DIIS UPDATE:                   31
  31     0.0000009986585   -1.6808226713734         39.01
------------------------------------------------------------------
 Iterations converged
 CCSD correlation energy / hartree =        -1.680822671373416
 CCSD total energy / hartree       =     -3007.861072299290754

Time taken for spin-orbital canonical QED-CCSD: 1301.17 secs
