
ExaChem Git Information
{
 WARNING: Failed to retrieve the current git state.
}


TAMM Git Information
{
 Branch: main
 Commit Hash: e71357ad [e71357ad54f38748b4a7e175aa6760820d5ce96f]
 Commit Date: 2026-02-02 23:14:56 -0800
 Commit Message: add GitHub Actions workflow for releases
}


date: Mon Aug 10 08:32:58 2026
program: "/global/cfs/cdirs/m3196/heindelj/cavity_qed/software/install_gpu/bin/bin/ExaChem"
nnodes: 1, nproc_per_node: 4, nproc_total: 4, ngpus_per_node: 1, ngpus_total: 1

Memory information
{
[AMD EPYC 7763 64-Core Processor                ] : 
  CPU memory per node (GiB): 251
  Total CPU memory (GiB): 251
[NVIDIA A100-SXM4-80GB, CUDA v12.9] : 
  GPU memory per device (GiB): 79
  GPU memory per node (GiB): 79
  Total GPU memory (GiB): 79
}

------------------------------------------------------------

Input file provided: /global/cfs/cdirs/m4262/heindelj/cavity_qed/mlip/lambda_scans/grid_scans_optimized_geoms/runs_grid_no_freq/para_th90_ph126/para_th90_ph126_qed_ccsd_input.json

{
  "geometry": {
    "coordinates": [
      "C    -0.474665808700    1.219129596100    0.920162923900",
      "C     0.871653932800    1.232211920100    0.939970849800",
      "C     1.518168954700    0.001180278000    0.734438709300",
      "H    -1.030920054400    2.131134423400    1.050693194600",
      "H     1.453875134600    2.129352933600    1.088721761500",
      "N     2.979986543000    0.029986257500    0.656319448200",
      "O     3.547360097600    0.202963139500    1.698517628800",
      "O     3.415905315800   -0.091619734300   -0.454988877800",
      "C    -0.472371712400   -1.248133906100    0.591361654000",
      "H    -1.021322344000   -2.173277966200    0.472889493200",
      "C     0.883532208400   -1.229618752800    0.584948826000",
      "H     1.464297821200   -2.124219981900    0.454895956300",
      "C    -1.249783638200   -0.007143323000    0.678132335000",
      "H    -2.093681279200   -0.103630888700    1.360450987700",
      "Br   -2.026115906500    0.179206483400   -1.111075254700"
    ],
    "units": "angstrom",
    "noorient": true
  },
  "common": {
    "maxiter": 100,
    "debug": false
  },
  "basis": {
    "basisset": "6-311G*"
  },
  "SCF": {
    "charge": 1,
    "multiplicity": 1,
    "lshift": 0,
    "tol_lindep": 1e-10,
    "conve": 1e-07,
    "convd": 1e-05,
    "diis_hist": 10,
    "writem": 10,
    "restart": false,
    "noscf": false,
    "scf_type": "restricted",
    "debug": false,
    "qed_omegas": [
      0.06615
    ],
    "qed_volumes": [],
    "qed_lambdas": [
      0.1
    ],
    "qed_polvecs": [
      [
        -0.5877852522924731,
        0.8090169943749476,
        6.123233995736767e-17
      ]
    ],
    "direct_df": false
  },
  "CD": {
    "debug": false,
    "diagtol": 1e-06
  },
  "CC": {
    "threshold": 1e-06,
    "ndiis": 5,
    "ccsd_maxiter": 200,
    "tilesize": 40,
    "freeze": {
      "atomic": true
    },
    "readt": false,
    "writet": true,
    "writet_iter": 5,
    "debug": false,
    "profile_ccsd": false,
    "balance_tiles": true
  },
  "TASK": {
    "scf": false,
    "ccsd": true
  }
}

Output folder & files prefix: para_th90_ph126_qed_ccsd_input.6-311g*

  C (carbon)
  ----------
          Exponent        Coefficients
      ----------------  --------------------
  1 S  4.56324000E+03      0.778202
  1 S  6.82024000E+02      1.448695
  1 S  1.54973000E+02      2.383089
  1 S  4.44553000E+01      3.200089
  1 S  1.30290000E+01      3.013004
  1 S  1.82773000E+00      0.247599

  2 S  2.09642000E+01      0.800629
  2 S  4.80331000E+00      2.127420
  2 S  1.45933000E+00     -0.002868

  3 P  2.09642000E+01      2.573592
  3 P  4.80331000E+00      2.408248
  3 P  1.45933000E+00      1.865281

  4 S  4.83456000E-01      0.413217

  5 P  4.83456000E-01      0.574627

  6 S  1.45585000E-01      0.167976

  7 P  1.45585000E-01      0.128185

  8 D  6.26000000E-01      0.725128


  H (hydrogen)
  ------------
          Exponent        Coefficients
      ----------------  --------------------
  1 S  3.38650000E+01      0.255069
  1 S  5.09479000E+00      0.460109
  1 S  1.15879000E+00      0.678321

  2 S  3.25840000E-01      0.307371

  3 S  1.02741000E-01      0.129336


  N (nitrogen)
  ------------
          Exponent        Coefficients
      ----------------  --------------------
  1 S  6.29348000E+03      0.991968
  1 S  9.49044000E+02      1.823240
  1 S  2.18776000E+02      2.979891
  1 S  6.36916000E+01      4.000007
  1 S  1.88282000E+01      3.881008
  1 S  2.72023000E+00      0.386764

  2 S  3.06331000E+01      1.038501
  2 S  7.02614000E+00      2.834794
  2 S  2.11205000E+00     -0.003208

  3 P  3.06331000E+01      3.935616
  3 P  7.02614000E+00      3.870994
  3 P  2.11205000E+00      2.967271

  4 S  6.84009000E-01      0.536051

  5 P  6.84009000E-01      0.886681

  6 S  2.00878000E-01      0.213850

  7 P  2.00878000E-01      0.191693

  8 D  9.13000000E-01      1.403568


  O (oxygen)
  ----------
          Exponent        Coefficients
      ----------------  --------------------
  1 S  8.58850000E+03      1.205013
  1 S  1.29723000E+03      2.216205
  1 S  2.99296000E+02      3.627452
  1 S  8.73771000E+01      4.888452
  1 S  2.56789000E+01      4.835721
  1 S  3.74004000E+00      0.538229

  2 S  4.21175000E+01      1.341958
  2 S  9.62837000E+00      3.587114
  2 S  2.85332000E+00     -0.005123

  3 P  4.21175000E+01      5.584018
  3 P  9.62837000E+00      5.733366
  3 P  2.85332000E+00      4.332955

  4 S  9.05661000E-01      0.661659

  5 P  9.05661000E-01      1.259352

  6 S  2.55611000E-01      0.256209

  7 P  2.55611000E-01      0.259068

  8 D  1.29200000E+00      2.577026


  Br (bromine)
  ------------
          Exponent        Coefficients
      ----------------  --------------------
  1 S  4.39700000E+05      9.893706
  1 S  6.60300000E+04     18.450679
  1 S  1.51400000E+04     31.049770
  1 S  4.31700000E+03     48.888138
  1 S  1.41400000E+03     64.847798
  1 S  5.23900000E+02     42.245010

  2 S  5.23900000E+02     14.290679
  2 S  2.07700000E+02     24.083128
  2 S  8.65400000E+01      5.132542

  3 S  3.05200000E+01      9.254405

  4 S  1.29800000E+01      4.873782

  5 S  4.41200000E+00      2.169635

  6 S  1.86200000E+00      1.136043

  7 S  3.93200000E-01      0.353892

  8 S  1.40000000E-01      0.163120

  9 P  2.95700000E+03    691.874478
  9 P  7.00300000E+02    925.332763
  9 P  2.24600000E+02   1068.830732

  10 P  8.25900000E+01    122.079275
  10 P  3.31900000E+01     57.580687
  10 P  1.42000000E+01     10.176170

  11 P  1.42000000E+01      3.129736
  11 P  7.43800000E+00      6.538168
  11 P  3.52600000E+00      4.166276

  12 P  1.59500000E+00      2.555000

  13 P  8.46200000E-01      1.156861

  14 P  3.18600000E-01      0.341191

  15 P  1.09600000E-01      0.089888

  16 D  1.34800000E+02    160.709187
  16 D  3.63900000E+01    119.797406
  16 D  1.21600000E+01     55.531619
  16 D  4.34100000E+00     12.984636

  17 D  1.53500000E+00      3.484168

  18 D  4.51000000E-01      0.408525



Printing Internal Coordinates

------------------------------------------------------------
                Bond Lengths

i      j        Length (Angstroms)     Length (Bohr)
0      1          1.3465289999         2.5445710303
0      3          1.0762015343         2.0337261561
0      12         1.4707588952         2.7793315091
1      2          1.4055831666         2.6561672320
1      4          1.0798010741         2.0405283005
2      5          1.4641868272         2.7669121005
2      10         1.3928306714         2.6320685087
5      6          1.1991708802         2.2661045417
5      7          1.1999247431         2.2675291362
8      9          1.0822541202         2.0451638859
8      10         1.3560454925         2.5625545951
8      12         1.4669546962         2.7721426150
10     11         1.0744830408         2.0304786741
12     13         1.0895099002         2.0588753229
12     14         1.9592554301         3.7024561735

Number of Bonds: 15

------------------------------------------------------------
           Bond Angles

i      j      k      Angle (degrees)
0      1      2        116.6943 
0      1      4        123.3127 
0      12     8        115.8349 
0      12     13       112.2712 
0      12     14       106.2484 
1      0      3        120.4489 
1      0      12       122.5108 
1      2      5        116.7301 
1      2      10       125.4537 
2      1      4        119.9866 
2      5      6        115.3940 
2      5      7        114.2124 
2      10     8        117.8498 
2      10     11       120.1617 
3      0      12       117.0083 
5      2      10       117.8117 
6      5      7        130.3645 
8      10     11       121.9821 
8      12     13       111.8764 
8      12     14       103.6760 
9      8      10       121.2203 
9      8      12       117.4404 
10     8      12       121.2400 
13     12     14       105.8677 

Number of Angles: 24

------------------------------------------------------------
              Torsional Angles

i      j      k      l      Angle (degrees)
3      0      1      2       -178.7387 
4      1      0      3          0.3384 
8      10     2      1          2.3728 
9      8      10     2        179.5965 
10     2      1      0         -3.6186 
10     2      1      4        177.2719 
11     10     2      1       -178.5264 
11     10     8      9          0.5131 

Number of Torsional Angles: 8


----------------------------------------------------------------------
                          Center of Mass

         x               y               z              Unit
   0.01412536219   0.07879904954 -0.009175463149      Angstrom
   0.02669306597    0.1489086226  -0.01733911243          Bohr

----------------------------------------------------------------------
                Moment of Inertia Tensor

           1047.25           75.5049          -1025.97
           75.5049           4003.81          -10.5582
          -1025.97          -10.5582           3624.14

----------------------------------------------------------------------
                      Principal Moments of Inertia

           x                 y                 z                Unit
       192.4586967       1108.162889       1128.681565       amu * ang^2
       687.2824833       3957.321522       4030.595043      amu * bohr^2
  3.1958540278e-38  1.8401490262e-37  1.8742211120e-37          g * cm^2

 - Molecule is an asymmetric top.

----------------------------------------------------------------------

         Rotational constants (MHz)

    A = 2.6259e+03        B = 4.5605e+02        C = 4.4776e+02

----------------------------------------------------------------------

        Rotational constants (cm-1)

    A = 8.7591e-02        B = 1.5212e-02        C = 1.4936e-02

----------------------------------------------------------------------

                                Z-Matrix
C   
C        1        2.544571
C        2       2.6561672     1       116.69433
H        3      6.30573501     2     22.44036911     1          0.9187
H        4      4.69613348     3     40.28495990     2          1.0529
N        5      4.97228860     4    125.30930638     3          2.7769
O        6      2.26610454     5     90.94582740     4       -125.7526
O        7      4.11494089     6     24.82608743     5       -126.6217
C        8      7.91681871     7     81.16263515     6        -14.6917
H        9      2.04516389     8    132.79771201     7       -119.6702
C       10      4.02272977     9     33.00868794     8         22.2392
H       11      2.03047867    10     96.21198533     9       -179.5622
C       12      6.51834621    11     19.24251100    10          4.8933
H       13      2.05887532    12    126.55773424    11       -122.3442
Br      14      4.70272462    13     49.22678725    12       -127.8323

----------------------------------------------------------------------

             Converted back to Cartesian

C        0.000000      0.000000      0.000000
C        0.000000      0.000000      2.544571
C        0.000000      0.094399     -0.109918
H       -0.000012     -0.172776      6.190154
H       -0.000005      0.083761      1.501033
N       -0.000165     -0.377133      6.451915
O        0.002362     -0.104710      4.202246
O       -0.002243     -0.630273      8.283484
C        0.007591      0.574667      0.458904
H        0.007657      0.181942      2.466007
C        0.005979      0.994038     -1.473898
H        0.012350      0.526284      0.501959
C       -0.011706      2.064879     -5.832154
H        0.006305      1.502827     -3.851563
Br      -0.041343      2.854010     -8.355745

----------------------------------------------------------------------
                       Geometry in bohr 

1     C      -0.8969883798    2.3038210486    1.7388559174
2     C       1.6471872096    2.3285430581    1.7762874725
3     C       2.8689235372    0.0022304022    1.3878880168
4     H      -1.9481565605    4.0272603977    1.9855223801
5     H       2.7474258257    4.0238938699    2.0573859566
6     N       5.6313584252    0.0566658142    1.2402640082
7     O       6.7035390544    0.3835447473    3.2097331385
8     O       6.4551255189   -0.1731362056   -0.8598043694
9     C      -0.8926531661   -2.3586312510    1.1175115674
10    H      -1.9300195164   -4.1069001516    0.8936316300
11    C       1.6696338973   -2.3236426821    1.1053930788
12    H       2.7671218488   -4.0141939970    0.8596287732
13    C      -2.3617487928   -0.0134989241    1.2814843903
14    H      -3.9564842126   -0.1958339978    2.5708797745
15    Br     -3.8288041626    0.3386511736   -2.0996279367

 Number of nodes, processes per node used for SCF calculation: 1, 4

Common Options
{
  maxiter       = 100
  basis         = 6-311g* spherical
  geom_units    = angstrom
  ang2au factor = 1.889726126
  debug         = false
  file_prefix   = para_th90_ph126_qed_ccsd_input
}

SCF Options
{
  charge            = 1
  multiplicity      = 1
  level shift       = 0
  tol_int           = 1e-22
  tol_sch           = 1e-12
  tol_lindep        = 1e-10
  conve             = 1e-07
  convd             = 1e-05
  diis_hist         = 10
  AO_tilesize       = 30
  writem            = 10
  damp              = 100
  n_lindep          = 0
  scf_type          = restricted
  cuscf             = false
  qed_omegas        = [0.06615,]
  qed_lambdas       = [0.1,]
  qed_polvecs       = [[-0.5877852523,0.8090169944,6.123233996e-17,],]
  direct_df         = false
  restart_size      = 2000
  restart           = false
  debug             = false
}

Number of basis functions = 221

Total number of shells = 105

Total number of electrons = 98
  # of alpha electrons    = 49
  # of beta electons      = 49

Nuclear repulsion energy  = 743.179860672914

# of {all,non-negligible} shell-pairs = {5565,4904}
Number of AO tiles = 105

Time for initial setup: 0.02 secs
HF exch = 1.00

Time for computing 1-e integrals T, V, S: 0.01 secs
Time for computing orthogonalizer: 0.01 secs

Superposition of Atomic Density Guess ...
Time taken for SAD: 0.43 secs
Total Time to compute initial guess: 0.43 secs


 SCF iterations
-----------------------------------------------------------------------------
 Iter     Energy            E-Diff       RMSD        |[F,P]|^2       Time(s)
-----------------------------------------------------------------------------
   1  -3011.7968137656    -3.01e+03     1.66e-02     1.51e+03         0.6 
   2  -3005.7642011637     6.03e+00     6.54e-03     8.74e+00         2.1 
   3  -3006.0009385154    -2.37e-01     2.44e-03     3.34e+00         2.1 
   4  -3006.0955117503    -9.46e-02     1.14e-03     1.16e-01         2.1 
   5  -3006.1021627977    -6.65e-03     2.50e-04     1.20e-02         2.1 
   6  -3006.1027900851    -6.27e-04     1.57e-04     1.49e-03         2.1 
   7  -3006.1029365763    -1.46e-04     6.24e-05     2.00e-04         2.1 
   8  -3006.1029586534    -2.21e-05     1.56e-05     1.89e-05         2.1 
   9  -3006.1029609173    -2.26e-06     7.22e-06     4.32e-06         2.1 
  10  -3006.1029614379    -5.21e-07     4.42e-06     9.58e-07         2.1 
  11  -3006.1029616031    -1.65e-07     2.47e-06     2.45e-07         2.2 
  12  -3006.1029616485    -4.54e-08     1.34e-06     6.62e-08         2.2 

** Total SCF energy = -3006.1029616484902

Nuclear repulsion energy = 743.179860672914401
#electrons        = 98
1e energy kinetic = 3006.2325629317961102
1e energy N-e     = -8639.1995664535024844
1e energy         = -5629.2057524175088474
2e energy         = 1883.4902893266132651
QED energy        = 0.1938918736888002
QED eT energy     = 0.1745262005565896
QED eT energy from matrix = 0.1745262005565884

 Polarizability Matrix (QED energy = 0.5 * lambda.dot(matrix * lambda))
[42.32249014,  0.73206547,  1.67921526]
[ 0.73206547, 37.97131704,  0.93204639]
[ 1.67921526,  0.93204639, 41.25897795]

 Polarizability Matrix (QED eT energy = 0.5 * lambda.dot(matrix * lambda))
[38.87803000,  0.73194500,  1.96327025]
[ 0.73194500, 33.87172552,  1.13600180]
[ 1.96327025,  1.13600180, 37.48982774]


                      Electron        Nuclear        Total  
                  ------------------------------------------
    Monopole         -98.000000     99.000000      1.000000

      Dipole   X     -21.829073     20.566693     -1.262380
      Dipole   Y     -13.490435     13.299876     -0.190559
      Dipole   Z     -11.376932     12.805872      1.428940

  Quadrupole  XX   -1640.779128   1591.769752    -49.009375
  Quadrupole  XY      30.148744    -30.518488     -0.369743
  Quadrupole  XZ    -469.988435    469.272366     -0.716069
  Quadrupole  YY    -239.470963    201.036470    -38.434493
  Quadrupole  YZ     -12.176959     12.837522      0.660562
  Quadrupole  ZZ    -391.657587    343.026267    -48.631320

    Octupole XXX   -4081.993186   3921.475755   -160.517431
    Octupole XXY    -268.589755    261.610814     -6.978941
    Octupole XXZ    -335.992731    311.093561    -24.899170
    Octupole XYY     -91.716512     68.281153    -23.435359
    Octupole XYZ    -187.426822    186.460224     -0.966598
    Octupole XZZ    -130.032403     69.198108    -60.834295
    Octupole YYY     -11.596739     -6.603837    -18.200575
    Octupole YYZ    -280.299813    275.984797     -4.315017
    Octupole YZZ    -161.182321    159.880152     -1.302169
    Octupole ZZZ    -175.400080     94.045190    -81.354891

writing orbitals and density to disk ... done.

Total Time taken for Hartree-Fock: 25.65 secs

CD Options
{
  debug             = false
  skip_cd           = [false, 100]
  write_cv          = [false, 5000]
  diagtol           = 1e-06
  itilesize         = 1000
  max_cvecs_factor  = 12
}

- #occupied, #virtual = 98, 344

- Tilesize for the MSO space: 40

-----------------------------------------------------
Begin 2-index transformation ... 

nAO, nMO, nelectrons = 221, 442, 98
n_occ_alpha, n_vir_alpha, n_occ_beta, n_vir_beta = 49,172,49,172

Time taken for Fao->Fmo transform: 0.00 secs

-----------------------------------------------------
Number of AO tiles = 105
# of {all,non-negligible} shell-pairs = {5565,4904}

    Begin Cholesky Decomposition
---------------------------------------------
Total # of mpi ranks used for Cholesky decomposition: 4
  --> Number of nodes, mpi ranks per node: 1, 4
- CPU memory required for computing cholesky vectors: 1.93 GiB

- Time for computing the diagonal: 0.01 secs

- Total number of cholesky vectors = 1637

- Time to compute cholesky vectors: 15.13 secs

- CPU memory required for resizing the ao cholesky tensor: 1.56 GiB
- CPU memory required for ao2mo transformation: 1.69 GiB
- CPU memory required for the 2-step contraction: 2.10 GiB

- Time for ao to mo transform: 1.57 secs

   End Cholesky Decomposition
---------------------------------------------

Total Time taken for Cholesky Decomposition: 18.63 secs

scf_type = restricted
Closed-Shell SCF
QED-HF Enabled
nbf = 203
nbf_orig = 221
n_lindep = 0
focc = 1
nmo = 406
nocc = 62
nvir = 344
n_occ_alpha = 31
n_vir_alpha = 172
n_occ_beta = 31
n_vir_beta = 172
nelectrons = 98
nelectrons_alpha = 49
nelectrons_beta = 49
freeze atomic = true
n_frozen_core = 18
n_frozen_virtual = 0
----------------------------
--------- QED-CCSD --------
lambda_x: -0.0588
lambda_y: 0.0809
lambda_z: 0.0000
omega: 0.066150
coupling_factor_x: -0.010690
coupling_factor_y: 0.014713
coupling_factor_z: 0.000000
----------------------------
# of {all,non-negligible} shell-pairs = {5565,4904}
Number of AO tiles = 105
----------------------------
Electronic dipole expectation value using SCF density: 
dipole_x_elec: -21.82900428
dipole_y_elec: -13.49060229
dipole_z_elec: -11.37685621

d_n/N value: d_n is nuclear dipole moment and N is the total number of electrons 
d_nuc_x: 0.20986422
d_nuc_y: 0.13571302
d_nuc_z: 0.13067216

<d_e+d_n> expectation values: 
dipole_total_x: -1.26231120
dipole_total_y: -0.19072615
dipole_total_z: 1.42901539
----------------------------


 CCSD iterations
------------------------------------------------------------
  Iter     Residuum          Correlation          Time(s)
------------------------------------------------------------
   1     1.1851875414581    0.0000000000000         85.11
   2     0.1678639751059   -1.6363065091820         84.70
   3     0.0693982042327   -1.6294229513511         84.57
   4     0.0262302329237   -1.6974957666060         84.72
   5     0.0231581848653   -1.6895426675353         84.31
 MICROCYCLE DIIS UPDATE:                    6
   6     0.0087223684155   -1.7013232575471         84.65
   7     0.0059379693642   -1.7009839651593         83.63
   8     0.0041213340486   -1.7027079569131         83.43
   9     0.0031478362925   -1.7029296462952         82.87
  10     0.0032818404658   -1.7033787221330         82.83
 MICROCYCLE DIIS UPDATE:                   11
  11     0.0008861286487   -1.7040998244061         83.98
  12     0.0006355548383   -1.7041083016168         82.74
  13     0.0005159473607   -1.7041481214108         82.83
  14     0.0004629408227   -1.7041119853507         84.39
  15     0.0004429671370   -1.7041451546568         83.14
 MICROCYCLE DIIS UPDATE:                   16
  16     0.0001452605922   -1.7041218250297         84.49
  17     0.0000926303770   -1.7041470609772         83.16
  18     0.0000868593695   -1.7041613365329         83.12
  19     0.0000945945196   -1.7041723779582         83.20
  20     0.0001216213195   -1.7041739608130         83.11
 MICROCYCLE DIIS UPDATE:                   21
  21     0.0000247198236   -1.7041891650108         84.54
  22     0.0000197665534   -1.7041853707939         83.51
  23     0.0000151248693   -1.7041859282335         83.59
  24     0.0000146273140   -1.7041845137981         83.49
  25     0.0000133642787   -1.7041854384150         83.95
 MICROCYCLE DIIS UPDATE:                   26
  26     0.0000052362138   -1.7041840279189         83.89
  27     0.0000032365751   -1.7041848870205         82.77
  28     0.0000028680045   -1.7041852917391         83.20
  29     0.0000027405410   -1.7041856915807         82.98
  30     0.0000035662715   -1.7041857280563         87.44
 MICROCYCLE DIIS UPDATE:                   31
  31     0.0000009392160   -1.7041862514336         83.45
------------------------------------------------------------------
 Iterations converged
 CCSD correlation energy / hartree =        -1.704186251433605
 CCSD total energy / hartree       =     -3007.807147899923621

Time taken for spin-orbital canonical QED-CCSD: 2670.49 secs
