
ExaChem Git Information
{
 WARNING: Failed to retrieve the current git state.
}


TAMM Git Information
{
 Branch: main
 Commit Hash: e71357ad [e71357ad54f38748b4a7e175aa6760820d5ce96f]
 Commit Date: 2026-02-02 23:14:56 -0800
 Commit Message: add GitHub Actions workflow for releases
}


date: Thu Aug  6 16:53:06 2026
program: "/global/cfs/cdirs/m3196/heindelj/cavity_qed/software/install_gpu/bin/bin/ExaChem"
nnodes: 1, nproc_per_node: 4, nproc_total: 4, ngpus_per_node: 1, ngpus_total: 1

Memory information
{
[AMD EPYC 7763 64-Core Processor                ] : 
  CPU memory per node (GiB): 251
  Total CPU memory (GiB): 251
[NVIDIA A100-SXM4-40GB, CUDA v12.9] : 
  GPU memory per device (GiB): 39
  GPU memory per node (GiB): 39
  Total GPU memory (GiB): 39
}

------------------------------------------------------------

Input file provided: /global/cfs/cdirs/m4262/heindelj/cavity_qed/mlip/lambda_scans/grid_scans_optimized_geoms/runs_grid_no_freq/meta_th27_ph54/meta_th27_ph54_qed_ccsd_input.json

{
  "geometry": {
    "coordinates": [
      "C    -0.929118140200    2.010980060100    0.780332363800",
      "C     0.464880258500    1.944139757400    0.673400545700",
      "C     1.149583023800    0.720338440000    0.673896782800",
      "C     0.492925744500   -0.456721159900    0.706536181500",
      "C    -1.636303637500    0.851473687800    0.816801001000",
      "H    -1.422100782500    2.971890055900    0.820370765500",
      "H     1.057021255300    2.849670436700    0.601439077900",
      "H     1.033396172600   -1.395454511300    0.681481897200",
      "H    -2.718056055500    0.858797788800    0.869611024800",
      "N     2.634117164900    0.733154457000    0.627422237400",
      "O     3.181153703500   -0.319292771300    0.817835635300",
      "O     3.141469208500    1.797173398800    0.389662623400",
      "C    -0.980214457800   -0.463577711100    0.676857350600",
      "H    -1.378943803300   -1.178651482800    1.400850642900",
      "Br   -1.481642931400   -1.122321489800   -1.065040464100"
    ],
    "units": "angstrom",
    "noorient": true
  },
  "common": {
    "maxiter": 100,
    "debug": false
  },
  "basis": {
    "basisset": "6-311G*"
  },
  "SCF": {
    "charge": 1,
    "multiplicity": 1,
    "lshift": 0,
    "tol_lindep": 1e-10,
    "conve": 1e-07,
    "convd": 1e-05,
    "diis_hist": 10,
    "writem": 10,
    "restart": false,
    "noscf": false,
    "scf_type": "restricted",
    "debug": false,
    "qed_omegas": [
      0.06615
    ],
    "qed_volumes": [],
    "qed_lambdas": [
      0.1
    ],
    "qed_polvecs": [
      [
        0.26684892042779546,
        0.3672860295740685,
        0.8910065241883679
      ]
    ],
    "direct_df": false
  },
  "CD": {
    "debug": false,
    "diagtol": 1e-06
  },
  "CC": {
    "threshold": 1e-06,
    "ndiis": 5,
    "ccsd_maxiter": 200,
    "tilesize": 40,
    "freeze": {
      "atomic": true
    },
    "readt": false,
    "writet": true,
    "writet_iter": 5,
    "debug": false,
    "profile_ccsd": false,
    "balance_tiles": true
  },
  "TASK": {
    "scf": false,
    "ccsd": true
  }
}

Output folder & files prefix: meta_th27_ph54_qed_ccsd_input.6-311g*

  C (carbon)
  ----------
          Exponent        Coefficients
      ----------------  --------------------
  1 S  4.56324000E+03      0.778202
  1 S  6.82024000E+02      1.448695
  1 S  1.54973000E+02      2.383089
  1 S  4.44553000E+01      3.200089
  1 S  1.30290000E+01      3.013004
  1 S  1.82773000E+00      0.247599

  2 S  2.09642000E+01      0.800629
  2 S  4.80331000E+00      2.127420
  2 S  1.45933000E+00     -0.002868

  3 P  2.09642000E+01      2.573592
  3 P  4.80331000E+00      2.408248
  3 P  1.45933000E+00      1.865281

  4 S  4.83456000E-01      0.413217

  5 P  4.83456000E-01      0.574627

  6 S  1.45585000E-01      0.167976

  7 P  1.45585000E-01      0.128185

  8 D  6.26000000E-01      0.725128


  H (hydrogen)
  ------------
          Exponent        Coefficients
      ----------------  --------------------
  1 S  3.38650000E+01      0.255069
  1 S  5.09479000E+00      0.460109
  1 S  1.15879000E+00      0.678321

  2 S  3.25840000E-01      0.307371

  3 S  1.02741000E-01      0.129336


  N (nitrogen)
  ------------
          Exponent        Coefficients
      ----------------  --------------------
  1 S  6.29348000E+03      0.991968
  1 S  9.49044000E+02      1.823240
  1 S  2.18776000E+02      2.979891
  1 S  6.36916000E+01      4.000007
  1 S  1.88282000E+01      3.881008
  1 S  2.72023000E+00      0.386764

  2 S  3.06331000E+01      1.038501
  2 S  7.02614000E+00      2.834794
  2 S  2.11205000E+00     -0.003208

  3 P  3.06331000E+01      3.935616
  3 P  7.02614000E+00      3.870994
  3 P  2.11205000E+00      2.967271

  4 S  6.84009000E-01      0.536051

  5 P  6.84009000E-01      0.886681

  6 S  2.00878000E-01      0.213850

  7 P  2.00878000E-01      0.191693

  8 D  9.13000000E-01      1.403568


  O (oxygen)
  ----------
          Exponent        Coefficients
      ----------------  --------------------
  1 S  8.58850000E+03      1.205013
  1 S  1.29723000E+03      2.216205
  1 S  2.99296000E+02      3.627452
  1 S  8.73771000E+01      4.888452
  1 S  2.56789000E+01      4.835721
  1 S  3.74004000E+00      0.538229

  2 S  4.21175000E+01      1.341958
  2 S  9.62837000E+00      3.587114
  2 S  2.85332000E+00     -0.005123

  3 P  4.21175000E+01      5.584018
  3 P  9.62837000E+00      5.733366
  3 P  2.85332000E+00      4.332955

  4 S  9.05661000E-01      0.661659

  5 P  9.05661000E-01      1.259352

  6 S  2.55611000E-01      0.256209

  7 P  2.55611000E-01      0.259068

  8 D  1.29200000E+00      2.577026


  Br (bromine)
  ------------
          Exponent        Coefficients
      ----------------  --------------------
  1 S  4.39700000E+05      9.893706
  1 S  6.60300000E+04     18.450679
  1 S  1.51400000E+04     31.049770
  1 S  4.31700000E+03     48.888138
  1 S  1.41400000E+03     64.847798
  1 S  5.23900000E+02     42.245010

  2 S  5.23900000E+02     14.290679
  2 S  2.07700000E+02     24.083128
  2 S  8.65400000E+01      5.132542

  3 S  3.05200000E+01      9.254405

  4 S  1.29800000E+01      4.873782

  5 S  4.41200000E+00      2.169635

  6 S  1.86200000E+00      1.136043

  7 S  3.93200000E-01      0.353892

  8 S  1.40000000E-01      0.163120

  9 P  2.95700000E+03    691.874478
  9 P  7.00300000E+02    925.332763
  9 P  2.24600000E+02   1068.830732

  10 P  8.25900000E+01    122.079275
  10 P  3.31900000E+01     57.580687
  10 P  1.42000000E+01     10.176170

  11 P  1.42000000E+01      3.129736
  11 P  7.43800000E+00      6.538168
  11 P  3.52600000E+00      4.166276

  12 P  1.59500000E+00      2.555000

  13 P  8.46200000E-01      1.156861

  14 P  3.18600000E-01      0.341191

  15 P  1.09600000E-01      0.089888

  16 D  1.34800000E+02    160.709187
  16 D  3.63900000E+01    119.797406
  16 D  1.21600000E+01     55.531619
  16 D  4.34100000E+00     12.984636

  17 D  1.53500000E+00      3.484168

  18 D  4.51000000E-01      0.408525



Printing Internal Coordinates

------------------------------------------------------------
                Bond Lengths

i      j        Length (Angstroms)     Length (Bohr)
0      1          1.3996905284         2.6450317598
0      4          1.3586376693         2.5674530994
0      5          1.0807326123         2.0422886525
1      2          1.4023222838         2.6500050566
1      6          1.0843409169         2.0491073601
2      3          1.3482334421         2.5477919594
2      9          1.4853167170         2.8068418053
3      7          1.0834926423         2.0475043533
3      12         1.4734550896         2.7844265781
4      8          1.0830654804         2.0466971345
4      12         1.4762782322         2.7897615444
9      10         1.2013123678         2.2701513668
9      11         1.2025273547         2.2724473592
12     13         1.0929235459         2.0653261783
12     14         1.9286217558         3.6445669189

Number of Bonds: 15

------------------------------------------------------------
           Bond Angles

i      j      k      Angle (degrees)
0      1      2        121.8654 
0      1      6        120.6008 
0      4      8        121.0253 
0      4      12       121.7597 
1      0      4        118.6652 
1      0      5        119.9729 
1      2      3        121.6075 
1      2      9        118.7158 
2      1      6        117.5277 
2      3      7        120.8562 
2      3      12       119.3748 
2      9      10       116.2703 
2      9      11       115.8173 
3      2      9        119.6753 
3      12     4        115.9937 
3      12     13       110.7599 
3      12     14       106.2434 
4      0      5        121.3579 
4      12     13       110.9706 
4      12     14       105.9221 
7      3      12       119.6182 
8      4      12       117.0346 
10     9      11       127.9077 
13     12     14       106.2586 

Number of Angles: 24

------------------------------------------------------------
              Torsional Angles

i      j      k      l      Angle (degrees)
3      2      1      0          3.5572 
4      0      1      2         -3.3960 
5      0      1      2        177.3204 
6      1      0      4        177.5233 
6      1      0      5         -1.7603 
6      1      2      3       -177.3352 
7      3      2      1        178.4566 
8      4      0      1       -178.1836 
8      4      0      5          1.0896 

Number of Torsional Angles: 9


----------------------------------------------------------------------
                          Center of Mass

         x               y               z              Unit
 -0.005453033256   0.01789102065 -0.003314998549      Angstrom
  -0.01030473941   0.03380912915 -0.006264439366          Bohr

----------------------------------------------------------------------
                Moment of Inertia Tensor

           1598.88          -767.826          -681.427
          -767.826           2973.01          -544.203
          -681.427          -544.203           3491.78

----------------------------------------------------------------------
                      Principal Moments of Inertia

           x                 y                 z                Unit
       271.7999963       906.8081981       1079.450077       amu * ang^2
       970.6154079       3238.270865       3854.786207      amu * bohr^2
  4.5133482026e-38  1.5057914667e-37  1.7924702471e-37          g * cm^2

 - Molecule is an asymmetric top.

----------------------------------------------------------------------

         Rotational constants (MHz)

    A = 1.8594e+03        B = 5.5732e+02        C = 4.6818e+02

----------------------------------------------------------------------

        Rotational constants (cm-1)

    A = 6.2022e-02        B = 1.8590e-02        C = 1.5617e-02

----------------------------------------------------------------------

                                Z-Matrix
C   
C        1       2.6450318
C        2       2.6500051     1       121.86538
C        3      2.54779196     2    121.60747895     1          3.5572
C        4      4.72701679     3     87.65399928     2         -1.7562
H        5      4.02740549     4    115.77582761     3         -0.3791
H        6      4.70876176     5     92.92618527     4          2.2927
H        7      8.02367361     6     92.39839162     5         -1.6518
H        8      8.27830325     7     59.40844402     6          1.5916
N        9     10.12727483     8     29.62772977     7         -1.8009
O       10      2.27015137     9    117.91438254     8        -12.1680
O       11      4.08125549    10     26.06030423     9       -179.5344
C       12      8.90013914    11     62.19829355    10         -4.6896
H       13      2.06532618    12    132.35576997    11         46.3054
Br      14      4.66511309    13     48.58996717    12       -137.7391

----------------------------------------------------------------------

             Converted back to Cartesian

C        0.000000      0.000000      0.000000
C        0.000000      0.000000      2.645032
C        0.000000      0.098352     -0.003148
C       -0.000102     -0.090435      2.537640
C        0.000292      0.385557     -2.165350
H       -0.000257     -0.161019      1.824794
H        0.000490      0.609810     -2.820447
H       -0.000848     -0.925913      5.054888
H        0.000503      0.805320     -3.040366
N       -0.001081     -1.401878      6.843458
O       -0.000486     -0.827863      4.647076
O        0.000119     -1.891092      8.587404
C       -0.009679      0.589702      0.040005
H       -0.004395     -0.065407      1.998672
Br      -0.015927      1.479657     -2.403138

----------------------------------------------------------------------
                       Geometry in bohr 

1     C      -1.7557788236    3.8002015583    1.4746144548
2     C       0.8784963699    3.6738916920    1.2725426044
3     C       2.1723970740    1.3612423696    1.2734803566
4     C       0.9314946575   -0.8630779081    1.3351598811
5     C      -3.0921657337    1.6090520734    1.5435301913
6     H      -2.6873810024    5.6160582820    1.5502760685
7     H       1.9974806818    5.3850966745    1.1365551386
8     H       1.9528357458   -2.6370268475    1.2878141455
9     H      -5.1363815398    1.6228926184    1.6433266729
10    N       4.9777600252    1.3854611317    1.1856561940
11    O       6.0115092640   -0.6033758917    1.5454853667
12    O       5.9365164370    3.3961655245    0.7363556397
13    C      -1.8523368699   -0.8760349121    1.2790750189
14    H      -2.6058261313   -2.2273285004    2.6472240584
15    Br     -2.7998993567   -2.1208802409   -2.0126347902

 Number of nodes, processes per node used for SCF calculation: 1, 4

Common Options
{
  maxiter       = 100
  basis         = 6-311g* spherical
  geom_units    = angstrom
  ang2au factor = 1.889726126
  debug         = false
  file_prefix   = meta_th27_ph54_qed_ccsd_input
}

SCF Options
{
  charge            = 1
  multiplicity      = 1
  level shift       = 0
  tol_int           = 1e-22
  tol_sch           = 1e-12
  tol_lindep        = 1e-10
  conve             = 1e-07
  convd             = 1e-05
  diis_hist         = 10
  AO_tilesize       = 30
  writem            = 10
  damp              = 100
  n_lindep          = 0
  scf_type          = restricted
  cuscf             = false
  qed_omegas        = [0.06615,]
  qed_lambdas       = [0.1,]
  qed_polvecs       = [[0.2668489204,0.3672860296,0.8910065242,],]
  direct_df         = false
  restart_size      = 2000
  restart           = false
  debug             = false
}

Number of basis functions = 221

Total number of shells = 105

Total number of electrons = 98
  # of alpha electrons    = 49
  # of beta electons      = 49

Nuclear repulsion energy  = 749.001651082873

# of {all,non-negligible} shell-pairs = {5565,4922}
Number of AO tiles = 105

Time for initial setup: 0.24 secs
HF exch = 1.00

Time for computing 1-e integrals T, V, S: 0.01 secs
Time for computing orthogonalizer: 0.01 secs

Superposition of Atomic Density Guess ...
Time taken for SAD: 1.58 secs
Total Time to compute initial guess: 1.58 secs


 SCF iterations
-----------------------------------------------------------------------------
 Iter     Energy            E-Diff       RMSD        |[F,P]|^2       Time(s)
-----------------------------------------------------------------------------
   1  -3011.7395531464    -3.01e+03     1.66e-02     1.51e+03         0.6 
   2  -3005.8094427554     5.93e+00     6.60e-03     7.83e+00         2.2 
   3  -3006.0199310827    -2.10e-01     2.47e-03     3.31e+00         2.2 
   4  -3006.1145929908    -9.47e-02     1.15e-03     1.01e-01         2.2 
   5  -3006.1209602933    -6.37e-03     2.52e-04     8.11e-03         2.2 
   6  -3006.1214814850    -5.21e-04     1.59e-04     1.47e-03         2.2 
   7  -3006.1216274034    -1.46e-04     6.25e-05     2.67e-04         2.2 
   8  -3006.1216533480    -2.59e-05     2.28e-05     4.37e-05         2.2 
   9  -3006.1216572843    -3.94e-06     9.25e-06     5.65e-06         2.2 
  10  -3006.1216578782    -5.94e-07     3.61e-06     9.52e-07         2.2 
  11  -3006.1216579729    -9.47e-08     2.00e-06     1.70e-07         2.2 

** Total SCF energy = -3006.1216579728971

Nuclear repulsion energy = 749.001651082872968
#electrons        = 98
1e energy kinetic = 3006.2055277569061218
1e energy N-e     = -8651.1729281668376643
1e energy         = -5641.0449782167324884
2e energy         = 1889.6566071754918994
QED energy        = 0.1874841786693753
QED eT energy     = 0.1647764367789454
QED eT energy from matrix = 0.1647764367789333

 Polarizability Matrix (QED energy = 0.5 * lambda.dot(matrix * lambda))
[40.80894851,  1.07137015,  0.16101155]
[ 1.07137015, 44.03570589, -0.29606553]
[ 0.16101155, -0.29606553, 35.97177414]

 Polarizability Matrix (QED eT energy = 0.5 * lambda.dot(matrix * lambda))
[37.02591796,  1.20318490,  0.23476734]
[ 1.20318490, 40.90723280, -0.28923224]
[ 0.23476734, -0.28923224, 31.03972082]


                      Electron        Nuclear        Total  
                  ------------------------------------------
    Monopole         -98.000000     99.000000      1.000000

      Dipole   X     -11.795114      9.645416     -2.149698
      Dipole   Y     -16.589908     17.801078      1.211170
      Dipole   Z     -11.990697     13.447715      1.457018

  Quadrupole  XX   -1252.210815   1201.673849    -50.536966
  Quadrupole  XY    -350.568556    348.504377     -2.064180
  Quadrupole  XZ    -308.119265    305.502580     -2.616685
  Quadrupole  YY    -582.953496    544.503547    -38.449949
  Quadrupole  YZ    -252.075434    254.985835      2.910401
  Quadrupole  ZZ    -302.925550    257.423426    -45.502124

    Octupole XXX   -3319.890373   3172.061133   -147.829240
    Octupole XXY    -742.633259    716.753273    -25.879986
    Octupole XXZ    -600.464425    580.870233    -19.594193
    Octupole XYY     -75.852774     42.411834    -33.440940
    Octupole XYZ     351.978392   -355.143902     -3.165510
    Octupole XZZ     260.407244   -285.777530    -25.370286
    Octupole YYY    -991.659882    963.562065    -28.097818
    Octupole YYZ    -166.476328    160.613983     -5.862345
    Octupole YZZ     145.156006   -175.303264    -30.147258
    Octupole ZZZ      50.125856   -117.732263    -67.606407

writing orbitals and density to disk ... done.

Total Time taken for Hartree-Fock: 26.29 secs

CD Options
{
  debug             = false
  skip_cd           = [false, 100]
  write_cv          = [false, 5000]
  diagtol           = 1e-06
  itilesize         = 1000
  max_cvecs_factor  = 12
}

- #occupied, #virtual = 98, 344

- Tilesize for the MSO space: 40

-----------------------------------------------------
Begin 2-index transformation ... 

nAO, nMO, nelectrons = 221, 442, 98
n_occ_alpha, n_vir_alpha, n_occ_beta, n_vir_beta = 49,172,49,172

Time taken for Fao->Fmo transform: 0.00 secs

-----------------------------------------------------
Number of AO tiles = 105
# of {all,non-negligible} shell-pairs = {5565,4922}

    Begin Cholesky Decomposition
---------------------------------------------
Total # of mpi ranks used for Cholesky decomposition: 4
  --> Number of nodes, mpi ranks per node: 1, 4
- CPU memory required for computing cholesky vectors: 1.93 GiB

- Time for computing the diagonal: 0.01 secs

- Total number of cholesky vectors = 1648

- Time to compute cholesky vectors: 14.29 secs

- CPU memory required for resizing the ao cholesky tensor: 1.57 GiB
- CPU memory required for ao2mo transformation: 1.70 GiB
- CPU memory required for the 2-step contraction: 2.11 GiB

- Time for ao to mo transform: 1.58 secs

   End Cholesky Decomposition
---------------------------------------------

Total Time taken for Cholesky Decomposition: 17.80 secs

scf_type = restricted
Closed-Shell SCF
QED-HF Enabled
nbf = 203
nbf_orig = 221
n_lindep = 0
focc = 1
nmo = 406
nocc = 62
nvir = 344
n_occ_alpha = 31
n_vir_alpha = 172
n_occ_beta = 31
n_vir_beta = 172
nelectrons = 98
nelectrons_alpha = 49
nelectrons_beta = 49
freeze atomic = true
n_frozen_core = 18
n_frozen_virtual = 0
----------------------------
--------- QED-CCSD --------
lambda_x: 0.0267
lambda_y: 0.0367
lambda_z: 0.0891
omega: 0.066150
coupling_factor_x: 0.004853
coupling_factor_y: 0.006680
coupling_factor_z: 0.016204
----------------------------
# of {all,non-negligible} shell-pairs = {5565,4922}
Number of AO tiles = 105
----------------------------
Electronic dipole expectation value using SCF density: 
dipole_x_elec: -11.79499048
dipole_y_elec: -16.58985831
dipole_z_elec: -11.99054780

d_n/N value: d_n is nuclear dipole moment and N is the total number of electrons 
d_nuc_x: 0.09842261
d_nuc_y: 0.18164365
d_nuc_z: 0.13722158

<d_e+d_n> expectation values: 
dipole_total_x: -2.14957438
dipole_total_y: 1.21121971
dipole_total_z: 1.45716708
----------------------------


 CCSD iterations
------------------------------------------------------------
  Iter     Residuum          Correlation          Time(s)
------------------------------------------------------------
   1     1.1850959698622    0.0000000000000         87.10
   2     0.1636584100942   -1.6396852487048         85.53
   3     0.0645101083819   -1.6258782501935         85.39
   4     0.0215721151404   -1.6889917582538         85.67
   5     0.0184263139276   -1.6844821667950         85.27
 MICROCYCLE DIIS UPDATE:                    6
   6     0.0078208132261   -1.6937208385617         83.95
   7     0.0055401846042   -1.6933317239753         84.18
   8     0.0034330347798   -1.6948310449533         84.23
   9     0.0027951502483   -1.6950608894183         84.37
  10     0.0027403269754   -1.6953757503487         84.27
 MICROCYCLE DIIS UPDATE:                   11
  11     0.0005187683489   -1.6959003903120         84.63
  12     0.0003581876072   -1.6959180083990         84.92
  13     0.0002789476746   -1.6959504327083         84.97
  14     0.0002778369765   -1.6959272319193         85.09
  15     0.0003086808080   -1.6959469758177         84.90
 MICROCYCLE DIIS UPDATE:                   16
  16     0.0000798346187   -1.6959363289653         84.74
  17     0.0000520471712   -1.6959442356150         84.66
  18     0.0000467613114   -1.6959491882313         85.82
  19     0.0000384555139   -1.6959529285901         85.14
  20     0.0000423144427   -1.6959526863687         84.73
 MICROCYCLE DIIS UPDATE:                   21
  21     0.0000141838834   -1.6959597160513         84.47
  22     0.0000090494615   -1.6959570417074         84.89
  23     0.0000066670844   -1.6959572244512         85.20
  24     0.0000066108168   -1.6959561226896         85.22
  25     0.0000064721448   -1.6959564982303         85.35
 MICROCYCLE DIIS UPDATE:                   26
  26     0.0000023824306   -1.6959554911262         84.46
  27     0.0000015353009   -1.6959559022837         84.51
  28     0.0000013549585   -1.6959561042258         84.46
  29     0.0000011429264   -1.6959562326489         84.54
  30     0.0000012756828   -1.6959562303134         84.60
 MICROCYCLE DIIS UPDATE:                   31
  31     0.0000004400232   -1.6959564618150         84.75
------------------------------------------------------------------
 Iterations converged
 CCSD correlation energy / hartree =        -1.695956461814960
 CCSD total energy / hartree       =     -3007.817614434712141

Time taken for spin-orbital canonical QED-CCSD: 2694.50 secs
