
ExaChem Git Information
{
 WARNING: Failed to retrieve the current git state.
}


TAMM Git Information
{
 Branch: main
 Commit Hash: e71357ad [e71357ad54f38748b4a7e175aa6760820d5ce96f]
 Commit Date: 2026-02-02 23:14:56 -0800
 Commit Message: add GitHub Actions workflow for releases
}


date: Tue Aug 11 00:36:56 2026
program: "/global/cfs/cdirs/m3196/heindelj/cavity_qed/software/install_gpu/bin/bin/ExaChem"
nnodes: 1, nproc_per_node: 4, nproc_total: 4, ngpus_per_node: 1, ngpus_total: 1

Memory information
{
[AMD EPYC 7763 64-Core Processor                ] : 
  CPU memory per node (GiB): 251
  Total CPU memory (GiB): 251
[NVIDIA A100-SXM4-80GB, CUDA v12.9] : 
  GPU memory per device (GiB): 79
  GPU memory per node (GiB): 79
  Total GPU memory (GiB): 79
}

------------------------------------------------------------

Input file provided: /global/cfs/cdirs/m4262/heindelj/cavity_qed/mlip/lambda_scans/grid_scans_optimized_geoms/runs_grid_no_freq/ortho_th63_ph18/ortho_th63_ph18_qed_ccsd_input.json

{
  "geometry": {
    "coordinates": [
      "C    -1.799541402400    1.948246178100    0.749816443900",
      "C    -0.380337268100    1.991254188300    0.716461583400",
      "C     0.273117733100    0.823477282300    0.702514072500",
      "C    -2.510647205200    0.750192187700    0.797054866100",
      "H    -2.340340968600    2.889144922800    0.755204038200",
      "H     0.152083104400    2.927528288300    0.704878605000",
      "H    -3.584261474100    0.771447792100    0.860670872300",
      "N     1.748990496500    0.797766332100    0.772299835800",
      "O     2.220192494000   -0.203123606600    1.247098495500",
      "O     2.311751529700    1.765454429200    0.347021078300",
      "C    -1.831149816200   -0.429523043700    0.711171514700",
      "H    -2.350504392900   -1.376301571000    0.685075808100",
      "C    -0.374682936100   -0.482149320600    0.620720247600",
      "H     0.062225019700   -1.217973740800    1.292878629300",
      "Br    0.049604228900   -1.170963619400   -1.173138154200"
    ],
    "units": "angstrom",
    "noorient": true
  },
  "common": {
    "maxiter": 100,
    "debug": false
  },
  "basis": {
    "basisset": "6-311G*"
  },
  "SCF": {
    "charge": 1,
    "multiplicity": 1,
    "lshift": 0,
    "tol_lindep": 1e-10,
    "conve": 1e-07,
    "convd": 1e-05,
    "diis_hist": 10,
    "writem": 10,
    "restart": false,
    "noscf": false,
    "scf_type": "restricted",
    "debug": false,
    "qed_omegas": [
      0.06615
    ],
    "qed_volumes": [],
    "qed_lambdas": [
      0.1
    ],
    "qed_polvecs": [
      [
        0.8473975608908426,
        0.2753361580731583,
        0.45399049973954686
      ]
    ],
    "direct_df": false
  },
  "CD": {
    "debug": false,
    "diagtol": 1e-06
  },
  "CC": {
    "threshold": 1e-06,
    "ndiis": 5,
    "ccsd_maxiter": 200,
    "tilesize": 40,
    "freeze": {
      "atomic": true
    },
    "readt": false,
    "writet": true,
    "writet_iter": 5,
    "debug": false,
    "profile_ccsd": false,
    "balance_tiles": true
  },
  "TASK": {
    "scf": false,
    "ccsd": true
  }
}

Output folder & files prefix: ortho_th63_ph18_qed_ccsd_input.6-311g*

  C (carbon)
  ----------
          Exponent        Coefficients
      ----------------  --------------------
  1 S  4.56324000E+03      0.778202
  1 S  6.82024000E+02      1.448695
  1 S  1.54973000E+02      2.383089
  1 S  4.44553000E+01      3.200089
  1 S  1.30290000E+01      3.013004
  1 S  1.82773000E+00      0.247599

  2 S  2.09642000E+01      0.800629
  2 S  4.80331000E+00      2.127420
  2 S  1.45933000E+00     -0.002868

  3 P  2.09642000E+01      2.573592
  3 P  4.80331000E+00      2.408248
  3 P  1.45933000E+00      1.865281

  4 S  4.83456000E-01      0.413217

  5 P  4.83456000E-01      0.574627

  6 S  1.45585000E-01      0.167976

  7 P  1.45585000E-01      0.128185

  8 D  6.26000000E-01      0.725128


  H (hydrogen)
  ------------
          Exponent        Coefficients
      ----------------  --------------------
  1 S  3.38650000E+01      0.255069
  1 S  5.09479000E+00      0.460109
  1 S  1.15879000E+00      0.678321

  2 S  3.25840000E-01      0.307371

  3 S  1.02741000E-01      0.129336


  N (nitrogen)
  ------------
          Exponent        Coefficients
      ----------------  --------------------
  1 S  6.29348000E+03      0.991968
  1 S  9.49044000E+02      1.823240
  1 S  2.18776000E+02      2.979891
  1 S  6.36916000E+01      4.000007
  1 S  1.88282000E+01      3.881008
  1 S  2.72023000E+00      0.386764

  2 S  3.06331000E+01      1.038501
  2 S  7.02614000E+00      2.834794
  2 S  2.11205000E+00     -0.003208

  3 P  3.06331000E+01      3.935616
  3 P  7.02614000E+00      3.870994
  3 P  2.11205000E+00      2.967271

  4 S  6.84009000E-01      0.536051

  5 P  6.84009000E-01      0.886681

  6 S  2.00878000E-01      0.213850

  7 P  2.00878000E-01      0.191693

  8 D  9.13000000E-01      1.403568


  O (oxygen)
  ----------
          Exponent        Coefficients
      ----------------  --------------------
  1 S  8.58850000E+03      1.205013
  1 S  1.29723000E+03      2.216205
  1 S  2.99296000E+02      3.627452
  1 S  8.73771000E+01      4.888452
  1 S  2.56789000E+01      4.835721
  1 S  3.74004000E+00      0.538229

  2 S  4.21175000E+01      1.341958
  2 S  9.62837000E+00      3.587114
  2 S  2.85332000E+00     -0.005123

  3 P  4.21175000E+01      5.584018
  3 P  9.62837000E+00      5.733366
  3 P  2.85332000E+00      4.332955

  4 S  9.05661000E-01      0.661659

  5 P  9.05661000E-01      1.259352

  6 S  2.55611000E-01      0.256209

  7 P  2.55611000E-01      0.259068

  8 D  1.29200000E+00      2.577026


  Br (bromine)
  ------------
          Exponent        Coefficients
      ----------------  --------------------
  1 S  4.39700000E+05      9.893706
  1 S  6.60300000E+04     18.450679
  1 S  1.51400000E+04     31.049770
  1 S  4.31700000E+03     48.888138
  1 S  1.41400000E+03     64.847798
  1 S  5.23900000E+02     42.245010

  2 S  5.23900000E+02     14.290679
  2 S  2.07700000E+02     24.083128
  2 S  8.65400000E+01      5.132542

  3 S  3.05200000E+01      9.254405

  4 S  1.29800000E+01      4.873782

  5 S  4.41200000E+00      2.169635

  6 S  1.86200000E+00      1.136043

  7 S  3.93200000E-01      0.353892

  8 S  1.40000000E-01      0.163120

  9 P  2.95700000E+03    691.874478
  9 P  7.00300000E+02    925.332763
  9 P  2.24600000E+02   1068.830732

  10 P  8.25900000E+01    122.079275
  10 P  3.31900000E+01     57.580687
  10 P  1.42000000E+01     10.176170

  11 P  1.42000000E+01      3.129736
  11 P  7.43800000E+00      6.538168
  11 P  3.52600000E+00      4.166276

  12 P  1.59500000E+00      2.555000

  13 P  8.46200000E-01      1.156861

  14 P  3.18600000E-01      0.341191

  15 P  1.09600000E-01      0.089888

  16 D  1.34800000E+02    160.709187
  16 D  3.63900000E+01    119.797406
  16 D  1.21600000E+01     55.531619
  16 D  4.34100000E+00     12.984636

  17 D  1.53500000E+00      3.484168

  18 D  4.51000000E-01      0.408525



Printing Internal Coordinates

------------------------------------------------------------
                Bond Lengths

i      j        Length (Angstroms)     Length (Bohr)
0      1          1.4202473765         2.6838785726
0      3          1.3940001059         2.6342784196
0      4          1.0852574094         2.0508392800
1      2          1.3382454460         2.5289173823
1      5          1.0771326793         2.0354857651
2      7          1.4777454177         2.7925341232
2      12         1.4597933974         2.7586097214
3      6          1.0757073930         2.0327923644
3      10         1.3641190120         2.5778113358
7      8          1.2038462357         2.2749396831
7      9          1.1974899813         2.2629281032
10     11         1.0801850499         2.0412539096
10     12         1.4602214659         2.7594186538
12     13         1.0881741723         2.0563511630
12     14         1.9678446845         3.7186875120

Number of Bonds: 15

------------------------------------------------------------
           Bond Angles

i      j      k      Angle (degrees)
0      1      2        117.5003 
0      1      5        121.3662 
0      3      6        119.6136 
0      3      10       119.1450 
1      0      3        122.4501 
1      0      4        118.1519 
1      2      7        120.1565 
1      2      12       124.3579 
2      1      5        121.1334 
2      7      8        115.0879 
2      7      9        116.0097 
2      12     10       114.0113 
2      12     13       113.0793 
2      12     14       105.5730 
3      0      4        119.3897 
3      10     11       121.3345 
3      10     12       122.1345 
6      3      10       121.1958 
7      2      12       115.4856 
8      7      9        128.9015 
10     12     13       112.7419 
10     12     14       106.5073 
11     10     12       116.5181 
13     12     14       103.8758 

Number of Angles: 24

------------------------------------------------------------
              Torsional Angles

i      j      k      l      Angle (degrees)
3      0      1      2          1.4185 
3      10     12     2          3.0772 
4      0      1      2       -179.6297 
5      1      0      3       -178.4555 
5      1      0      4          0.4963 
6      3      0      1        177.5636 
6      3      0      4         -1.3757 
10     3      0      1         -4.8628 
10     3      0      4        176.1979 
10     12     2      1         -6.8053 
11     10     3      0       -176.3300 
11     10     3      6          1.2039 
11     10     12     2       -178.2140 
12     2      1      0          4.6892 
12     2      1      5       -175.4364 
12     10     3      0          2.3173 
12     10     3      6        179.8512 
13     12     2      1       -137.3347 
13     12     10     3        133.7729 
13     12     10     11       -47.5183 
14     12     2      1        109.7498 
14     12     10     3       -112.9340 
14     12     10     11        65.7748 

Number of Torsional Angles: 23


----------------------------------------------------------------------
                          Center of Mass

         x               y               z              Unit
   0.06573442676  0.008988840343 -0.007566044251      Angstrom
    0.1242200636   0.01698644644  -0.01429775149          Bohr

----------------------------------------------------------------------
                Moment of Inertia Tensor

           1747.38          -26.4911          -19.8845
          -26.4911           2056.39          -600.264
          -19.8845          -600.264           2473.53

----------------------------------------------------------------------
                      Principal Moments of Inertia

           x                 y                 z                Unit
       453.8772027       491.7429588       812.2014082       amu * ang^2
       1620.824916       1756.045986       2900.423884      amu * bohr^2
  7.5368134086e-38  8.1655895122e-38  1.3486930887e-37          g * cm^2

 - Molecule is an asymmetric top.

----------------------------------------------------------------------

         Rotational constants (MHz)

    A = 1.1135e+03        B = 1.0277e+03        C = 6.2223e+02

----------------------------------------------------------------------

        Rotational constants (cm-1)

    A = 3.7141e-02        B = 3.4281e-02        C = 2.0755e-02

----------------------------------------------------------------------

                                Z-Matrix
C   
C        1       2.6838786
C        2       2.5289174     1       117.50033
C        3      5.26540773     2     62.27395140     1         -0.6765
H        4      4.05559816     3     83.90615839     2          0.5693
H        5      4.71151727     4     95.45515567     3         -0.7812
H        6      8.15723329     5     29.10726676     4         -1.1625
N        7     10.07989174     6     29.71468509     5       -179.6281
O        8      2.27493968     7    112.37821833     6        156.8260
O        9      4.09413511     8     25.47675401     7       -177.3273
C       10      8.88656911     9     60.42795746     8         -6.4464
H       11      2.04125391    10    146.18343615     9        -34.9649
C       12      4.10010491    11     37.02809962    10          5.4300
H       13      2.05635116    12     93.93581460    11        137.0183
Br      14      4.66100404    13     50.76401070    12         95.6642

----------------------------------------------------------------------

             Converted back to Cartesian

C        0.000000      0.000000      0.000000
C        0.000000      0.000000      2.683879
C        0.000000      0.090497      0.156581
C        0.000021     -0.197705      5.414095
H       -0.000035      0.127697      1.371573
H        0.000114     -0.386710      6.054924
H       -0.000162      0.575762     -2.045329
N        0.005193     -0.703980      7.952993
O       -0.004001     -0.338499      5.707622
O        0.017503     -1.027195      9.743360
C       -0.054366      0.626699      1.012347
H       -0.022930      0.159133      2.999081
C       -0.093726      1.142603     -0.980697
H       -0.050933      0.592916      1.000361
Br      -0.158903      1.907285     -3.470179

----------------------------------------------------------------------
                       Geometry in bohr 

1     C      -3.4006404028    3.6816517025    1.4169477237
2     C      -0.7187332722    3.7629250630    1.3539161724
3     C       0.5161177157    1.5561465345    1.3275591966
4     C      -4.7444356166    1.4176577765    1.5062154043
5     H      -4.4226034719    5.4596926421    1.4271288014
6     H       0.2873954157    5.5322266907    1.3320275155
7     H      -6.7732725497    1.4578250475    1.6264322332
8     N       3.3051130352    1.5075598801    1.4594351767
9     O       4.1955557605   -0.3838479862    2.3566746085
10    O       4.3685772623    3.3362253590    0.6557747979
11    C      -3.4603716481   -0.8116809174    1.3439193913
12    H      -4.4418095603   -2.6008330358    1.2946056528
13    C      -0.7080481333   -0.9111301677    1.1729912688
14    H       0.1175882454   -2.3016367987    2.4431865234
15    Br      0.0937384073   -2.2128005441   -2.2169098193

 Number of nodes, processes per node used for SCF calculation: 1, 4

Common Options
{
  maxiter       = 100
  basis         = 6-311g* spherical
  geom_units    = angstrom
  ang2au factor = 1.889726126
  debug         = false
  file_prefix   = ortho_th63_ph18_qed_ccsd_input
}

SCF Options
{
  charge            = 1
  multiplicity      = 1
  level shift       = 0
  tol_int           = 1e-22
  tol_sch           = 1e-12
  tol_lindep        = 1e-10
  conve             = 1e-07
  convd             = 1e-05
  diis_hist         = 10
  AO_tilesize       = 30
  writem            = 10
  damp              = 100
  n_lindep          = 0
  scf_type          = restricted
  cuscf             = false
  qed_omegas        = [0.06615,]
  qed_lambdas       = [0.1,]
  qed_polvecs       = [[0.8473975609,0.2753361581,0.4539904997,],]
  direct_df         = false
  restart_size      = 2000
  restart           = false
  debug             = false
}

Number of basis functions = 221

Total number of shells = 105

Total number of electrons = 98
  # of alpha electrons    = 49
  # of beta electons      = 49

Nuclear repulsion energy  = 783.012381238863

# of {all,non-negligible} shell-pairs = {5565,5000}
Number of AO tiles = 105

Time for initial setup: 0.01 secs
HF exch = 1.00

Time for computing 1-e integrals T, V, S: 0.01 secs
Time for computing orthogonalizer: 0.01 secs

Superposition of Atomic Density Guess ...
Time taken for SAD: 0.30 secs
Total Time to compute initial guess: 0.30 secs


 SCF iterations
-----------------------------------------------------------------------------
 Iter     Energy            E-Diff       RMSD        |[F,P]|^2       Time(s)
-----------------------------------------------------------------------------
   1  -3011.7698574893    -3.01e+03     1.67e-02     1.50e+03         0.6 
   2  -3005.7682362866     6.00e+00     6.85e-03     8.83e+00         2.2 
   3  -3006.0096628246    -2.41e-01     2.71e-03     3.37e+00         2.2 
   4  -3006.1061113084    -9.64e-02     1.12e-03     1.22e-01         2.2 
   5  -3006.1132018156    -7.09e-03     3.16e-04     1.74e-02         2.2 
   6  -3006.1140886260    -8.87e-04     1.89e-04     1.75e-03         2.2 
   7  -3006.1142940783    -2.05e-04     6.96e-05     2.87e-04         2.2 
   8  -3006.1143278615    -3.38e-05     2.65e-05     5.76e-05         2.2 
   9  -3006.1143337757    -5.91e-06     1.39e-05     9.47e-06         2.2 
  10  -3006.1143353607    -1.59e-06     7.15e-06     2.14e-06         2.2 
  11  -3006.1143357260    -3.65e-07     3.78e-06     5.61e-07         2.3 
  12  -3006.1143358238    -9.77e-08     1.84e-06     1.17e-07         2.3 

** Total SCF energy = -3006.1143358237919

Nuclear repulsion energy = 783.012381238862872
#electrons        = 98
1e energy kinetic = 3006.2234312357832096
1e energy N-e     = -8719.2968989854634856
1e energy         = -5709.2986184208930354
2e energy         = 1923.7587554888350496
QED energy        = 0.1879951981904138
QED eT energy     = 0.1676719411936794
QED eT energy from matrix = 0.1676719411936874

 Polarizability Matrix (QED energy = 0.5 * lambda.dot(matrix * lambda))
[39.44219873, -1.64533364, -1.32891911]
[-1.64533364, 44.72509614, -0.18955043]
[-1.32891911, -0.18955043, 37.47238080]

 Polarizability Matrix (QED eT energy = 0.5 * lambda.dot(matrix * lambda))
[35.71190194, -1.72825051, -1.46851689]
[-1.72825051, 41.61551807, -0.32465741]
[-1.46851689, -0.32465741, 32.76427856]


                      Electron        Nuclear        Total  
                  ------------------------------------------
    Monopole         -98.000000     99.000000      1.000000

      Dipole   X      -8.213011      4.600330     -3.612681
      Dipole   Y     -15.129650     16.444614      1.314963
      Dipole   Z     -12.323851     13.576473      1.252623

  Quadrupole  XX    -780.408385    739.528829    -40.879555
  Quadrupole  XY     -10.061207      4.021936     -6.039270
  Quadrupole  XZ      -5.638587     -0.298990     -5.937577
  Quadrupole  YY    -590.626368    553.915946    -36.710422
  Quadrupole  YZ    -276.103772    280.021590      3.917818
  Quadrupole  ZZ    -361.674942    315.220599    -46.454342

    Octupole XXX      15.189396   -103.167844    -87.978448
    Octupole XXY   -1101.271443   1092.700589     -8.570854
    Octupole XXZ   -1088.344959   1079.266762     -9.078197
    Octupole XYY      68.090234   -108.812738    -40.722504
    Octupole XYZ      74.150920    -76.620971     -2.470050
    Octupole XZZ     -78.599022     82.349406      3.750384
    Octupole YYY    -918.774608    897.815849    -20.958759
    Octupole YYZ     -95.711744     91.794072     -3.917672
    Octupole YZZ     223.252636   -251.866365    -28.613729
    Octupole ZZZ      59.371912   -135.539381    -76.167468

writing orbitals and density to disk ... done.

Total Time taken for Hartree-Fock: 26.09 secs

CD Options
{
  debug             = false
  skip_cd           = [false, 100]
  write_cv          = [false, 5000]
  diagtol           = 1e-06
  itilesize         = 1000
  max_cvecs_factor  = 12
}

- #occupied, #virtual = 98, 344

- Tilesize for the MSO space: 40

-----------------------------------------------------
Begin 2-index transformation ... 

nAO, nMO, nelectrons = 221, 442, 98
n_occ_alpha, n_vir_alpha, n_occ_beta, n_vir_beta = 49,172,49,172

Time taken for Fao->Fmo transform: 0.00 secs

-----------------------------------------------------
Number of AO tiles = 105
# of {all,non-negligible} shell-pairs = {5565,5000}

    Begin Cholesky Decomposition
---------------------------------------------
Total # of mpi ranks used for Cholesky decomposition: 4
  --> Number of nodes, mpi ranks per node: 1, 4
- CPU memory required for computing cholesky vectors: 1.93 GiB

- Time for computing the diagonal: 0.01 secs

- Total number of cholesky vectors = 1647

- Time to compute cholesky vectors: 17.82 secs

- CPU memory required for resizing the ao cholesky tensor: 1.56 GiB
- CPU memory required for ao2mo transformation: 1.70 GiB
- CPU memory required for the 2-step contraction: 2.11 GiB

- Time for ao to mo transform: 1.54 secs

   End Cholesky Decomposition
---------------------------------------------

Total Time taken for Cholesky Decomposition: 21.86 secs

scf_type = restricted
Closed-Shell SCF
QED-HF Enabled
nbf = 203
nbf_orig = 221
n_lindep = 0
focc = 1
nmo = 406
nocc = 62
nvir = 344
n_occ_alpha = 31
n_vir_alpha = 172
n_occ_beta = 31
n_vir_beta = 172
nelectrons = 98
nelectrons_alpha = 49
nelectrons_beta = 49
freeze atomic = true
n_frozen_core = 18
n_frozen_virtual = 0
----------------------------
--------- QED-CCSD --------
lambda_x: 0.0847
lambda_y: 0.0275
lambda_z: 0.0454
omega: 0.066150
coupling_factor_x: 0.015411
coupling_factor_y: 0.005007
coupling_factor_z: 0.008257
----------------------------
# of {all,non-negligible} shell-pairs = {5565,5000}
Number of AO tiles = 105
----------------------------
Electronic dipole expectation value using SCF density: 
dipole_x_elec: -8.21333880
dipole_y_elec: -15.12974579
dipole_z_elec: -12.32394832

d_n/N value: d_n is nuclear dipole moment and N is the total number of electrons 
d_nuc_x: 0.04694214
d_nuc_y: 0.16780218
d_nuc_z: 0.13853544

<d_e+d_n> expectation values: 
dipole_total_x: -3.61300918
dipole_total_y: 1.31486781
dipole_total_z: 1.25252516
----------------------------


 CCSD iterations
------------------------------------------------------------
  Iter     Residuum          Correlation          Time(s)
------------------------------------------------------------
   1     1.1846302848684    0.0000000000000         84.78
   2     0.1685584574201   -1.6155485591397         83.78
   3     0.0639731262513   -1.6275961553624         84.10
   4     0.0233569825617   -1.6872713231011         85.27
   5     0.0185966444929   -1.6853359055832         84.65
 MICROCYCLE DIIS UPDATE:                    6
   6     0.0087265125080   -1.6948467587334         83.51
   7     0.0058792472931   -1.6946953734495         83.70
   8     0.0043660654321   -1.6961071509593         83.97
   9     0.0040119666735   -1.6964072573188         83.74
  10     0.0044900689484   -1.6967454360599         83.87
 MICROCYCLE DIIS UPDATE:                   11
  11     0.0008473127029   -1.6974240769448         83.53
  12     0.0006086434067   -1.6973525546465         83.40
  13     0.0005475495110   -1.6974522690233         82.54
  14     0.0006045382645   -1.6974169779291         82.56
  15     0.0008320505227   -1.6974549810044         82.42
 MICROCYCLE DIIS UPDATE:                   16
  16     0.0001554819576   -1.6974782071173         82.79
  17     0.0001084898965   -1.6974582031404         83.38
  18     0.0000979853239   -1.6974778713036         83.71
  19     0.0000858107047   -1.6974811537529         83.66
  20     0.0001006428112   -1.6974831538563         83.50
 MICROCYCLE DIIS UPDATE:                   21
  21     0.0000373178153   -1.6975005007033         84.44
  22     0.0000285765140   -1.6974926613374         84.00
  23     0.0000254424854   -1.6974933773839         83.82
  24     0.0000292314593   -1.6974911254822         83.52
  25     0.0000432224760   -1.6974918884018         84.10
 MICROCYCLE DIIS UPDATE:                   26
  26     0.0000092233282   -1.6974900336943         84.74
  27     0.0000065075800   -1.6974900558712         84.83
  28     0.0000053337058   -1.6974910483488         84.89
  29     0.0000048236517   -1.6974913834151         84.67
  30     0.0000054000460   -1.6974915366482         84.77
 MICROCYCLE DIIS UPDATE:                   31
  31     0.0000023062405   -1.6974926422633         84.15
  32     0.0000017589648   -1.6974921278871         84.47
  33     0.0000015292624   -1.6974921128205         84.09
  34     0.0000016790087   -1.6974919799893         84.07
  35     0.0000022940239   -1.6974920070975         84.06
 MICROCYCLE DIIS UPDATE:                   36
  36     0.0000005774676   -1.6974918638227         84.23
------------------------------------------------------------------
 Iterations converged
 CCSD correlation energy / hartree =        -1.697491863822668
 CCSD total energy / hartree       =     -3007.811827687614368

Time taken for spin-orbital canonical QED-CCSD: 3105.21 secs
