
ExaChem Git Information
{
 WARNING: Failed to retrieve the current git state.
}


TAMM Git Information
{
 Branch: main
 Commit Hash: e71357ad [e71357ad54f38748b4a7e175aa6760820d5ce96f]
 Commit Date: 2026-02-02 23:14:56 -0800
 Commit Message: add GitHub Actions workflow for releases
}


date: Sun Aug  9 14:24:19 2026
program: "/global/cfs/cdirs/m3196/heindelj/cavity_qed/software/install_gpu/bin/bin/ExaChem"
nnodes: 1, nproc_per_node: 4, nproc_total: 4, ngpus_per_node: 1, ngpus_total: 1

Memory information
{
[AMD EPYC 7763 64-Core Processor                ] : 
  CPU memory per node (GiB): 251
  Total CPU memory (GiB): 251
[NVIDIA A100-SXM4-80GB, CUDA v12.9] : 
  GPU memory per device (GiB): 79
  GPU memory per node (GiB): 79
  Total GPU memory (GiB): 79
}

------------------------------------------------------------

Input file provided: /global/cfs/cdirs/m4262/heindelj/cavity_qed/mlip/lambda_scans/grid_scans_optimized_geoms/runs_grid_no_freq/para_th81_ph0/para_th81_ph0_qed_ccsd_input.json

{
  "geometry": {
    "coordinates": [
      "C    -0.512833269100    1.245837089300    0.799946310400",
      "C     0.842837987100    1.255298527000    0.785287134300",
      "C     1.486532547100    0.024686369400    0.741243889000",
      "H    -1.069612370800    2.172935035000    0.805168119400",
      "H     1.409907139300    2.171877000900    0.781405297900",
      "N     2.977261779600    0.045207848600    0.613849277200",
      "O     3.505305513300   -1.030602184900    0.548151126000",
      "O     3.478561480800    1.134781744700    0.566083115700",
      "C    -0.477181779300   -1.253579228300    0.812908878000",
      "H    -1.007085725800   -2.196411123600    0.827449373400",
      "C     0.878439378300   -1.223138470200    0.797276715200",
      "H     1.471407772400   -2.122971647700    0.800728578200",
      "C    -1.260225111300   -0.015499508200    0.699815889800",
      "H    -2.172492892100   -0.025576046800    1.284629587200",
      "Br   -1.784903217800   -0.035324927600   -1.198503696500"
    ],
    "units": "angstrom",
    "noorient": true
  },
  "common": {
    "maxiter": 100,
    "debug": false
  },
  "basis": {
    "basisset": "6-311G*"
  },
  "SCF": {
    "charge": 1,
    "multiplicity": 1,
    "lshift": 0,
    "tol_lindep": 1e-10,
    "conve": 1e-07,
    "convd": 1e-05,
    "diis_hist": 10,
    "writem": 10,
    "restart": false,
    "noscf": false,
    "scf_type": "restricted",
    "debug": false,
    "qed_omegas": [
      0.06615
    ],
    "qed_volumes": [],
    "qed_lambdas": [
      0.1
    ],
    "qed_polvecs": [
      [
        0.9876883405951378,
        0.0,
        0.15643446504023092
      ]
    ],
    "direct_df": false
  },
  "CD": {
    "debug": false,
    "diagtol": 1e-06
  },
  "CC": {
    "threshold": 1e-06,
    "ndiis": 5,
    "ccsd_maxiter": 200,
    "tilesize": 40,
    "freeze": {
      "atomic": true
    },
    "readt": false,
    "writet": true,
    "writet_iter": 5,
    "debug": false,
    "profile_ccsd": false,
    "balance_tiles": true
  },
  "TASK": {
    "scf": false,
    "ccsd": true
  }
}

Output folder & files prefix: para_th81_ph0_qed_ccsd_input.6-311g*

  C (carbon)
  ----------
          Exponent        Coefficients
      ----------------  --------------------
  1 S  4.56324000E+03      0.778202
  1 S  6.82024000E+02      1.448695
  1 S  1.54973000E+02      2.383089
  1 S  4.44553000E+01      3.200089
  1 S  1.30290000E+01      3.013004
  1 S  1.82773000E+00      0.247599

  2 S  2.09642000E+01      0.800629
  2 S  4.80331000E+00      2.127420
  2 S  1.45933000E+00     -0.002868

  3 P  2.09642000E+01      2.573592
  3 P  4.80331000E+00      2.408248
  3 P  1.45933000E+00      1.865281

  4 S  4.83456000E-01      0.413217

  5 P  4.83456000E-01      0.574627

  6 S  1.45585000E-01      0.167976

  7 P  1.45585000E-01      0.128185

  8 D  6.26000000E-01      0.725128


  H (hydrogen)
  ------------
          Exponent        Coefficients
      ----------------  --------------------
  1 S  3.38650000E+01      0.255069
  1 S  5.09479000E+00      0.460109
  1 S  1.15879000E+00      0.678321

  2 S  3.25840000E-01      0.307371

  3 S  1.02741000E-01      0.129336


  N (nitrogen)
  ------------
          Exponent        Coefficients
      ----------------  --------------------
  1 S  6.29348000E+03      0.991968
  1 S  9.49044000E+02      1.823240
  1 S  2.18776000E+02      2.979891
  1 S  6.36916000E+01      4.000007
  1 S  1.88282000E+01      3.881008
  1 S  2.72023000E+00      0.386764

  2 S  3.06331000E+01      1.038501
  2 S  7.02614000E+00      2.834794
  2 S  2.11205000E+00     -0.003208

  3 P  3.06331000E+01      3.935616
  3 P  7.02614000E+00      3.870994
  3 P  2.11205000E+00      2.967271

  4 S  6.84009000E-01      0.536051

  5 P  6.84009000E-01      0.886681

  6 S  2.00878000E-01      0.213850

  7 P  2.00878000E-01      0.191693

  8 D  9.13000000E-01      1.403568


  O (oxygen)
  ----------
          Exponent        Coefficients
      ----------------  --------------------
  1 S  8.58850000E+03      1.205013
  1 S  1.29723000E+03      2.216205
  1 S  2.99296000E+02      3.627452
  1 S  8.73771000E+01      4.888452
  1 S  2.56789000E+01      4.835721
  1 S  3.74004000E+00      0.538229

  2 S  4.21175000E+01      1.341958
  2 S  9.62837000E+00      3.587114
  2 S  2.85332000E+00     -0.005123

  3 P  4.21175000E+01      5.584018
  3 P  9.62837000E+00      5.733366
  3 P  2.85332000E+00      4.332955

  4 S  9.05661000E-01      0.661659

  5 P  9.05661000E-01      1.259352

  6 S  2.55611000E-01      0.256209

  7 P  2.55611000E-01      0.259068

  8 D  1.29200000E+00      2.577026


  Br (bromine)
  ------------
          Exponent        Coefficients
      ----------------  --------------------
  1 S  4.39700000E+05      9.893706
  1 S  6.60300000E+04     18.450679
  1 S  1.51400000E+04     31.049770
  1 S  4.31700000E+03     48.888138
  1 S  1.41400000E+03     64.847798
  1 S  5.23900000E+02     42.245010

  2 S  5.23900000E+02     14.290679
  2 S  2.07700000E+02     24.083128
  2 S  8.65400000E+01      5.132542

  3 S  3.05200000E+01      9.254405

  4 S  1.29800000E+01      4.873782

  5 S  4.41200000E+00      2.169635

  6 S  1.86200000E+00      1.136043

  7 S  3.93200000E-01      0.353892

  8 S  1.40000000E-01      0.163120

  9 P  2.95700000E+03    691.874478
  9 P  7.00300000E+02    925.332763
  9 P  2.24600000E+02   1068.830732

  10 P  8.25900000E+01    122.079275
  10 P  3.31900000E+01     57.580687
  10 P  1.42000000E+01     10.176170

  11 P  1.42000000E+01      3.129736
  11 P  7.43800000E+00      6.538168
  11 P  3.52600000E+00      4.166276

  12 P  1.59500000E+00      2.555000

  13 P  8.46200000E-01      1.156861

  14 P  3.18600000E-01      0.341191

  15 P  1.09600000E-01      0.089888

  16 D  1.34800000E+02    160.709187
  16 D  3.63900000E+01    119.797406
  16 D  1.21600000E+01     55.531619
  16 D  4.34100000E+00     12.984636

  17 D  1.53500000E+00      3.484168

  18 D  4.51000000E-01      0.408525



Printing Internal Coordinates

------------------------------------------------------------
                Bond Lengths

i      j        Length (Angstroms)     Length (Bohr)
0      1          1.3557835244         2.5620595472
0      3          1.0814531133         2.0436502022
0      12         1.4695545853         2.7770556932
1      2          1.3894922729         2.6257598499
1      4          1.0778212240         2.0367869260
2      5          1.4963034996         2.8276038154
2      10         1.3892385720         2.6252804246
5      6          1.2002140059         2.2680757636
5      7          1.2003142387         2.2682651762
8      9          1.0816383875         2.0440003196
8      10         1.3560529957         2.5625687741
8      12         1.4692815513         2.7765397339
10     11         1.0776470568         2.0364577978
12     13         1.0836701995         2.0478398878
12     14         1.9695932104         3.7219917471

Number of Bonds: 15

------------------------------------------------------------
           Bond Angles

i      j      k      Angle (degrees)
0      1      2        117.2183 
0      1      4        122.1444 
0      12     8        116.5488 
0      12     13       113.5377 
0      12     14       102.1101 
1      0      3        120.5886 
1      0      12       120.9169 
1      2      5        116.8775 
1      2      10       126.2599 
2      1      4        120.6182 
2      5      6        115.5111 
2      5      7        115.5896 
2      10     8        117.2714 
2      10     11       120.6159 
3      0      12       118.3134 
5      2      10       116.8617 
6      5      7        128.8828 
8      10     11       122.0925 
8      12     13       113.5328 
8      12     14       101.9861 
9      8      10       120.6289 
9      8      12       118.3234 
10     8      12       120.8619 
13     12     14       107.2045 

Number of Angles: 24

------------------------------------------------------------
              Torsional Angles

i      j      k      l      Angle (degrees)
3      0      1      2       -178.2312 
4      1      0      3          0.1904 
8      10     2      1          4.4023 
9      8      10     2        178.2439 
10     2      1      0         -4.4415 
10     2      1      4        177.1114 
11     10     2      1       -177.2016 
11     10     8      9         -0.1268 

Number of Torsional Angles: 8


----------------------------------------------------------------------
                          Center of Mass

         x               y               z              Unit
    0.1028150832-0.0005939625032  -0.04528259512      Angstrom
    0.1942923488  -0.00112242646  -0.08557170306          Bohr

----------------------------------------------------------------------
                Moment of Inertia Tensor

            1099.7          -43.4286          -953.155
          -43.4286           3656.72          -17.3137
          -953.155          -17.3137           3492.55

----------------------------------------------------------------------
                      Principal Moments of Inertia

           x                 y                 z                Unit
       214.4129871       1024.190116       1071.341611       amu * ang^2
       765.6826775       3657.449305       3825.830349      amu * bohr^2
  3.5604138447e-38  1.7007088607e-37  1.7790058132e-37          g * cm^2

 - Molecule is an asymmetric top.

----------------------------------------------------------------------

         Rotational constants (MHz)

    A = 2.3570e+03        B = 4.9344e+02        C = 4.7173e+02

----------------------------------------------------------------------

        Rotational constants (cm-1)

    A = 7.8622e-02        B = 1.6459e-02        C = 1.5735e-02

----------------------------------------------------------------------

                                Z-Matrix
C   
C        1       2.5620595
C        2       2.6257598     1       117.21834
H        3      6.31093144     2     22.34693703     1          1.2968
H        4      4.68582840     3     40.01938211     2          1.6573
N        5      5.00238643     4    126.37116552     3          3.0517
O        6      2.26807576     5    169.75930465     4         -4.4322
O        7      4.09243497     6     25.55974618     5        177.5704
C        8      8.74457280     7     59.66361422     6         -2.4684
H        9      2.04400032     8    150.39017383     7         -1.4849
C       10      4.01021745     9     33.35732715     8          4.5247
H       11      2.03645780    10     96.07871408     9        179.8920
C       12      6.52255073    11     19.02120328    10          5.4512
H       13      2.04783989    12    130.14932873    11       -128.7280
Br      14      4.74929634    13     48.47158555    12       -125.4579

----------------------------------------------------------------------

             Converted back to Cartesian

C        0.000000      0.000000      0.000000
C        0.000000      0.000000      2.562060
C        0.000000      0.093737     -0.062027
H       -0.000017     -0.174485      6.243202
H       -0.000011      0.081724      1.564384
N       -0.000175     -0.383821      6.545060
O        0.000154     -0.056301      4.300757
O       -0.002231     -0.678728      8.345581
C        0.011918      0.807848     -0.271695
H        0.003325      0.368638      1.724541
C        0.022424      1.270033     -2.183012
H        0.006201      0.754773     -0.212884
C        0.062231      2.441407     -6.513344
H        0.039085      1.834073     -4.557772
Br       0.100213      3.308994     -9.071827

----------------------------------------------------------------------
                       Geometry in bohr 

1     C      -0.9691144269    2.3542908963    1.5116794421
2     C       1.5927329641    2.3721704223    1.4839776140
3     C       2.8091393913    0.0466504772    1.4007479427
4     H      -2.0212744417    4.1062521055    1.5215472310
5     H       2.6643383562    4.1042527109    1.4766420064
6     N       5.6262093686    0.0854304526    1.1600070165
7     O       6.6240674078   -1.9475558742    1.0358555037
8     O       6.5735285108    2.1444267102    1.0697420532
9     C      -0.9017428752   -2.3689214186    1.5361751447
10    H      -1.9031162071   -4.1506154835    1.5636526988
11    C       1.6600098432   -2.3113967227    1.5066346383
12    H       2.7805577094   -4.0118349872    1.5131577140
13    C      -2.3814803173   -0.0292898256    1.3224603703
14    H      -4.1054165766   -0.0483317238    2.4275980930
15    Br     -3.3729782429   -0.0667544386   -2.2648437473

 Number of nodes, processes per node used for SCF calculation: 1, 4

Common Options
{
  maxiter       = 100
  basis         = 6-311g* spherical
  geom_units    = angstrom
  ang2au factor = 1.889726126
  debug         = false
  file_prefix   = para_th81_ph0_qed_ccsd_input
}

SCF Options
{
  charge            = 1
  multiplicity      = 1
  level shift       = 0
  tol_int           = 1e-22
  tol_sch           = 1e-12
  tol_lindep        = 1e-10
  conve             = 1e-07
  convd             = 1e-05
  diis_hist         = 10
  AO_tilesize       = 30
  writem            = 10
  damp              = 100
  n_lindep          = 0
  scf_type          = restricted
  cuscf             = false
  qed_omegas        = [0.06615,]
  qed_lambdas       = [0.1,]
  qed_polvecs       = [[0.9876883406,0,0.156434465,],]
  direct_df         = false
  restart_size      = 2000
  restart           = false
  debug             = false
}

Number of basis functions = 221

Total number of shells = 105

Total number of electrons = 98
  # of alpha electrons    = 49
  # of beta electons      = 49

Nuclear repulsion energy  = 751.052349739297

# of {all,non-negligible} shell-pairs = {5565,4928}
Number of AO tiles = 105

Time for initial setup: 0.03 secs
HF exch = 1.00

Time for computing 1-e integrals T, V, S: 0.03 secs
Time for computing orthogonalizer: 0.15 secs

Superposition of Atomic Density Guess ...
Time taken for SAD: 0.62 secs
Total Time to compute initial guess: 0.63 secs


 SCF iterations
-----------------------------------------------------------------------------
 Iter     Energy            E-Diff       RMSD        |[F,P]|^2       Time(s)
-----------------------------------------------------------------------------
   1  -3011.7707008074    -3.01e+03     1.67e-02     1.53e+03         0.6 
   2  -3005.6962282879     6.07e+00     6.73e-03     1.05e+01         2.2 
   3  -3006.0122378112    -3.16e-01     2.18e-03     2.47e+00         2.2 
   4  -3006.0841679953    -7.19e-02     1.20e-03     9.76e-02         2.1 
   5  -3006.0902479768    -6.08e-03     3.26e-04     1.32e-02         2.1 
   6  -3006.0910182806    -7.70e-04     2.47e-04     2.40e-03         2.1 
   7  -3006.0912518796    -2.34e-04     1.04e-04     3.62e-04         2.1 
   8  -3006.0912921964    -4.03e-05     2.34e-05     4.84e-05         2.1 
   9  -3006.0912971120    -4.92e-06     1.13e-05     1.03e-05         2.1 
  10  -3006.0912982820    -1.17e-06     5.76e-06     1.49e-06         2.2 
  11  -3006.0912984865    -2.05e-07     2.12e-06     1.81e-07         2.2 
  12  -3006.0912985092    -2.27e-08     8.76e-07     2.46e-08         2.2 

** Total SCF energy = -3006.0912985091613

Nuclear repulsion energy = 751.052349739297483
#electrons        = 98
1e energy kinetic = 3006.2279986637286129
1e energy N-e     = -8654.9918155934738024
1e energy         = -5640.6589383990267379
2e energy         = 1891.4157120729644248
QED energy        = 0.2044566083247625
QED eT energy     = 0.1863643001642699
QED eT energy from matrix = 0.1863643001642404

 Polarizability Matrix (QED energy = 0.5 * lambda.dot(matrix * lambda))
[40.73076211, -0.00314033,  0.80970417]
[-0.00314033, 43.88286182,  0.04297621]
[ 0.80970417,  0.04297621, 37.06723873]

 Polarizability Matrix (QED eT energy = 0.5 * lambda.dot(matrix * lambda))
[37.10570058, -0.00617517,  0.92808916]
[-0.00617517, 40.67604663,  0.05125207]
[ 0.92808916,  0.05125207, 32.21696537]


                      Electron        Nuclear        Total  
                  ------------------------------------------
    Monopole         -98.000000     99.000000      1.000000

      Dipole   X     -36.785332     35.182351     -1.602981
      Dipole   Y      -0.237227      0.217320     -0.019907
      Dipole   Z      -5.310241      6.767947      1.457706

  Quadrupole  XX   -1529.981887   1479.527216    -50.454671
  Quadrupole  XY     -20.500380     20.368550     -0.131831
  Quadrupole  XZ    -433.944477    433.131266     -0.813211
  Quadrupole  YY    -308.256671    267.133869    -41.122802
  Quadrupole  YZ      -7.809215      7.734146     -0.075068
  Quadrupole  ZZ    -343.785680    298.783495    -45.002186

    Octupole XXX   -4738.677275   4551.039358   -187.637917
    Octupole XXY     -51.113922     49.870129     -1.243794
    Octupole XXZ    -356.041494    338.408859    -17.632635
    Octupole XYY    -559.256091    509.768073    -49.488018
    Octupole XYZ       0.674340     -1.137621     -0.463281
    Octupole XZZ     385.452809   -431.197531    -45.744722
    Octupole YYY     -28.456275     26.616513     -1.839762
    Octupole YYZ    -376.293341    372.740117     -3.553224
    Octupole YZZ       9.621606    -10.585745     -0.964139
    Octupole ZZZ     168.274788   -235.693646    -67.418858

writing orbitals and density to disk ... done.

Total Time taken for Hartree-Fock: 26.65 secs

CD Options
{
  debug             = false
  skip_cd           = [false, 100]
  write_cv          = [false, 5000]
  diagtol           = 1e-06
  itilesize         = 1000
  max_cvecs_factor  = 12
}

- #occupied, #virtual = 98, 344

- Tilesize for the MSO space: 40

-----------------------------------------------------
Begin 2-index transformation ... 

nAO, nMO, nelectrons = 221, 442, 98
n_occ_alpha, n_vir_alpha, n_occ_beta, n_vir_beta = 49,172,49,172

Time taken for Fao->Fmo transform: 0.00 secs

-----------------------------------------------------
Number of AO tiles = 105
# of {all,non-negligible} shell-pairs = {5565,4928}

    Begin Cholesky Decomposition
---------------------------------------------
Total # of mpi ranks used for Cholesky decomposition: 4
  --> Number of nodes, mpi ranks per node: 1, 4
- CPU memory required for computing cholesky vectors: 1.93 GiB

- Time for computing the diagonal: 0.01 secs

- Total number of cholesky vectors = 1649

- Time to compute cholesky vectors: 13.42 secs

- CPU memory required for resizing the ao cholesky tensor: 1.57 GiB
- CPU memory required for ao2mo transformation: 1.70 GiB
- CPU memory required for the 2-step contraction: 2.12 GiB

- Time for ao to mo transform: 1.67 secs

   End Cholesky Decomposition
---------------------------------------------

Total Time taken for Cholesky Decomposition: 17.36 secs

scf_type = restricted
Closed-Shell SCF
QED-HF Enabled
nbf = 203
nbf_orig = 221
n_lindep = 0
focc = 1
nmo = 406
nocc = 62
nvir = 344
n_occ_alpha = 31
n_vir_alpha = 172
n_occ_beta = 31
n_vir_beta = 172
nelectrons = 98
nelectrons_alpha = 49
nelectrons_beta = 49
freeze atomic = true
n_frozen_core = 18
n_frozen_virtual = 0
----------------------------
--------- QED-CCSD --------
lambda_x: 0.0988
lambda_y: 0.0000
lambda_z: 0.0156
omega: 0.066150
coupling_factor_x: 0.017963
coupling_factor_y: 0.000000
coupling_factor_z: 0.002845
----------------------------
# of {all,non-negligible} shell-pairs = {5565,4928}
Number of AO tiles = 105
----------------------------
Electronic dipole expectation value using SCF density: 
dipole_x_elec: -36.78519464
dipole_y_elec: -0.23724397
dipole_z_elec: -5.31012165

d_n/N value: d_n is nuclear dipole moment and N is the total number of electrons 
d_nuc_x: 0.35900358
d_nuc_y: 0.00221755
d_nuc_z: 0.06906068

<d_e+d_n> expectation values: 
dipole_total_x: -1.60284390
dipole_total_y: -0.01992387
dipole_total_z: 1.45782542
----------------------------


 CCSD iterations
------------------------------------------------------------
  Iter     Residuum          Correlation          Time(s)
------------------------------------------------------------
   1     1.1848211347049    0.0000000000000         86.49
   2     0.1849752206572   -1.5753181679724         85.26
   3     0.0701410277880   -1.6262641351112         85.14
   4     0.0301274282817   -1.6941947225424         85.21
   5     0.0228401362093   -1.6908055695492         85.34
 MICROCYCLE DIIS UPDATE:                    6
   6     0.0120078750240   -1.7042089966718         84.20
   7     0.0080050451468   -1.7033923381588         84.26
   8     0.0070615143155   -1.7052666749337         84.27
   9     0.0077214477902   -1.7056605958324         84.21
  10     0.0103782204890   -1.7060873381797         84.24
 MICROCYCLE DIIS UPDATE:                   11
  11     0.0013557038411   -1.7070954785758         84.17
  12     0.0009109708498   -1.7069312186904         84.24
  13     0.0009201171906   -1.7071753290502         84.47
  14     0.0013897671077   -1.7070803311299         84.13
  15     0.0022934887638   -1.7071696351975         84.16
 MICROCYCLE DIIS UPDATE:                   16
  16     0.0001952158596   -1.7072036411072         84.21
  17     0.0001324427785   -1.7071511182415         84.25
  18     0.0001433915330   -1.7071763442224         84.20
  19     0.0001780149152   -1.7071791545590         84.50
  20     0.0002592079339   -1.7071839418266         84.09
 MICROCYCLE DIIS UPDATE:                   21
  21     0.0000401244814   -1.7072021418804         84.31
  22     0.0000291505681   -1.7071966477401         84.26
  23     0.0000262530257   -1.7072006250648         84.45
  24     0.0000353597247   -1.7071979350341         84.17
  25     0.0000569666636   -1.7071992123278         84.16
 MICROCYCLE DIIS UPDATE:                   26
  26     0.0000096795732   -1.7071989948858         84.15
  27     0.0000069943660   -1.7071974075787         84.08
  28     0.0000077529893   -1.7071986247463         84.98
  29     0.0000102817220   -1.7071986562845         84.21
  30     0.0000157654303   -1.7071988703291         84.18
 MICROCYCLE DIIS UPDATE:                   31
  31     0.0000025192149   -1.7071998942934         84.32
  32     0.0000018463617   -1.7071992945471         84.09
  33     0.0000016060663   -1.7071994446754         84.12
  34     0.0000018970895   -1.7071992570177         84.07
  35     0.0000027717121   -1.7071993158777         84.08
 MICROCYCLE DIIS UPDATE:                   36
  36     0.0000006447477   -1.7071992261093         84.06
------------------------------------------------------------------
 Iterations converged
 CCSD correlation energy / hartree =        -1.707199226109330
 CCSD total energy / hartree       =     -3007.798497735270757

Time taken for spin-orbital canonical QED-CCSD: 3131.30 secs
