
ExaChem Git Information
{
 WARNING: Failed to retrieve the current git state.
}


TAMM Git Information
{
 Branch: main
 Commit Hash: e71357ad [e71357ad54f38748b4a7e175aa6760820d5ce96f]
 Commit Date: 2026-02-02 23:14:56 -0800
 Commit Message: add GitHub Actions workflow for releases
}


date: Sun Aug  9 22:35:09 2026
program: "/global/cfs/cdirs/m3196/heindelj/cavity_qed/software/install_gpu/bin/bin/ExaChem"
nnodes: 1, nproc_per_node: 4, nproc_total: 4, ngpus_per_node: 1, ngpus_total: 1

Memory information
{
[AMD EPYC 7763 64-Core Processor                ] : 
  CPU memory per node (GiB): 251
  Total CPU memory (GiB): 251
[NVIDIA A100-SXM4-80GB, CUDA v12.9] : 
  GPU memory per device (GiB): 79
  GPU memory per node (GiB): 79
  Total GPU memory (GiB): 79
}

------------------------------------------------------------

Input file provided: /global/cfs/cdirs/m4262/heindelj/cavity_qed/mlip/lambda_scans/grid_scans_optimized_geoms/runs_grid_no_freq/para_th36_ph162/para_th36_ph162_qed_ccsd_input.json

{
  "geometry": {
    "coordinates": [
      "C    -0.472375943400    1.245434299200    0.512737868300",
      "C     0.878949402100    1.252746617800    0.674716689700",
      "C     1.524778354700    0.019354617900    0.744004949400",
      "H    -1.028818922800    2.171724197200    0.453580730900",
      "H     1.456125162200    2.165590119900    0.712203186600",
      "N     3.020207790100    0.038882153600    0.871606610900",
      "O     3.537671842200   -1.016213124800    1.119841853500",
      "O     3.543384966900    1.110147711100    0.723513192300",
      "C    -0.447807687400   -1.250082686400    0.497940131400",
      "H    -0.985726348600   -2.186863648500    0.416829618400",
      "C     0.904084177100   -1.226146422800    0.668795428800",
      "H     1.497652935500   -2.126935867000    0.715015812100",
      "C    -1.226831504200   -0.010570985500    0.534535832400",
      "H    -1.616985677400   -0.026142752200    1.565091498100",
      "Br   -2.818389256000   -0.013403751600   -0.544973733900"
    ],
    "units": "angstrom",
    "noorient": true
  },
  "common": {
    "maxiter": 100,
    "debug": false
  },
  "basis": {
    "basisset": "6-311G*"
  },
  "SCF": {
    "charge": 1,
    "multiplicity": 1,
    "lshift": 0,
    "tol_lindep": 1e-10,
    "conve": 1e-07,
    "convd": 1e-05,
    "diis_hist": 10,
    "writem": 10,
    "restart": false,
    "noscf": false,
    "scf_type": "restricted",
    "debug": false,
    "qed_omegas": [
      0.06615
    ],
    "qed_volumes": [],
    "qed_lambdas": [
      0.1
    ],
    "qed_polvecs": [
      [
        -0.5590169943749475,
        0.18163563200134028,
        0.8090169943749475
      ]
    ],
    "direct_df": false
  },
  "CD": {
    "debug": false,
    "diagtol": 1e-06
  },
  "CC": {
    "threshold": 1e-06,
    "ndiis": 5,
    "ccsd_maxiter": 200,
    "tilesize": 40,
    "freeze": {
      "atomic": true
    },
    "readt": false,
    "writet": true,
    "writet_iter": 5,
    "debug": false,
    "profile_ccsd": false,
    "balance_tiles": true
  },
  "TASK": {
    "scf": false,
    "ccsd": true
  }
}

Output folder & files prefix: para_th36_ph162_qed_ccsd_input.6-311g*

  C (carbon)
  ----------
          Exponent        Coefficients
      ----------------  --------------------
  1 S  4.56324000E+03      0.778202
  1 S  6.82024000E+02      1.448695
  1 S  1.54973000E+02      2.383089
  1 S  4.44553000E+01      3.200089
  1 S  1.30290000E+01      3.013004
  1 S  1.82773000E+00      0.247599

  2 S  2.09642000E+01      0.800629
  2 S  4.80331000E+00      2.127420
  2 S  1.45933000E+00     -0.002868

  3 P  2.09642000E+01      2.573592
  3 P  4.80331000E+00      2.408248
  3 P  1.45933000E+00      1.865281

  4 S  4.83456000E-01      0.413217

  5 P  4.83456000E-01      0.574627

  6 S  1.45585000E-01      0.167976

  7 P  1.45585000E-01      0.128185

  8 D  6.26000000E-01      0.725128


  H (hydrogen)
  ------------
          Exponent        Coefficients
      ----------------  --------------------
  1 S  3.38650000E+01      0.255069
  1 S  5.09479000E+00      0.460109
  1 S  1.15879000E+00      0.678321

  2 S  3.25840000E-01      0.307371

  3 S  1.02741000E-01      0.129336


  N (nitrogen)
  ------------
          Exponent        Coefficients
      ----------------  --------------------
  1 S  6.29348000E+03      0.991968
  1 S  9.49044000E+02      1.823240
  1 S  2.18776000E+02      2.979891
  1 S  6.36916000E+01      4.000007
  1 S  1.88282000E+01      3.881008
  1 S  2.72023000E+00      0.386764

  2 S  3.06331000E+01      1.038501
  2 S  7.02614000E+00      2.834794
  2 S  2.11205000E+00     -0.003208

  3 P  3.06331000E+01      3.935616
  3 P  7.02614000E+00      3.870994
  3 P  2.11205000E+00      2.967271

  4 S  6.84009000E-01      0.536051

  5 P  6.84009000E-01      0.886681

  6 S  2.00878000E-01      0.213850

  7 P  2.00878000E-01      0.191693

  8 D  9.13000000E-01      1.403568


  O (oxygen)
  ----------
          Exponent        Coefficients
      ----------------  --------------------
  1 S  8.58850000E+03      1.205013
  1 S  1.29723000E+03      2.216205
  1 S  2.99296000E+02      3.627452
  1 S  8.73771000E+01      4.888452
  1 S  2.56789000E+01      4.835721
  1 S  3.74004000E+00      0.538229

  2 S  4.21175000E+01      1.341958
  2 S  9.62837000E+00      3.587114
  2 S  2.85332000E+00     -0.005123

  3 P  4.21175000E+01      5.584018
  3 P  9.62837000E+00      5.733366
  3 P  2.85332000E+00      4.332955

  4 S  9.05661000E-01      0.661659

  5 P  9.05661000E-01      1.259352

  6 S  2.55611000E-01      0.256209

  7 P  2.55611000E-01      0.259068

  8 D  1.29200000E+00      2.577026


  Br (bromine)
  ------------
          Exponent        Coefficients
      ----------------  --------------------
  1 S  4.39700000E+05      9.893706
  1 S  6.60300000E+04     18.450679
  1 S  1.51400000E+04     31.049770
  1 S  4.31700000E+03     48.888138
  1 S  1.41400000E+03     64.847798
  1 S  5.23900000E+02     42.245010

  2 S  5.23900000E+02     14.290679
  2 S  2.07700000E+02     24.083128
  2 S  8.65400000E+01      5.132542

  3 S  3.05200000E+01      9.254405

  4 S  1.29800000E+01      4.873782

  5 S  4.41200000E+00      2.169635

  6 S  1.86200000E+00      1.136043

  7 S  3.93200000E-01      0.353892

  8 S  1.40000000E-01      0.163120

  9 P  2.95700000E+03    691.874478
  9 P  7.00300000E+02    925.332763
  9 P  2.24600000E+02   1068.830732

  10 P  8.25900000E+01    122.079275
  10 P  3.31900000E+01     57.580687
  10 P  1.42000000E+01     10.176170

  11 P  1.42000000E+01      3.129736
  11 P  7.43800000E+00      6.538168
  11 P  3.52600000E+00      4.166276

  12 P  1.59500000E+00      2.555000

  13 P  8.46200000E-01      1.156861

  14 P  3.18600000E-01      0.341191

  15 P  1.09600000E-01      0.089888

  16 D  1.34800000E+02    160.709187
  16 D  3.63900000E+01    119.797406
  16 D  1.21600000E+01     55.531619
  16 D  4.34100000E+00     12.984636

  17 D  1.53500000E+00      3.484168

  18 D  4.51000000E-01      0.408525



Printing Internal Coordinates

------------------------------------------------------------
                Bond Lengths

i      j        Length (Angstroms)     Length (Bohr)
0      1          1.3610182945         2.5719518290
0      3          1.0821928346         2.0450480729
0      12         1.4653421511         2.7690953462
1      2          1.3939697717         2.6342210963
1      4          1.0806573716         2.0421464683
2      5          1.5009905746         2.8364611035
2      10         1.3936249770         2.6335695287
5      6          1.2010894336         2.2697300821
5      7          1.2013558647         2.2702335640
8      9          1.0832792679         2.0471011343
8      10         1.3628558584         2.5754243214
8      12         1.4644475440         2.7674047839
10     11         1.0797600741         2.0404508217
12     13         1.1020470675         2.0825671354
12     14         1.9231237624         3.6341772172

Number of Bonds: 15

------------------------------------------------------------
           Bond Angles

i      j      k      Angle (degrees)
0      1      2        117.4623 
0      1      4        122.6129 
0      12     8        116.8225 
0      12     13       102.0227 
0      12     14       114.7721 
1      0      3        120.8256 
1      0      12       120.9329 
1      2      5        117.0199 
1      2      10       125.5726 
2      1      4        119.8831 
2      5      6        115.8091 
2      5      7        115.7851 
2      10     8        117.6624 
2      10     11       119.8964 
3      0      12       118.0173 
5      2      10       117.3836 
6      5      7        128.4024 
8      10     11       122.4127 
8      12     13       101.5215 
8      12     14       115.1487 
9      8      10       121.1409 
9      8      12       118.0121 
10     8      12       120.6425 
13     12     14       103.4094 

Number of Angles: 24

------------------------------------------------------------
              Torsional Angles

i      j      k      l      Angle (degrees)
3      0      1      2        179.9120 
4      1      0      3         -2.4431 
8      10     2      1          0.7819 
8      12     0      1        -10.5284 
8      12     0      3        174.8678 
9      8      10     2        179.0462 
9      8      12     0       -174.2178 
10     2      1      0         -0.3689 
10     2      1      4       -178.0810 
10     8      12     0         10.9195 
11     10     2      1        178.8879 
11     10     8      9          0.9912 
12     0      1      2          5.4600 
12     0      1      4       -176.8951 
12     8      10     2         -6.2534 
12     8      10     11       175.6916 
13     12     0      1         99.1366 
13     12     0      3        -75.4672 
13     12     8      9         75.8273 
13     12     8      10       -99.0354 
14     12     0      1       -149.7990 
14     12     0      3         35.5973 
14     12     8      9        -35.0986 
14     12     8      10       150.0388 

Number of Torsional Angles: 24


----------------------------------------------------------------------
                          Center of Mass

         x               y               z              Unit
   -0.2780816218  0.006612221951    0.2247998241      Angstrom
   -0.5254981058   0.01249528857    0.4248101007          Bohr

----------------------------------------------------------------------
                Moment of Inertia Tensor

           759.992          -37.3627          -1035.22
          -37.3627           4679.89           14.0803
          -1035.22           14.0803           4843.82

----------------------------------------------------------------------
                      Principal Moments of Inertia

           x                 y                 z                Unit
        143.458276       1310.236324       1426.035046       amu * ang^2
       512.2988041       4678.938856       5092.463599      amu * bohr^2
  2.3821823433e-38  2.1757000872e-37  2.3679885197e-37          g * cm^2

 - Molecule is an asymmetric top.

----------------------------------------------------------------------

         Rotational constants (MHz)

    A = 3.5228e+03        B = 3.8572e+02        C = 3.5439e+02

----------------------------------------------------------------------

        Rotational constants (cm-1)

    A = 1.1751e-01        B = 1.2866e-02        C = 1.1821e-02

----------------------------------------------------------------------

                                Z-Matrix
C   
C        1       2.5719518
C        2       2.6342211     1       117.46226
H        3      6.33492461     2     22.28322817     1         -0.0643
H        4      4.72124174     3     39.80790066     2          1.3024
N        5      4.99783464     4    126.61451314     3          0.7455
O        6      2.26973008     5    166.81300505     4        -45.3719
O        7      4.08745597     6     25.80186906     5       -140.4573
C        8      8.77272449     7     60.45061484     6         -3.7570
H        9      2.04710113     8    150.48357013     7        -17.5929
C       10      4.03439851     9     33.11876619     8          7.7590
H       11      2.04045082    10     96.67562536     9       -179.1575
C       12      6.52828278    11     18.76386208    10         -4.4529
H       13      2.08256714    12    102.80848719    11       -102.3544
Br      14      4.58853682    13     50.39164867    12       -140.5573

----------------------------------------------------------------------

             Converted back to Cartesian

C        0.000000      0.000000      0.000000
C        0.000000      0.000000      2.571952
C        0.000000      0.094235     -0.060583
H        0.000001     -0.175354      6.268603
H       -0.000024      0.082746      1.554421
N        0.000039     -0.382697      6.530535
O        0.001582     -0.056820      4.284322
O       -0.000260     -0.675440      8.324693
C       -0.000834      0.811664     -0.321070
H        0.002431      0.372618      1.678393
C       -0.005458      1.277566     -2.253194
H        0.003947      0.761766     -0.279036
C       -0.029453      2.447963     -6.585707
H       -0.010999      1.847785     -4.591583
Br      -0.057067      3.237237     -8.964450

----------------------------------------------------------------------
                       Geometry in bohr 

1     C      -0.8926611615    2.3535297333    0.9689341455
2     C       1.6609736485    2.3673480128    1.2750297561
3     C       2.8814134931    0.0365749271    1.4059655907
4     H      -1.9441859972    4.1039639537    0.8571433574
5     H       2.7516777616    4.0923722276    1.3458689687
6     N       5.7073655666    0.0734766215    1.6470977841
7     O       6.6852309051   -1.9203644914    2.1161944074
8     O       6.6960271461    2.0978751333    1.3672417819
9     C      -0.8462338863   -2.3623139120    0.9409704754
10    H      -1.8627528339   -4.1325733704    0.7876938199
11    C       1.7084714895   -2.3170809294    1.2638401947
12    H       2.8301538798   -4.0193262760    1.3511840606
13    C      -2.3183755456   -0.0199762675    1.0101263277
14    H      -3.0556600798   -0.0494026418    2.9575942934
15    Br     -5.3259838100   -0.0253294196   -1.0298511029

 Number of nodes, processes per node used for SCF calculation: 1, 4

Common Options
{
  maxiter       = 100
  basis         = 6-311g* spherical
  geom_units    = angstrom
  ang2au factor = 1.889726126
  debug         = false
  file_prefix   = para_th36_ph162_qed_ccsd_input
}

SCF Options
{
  charge            = 1
  multiplicity      = 1
  level shift       = 0
  tol_int           = 1e-22
  tol_sch           = 1e-12
  tol_lindep        = 1e-10
  conve             = 1e-07
  convd             = 1e-05
  diis_hist         = 10
  AO_tilesize       = 30
  writem            = 10
  damp              = 100
  n_lindep          = 0
  scf_type          = restricted
  cuscf             = false
  qed_omegas        = [0.06615,]
  qed_lambdas       = [0.1,]
  qed_polvecs       = [[-0.5590169944,0.181635632,0.8090169944,],]
  direct_df         = false
  restart_size      = 2000
  restart           = false
  debug             = false
}

Number of basis functions = 221

Total number of shells = 105

Total number of electrons = 98
  # of alpha electrons    = 49
  # of beta electons      = 49

Nuclear repulsion energy  = 721.823086655945

# of {all,non-negligible} shell-pairs = {5565,4837}
Number of AO tiles = 105

Time for initial setup: 0.02 secs
HF exch = 1.00

Time for computing 1-e integrals T, V, S: 0.01 secs
Time for computing orthogonalizer: 0.01 secs

Superposition of Atomic Density Guess ...
Time taken for SAD: 0.38 secs
Total Time to compute initial guess: 0.38 secs


 SCF iterations
-----------------------------------------------------------------------------
 Iter     Energy            E-Diff       RMSD        |[F,P]|^2       Time(s)
-----------------------------------------------------------------------------
   1  -3011.7291066940    -3.01e+03     1.73e-02     1.50e+03         0.6 
   2  -3005.8077073800     5.92e+00     7.07e-03     8.10e+00         2.0 
   3  -3006.0094833804    -2.02e-01     2.81e-03     3.61e+00         2.0 
   4  -3006.1120957260    -1.03e-01     1.23e-03     9.95e-02         2.0 
   5  -3006.1177463596    -5.65e-03     2.78e-04     1.19e-02         2.0 
   6  -3006.1183661317    -6.20e-04     2.00e-04     1.55e-03         2.0 
   7  -3006.1185366408    -1.71e-04     9.69e-05     2.39e-04         2.1 
   8  -3006.1185721801    -3.55e-05     3.10e-05     3.49e-05         2.1 
   9  -3006.1185773947    -5.21e-06     1.37e-05     5.86e-06         2.1 
  10  -3006.1185782032    -8.08e-07     4.40e-06     7.20e-07         2.1 
  11  -3006.1185782788    -7.56e-08     1.40e-06     1.10e-07         2.1 

** Total SCF energy = -3006.1185782788152

Nuclear repulsion energy = 721.823086655944621
#electrons        = 98
1e energy kinetic = 3006.1583875519149842
1e energy N-e     = -8596.8720239583799412
1e energy         = -5588.9042494057557633
2e energy         = 1862.5928211387376905
QED energy        = 0.1791503329691162
QED eT energy     = 0.1539206335686464
QED eT energy from matrix = 0.1539206335686374

 Polarizability Matrix (QED energy = 0.5 * lambda.dot(matrix * lambda))
[43.28815532,  0.21591522,  2.14194155]
[ 0.21591522, 43.66133394, -0.85334225]
[ 2.14194155, -0.85334225, 35.28465621]

 Polarizability Matrix (QED eT energy = 0.5 * lambda.dot(matrix * lambda))
[40.09483199,  0.22834833,  2.67915515]
[ 0.22834833, 40.44909830, -1.02313941]
[ 2.67915515, -1.02313941, 30.08425220]


                      Electron        Nuclear        Total  
                  ------------------------------------------
    Monopole         -98.000000     99.000000      1.000000

      Dipole   X      26.244094    -27.527049     -1.282955
      Dipole   Y      -1.420398      1.391415     -0.028983
      Dipole   Z     -50.641928     51.841069      1.199141

  Quadrupole  XX   -2144.139878   2094.441215    -49.698663
  Quadrupole  XY     -17.410415     17.227376     -0.183039
  Quadrupole  XZ    -466.808380    465.503889     -1.304490
  Quadrupole  YY    -305.188527    264.164303    -41.024224
  Quadrupole  YZ       7.155574     -6.538155      0.617419
  Quadrupole  ZZ    -216.180047    168.897973    -47.282074

    Octupole XXX   -1059.021735    925.171932   -133.849803
    Octupole XXY     -59.962068     57.889439     -2.072629
    Octupole XXZ    -864.308186    809.291620    -55.016565
    Octupole XYY    -536.624003    513.227430    -23.396573
    Octupole XYZ      67.329157    -63.959203      3.369954
    Octupole XZZ    -294.489317    274.196222    -20.293095
    Octupole YYY     -26.465656     23.444385     -3.021271
    Octupole YYZ    -357.698767    330.184017    -27.514750
    Octupole YZZ      36.054880    -34.973111      1.081769
    Octupole ZZZ    -279.998442    179.072498   -100.925944

writing orbitals and density to disk ... done.

Total Time taken for Hartree-Fock: 22.46 secs

CD Options
{
  debug             = false
  skip_cd           = [false, 100]
  write_cv          = [false, 5000]
  diagtol           = 1e-06
  itilesize         = 1000
  max_cvecs_factor  = 12
}

- #occupied, #virtual = 98, 344

- Tilesize for the MSO space: 40

-----------------------------------------------------
Begin 2-index transformation ... 

nAO, nMO, nelectrons = 221, 442, 98
n_occ_alpha, n_vir_alpha, n_occ_beta, n_vir_beta = 49,172,49,172

Time taken for Fao->Fmo transform: 0.00 secs

-----------------------------------------------------
Number of AO tiles = 105
# of {all,non-negligible} shell-pairs = {5565,4837}

    Begin Cholesky Decomposition
---------------------------------------------
Total # of mpi ranks used for Cholesky decomposition: 4
  --> Number of nodes, mpi ranks per node: 1, 4
- CPU memory required for computing cholesky vectors: 1.93 GiB

- Time for computing the diagonal: 0.01 secs

- Total number of cholesky vectors = 1646

- Time to compute cholesky vectors: 15.38 secs

- CPU memory required for resizing the ao cholesky tensor: 1.56 GiB
- CPU memory required for ao2mo transformation: 1.70 GiB
- CPU memory required for the 2-step contraction: 2.11 GiB

- Time for ao to mo transform: 1.62 secs

   End Cholesky Decomposition
---------------------------------------------

Total Time taken for Cholesky Decomposition: 18.93 secs

scf_type = restricted
Closed-Shell SCF
QED-HF Enabled
nbf = 203
nbf_orig = 221
n_lindep = 0
focc = 1
nmo = 406
nocc = 62
nvir = 344
n_occ_alpha = 31
n_vir_alpha = 172
n_occ_beta = 31
n_vir_beta = 172
nelectrons = 98
nelectrons_alpha = 49
nelectrons_beta = 49
freeze atomic = true
n_frozen_core = 18
n_frozen_virtual = 0
----------------------------
--------- QED-CCSD --------
lambda_x: -0.0559
lambda_y: 0.0182
lambda_z: 0.0809
omega: 0.066150
coupling_factor_x: -0.010167
coupling_factor_y: 0.003303
coupling_factor_z: 0.014713
----------------------------
# of {all,non-negligible} shell-pairs = {5565,4837}
Number of AO tiles = 105
----------------------------
Electronic dipole expectation value using SCF density: 
dipole_x_elec: 26.24428114
dipole_y_elec: -1.42062486
dipole_z_elec: -50.64185905

d_n/N value: d_n is nuclear dipole moment and N is the total number of electrons 
d_nuc_x: -0.28088826
d_nuc_y: 0.01419811
d_nuc_z: 0.52899050

<d_e+d_n> expectation values: 
dipole_total_x: -1.28276788
dipole_total_y: -0.02920979
dipole_total_z: 1.19920980
----------------------------


 CCSD iterations
------------------------------------------------------------
  Iter     Residuum          Correlation          Time(s)
------------------------------------------------------------
   1     1.1857232626855    0.0000000000000         85.28
   2     0.1643129997675   -1.6711675196362         84.04
   3     0.0626983730167   -1.6304436717064         83.67
   4     0.0185788593597   -1.6948065236925         83.78
   5     0.0135109432046   -1.6891297524295         83.98
 MICROCYCLE DIIS UPDATE:                    6
   6     0.0064498001976   -1.6974283560414         83.27
   7     0.0038603367704   -1.6974019266772         84.89
   8     0.0025884394093   -1.6982872341368         84.18
   9     0.0017293563463   -1.6984515231413         84.18
  10     0.0016024263918   -1.6986457766595         84.07
 MICROCYCLE DIIS UPDATE:                   11
  11     0.0003843302968   -1.6989436271300         83.31
  12     0.0003198749048   -1.6989630003262         83.71
  13     0.0002149831693   -1.6989867064904         84.05
  14     0.0002145060048   -1.6989711900357         83.71
  15     0.0001680679088   -1.6989805590858         83.61
 MICROCYCLE DIIS UPDATE:                   16
  16     0.0000604786315   -1.6989683154164         84.00
  17     0.0000370345549   -1.6989780380614         84.12
  18     0.0000303410245   -1.6989833678918         84.22
  19     0.0000251100735   -1.6989842501973         84.23
  20     0.0000257231047   -1.6989851759657         84.02
 MICROCYCLE DIIS UPDATE:                   21
  21     0.0000099445193   -1.6989862566618         83.24
  22     0.0000079765309   -1.6989869509811         83.43
  23     0.0000057882433   -1.6989867514314         83.59
  24     0.0000056848192   -1.6989864014639         84.03
  25     0.0000046686902   -1.6989864559529         84.34
 MICROCYCLE DIIS UPDATE:                   26
  26     0.0000020541136   -1.6989855630878         84.24
  27     0.0000012369727   -1.6989861960941         84.31
  28     0.0000009921376   -1.6989863318311         84.34
------------------------------------------------------------------
 Iterations converged
 CCSD correlation energy / hartree =        -1.698986331831085
 CCSD total energy / hartree       =     -3007.817564610646514

Time taken for spin-orbital canonical QED-CCSD: 2406.69 secs
