
ExaChem Git Information
{
 WARNING: Failed to retrieve the current git state.
}


TAMM Git Information
{
 Branch: main
 Commit Hash: e71357ad [e71357ad54f38748b4a7e175aa6760820d5ce96f]
 Commit Date: 2026-02-02 23:14:56 -0800
 Commit Message: add GitHub Actions workflow for releases
}


date: Sun Aug  9 16:17:07 2026
program: "/global/cfs/cdirs/m3196/heindelj/cavity_qed/software/install_gpu/bin/bin/ExaChem"
nnodes: 1, nproc_per_node: 4, nproc_total: 4, ngpus_per_node: 1, ngpus_total: 1

Memory information
{
[AMD EPYC 7763 64-Core Processor                ] : 
  CPU memory per node (GiB): 251
  Total CPU memory (GiB): 251
[NVIDIA A100-SXM4-80GB, CUDA v12.9] : 
  GPU memory per device (GiB): 79
  GPU memory per node (GiB): 79
  Total GPU memory (GiB): 79
}

------------------------------------------------------------

Input file provided: /global/cfs/cdirs/m4262/heindelj/cavity_qed/mlip/lambda_scans/grid_scans_optimized_geoms/runs_grid_no_freq/meta_th9_ph36/meta_th9_ph36_qed_ccsd_input.json

{
  "geometry": {
    "coordinates": [
      "C    -0.920911141100    2.025867664700    0.764780009100",
      "C     0.477735662200    1.961971820600    0.720794024500",
      "C     1.157074207700    0.736605034400    0.654278422400",
      "C     0.494047285400   -0.437053974700    0.583069258800",
      "C    -1.633577123000    0.869063722500    0.702121440000",
      "H    -1.414457687300    2.984891854600    0.832941627200",
      "H     1.074479285300    2.867520195700    0.741864956900",
      "H     1.033541162500   -1.374566434800    0.510741018300",
      "H    -2.717056831100    0.877688453000    0.717343116700",
      "N     2.645251307400    0.740931628700    0.651761387000",
      "O     3.178655325400   -0.335426178500    0.638247210500",
      "O     3.169025860400    1.823630550500    0.664145440000",
      "C    -0.975059118400   -0.444339969200    0.614486322900",
      "H    -1.269214855300   -1.008948473600    1.509099293800",
      "Br   -1.691366624500   -1.486236971100   -0.834215894200"
    ],
    "units": "angstrom",
    "noorient": true
  },
  "common": {
    "maxiter": 100,
    "debug": false
  },
  "basis": {
    "basisset": "6-311G*"
  },
  "SCF": {
    "charge": 1,
    "multiplicity": 1,
    "lshift": 0,
    "tol_lindep": 1e-10,
    "conve": 1e-07,
    "convd": 1e-05,
    "diis_hist": 10,
    "writem": 10,
    "restart": false,
    "noscf": false,
    "scf_type": "restricted",
    "debug": false,
    "qed_omegas": [
      0.06615
    ],
    "qed_volumes": [],
    "qed_lambdas": [
      0.1
    ],
    "qed_polvecs": [
      [
        0.12655814072350038,
        0.09194987150091018,
        0.9876883405951378
      ]
    ],
    "direct_df": false
  },
  "CD": {
    "debug": false,
    "diagtol": 1e-06
  },
  "CC": {
    "threshold": 1e-06,
    "ndiis": 5,
    "ccsd_maxiter": 200,
    "tilesize": 40,
    "freeze": {
      "atomic": true
    },
    "readt": false,
    "writet": true,
    "writet_iter": 5,
    "debug": false,
    "profile_ccsd": false,
    "balance_tiles": true
  },
  "TASK": {
    "scf": false,
    "ccsd": true
  }
}

Output folder & files prefix: meta_th9_ph36_qed_ccsd_input.6-311g*

  C (carbon)
  ----------
          Exponent        Coefficients
      ----------------  --------------------
  1 S  4.56324000E+03      0.778202
  1 S  6.82024000E+02      1.448695
  1 S  1.54973000E+02      2.383089
  1 S  4.44553000E+01      3.200089
  1 S  1.30290000E+01      3.013004
  1 S  1.82773000E+00      0.247599

  2 S  2.09642000E+01      0.800629
  2 S  4.80331000E+00      2.127420
  2 S  1.45933000E+00     -0.002868

  3 P  2.09642000E+01      2.573592
  3 P  4.80331000E+00      2.408248
  3 P  1.45933000E+00      1.865281

  4 S  4.83456000E-01      0.413217

  5 P  4.83456000E-01      0.574627

  6 S  1.45585000E-01      0.167976

  7 P  1.45585000E-01      0.128185

  8 D  6.26000000E-01      0.725128


  H (hydrogen)
  ------------
          Exponent        Coefficients
      ----------------  --------------------
  1 S  3.38650000E+01      0.255069
  1 S  5.09479000E+00      0.460109
  1 S  1.15879000E+00      0.678321

  2 S  3.25840000E-01      0.307371

  3 S  1.02741000E-01      0.129336


  N (nitrogen)
  ------------
          Exponent        Coefficients
      ----------------  --------------------
  1 S  6.29348000E+03      0.991968
  1 S  9.49044000E+02      1.823240
  1 S  2.18776000E+02      2.979891
  1 S  6.36916000E+01      4.000007
  1 S  1.88282000E+01      3.881008
  1 S  2.72023000E+00      0.386764

  2 S  3.06331000E+01      1.038501
  2 S  7.02614000E+00      2.834794
  2 S  2.11205000E+00     -0.003208

  3 P  3.06331000E+01      3.935616
  3 P  7.02614000E+00      3.870994
  3 P  2.11205000E+00      2.967271

  4 S  6.84009000E-01      0.536051

  5 P  6.84009000E-01      0.886681

  6 S  2.00878000E-01      0.213850

  7 P  2.00878000E-01      0.191693

  8 D  9.13000000E-01      1.403568


  O (oxygen)
  ----------
          Exponent        Coefficients
      ----------------  --------------------
  1 S  8.58850000E+03      1.205013
  1 S  1.29723000E+03      2.216205
  1 S  2.99296000E+02      3.627452
  1 S  8.73771000E+01      4.888452
  1 S  2.56789000E+01      4.835721
  1 S  3.74004000E+00      0.538229

  2 S  4.21175000E+01      1.341958
  2 S  9.62837000E+00      3.587114
  2 S  2.85332000E+00     -0.005123

  3 P  4.21175000E+01      5.584018
  3 P  9.62837000E+00      5.733366
  3 P  2.85332000E+00      4.332955

  4 S  9.05661000E-01      0.661659

  5 P  9.05661000E-01      1.259352

  6 S  2.55611000E-01      0.256209

  7 P  2.55611000E-01      0.259068

  8 D  1.29200000E+00      2.577026


  Br (bromine)
  ------------
          Exponent        Coefficients
      ----------------  --------------------
  1 S  4.39700000E+05      9.893706
  1 S  6.60300000E+04     18.450679
  1 S  1.51400000E+04     31.049770
  1 S  4.31700000E+03     48.888138
  1 S  1.41400000E+03     64.847798
  1 S  5.23900000E+02     42.245010

  2 S  5.23900000E+02     14.290679
  2 S  2.07700000E+02     24.083128
  2 S  8.65400000E+01      5.132542

  3 S  3.05200000E+01      9.254405

  4 S  1.29800000E+01      4.873782

  5 S  4.41200000E+00      2.169635

  6 S  1.86200000E+00      1.136043

  7 S  3.93200000E-01      0.353892

  8 S  1.40000000E-01      0.163120

  9 P  2.95700000E+03    691.874478
  9 P  7.00300000E+02    925.332763
  9 P  2.24600000E+02   1068.830732

  10 P  8.25900000E+01    122.079275
  10 P  3.31900000E+01     57.580687
  10 P  1.42000000E+01     10.176170

  11 P  1.42000000E+01      3.129736
  11 P  7.43800000E+00      6.538168
  11 P  3.52600000E+00      4.166276

  12 P  1.59500000E+00      2.555000

  13 P  8.46200000E-01      1.156861

  14 P  3.18600000E-01      0.341191

  15 P  1.09600000E-01      0.089888

  16 D  1.34800000E+02    160.709187
  16 D  3.63900000E+01    119.797406
  16 D  1.21600000E+01     55.531619
  16 D  4.34100000E+00     12.984636

  17 D  1.53500000E+00      3.484168

  18 D  4.51000000E-01      0.408525



Printing Internal Coordinates

------------------------------------------------------------
                Bond Lengths

i      j        Length (Angstroms)     Length (Bohr)
0      1          1.4007963186         2.6471214003
0      4          1.3601522925         2.5703153223
0      5          1.0807227194         2.0422699577
1      2          1.4026578148         2.6506391184
1      6          1.0846957156         2.0497778325
2      3          1.3498707028         2.5508859337
2      9          1.4881855177         2.8122630529
3      7          1.0840731666         2.0486013854
3      12         1.4694603579         2.7768776292
4      8          1.0836209500         2.0477468198
4      12         1.4718543180         2.7814015583
9      10         1.2013528243         2.2702278186
9      11         1.2028009405         2.2729643615
12     13         1.0980176358         2.0749526131
12     14         1.9228582682         3.6336755059

Number of Bonds: 15

------------------------------------------------------------
           Bond Angles

i      j      k      Angle (degrees)
0      1      2        121.6626 
0      1      6        120.7047 
0      4      8        121.0961 
0      4      12       121.8202 
1      0      4        118.8760 
1      0      5        119.8968 
1      2      3        121.6128 
1      2      9        118.8070 
2      1      6        117.6321 
2      3      7        120.7302 
2      3      12       119.6198 
2      9      10       116.1942 
2      9      11       115.9801 
3      2      9        119.5784 
3      12     4        116.3688 
3      12     13       106.7264 
3      12     14       111.0395 
4      0      5        121.2213 
4      12     13       106.8867 
4      12     14       111.2050 
7      3      12       119.6482 
8      4      12       117.0834 
10     9      11       127.8257 
13     12     14       103.6166 

Number of Angles: 24

------------------------------------------------------------
              Torsional Angles

i      j      k      l      Angle (degrees)
3      2      1      0          2.3179 
3      12     4      0         -0.6668 
4      0      1      2         -1.9276 
4      12     3      2          0.9752 
5      0      1      2        178.9470 
6      1      0      4        178.3531 
6      1      0      5         -0.7723 
6      1      2      3       -177.9545 
7      3      2      1        178.6770 
7      3      12     4       -179.4980 
8      4      0      1       -179.0193 
8      4      0      5          0.0941 
8      4      12     3        179.4824 
12     3      2      1         -1.8014 
12     4      0      1          1.1359 
12     4      0      5       -179.7507 
13     12     3      2       -118.2019 
13     12     3      7         61.3249 
13     12     4      0        118.4234 
13     12     4      8        -61.4273 
14     12     3      2        129.5276 
14     12     3      7        -50.9456 
14     12     4      0       -129.1389 
14     12     4      8         51.0104 

Number of Torsional Angles: 24


----------------------------------------------------------------------
                          Center of Mass

         x               y               z              Unit
  -0.08239838289   -0.1166299504   0.07938360186      Angstrom
   -0.1557103769   -0.2203986644    0.1500132664          Bohr

----------------------------------------------------------------------
                Moment of Inertia Tensor

           1729.11          -1009.66          -670.879
          -1009.66           3025.52          -603.684
          -670.879          -603.684           3961.12

----------------------------------------------------------------------
                      Principal Moments of Inertia

           x                 y                 z                Unit
       258.2792042       985.9387517       1196.443084       amu * ang^2
       922.3317826       3520.851202        4272.57582      amu * bohr^2
  4.2888300136e-38  1.6371909320e-37  1.9867418384e-37          g * cm^2

 - Molecule is an asymmetric top.

----------------------------------------------------------------------

         Rotational constants (MHz)

    A = 1.9567e+03        B = 5.1259e+02        C = 4.2240e+02

----------------------------------------------------------------------

        Rotational constants (cm-1)

    A = 6.5269e-02        B = 1.7098e-02        C = 1.4090e-02

----------------------------------------------------------------------

                                Z-Matrix
C   
C        1       2.6471214
C        2       2.6506391     1       121.66264
C        3      2.55088593     2    121.61283110     1          2.3179
C        4      4.72314448     3     87.77913346     2         -1.2865
H        5      4.02731449     4    115.73543816     3          0.3309
H        6      4.71178050     5     93.07580228     4          0.9528
H        7      8.02864399     6     92.25632772     5         -0.5992
H        8      8.27655211     7     59.48455937     6          0.6728
N        9     10.13734628     8     29.57721530     7         -1.3210
O       10      2.27022782     9    117.82700690     8         -3.8866
O       11      4.08036000    10     26.10405314     9       -179.3017
C       12      8.92775036    11     61.56031016    10         -0.3750
H       13      2.07495261    12    118.24726842    11         68.9830
Br      14      4.58901712    13     50.31476628    12       -145.5765

----------------------------------------------------------------------

             Converted back to Cartesian

C        0.000000      0.000000      0.000000
C        0.000000      0.000000      2.647121
C        0.000000      0.098212     -0.001698
C       -0.000067     -0.090651      2.542187
C        0.000195      0.384847     -2.156961
H       -0.000198     -0.161579      1.833111
H        0.000383      0.609797     -2.815098
H       -0.000768     -0.926626      5.065164
H        0.000495      0.804170     -3.028393
N       -0.001062     -1.404984      6.865313
O       -0.000609     -0.831062      4.668828
O        0.000307     -1.893907      8.608333
C       -0.010601      0.592568      0.033833
H       -0.005662     -0.056683      2.004588
Br      -0.015725      1.445845     -2.331468

----------------------------------------------------------------------
                       Geometry in bohr 

1     C      -1.7402698430    3.8283350536    1.4452247638
2     C       0.9027895621    3.7075894077    1.3621032995
3     C       2.1865533599    1.3919817780    1.2364070284
4     C       0.9336140627   -0.8259123144    1.1018412116
5     C      -3.0870133680    1.6422924215    1.3268172287
6     H      -2.6729376457    5.6406281206    1.5740315543
7     H       2.0304715772    5.4188278304    1.4019215909
8     H       1.9531097370   -2.5975541036    0.9651606459
9     H      -5.1344932793    1.6585908000    1.3555820289
10    N       4.9988005052    1.4001578563    1.2316505209
11    O       6.0067880137   -0.6338636128    1.2061124285
12    O       5.9885909621    3.4461622953    1.2550529894
13    C      -1.8425946903   -0.8396808486    1.1612108584
14    H      -2.3984684715   -1.9066362903    2.8517843621
15    Br     -3.1962196988   -2.8085808336   -1.5764395699

 Number of nodes, processes per node used for SCF calculation: 1, 4

Common Options
{
  maxiter       = 100
  basis         = 6-311g* spherical
  geom_units    = angstrom
  ang2au factor = 1.889726126
  debug         = false
  file_prefix   = meta_th9_ph36_qed_ccsd_input
}

SCF Options
{
  charge            = 1
  multiplicity      = 1
  level shift       = 0
  tol_int           = 1e-22
  tol_sch           = 1e-12
  tol_lindep        = 1e-10
  conve             = 1e-07
  convd             = 1e-05
  diis_hist         = 10
  AO_tilesize       = 30
  writem            = 10
  damp              = 100
  n_lindep          = 0
  scf_type          = restricted
  cuscf             = false
  qed_omegas        = [0.06615,]
  qed_lambdas       = [0.1,]
  qed_polvecs       = [[0.1265581407,0.0919498715,0.9876883406,],]
  direct_df         = false
  restart_size      = 2000
  restart           = false
  debug             = false
}

Number of basis functions = 221

Total number of shells = 105

Total number of electrons = 98
  # of alpha electrons    = 49
  # of beta electons      = 49

Nuclear repulsion energy  = 736.820474346307

# of {all,non-negligible} shell-pairs = {5565,4894}
Number of AO tiles = 105

Time for initial setup: 0.04 secs
HF exch = 1.00

Time for computing 1-e integrals T, V, S: 0.01 secs
Time for computing orthogonalizer: 0.01 secs

Superposition of Atomic Density Guess ...
Time taken for SAD: 0.32 secs
Total Time to compute initial guess: 0.32 secs


 SCF iterations
-----------------------------------------------------------------------------
 Iter     Energy            E-Diff       RMSD        |[F,P]|^2       Time(s)
-----------------------------------------------------------------------------
   1  -3011.7036817773    -3.01e+03     1.68e-02     1.50e+03         0.6 
   2  -3005.8367619414     5.87e+00     6.63e-03     7.42e+00         2.1 
   3  -3006.0226554482    -1.86e-01     2.63e-03     3.58e+00         2.1 
   4  -3006.1251112135    -1.02e-01     1.13e-03     9.93e-02         2.1 
   5  -3006.1312218234    -6.11e-03     2.41e-04     8.00e-03         2.1 
   6  -3006.1317199736    -4.98e-04     1.57e-04     1.35e-03         2.1 
   7  -3006.1318623746    -1.42e-04     6.37e-05     2.44e-04         2.1 
   8  -3006.1318867464    -2.44e-05     2.34e-05     4.28e-05         2.1 
   9  -3006.1318906813    -3.93e-06     9.44e-06     6.74e-06         2.1 
  10  -3006.1318912960    -6.15e-07     3.93e-06     1.23e-06         2.1 
  11  -3006.1318914009    -1.05e-07     1.95e-06     1.49e-07         2.1 
  12  -3006.1318914193    -1.84e-08     7.06e-07     1.68e-08         2.1 

** Total SCF energy = -3006.1318914192561

Nuclear repulsion energy = 736.820474346307265
#electrons        = 98
1e energy kinetic = 3006.1831619316290016
1e energy N-e     = -8626.9578601428456750
1e energy         = -5618.8014945340037229
2e energy         = 1877.6433958271538813
QED energy        = 0.1789366184985264
QED eT energy     = 0.1538957354878607
QED eT energy from matrix = 0.1538957354878558

 Polarizability Matrix (QED energy = 0.5 * lambda.dot(matrix * lambda))
[41.16268422,  1.53871125,  0.53106876]
[ 1.53871125, 44.87823145,  1.20673831]
[ 0.53106876,  1.20673831, 35.22278402]

 Polarizability Matrix (QED eT energy = 0.5 * lambda.dot(matrix * lambda))
[37.43657770,  1.76567265,  0.70994421]
[ 1.76567265, 41.91240776,  1.58458357]
[ 0.70994421,  1.58458357, 30.05424934]


                      Electron        Nuclear        Total  
                  ------------------------------------------
    Monopole         -98.000000     99.000000      1.000000

      Dipole   X       0.909016     -3.016898     -2.107882
      Dipole   Y       5.640890     -4.359345      1.281544
      Dipole   Z     -25.675845     27.085599      1.409754

  Quadrupole  XX   -1340.246824   1289.751424    -50.495400
  Quadrupole  XY    -459.199028    457.342851     -1.856177
  Quadrupole  XZ    -304.065837    301.528556     -2.537281
  Quadrupole  YY    -707.007543    668.889717    -38.117827
  Quadrupole  YZ    -279.010508    281.887780      2.877272
  Quadrupole  ZZ    -241.958236    195.956760    -46.001476

    Octupole XXX   -2992.355536   2857.503205   -134.852331
    Octupole XXY    -351.705536    332.044026    -19.661509
    Octupole XXZ    -635.568206    606.524462    -29.043744
    Octupole XYY     335.410449   -367.725929    -32.315480
    Octupole XYZ     310.442851   -318.706082     -8.263231
    Octupole XZZ     123.327353   -141.730633    -18.403280
    Octupole YYY    -572.024141    566.144612     -5.879529
    Octupole YYZ    -115.929410    101.341994    -14.587416
    Octupole YZZ      55.086908    -77.073259    -21.986351
    Octupole ZZZ     -90.251846     15.098944    -75.152902

writing orbitals and density to disk ... done.

Total Time taken for Hartree-Fock: 25.03 secs

CD Options
{
  debug             = false
  skip_cd           = [false, 100]
  write_cv          = [false, 5000]
  diagtol           = 1e-06
  itilesize         = 1000
  max_cvecs_factor  = 12
}

- #occupied, #virtual = 98, 344

- Tilesize for the MSO space: 40

-----------------------------------------------------
Begin 2-index transformation ... 

nAO, nMO, nelectrons = 221, 442, 98
n_occ_alpha, n_vir_alpha, n_occ_beta, n_vir_beta = 49,172,49,172

Time taken for Fao->Fmo transform: 0.00 secs

-----------------------------------------------------
Number of AO tiles = 105
# of {all,non-negligible} shell-pairs = {5565,4894}

    Begin Cholesky Decomposition
---------------------------------------------
Total # of mpi ranks used for Cholesky decomposition: 4
  --> Number of nodes, mpi ranks per node: 1, 4
- CPU memory required for computing cholesky vectors: 1.93 GiB

- Time for computing the diagonal: 0.01 secs

- Total number of cholesky vectors = 1648

- Time to compute cholesky vectors: 14.06 secs

- CPU memory required for resizing the ao cholesky tensor: 1.57 GiB
- CPU memory required for ao2mo transformation: 1.70 GiB
- CPU memory required for the 2-step contraction: 2.11 GiB

- Time for ao to mo transform: 1.57 secs

   End Cholesky Decomposition
---------------------------------------------

Total Time taken for Cholesky Decomposition: 18.02 secs

scf_type = restricted
Closed-Shell SCF
QED-HF Enabled
nbf = 203
nbf_orig = 221
n_lindep = 0
focc = 1
nmo = 406
nocc = 62
nvir = 344
n_occ_alpha = 31
n_vir_alpha = 172
n_occ_beta = 31
n_vir_beta = 172
nelectrons = 98
nelectrons_alpha = 49
nelectrons_beta = 49
freeze atomic = true
n_frozen_core = 18
n_frozen_virtual = 0
----------------------------
--------- QED-CCSD --------
lambda_x: 0.0127
lambda_y: 0.0092
lambda_z: 0.0988
omega: 0.066150
coupling_factor_x: 0.002302
coupling_factor_y: 0.001672
coupling_factor_z: 0.017963
----------------------------
# of {all,non-negligible} shell-pairs = {5565,4894}
Number of AO tiles = 105
----------------------------
Electronic dipole expectation value using SCF density: 
dipole_x_elec: 0.90909023
dipole_y_elec: 5.64092462
dipole_z_elec: -25.67582582

d_n/N value: d_n is nuclear dipole moment and N is the total number of electrons 
d_nuc_x: -0.03078467
d_nuc_y: -0.04448312
d_nuc_z: 0.27638366

<d_e+d_n> expectation values: 
dipole_total_x: -2.10780747
dipole_total_y: 1.28157924
dipole_total_z: 1.40977275
----------------------------


 CCSD iterations
------------------------------------------------------------
  Iter     Residuum          Correlation          Time(s)
------------------------------------------------------------
   1     1.1852768616768    0.0000000000000         86.05
   2     0.1636683329816   -1.6672095146609         85.23
   3     0.0647493090144   -1.6228564440944         85.09
   4     0.0187856562137   -1.6887839615566         85.03
   5     0.0146260211086   -1.6821997235486         84.96
 MICROCYCLE DIIS UPDATE:                    6
   6     0.0064487168934   -1.6908111666824         83.84
   7     0.0039996909644   -1.6907361055381         83.82
   8     0.0023723020775   -1.6917205640210         83.99
   9     0.0016077682547   -1.6918597648338         83.82
  10     0.0011917384712   -1.6920931737904         83.74
 MICROCYCLE DIIS UPDATE:                   11
  11     0.0003053240678   -1.6923854666748         84.73
  12     0.0001949702747   -1.6924435654995         83.59
  13     0.0001365871713   -1.6924431708745         83.71
  14     0.0001131035889   -1.6924371984401         85.24
  15     0.0000947678719   -1.6924395976192         85.37
 MICROCYCLE DIIS UPDATE:                   16
  16     0.0000300427412   -1.6924298543410         84.65
  17     0.0000197133404   -1.6924388032523         84.67
  18     0.0000151186705   -1.6924399491965         84.62
  19     0.0000119941150   -1.6924414435214         84.63
  20     0.0000101089104   -1.6924416217484         84.77
 MICROCYCLE DIIS UPDATE:                   21
  21     0.0000042287783   -1.6924428494071         85.09
  22     0.0000023992315   -1.6924431217671         84.66
  23     0.0000018522021   -1.6924429658987         84.65
  24     0.0000014487564   -1.6924427362449         84.63
  25     0.0000012771062   -1.6924427272858         84.68
 MICROCYCLE DIIS UPDATE:                   26
  26     0.0000005909061   -1.6924423403857         84.48
------------------------------------------------------------------
 Iterations converged
 CCSD correlation energy / hartree =        -1.692442340385672
 CCSD total energy / hartree       =     -3007.824333759641831

Time taken for spin-orbital canonical QED-CCSD: 2258.88 secs
