
ExaChem Git Information
{
 WARNING: Failed to retrieve the current git state.
}


TAMM Git Information
{
 Branch: main
 Commit Hash: e71357ad [e71357ad54f38748b4a7e175aa6760820d5ce96f]
 Commit Date: 2026-02-02 23:14:56 -0800
 Commit Message: add GitHub Actions workflow for releases
}


date: Sun Aug  9 20:07:09 2026
program: "/global/cfs/cdirs/m3196/heindelj/cavity_qed/software/install_gpu/bin/bin/ExaChem"
nnodes: 1, nproc_per_node: 4, nproc_total: 4, ngpus_per_node: 1, ngpus_total: 1

Memory information
{
[AMD EPYC 7763 64-Core Processor                ] : 
  CPU memory per node (GiB): 251
  Total CPU memory (GiB): 251
[NVIDIA A100-SXM4-40GB, CUDA v12.9] : 
  GPU memory per device (GiB): 39
  GPU memory per node (GiB): 39
  Total GPU memory (GiB): 39
}

------------------------------------------------------------

Input file provided: /global/cfs/cdirs/m4262/heindelj/cavity_qed/mlip/lambda_scans/grid_scans_optimized_geoms/runs_grid_no_freq/meta_th45_ph72/meta_th45_ph72_qed_ccsd_input.json

{
  "geometry": {
    "coordinates": [
      "C    -0.930577994200    1.988167894800    0.817540587300",
      "C     0.453003891800    1.919528629200    0.641527960500",
      "C     1.145827106300    0.702142736700    0.692923606500",
      "C     0.493895866500   -0.472505483900    0.778778127300",
      "C    -1.637140843700    0.829692584400    0.896800722800",
      "H    -1.426502396600    2.944668632900    0.865391055500",
      "H     1.033356457500    2.819764844200    0.483759518200",
      "H     1.036033166500   -1.409217152200    0.802941335700",
      "H    -2.717045533500    0.837480586300    0.985389056500",
      "N     2.624205913600    0.722286950300    0.618419953000",
      "O     3.197081736600   -0.198710537700    1.135410166100",
      "O     3.099606637800    1.656084923500    0.027210719100",
      "C    -0.979496934000   -0.475008505200    0.684825323100",
      "H    -1.437657486100   -1.284874104200    1.248233755200",
      "Br   -1.346422865800   -0.777903048300   -1.207694225700"
    ],
    "units": "angstrom",
    "noorient": true
  },
  "common": {
    "maxiter": 100,
    "debug": false
  },
  "basis": {
    "basisset": "6-311G*"
  },
  "SCF": {
    "charge": 1,
    "multiplicity": 1,
    "lshift": 0,
    "tol_lindep": 1e-10,
    "conve": 1e-07,
    "convd": 1e-05,
    "diis_hist": 10,
    "writem": 10,
    "restart": false,
    "noscf": false,
    "scf_type": "restricted",
    "debug": false,
    "qed_omegas": [
      0.06615
    ],
    "qed_volumes": [],
    "qed_lambdas": [
      0.1
    ],
    "qed_polvecs": [
      [
        0.21850801222441055,
        0.6724985119639573,
        0.7071067811865476
      ]
    ],
    "direct_df": false
  },
  "CD": {
    "debug": false,
    "diagtol": 1e-06
  },
  "CC": {
    "threshold": 1e-06,
    "ndiis": 5,
    "ccsd_maxiter": 200,
    "tilesize": 40,
    "freeze": {
      "atomic": true
    },
    "readt": false,
    "writet": true,
    "writet_iter": 5,
    "debug": false,
    "profile_ccsd": false,
    "balance_tiles": true
  },
  "TASK": {
    "scf": false,
    "ccsd": true
  }
}

Output folder & files prefix: meta_th45_ph72_qed_ccsd_input.6-311g*

  C (carbon)
  ----------
          Exponent        Coefficients
      ----------------  --------------------
  1 S  4.56324000E+03      0.778202
  1 S  6.82024000E+02      1.448695
  1 S  1.54973000E+02      2.383089
  1 S  4.44553000E+01      3.200089
  1 S  1.30290000E+01      3.013004
  1 S  1.82773000E+00      0.247599

  2 S  2.09642000E+01      0.800629
  2 S  4.80331000E+00      2.127420
  2 S  1.45933000E+00     -0.002868

  3 P  2.09642000E+01      2.573592
  3 P  4.80331000E+00      2.408248
  3 P  1.45933000E+00      1.865281

  4 S  4.83456000E-01      0.413217

  5 P  4.83456000E-01      0.574627

  6 S  1.45585000E-01      0.167976

  7 P  1.45585000E-01      0.128185

  8 D  6.26000000E-01      0.725128


  H (hydrogen)
  ------------
          Exponent        Coefficients
      ----------------  --------------------
  1 S  3.38650000E+01      0.255069
  1 S  5.09479000E+00      0.460109
  1 S  1.15879000E+00      0.678321

  2 S  3.25840000E-01      0.307371

  3 S  1.02741000E-01      0.129336


  N (nitrogen)
  ------------
          Exponent        Coefficients
      ----------------  --------------------
  1 S  6.29348000E+03      0.991968
  1 S  9.49044000E+02      1.823240
  1 S  2.18776000E+02      2.979891
  1 S  6.36916000E+01      4.000007
  1 S  1.88282000E+01      3.881008
  1 S  2.72023000E+00      0.386764

  2 S  3.06331000E+01      1.038501
  2 S  7.02614000E+00      2.834794
  2 S  2.11205000E+00     -0.003208

  3 P  3.06331000E+01      3.935616
  3 P  7.02614000E+00      3.870994
  3 P  2.11205000E+00      2.967271

  4 S  6.84009000E-01      0.536051

  5 P  6.84009000E-01      0.886681

  6 S  2.00878000E-01      0.213850

  7 P  2.00878000E-01      0.191693

  8 D  9.13000000E-01      1.403568


  O (oxygen)
  ----------
          Exponent        Coefficients
      ----------------  --------------------
  1 S  8.58850000E+03      1.205013
  1 S  1.29723000E+03      2.216205
  1 S  2.99296000E+02      3.627452
  1 S  8.73771000E+01      4.888452
  1 S  2.56789000E+01      4.835721
  1 S  3.74004000E+00      0.538229

  2 S  4.21175000E+01      1.341958
  2 S  9.62837000E+00      3.587114
  2 S  2.85332000E+00     -0.005123

  3 P  4.21175000E+01      5.584018
  3 P  9.62837000E+00      5.733366
  3 P  2.85332000E+00      4.332955

  4 S  9.05661000E-01      0.661659

  5 P  9.05661000E-01      1.259352

  6 S  2.55611000E-01      0.256209

  7 P  2.55611000E-01      0.259068

  8 D  1.29200000E+00      2.577026


  Br (bromine)
  ------------
          Exponent        Coefficients
      ----------------  --------------------
  1 S  4.39700000E+05      9.893706
  1 S  6.60300000E+04     18.450679
  1 S  1.51400000E+04     31.049770
  1 S  4.31700000E+03     48.888138
  1 S  1.41400000E+03     64.847798
  1 S  5.23900000E+02     42.245010

  2 S  5.23900000E+02     14.290679
  2 S  2.07700000E+02     24.083128
  2 S  8.65400000E+01      5.132542

  3 S  3.05200000E+01      9.254405

  4 S  1.29800000E+01      4.873782

  5 S  4.41200000E+00      2.169635

  6 S  1.86200000E+00      1.136043

  7 S  3.93200000E-01      0.353892

  8 S  1.40000000E-01      0.163120

  9 P  2.95700000E+03    691.874478
  9 P  7.00300000E+02    925.332763
  9 P  2.24600000E+02   1068.830732

  10 P  8.25900000E+01    122.079275
  10 P  3.31900000E+01     57.580687
  10 P  1.42000000E+01     10.176170

  11 P  1.42000000E+01      3.129736
  11 P  7.43800000E+00      6.538168
  11 P  3.52600000E+00      4.166276

  12 P  1.59500000E+00      2.555000

  13 P  8.46200000E-01      1.156861

  14 P  3.18600000E-01      0.341191

  15 P  1.09600000E-01      0.089888

  16 D  1.34800000E+02    160.709187
  16 D  3.63900000E+01    119.797406
  16 D  1.21600000E+01     55.531619
  16 D  4.34100000E+00     12.984636

  17 D  1.53500000E+00      3.484168

  18 D  4.51000000E-01      0.408525



Printing Internal Coordinates

------------------------------------------------------------
                Bond Lengths

i      j        Length (Angstroms)     Length (Bohr)
0      1          1.3964206490         2.6388525831
0      4          1.3592565152         2.5686225486
0      5          1.0784824255         2.0380364159
1      2          1.4016682668         2.6487691437
1      6          1.0826473224         2.0459069303
2      3          1.3461737564         2.5438997174
2      9          1.4803920027         2.7975354441
3      7          1.0825550620         2.0457325834
3      12         1.4763873947         2.7899678316
4      8          1.0835601898         2.0476319996
4      12         1.4763719095         2.7899385690
9      10         1.2015414940         2.2705843527
9      11         1.2031262866         2.2735791766
12     13         1.0877602867         2.0555690325
12     14         1.9514123056         3.6876348162

Number of Bonds: 15

------------------------------------------------------------
           Bond Angles

i      j      k      Angle (degrees)
0      1      2        121.8576 
0      1      6        120.5718 
0      4      8        121.1114 
0      4      12       120.8813 
1      0      4        118.7176 
1      0      5        120.3177 
1      2      3        121.3876 
1      2      9        118.6821 
2      1      6        117.5533 
2      3      7        120.9256 
2      3      12       118.7326 
2      9      10       116.3626 
2      9      11       115.4607 
3      2      9        119.9146 
3      12     4        115.7158 
3      12     13       112.8701 
3      12     14       104.4556 
4      0      5        120.9488 
4      12     13       113.3262 
4      12     14       101.1079 
7      3      12       119.9823 
8      4      12       117.5184 
10     9      11       128.1674 
13     12     14       107.9122 

Number of Angles: 24

------------------------------------------------------------
              Torsional Angles

i      j      k      l      Angle (degrees)
3      2      1      0          6.8613 
4      0      1      2         -7.1833 
5      0      1      2        174.2537 
6      1      0      4        174.3684 
6      1      0      5         -4.1946 
6      1      2      3       -174.6456 
7      3      2      1        179.0681 
8      4      0      1       -177.0343 
8      4      0      5          1.5193 

Number of Torsional Angles: 9


----------------------------------------------------------------------
                          Center of Mass

         x               y               z              Unit
   0.04369254614    0.1433867781  -0.05267401146      Angstrom
   0.08256694595    0.2709617408  -0.09953945562          Bohr

----------------------------------------------------------------------
                Moment of Inertia Tensor

           1484.78          -578.827          -681.991
          -578.827           2979.97          -438.265
          -681.991          -438.265           3125.95

----------------------------------------------------------------------
                      Principal Moments of Inertia

           x                 y                 z                Unit
       278.3315372       862.8425066       984.4396515       amu * ang^2
       993.9399637        3081.26653       3515.497818      amu * bohr^2
  4.6218070640e-38  1.4327846685e-37  1.6347016157e-37          g * cm^2

 - Molecule is an asymmetric top.

----------------------------------------------------------------------

         Rotational constants (MHz)

    A = 1.8157e+03        B = 5.8571e+02        C = 5.1337e+02

----------------------------------------------------------------------

        Rotational constants (cm-1)

    A = 6.0567e-02        B = 1.9537e-02        C = 1.7124e-02

----------------------------------------------------------------------

                                Z-Matrix
C   
C        1       2.6388526
C        2       2.6487691     1       121.85759
C        3      2.54389972     2    121.38762997     1          6.8613
C        4      4.72468062     3     87.78294986     2         -3.0872
H        5      4.01693674     4    115.66186900     3         -1.5267
H        6      4.70998805     5     92.87741985     4          5.3669
H        7      8.01434898     6     92.23914786     5         -4.3078
H        8      8.27314622     7     59.39392086     6          3.6629
N        9     10.11963831     8     29.66345347     7         -2.6947
O       10      2.27058435     9    117.55215242     8        -29.4117
O       11      4.08717383    10     25.93462526     9       -178.9960
C       12      8.78531666    11     64.78311081    10        -10.3359
H       13      2.05556903    12    141.63945975    11         11.1738
Br      14      4.74201748    13     47.72779023    12       -125.1661

----------------------------------------------------------------------

             Converted back to Cartesian

C        0.000000      0.000000      0.000000
C        0.000000      0.000000      2.638853
C        0.000000      0.098300     -0.008092
C       -0.000197     -0.090022      2.528828
C        0.000551      0.385592     -2.171853
H       -0.000447     -0.159304      1.807955
H        0.000845      0.611355     -2.838557
H       -0.001262     -0.921574      5.027822
H        0.000685      0.807506     -3.062619
N       -0.001481     -1.396823      6.814021
O       -0.000458     -0.823211      4.617086
O       -0.000752     -1.886918      8.563416
C       -0.007881      0.566275      0.127565
H       -0.002548     -0.092245      2.074790
Br      -0.015069      1.492048     -2.394727

----------------------------------------------------------------------
                       Geometry in bohr 

1     C      -1.7585375478    3.7570928135    1.5449278068
2     C       0.8560532895    3.6273834000    1.2123121475
3     C       2.1652994185    1.3268574737    1.3094358425
4     C       0.9333279224   -0.8929059576    1.4716773734
5     C      -3.0937478241    1.5678917532    1.6947077556
6     H      -2.6956988475    5.5646172477    1.6353520867
7     H       1.9527606951    5.3285832950    0.9141730002
8     H       1.9578189420   -2.6630344696    1.5173392196
9     H      -5.1344719299    1.5826089439    1.8621154443
10    N       4.9590304747    1.3649245204    1.1686443420
11    O       6.0416088843   -0.3755084946    2.1456142545
12    O       5.8574076435    3.1295469467    0.0514208068
13    C      -1.8509809464   -0.8976359823    1.2941323047
14    H      -2.7167789116   -2.4280601632    2.3588199384
15    Br     -2.5443704660   -1.4700237138   -2.2822113304

 Number of nodes, processes per node used for SCF calculation: 1, 4

Common Options
{
  maxiter       = 100
  basis         = 6-311g* spherical
  geom_units    = angstrom
  ang2au factor = 1.889726126
  debug         = false
  file_prefix   = meta_th45_ph72_qed_ccsd_input
}

SCF Options
{
  charge            = 1
  multiplicity      = 1
  level shift       = 0
  tol_int           = 1e-22
  tol_sch           = 1e-12
  tol_lindep        = 1e-10
  conve             = 1e-07
  convd             = 1e-05
  diis_hist         = 10
  AO_tilesize       = 30
  writem            = 10
  damp              = 100
  n_lindep          = 0
  scf_type          = restricted
  cuscf             = false
  qed_omegas        = [0.06615,]
  qed_lambdas       = [0.1,]
  qed_polvecs       = [[0.2185080122,0.672498512,0.7071067812,],]
  direct_df         = false
  restart_size      = 2000
  restart           = false
  debug             = false
}

Number of basis functions = 221

Total number of shells = 105

Total number of electrons = 98
  # of alpha electrons    = 49
  # of beta electons      = 49

Nuclear repulsion energy  = 758.613801661151

# of {all,non-negligible} shell-pairs = {5565,4933}
Number of AO tiles = 105

Time for initial setup: 0.02 secs
HF exch = 1.00

Time for computing 1-e integrals T, V, S: 0.01 secs
Time for computing orthogonalizer: 0.01 secs

Superposition of Atomic Density Guess ...
Time taken for SAD: 0.30 secs
Total Time to compute initial guess: 0.31 secs


 SCF iterations
-----------------------------------------------------------------------------
 Iter     Energy            E-Diff       RMSD        |[F,P]|^2       Time(s)
-----------------------------------------------------------------------------
   1  -3011.7759505861    -3.01e+03     1.67e-02     1.51e+03         0.6 
   2  -3005.7933315441     5.98e+00     6.79e-03     7.89e+00         2.2 
   3  -3006.0074637115    -2.14e-01     2.57e-03     3.35e+00         2.2 
   4  -3006.1031767245    -9.57e-02     1.20e-03     1.13e-01         2.2 
   5  -3006.1100937902    -6.92e-03     2.59e-04     9.21e-03         2.2 
   6  -3006.1106796533    -5.86e-04     1.69e-04     1.67e-03         2.2 
   7  -3006.1108506875    -1.71e-04     6.82e-05     3.46e-04         2.2 
   8  -3006.1108859660    -3.53e-05     2.81e-05     6.46e-05         2.2 
   9  -3006.1108924789    -6.51e-06     1.37e-05     9.43e-06         2.2 
  10  -3006.1108936622    -1.18e-06     5.94e-06     1.68e-06         2.2 
  11  -3006.1108938799    -2.18e-07     3.52e-06     3.40e-07         2.2 
  12  -3006.1108939381    -5.82e-08     1.73e-06     5.95e-08         2.2 

** Total SCF energy = -3006.1108939381452

Nuclear repulsion energy = 758.613801661151228
#electrons        = 98
1e energy kinetic = 3006.2181979525889801
1e energy N-e     = -8670.3250440593019448
1e energy         = -5660.0592936315415500
2e energy         = 1899.1900786859268919
QED energy        = 0.1920718214881374
QED eT energy     = 0.1707871345487080
QED eT energy from matrix = 0.1707871345487123

 Polarizability Matrix (QED energy = 0.5 * lambda.dot(matrix * lambda))
[40.74190706,  0.72177064,  0.12032537]
[ 0.72177064, 42.32618830, -1.83187018]
[ 0.12032537, -1.83187018, 37.63963853]

 Polarizability Matrix (QED eT energy = 0.5 * lambda.dot(matrix * lambda))
[37.00079608,  0.79070208,  0.13224115]
[ 0.79070208, 38.95863744, -2.18932696]
[ 0.13224115, -2.18932696, 33.16102838]


                      Electron        Nuclear        Total  
                  ------------------------------------------
    Monopole         -98.000000     99.000000      1.000000

      Dipole   X     -19.947745     17.724495     -2.223250
      Dipole   Y     -37.308205     38.452765      1.144560
      Dipole   Z      -3.883961      5.330353      1.446392

  Quadrupole  XX   -1198.513489   1148.160390    -50.353098
  Quadrupole  XY    -269.757568    267.544119     -2.213449
  Quadrupole  XZ    -306.468944    303.645110     -2.823834
  Quadrupole  YY    -479.737760    441.579424    -38.158336
  Quadrupole  YZ    -200.153523    203.304230      3.150707
  Quadrupole  ZZ    -363.082247    317.254188    -45.828059

    Octupole XXX   -3466.638821   3310.217518   -156.421303
    Octupole XXY    -947.502360    915.464711    -32.037650
    Octupole XXZ    -628.951111    614.850688    -14.100423
    Octupole XYY    -217.611863    186.371983    -31.239880
    Octupole XYZ     359.477027   -357.159405      2.317622
    Octupole XZZ     249.290646   -282.922403    -33.631757
    Octupole YYY   -1128.335752   1078.880056    -49.455697
    Octupole YYZ    -232.031993    233.684266      1.652273
    Octupole YZZ     122.379259   -157.677152    -35.297893
    Octupole ZZZ     123.242500   -190.014818    -66.772318

writing orbitals and density to disk ... done.

Total Time taken for Hartree-Fock: 25.83 secs

CD Options
{
  debug             = false
  skip_cd           = [false, 100]
  write_cv          = [false, 5000]
  diagtol           = 1e-06
  itilesize         = 1000
  max_cvecs_factor  = 12
}

- #occupied, #virtual = 98, 344

- Tilesize for the MSO space: 40

-----------------------------------------------------
Begin 2-index transformation ... 

nAO, nMO, nelectrons = 221, 442, 98
n_occ_alpha, n_vir_alpha, n_occ_beta, n_vir_beta = 49,172,49,172

Time taken for Fao->Fmo transform: 0.00 secs

-----------------------------------------------------
Number of AO tiles = 105
# of {all,non-negligible} shell-pairs = {5565,4933}

    Begin Cholesky Decomposition
---------------------------------------------
Total # of mpi ranks used for Cholesky decomposition: 4
  --> Number of nodes, mpi ranks per node: 1, 4
- CPU memory required for computing cholesky vectors: 1.93 GiB

- Time for computing the diagonal: 0.01 secs

- Total number of cholesky vectors = 1647

- Time to compute cholesky vectors: 15.86 secs

- CPU memory required for resizing the ao cholesky tensor: 1.56 GiB
- CPU memory required for ao2mo transformation: 1.70 GiB
- CPU memory required for the 2-step contraction: 2.11 GiB

- Time for ao to mo transform: 1.51 secs

   End Cholesky Decomposition
---------------------------------------------

Total Time taken for Cholesky Decomposition: 20.18 secs

scf_type = restricted
Closed-Shell SCF
QED-HF Enabled
nbf = 203
nbf_orig = 221
n_lindep = 0
focc = 1
nmo = 406
nocc = 62
nvir = 344
n_occ_alpha = 31
n_vir_alpha = 172
n_occ_beta = 31
n_vir_beta = 172
nelectrons = 98
nelectrons_alpha = 49
nelectrons_beta = 49
freeze atomic = true
n_frozen_core = 18
n_frozen_virtual = 0
----------------------------
--------- QED-CCSD --------
lambda_x: 0.0219
lambda_y: 0.0672
lambda_z: 0.0707
omega: 0.066150
coupling_factor_x: 0.003974
coupling_factor_y: 0.012230
coupling_factor_z: 0.012860
----------------------------
# of {all,non-negligible} shell-pairs = {5565,4933}
Number of AO tiles = 105
----------------------------
Electronic dipole expectation value using SCF density: 
dipole_x_elec: -19.94754715
dipole_y_elec: -37.30811372
dipole_z_elec: -3.88383408

d_n/N value: d_n is nuclear dipole moment and N is the total number of electrons 
d_nuc_x: 0.18086219
d_nuc_y: 0.39237515
d_nuc_z: 0.05439136

<d_e+d_n> expectation values: 
dipole_total_x: -2.22305210
dipole_total_y: 1.14465142
dipole_total_z: 1.44651932
----------------------------


 CCSD iterations
------------------------------------------------------------
  Iter     Residuum          Correlation          Time(s)
------------------------------------------------------------
   1     1.1851025176659    0.0000000000000         86.15
   2     0.1662556485104   -1.6409145836738         85.64
   3     0.0677188050030   -1.6261510788848         84.79
   4     0.0241270721287   -1.6932799720276         84.75
   5     0.0219252219943   -1.6865341420861         84.67
 MICROCYCLE DIIS UPDATE:                    6
   6     0.0084294605534   -1.6969801254734         83.69
   7     0.0060329126065   -1.6965137105882         83.21
   8     0.0039406021087   -1.6982839485197         83.47
   9     0.0033629537635   -1.6984733616748         83.33
  10     0.0036134464825   -1.6988849564327         83.23
 MICROCYCLE DIIS UPDATE:                   11
  11     0.0006774377046   -1.6994746922106         83.66
  12     0.0004893584928   -1.6995026824684         84.56
  13     0.0003631143144   -1.6995335336205         83.85
  14     0.0003479396121   -1.6995088891503         83.88
  15     0.0003211033665   -1.6995343899141         83.70
 MICROCYCLE DIIS UPDATE:                   16
  16     0.0001133730285   -1.6995190440159         83.70
  17     0.0000733473109   -1.6995390579129         83.57
  18     0.0000702737157   -1.6995468114240         83.66
  19     0.0000572364835   -1.6995526472515         83.74
  20     0.0000669011826   -1.6995518816681         83.97
 MICROCYCLE DIIS UPDATE:                   21
  21     0.0000196488773   -1.6995597200543         83.72
  22     0.0000137016249   -1.6995584645137         83.77
  23     0.0000104214595   -1.6995582413721         83.80
  24     0.0000094210868   -1.6995572118159         83.77
  25     0.0000081853146   -1.6995576535168         83.77
 MICROCYCLE DIIS UPDATE:                   26
  26     0.0000036075420   -1.6995561824345         83.93
  27     0.0000022936521   -1.6995573098525         84.44
  28     0.0000020975003   -1.6995575131834         84.64
  29     0.0000018195373   -1.6995577698390         84.68
  30     0.0000020375648   -1.6995577444021         84.09
 MICROCYCLE DIIS UPDATE:                   31
  31     0.0000006734245   -1.6995580385932         85.38
------------------------------------------------------------------
 Iterations converged
 CCSD correlation energy / hartree =        -1.699558038593239
 CCSD total energy / hartree       =     -3007.810451976738477

Time taken for spin-orbital canonical QED-CCSD: 2696.31 secs
