
ExaChem Git Information
{
 WARNING: Failed to retrieve the current git state.
}


TAMM Git Information
{
 Branch: main
 Commit Hash: e71357ad [e71357ad54f38748b4a7e175aa6760820d5ce96f]
 Commit Date: 2026-02-02 23:14:56 -0800
 Commit Message: add GitHub Actions workflow for releases
}


date: Fri Aug  7 01:17:57 2026
program: "/global/cfs/cdirs/m3196/heindelj/cavity_qed/software/install_gpu/bin/bin/ExaChem"
nnodes: 1, nproc_per_node: 4, nproc_total: 4, ngpus_per_node: 1, ngpus_total: 1

Memory information
{
[AMD EPYC 7763 64-Core Processor                ] : 
  CPU memory per node (GiB): 251
  Total CPU memory (GiB): 251
[NVIDIA A100-SXM4-40GB, CUDA v12.9] : 
  GPU memory per device (GiB): 39
  GPU memory per node (GiB): 39
  Total GPU memory (GiB): 39
}

------------------------------------------------------------

Input file provided: /global/cfs/cdirs/m4262/heindelj/cavity_qed/mlip/lambda_scans/grid_scans_optimized_geoms/runs_grid_no_freq/para_th63_ph36/para_th63_ph36_qed_ccsd_input.json

{
  "geometry": {
    "coordinates": [
      "C    -0.514291967900    1.228160898700    0.874985579500",
      "C     0.843517071500    1.235108684500    0.834659552800",
      "C     1.494314695900    0.011868764500    0.742398024400",
      "H    -1.077706420800    2.151341166100    0.936171789600",
      "H     1.410090545500    2.149495401600    0.849307571400",
      "N     2.970012872600    0.046779489400    0.607058788500",
      "O     3.570745067400   -0.827982431700    1.168565086500",
      "O     3.389128608500    0.936445985300   -0.083307449300",
      "C    -0.467037686800   -1.263026140900    0.748343507600",
      "H    -1.001712649600   -2.199061429100    0.717901528800",
      "C     0.883771985100   -1.246731034800    0.757608355100",
      "H     1.485243185700   -2.143908519500    0.765248834500",
      "C    -1.259182121000   -0.022348903200    0.681572801300",
      "H    -2.176366029700   -0.071813117100    1.264055217900",
      "Br   -1.784607917700    0.163191663700   -1.199129584500"
    ],
    "units": "angstrom",
    "noorient": true
  },
  "common": {
    "maxiter": 100,
    "debug": false
  },
  "basis": {
    "basisset": "6-311G*"
  },
  "SCF": {
    "charge": 1,
    "multiplicity": 1,
    "lshift": 0,
    "tol_lindep": 1e-10,
    "conve": 1e-07,
    "convd": 1e-05,
    "diis_hist": 10,
    "writem": 10,
    "restart": false,
    "noscf": false,
    "scf_type": "restricted",
    "debug": false,
    "qed_omegas": [
      0.06615
    ],
    "qed_volumes": [],
    "qed_lambdas": [
      0.1
    ],
    "qed_polvecs": [
      [
        0.7208394201673423,
        0.5237204946142994,
        0.4539904997395468
      ]
    ],
    "direct_df": false
  },
  "CD": {
    "debug": false,
    "diagtol": 1e-06
  },
  "CC": {
    "threshold": 1e-06,
    "ndiis": 5,
    "ccsd_maxiter": 200,
    "tilesize": 40,
    "freeze": {
      "atomic": true
    },
    "readt": false,
    "writet": true,
    "writet_iter": 5,
    "debug": false,
    "profile_ccsd": false,
    "balance_tiles": true
  },
  "TASK": {
    "scf": false,
    "ccsd": true
  }
}

Output folder & files prefix: para_th63_ph36_qed_ccsd_input.6-311g*

  C (carbon)
  ----------
          Exponent        Coefficients
      ----------------  --------------------
  1 S  4.56324000E+03      0.778202
  1 S  6.82024000E+02      1.448695
  1 S  1.54973000E+02      2.383089
  1 S  4.44553000E+01      3.200089
  1 S  1.30290000E+01      3.013004
  1 S  1.82773000E+00      0.247599

  2 S  2.09642000E+01      0.800629
  2 S  4.80331000E+00      2.127420
  2 S  1.45933000E+00     -0.002868

  3 P  2.09642000E+01      2.573592
  3 P  4.80331000E+00      2.408248
  3 P  1.45933000E+00      1.865281

  4 S  4.83456000E-01      0.413217

  5 P  4.83456000E-01      0.574627

  6 S  1.45585000E-01      0.167976

  7 P  1.45585000E-01      0.128185

  8 D  6.26000000E-01      0.725128


  H (hydrogen)
  ------------
          Exponent        Coefficients
      ----------------  --------------------
  1 S  3.38650000E+01      0.255069
  1 S  5.09479000E+00      0.460109
  1 S  1.15879000E+00      0.678321

  2 S  3.25840000E-01      0.307371

  3 S  1.02741000E-01      0.129336


  N (nitrogen)
  ------------
          Exponent        Coefficients
      ----------------  --------------------
  1 S  6.29348000E+03      0.991968
  1 S  9.49044000E+02      1.823240
  1 S  2.18776000E+02      2.979891
  1 S  6.36916000E+01      4.000007
  1 S  1.88282000E+01      3.881008
  1 S  2.72023000E+00      0.386764

  2 S  3.06331000E+01      1.038501
  2 S  7.02614000E+00      2.834794
  2 S  2.11205000E+00     -0.003208

  3 P  3.06331000E+01      3.935616
  3 P  7.02614000E+00      3.870994
  3 P  2.11205000E+00      2.967271

  4 S  6.84009000E-01      0.536051

  5 P  6.84009000E-01      0.886681

  6 S  2.00878000E-01      0.213850

  7 P  2.00878000E-01      0.191693

  8 D  9.13000000E-01      1.403568


  O (oxygen)
  ----------
          Exponent        Coefficients
      ----------------  --------------------
  1 S  8.58850000E+03      1.205013
  1 S  1.29723000E+03      2.216205
  1 S  2.99296000E+02      3.627452
  1 S  8.73771000E+01      4.888452
  1 S  2.56789000E+01      4.835721
  1 S  3.74004000E+00      0.538229

  2 S  4.21175000E+01      1.341958
  2 S  9.62837000E+00      3.587114
  2 S  2.85332000E+00     -0.005123

  3 P  4.21175000E+01      5.584018
  3 P  9.62837000E+00      5.733366
  3 P  2.85332000E+00      4.332955

  4 S  9.05661000E-01      0.661659

  5 P  9.05661000E-01      1.259352

  6 S  2.55611000E-01      0.256209

  7 P  2.55611000E-01      0.259068

  8 D  1.29200000E+00      2.577026


  Br (bromine)
  ------------
          Exponent        Coefficients
      ----------------  --------------------
  1 S  4.39700000E+05      9.893706
  1 S  6.60300000E+04     18.450679
  1 S  1.51400000E+04     31.049770
  1 S  4.31700000E+03     48.888138
  1 S  1.41400000E+03     64.847798
  1 S  5.23900000E+02     42.245010

  2 S  5.23900000E+02     14.290679
  2 S  2.07700000E+02     24.083128
  2 S  8.65400000E+01      5.132542

  3 S  3.05200000E+01      9.254405

  4 S  1.29800000E+01      4.873782

  5 S  4.41200000E+00      2.169635

  6 S  1.86200000E+00      1.136043

  7 S  3.93200000E-01      0.353892

  8 S  1.40000000E-01      0.163120

  9 P  2.95700000E+03    691.874478
  9 P  7.00300000E+02    925.332763
  9 P  2.24600000E+02   1068.830732

  10 P  8.25900000E+01    122.079275
  10 P  3.31900000E+01     57.580687
  10 P  1.42000000E+01     10.176170

  11 P  1.42000000E+01      3.129736
  11 P  7.43800000E+00      6.538168
  11 P  3.52600000E+00      4.166276

  12 P  1.59500000E+00      2.555000

  13 P  8.46200000E-01      1.156861

  14 P  3.18600000E-01      0.341191

  15 P  1.09600000E-01      0.089888

  16 D  1.34800000E+02    160.709187
  16 D  3.63900000E+01    119.797406
  16 D  1.21600000E+01     55.531619
  16 D  4.34100000E+00     12.984636

  17 D  1.53500000E+00      3.484168

  18 D  4.51000000E-01      0.408525



Printing Internal Coordinates

------------------------------------------------------------
                Bond Lengths

i      j        Length (Angstroms)     Length (Bohr)
0      1          1.3584255032         2.5670521634
0      3          1.0832550042         2.0470552825
0      12         1.4683475772         2.7747747786
1      2          1.3886560551         2.6241796273
1      4          1.0757895400         2.0329475997
2      5          1.4823024577         2.8011456809
2      10         1.3989521831         2.6436364893
5      6          1.2005735759         2.2687552525
5      7          1.2015698133         2.2706378683
8      9          1.0784090554         2.0378977663
8      10         1.3509397239         2.5529060908
8      12         1.4735098032         2.7845299718
10     11         1.0801636085         2.0412133912
12     13         1.0876390929         2.0553400095
12     14         1.9615144745         3.7067251488

Number of Bonds: 15

------------------------------------------------------------
           Bond Angles

i      j      k      Angle (degrees)
0      1      2        117.7689 
0      1      4        122.0299 
0      12     8        116.0010 
0      12     13       113.3273 
0      12     14       100.4645 
1      0      3        121.1442 
1      0      12       120.4984 
1      2      5        116.8647 
1      2      10       125.9620 
2      1      4        120.1857 
2      5      6        115.9941 
2      5      7        114.6548 
2      10     8        116.5619 
2      10     11       120.2864 
3      0      12       117.9943 
5      2      10       117.1722 
6      5      7        129.3214 
8      10     11       123.1484 
8      12     13       113.0030 
8      12     14       105.4914 
9      8      10       120.4253 
9      8      12       117.5815 
10     8      12       121.8497 
13     12     14       106.9716 

Number of Angles: 24

------------------------------------------------------------
              Torsional Angles

i      j      k      l      Angle (degrees)
3      0      1      2       -179.3456 
4      1      0      3         -0.7702 
8      10     2      1          5.9131 
9      8      10     2        177.4619 
10     2      1      0         -3.6239 
10     2      1      4        177.7732 
11     10     2      1       -174.7322 
11     10     8      9         -1.8726 

Number of Torsional Angles: 8


----------------------------------------------------------------------
                          Center of Mass

         x               y               z              Unit
    0.1019679271   0.07210290221   -0.0479332773      Angstrom
    0.1926914558    0.1362547381   -0.0905807664          Bohr

----------------------------------------------------------------------
                Moment of Inertia Tensor

           1101.21           71.8869          -954.278
           71.8869            3690.8           100.765
          -954.278           100.765           3440.49

----------------------------------------------------------------------
                      Principal Moments of Inertia

           x                 y                 z                Unit
        212.204252        1023.37351       1069.756608       amu * ang^2
       757.7951413       3654.533149         3820.1702      amu * bohr^2
  3.5237369107e-38  1.6993528524e-37  1.7763738514e-37          g * cm^2

 - Molecule is an asymmetric top.

----------------------------------------------------------------------

         Rotational constants (MHz)

    A = 2.3816e+03        B = 4.9384e+02        C = 4.7242e+02

----------------------------------------------------------------------

        Rotational constants (cm-1)

    A = 7.9441e-02        B = 1.6473e-02        C = 1.5758e-02

----------------------------------------------------------------------

                                Z-Matrix
C   
C        1       2.5670522
C        2       2.6241796     1       117.76895
H        3      6.33274915     2     22.19318448     1          0.4793
H        4      4.70412108     3     39.68845047     2          1.0975
N        5      4.96874238     4    126.63538098     3          2.3200
O        6      2.26875525     5    146.76734724     4        -88.0659
O        7      4.10265462     6     25.35055126     5       -117.8082
C        8      8.53506671     7     64.49890247     6        -13.7694
H        9      2.03789777     8    147.22416355     7        -54.2201
C       10      3.99245159     9     33.46151122     8         22.0954
H       11      2.04121339    10     97.04663309     9        178.4203
C       12      6.55707386    11     18.47970572    10          2.1131
H       13      2.05534001    12    128.77450181    11       -132.1903
Br      14      4.73412454    13     48.49352104    12       -129.6321

----------------------------------------------------------------------

             Converted back to Cartesian

C        0.000000      0.000000      0.000000
C        0.000000      0.000000      2.567052
C        0.000000      0.094121     -0.055439
H       -0.000006     -0.175793      6.271555
H       -0.000012      0.081510      1.574476
N       -0.000105     -0.381402      6.521608
O        0.002709     -0.069326      4.274421
O       -0.002109     -0.665024      8.333595
C        0.007178      0.739915     -0.085040
H        0.006874      0.314701      1.908003
C        0.006343      1.187479     -1.987883
H        0.005005      0.682597     -0.010096
C        0.010261      2.340177     -6.354197
H        0.009764      1.743024     -4.387517
Br       0.012671      3.185207     -8.896622

----------------------------------------------------------------------
                       Geometry in bohr 

1     C      -0.9718709681    2.3208877371    1.6534831094
2     C       1.5940162477    2.3340171494    1.5772779632
3     C       2.8238455212    0.0224287144    1.4029289425
4     H      -2.0365699794    4.0654456073    1.7691082891
5     H       2.6646849437    4.0619576179    1.6049587066
6     N       5.6125109196    0.0884004233    1.1471748526
7     O       6.7477302428   -1.5646600330    2.2082679738
8     O       6.4045248755    1.7696264439   -0.1574282634
9     C      -0.8825733185   -2.3867734962    1.4141642775
10    H      -1.8929625646   -4.1556238350    1.3566372748
11    C       1.6700870096   -2.3559802084    1.4316723018
12    H       2.8067028513   -4.0513999409    1.4461107154
13    C      -2.3795093513   -0.0422333063    1.2879859293
14    H      -4.1127357459   -0.1357071236    2.3887181699
15    Br     -3.3724202066    0.3083875504   -2.2660265042

 Number of nodes, processes per node used for SCF calculation: 1, 4

Common Options
{
  maxiter       = 100
  basis         = 6-311g* spherical
  geom_units    = angstrom
  ang2au factor = 1.889726126
  debug         = false
  file_prefix   = para_th63_ph36_qed_ccsd_input
}

SCF Options
{
  charge            = 1
  multiplicity      = 1
  level shift       = 0
  tol_int           = 1e-22
  tol_sch           = 1e-12
  tol_lindep        = 1e-10
  conve             = 1e-07
  convd             = 1e-05
  diis_hist         = 10
  AO_tilesize       = 30
  writem            = 10
  damp              = 100
  n_lindep          = 0
  scf_type          = restricted
  cuscf             = false
  qed_omegas        = [0.06615,]
  qed_lambdas       = [0.1,]
  qed_polvecs       = [[0.7208394202,0.5237204946,0.4539904997,],]
  direct_df         = false
  restart_size      = 2000
  restart           = false
  debug             = false
}

Number of basis functions = 221

Total number of shells = 105

Total number of electrons = 98
  # of alpha electrons    = 49
  # of beta electons      = 49

Nuclear repulsion energy  = 750.874944878212

# of {all,non-negligible} shell-pairs = {5565,4930}
Number of AO tiles = 105

Time for initial setup: 0.02 secs
HF exch = 1.00

Time for computing 1-e integrals T, V, S: 0.01 secs
Time for computing orthogonalizer: 0.01 secs

Superposition of Atomic Density Guess ...
Time taken for SAD: 186.14 secs
Total Time to compute initial guess: 186.14 secs


 SCF iterations
-----------------------------------------------------------------------------
 Iter     Energy            E-Diff       RMSD        |[F,P]|^2       Time(s)
-----------------------------------------------------------------------------
   1  -3011.7606866994    -3.01e+03     1.67e-02     1.52e+03         0.6 
   2  -3005.7408839285     6.02e+00     6.74e-03     9.35e+00         2.1 
   3  -3006.0065537321    -2.66e-01     2.39e-03     2.98e+00         2.1 
   4  -3006.0913862838    -8.48e-02     1.18e-03     1.01e-01         2.1 
   5  -3006.0975240443    -6.14e-03     2.72e-04     1.22e-02         2.1 
   6  -3006.0981886655    -6.65e-04     1.97e-04     1.74e-03         2.2 
   7  -3006.0983639925    -1.75e-04     8.05e-05     2.32e-04         2.1 
   8  -3006.0983916392    -2.76e-05     1.86e-05     2.41e-05         2.1 
   9  -3006.0983944141    -2.77e-06     8.16e-06     5.35e-06         2.2 
  10  -3006.0983950247    -6.11e-07     4.86e-06     9.26e-07         2.2 
  11  -3006.0983951765    -1.52e-07     2.20e-06     1.66e-07         2.2 
  12  -3006.0983952051    -2.87e-08     1.09e-06     3.86e-08         2.2 

** Total SCF energy = -3006.0983952051201

Nuclear repulsion energy = 750.874944878212091
#electrons        = 98
1e energy kinetic = 3006.2210434411113056
1e energy N-e     = -8654.6231797750933765
1e energy         = -5642.5320643945233314
2e energy         = 1891.2310640084508577
QED energy        = 0.1977322421998737
QED eT energy     = 0.1784568018202361
QED eT energy from matrix = 0.1784568018202347

 Polarizability Matrix (QED energy = 0.5 * lambda.dot(matrix * lambda))
[41.51775220, -1.03766247,  0.81548426]
[-1.03766247, 41.66855342, -2.33105097]
[ 0.81548426, -2.33105097, 38.34244869]

 Polarizability Matrix (QED eT energy = 0.5 * lambda.dot(matrix * lambda))
[37.98076276, -1.11156357,  0.98858742]
[-1.11156357, 38.16625161, -2.78404248]
[ 0.98858742, -2.78404248, 33.98209210]


                      Electron        Nuclear        Total  
                  ------------------------------------------
    Monopole         -98.000000     99.000000      1.000000

      Dipole   X     -36.449383     35.024001     -1.425383
      Dipole   Y     -12.114406     12.190850      0.076445
      Dipole   Z      -4.784985      6.296622      1.511637

  Quadrupole  XX   -1524.611099   1474.724942    -49.886157
  Quadrupole  XY      28.195951    -28.320939     -0.124988
  Quadrupole  XZ    -434.412832    433.702380     -0.710452
  Quadrupole  YY    -287.427378    247.252667    -40.174711
  Quadrupole  YZ      49.106730    -47.241589      1.865140
  Quadrupole  ZZ    -366.990918    320.876750    -46.114168

    Octupole XXX   -4687.859097   4507.753844   -180.105252
    Octupole XXY    -151.121135    147.400443     -3.720692
    Octupole XXZ    -371.261616    353.901972    -17.359645
    Octupole XYY    -393.602124    351.425512    -42.176612
    Octupole XYZ     128.271735   -117.821275     10.450460
    Octupole XZZ     231.458165   -283.009946    -51.551781
    Octupole YYY     -16.340280      1.922734    -14.417546
    Octupole YYZ    -337.627693    335.782751     -1.844942
    Octupole YZZ     -14.966072     16.983407      2.017335
    Octupole ZZZ      97.489963   -167.114426    -69.624463

writing orbitals and density to disk ... done.

Total Time taken for Hartree-Fock: 212.97 secs

CD Options
{
  debug             = false
  skip_cd           = [false, 100]
  write_cv          = [false, 5000]
  diagtol           = 1e-06
  itilesize         = 1000
  max_cvecs_factor  = 12
}

- #occupied, #virtual = 98, 344

- Tilesize for the MSO space: 40

-----------------------------------------------------
Begin 2-index transformation ... 

nAO, nMO, nelectrons = 221, 442, 98
n_occ_alpha, n_vir_alpha, n_occ_beta, n_vir_beta = 49,172,49,172

Time taken for Fao->Fmo transform: 0.00 secs

-----------------------------------------------------
Number of AO tiles = 105
# of {all,non-negligible} shell-pairs = {5565,4930}

    Begin Cholesky Decomposition
---------------------------------------------
Total # of mpi ranks used for Cholesky decomposition: 4
  --> Number of nodes, mpi ranks per node: 1, 4
- CPU memory required for computing cholesky vectors: 1.93 GiB

- Time for computing the diagonal: 0.01 secs

- Total number of cholesky vectors = 1644

- Time to compute cholesky vectors: 15.19 secs

- CPU memory required for resizing the ao cholesky tensor: 1.56 GiB
- CPU memory required for ao2mo transformation: 1.70 GiB
- CPU memory required for the 2-step contraction: 2.11 GiB

- Time for ao to mo transform: 1.59 secs

   End Cholesky Decomposition
---------------------------------------------

Total Time taken for Cholesky Decomposition: 18.78 secs

scf_type = restricted
Closed-Shell SCF
QED-HF Enabled
nbf = 203
nbf_orig = 221
n_lindep = 0
focc = 1
nmo = 406
nocc = 62
nvir = 344
n_occ_alpha = 31
n_vir_alpha = 172
n_occ_beta = 31
n_vir_beta = 172
nelectrons = 98
nelectrons_alpha = 49
nelectrons_beta = 49
freeze atomic = true
n_frozen_core = 18
n_frozen_virtual = 0
----------------------------
--------- QED-CCSD --------
lambda_x: 0.0721
lambda_y: 0.0524
lambda_z: 0.0454
omega: 0.066150
coupling_factor_x: 0.013110
coupling_factor_y: 0.009525
coupling_factor_z: 0.008257
----------------------------
# of {all,non-negligible} shell-pairs = {5565,4930}
Number of AO tiles = 105
----------------------------
Electronic dipole expectation value using SCF density: 
dipole_x_elec: -36.44929718
dipole_y_elec: -12.11422159
dipole_z_elec: -4.78496061

d_n/N value: d_n is nuclear dipole moment and N is the total number of electrons 
d_nuc_x: 0.35738776
d_nuc_y: 0.12439643
d_nuc_z: 0.06425125

<d_e+d_n> expectation values: 
dipole_total_x: -1.42529668
dipole_total_y: 0.07662879
dipole_total_z: 1.51166169
----------------------------


 CCSD iterations
------------------------------------------------------------
  Iter     Residuum          Correlation          Time(s)
------------------------------------------------------------
   1     1.1850553333842    0.0000000000000         85.41
   2     0.1713748940945   -1.6103456260591         84.48
   3     0.0672277362305   -1.6315701519275         84.68
   4     0.0272310584472   -1.6963253479615         84.72
   5     0.0226649498550   -1.6914972652870         84.78
 MICROCYCLE DIIS UPDATE:                    6
   6     0.0098913476406   -1.7031990406567         84.10
   7     0.0066031337717   -1.7026075109664         83.28
   8     0.0052089707804   -1.7044031334208         83.26
   9     0.0047432096799   -1.7046799403157         84.20
  10     0.0056193862523   -1.7051041069448         84.43
 MICROCYCLE DIIS UPDATE:                   11
  11     0.0010220753776   -1.7059382686975         84.98
  12     0.0008167562491   -1.7058131122203         84.39
  13     0.0007852859602   -1.7059578765457         84.15
  14     0.0009789655954   -1.7058862126272         84.00
  15     0.0014524317734   -1.7059548606567         84.03
 MICROCYCLE DIIS UPDATE:                   16
  16     0.0002458707199   -1.7059735404652         83.80
  17     0.0001694261499   -1.7059481044678         83.80
  18     0.0001533326924   -1.7059721839775         83.80
  19     0.0001425369314   -1.7059790414039         84.05
  20     0.0001773529466   -1.7059812976185         83.74
 MICROCYCLE DIIS UPDATE:                   21
  21     0.0000647542617   -1.7060093037838         83.22
  22     0.0000496128481   -1.7059969297286         84.07
  23     0.0000443843709   -1.7059986274620         85.10
  24     0.0000500432208   -1.7059945580092         84.24
  25     0.0000642444041   -1.7059964811468         83.28
 MICROCYCLE DIIS UPDATE:                   26
  26     0.0000174137450   -1.7059930736146         84.02
  27     0.0000123415877   -1.7059936211137         83.18
  28     0.0000107381647   -1.7059952671354         83.28
  29     0.0000102370838   -1.7059961162673         84.46
  30     0.0000121978738   -1.7059962243291         83.92
 MICROCYCLE DIIS UPDATE:                   31
  31     0.0000047387535   -1.7059985774409         84.08
  32     0.0000035924702   -1.7059975419551         84.27
  33     0.0000032079642   -1.7059975209651         84.49
  34     0.0000034977220   -1.7059972414965         84.33
  35     0.0000043178947   -1.7059973272897         84.30
 MICROCYCLE DIIS UPDATE:                   36
  36     0.0000012687245   -1.7059970050826         84.78
  37     0.0000009080774   -1.7059970844412         84.74
------------------------------------------------------------------
 Iterations converged
 CCSD correlation energy / hartree =        -1.705997084441183
 CCSD total energy / hartree       =     -3007.804392289561292

Time taken for spin-orbital canonical QED-CCSD: 3217.65 secs
