
ExaChem Git Information
{
 WARNING: Failed to retrieve the current git state.
}


TAMM Git Information
{
 Branch: main
 Commit Hash: e71357ad [e71357ad54f38748b4a7e175aa6760820d5ce96f]
 Commit Date: 2026-02-02 23:14:56 -0800
 Commit Message: add GitHub Actions workflow for releases
}


date: Tue Aug 11 01:39:15 2026
program: "/global/cfs/cdirs/m3196/heindelj/cavity_qed/software/install_gpu/bin/bin/ExaChem"
nnodes: 1, nproc_per_node: 4, nproc_total: 4, ngpus_per_node: 1, ngpus_total: 1

Memory information
{
[AMD EPYC 7763 64-Core Processor                ] : 
  CPU memory per node (GiB): 251
  Total CPU memory (GiB): 251
[NVIDIA A100-SXM4-80GB, CUDA v12.9] : 
  GPU memory per device (GiB): 79
  GPU memory per node (GiB): 79
  Total GPU memory (GiB): 79
}

------------------------------------------------------------

Input file provided: /global/cfs/cdirs/m4262/heindelj/cavity_qed/mlip/lambda_scans/grid_scans_optimized_geoms/runs_grid_no_freq/ortho_th81_ph252/ortho_th81_ph252_qed_ccsd_input.json

{
  "geometry": {
    "coordinates": [
      "C    -1.773619077400    1.958257542400    0.581872393900",
      "C    -0.370951910100    1.993123771800    0.557947411500",
      "C     0.298112884000    0.825871754900    0.664073871500",
      "C    -2.518280197400    0.777560864700    0.727829091200",
      "H    -2.312142814900    2.891392079200    0.484730276800",
      "H     0.154315267000    2.925822880900    0.459407882300",
      "H    -3.596916227000    0.817193519600    0.742178827500",
      "N     1.763871616200    0.791380716100    0.702065225300",
      "O     2.327774781700    0.754868946200   -0.353771420800",
      "O     2.221490041800    0.774326204200    1.814818655600",
      "C    -1.847851240200   -0.387510109000    0.839060450100",
      "H    -2.377020469600   -1.318359388200    0.949497457200",
      "C    -0.378729058700   -0.473182425400    0.784298256400",
      "H     0.020322360300   -1.021268227200    1.639908672700",
      "Br    0.036123119900   -1.525001353300   -0.804189036100"
    ],
    "units": "angstrom",
    "noorient": true
  },
  "common": {
    "maxiter": 100,
    "debug": false
  },
  "basis": {
    "basisset": "6-311G*"
  },
  "SCF": {
    "charge": 1,
    "multiplicity": 1,
    "lshift": 0,
    "tol_lindep": 1e-10,
    "conve": 1e-07,
    "convd": 1e-05,
    "diis_hist": 10,
    "writem": 10,
    "restart": false,
    "noscf": false,
    "scf_type": "restricted",
    "debug": false,
    "qed_omegas": [
      0.06615
    ],
    "qed_volumes": [],
    "qed_lambdas": [
      0.1
    ],
    "qed_polvecs": [
      [
        -0.30521248238988896,
        -0.9393474323917528,
        0.15643446504023092
      ]
    ],
    "direct_df": false
  },
  "CD": {
    "debug": false,
    "diagtol": 1e-06
  },
  "CC": {
    "threshold": 1e-06,
    "ndiis": 5,
    "ccsd_maxiter": 200,
    "tilesize": 40,
    "freeze": {
      "atomic": true
    },
    "readt": false,
    "writet": true,
    "writet_iter": 5,
    "debug": false,
    "profile_ccsd": false,
    "balance_tiles": true
  },
  "TASK": {
    "scf": false,
    "ccsd": true
  }
}

Output folder & files prefix: ortho_th81_ph252_qed_ccsd_input.6-311g*

  C (carbon)
  ----------
          Exponent        Coefficients
      ----------------  --------------------
  1 S  4.56324000E+03      0.778202
  1 S  6.82024000E+02      1.448695
  1 S  1.54973000E+02      2.383089
  1 S  4.44553000E+01      3.200089
  1 S  1.30290000E+01      3.013004
  1 S  1.82773000E+00      0.247599

  2 S  2.09642000E+01      0.800629
  2 S  4.80331000E+00      2.127420
  2 S  1.45933000E+00     -0.002868

  3 P  2.09642000E+01      2.573592
  3 P  4.80331000E+00      2.408248
  3 P  1.45933000E+00      1.865281

  4 S  4.83456000E-01      0.413217

  5 P  4.83456000E-01      0.574627

  6 S  1.45585000E-01      0.167976

  7 P  1.45585000E-01      0.128185

  8 D  6.26000000E-01      0.725128


  H (hydrogen)
  ------------
          Exponent        Coefficients
      ----------------  --------------------
  1 S  3.38650000E+01      0.255069
  1 S  5.09479000E+00      0.460109
  1 S  1.15879000E+00      0.678321

  2 S  3.25840000E-01      0.307371

  3 S  1.02741000E-01      0.129336


  N (nitrogen)
  ------------
          Exponent        Coefficients
      ----------------  --------------------
  1 S  6.29348000E+03      0.991968
  1 S  9.49044000E+02      1.823240
  1 S  2.18776000E+02      2.979891
  1 S  6.36916000E+01      4.000007
  1 S  1.88282000E+01      3.881008
  1 S  2.72023000E+00      0.386764

  2 S  3.06331000E+01      1.038501
  2 S  7.02614000E+00      2.834794
  2 S  2.11205000E+00     -0.003208

  3 P  3.06331000E+01      3.935616
  3 P  7.02614000E+00      3.870994
  3 P  2.11205000E+00      2.967271

  4 S  6.84009000E-01      0.536051

  5 P  6.84009000E-01      0.886681

  6 S  2.00878000E-01      0.213850

  7 P  2.00878000E-01      0.191693

  8 D  9.13000000E-01      1.403568


  O (oxygen)
  ----------
          Exponent        Coefficients
      ----------------  --------------------
  1 S  8.58850000E+03      1.205013
  1 S  1.29723000E+03      2.216205
  1 S  2.99296000E+02      3.627452
  1 S  8.73771000E+01      4.888452
  1 S  2.56789000E+01      4.835721
  1 S  3.74004000E+00      0.538229

  2 S  4.21175000E+01      1.341958
  2 S  9.62837000E+00      3.587114
  2 S  2.85332000E+00     -0.005123

  3 P  4.21175000E+01      5.584018
  3 P  9.62837000E+00      5.733366
  3 P  2.85332000E+00      4.332955

  4 S  9.05661000E-01      0.661659

  5 P  9.05661000E-01      1.259352

  6 S  2.55611000E-01      0.256209

  7 P  2.55611000E-01      0.259068

  8 D  1.29200000E+00      2.577026


  Br (bromine)
  ------------
          Exponent        Coefficients
      ----------------  --------------------
  1 S  4.39700000E+05      9.893706
  1 S  6.60300000E+04     18.450679
  1 S  1.51400000E+04     31.049770
  1 S  4.31700000E+03     48.888138
  1 S  1.41400000E+03     64.847798
  1 S  5.23900000E+02     42.245010

  2 S  5.23900000E+02     14.290679
  2 S  2.07700000E+02     24.083128
  2 S  8.65400000E+01      5.132542

  3 S  3.05200000E+01      9.254405

  4 S  1.29800000E+01      4.873782

  5 S  4.41200000E+00      2.169635

  6 S  1.86200000E+00      1.136043

  7 S  3.93200000E-01      0.353892

  8 S  1.40000000E-01      0.163120

  9 P  2.95700000E+03    691.874478
  9 P  7.00300000E+02    925.332763
  9 P  2.24600000E+02   1068.830732

  10 P  8.25900000E+01    122.079275
  10 P  3.31900000E+01     57.580687
  10 P  1.42000000E+01     10.176170

  11 P  1.42000000E+01      3.129736
  11 P  7.43800000E+00      6.538168
  11 P  3.52600000E+00      4.166276

  12 P  1.59500000E+00      2.555000

  13 P  8.46200000E-01      1.156861

  14 P  3.18600000E-01      0.341191

  15 P  1.09600000E-01      0.089888

  16 D  1.34800000E+02    160.709187
  16 D  3.63900000E+01    119.797406
  16 D  1.21600000E+01     55.531619
  16 D  4.34100000E+00     12.984636

  17 D  1.53500000E+00      3.484168

  18 D  4.51000000E-01      0.408525



Printing Internal Coordinates

------------------------------------------------------------
                Bond Lengths

i      j        Length (Angstroms)     Length (Bohr)
0      1          1.4033044007         2.6518609886
0      3          1.4035199271         2.6522682745
0      4          1.0817506508         2.0442124666
1      2          1.3495880094         2.5503517206
1      5          1.0749619874         2.0313837519
2      7          1.4666566182         2.7715793292
2      12         1.4697314998         2.7773900132
3      6          1.0794592844         2.0398824115
3      10         1.3487912276         2.5488460212
7      8          1.1975436997         2.2630296162
7      9          1.2032978337         2.2739033535
10     11         1.0764277897         2.0341537169
10     12         1.4726366245         2.7828799033
12     13         1.0916543710         2.0629277853
12     14         1.9497992885         3.6845866558

Number of Bonds: 15

------------------------------------------------------------
           Bond Angles

i      j      k      Angle (degrees)
0      1      2        118.2097 
0      1      5        120.7662 
0      3      6        120.0436 
0      3      10       118.1321 
1      0      3        123.5731 
1      0      4        118.3357 
1      2      7        121.1867 
1      2      12       122.8597 
2      1      5        121.0240 
2      7      8        116.6458 
2      7      9        113.8509 
2      12     10       114.2704 
2      12     13       109.8486 
2      12     14       108.1906 
3      0      4        118.0911 
3      10     11       120.7355 
3      10     12       122.8921 
6      3      10       121.8231 
7      2      12       115.9339 
8      7      9        129.4805 
10     12     13       111.3914 
10     12     14       105.8987 
11     10     12       116.3550 
13     12     14       106.8530 

Number of Angles: 24

------------------------------------------------------------
              Torsional Angles

i      j      k      l      Angle (degrees)
3      0      1      2          0.8713 
4      0      1      2       -179.2602 
5      1      0      3       -179.0223 
5      1      0      4          0.8462 
6      3      0      1        179.7825 
6      3      0      4         -0.0863 
10     3      0      1         -0.6139 
10     3      0      4        179.5172 
11     10     3      0       -179.7980 
11     10     3      6         -0.2019 

Number of Torsional Angles: 10


----------------------------------------------------------------------
                          Center of Mass

         x               y               z              Unit
   0.06445376221    -0.126504143     0.113834648      Angstrom
    0.1217999584   -0.2390581841    0.2151163083          Bohr

----------------------------------------------------------------------
                Moment of Inertia Tensor

           1766.84          -21.2858          -7.84599
          -21.2858           1936.87          -569.162
          -7.84599          -569.162           2628.55

----------------------------------------------------------------------
                      Principal Moments of Inertia

           x                 y                 z                Unit
       451.8109574       495.6795879       825.7252036       amu * ang^2
        1613.44622       1770.103944       2948.718235      amu * bohr^2
  7.5025025752e-38  8.2309588202e-38  1.3711498948e-37          g * cm^2

 - Molecule is an asymmetric top.

----------------------------------------------------------------------

         Rotational constants (MHz)

    A = 1.1186e+03        B = 1.0196e+03        C = 6.1204e+02

----------------------------------------------------------------------

        Rotational constants (cm-1)

    A = 3.7311e-02        B = 3.4009e-02        C = 2.0416e-02

----------------------------------------------------------------------

                                Z-Matrix
C   
C        1        2.651861
C        2       2.5503517     1       118.20971
C        3      5.32435782     2     61.38343608     1         -0.4119
H        4      4.03971650     3     83.34344654     2          0.5721
H        5      4.66163001     4     96.39502947     3         -0.6878
H        6      8.14952250     5     28.69244532     4         -0.2617
N        7     10.13082188     6     29.77937304     5       -179.9366
O        8      2.26302962     7    118.52931875     6        -85.0094
O        9      4.10312503     8     25.32456072     7       -176.8710
C       10      8.20704949     9     79.57620846     8         18.6868
H       11      2.03415372    10    131.98319211     9        109.1488
C       12      4.11196043    11     37.33205207    10        -22.8326
H       13      2.06292779    12     94.65666358    11        131.3637
Br      14      4.71584566    13     48.39705505    12         94.2837

----------------------------------------------------------------------

             Converted back to Cartesian

C        0.000000      0.000000      0.000000
C        0.000000      0.000000      2.651861
C        0.000000      0.091815      0.103163
C        0.000012     -0.199320      5.419555
H       -0.000028      0.123895      1.392789
H        0.000088     -0.385342      6.026521
H       -0.000145      0.575681     -2.066139
N        0.005219     -0.710054      7.982762
O        0.001625     -0.342037      5.749859
O        0.010771     -1.040395      9.793106
C       -0.025171      0.551286      1.741962
H       -0.011732      0.077020      3.720010
C       -0.041157      1.081083     -0.267372
H       -0.025909      0.519893      1.717699
Br      -0.063317      1.869481     -2.800754

----------------------------------------------------------------------
                       Geometry in bohr 

1     C      -3.3516543080    3.7005704391    1.0995794647
2     C      -0.7009975160    3.7664580637    1.0543678004
3     C       0.5633517054    1.5606714319    1.2549177445
4     C      -4.7588598814    1.4693770805    1.3753976488
5     H      -4.3693166841    5.4639391523    0.9160074681
6     H       0.2916135917    5.5290039378    0.8681550776
7     H      -6.7971865669    1.5442719439    1.4025147204
8     N       3.3332342759    1.4954928148    1.3267109983
9     O       4.3988568202    1.4264955693   -0.6685310965
10    O       4.1980077704    1.4632644581    3.4295102273
11    C      -3.4919327654   -0.7322879770    1.5855944538
12    H      -4.4919176832   -2.4913381792    1.7942901514
13    C      -0.7156941969   -0.8941851916    1.4821089056
14    H       0.0384036952   -1.9299172505    3.0989782629
15    Br      0.0682628034   -2.8818348994   -1.5196970317

 Number of nodes, processes per node used for SCF calculation: 1, 4

Common Options
{
  maxiter       = 100
  basis         = 6-311g* spherical
  geom_units    = angstrom
  ang2au factor = 1.889726126
  debug         = false
  file_prefix   = ortho_th81_ph252_qed_ccsd_input
}

SCF Options
{
  charge            = 1
  multiplicity      = 1
  level shift       = 0
  tol_int           = 1e-22
  tol_sch           = 1e-12
  tol_lindep        = 1e-10
  conve             = 1e-07
  convd             = 1e-05
  diis_hist         = 10
  AO_tilesize       = 30
  writem            = 10
  damp              = 100
  n_lindep          = 0
  scf_type          = restricted
  cuscf             = false
  qed_omegas        = [0.06615,]
  qed_lambdas       = [0.1,]
  qed_polvecs       = [[-0.3052124824,-0.9393474324,0.156434465,],]
  direct_df         = false
  restart_size      = 2000
  restart           = false
  debug             = false
}

Number of basis functions = 221

Total number of shells = 105

Total number of electrons = 98
  # of alpha electrons    = 49
  # of beta electons      = 49

Nuclear repulsion energy  = 781.238077646315

# of {all,non-negligible} shell-pairs = {5565,5001}
Number of AO tiles = 105

Time for initial setup: 0.03 secs
HF exch = 1.00

Time for computing 1-e integrals T, V, S: 0.01 secs
Time for computing orthogonalizer: 0.01 secs

Superposition of Atomic Density Guess ...
Time taken for SAD: 0.52 secs
Total Time to compute initial guess: 0.52 secs


 SCF iterations
-----------------------------------------------------------------------------
 Iter     Energy            E-Diff       RMSD        |[F,P]|^2       Time(s)
-----------------------------------------------------------------------------
   1  -3011.7849735282    -3.01e+03     1.66e-02     1.49e+03         0.6 
   2  -3005.7593884316     6.03e+00     6.83e-03     8.63e+00         2.2 
   3  -3005.9677785528    -2.08e-01     2.85e-03     4.27e+00         2.2 
   4  -3006.0919749070    -1.24e-01     1.17e-03     1.32e-01         2.2 
   5  -3006.0998640731    -7.89e-03     2.70e-04     1.13e-02         2.2 
   6  -3006.1005489759    -6.85e-04     1.74e-04     1.59e-03         2.2 
   7  -3006.1007509964    -2.02e-04     6.96e-05     2.95e-04         2.2 
   8  -3006.1007874203    -3.64e-05     2.61e-05     6.00e-05         2.2 
   9  -3006.1007938475    -6.43e-06     1.55e-05     1.33e-05         2.2 
  10  -3006.1007958305    -1.98e-06     7.75e-06     3.73e-06         2.2 
  11  -3006.1007963584    -5.28e-07     5.13e-06     9.68e-07         2.2 
  12  -3006.1007965382    -1.80e-07     2.36e-06     1.97e-07         2.2 
  13  -3006.1007965776    -3.94e-08     1.21e-06     3.63e-08         2.2 

** Total SCF energy = -3006.1007965776230

Nuclear repulsion energy = 781.238077646314537
#electrons        = 98
1e energy kinetic = 3006.2278047406161932
1e energy N-e     = -8715.6140001945441327
1e energy         = -5706.4898313101111853
2e energy         = 1921.8532144951227565
QED energy        = 0.1941067348661654
QED eT energy     = 0.1749343073860786
QED eT energy from matrix = 0.1749343073860879

 Polarizability Matrix (QED energy = 0.5 * lambda.dot(matrix * lambda))
[40.54828051, -1.91927349, -0.73590857]
[-1.91927349, 40.09206581,  1.00835219]
[-0.73590857,  1.00835219, 40.63842942]

 Polarizability Matrix (QED eT energy = 0.5 * lambda.dot(matrix * lambda))
[36.90407503, -2.08170461, -0.88246071]
[-2.08170461, 36.38063830,  1.15942678]
[-0.88246071,  1.15942678, 36.69094919]


                      Electron        Nuclear        Total  
                  ------------------------------------------
    Monopole         -98.000000     99.000000      1.000000

      Dipole   X      -7.712753      4.433629     -3.279124
      Dipole   Y       7.341838     -5.938109      1.403729
      Dipole   Z     -32.141386     33.377156      1.235770

  Quadrupole  XX    -784.985336    743.647900    -41.337436
  Quadrupole  XY      -3.674945     -2.048398     -5.723342
  Quadrupole  XZ      -1.672786     -3.410050     -5.082836
  Quadrupole  YY    -649.220536    615.344453    -33.876083
  Quadrupole  YZ    -257.034925    258.409029      1.374104
  Quadrupole  ZZ    -319.568579    270.192011    -49.376567

    Octupole XXX       6.875035    -87.228680    -80.353644
    Octupole XXY   -1074.064144   1075.655664      1.591520
    Octupole XXZ   -1006.002047    988.589101    -17.412946
    Octupole XYY     325.951810   -353.074082    -27.122272
    Octupole XYZ     -59.008488     56.792423     -2.216065
    Octupole XZZ    -292.430117    286.616716     -5.813401
    Octupole YYY    -194.343153    207.047064     12.703911
    Octupole YYZ      44.470953    -64.733275    -20.262323
    Octupole YZZ      -6.437608    -25.939523    -32.377130
    Octupole ZZZ    -439.635577    339.457621   -100.177955

writing orbitals and density to disk ... done.

Total Time taken for Hartree-Fock: 29.09 secs

CD Options
{
  debug             = false
  skip_cd           = [false, 100]
  write_cv          = [false, 5000]
  diagtol           = 1e-06
  itilesize         = 1000
  max_cvecs_factor  = 12
}

- #occupied, #virtual = 98, 344

- Tilesize for the MSO space: 40

-----------------------------------------------------
Begin 2-index transformation ... 

nAO, nMO, nelectrons = 221, 442, 98
n_occ_alpha, n_vir_alpha, n_occ_beta, n_vir_beta = 49,172,49,172

Time taken for Fao->Fmo transform: 0.00 secs

-----------------------------------------------------
Number of AO tiles = 105
# of {all,non-negligible} shell-pairs = {5565,5001}

    Begin Cholesky Decomposition
---------------------------------------------
Total # of mpi ranks used for Cholesky decomposition: 4
  --> Number of nodes, mpi ranks per node: 1, 4
- CPU memory required for computing cholesky vectors: 1.93 GiB

- Time for computing the diagonal: 0.01 secs

- Total number of cholesky vectors = 1643

- Time to compute cholesky vectors: 15.05 secs

- CPU memory required for resizing the ao cholesky tensor: 1.56 GiB
- CPU memory required for ao2mo transformation: 1.70 GiB
- CPU memory required for the 2-step contraction: 2.11 GiB

- Time for ao to mo transform: 1.58 secs

   End Cholesky Decomposition
---------------------------------------------

Total Time taken for Cholesky Decomposition: 19.23 secs

scf_type = restricted
Closed-Shell SCF
QED-HF Enabled
nbf = 203
nbf_orig = 221
n_lindep = 0
focc = 1
nmo = 406
nocc = 62
nvir = 344
n_occ_alpha = 31
n_vir_alpha = 172
n_occ_beta = 31
n_vir_beta = 172
nelectrons = 98
nelectrons_alpha = 49
nelectrons_beta = 49
freeze atomic = true
n_frozen_core = 18
n_frozen_virtual = 0
----------------------------
--------- QED-CCSD --------
lambda_x: -0.0305
lambda_y: -0.0939
lambda_z: 0.0156
omega: 0.066150
coupling_factor_x: -0.005551
coupling_factor_y: -0.017083
coupling_factor_z: 0.002845
----------------------------
# of {all,non-negligible} shell-pairs = {5565,5001}
Number of AO tiles = 105
----------------------------
Electronic dipole expectation value using SCF density: 
dipole_x_elec: -7.71287374
dipole_y_elec: 7.34175177
dipole_z_elec: -32.14144265

d_n/N value: d_n is nuclear dipole moment and N is the total number of electrons 
d_nuc_x: 0.04524112
d_nuc_y: -0.06059295
d_nuc_z: 0.34058322

<d_e+d_n> expectation values: 
dipole_total_x: -3.27924438
dipole_total_y: 1.40364290
dipole_total_z: 1.23571307
----------------------------


 CCSD iterations
------------------------------------------------------------
  Iter     Residuum          Correlation          Time(s)
------------------------------------------------------------
   1     1.1858742289734    0.0000000000000         86.81
   2     0.1697819653908   -1.6607226557499         85.76
   3     0.0714162712732   -1.6286045601814         85.82
   4     0.0248770664380   -1.7029460452426         85.57
   5     0.0212764382478   -1.6916261644561         85.70
 MICROCYCLE DIIS UPDATE:                    6
   6     0.0080695352833   -1.7036639846467         84.49
   7     0.0052116447955   -1.7033790715040         84.50
   8     0.0033432128341   -1.7049244965987         84.57
   9     0.0022919073127   -1.7050947851177         84.75
  10     0.0020758282766   -1.7054763140642         84.69
 MICROCYCLE DIIS UPDATE:                   11
  11     0.0007467677569   -1.7060083860235         85.12
  12     0.0005217264718   -1.7061319882629         85.06
  13     0.0004075559105   -1.7060881972023         84.92
  14     0.0003210790714   -1.7060781154333         84.58
  15     0.0002745744780   -1.7060845602241         85.10
 MICROCYCLE DIIS UPDATE:                   16
  16     0.0001002176709   -1.7060487355214         84.45
  17     0.0000715632871   -1.7060858703483         84.75
  18     0.0000552975082   -1.7060939477796         85.01
  19     0.0000548173759   -1.7061027338674         85.03
  20     0.0000632829287   -1.7061036396598         85.01
 MICROCYCLE DIIS UPDATE:                   21
  21     0.0000150406380   -1.7061123048302         84.79
  22     0.0000106466089   -1.7061120693539         84.83
  23     0.0000083141673   -1.7061120476888         84.96
  24     0.0000065015217   -1.7061111677114         84.79
  25     0.0000053955599   -1.7061115507187         85.04
 MICROCYCLE DIIS UPDATE:                   26
  26     0.0000024383113   -1.7061104544505         85.02
  27     0.0000015610519   -1.7061112641104         85.44
  28     0.0000012573587   -1.7061113892010         85.49
  29     0.0000011623938   -1.7061116274969         85.30
  30     0.0000013576201   -1.7061116345142         85.29
 MICROCYCLE DIIS UPDATE:                   31
  31     0.0000003492379   -1.7061118665008         84.81
------------------------------------------------------------------
 Iterations converged
 CCSD correlation energy / hartree =        -1.706111866500786
 CCSD total energy / hartree       =     -3007.806908444123565

Time taken for spin-orbital canonical QED-CCSD: 2722.66 secs
