
ExaChem Git Information
{
 WARNING: Failed to retrieve the current git state.
}


TAMM Git Information
{
 Branch: main
 Commit Hash: e71357ad [e71357ad54f38748b4a7e175aa6760820d5ce96f]
 Commit Date: 2026-02-02 23:14:56 -0800
 Commit Message: add GitHub Actions workflow for releases
}


date: Thu Aug  6 23:31:13 2026
program: "/global/cfs/cdirs/m3196/heindelj/cavity_qed/software/install_gpu/bin/bin/ExaChem"
nnodes: 1, nproc_per_node: 4, nproc_total: 4, ngpus_per_node: 1, ngpus_total: 1

Memory information
{
[AMD EPYC 7763 64-Core Processor                ] : 
  CPU memory per node (GiB): 251
  Total CPU memory (GiB): 251
[NVIDIA A100-SXM4-40GB, CUDA v12.9] : 
  GPU memory per device (GiB): 39
  GPU memory per node (GiB): 39
  Total GPU memory (GiB): 39
}

------------------------------------------------------------

Input file provided: /global/cfs/cdirs/m4262/heindelj/cavity_qed/mlip/lambda_scans/grid_scans_optimized_geoms/runs_grid_no_freq/ortho_th54_ph0/ortho_th54_ph0_qed_ccsd_input.json

{
  "geometry": {
    "coordinates": [
      "C    -1.794026673100    1.950338543100    0.749484483800",
      "C    -0.374057488800    1.994252826200    0.696784581700",
      "C     0.277683620900    0.826624177000    0.664713902300",
      "C    -2.511548183800    0.758774274200    0.780811230800",
      "H    -2.328410648000    2.892406779200    0.780536060000",
      "H     0.155788137000    2.935360956000    0.698394676600",
      "H    -3.586111233200    0.776924258500    0.836770648800",
      "N     1.759771706800    0.820930833800    0.750897581300",
      "O     2.253725764000   -0.255032201100    0.966053486900",
      "O     2.305126517200    1.878457396600    0.598477619000",
      "C    -1.837717315700   -0.426419765400    0.695438033200",
      "H    -2.363668904400   -1.372034265500    0.667667047400",
      "C    -0.378595672600   -0.484090405700    0.626241413600",
      "H     0.030548346400   -1.170840298100    1.363698394600",
      "Br    0.037991162200   -1.341176400600   -1.086241214700"
    ],
    "units": "angstrom",
    "noorient": true
  },
  "common": {
    "maxiter": 100,
    "debug": false
  },
  "basis": {
    "basisset": "6-311G*"
  },
  "SCF": {
    "charge": 1,
    "multiplicity": 1,
    "lshift": 0,
    "tol_lindep": 1e-10,
    "conve": 1e-07,
    "convd": 1e-05,
    "diis_hist": 10,
    "writem": 10,
    "restart": false,
    "noscf": false,
    "scf_type": "restricted",
    "debug": false,
    "qed_omegas": [
      0.06615
    ],
    "qed_volumes": [],
    "qed_lambdas": [
      0.1
    ],
    "qed_polvecs": [
      [
        0.8090169943749475,
        0.0,
        0.5877852522924731
      ]
    ],
    "direct_df": false
  },
  "CD": {
    "debug": false,
    "diagtol": 1e-06
  },
  "CC": {
    "threshold": 1e-06,
    "ndiis": 5,
    "ccsd_maxiter": 200,
    "tilesize": 40,
    "freeze": {
      "atomic": true
    },
    "readt": false,
    "writet": true,
    "writet_iter": 5,
    "debug": false,
    "profile_ccsd": false,
    "balance_tiles": true
  },
  "TASK": {
    "scf": false,
    "ccsd": true
  }
}

Output folder & files prefix: ortho_th54_ph0_qed_ccsd_input.6-311g*

  C (carbon)
  ----------
          Exponent        Coefficients
      ----------------  --------------------
  1 S  4.56324000E+03      0.778202
  1 S  6.82024000E+02      1.448695
  1 S  1.54973000E+02      2.383089
  1 S  4.44553000E+01      3.200089
  1 S  1.30290000E+01      3.013004
  1 S  1.82773000E+00      0.247599

  2 S  2.09642000E+01      0.800629
  2 S  4.80331000E+00      2.127420
  2 S  1.45933000E+00     -0.002868

  3 P  2.09642000E+01      2.573592
  3 P  4.80331000E+00      2.408248
  3 P  1.45933000E+00      1.865281

  4 S  4.83456000E-01      0.413217

  5 P  4.83456000E-01      0.574627

  6 S  1.45585000E-01      0.167976

  7 P  1.45585000E-01      0.128185

  8 D  6.26000000E-01      0.725128


  H (hydrogen)
  ------------
          Exponent        Coefficients
      ----------------  --------------------
  1 S  3.38650000E+01      0.255069
  1 S  5.09479000E+00      0.460109
  1 S  1.15879000E+00      0.678321

  2 S  3.25840000E-01      0.307371

  3 S  1.02741000E-01      0.129336


  N (nitrogen)
  ------------
          Exponent        Coefficients
      ----------------  --------------------
  1 S  6.29348000E+03      0.991968
  1 S  9.49044000E+02      1.823240
  1 S  2.18776000E+02      2.979891
  1 S  6.36916000E+01      4.000007
  1 S  1.88282000E+01      3.881008
  1 S  2.72023000E+00      0.386764

  2 S  3.06331000E+01      1.038501
  2 S  7.02614000E+00      2.834794
  2 S  2.11205000E+00     -0.003208

  3 P  3.06331000E+01      3.935616
  3 P  7.02614000E+00      3.870994
  3 P  2.11205000E+00      2.967271

  4 S  6.84009000E-01      0.536051

  5 P  6.84009000E-01      0.886681

  6 S  2.00878000E-01      0.213850

  7 P  2.00878000E-01      0.191693

  8 D  9.13000000E-01      1.403568


  O (oxygen)
  ----------
          Exponent        Coefficients
      ----------------  --------------------
  1 S  8.58850000E+03      1.205013
  1 S  1.29723000E+03      2.216205
  1 S  2.99296000E+02      3.627452
  1 S  8.73771000E+01      4.888452
  1 S  2.56789000E+01      4.835721
  1 S  3.74004000E+00      0.538229

  2 S  4.21175000E+01      1.341958
  2 S  9.62837000E+00      3.587114
  2 S  2.85332000E+00     -0.005123

  3 P  4.21175000E+01      5.584018
  3 P  9.62837000E+00      5.733366
  3 P  2.85332000E+00      4.332955

  4 S  9.05661000E-01      0.661659

  5 P  9.05661000E-01      1.259352

  6 S  2.55611000E-01      0.256209

  7 P  2.55611000E-01      0.259068

  8 D  1.29200000E+00      2.577026


  Br (bromine)
  ------------
          Exponent        Coefficients
      ----------------  --------------------
  1 S  4.39700000E+05      9.893706
  1 S  6.60300000E+04     18.450679
  1 S  1.51400000E+04     31.049770
  1 S  4.31700000E+03     48.888138
  1 S  1.41400000E+03     64.847798
  1 S  5.23900000E+02     42.245010

  2 S  5.23900000E+02     14.290679
  2 S  2.07700000E+02     24.083128
  2 S  8.65400000E+01      5.132542

  3 S  3.05200000E+01      9.254405

  4 S  1.29800000E+01      4.873782

  5 S  4.41200000E+00      2.169635

  6 S  1.86200000E+00      1.136043

  7 S  3.93200000E-01      0.353892

  8 S  1.40000000E-01      0.163120

  9 P  2.95700000E+03    691.874478
  9 P  7.00300000E+02    925.332763
  9 P  2.24600000E+02   1068.830732

  10 P  8.25900000E+01    122.079275
  10 P  3.31900000E+01     57.580687
  10 P  1.42000000E+01     10.176170

  11 P  1.42000000E+01      3.129736
  11 P  7.43800000E+00      6.538168
  11 P  3.52600000E+00      4.166276

  12 P  1.59500000E+00      2.555000

  13 P  8.46200000E-01      1.156861

  14 P  3.18600000E-01      0.341191

  15 P  1.09600000E-01      0.089888

  16 D  1.34800000E+02    160.709187
  16 D  3.63900000E+01    119.797406
  16 D  1.21600000E+01     55.531619
  16 D  4.34100000E+00     12.984636

  17 D  1.53500000E+00      3.484168

  18 D  4.51000000E-01      0.408525



Printing Internal Coordinates

------------------------------------------------------------
                Bond Lengths

i      j        Length (Angstroms)     Length (Bohr)
0      1          1.4216252067         2.6864822943
0      3          1.3912741967         2.6291271977
0      4          1.0835234167         2.0475625085
1      2          1.3375917408         2.5276820583
1      5          1.0800108757         2.0409247680
2      7          1.4846026859         2.8054924822
2      12         1.4663408065         2.7709825315
3      6          1.0761722100         2.0336707412
3      10         1.3660239870         2.5814112169
7      8          1.2033200434         2.2739453238
7      9          1.1995858223         2.2668886687
10     11         1.0823969162         2.0454337311
10     12         1.4618994645         2.7625896115
12     13         1.0875969115         2.0552602980
12     14         1.9597800249         3.7034475140

Number of Bonds: 15

------------------------------------------------------------
           Bond Angles

i      j      k      Angle (degrees)
0      1      2        117.4262 
0      1      5        121.1234 
0      3      6        120.1115 
0      3      10       119.1616 
1      0      3        122.8485 
1      0      4        117.8282 
1      2      7        119.2342 
1      2      12       124.2525 
2      1      5        121.4435 
2      7      8        115.0625 
2      7      9        116.3014 
2      12     10       114.2179 
2      12     13       112.2261 
2      12     14       108.5850 
3      0      4        119.3173 
3      10     11       121.3252 
3      10     12       121.9735 
6      3      10       120.6921 
7      2      12       116.4169 
8      7      9        128.6362 
10     12     13       111.6102 
10     12     14       105.7105 
11     10     12       116.6996 
13     12     14       103.6730 

Number of Angles: 24

------------------------------------------------------------
              Torsional Angles

i      j      k      l      Angle (degrees)
3      0      1      2          0.6102 
3      10     12     2          0.3406 
4      0      1      2        179.7098 
5      1      0      3       -178.4523 
5      1      0      4          0.6473 
6      3      0      1        178.9984 
6      3      0      4         -0.0883 
10     3      0      1         -3.1315 
10     3      0      4        177.7818 
10     12     2      1         -3.0150 
11     10     3      0       -176.9749 
11     10     3      6          0.8825 
11     10     12     2        179.8584 
12     2      1      0          2.5643 
12     2      1      5       -178.3764 
12     10     3      0          2.5208 
12     10     3      6       -179.6218 
13     12     2      1       -131.3342 
13     12     10     3        128.9716 
13     12     10     11       -51.5107 
14     12     2      1        114.6618 
14     12     10     3       -118.9704 
14     12     10     11        60.5474 

Number of Torsional Angles: 23


----------------------------------------------------------------------
                          Center of Mass

         x               y               z              Unit
   0.06416625138   -0.0502229595    0.0181010241      Angstrom
    0.1212566416  -0.09490763869   0.03420597814          Bohr

----------------------------------------------------------------------
                Moment of Inertia Tensor

           1811.39          -41.1576          -24.2981
          -41.1576              1981          -651.611
          -24.2981          -651.611           2631.01

----------------------------------------------------------------------
                      Principal Moments of Inertia

           x                 y                 z                Unit
        439.207676       509.8723374       849.6537868       amu * ang^2
       1568.439085       1820.787172       3034.168756      amu * bohr^2
  7.2932200217e-38  8.4666351310e-38  1.4108842690e-37          g * cm^2

 - Molecule is an asymmetric top.

----------------------------------------------------------------------

         Rotational constants (MHz)

    A = 1.1507e+03        B = 9.9119e+02        C = 5.9481e+02

----------------------------------------------------------------------

        Rotational constants (cm-1)

    A = 3.8382e-02        B = 3.3062e-02        C = 1.9841e-02

----------------------------------------------------------------------

                                Z-Matrix
C   
C        1       2.6864823
C        2       2.5276821     1        117.4262
C        3      5.27700607     2     62.19452492     1         -0.2888
H        4      4.04680652     3     83.70579444     2          0.0416
H        5      4.69772227     4     95.89349695     3         -0.4936
H        6      8.16742338     5     28.97138426     4         -0.5561
N        7     10.10390016     6     29.51109841     5       -178.0308
O        8      2.27394532     7    113.59035058     6        170.4365
O        9      4.09226374     8     25.63909526     7       -175.5734
C       10      8.96077265     9     59.79544715     8         -0.9079
H       11      2.04543373    10    148.06576767     9        -15.2993
C       12      4.11017653    11     36.90339847    10          0.8009
H       13      2.05526030    12     94.16571510    11        133.1442
Br      14      4.64091263    13     50.83993907    12         92.9146

----------------------------------------------------------------------

             Converted back to Cartesian

C        0.000000      0.000000      0.000000
C        0.000000      0.000000      2.686482
C        0.000000      0.090396      0.160417
C        0.000009     -0.198194      5.429526
H       -0.000008      0.126067      1.395732
H        0.000046     -0.386954      6.065357
H       -0.000054      0.576593     -2.045030
N        0.005000     -0.705422      7.977206
O       -0.004477     -0.339479      5.732919
O        0.017659     -1.029161      9.766586
C       -0.056696      0.639589      0.962883
H       -0.024697      0.169684      2.953351
C       -0.096516      1.158211     -1.035534
H       -0.053398      0.607356      0.944060
Br      -0.161528      1.919468     -3.506191

----------------------------------------------------------------------
                       Geometry in bohr 

1     C      -3.3902190747    3.6856056993    1.4163204100
2     C      -0.7068662092    3.7685916673    1.3167320282
3     C       0.5247459932    1.5620933036    1.2561272274
4     C      -4.7461382194    1.4338755696    1.4755193822
5     H      -4.4000584334    5.4658566574    1.4749993848
6     H       0.2943969126    5.5470282875    1.3197746666
7     H      -6.7767680878    1.4681740691    1.5812673564
8     N       3.3254865700    1.5513344442    1.4189907773
9     O       4.2589244569   -0.4819410134    1.8255765132
10    O       4.3560578031    3.5497700188    1.1309587924
11    C      -3.4727824235   -0.8058165713    1.3141874203
12    H      -4.4666868816   -2.5927689972    1.2617078629
13    C      -0.7154421337   -0.9147982870    1.1834247604
14    H       0.0577280083   -2.2125675006    2.5770164841
15    Br      0.0717928918   -2.5344560837   -2.0526984025

 Number of nodes, processes per node used for SCF calculation: 1, 4

Common Options
{
  maxiter       = 100
  basis         = 6-311g* spherical
  geom_units    = angstrom
  ang2au factor = 1.889726126
  debug         = false
  file_prefix   = ortho_th54_ph0_qed_ccsd_input
}

SCF Options
{
  charge            = 1
  multiplicity      = 1
  level shift       = 0
  tol_int           = 1e-22
  tol_sch           = 1e-12
  tol_lindep        = 1e-10
  conve             = 1e-07
  convd             = 1e-05
  diis_hist         = 10
  AO_tilesize       = 30
  writem            = 10
  damp              = 100
  n_lindep          = 0
  scf_type          = restricted
  cuscf             = false
  qed_omegas        = [0.06615,]
  qed_lambdas       = [0.1,]
  qed_polvecs       = [[0.8090169944,0,0.5877852523,],]
  direct_df         = false
  restart_size      = 2000
  restart           = false
  debug             = false
}

Number of basis functions = 221

Total number of shells = 105

Total number of electrons = 98
  # of alpha electrons    = 49
  # of beta electons      = 49

Nuclear repulsion energy  = 779.952589752132

# of {all,non-negligible} shell-pairs = {5565,5001}
Number of AO tiles = 105

Time for initial setup: 0.01 secs
HF exch = 1.00

Time for computing 1-e integrals T, V, S: 0.01 secs
Time for computing orthogonalizer: 0.01 secs

Superposition of Atomic Density Guess ...
Time taken for SAD: 0.60 secs
Total Time to compute initial guess: 0.60 secs


 SCF iterations
-----------------------------------------------------------------------------
 Iter     Energy            E-Diff       RMSD        |[F,P]|^2       Time(s)
-----------------------------------------------------------------------------
   1  -3011.7423959580    -3.01e+03     1.67e-02     1.50e+03         0.7 
   2  -3005.7809780754     5.96e+00     6.86e-03     8.53e+00         2.2 
   3  -3006.0094347051    -2.28e-01     2.73e-03     3.45e+00         2.2 
   4  -3006.1081330802    -9.87e-02     1.12e-03     1.19e-01         2.2 
   5  -3006.1149902897    -6.86e-03     3.11e-04     1.65e-02         2.2 
   6  -3006.1158220100    -8.32e-04     1.84e-04     1.67e-03         2.2 
   7  -3006.1160158647    -1.94e-04     6.80e-05     2.93e-04         2.2 
   8  -3006.1160496959    -3.38e-05     2.75e-05     6.09e-05         2.2 
   9  -3006.1160558683    -6.17e-06     1.31e-05     8.27e-06         2.2 
  10  -3006.1160572133    -1.34e-06     6.07e-06     1.89e-06         2.2 
  11  -3006.1160574797    -2.66e-07     3.27e-06     4.44e-07         2.2 
  12  -3006.1160575569    -7.72e-08     1.66e-06     1.07e-07         2.3 

** Total SCF energy = -3006.1160575568510

Nuclear repulsion energy = 779.952589752132326
#electrons        = 98
1e energy kinetic = 3006.1994865171773199
1e energy N-e     = -8713.3138502385681932
1e energy         = -5703.9614869577981153
2e energy         = 1920.8592622090782243
QED energy        = 0.1864542033321972
QED eT energy     = 0.1649886066177344
QED eT energy from matrix = 0.1649886066177403

 Polarizability Matrix (QED energy = 0.5 * lambda.dot(matrix * lambda))
[39.53730130, -1.38728853, -1.26904251]
[-1.38728853, 45.74544967,  0.96479125]
[-1.26904251,  0.96479125, 36.52845891]

 Polarizability Matrix (QED eT energy = 0.5 * lambda.dot(matrix * lambda))
[35.77726863, -1.48636641, -1.39119860]
[-1.48636641, 42.80854984,  1.08466347]
[-1.39119860,  1.08466347, 31.56171252]


                      Electron        Nuclear        Total  
                  ------------------------------------------
    Monopole         -98.000000     99.000000      1.000000

      Dipole   X      -8.027217      4.379414     -3.647802
      Dipole   Y      -5.481128      6.749041      1.267913
      Dipole   Z     -16.447093     17.729407      1.282314

  Quadrupole  XX    -784.978424    744.027275    -40.951149
  Quadrupole  XY     -16.004212      9.964627     -6.039584
  Quadrupole  XZ      -8.249663      2.260802     -5.988861
  Quadrupole  YY    -658.449097    621.361285    -37.087811
  Quadrupole  YZ    -300.713206    304.017084      3.303878
  Quadrupole  ZZ    -322.932361    276.848909    -46.083452

    Octupole XXX     -10.757103    -78.796005    -89.553109
    Octupole XXY   -1117.432013   1111.274573     -6.157439
    Octupole XXZ   -1085.425109   1074.383654    -11.041455
    Octupole XYY      10.337139    -52.082976    -41.745837
    Octupole XYZ       9.941789    -15.110324     -5.168535
    Octupole XZZ     -30.495838     35.665289      5.169451
    Octupole YYY    -790.846999    776.505222    -14.341776
    Octupole YYZ     -73.714021     64.288149     -9.425872
    Octupole YZZ     193.871160   -220.981532    -27.110373
    Octupole ZZZ      33.449720   -108.418133    -74.968413

writing orbitals and density to disk ... done.

Total Time taken for Hartree-Fock: 27.02 secs

CD Options
{
  debug             = false
  skip_cd           = [false, 100]
  write_cv          = [false, 5000]
  diagtol           = 1e-06
  itilesize         = 1000
  max_cvecs_factor  = 12
}

- #occupied, #virtual = 98, 344

- Tilesize for the MSO space: 40

-----------------------------------------------------
Begin 2-index transformation ... 

nAO, nMO, nelectrons = 221, 442, 98
n_occ_alpha, n_vir_alpha, n_occ_beta, n_vir_beta = 49,172,49,172

Time taken for Fao->Fmo transform: 0.00 secs

-----------------------------------------------------
Number of AO tiles = 105
# of {all,non-negligible} shell-pairs = {5565,5001}

    Begin Cholesky Decomposition
---------------------------------------------
Total # of mpi ranks used for Cholesky decomposition: 4
  --> Number of nodes, mpi ranks per node: 1, 4
- CPU memory required for computing cholesky vectors: 1.93 GiB

- Time for computing the diagonal: 0.01 secs

- Total number of cholesky vectors = 1648

- Time to compute cholesky vectors: 15.14 secs

- CPU memory required for resizing the ao cholesky tensor: 1.57 GiB
- CPU memory required for ao2mo transformation: 1.70 GiB
- CPU memory required for the 2-step contraction: 2.11 GiB

- Time for ao to mo transform: 1.57 secs

   End Cholesky Decomposition
---------------------------------------------

Total Time taken for Cholesky Decomposition: 19.51 secs

scf_type = restricted
Closed-Shell SCF
QED-HF Enabled
nbf = 203
nbf_orig = 221
n_lindep = 0
focc = 1
nmo = 406
nocc = 62
nvir = 344
n_occ_alpha = 31
n_vir_alpha = 172
n_occ_beta = 31
n_vir_beta = 172
nelectrons = 98
nelectrons_alpha = 49
nelectrons_beta = 49
freeze atomic = true
n_frozen_core = 18
n_frozen_virtual = 0
----------------------------
--------- QED-CCSD --------
lambda_x: 0.0809
lambda_y: 0.0000
lambda_z: 0.0588
omega: 0.066150
coupling_factor_x: 0.014713
coupling_factor_y: 0.000000
coupling_factor_z: 0.010690
----------------------------
# of {all,non-negligible} shell-pairs = {5565,5001}
Number of AO tiles = 105
----------------------------
Electronic dipole expectation value using SCF density: 
dipole_x_elec: -8.02754048
dipole_y_elec: -5.48127407
dipole_z_elec: -16.44709217

d_n/N value: d_n is nuclear dipole moment and N is the total number of electrons 
d_nuc_x: 0.04468790
d_nuc_y: 0.06886777
d_nuc_z: 0.18091232

<d_e+d_n> expectation values: 
dipole_total_x: -3.64812608
dipole_total_y: 1.26776696
dipole_total_z: 1.28231476
----------------------------


 CCSD iterations
------------------------------------------------------------
  Iter     Residuum          Correlation          Time(s)
------------------------------------------------------------
   1     1.1849382842326    0.0000000000000         84.75
   2     0.1673630183465   -1.6292427989455         84.20
   3     0.0630725389110   -1.6284318753444         85.02
   4     0.0218477692708   -1.6888645028280         84.68
   5     0.0169707717669   -1.6863239243403         83.94
 MICROCYCLE DIIS UPDATE:                    6
   6     0.0082442375276   -1.6953875230980         84.08
   7     0.0056081800214   -1.6952147207854         84.61
   8     0.0041386368153   -1.6965376577765         83.95
   9     0.0039463971404   -1.6968000322125         84.00
  10     0.0044133541292   -1.6971046756822         83.51
 MICROCYCLE DIIS UPDATE:                   11
  11     0.0007521181549   -1.6976938545567         83.81
  12     0.0005124938347   -1.6976196262703         83.65
  13     0.0004440362151   -1.6977137587050         83.62
  14     0.0004709826222   -1.6976820804563         83.66
  15     0.0006294615446   -1.6977137990211         83.78
 MICROCYCLE DIIS UPDATE:                   16
  16     0.0001044970442   -1.6977309826963         84.40
  17     0.0000739508754   -1.6977149090003         83.49
  18     0.0000627902743   -1.6977291758307         83.44
  19     0.0000580918238   -1.6977316743645         83.54
  20     0.0000628569476   -1.6977330144148         83.51
 MICROCYCLE DIIS UPDATE:                   21
  21     0.0000206291173   -1.6977435498390         84.31
  22     0.0000151851417   -1.6977390976678         82.53
  23     0.0000139474377   -1.6977396486119         83.46
  24     0.0000152367748   -1.6977384658942         83.53
  25     0.0000212275153   -1.6977388025996         83.55
 MICROCYCLE DIIS UPDATE:                   26
  26     0.0000043340751   -1.6977379937572         83.66
  27     0.0000031266762   -1.6977378704038         83.50
  28     0.0000025113250   -1.6977383722394         83.08
  29     0.0000025192858   -1.6977385041624         83.38
  30     0.0000031536236   -1.6977385710107         83.10
 MICROCYCLE DIIS UPDATE:                   31
  31     0.0000010351687   -1.6977390478649         83.54
  32     0.0000007423205   -1.6977387971405         83.05
------------------------------------------------------------------
 Iterations converged
 CCSD correlation energy / hartree =        -1.697738797140474
 CCSD total energy / hartree       =     -3007.813796353991620

Time taken for spin-orbital canonical QED-CCSD: 2764.25 secs
