
ExaChem Git Information
{
 WARNING: Failed to retrieve the current git state.
}


TAMM Git Information
{
 Branch: main
 Commit Hash: e71357ad [e71357ad54f38748b4a7e175aa6760820d5ce96f]
 Commit Date: 2026-02-02 23:14:56 -0800
 Commit Message: add GitHub Actions workflow for releases
}


date: Mon Aug 10 16:34:42 2026
program: "/global/cfs/cdirs/m3196/heindelj/cavity_qed/software/install_gpu/bin/bin/ExaChem"
nnodes: 1, nproc_per_node: 4, nproc_total: 4, ngpus_per_node: 1, ngpus_total: 1

Memory information
{
[AMD EPYC 7763 64-Core Processor                ] : 
  CPU memory per node (GiB): 251
  Total CPU memory (GiB): 251
[NVIDIA A100-SXM4-80GB, CUDA v12.9] : 
  GPU memory per device (GiB): 79
  GPU memory per node (GiB): 79
  Total GPU memory (GiB): 79
}

------------------------------------------------------------

Input file provided: /global/cfs/cdirs/m4262/heindelj/cavity_qed/mlip/lambda_scans/grid_scans_optimized_geoms/runs_grid_no_freq/ortho_th27_ph252/ortho_th27_ph252_qed_ccsd_input.json

{
  "geometry": {
    "coordinates": [
      "C    -1.790651583000    1.957294056100    0.729108482200",
      "C    -0.372135292300    1.989866532700    0.715893892300",
      "C     0.297928245000    0.826794650400    0.643372660900",
      "C    -2.520241249000    0.773581913600    0.684913591400",
      "H    -2.321192117400    2.900786381700    0.790043161600",
      "H     0.165476511300    2.924768841100    0.783392248400",
      "H    -3.600360926400    0.794746946100    0.686286297300",
      "N     1.786562463000    0.852772001300    0.696903138700",
      "O     2.339325551900   -0.176383712300    0.406624224800",
      "O     2.290227771300    1.890087987800    1.035215555200",
      "C    -1.839961789800   -0.410457808200    0.689658153500",
      "H    -2.370996001000   -1.351951510400    0.734127533100",
      "C    -0.373472467600   -0.483358519700    0.648072374200",
      "H     0.022459605700   -1.089325392500    1.461031248000",
      "Br   -0.066469647200   -1.614745589900   -0.914914547400"
    ],
    "units": "angstrom",
    "noorient": true
  },
  "common": {
    "maxiter": 100,
    "debug": false
  },
  "basis": {
    "basisset": "6-311G*"
  },
  "SCF": {
    "charge": 1,
    "multiplicity": 1,
    "lshift": 0,
    "tol_lindep": 1e-10,
    "conve": 1e-07,
    "convd": 1e-05,
    "diis_hist": 10,
    "writem": 10,
    "restart": false,
    "noscf": false,
    "scf_type": "restricted",
    "debug": false,
    "qed_omegas": [
      0.06615
    ],
    "qed_volumes": [],
    "qed_lambdas": [
      0.1
    ],
    "qed_polvecs": [
      [
        -0.14029077970429515,
        -0.43177062311338915,
        0.8910065241883679
      ]
    ],
    "direct_df": false
  },
  "CD": {
    "debug": false,
    "diagtol": 1e-06
  },
  "CC": {
    "threshold": 1e-06,
    "ndiis": 5,
    "ccsd_maxiter": 200,
    "tilesize": 40,
    "freeze": {
      "atomic": true
    },
    "readt": false,
    "writet": true,
    "writet_iter": 5,
    "debug": false,
    "profile_ccsd": false,
    "balance_tiles": true
  },
  "TASK": {
    "scf": false,
    "ccsd": true
  }
}

Output folder & files prefix: ortho_th27_ph252_qed_ccsd_input.6-311g*

  C (carbon)
  ----------
          Exponent        Coefficients
      ----------------  --------------------
  1 S  4.56324000E+03      0.778202
  1 S  6.82024000E+02      1.448695
  1 S  1.54973000E+02      2.383089
  1 S  4.44553000E+01      3.200089
  1 S  1.30290000E+01      3.013004
  1 S  1.82773000E+00      0.247599

  2 S  2.09642000E+01      0.800629
  2 S  4.80331000E+00      2.127420
  2 S  1.45933000E+00     -0.002868

  3 P  2.09642000E+01      2.573592
  3 P  4.80331000E+00      2.408248
  3 P  1.45933000E+00      1.865281

  4 S  4.83456000E-01      0.413217

  5 P  4.83456000E-01      0.574627

  6 S  1.45585000E-01      0.167976

  7 P  1.45585000E-01      0.128185

  8 D  6.26000000E-01      0.725128


  H (hydrogen)
  ------------
          Exponent        Coefficients
      ----------------  --------------------
  1 S  3.38650000E+01      0.255069
  1 S  5.09479000E+00      0.460109
  1 S  1.15879000E+00      0.678321

  2 S  3.25840000E-01      0.307371

  3 S  1.02741000E-01      0.129336


  N (nitrogen)
  ------------
          Exponent        Coefficients
      ----------------  --------------------
  1 S  6.29348000E+03      0.991968
  1 S  9.49044000E+02      1.823240
  1 S  2.18776000E+02      2.979891
  1 S  6.36916000E+01      4.000007
  1 S  1.88282000E+01      3.881008
  1 S  2.72023000E+00      0.386764

  2 S  3.06331000E+01      1.038501
  2 S  7.02614000E+00      2.834794
  2 S  2.11205000E+00     -0.003208

  3 P  3.06331000E+01      3.935616
  3 P  7.02614000E+00      3.870994
  3 P  2.11205000E+00      2.967271

  4 S  6.84009000E-01      0.536051

  5 P  6.84009000E-01      0.886681

  6 S  2.00878000E-01      0.213850

  7 P  2.00878000E-01      0.191693

  8 D  9.13000000E-01      1.403568


  O (oxygen)
  ----------
          Exponent        Coefficients
      ----------------  --------------------
  1 S  8.58850000E+03      1.205013
  1 S  1.29723000E+03      2.216205
  1 S  2.99296000E+02      3.627452
  1 S  8.73771000E+01      4.888452
  1 S  2.56789000E+01      4.835721
  1 S  3.74004000E+00      0.538229

  2 S  4.21175000E+01      1.341958
  2 S  9.62837000E+00      3.587114
  2 S  2.85332000E+00     -0.005123

  3 P  4.21175000E+01      5.584018
  3 P  9.62837000E+00      5.733366
  3 P  2.85332000E+00      4.332955

  4 S  9.05661000E-01      0.661659

  5 P  9.05661000E-01      1.259352

  6 S  2.55611000E-01      0.256209

  7 P  2.55611000E-01      0.259068

  8 D  1.29200000E+00      2.577026


  Br (bromine)
  ------------
          Exponent        Coefficients
      ----------------  --------------------
  1 S  4.39700000E+05      9.893706
  1 S  6.60300000E+04     18.450679
  1 S  1.51400000E+04     31.049770
  1 S  4.31700000E+03     48.888138
  1 S  1.41400000E+03     64.847798
  1 S  5.23900000E+02     42.245010

  2 S  5.23900000E+02     14.290679
  2 S  2.07700000E+02     24.083128
  2 S  8.65400000E+01      5.132542

  3 S  3.05200000E+01      9.254405

  4 S  1.29800000E+01      4.873782

  5 S  4.41200000E+00      2.169635

  6 S  1.86200000E+00      1.136043

  7 S  3.93200000E-01      0.353892

  8 S  1.40000000E-01      0.163120

  9 P  2.95700000E+03    691.874478
  9 P  7.00300000E+02    925.332763
  9 P  2.24600000E+02   1068.830732

  10 P  8.25900000E+01    122.079275
  10 P  3.31900000E+01     57.580687
  10 P  1.42000000E+01     10.176170

  11 P  1.42000000E+01      3.129736
  11 P  7.43800000E+00      6.538168
  11 P  3.52600000E+00      4.166276

  12 P  1.59500000E+00      2.555000

  13 P  8.46200000E-01      1.156861

  14 P  3.18600000E-01      0.341191

  15 P  1.09600000E-01      0.089888

  16 D  1.34800000E+02    160.709187
  16 D  3.63900000E+01    119.797406
  16 D  1.21600000E+01     55.531619
  16 D  4.34100000E+00     12.984636

  17 D  1.53500000E+00      3.484168

  18 D  4.51000000E-01      0.408525



Printing Internal Coordinates

------------------------------------------------------------
                Bond Lengths

i      j        Length (Angstroms)     Length (Bohr)
0      1          1.4189517464         2.6814301866
0      3          1.3911968608         2.6289810541
0      4          1.0841420858         2.0487316238
1      2          1.3442398136         2.5402450952
1      5          1.0805668909         2.0419754845
2      7          1.4898228652         2.8153571914
2      12         1.4721760538         2.7820095508
3      6          1.0803278949         2.0415238475
3      10         1.3655594884         2.5805334417
7      8          1.2037318485         2.2747235227
7      9          1.2017314549         2.2709433267
10     11         1.0818434501         2.0443878317
10     12         1.4688889757         2.7757978734
12     13         1.0885128332         2.0569911393
12     14         1.9537695748         3.6920894095

Number of Bonds: 15

------------------------------------------------------------
           Bond Angles

i      j      k      Angle (degrees)
0      1      2        118.6174 
0      1      5        121.1081 
0      3      6        120.5056 
0      3      10       118.4499 
1      0      3        122.9228 
1      0      4        118.0187 
1      2      7        118.7538 
1      2      12       122.8538 
2      1      5        120.2622 
2      7      8        115.8024 
2      7      9        116.3561 
2      12     10       114.2826 
2      12     13       109.3855 
2      12     14       116.1761 
3      0      4        119.0531 
3      10     11       120.6770 
3      10     12       122.7034 
6      3      10       121.0012 
7      2      12       118.1057 
8      7      9        127.8375 
10     12     13       111.6926 
10     12     14       102.0207 
11     10     12       116.6174 
13     12     14       102.5885 

Number of Angles: 24

------------------------------------------------------------
              Torsional Angles

i      j      k      l      Angle (degrees)
3      0      1      2          0.7172 
4      0      1      2        179.8659 
5      1      0      3       -178.0078 
5      1      0      4          1.1409 
6      3      0      1       -179.3421 
6      3      0      4          1.5175 
10     3      0      1          3.0287 
10     3      0      4       -176.1116 
11     10     3      0        175.2002 
11     10     3      6         -2.4167 

Number of Torsional Angles: 10


----------------------------------------------------------------------
                          Center of Mass

         x               y               z              Unit
   0.03155571377   -0.1460294904   0.06664785059      Angstrom
   0.05963165673   -0.2759557431    0.1259461845          Bohr

----------------------------------------------------------------------
                Moment of Inertia Tensor

           1918.42          -97.6837          -48.8039
          -97.6837           1896.43          -717.357
          -48.8039          -717.357           2880.15

----------------------------------------------------------------------
                      Principal Moments of Inertia

           x                 y                 z                Unit
       417.4225108       545.0126893       912.3556377       amu * ang^2
       1490.642848       1946.275647       3258.081131      amu * bohr^2
  6.9314685956e-38  9.0501548006e-38  1.5150032132e-37          g * cm^2

 - Molecule is an asymmetric top.

----------------------------------------------------------------------

         Rotational constants (MHz)

    A = 1.2107e+03        B = 9.2728e+02        C = 5.5393e+02

----------------------------------------------------------------------

        Rotational constants (cm-1)

    A = 4.0385e-02        B = 3.0931e-02        C = 1.8477e-02

----------------------------------------------------------------------

                                Z-Matrix
C   
C        1       2.6814302
C        2       2.5402451     1       118.61738
C        3      5.32709623     2     61.13223562     1         -0.3392
H        4      4.04227907     3     83.62274636     2          0.1366
H        5      4.69935802     4     95.88359969     3         -0.7210
H        6      8.17794225     5     28.97422132     4          0.0842
N        7     10.18042017     6     28.89721194     5       -179.4568
O        8      2.27472352     7    116.71137307     6       -166.7358
O        9      4.08278946     8     26.05790652     7       -177.2760
C       10      8.95785731     9     62.25091736     8          6.9954
H       11      2.04438783    10    147.89151900     9         28.1159
C       12      4.11941204    11     37.04336261    10        -12.3369
H       13      2.05699114    12     94.70383101    11        132.0440
Br      14      4.60143198    13     51.54433791    12         87.8025

----------------------------------------------------------------------

             Converted back to Cartesian

C        0.000000      0.000000      0.000000
C        0.000000      0.000000      2.681430
C        0.000000      0.091767      0.142843
C        0.000010     -0.199772      5.461956
H       -0.000012      0.124183      1.432679
H        0.000064     -0.389068      6.103925
H       -0.000097      0.575816     -2.016896
N        0.005035     -0.714138      8.081467
O        0.003544     -0.345890      5.836749
O        0.008106     -1.038746      9.860317
C       -0.012148      0.648229      1.062766
H       -0.002766      0.173315      3.051205
C       -0.023894      1.175357     -0.944420
H       -0.012899      0.617656      1.035494
Br      -0.039960      1.934558     -3.373385

----------------------------------------------------------------------
                       Geometry in bohr 

1     C      -3.3838410788    3.6987497139    1.3778153474
2     C      -0.7032337842    3.7603027739    1.3528433917
3     C       0.5630027882    1.5624154516    1.2157981260
4     C      -4.7625657318    1.4618579527    1.2942991077
5     H      -4.3864173875    5.4816918112    1.4929652031
6     H       0.3127052866    5.5270120913    1.4803967986
7     H      -6.8036961053    1.5018540675    1.2968931459
8     N       3.3761137619    1.6115055303    1.3169560684
9     O       4.4206846124   -0.3333169093    0.7684084210
10    O       4.3279032537    3.5717486508    1.9562738806
11    C      -3.4770238649   -0.7756528437    1.3032650306
12    H      -4.4805330875   -2.5548180902    1.3872999790
13    C      -0.7057606793   -0.9134152229    1.2246792970
14    H       0.0424425037   -2.0585266538    2.7609489201
15    Br     -0.1256094289   -3.0514269279   -1.7289379232

 Number of nodes, processes per node used for SCF calculation: 1, 4

Common Options
{
  maxiter       = 100
  basis         = 6-311g* spherical
  geom_units    = angstrom
  ang2au factor = 1.889726126
  debug         = false
  file_prefix   = ortho_th27_ph252_qed_ccsd_input
}

SCF Options
{
  charge            = 1
  multiplicity      = 1
  level shift       = 0
  tol_int           = 1e-22
  tol_sch           = 1e-12
  tol_lindep        = 1e-10
  conve             = 1e-07
  convd             = 1e-05
  diis_hist         = 10
  AO_tilesize       = 30
  writem            = 10
  damp              = 100
  n_lindep          = 0
  scf_type          = restricted
  cuscf             = false
  qed_omegas        = [0.06615,]
  qed_lambdas       = [0.1,]
  qed_polvecs       = [[-0.1402907797,-0.4317706231,0.8910065242,],]
  direct_df         = false
  restart_size      = 2000
  restart           = false
  debug             = false
}

Number of basis functions = 221

Total number of shells = 105

Total number of electrons = 98
  # of alpha electrons    = 49
  # of beta electons      = 49

Nuclear repulsion energy  = 773.519217401213

# of {all,non-negligible} shell-pairs = {5565,4984}
Number of AO tiles = 105

Time for initial setup: 0.03 secs
HF exch = 1.00

Time for computing 1-e integrals T, V, S: 0.01 secs
Time for computing orthogonalizer: 0.01 secs

Superposition of Atomic Density Guess ...
Time taken for SAD: 0.29 secs
Total Time to compute initial guess: 0.29 secs


 SCF iterations
-----------------------------------------------------------------------------
 Iter     Energy            E-Diff       RMSD        |[F,P]|^2       Time(s)
-----------------------------------------------------------------------------
   1  -3011.6552215544    -3.01e+03     1.68e-02     1.48e+03         0.6 
   2  -3005.8250848822     5.83e+00     7.09e-03     7.59e+00         2.2 
   3  -3005.9852911004    -1.60e-01     3.17e-03     4.48e+00         2.2 
   4  -3006.1145977061    -1.29e-01     1.08e-03     1.08e-01         2.2 
   5  -3006.1206590124    -6.06e-03     2.48e-04     1.11e-02         2.2 
   6  -3006.1212000431    -5.41e-04     1.46e-04     1.23e-03         2.2 
   7  -3006.1213354284    -1.35e-04     6.39e-05     3.79e-04         2.2 
   8  -3006.1213681803    -3.28e-05     3.38e-05     7.78e-05         2.2 
   9  -3006.1213763972    -8.22e-06     1.34e-05     8.62e-06         2.2 
  10  -3006.1213776480    -1.25e-06     5.71e-06     2.15e-06         2.2 
  11  -3006.1213779029    -2.55e-07     3.49e-06     4.40e-07         2.2 
  12  -3006.1213779805    -7.76e-08     1.42e-06     8.37e-08         2.2 

** Total SCF energy = -3006.1213779805416

Nuclear repulsion energy = 773.519217401213268
#electrons        = 98
1e energy kinetic = 3006.1584633074335215
1e energy N-e     = -8700.5757844725176255
1e energy         = -5693.8484700568260450
2e energy         = 1914.5993866074018115
QED energy        = 0.1773391759268270
QED eT energy     = 0.1521047060097574
QED eT energy from matrix = 0.1521047060097548

 Polarizability Matrix (QED energy = 0.5 * lambda.dot(matrix * lambda))
[40.76105307, -1.61721370, -0.60778450]
[-1.61721370, 45.65843534,  3.25895314]
[-0.60778450,  3.25895314, 36.15748875]

 Polarizability Matrix (QED eT energy = 0.5 * lambda.dot(matrix * lambda))
[37.04747239, -1.74673967, -0.68740871]
[-1.74673967, 42.75644497,  3.88598291]
[-0.68740871,  3.88598291, 31.17625639]


                      Electron        Nuclear        Total  
                  ------------------------------------------
    Monopole         -98.000000     99.000000      1.000000

      Dipole   X      -2.659609     -0.906864     -3.566472
      Dipole   Y      10.162182     -8.949190      1.212992
      Dipole   Z     -24.183687     25.534029      1.350343

  Quadrupole  XX    -798.884562    757.420817    -41.463745
  Quadrupole  XY     -40.852884     34.794043     -6.058841
  Quadrupole  XZ     -19.179211     13.688764     -5.490447
  Quadrupole  YY    -760.349140    723.644351    -36.704789
  Quadrupole  YZ    -331.532247    333.514727      1.982480
  Quadrupole  ZZ    -274.451716    228.234747    -46.216968

    Octupole XXX     -67.208393    -16.279438    -83.487831
    Octupole XXY   -1143.461205   1142.429450     -1.031755
    Octupole XXZ   -1023.383632   1009.478904    -13.904728
    Octupole XYY      68.587926   -106.924229    -38.336303
    Octupole XYZ     -92.802108     82.117901    -10.684207
    Octupole XZZ     -14.907516     21.469460      6.561944
    Octupole YYY    -369.573095    367.525793     -2.047302
    Octupole YYZ     -65.882950     47.706571    -18.176379
    Octupole YZZ      64.036072    -89.809662    -25.773589
    Octupole ZZZ     -88.200611      9.739002    -78.461609

writing orbitals and density to disk ... done.

Total Time taken for Hartree-Fock: 25.94 secs

CD Options
{
  debug             = false
  skip_cd           = [false, 100]
  write_cv          = [false, 5000]
  diagtol           = 1e-06
  itilesize         = 1000
  max_cvecs_factor  = 12
}

- #occupied, #virtual = 98, 344

- Tilesize for the MSO space: 40

-----------------------------------------------------
Begin 2-index transformation ... 

nAO, nMO, nelectrons = 221, 442, 98
n_occ_alpha, n_vir_alpha, n_occ_beta, n_vir_beta = 49,172,49,172

Time taken for Fao->Fmo transform: 0.00 secs

-----------------------------------------------------
Number of AO tiles = 105
# of {all,non-negligible} shell-pairs = {5565,4984}

    Begin Cholesky Decomposition
---------------------------------------------
Total # of mpi ranks used for Cholesky decomposition: 4
  --> Number of nodes, mpi ranks per node: 1, 4
- CPU memory required for computing cholesky vectors: 1.93 GiB

- Time for computing the diagonal: 0.01 secs

- Total number of cholesky vectors = 1647

- Time to compute cholesky vectors: 15.20 secs

- CPU memory required for resizing the ao cholesky tensor: 1.56 GiB
- CPU memory required for ao2mo transformation: 1.70 GiB
- CPU memory required for the 2-step contraction: 2.11 GiB

- Time for ao to mo transform: 1.55 secs

   End Cholesky Decomposition
---------------------------------------------

Total Time taken for Cholesky Decomposition: 19.86 secs

scf_type = restricted
Closed-Shell SCF
QED-HF Enabled
nbf = 203
nbf_orig = 221
n_lindep = 0
focc = 1
nmo = 406
nocc = 62
nvir = 344
n_occ_alpha = 31
n_vir_alpha = 172
n_occ_beta = 31
n_vir_beta = 172
nelectrons = 98
nelectrons_alpha = 49
nelectrons_beta = 49
freeze atomic = true
n_frozen_core = 18
n_frozen_virtual = 0
----------------------------
--------- QED-CCSD --------
lambda_x: -0.0140
lambda_y: -0.0432
lambda_z: 0.0891
omega: 0.066150
coupling_factor_x: -0.002551
coupling_factor_y: -0.007852
coupling_factor_z: 0.016204
----------------------------
# of {all,non-negligible} shell-pairs = {5565,4984}
Number of AO tiles = 105
----------------------------
Electronic dipole expectation value using SCF density: 
dipole_x_elec: -2.65992854
dipole_y_elec: 10.16199135
dipole_z_elec: -24.18363646

d_n/N value: d_n is nuclear dipole moment and N is the total number of electrons 
d_nuc_x: -0.00925371
d_nuc_y: -0.09131826
d_nuc_z: 0.26055132

<d_e+d_n> expectation values: 
dipole_total_x: -3.56679219
dipole_total_y: 1.21280169
dipole_total_z: 1.35039297
----------------------------


 CCSD iterations
------------------------------------------------------------
  Iter     Residuum          Correlation          Time(s)
------------------------------------------------------------
   1     1.1861135257687    0.0000000000000         84.92
   2     0.1691591271608   -1.6987361603985         84.01
   3     0.0692162104356   -1.6248012009017         84.25
   4     0.0215117326338   -1.6999416542031         83.93
   5     0.0164907940240   -1.6876192213885         83.81
 MICROCYCLE DIIS UPDATE:                    6
   6     0.0063876916127   -1.6975733029021         83.60
   7     0.0033826344395   -1.6974273147508         83.66
   8     0.0024574192243   -1.6983631424653         82.59
   9     0.0013767641080   -1.6984049242341         82.85
  10     0.0013931806356   -1.6986487830039         83.52
 MICROCYCLE DIIS UPDATE:                   11
  11     0.0004194510579   -1.6988481966881         83.03
  12     0.0004069965690   -1.6989544555813         82.73
  13     0.0002204705839   -1.6989228649477         84.16
  14     0.0002482581988   -1.6989214342350         83.34
  15     0.0001409625457   -1.6989212292124         83.37
 MICROCYCLE DIIS UPDATE:                   16
  16     0.0000601572116   -1.6989028067856         83.01
  17     0.0000474011327   -1.6989235517582         83.14
  18     0.0000315076763   -1.6989276811518         82.61
  19     0.0000299254832   -1.6989286576114         82.30
  20     0.0000209294046   -1.6989299391962         82.49
 MICROCYCLE DIIS UPDATE:                   21
  21     0.0000090889247   -1.6989305316229         83.07
  22     0.0000062269715   -1.6989324371099         83.14
  23     0.0000046818168   -1.6989316188190         82.99
  24     0.0000036360738   -1.6989314121927         82.98
  25     0.0000031669189   -1.6989313022457         82.76
 MICROCYCLE DIIS UPDATE:                   26
  26     0.0000014519598   -1.6989304111505         83.05
  27     0.0000009806908   -1.6989311276283         83.90
------------------------------------------------------------------
 Iterations converged
 CCSD correlation energy / hartree =        -1.698931127628323
 CCSD total energy / hartree       =     -3007.820309108170022

Time taken for spin-orbital canonical QED-CCSD: 2314.53 secs
