
ExaChem Git Information
{
 WARNING: Failed to retrieve the current git state.
}


TAMM Git Information
{
 Branch: main
 Commit Hash: e71357ad [e71357ad54f38748b4a7e175aa6760820d5ce96f]
 Commit Date: 2026-02-02 23:14:56 -0800
 Commit Message: add GitHub Actions workflow for releases
}


date: Fri Aug  7 14:11:36 2026
program: "/global/cfs/cdirs/m3196/heindelj/cavity_qed/software/install_gpu/bin/bin/ExaChem"
nnodes: 1, nproc_per_node: 4, nproc_total: 4, ngpus_per_node: 1, ngpus_total: 1

Memory information
{
[AMD EPYC 7763 64-Core Processor                ] : 
  CPU memory per node (GiB): 251
  Total CPU memory (GiB): 251
[NVIDIA A100-SXM4-40GB, CUDA v12.9] : 
  GPU memory per device (GiB): 39
  GPU memory per node (GiB): 39
  Total GPU memory (GiB): 39
}

------------------------------------------------------------

Input file provided: /global/cfs/cdirs/m4262/heindelj/cavity_qed/mlip/lambda_scans/grid_scans_optimized_geoms/runs_grid_no_freq/meta_th9_ph18/meta_th9_ph18_qed_ccsd_input.json

{
  "geometry": {
    "coordinates": [
      "C    -0.921365358700    2.026224204900    0.764777227200",
      "C     0.477742099400    1.961740803600    0.720961686700",
      "C     1.157269328700    0.736244613300    0.653410620000",
      "C     0.493480166300   -0.437003918200    0.582436616300",
      "C    -1.633160022600    0.868605118100    0.702452979600",
      "H    -1.414932782100    2.986236784800    0.833765416900",
      "H     1.074309382400    2.867709358700    0.741216182800",
      "H     1.033214325200   -1.373815419300    0.510406952400",
      "H    -2.716341626600    0.877964384100    0.716544981400",
      "N     2.645916045800    0.740885267900    0.652279455400",
      "O     3.178056468100   -0.336163771300    0.636223455400",
      "O     3.169317867800    1.823984574800    0.666816085000",
      "C    -0.975120239700   -0.444470929100    0.614431099200",
      "H    -1.269000673600   -1.007735709000    1.508574087200",
      "Br   -1.691218266100   -1.488806445000   -0.832839216000"
    ],
    "units": "angstrom",
    "noorient": true
  },
  "common": {
    "maxiter": 100,
    "debug": false
  },
  "basis": {
    "basisset": "6-311G*"
  },
  "SCF": {
    "charge": 1,
    "multiplicity": 1,
    "lshift": 0,
    "tol_lindep": 1e-10,
    "conve": 1e-07,
    "convd": 1e-05,
    "diis_hist": 10,
    "writem": 10,
    "restart": false,
    "noscf": false,
    "scf_type": "restricted",
    "debug": false,
    "qed_omegas": [
      0.06615
    ],
    "qed_volumes": [],
    "qed_lambdas": [
      0.1
    ],
    "qed_polvecs": [
      [
        0.14877801734965795,
        0.04834090820338493,
        0.9876883405951378
      ]
    ],
    "direct_df": false
  },
  "CD": {
    "debug": false,
    "diagtol": 1e-06
  },
  "CC": {
    "threshold": 1e-06,
    "ndiis": 5,
    "ccsd_maxiter": 200,
    "tilesize": 40,
    "freeze": {
      "atomic": true
    },
    "readt": false,
    "writet": true,
    "writet_iter": 5,
    "debug": false,
    "profile_ccsd": false,
    "balance_tiles": true
  },
  "TASK": {
    "scf": false,
    "ccsd": true
  }
}

Output folder & files prefix: meta_th9_ph18_qed_ccsd_input.6-311g*

  C (carbon)
  ----------
          Exponent        Coefficients
      ----------------  --------------------
  1 S  4.56324000E+03      0.778202
  1 S  6.82024000E+02      1.448695
  1 S  1.54973000E+02      2.383089
  1 S  4.44553000E+01      3.200089
  1 S  1.30290000E+01      3.013004
  1 S  1.82773000E+00      0.247599

  2 S  2.09642000E+01      0.800629
  2 S  4.80331000E+00      2.127420
  2 S  1.45933000E+00     -0.002868

  3 P  2.09642000E+01      2.573592
  3 P  4.80331000E+00      2.408248
  3 P  1.45933000E+00      1.865281

  4 S  4.83456000E-01      0.413217

  5 P  4.83456000E-01      0.574627

  6 S  1.45585000E-01      0.167976

  7 P  1.45585000E-01      0.128185

  8 D  6.26000000E-01      0.725128


  H (hydrogen)
  ------------
          Exponent        Coefficients
      ----------------  --------------------
  1 S  3.38650000E+01      0.255069
  1 S  5.09479000E+00      0.460109
  1 S  1.15879000E+00      0.678321

  2 S  3.25840000E-01      0.307371

  3 S  1.02741000E-01      0.129336


  N (nitrogen)
  ------------
          Exponent        Coefficients
      ----------------  --------------------
  1 S  6.29348000E+03      0.991968
  1 S  9.49044000E+02      1.823240
  1 S  2.18776000E+02      2.979891
  1 S  6.36916000E+01      4.000007
  1 S  1.88282000E+01      3.881008
  1 S  2.72023000E+00      0.386764

  2 S  3.06331000E+01      1.038501
  2 S  7.02614000E+00      2.834794
  2 S  2.11205000E+00     -0.003208

  3 P  3.06331000E+01      3.935616
  3 P  7.02614000E+00      3.870994
  3 P  2.11205000E+00      2.967271

  4 S  6.84009000E-01      0.536051

  5 P  6.84009000E-01      0.886681

  6 S  2.00878000E-01      0.213850

  7 P  2.00878000E-01      0.191693

  8 D  9.13000000E-01      1.403568


  O (oxygen)
  ----------
          Exponent        Coefficients
      ----------------  --------------------
  1 S  8.58850000E+03      1.205013
  1 S  1.29723000E+03      2.216205
  1 S  2.99296000E+02      3.627452
  1 S  8.73771000E+01      4.888452
  1 S  2.56789000E+01      4.835721
  1 S  3.74004000E+00      0.538229

  2 S  4.21175000E+01      1.341958
  2 S  9.62837000E+00      3.587114
  2 S  2.85332000E+00     -0.005123

  3 P  4.21175000E+01      5.584018
  3 P  9.62837000E+00      5.733366
  3 P  2.85332000E+00      4.332955

  4 S  9.05661000E-01      0.661659

  5 P  9.05661000E-01      1.259352

  6 S  2.55611000E-01      0.256209

  7 P  2.55611000E-01      0.259068

  8 D  1.29200000E+00      2.577026


  Br (bromine)
  ------------
          Exponent        Coefficients
      ----------------  --------------------
  1 S  4.39700000E+05      9.893706
  1 S  6.60300000E+04     18.450679
  1 S  1.51400000E+04     31.049770
  1 S  4.31700000E+03     48.888138
  1 S  1.41400000E+03     64.847798
  1 S  5.23900000E+02     42.245010

  2 S  5.23900000E+02     14.290679
  2 S  2.07700000E+02     24.083128
  2 S  8.65400000E+01      5.132542

  3 S  3.05200000E+01      9.254405

  4 S  1.29800000E+01      4.873782

  5 S  4.41200000E+00      2.169635

  6 S  1.86200000E+00      1.136043

  7 S  3.93200000E-01      0.353892

  8 S  1.40000000E-01      0.163120

  9 P  2.95700000E+03    691.874478
  9 P  7.00300000E+02    925.332763
  9 P  2.24600000E+02   1068.830732

  10 P  8.25900000E+01    122.079275
  10 P  3.31900000E+01     57.580687
  10 P  1.42000000E+01     10.176170

  11 P  1.42000000E+01      3.129736
  11 P  7.43800000E+00      6.538168
  11 P  3.52600000E+00      4.166276

  12 P  1.59500000E+00      2.555000

  13 P  8.46200000E-01      1.156861

  14 P  3.18600000E-01      0.341191

  15 P  1.09600000E-01      0.089888

  16 D  1.34800000E+02    160.709187
  16 D  3.63900000E+01    119.797406
  16 D  1.21600000E+01     55.531619
  16 D  4.34100000E+00     12.984636

  17 D  1.53500000E+00      3.484168

  18 D  4.51000000E-01      0.408525



Printing Internal Coordinates

------------------------------------------------------------
                Bond Lengths

i      j        Length (Angstroms)     Length (Bohr)
0      1          1.4012778418         2.6480313473
0      4          1.3603741785         2.5707346261
0      5          1.0816618350         2.0440446290
1      2          1.4029117272         2.6511189433
1      6          1.0849340029         2.0502281301
2      3          1.3498760973         2.5508961278
2      9          1.4886543802         2.8131490746
3      7          1.0835668061         2.0476445027
3      12         1.4689678539         2.7759469316
4      8          1.0833136977         2.0471661971
4      12         1.4713710997         2.7804884080
9      10         1.2014432392         2.2703986779
9      11         1.2030232290         2.2733844259
12     13         1.0968703682         2.0727845916
12     14         1.9230248096         3.6339902235

Number of Bonds: 15

------------------------------------------------------------
           Bond Angles

i      j      k      Angle (degrees)
0      1      2        121.6900 
0      1      6        120.6640 
0      4      8        121.0124 
0      4      12       121.8801 
1      0      4        118.8052 
1      0      5        119.8965 
1      2      3        121.5730 
1      2      9        118.7952 
2      1      6        117.6458 
2      3      7        120.6633 
2      3      12       119.6625 
2      9      10       116.1122 
2      9      11       115.9679 
3      2      9        119.6307 
3      12     4        116.3519 
3      12     13       106.7517 
3      12     14       111.0177 
4      0      5        121.2934 
4      12     13       106.8390 
4      12     14       111.2924 
7      3      12       119.6722 
8      4      12       117.1076 
10     9      11       127.9199 
13     12     14       103.5831 

Number of Angles: 24

------------------------------------------------------------
              Torsional Angles

i      j      k      l      Angle (degrees)
3      2      1      0          2.2456 
3      12     4      0         -0.6554 
4      0      1      2         -1.8482 
4      12     3      2          0.9729 
5      0      1      2        178.9493 
6      1      0      4        178.3216 
6      1      0      5         -0.8809 
6      1      2      3       -177.9192 
7      3      2      1        178.7425 
7      3      12     4       -179.5335 
8      4      0      1       -178.9572 
8      4      0      5          0.2337 
8      4      12     3        179.3869 
12     3      2      1         -1.7689 
12     4      0      1          1.0866 
12     4      0      5       -179.7224 
13     12     3      2       -118.1514 
13     12     3      7         61.3423 
13     12     4      0        118.4216 
13     12     4      8        -61.5362 
14     12     3      2        129.6144 
14     12     3      7        -50.8919 
14     12     4      0       -129.1637 
14     12     4      8         50.8786 

Number of Torsional Angles: 24


----------------------------------------------------------------------
                          Center of Mass

         x               y               z              Unit
  -0.08234591514   -0.1177022284   0.07994244222      Angstrom
   -0.1556112272   -0.2224249761    0.1510693216          Bohr

----------------------------------------------------------------------
                Moment of Inertia Tensor

            1730.5          -1010.75          -670.322
          -1010.75           3024.72          -604.148
          -670.322          -604.148            3963.1

----------------------------------------------------------------------
                      Principal Moments of Inertia

           x                 y                 z                Unit
       258.3346348       986.1174903       1196.927847       amu * ang^2
       922.5297288       3521.489489       4274.306939      amu * bohr^2
  4.2897504607e-38  1.6374877345e-37  1.9875468063e-37          g * cm^2

 - Molecule is an asymmetric top.

----------------------------------------------------------------------

         Rotational constants (MHz)

    A = 1.9563e+03        B = 5.1249e+02        C = 4.2223e+02

----------------------------------------------------------------------

        Rotational constants (cm-1)

    A = 6.5255e-02        B = 1.7095e-02        C = 1.4084e-02

----------------------------------------------------------------------

                                Z-Matrix
C   
C        1       2.6480313
C        2       2.6511189     1       121.68997
C        3      2.55089613     2    121.57304919     1          2.2456
C        4      4.72114608     3     87.81324185     2         -1.2551
H        5      4.03058248     4    115.76742372     3          0.3221
H        6      4.71256197     5     93.01830551     4          0.9641
H        7      8.02755439     6     92.28193986     5         -0.6151
H        8      8.27436281     7     59.48533592     6          0.7091
N        9     10.13723639     8     29.57618498     7         -1.3415
O       10      2.27039868     9    117.76259801     8         -3.7557
O       11      4.08253152    10     26.05846202     9       -179.3462
C       12      8.92883132    11     61.53250873    10         -0.3665
H       13      2.07278459    12    118.19761816    11         69.1616
Br      14      4.58698194    13     50.36118835    12       -145.5792

----------------------------------------------------------------------

             Converted back to Cartesian

C        0.000000      0.000000      0.000000
C        0.000000      0.000000      2.648031
C        0.000000      0.098252     -0.001266
C       -0.000065     -0.090602      2.542629
C        0.000190      0.384726     -2.154528
H       -0.000193     -0.162210      1.838774
H        0.000370      0.609289     -2.810208
H       -0.000740     -0.926978      5.068975
H        0.000472      0.803416     -3.022429
N       -0.001017     -1.405779      6.871155
O       -0.000587     -0.831842      4.674497
O        0.000371     -1.895147      8.616127
C       -0.010646      0.591325      0.040501
H       -0.005684     -0.057148      2.009230
Br      -0.015808      1.444555     -2.324959

----------------------------------------------------------------------
                       Geometry in bohr 

1     C      -1.7411281898    3.8290088169    1.4452195067
2     C       0.9028017267    3.7071528488    1.3624201351
3     C       2.1869220852    1.3913006808    1.2347671196
4     C       0.9325423629   -0.8258177213    1.1006456905
5     C      -3.0862251625    1.6414257848    1.3274437478
6     H      -2.6738354447    5.6431696704    1.5755882912
7     H       2.0301505072    5.4191852966    1.4006955856
8     H       1.9524921040   -2.5961348900    0.9645293528
9     H      -5.1331417387    1.6591122343    1.3540737717
10    N       5.0000566787    1.4000702471    1.2326295283
11    O       6.0056563374   -0.6352574612    1.2022880856
12    O       5.9891427761    3.4468313043    1.2600997770
13    C      -1.8427101929   -0.8399283269    1.1611065007
14    H      -2.3980637267   -1.9043444973    2.8507918654
15    Br     -3.1959393421   -2.8134364355   -1.5738380252

 Number of nodes, processes per node used for SCF calculation: 1, 4

Common Options
{
  maxiter       = 100
  basis         = 6-311g* spherical
  geom_units    = angstrom
  ang2au factor = 1.889726126
  debug         = false
  file_prefix   = meta_th9_ph18_qed_ccsd_input
}

SCF Options
{
  charge            = 1
  multiplicity      = 1
  level shift       = 0
  tol_int           = 1e-22
  tol_sch           = 1e-12
  tol_lindep        = 1e-10
  conve             = 1e-07
  convd             = 1e-05
  diis_hist         = 10
  AO_tilesize       = 30
  writem            = 10
  damp              = 100
  n_lindep          = 0
  scf_type          = restricted
  cuscf             = false
  qed_omegas        = [0.06615,]
  qed_lambdas       = [0.1,]
  qed_polvecs       = [[0.1487780173,0.0483409082,0.9876883406,],]
  direct_df         = false
  restart_size      = 2000
  restart           = false
  debug             = false
}

Number of basis functions = 221

Total number of shells = 105

Total number of electrons = 98
  # of alpha electrons    = 49
  # of beta electons      = 49

Nuclear repulsion energy  = 736.74738199541

# of {all,non-negligible} shell-pairs = {5565,4892}
Number of AO tiles = 105

Time for initial setup: 0.01 secs
HF exch = 1.00

Time for computing 1-e integrals T, V, S: 0.01 secs
Time for computing orthogonalizer: 0.01 secs

Superposition of Atomic Density Guess ...
Time taken for SAD: 0.29 secs
Total Time to compute initial guess: 0.29 secs


 SCF iterations
-----------------------------------------------------------------------------
 Iter     Energy            E-Diff       RMSD        |[F,P]|^2       Time(s)
-----------------------------------------------------------------------------
   1  -3011.6965973426    -3.01e+03     1.68e-02     1.50e+03         0.6 
   2  -3005.8375887015     5.86e+00     6.63e-03     7.42e+00         2.1 
   3  -3006.0233762906    -1.86e-01     2.62e-03     3.58e+00         2.1 
   4  -3006.1257315603    -1.02e-01     1.12e-03     9.80e-02         2.1 
   5  -3006.1317858992    -6.05e-03     2.39e-04     7.84e-03         2.1 
   6  -3006.1322771588    -4.91e-04     1.57e-04     1.32e-03         2.1 
   7  -3006.1324176230    -1.40e-04     6.27e-05     2.27e-04         2.1 
   8  -3006.1324409521    -2.33e-05     2.22e-05     3.74e-05         2.1 
   9  -3006.1324445169    -3.56e-06     9.04e-06     5.90e-06         2.1 
  10  -3006.1324450605    -5.44e-07     3.68e-06     1.15e-06         2.1 
  11  -3006.1324451547    -9.42e-08     1.90e-06     1.52e-07         2.1 

** Total SCF energy = -3006.1324451546502

Nuclear repulsion energy = 736.747381995409796
#electrons        = 98
1e energy kinetic = 3006.1812798319956528
1e energy N-e     = -8626.8121071279529133
1e energy         = -5618.7145054009088199
2e energy         = 1877.5726095646828071
QED energy        = 0.1783905812146394
QED eT energy     = 0.1531870458726385
QED eT energy from matrix = 0.1531870458726358

 Polarizability Matrix (QED energy = 0.5 * lambda.dot(matrix * lambda))
[41.14761530,  1.55310927,  0.52181962]
[ 1.55310927, 44.91851359,  1.26205941]
[ 0.52181962,  1.26205941, 35.22823160]

 Polarizability Matrix (QED eT energy = 0.5 * lambda.dot(matrix * lambda))
[37.42112988,  1.78056228,  0.70062529]
[ 1.78056228, 41.95687620,  1.64202959]
[ 0.70062529,  1.64202959, 30.05830846]


                      Electron        Nuclear        Total  
                  ------------------------------------------
    Monopole         -98.000000     99.000000      1.000000

      Dipole   X       0.904059     -3.008270     -2.104211
      Dipole   Y       5.818187     -4.537352      1.280835
      Dipole   Z     -25.770681     27.178474      1.407793

  Quadrupole  XX   -1340.173165   1289.695108    -50.478057
  Quadrupole  XY    -459.678768    457.836778     -1.841990
  Quadrupole  XZ    -303.807199    301.279525     -2.527675
  Quadrupole  YY    -708.002080    669.897301    -38.104779
  Quadrupole  YZ    -279.200082    282.071583      2.871501
  Quadrupole  ZZ    -241.683216    195.678666    -46.004550

    Octupole XXX   -2992.791217   2858.138427   -134.652790
    Octupole XXY    -350.260263    330.670927    -19.589336
    Octupole XXZ    -637.122257    608.021085    -29.101172
    Octupole XYY     338.170943   -370.558175    -32.387231
    Octupole XYZ     309.503608   -317.809637     -8.306029
    Octupole XZZ     122.225735   -140.616695    -18.390960
    Octupole YYY    -568.348023    562.623801     -5.724222
    Octupole YYZ    -115.807758    101.115846    -14.691913
    Octupole YZZ      54.277077    -76.230167    -21.953090
    Octupole ZZZ     -91.051165     15.792987    -75.258178

writing orbitals and density to disk ... done.

Total Time taken for Hartree-Fock: 22.65 secs

CD Options
{
  debug             = false
  skip_cd           = [false, 100]
  write_cv          = [false, 5000]
  diagtol           = 1e-06
  itilesize         = 1000
  max_cvecs_factor  = 12
}

- #occupied, #virtual = 98, 344

- Tilesize for the MSO space: 40

-----------------------------------------------------
Begin 2-index transformation ... 

nAO, nMO, nelectrons = 221, 442, 98
n_occ_alpha, n_vir_alpha, n_occ_beta, n_vir_beta = 49,172,49,172

Time taken for Fao->Fmo transform: 0.00 secs

-----------------------------------------------------
Number of AO tiles = 105
# of {all,non-negligible} shell-pairs = {5565,4892}

    Begin Cholesky Decomposition
---------------------------------------------
Total # of mpi ranks used for Cholesky decomposition: 4
  --> Number of nodes, mpi ranks per node: 1, 4
- CPU memory required for computing cholesky vectors: 1.93 GiB

- Time for computing the diagonal: 0.01 secs

- Total number of cholesky vectors = 1648

- Time to compute cholesky vectors: 18.53 secs

- CPU memory required for resizing the ao cholesky tensor: 1.57 GiB
- CPU memory required for ao2mo transformation: 1.70 GiB
- CPU memory required for the 2-step contraction: 2.11 GiB

- Time for ao to mo transform: 1.52 secs

   End Cholesky Decomposition
---------------------------------------------

Total Time taken for Cholesky Decomposition: 21.81 secs

scf_type = restricted
Closed-Shell SCF
QED-HF Enabled
nbf = 203
nbf_orig = 221
n_lindep = 0
focc = 1
nmo = 406
nocc = 62
nvir = 344
n_occ_alpha = 31
n_vir_alpha = 172
n_occ_beta = 31
n_vir_beta = 172
nelectrons = 98
nelectrons_alpha = 49
nelectrons_beta = 49
freeze atomic = true
n_frozen_core = 18
n_frozen_virtual = 0
----------------------------
--------- QED-CCSD --------
lambda_x: 0.0149
lambda_y: 0.0048
lambda_z: 0.0988
omega: 0.066150
coupling_factor_x: 0.002706
coupling_factor_y: 0.000879
coupling_factor_z: 0.017963
----------------------------
# of {all,non-negligible} shell-pairs = {5565,4892}
Number of AO tiles = 105
----------------------------
Electronic dipole expectation value using SCF density: 
dipole_x_elec: 0.90416666
dipole_y_elec: 5.81833065
dipole_z_elec: -25.77052363

d_n/N value: d_n is nuclear dipole moment and N is the total number of electrons 
d_nuc_x: -0.03069663
d_nuc_y: -0.04629951
d_nuc_z: 0.27733137

<d_e+d_n> expectation values: 
dipole_total_x: -2.10410317
dipole_total_y: 1.28097820
dipole_total_z: 1.40795016
----------------------------


 CCSD iterations
------------------------------------------------------------
  Iter     Residuum          Correlation          Time(s)
------------------------------------------------------------
   1     1.1852665518931    0.0000000000000         84.72
   2     0.1634305292398   -1.6675882019794         84.05
   3     0.0644383806620   -1.6229055728317         83.94
   4     0.0185656412333   -1.6885028826341         84.02
   5     0.0144104797743   -1.6820940347252         84.04
 MICROCYCLE DIIS UPDATE:                    6
   6     0.0064088316743   -1.6906072104796         82.81
   7     0.0039485953088   -1.6905390110284         82.42
   8     0.0023488939247   -1.6915045759113         82.50
   9     0.0015833907553   -1.6916411430942         82.54
  10     0.0011675694608   -1.6918722502682         82.51
 MICROCYCLE DIIS UPDATE:                   11
  11     0.0003000438092   -1.6921580907526         84.57
  12     0.0001919947624   -1.6922177492747         84.52
  13     0.0001350351562   -1.6922166152615         84.26
  14     0.0001117750836   -1.6922111148247         83.81
  15     0.0000945320756   -1.6922131909762         84.59
 MICROCYCLE DIIS UPDATE:                   16
  16     0.0000301313126   -1.6922033400584         84.83
  17     0.0000197963788   -1.6922124200112         84.51
  18     0.0000151189478   -1.6922135406457         84.39
  19     0.0000120078183   -1.6922149865577         84.42
  20     0.0000100354697   -1.6922151921800         84.76
 MICROCYCLE DIIS UPDATE:                   21
  21     0.0000042174109   -1.6922163709945         84.76
  22     0.0000023933063   -1.6922166653127         84.98
  23     0.0000018448191   -1.6922165004084         84.94
  24     0.0000014589598   -1.6922162784682         84.88
  25     0.0000012978856   -1.6922162631137         84.71
 MICROCYCLE DIIS UPDATE:                   26
  26     0.0000005858502   -1.6922158873503         83.66
------------------------------------------------------------------
 Iterations converged
 CCSD correlation energy / hartree =        -1.692215887350319
 CCSD total energy / hartree       =     -3007.824661042000571

Time taken for spin-orbital canonical QED-CCSD: 2247.91 secs
