
ExaChem Git Information
{
 WARNING: Failed to retrieve the current git state.
}


TAMM Git Information
{
 Branch: main
 Commit Hash: e71357ad [e71357ad54f38748b4a7e175aa6760820d5ce96f]
 Commit Date: 2026-02-02 23:14:56 -0800
 Commit Message: add GitHub Actions workflow for releases
}


date: Tue Aug 11 04:21:35 2026
program: "/global/cfs/cdirs/m3196/heindelj/cavity_qed/software/install_gpu/bin/bin/ExaChem"
nnodes: 1, nproc_per_node: 4, nproc_total: 4, ngpus_per_node: 1, ngpus_total: 1

Memory information
{
[AMD EPYC 7763 64-Core Processor                ] : 
  CPU memory per node (GiB): 251
  Total CPU memory (GiB): 251
[NVIDIA A100-SXM4-80GB, CUDA v12.9] : 
  GPU memory per device (GiB): 79
  GPU memory per node (GiB): 79
  Total GPU memory (GiB): 79
}

------------------------------------------------------------

Input file provided: /global/cfs/cdirs/m4262/heindelj/cavity_qed/mlip/lambda_scans/grid_scans_optimized_geoms/runs_grid_no_freq/para_th27_ph270/para_th27_ph270_qed_ccsd_input.json

{
  "geometry": {
    "coordinates": [
      "C    -0.467325989800    1.248370607600    0.467736158500",
      "C     0.886826732600    1.256106229100    0.599474304600",
      "C     1.533109593600    0.022582879900    0.713177458000",
      "H    -1.024153688400    2.170474103000    0.368421614100",
      "H     1.467121399100    2.166635664700    0.618601638000",
      "N     3.019233379600    0.031643818000    0.889075998200",
      "O     3.585602952100   -0.988043831500    0.601220918400",
      "O     3.491075721300    1.056859159000    1.301560563700",
      "C    -0.450901075300   -1.239029919800    0.576796274400",
      "H    -0.995548436000   -2.174133521400    0.560978684100",
      "C     0.905442462200   -1.221826844000    0.678618510300",
      "H     1.500417429500   -2.121896331000    0.725268074000",
      "C    -1.229495831100    0.000144550000    0.552548258600",
      "H    -1.659932897300    0.064211341000    1.568685546100",
      "Br   -2.795552446300   -0.124577426100   -0.556724313800"
    ],
    "units": "angstrom",
    "noorient": true
  },
  "common": {
    "maxiter": 100,
    "debug": false
  },
  "basis": {
    "basisset": "6-311G*"
  },
  "SCF": {
    "charge": 1,
    "multiplicity": 1,
    "lshift": 0,
    "tol_lindep": 1e-10,
    "conve": 1e-07,
    "convd": 1e-05,
    "diis_hist": 10,
    "writem": 10,
    "restart": false,
    "noscf": false,
    "scf_type": "restricted",
    "debug": false,
    "qed_omegas": [
      0.06615
    ],
    "qed_volumes": [],
    "qed_lambdas": [
      0.1
    ],
    "qed_polvecs": [
      [
        -8.339670185240148e-17,
        -0.45399049973954675,
        0.8910065241883679
      ]
    ],
    "direct_df": false
  },
  "CD": {
    "debug": false,
    "diagtol": 1e-06
  },
  "CC": {
    "threshold": 1e-06,
    "ndiis": 5,
    "ccsd_maxiter": 200,
    "tilesize": 40,
    "freeze": {
      "atomic": true
    },
    "readt": false,
    "writet": true,
    "writet_iter": 5,
    "debug": false,
    "profile_ccsd": false,
    "balance_tiles": true
  },
  "TASK": {
    "scf": false,
    "ccsd": true
  }
}

Output folder & files prefix: para_th27_ph270_qed_ccsd_input.6-311g*

  C (carbon)
  ----------
          Exponent        Coefficients
      ----------------  --------------------
  1 S  4.56324000E+03      0.778202
  1 S  6.82024000E+02      1.448695
  1 S  1.54973000E+02      2.383089
  1 S  4.44553000E+01      3.200089
  1 S  1.30290000E+01      3.013004
  1 S  1.82773000E+00      0.247599

  2 S  2.09642000E+01      0.800629
  2 S  4.80331000E+00      2.127420
  2 S  1.45933000E+00     -0.002868

  3 P  2.09642000E+01      2.573592
  3 P  4.80331000E+00      2.408248
  3 P  1.45933000E+00      1.865281

  4 S  4.83456000E-01      0.413217

  5 P  4.83456000E-01      0.574627

  6 S  1.45585000E-01      0.167976

  7 P  1.45585000E-01      0.128185

  8 D  6.26000000E-01      0.725128


  H (hydrogen)
  ------------
          Exponent        Coefficients
      ----------------  --------------------
  1 S  3.38650000E+01      0.255069
  1 S  5.09479000E+00      0.460109
  1 S  1.15879000E+00      0.678321

  2 S  3.25840000E-01      0.307371

  3 S  1.02741000E-01      0.129336


  N (nitrogen)
  ------------
          Exponent        Coefficients
      ----------------  --------------------
  1 S  6.29348000E+03      0.991968
  1 S  9.49044000E+02      1.823240
  1 S  2.18776000E+02      2.979891
  1 S  6.36916000E+01      4.000007
  1 S  1.88282000E+01      3.881008
  1 S  2.72023000E+00      0.386764

  2 S  3.06331000E+01      1.038501
  2 S  7.02614000E+00      2.834794
  2 S  2.11205000E+00     -0.003208

  3 P  3.06331000E+01      3.935616
  3 P  7.02614000E+00      3.870994
  3 P  2.11205000E+00      2.967271

  4 S  6.84009000E-01      0.536051

  5 P  6.84009000E-01      0.886681

  6 S  2.00878000E-01      0.213850

  7 P  2.00878000E-01      0.191693

  8 D  9.13000000E-01      1.403568


  O (oxygen)
  ----------
          Exponent        Coefficients
      ----------------  --------------------
  1 S  8.58850000E+03      1.205013
  1 S  1.29723000E+03      2.216205
  1 S  2.99296000E+02      3.627452
  1 S  8.73771000E+01      4.888452
  1 S  2.56789000E+01      4.835721
  1 S  3.74004000E+00      0.538229

  2 S  4.21175000E+01      1.341958
  2 S  9.62837000E+00      3.587114
  2 S  2.85332000E+00     -0.005123

  3 P  4.21175000E+01      5.584018
  3 P  9.62837000E+00      5.733366
  3 P  2.85332000E+00      4.332955

  4 S  9.05661000E-01      0.661659

  5 P  9.05661000E-01      1.259352

  6 S  2.55611000E-01      0.256209

  7 P  2.55611000E-01      0.259068

  8 D  1.29200000E+00      2.577026


  Br (bromine)
  ------------
          Exponent        Coefficients
      ----------------  --------------------
  1 S  4.39700000E+05      9.893706
  1 S  6.60300000E+04     18.450679
  1 S  1.51400000E+04     31.049770
  1 S  4.31700000E+03     48.888138
  1 S  1.41400000E+03     64.847798
  1 S  5.23900000E+02     42.245010

  2 S  5.23900000E+02     14.290679
  2 S  2.07700000E+02     24.083128
  2 S  8.65400000E+01      5.132542

  3 S  3.05200000E+01      9.254405

  4 S  1.29800000E+01      4.873782

  5 S  4.41200000E+00      2.169635

  6 S  1.86200000E+00      1.136043

  7 S  3.93200000E-01      0.353892

  8 S  1.40000000E-01      0.163120

  9 P  2.95700000E+03    691.874478
  9 P  7.00300000E+02    925.332763
  9 P  2.24600000E+02   1068.830732

  10 P  8.25900000E+01    122.079275
  10 P  3.31900000E+01     57.580687
  10 P  1.42000000E+01     10.176170

  11 P  1.42000000E+01      3.129736
  11 P  7.43800000E+00      6.538168
  11 P  3.52600000E+00      4.166276

  12 P  1.59500000E+00      2.555000

  13 P  8.46200000E-01      1.156861

  14 P  3.18600000E-01      0.341191

  15 P  1.09600000E-01      0.089888

  16 D  1.34800000E+02    160.709187
  16 D  3.63900000E+01    119.797406
  16 D  1.21600000E+01     55.531619
  16 D  4.34100000E+00     12.984636

  17 D  1.53500000E+00      3.484168

  18 D  4.51000000E-01      0.408525



Printing Internal Coordinates

------------------------------------------------------------
                Bond Lengths

i      j        Length (Angstroms)     Length (Bohr)
0      1          1.3605676663         2.5711002651
0      3          1.0817556660         2.0442219439
0      12         1.4649792661         2.7684095931
1      2          1.3972078573         2.6403401913
1      4          1.0798942578         2.0407043921
2      5          1.4965247423         2.8280219036
2      10         1.3941721234         2.6346034856
5      6          1.2014149750         2.2703452663
5      7          1.2016011017         2.2706969948
8      9          1.0822706175         2.0451950611
8      10         1.3602689092         2.5705356959
8      12         1.4636772618         2.7659491615
10     11         1.0799520707         2.0408136427
12     13         1.1054029169         2.0889087717
12     14         1.9231678380         3.6342605080

Number of Bonds: 15

------------------------------------------------------------
           Bond Angles

i      j      k      Angle (degrees)
0      1      2        117.5959 
0      1      4        122.7748 
0      12     8        116.4595 
0      12     13       101.9127 
0      12     14       116.4565 
1      0      3        121.0884 
1      0      12       121.1343 
1      2      5        117.6169 
1      2      10       125.2925 
2      1      4        119.6294 
2      5      6        115.7752 
2      5      7        115.8148 
2      10     8        117.5196 
2      10     11       119.6569 
3      0      12       117.6331 
5      2      10       117.0905 
6      5      7        128.4099 
8      10     11       122.8220 
8      12     13       103.9441 
8      12     14       112.8188 
9      8      10       120.9182 
9      8      12       117.6167 
10     8      12       121.3955 
13     12     14       102.5263 

Number of Angles: 24

------------------------------------------------------------
              Torsional Angles

i      j      k      l      Angle (degrees)
3      0      1      2       -179.5615 
4      1      0      3          0.4351 
8      10     2      1         -2.6346 
8      12     0      1         -9.1223 
8      12     0      3        175.1966 
9      8      10     2       -179.0376 
9      8      12     0       -175.3231 
10     2      1      0          1.2256 
10     2      1      4       -178.7711 
10     8      12     0          7.6852 
11     10     2      1        176.9249 
11     10     8      9          1.4180 
12     0      1      2          4.9068 
12     0      1      4       -175.0966 
12     8      10     2         -2.1447 
12     8      10     11       178.3108 
13     12     0      1        103.2171 
13     12     0      3        -72.4640 
13     12     8      9         73.5061 
13     12     8      10      -103.4857 
14     12     0      1       -146.1381 
14     12     0      3         38.1808 
14     12     8      9        -36.7927 
14     12     8      10       146.2156 

Number of Torsional Angles: 24


----------------------------------------------------------------------
                          Center of Mass

         x               y               z              Unit
   -0.2686749882  -0.03700298625    0.2233343949      Angstrom
   -0.5077221446  -0.06992550986    0.4220408409          Bohr

----------------------------------------------------------------------
                Moment of Inertia Tensor

           770.942          -105.482          -1045.34
          -105.482            4666.5          -61.7924
          -1045.34          -61.7924           4804.17

----------------------------------------------------------------------
                      Principal Moments of Inertia

           x                 y                 z                Unit
       143.6004612       1306.801581       1417.541728       amu * ang^2
       512.8065566       4666.673166       5062.133412      amu * bohr^2
  2.3845433854e-38  2.1699965585e-37  2.3538850250e-37          g * cm^2

 - Molecule is an asymmetric top.

----------------------------------------------------------------------

         Rotational constants (MHz)

    A = 3.5193e+03        B = 3.8673e+02        C = 3.5652e+02

----------------------------------------------------------------------

        Rotational constants (cm-1)

    A = 1.1739e-01        B = 1.2900e-02        C = 1.1892e-02

----------------------------------------------------------------------

                                Z-Matrix
C   
C        1       2.5711003
C        2       2.6403402     1       117.59588
H        3      6.34449727     2     22.25840569     1          0.3194
H        4      4.73151209     3     39.72539327     2          0.1893
N        5      5.01415180     4    126.40210892     3         -0.7235
O        6      2.27034527     5    159.10883703     4         67.8926
O        7      4.08855655     6     25.79718838     5        124.5865
C        8      8.72872885     7     61.09946289     6          7.2003
H        9      2.04519506     8    149.45515882     7         30.5525
C       10      4.02404900     9     33.23140894     8        -11.9967
H       11      2.04081364    10     96.97806724     9       -178.7995
C       12      6.54219693    11     18.65854614    10         -1.2827
H       13      2.08890877    12    107.26051666    11       -100.9431
Br      14      4.56776163    13     50.95887064    12       -138.2496

----------------------------------------------------------------------

             Converted back to Cartesian

C        0.000000      0.000000      0.000000
C        0.000000      0.000000      2.571100
C        0.000000      0.094561     -0.067546
H       -0.000004     -0.175645      6.271195
H        0.000001      0.083054      1.546760
N        0.000030     -0.383626      6.539147
O       -0.002277     -0.063074      4.291547
O        0.001329     -0.672125      8.334483
C       -0.003943      0.788542     -0.271162
H       -0.004966      0.354914      1.727535
C       -0.001817      1.247853     -2.196191
H       -0.001812      0.736437     -0.220495
C       -0.002802      2.411833     -6.544527
H        0.001397      1.811311     -4.543803
Br      -0.008832      3.192199     -8.897823

----------------------------------------------------------------------
                       Geometry in bohr 

1     C      -0.8831181322    2.3590785520    0.8838932387
2     C       1.6758596457    2.3736967580    1.1328422552
3     C       2.8971572529    0.0426754581    1.3477100748
4     H      -1.9353699819    4.1016016180    0.6962159495
5     H       2.7724576378    4.0943480209    1.1689876769
6     N       5.7055241976    0.0597981496    1.6801101417
7     O       6.7758075757   -1.8671322419    1.1361428769
8     O       6.5971769981    1.9971743642    2.4595930017
9     C      -0.8520795422   -2.3414272102    1.0899869891
10    H      -1.8813138891   -4.1085169166    1.0600960754
11    C       1.7110382763   -2.3089181084    1.2824031284
12    H       2.8353780163   -4.0098029332    1.3705580277
13    C      -2.3234103937    0.0002731599    1.0441648801
14    H      -3.1368185633    0.1213418487    2.9643860598
15    Br     -5.2828284941   -0.2354172168   -1.0520564807

 Number of nodes, processes per node used for SCF calculation: 1, 4

Common Options
{
  maxiter       = 100
  basis         = 6-311g* spherical
  geom_units    = angstrom
  ang2au factor = 1.889726126
  debug         = false
  file_prefix   = para_th27_ph270_qed_ccsd_input
}

SCF Options
{
  charge            = 1
  multiplicity      = 1
  level shift       = 0
  tol_int           = 1e-22
  tol_sch           = 1e-12
  tol_lindep        = 1e-10
  conve             = 1e-07
  convd             = 1e-05
  diis_hist         = 10
  AO_tilesize       = 30
  writem            = 10
  damp              = 100
  n_lindep          = 0
  scf_type          = restricted
  cuscf             = false
  qed_omegas        = [0.06615,]
  qed_lambdas       = [0.1,]
  qed_polvecs       = [[-8.339670185e-17,-0.4539904997,0.8910065242,],]
  direct_df         = false
  restart_size      = 2000
  restart           = false
  debug             = false
}

Number of basis functions = 221

Total number of shells = 105

Total number of electrons = 98
  # of alpha electrons    = 49
  # of beta electons      = 49

Nuclear repulsion energy  = 722.403919870441

# of {all,non-negligible} shell-pairs = {5565,4841}
Number of AO tiles = 105

Time for initial setup: 0.15 secs
HF exch = 1.00

Time for computing 1-e integrals T, V, S: 0.01 secs
Time for computing orthogonalizer: 0.01 secs

Superposition of Atomic Density Guess ...
Time taken for SAD: 0.32 secs
Total Time to compute initial guess: 0.32 secs


 SCF iterations
-----------------------------------------------------------------------------
 Iter     Energy            E-Diff       RMSD        |[F,P]|^2       Time(s)
-----------------------------------------------------------------------------
   1  -3011.7257425619    -3.01e+03     1.70e-02     1.50e+03         0.6 
   2  -3005.8278387579     5.90e+00     6.94e-03     7.53e+00         2.0 
   3  -3006.0033993421    -1.76e-01     2.88e-03     3.88e+00         2.0 
   4  -3006.1131816161    -1.10e-01     1.21e-03     1.08e-01         2.1 
   5  -3006.1188821009    -5.70e-03     2.53e-04     1.21e-02         2.1 
   6  -3006.1194731403    -5.91e-04     1.75e-04     1.32e-03         2.1 
   7  -3006.1196122559    -1.39e-04     8.08e-05     2.07e-04         2.1 
   8  -3006.1196404625    -2.82e-05     2.72e-05     3.72e-05         2.1 
   9  -3006.1196447521    -4.29e-06     1.12e-05     8.20e-06         2.1 
  10  -3006.1196455383    -7.86e-07     4.55e-06     1.62e-06         2.1 
  11  -3006.1196456667    -1.28e-07     1.88e-06     1.41e-07         2.1 
  12  -3006.1196456811    -1.44e-08     6.20e-07     1.12e-08         2.1 

** Total SCF energy = -3006.1196456810885

Nuclear repulsion energy = 722.403919870441428
#electrons        = 98
1e energy kinetic = 3006.1596478561787080
1e energy N-e     = -8597.9865165315750346
1e energy         = -5590.8473997853243418
2e energy         = 1863.1246066613707626
QED energy        = 0.1786964624937767
QED eT energy     = 0.1539297153144762
QED eT energy from matrix = 0.1539297153144922

 Polarizability Matrix (QED energy = 0.5 * lambda.dot(matrix * lambda))
[43.84460697,  0.05956605,  1.61252798]
[ 0.05956605, 42.89645840,  1.58218700]
[ 1.61252798,  1.58218700, 35.49350549]

 Polarizability Matrix (QED eT energy = 0.5 * lambda.dot(matrix * lambda))
[40.65550691,  0.06313673,  2.11162051]
[ 0.06313673, 39.58282439,  1.86142550]
[ 2.11162051,  1.86142550, 30.39901763]


                      Electron        Nuclear        Total  
                  ------------------------------------------
    Monopole         -98.000000     99.000000      1.000000

      Dipole   X      24.758671    -25.969435     -1.210765
      Dipole   Y       5.831322     -5.829435      0.001887
      Dipole   Z     -50.464611     51.650928      1.186317

  Quadrupole  XX   -2128.570063   2079.188861    -49.381202
  Quadrupole  XY     -49.699277     49.876955      0.177678
  Quadrupole  XZ    -472.145643    470.680621     -1.465022
  Quadrupole  YY    -301.329086    260.413218    -40.915868
  Quadrupole  YZ     -27.106482     25.762961     -1.343521
  Quadrupole  ZZ    -225.266212    177.685589    -47.580622

    Octupole XXX   -1177.120859   1046.066954   -131.053905
    Octupole XXY     204.320565   -203.041561      1.279004
    Octupole XXZ    -891.776994    836.617942    -55.159052
    Octupole XYY    -493.361356    470.986817    -22.374539
    Octupole XYZ    -108.510174    101.345261     -7.164913
    Octupole XZZ    -334.991972    311.785351    -23.206621
    Octupole YYY     -17.636625     23.165174      5.528549
    Octupole YYZ    -351.709562    324.156332    -27.553230
    Octupole YZZ     -58.989970     56.266852     -2.723118
    Octupole ZZZ    -311.788174    209.769821   -102.018353

writing orbitals and density to disk ... done.

Total Time taken for Hartree-Fock: 25.98 secs

CD Options
{
  debug             = false
  skip_cd           = [false, 100]
  write_cv          = [false, 5000]
  diagtol           = 1e-06
  itilesize         = 1000
  max_cvecs_factor  = 12
}

- #occupied, #virtual = 98, 344

- Tilesize for the MSO space: 40

-----------------------------------------------------
Begin 2-index transformation ... 

nAO, nMO, nelectrons = 221, 442, 98
n_occ_alpha, n_vir_alpha, n_occ_beta, n_vir_beta = 49,172,49,172

Time taken for Fao->Fmo transform: 0.00 secs

-----------------------------------------------------
Number of AO tiles = 105
# of {all,non-negligible} shell-pairs = {5565,4841}

    Begin Cholesky Decomposition
---------------------------------------------
Total # of mpi ranks used for Cholesky decomposition: 4
  --> Number of nodes, mpi ranks per node: 1, 4
- CPU memory required for computing cholesky vectors: 1.93 GiB

- Time for computing the diagonal: 0.01 secs

- Total number of cholesky vectors = 1642

- Time to compute cholesky vectors: 15.06 secs

- CPU memory required for resizing the ao cholesky tensor: 1.56 GiB
- CPU memory required for ao2mo transformation: 1.70 GiB
- CPU memory required for the 2-step contraction: 2.11 GiB

- Time for ao to mo transform: 1.60 secs

   End Cholesky Decomposition
---------------------------------------------

Total Time taken for Cholesky Decomposition: 19.26 secs

scf_type = restricted
Closed-Shell SCF
QED-HF Enabled
nbf = 203
nbf_orig = 221
n_lindep = 0
focc = 1
nmo = 406
nocc = 62
nvir = 344
n_occ_alpha = 31
n_vir_alpha = 172
n_occ_beta = 31
n_vir_beta = 172
nelectrons = 98
nelectrons_alpha = 49
nelectrons_beta = 49
freeze atomic = true
n_frozen_core = 18
n_frozen_virtual = 0
----------------------------
--------- QED-CCSD --------
lambda_x: -0.0000
lambda_y: -0.0454
lambda_z: 0.0891
omega: 0.066150
coupling_factor_x: -0.000000
coupling_factor_y: -0.008257
coupling_factor_z: 0.016204
----------------------------
# of {all,non-negligible} shell-pairs = {5565,4841}
Number of AO tiles = 105
----------------------------
Electronic dipole expectation value using SCF density: 
dipole_x_elec: 24.75875816
dipole_y_elec: 5.83130159
dipole_z_elec: -50.46460269

d_n/N value: d_n is nuclear dipole moment and N is the total number of electrons 
d_nuc_x: -0.26499424
d_nuc_y: -0.05948403
d_nuc_z: 0.52705029

<d_e+d_n> expectation values: 
dipole_total_x: -1.21067730
dipole_total_y: 0.00186632
dipole_total_z: 1.18632569
----------------------------


 CCSD iterations
------------------------------------------------------------
  Iter     Residuum          Correlation          Time(s)
------------------------------------------------------------
   1     1.1859190073351    0.0000000000000         87.94
   2     0.1679148949920   -1.6939256364470         86.33
   3     0.0683072060798   -1.6266975505465         86.12
   4     0.0211474123221   -1.7001545508112         86.16
   5     0.0160443464353   -1.6887185117054         86.10
 MICROCYCLE DIIS UPDATE:                    6
   6     0.0062645237934   -1.6985070463400         85.28
   7     0.0033846202363   -1.6984067734047         85.26
   8     0.0022273154712   -1.6993181180477         85.29
   9     0.0012271871823   -1.6994028485662         85.60
  10     0.0011169324894   -1.6996220844151         85.29
 MICROCYCLE DIIS UPDATE:                   11
  11     0.0003783032406   -1.6998373279074         86.32
  12     0.0003172878005   -1.6999274525297         86.18
  13     0.0002086147572   -1.6999038659480         85.61
  14     0.0001893570130   -1.6998993126230         85.58
  15     0.0001345118428   -1.6999001742229         85.46
 MICROCYCLE DIIS UPDATE:                   16
  16     0.0000496278094   -1.6998780807323         86.51
  17     0.0000338181917   -1.6998990766975         85.16
  18     0.0000262905856   -1.6999013927200         85.18
  19     0.0000224771459   -1.6999037393373         85.16
  20     0.0000200351831   -1.6999041919397         85.27
 MICROCYCLE DIIS UPDATE:                   21
  21     0.0000070040987   -1.6999051313230         85.69
  22     0.0000049951942   -1.6999063401499         85.73
  23     0.0000036163342   -1.6999061144242         84.59
  24     0.0000030415814   -1.6999057325421         84.03
  25     0.0000023605005   -1.6999058009516         84.02
 MICROCYCLE DIIS UPDATE:                   26
  26     0.0000010993121   -1.6999049961976         84.82
  27     0.0000006988099   -1.6999055733279         84.77
------------------------------------------------------------------
 Iterations converged
 CCSD correlation energy / hartree =        -1.699905573327917
 CCSD total energy / hartree       =     -3007.819551254416638

Time taken for spin-orbital canonical QED-CCSD: 2369.36 secs
