
ExaChem Git Information
{
 WARNING: Failed to retrieve the current git state.
}


TAMM Git Information
{
 Branch: main
 Commit Hash: e71357ad [e71357ad54f38748b4a7e175aa6760820d5ce96f]
 Commit Date: 2026-02-02 23:14:56 -0800
 Commit Message: add GitHub Actions workflow for releases
}


date: Fri Aug  7 09:47:00 2026
program: "/global/cfs/cdirs/m3196/heindelj/cavity_qed/software/install_gpu/bin/bin/ExaChem"
nnodes: 1, nproc_per_node: 4, nproc_total: 4, ngpus_per_node: 1, ngpus_total: 1

Memory information
{
[AMD EPYC 7763 64-Core Processor                ] : 
  CPU memory per node (GiB): 251
  Total CPU memory (GiB): 251
[NVIDIA A100-SXM4-40GB, CUDA v12.9] : 
  GPU memory per device (GiB): 39
  GPU memory per node (GiB): 39
  Total GPU memory (GiB): 39
}

------------------------------------------------------------

Input file provided: /global/cfs/cdirs/m4262/heindelj/cavity_qed/mlip/lambda_scans/grid_scans_optimized_geoms/runs_grid_no_freq/para_th72_ph180/para_th72_ph180_qed_ccsd_input.json

{
  "geometry": {
    "coordinates": [
      "C    -0.476149624400    1.253251145400    0.658153751800",
      "C     0.874990909000    1.254374276600    0.764597756500",
      "C     1.510797689800    0.016367163700    0.764476265500",
      "H    -1.028081471500    2.183311996200    0.623422208300",
      "H     1.449625794900    2.166965667900    0.785909765700",
      "N     3.005145111800    0.027107760800    0.736269332300",
      "O     3.539319579000   -1.023989560000    0.962523383300",
      "O     3.502835098400    1.088520042800    0.478151945500",
      "C    -0.459137859900   -1.250495102200    0.633623343500",
      "H    -0.995211344300   -2.189605786000    0.580184656300",
      "C     0.892192891300   -1.229633314700    0.739765278300",
      "H     1.484033233300   -2.130677551300    0.758210288200",
      "C    -1.237389202600   -0.003773799700    0.617731736500",
      "H    -1.894772977000   -0.017095670800    1.490495350600",
      "Br   -2.402278544800    0.002893209100   -0.928075403800"
    ],
    "units": "angstrom",
    "noorient": true
  },
  "common": {
    "maxiter": 100,
    "debug": false
  },
  "basis": {
    "basisset": "6-311G*"
  },
  "SCF": {
    "charge": 1,
    "multiplicity": 1,
    "lshift": 0,
    "tol_lindep": 1e-10,
    "conve": 1e-07,
    "convd": 1e-05,
    "diis_hist": 10,
    "writem": 10,
    "restart": false,
    "noscf": false,
    "scf_type": "restricted",
    "debug": false,
    "qed_omegas": [
      0.06615
    ],
    "qed_volumes": [],
    "qed_lambdas": [
      0.1
    ],
    "qed_polvecs": [
      [
        -0.9510565162951536,
        1.1647083184890926e-16,
        0.3090169943749475
      ]
    ],
    "direct_df": false
  },
  "CD": {
    "debug": false,
    "diagtol": 1e-06
  },
  "CC": {
    "threshold": 1e-06,
    "ndiis": 5,
    "ccsd_maxiter": 200,
    "tilesize": 40,
    "freeze": {
      "atomic": true
    },
    "readt": false,
    "writet": true,
    "writet_iter": 5,
    "debug": false,
    "profile_ccsd": false,
    "balance_tiles": true
  },
  "TASK": {
    "scf": false,
    "ccsd": true
  }
}

Output folder & files prefix: para_th72_ph180_qed_ccsd_input.6-311g*

  C (carbon)
  ----------
          Exponent        Coefficients
      ----------------  --------------------
  1 S  4.56324000E+03      0.778202
  1 S  6.82024000E+02      1.448695
  1 S  1.54973000E+02      2.383089
  1 S  4.44553000E+01      3.200089
  1 S  1.30290000E+01      3.013004
  1 S  1.82773000E+00      0.247599

  2 S  2.09642000E+01      0.800629
  2 S  4.80331000E+00      2.127420
  2 S  1.45933000E+00     -0.002868

  3 P  2.09642000E+01      2.573592
  3 P  4.80331000E+00      2.408248
  3 P  1.45933000E+00      1.865281

  4 S  4.83456000E-01      0.413217

  5 P  4.83456000E-01      0.574627

  6 S  1.45585000E-01      0.167976

  7 P  1.45585000E-01      0.128185

  8 D  6.26000000E-01      0.725128


  H (hydrogen)
  ------------
          Exponent        Coefficients
      ----------------  --------------------
  1 S  3.38650000E+01      0.255069
  1 S  5.09479000E+00      0.460109
  1 S  1.15879000E+00      0.678321

  2 S  3.25840000E-01      0.307371

  3 S  1.02741000E-01      0.129336


  N (nitrogen)
  ------------
          Exponent        Coefficients
      ----------------  --------------------
  1 S  6.29348000E+03      0.991968
  1 S  9.49044000E+02      1.823240
  1 S  2.18776000E+02      2.979891
  1 S  6.36916000E+01      4.000007
  1 S  1.88282000E+01      3.881008
  1 S  2.72023000E+00      0.386764

  2 S  3.06331000E+01      1.038501
  2 S  7.02614000E+00      2.834794
  2 S  2.11205000E+00     -0.003208

  3 P  3.06331000E+01      3.935616
  3 P  7.02614000E+00      3.870994
  3 P  2.11205000E+00      2.967271

  4 S  6.84009000E-01      0.536051

  5 P  6.84009000E-01      0.886681

  6 S  2.00878000E-01      0.213850

  7 P  2.00878000E-01      0.191693

  8 D  9.13000000E-01      1.403568


  O (oxygen)
  ----------
          Exponent        Coefficients
      ----------------  --------------------
  1 S  8.58850000E+03      1.205013
  1 S  1.29723000E+03      2.216205
  1 S  2.99296000E+02      3.627452
  1 S  8.73771000E+01      4.888452
  1 S  2.56789000E+01      4.835721
  1 S  3.74004000E+00      0.538229

  2 S  4.21175000E+01      1.341958
  2 S  9.62837000E+00      3.587114
  2 S  2.85332000E+00     -0.005123

  3 P  4.21175000E+01      5.584018
  3 P  9.62837000E+00      5.733366
  3 P  2.85332000E+00      4.332955

  4 S  9.05661000E-01      0.661659

  5 P  9.05661000E-01      1.259352

  6 S  2.55611000E-01      0.256209

  7 P  2.55611000E-01      0.259068

  8 D  1.29200000E+00      2.577026


  Br (bromine)
  ------------
          Exponent        Coefficients
      ----------------  --------------------
  1 S  4.39700000E+05      9.893706
  1 S  6.60300000E+04     18.450679
  1 S  1.51400000E+04     31.049770
  1 S  4.31700000E+03     48.888138
  1 S  1.41400000E+03     64.847798
  1 S  5.23900000E+02     42.245010

  2 S  5.23900000E+02     14.290679
  2 S  2.07700000E+02     24.083128
  2 S  8.65400000E+01      5.132542

  3 S  3.05200000E+01      9.254405

  4 S  1.29800000E+01      4.873782

  5 S  4.41200000E+00      2.169635

  6 S  1.86200000E+00      1.136043

  7 S  3.93200000E-01      0.353892

  8 S  1.40000000E-01      0.163120

  9 P  2.95700000E+03    691.874478
  9 P  7.00300000E+02    925.332763
  9 P  2.24600000E+02   1068.830732

  10 P  8.25900000E+01    122.079275
  10 P  3.31900000E+01     57.580687
  10 P  1.42000000E+01     10.176170

  11 P  1.42000000E+01      3.129736
  11 P  7.43800000E+00      6.538168
  11 P  3.52600000E+00      4.166276

  12 P  1.59500000E+00      2.555000

  13 P  8.46200000E-01      1.156861

  14 P  3.18600000E-01      0.341191

  15 P  1.09600000E-01      0.089888

  16 D  1.34800000E+02    160.709187
  16 D  3.63900000E+01    119.797406
  16 D  1.21600000E+01     55.531619
  16 D  4.34100000E+00     12.984636

  17 D  1.53500000E+00      3.484168

  18 D  4.51000000E-01      0.408525



Printing Internal Coordinates

------------------------------------------------------------
                Bond Lengths

i      j        Length (Angstroms)     Length (Bohr)
0      1          1.3553273880         2.5611975742
0      3          1.0820574061         2.0447921501
0      12         1.4701126989         2.7781103751
1      2          1.3917298189         2.6299881990
1      4          1.0786484605         2.0383501764
2      5          1.4946522034         2.8244833179
2      10         1.3913301987         2.6292330262
5      6          1.2005577182         2.2687252858
5      7          1.2003815812         2.2683924351
8      9          1.0826630826         2.0459367127
8      10         1.3556533936         2.5618136356
8      12         1.4697760720         2.7774742424
10     11         1.0781910430         2.0374857826
12     13         1.0927246795         2.0649503753
12     14         1.9355958627         3.6577460709

Number of Bonds: 15

------------------------------------------------------------
           Bond Angles

i      j      k      Angle (degrees)
0      1      2        117.0451 
0      1      4        122.2316 
0      12     8        116.7957 
0      12     13       107.4563 
0      12     14       109.3079 
1      0      3        120.6844 
1      0      12       121.2705 
1      2      5        116.7670 
1      2      10       126.4065 
2      1      4        120.6122 
2      5      6        115.7853 
2      5      7        115.1467 
2      10     8        117.2819 
2      10     11       120.2681 
3      0      12       118.0303 
5      2      10       116.7837 
6      5      7        129.0647 
8      10     11       122.3879 
8      12     13       107.4319 
8      12     14       109.2824 
9      8      10       120.7156 
9      8      12       118.2328 
10     8      12       121.0381 
13     12     14       106.0124 

Number of Angles: 24

------------------------------------------------------------
              Torsional Angles

i      j      k      l      Angle (degrees)
3      0      1      2       -178.2227 
4      1      0      3         -2.0371 
8      10     2      1          3.7837 
9      8      10     2        178.2015 
10     2      1      0         -3.8007 
10     2      1      4        179.9483 
11     10     2      1       -179.0150 
11     10     8      9          1.0641 

Number of Torsional Angles: 8


----------------------------------------------------------------------
                          Center of Mass

         x               y               z              Unit
   -0.1231359481     0.010530012   0.06699496746      Angstrom
   -0.2326932181   0.01989883879    0.1266021403          Bohr

----------------------------------------------------------------------
                Moment of Inertia Tensor

           937.936          -13.9265          -1084.54
          -13.9265              4265           22.3499
          -1084.54           22.3499           4250.52

----------------------------------------------------------------------
                      Principal Moments of Inertia

           x                 y                 z                Unit
       172.0593333       1193.743654       1281.433159       amu * ang^2
       614.4350341        4262.93598       4576.080889      amu * bohr^2
  2.8571143976e-38  1.9822593262e-37  2.1278712748e-37          g * cm^2

 - Molecule is an asymmetric top.

----------------------------------------------------------------------

         Rotational constants (MHz)

    A = 2.9372e+03        B = 4.2336e+02        C = 3.9439e+02

----------------------------------------------------------------------

        Rotational constants (cm-1)

    A = 9.7976e-02        B = 1.4122e-02        C = 1.3155e-02

----------------------------------------------------------------------

                                Z-Matrix
C   
C        1       2.5611976
C        2       2.6299882     1       117.04506
H        3      6.31334097     2     22.45987337     1          1.2957
H        4      4.69234740     3     40.06350760     2          2.9277
N        5      5.00013690     4    126.20729696     3          3.3879
O        6      2.26872529     5    165.03497255     4        -58.5857
O        7      4.09623742     6     25.46566169     5       -134.8896
C        8      8.69939130     7     60.77555106     6         -6.8973
H        9      2.04593671     8    149.90521154     7        -22.7476
C       10      4.01285818     9     33.28759339     8         12.3280
H       11      2.03748578    10     96.39480668     9       -179.0958
C       12      6.53244016    11     18.73279170    10          0.1372
H       13      2.06495038    12    115.69995855    11       -111.1276
Br      14      4.67012692    13     48.83651156    12       -136.4742

----------------------------------------------------------------------

             Converted back to Cartesian

C        0.000000      0.000000      0.000000
C        0.000000      0.000000      2.561198
C        0.000000      0.093750     -0.067119
H       -0.000017     -0.174459      6.240522
H       -0.000033      0.082083      1.555193
N       -0.000119     -0.382980      6.533655
O        0.002016     -0.058739      4.288220
O       -0.001116     -0.675587      8.337745
C        0.002210      0.793395     -0.236723
H        0.004004      0.356261      1.761969
C       -0.000789      1.253333     -2.149331
H        0.006774      0.739962     -0.177596
C       -0.020669      2.421807     -6.489760
H       -0.003313      1.820697     -4.514314
Br      -0.047965      3.246277     -8.961315

----------------------------------------------------------------------
                       Geometry in bohr 

1     C      -0.8997923851    2.3683014318    1.2437303396
2     C       1.6534931807    2.3704238422    1.4448803563
3     C       2.8549938654    0.0309294569    1.4446507716
4     H      -1.9427924163    4.1258617202    1.1780972345
5     H       2.7393957374    4.0949716366    1.4851542168
6     N       5.6789012299    0.0512262438    1.3913473930
7     O       6.6883446764   -1.9350598242    1.8189055842
8     O       6.6193990002    2.0570047635    0.9035762236
9     C      -0.8676448092   -2.3630932649    1.1973745862
10    H      -1.8806768781   -4.1377552592    1.0963901029
11    C       1.6860002160   -2.3236702001    1.3979537734
12    H       2.8044163727   -4.0263970346    1.4328097905
13    C      -2.3383267041   -0.0071314479    1.1673438013
14    H      -3.5806019973   -0.0323061358    2.8166280046
15    Br     -4.5396485278    0.0054673728   -1.7538083374

 Number of nodes, processes per node used for SCF calculation: 1, 4

Common Options
{
  maxiter       = 100
  basis         = 6-311g* spherical
  geom_units    = angstrom
  ang2au factor = 1.889726126
  debug         = false
  file_prefix   = para_th72_ph180_qed_ccsd_input
}

SCF Options
{
  charge            = 1
  multiplicity      = 1
  level shift       = 0
  tol_int           = 1e-22
  tol_sch           = 1e-12
  tol_lindep        = 1e-10
  conve             = 1e-07
  convd             = 1e-05
  diis_hist         = 10
  AO_tilesize       = 30
  writem            = 10
  damp              = 100
  n_lindep          = 0
  scf_type          = restricted
  cuscf             = false
  qed_omegas        = [0.06615,]
  qed_lambdas       = [0.1,]
  qed_polvecs       = [[-0.9510565163,1.164708318e-16,0.3090169944,],]
  direct_df         = false
  restart_size      = 2000
  restart           = false
  debug             = false
}

Number of basis functions = 221

Total number of shells = 105

Total number of electrons = 98
  # of alpha electrons    = 49
  # of beta electons      = 49

Nuclear repulsion energy  = 732.666873194747

# of {all,non-negligible} shell-pairs = {5565,4879}
Number of AO tiles = 105

Time for initial setup: 0.03 secs
HF exch = 1.00

Time for computing 1-e integrals T, V, S: 0.01 secs
Time for computing orthogonalizer: 0.01 secs

Superposition of Atomic Density Guess ...
Time taken for SAD: 0.50 secs
Total Time to compute initial guess: 0.50 secs


 SCF iterations
-----------------------------------------------------------------------------
 Iter     Energy            E-Diff       RMSD        |[F,P]|^2       Time(s)
-----------------------------------------------------------------------------
   1  -3011.7721003993    -3.01e+03     1.68e-02     1.52e+03         0.6 
   2  -3005.7090167246     6.06e+00     6.92e-03     1.02e+01         2.1 
   3  -3006.0141519097    -3.05e-01     2.24e-03     2.64e+00         2.1 
   4  -3006.0909373866    -7.68e-02     1.19e-03     9.97e-02         2.1 
   5  -3006.0972182971    -6.28e-03     3.32e-04     1.33e-02         2.1 
   6  -3006.0980022647    -7.84e-04     2.47e-04     2.40e-03         2.1 
   7  -3006.0982420464    -2.40e-04     1.10e-04     3.67e-04         2.1 
   8  -3006.0982848064    -4.28e-05     2.51e-05     4.85e-05         2.1 
   9  -3006.0982902953    -5.49e-06     1.29e-05     1.04e-05         2.1 
  10  -3006.0982915411    -1.25e-06     5.67e-06     1.33e-06         2.1 
  11  -3006.0982917196    -1.78e-07     1.90e-06     1.61e-07         2.1 
  12  -3006.0982917375    -1.80e-08     8.00e-07     2.70e-08         2.1 

** Total SCF energy = -3006.0982917375445

Nuclear repulsion energy = 732.666873194747154
#electrons        = 98
1e energy kinetic = 3006.2142262527422645
1e energy N-e     = -8618.4122153018615791
1e energy         = -5605.0930947471570107
2e energy         = 1873.2327222757774052
QED energy        = 0.2001018410493725
QED eT energy     = 0.1811784342271937
QED eT energy from matrix = 0.1811784342271605

 Polarizability Matrix (QED energy = 0.5 * lambda.dot(matrix * lambda))
[41.63062435, -0.05579455,  1.87299078]
[-0.05579455, 43.60674017, -0.92671342]
[ 1.87299078, -0.92671342, 36.29674886]

 Polarizability Matrix (QED eT energy = 0.5 * lambda.dot(matrix * lambda))
[38.23503446, -0.06670495,  2.28013494]
[-0.06670495, 40.35784865, -1.13755920]
[ 2.28013494, -1.13755920, 31.33266197]


                      Electron        Nuclear        Total  
                  ------------------------------------------
    Monopole         -98.000000     99.000000      1.000000

      Dipole   X       0.592626     -2.001359     -1.408733
      Dipole   Y      -2.011240      2.004435     -0.006805
      Dipole   Z     -24.141442     25.520676      1.379233

  Quadrupole  XX   -1865.508024   1815.495053    -50.012971
  Quadrupole  XY      -6.601697      6.522364     -0.079333
  Quadrupole  XZ    -497.322521    496.688635     -0.633886
  Quadrupole  YY    -305.138597    264.225207    -40.913390
  Quadrupole  YZ      11.391927    -10.605414      0.786513
  Quadrupole  ZZ    -278.087190    231.819801    -46.267389

    Octupole XXX   -2966.390474   2814.689251   -151.701223
    Octupole XXY     -46.291094     44.999815     -1.291279
    Octupole XXZ    -287.717787    251.543821    -36.173966
    Octupole XYY    -535.130503    501.677594    -33.452909
    Octupole XYZ      89.380661    -84.820573      4.560089
    Octupole XZZ     138.506732   -171.766871    -33.260140
    Octupole YYY     -22.775501     19.608869     -3.166632
    Octupole YYZ    -361.946042    348.041209    -13.904833
    Octupole YZZ      31.926058    -30.807863      1.118195
    Octupole ZZZ     -78.724600     -0.423830    -79.148430

writing orbitals and density to disk ... done.

Total Time taken for Hartree-Fock: 24.92 secs

CD Options
{
  debug             = false
  skip_cd           = [false, 100]
  write_cv          = [false, 5000]
  diagtol           = 1e-06
  itilesize         = 1000
  max_cvecs_factor  = 12
}

- #occupied, #virtual = 98, 344

- Tilesize for the MSO space: 40

-----------------------------------------------------
Begin 2-index transformation ... 

nAO, nMO, nelectrons = 221, 442, 98
n_occ_alpha, n_vir_alpha, n_occ_beta, n_vir_beta = 49,172,49,172

Time taken for Fao->Fmo transform: 0.00 secs

-----------------------------------------------------
Number of AO tiles = 105
# of {all,non-negligible} shell-pairs = {5565,4879}

    Begin Cholesky Decomposition
---------------------------------------------
Total # of mpi ranks used for Cholesky decomposition: 4
  --> Number of nodes, mpi ranks per node: 1, 4
- CPU memory required for computing cholesky vectors: 1.93 GiB

- Time for computing the diagonal: 0.01 secs

- Total number of cholesky vectors = 1642

- Time to compute cholesky vectors: 13.40 secs

- CPU memory required for resizing the ao cholesky tensor: 1.56 GiB
- CPU memory required for ao2mo transformation: 1.70 GiB
- CPU memory required for the 2-step contraction: 2.11 GiB

- Time for ao to mo transform: 1.60 secs

   End Cholesky Decomposition
---------------------------------------------

Total Time taken for Cholesky Decomposition: 17.77 secs

scf_type = restricted
Closed-Shell SCF
QED-HF Enabled
nbf = 203
nbf_orig = 221
n_lindep = 0
focc = 1
nmo = 406
nocc = 62
nvir = 344
n_occ_alpha = 31
n_vir_alpha = 172
n_occ_beta = 31
n_vir_beta = 172
nelectrons = 98
nelectrons_alpha = 49
nelectrons_beta = 49
freeze atomic = true
n_frozen_core = 18
n_frozen_virtual = 0
----------------------------
--------- QED-CCSD --------
lambda_x: -0.0951
lambda_y: 0.0000
lambda_z: 0.0309
omega: 0.066150
coupling_factor_x: -0.017296
coupling_factor_y: 0.000000
coupling_factor_z: 0.005620
----------------------------
# of {all,non-negligible} shell-pairs = {5565,4879}
Number of AO tiles = 105
----------------------------
Electronic dipole expectation value using SCF density: 
dipole_x_elec: 0.59274070
dipole_y_elec: -2.01119857
dipole_z_elec: -24.14138197

d_n/N value: d_n is nuclear dipole moment and N is the total number of electrons 
d_nuc_x: -0.02042204
d_nuc_y: 0.02045342
d_nuc_z: 0.26041506

<d_e+d_n> expectation values: 
dipole_total_x: -1.40861876
dipole_total_y: -0.00676347
dipole_total_z: 1.37929355
----------------------------


 CCSD iterations
------------------------------------------------------------
  Iter     Residuum          Correlation          Time(s)
------------------------------------------------------------
   1     1.1846520580414    0.0000000000000         86.81
   2     0.1802000378957   -1.5843901728669         86.04
   3     0.0668679101640   -1.6274981408501         85.99
   4     0.0268771736675   -1.6915755001907         85.94
   5     0.0187223645805   -1.6899383037076         86.23
 MICROCYCLE DIIS UPDATE:                    6
   6     0.0106022938505   -1.7016946099210         85.84
   7     0.0067372702751   -1.7012541166282         84.20
   8     0.0053098345878   -1.7027166786088         83.24
   9     0.0048419520822   -1.7031399194564         83.30
  10     0.0055651233640   -1.7034495167628         83.27
 MICROCYCLE DIIS UPDATE:                   11
  11     0.0010507078290   -1.7043254585991         83.52
  12     0.0007166055217   -1.7041840291971         83.31
  13     0.0007364814941   -1.7043547300223         83.14
  14     0.0010917113065   -1.7042904198030         83.21
  15     0.0017567072839   -1.7043452952245         83.45
 MICROCYCLE DIIS UPDATE:                   16
  16     0.0001658916277   -1.7043745532530         84.32
  17     0.0001214781467   -1.7043310040644         84.14
  18     0.0001248899998   -1.7043520903276         84.39
  19     0.0001646715390   -1.7043521251475         85.59
  20     0.0002518259805   -1.7043572017340         84.98
 MICROCYCLE DIIS UPDATE:                   21
  21     0.0000498127247   -1.7043790004034         84.78
  22     0.0000378384598   -1.7043683102273         84.76
  23     0.0000351230526   -1.7043711407623         84.49
  24     0.0000421825893   -1.7043677429770         83.60
  25     0.0000618087807   -1.7043682232812         83.74
 MICROCYCLE DIIS UPDATE:                   26
  26     0.0000154798345   -1.7043662008732         84.28
  27     0.0000117770175   -1.7043644975710         84.40
  28     0.0000112608085   -1.7043661256581         84.38
  29     0.0000139168273   -1.7043663247309         84.33
  30     0.0000214008351   -1.7043666474577         83.43
 MICROCYCLE DIIS UPDATE:                   31
  31     0.0000051133412   -1.7043688822823         84.26
  32     0.0000037069095   -1.7043674909929         84.44
  33     0.0000033666590   -1.7043676406379         83.84
  34     0.0000038268520   -1.7043673170260         84.79
  35     0.0000050848405   -1.7043673400307         84.60
 MICROCYCLE DIIS UPDATE:                   36
  36     0.0000015205535   -1.7043671224971         84.13
  37     0.0000011697137   -1.7043669688216         84.26
  38     0.0000011299090   -1.7043671785925         84.60
  39     0.0000014828847   -1.7043671893720         84.74
  40     0.0000023252813   -1.7043672314034         85.09
 MICROCYCLE DIIS UPDATE:                   41
  41     0.0000005071343   -1.7043674535121         84.58
------------------------------------------------------------------
 Iterations converged
 CCSD correlation energy / hartree =        -1.704367453512119
 CCSD total energy / hartree       =     -3007.802659191056591

Time taken for spin-orbital canonical QED-CCSD: 3567.04 secs
