
ExaChem Git Information
{
 WARNING: Failed to retrieve the current git state.
}


TAMM Git Information
{
 Branch: main
 Commit Hash: e71357ad [e71357ad54f38748b4a7e175aa6760820d5ce96f]
 Commit Date: 2026-02-02 23:14:56 -0800
 Commit Message: add GitHub Actions workflow for releases
}


date: Sun Aug  9 23:56:13 2026
program: "/global/cfs/cdirs/m3196/heindelj/cavity_qed/software/install_gpu/bin/bin/ExaChem"
nnodes: 1, nproc_per_node: 4, nproc_total: 4, ngpus_per_node: 1, ngpus_total: 1

Memory information
{
[AMD EPYC 7763 64-Core Processor                ] : 
  CPU memory per node (GiB): 251
  Total CPU memory (GiB): 251
[NVIDIA A100-SXM4-40GB, CUDA v12.9] : 
  GPU memory per device (GiB): 39
  GPU memory per node (GiB): 39
  Total GPU memory (GiB): 39
}

------------------------------------------------------------

Input file provided: /global/cfs/cdirs/m4262/heindelj/cavity_qed/mlip/lambda_scans/grid_scans_optimized_geoms/runs_grid_no_freq/meta_th54_ph144/meta_th54_ph144_qed_ccsd_input.json

{
  "geometry": {
    "coordinates": [
      "C    -0.910076655000    2.005423835800    0.772243548800",
      "C     0.482422154200    1.946385235100    0.692118777700",
      "C     1.157696329000    0.713001556500    0.665393327400",
      "C     0.493702562000   -0.458055330200    0.657701948000",
      "C    -1.615447291500    0.844425748600    0.796942567200",
      "H    -1.399312399800    2.963053600400    0.818059498800",
      "H     1.074768694800    2.854545255900    0.651416404100",
      "H     1.027111527900   -1.396738801100    0.641488975400",
      "H    -2.693244623400    0.849834261500    0.862658785000",
      "N     2.636261576100    0.737133049300    0.640128995200",
      "O     3.177987697500   -0.257168196300    1.036322359800",
      "O     3.142188702200    1.757233983300    0.248587991000",
      "C    -0.973194634100   -0.467747634400    0.666939597300",
      "H    -1.351214135100   -1.196207175600    1.386109243600",
      "Br   -1.641482781300   -1.093520433800   -1.064654354400"
    ],
    "units": "angstrom",
    "noorient": true
  },
  "common": {
    "maxiter": 100,
    "debug": false
  },
  "basis": {
    "basisset": "6-311G*"
  },
  "SCF": {
    "charge": 1,
    "multiplicity": 1,
    "lshift": 0,
    "tol_lindep": 1e-10,
    "conve": 1e-07,
    "convd": 1e-05,
    "diis_hist": 10,
    "writem": 10,
    "restart": false,
    "noscf": false,
    "scf_type": "restricted",
    "debug": false,
    "qed_omegas": [
      0.06615
    ],
    "qed_volumes": [],
    "qed_lambdas": [
      0.1
    ],
    "qed_polvecs": [
      [
        -0.6545084971874736,
        0.4755282581475769,
        0.5877852522924731
      ]
    ],
    "direct_df": false
  },
  "CD": {
    "debug": false,
    "diagtol": 1e-06
  },
  "CC": {
    "threshold": 1e-06,
    "ndiis": 5,
    "ccsd_maxiter": 200,
    "tilesize": 40,
    "freeze": {
      "atomic": true
    },
    "readt": false,
    "writet": true,
    "writet_iter": 5,
    "debug": false,
    "profile_ccsd": false,
    "balance_tiles": true
  },
  "TASK": {
    "scf": false,
    "ccsd": true
  }
}

Output folder & files prefix: meta_th54_ph144_qed_ccsd_input.6-311g*

  C (carbon)
  ----------
          Exponent        Coefficients
      ----------------  --------------------
  1 S  4.56324000E+03      0.778202
  1 S  6.82024000E+02      1.448695
  1 S  1.54973000E+02      2.383089
  1 S  4.44553000E+01      3.200089
  1 S  1.30290000E+01      3.013004
  1 S  1.82773000E+00      0.247599

  2 S  2.09642000E+01      0.800629
  2 S  4.80331000E+00      2.127420
  2 S  1.45933000E+00     -0.002868

  3 P  2.09642000E+01      2.573592
  3 P  4.80331000E+00      2.408248
  3 P  1.45933000E+00      1.865281

  4 S  4.83456000E-01      0.413217

  5 P  4.83456000E-01      0.574627

  6 S  1.45585000E-01      0.167976

  7 P  1.45585000E-01      0.128185

  8 D  6.26000000E-01      0.725128


  H (hydrogen)
  ------------
          Exponent        Coefficients
      ----------------  --------------------
  1 S  3.38650000E+01      0.255069
  1 S  5.09479000E+00      0.460109
  1 S  1.15879000E+00      0.678321

  2 S  3.25840000E-01      0.307371

  3 S  1.02741000E-01      0.129336


  N (nitrogen)
  ------------
          Exponent        Coefficients
      ----------------  --------------------
  1 S  6.29348000E+03      0.991968
  1 S  9.49044000E+02      1.823240
  1 S  2.18776000E+02      2.979891
  1 S  6.36916000E+01      4.000007
  1 S  1.88282000E+01      3.881008
  1 S  2.72023000E+00      0.386764

  2 S  3.06331000E+01      1.038501
  2 S  7.02614000E+00      2.834794
  2 S  2.11205000E+00     -0.003208

  3 P  3.06331000E+01      3.935616
  3 P  7.02614000E+00      3.870994
  3 P  2.11205000E+00      2.967271

  4 S  6.84009000E-01      0.536051

  5 P  6.84009000E-01      0.886681

  6 S  2.00878000E-01      0.213850

  7 P  2.00878000E-01      0.191693

  8 D  9.13000000E-01      1.403568


  O (oxygen)
  ----------
          Exponent        Coefficients
      ----------------  --------------------
  1 S  8.58850000E+03      1.205013
  1 S  1.29723000E+03      2.216205
  1 S  2.99296000E+02      3.627452
  1 S  8.73771000E+01      4.888452
  1 S  2.56789000E+01      4.835721
  1 S  3.74004000E+00      0.538229

  2 S  4.21175000E+01      1.341958
  2 S  9.62837000E+00      3.587114
  2 S  2.85332000E+00     -0.005123

  3 P  4.21175000E+01      5.584018
  3 P  9.62837000E+00      5.733366
  3 P  2.85332000E+00      4.332955

  4 S  9.05661000E-01      0.661659

  5 P  9.05661000E-01      1.259352

  6 S  2.55611000E-01      0.256209

  7 P  2.55611000E-01      0.259068

  8 D  1.29200000E+00      2.577026


  Br (bromine)
  ------------
          Exponent        Coefficients
      ----------------  --------------------
  1 S  4.39700000E+05      9.893706
  1 S  6.60300000E+04     18.450679
  1 S  1.51400000E+04     31.049770
  1 S  4.31700000E+03     48.888138
  1 S  1.41400000E+03     64.847798
  1 S  5.23900000E+02     42.245010

  2 S  5.23900000E+02     14.290679
  2 S  2.07700000E+02     24.083128
  2 S  8.65400000E+01      5.132542

  3 S  3.05200000E+01      9.254405

  4 S  1.29800000E+01      4.873782

  5 S  4.41200000E+00      2.169635

  6 S  1.86200000E+00      1.136043

  7 S  3.93200000E-01      0.353892

  8 S  1.40000000E-01      0.163120

  9 P  2.95700000E+03    691.874478
  9 P  7.00300000E+02    925.332763
  9 P  2.24600000E+02   1068.830732

  10 P  8.25900000E+01    122.079275
  10 P  3.31900000E+01     57.580687
  10 P  1.42000000E+01     10.176170

  11 P  1.42000000E+01      3.129736
  11 P  7.43800000E+00      6.538168
  11 P  3.52600000E+00      4.166276

  12 P  1.59500000E+00      2.555000

  13 P  8.46200000E-01      1.156861

  14 P  3.18600000E-01      0.341191

  15 P  1.09600000E-01      0.089888

  16 D  1.34800000E+02    160.709187
  16 D  3.63900000E+01    119.797406
  16 D  1.21600000E+01     55.531619
  16 D  4.34100000E+00     12.984636

  17 D  1.53500000E+00      3.484168

  18 D  4.51000000E-01      0.408525



Printing Internal Coordinates

------------------------------------------------------------
                Bond Lengths

i      j        Length (Angstroms)     Length (Bohr)
0      1          1.3960510266         2.6381540981
0      4          1.3587031813         2.5675768990
0      5          1.0763389249         2.0339857868
1      2          1.4063942404         2.6576999394
1      6          1.0850279862         2.0504057328
2      3          1.3462247627         2.5439961055
2      9          1.4789779597         2.7948632901
3      7          1.0797752747         2.0404795468
3      12         1.4669583017         2.7721494283
4      8          1.0798124661         2.0405498283
4      12         1.4666929587         2.7716480028
9      10         1.1996129958         2.2669400192
9      11         1.2041065279         2.2754315641
12     13         1.0912181388         2.0621034260
12     14         1.9587287351         3.7014608643

Number of Bonds: 15

------------------------------------------------------------
           Bond Angles

i      j      k      Angle (degrees)
0      1      2        121.1381 
0      1      6        120.7501 
0      4      8        120.9980 
0      4      12       122.3795 
1      0      4        118.8643 
1      0      5        119.5675 
1      2      3        121.7463 
1      2      9        117.7767 
2      1      6        118.1116 
2      3      7        120.8404 
2      3      12       119.9284 
2      9      10       115.6131 
2      9      11       116.0674 
3      2      9        120.4765 
3      12     4        115.6276 
3      12     13       110.7914 
3      12     14       109.7377 
4      0      5        121.5674 
4      12     13       112.7757 
4      12     14       102.4025 
7      3      12       119.2309 
8      4      12       116.5482 
10     9      11       128.3047 
13     12     14       104.5463 

Number of Angles: 24

------------------------------------------------------------
              Torsional Angles

i      j      k      l      Angle (degrees)
3      2      1      0          2.8976 
4      0      1      2         -1.3402 
5      0      1      2        178.3442 
6      1      0      4        178.8302 
6      1      0      5         -1.4854 
6      1      2      3       -177.2684 
7      3      2      1       -179.7287 
8      4      0      1        179.7382 
8      4      0      5          0.0604 
12     4      0      1         -3.5073 
12     4      0      5        176.8149 
13     12     4      0        135.4528 
13     12     4      8        -47.6569 
14     12     4      0       -112.7549 
14     12     4      8         64.1354 

Number of Torsional Angles: 15


----------------------------------------------------------------------
                          Center of Mass

         x               y               z              Unit
  -0.06367113483   0.02972570722-0.0007771830791      Angstrom
    -0.120321007   0.05617344555 -0.001468663169          Bohr

----------------------------------------------------------------------
                Moment of Inertia Tensor

           1582.76          -816.814          -749.631
          -816.814           3121.56          -521.441
          -749.631          -521.441           3596.87

----------------------------------------------------------------------
                      Principal Moments of Inertia

           x                 y                 z                Unit
       259.9894406       956.0989739       1108.483079       amu * ang^2
       928.4391477        3414.29142       3958.464939      amu * bohr^2
  4.3172291765e-38  1.5876407813e-37  1.8406807134e-37          g * cm^2

 - Molecule is an asymmetric top.

----------------------------------------------------------------------

         Rotational constants (MHz)

    A = 1.9438e+03        B = 5.2858e+02        C = 4.5592e+02

----------------------------------------------------------------------

        Rotational constants (cm-1)

    A = 6.4840e-02        B = 1.7632e-02        C = 1.5208e-02

----------------------------------------------------------------------

                                Z-Matrix
C   
C        1       2.6381541
C        2       2.6576999     1       121.13806
C        3      2.54399611     2    121.74634767     1          2.8976
C        4      4.69183569     3     87.84151860     2         -2.1270
H        5      4.02460390     4    115.86227837     3          1.1346
H        6      4.69041340     5     93.26783628     4          0.5912
H        7      8.03428922     6     91.87377201     5         -0.7824
H        8      8.22346986     7     59.55196192     6          0.5463
N        9     10.08233218     8     29.88633847     7         -1.8301
O       10      2.26694002     9    117.05357976     8        -24.7970
O       11      4.08793807    10     25.89955139     9       -176.1617
C       12      8.87607022    11     62.67466994    10         -5.0357
H       13      2.06210343    12    132.72259273    11         33.4680
Br      14      4.66767811    13     50.13696307    12       -139.6506

----------------------------------------------------------------------

             Converted back to Cartesian

C        0.000000      0.000000      0.000000
C        0.000000      0.000000      2.638154
C        0.000000      0.098049     -0.017737
C       -0.000083     -0.090002      2.519300
C        0.000262      0.381877     -2.148746
H       -0.000300     -0.163936      1.838675
H        0.000580      0.603928     -2.788459
H       -0.001253     -0.932632      5.097528
H        0.000813      0.786266     -2.944290
N       -0.001785     -1.410850      6.895735
O       -0.000533     -0.838289      4.702292
O       -0.001326     -1.901921      8.649434
C       -0.007038      0.570561      0.124680
H       -0.002905     -0.083384      2.080341
Br      -0.011623      1.464284     -2.323279

----------------------------------------------------------------------
                       Geometry in bohr 

1     C      -1.7197956315    3.7897018160    1.4593288097
2     C       0.9116457485    3.6781350298    1.3079149365
3     C       2.1877289988    1.3473776691    1.2574111548
4     C       0.9329626298   -0.8655991246    1.2428765542
5     C      -3.0527529518    1.5957333985    1.5060031901
6     H      -2.6443172002    5.5993598011    1.5459084074
7     H       2.0310184819    5.3943087477    1.2309985977
8     H       1.9409594885   -2.6394538035    1.2122384763
9     H      -5.0894947283    1.6059540066    1.6301888438
10    N       4.9818123751    1.3929795815    1.2096684862
11    O       6.0055263798   -0.4859774593    1.9583654382
12    O       5.9378760831    3.3206909676    0.4697632212
13    C      -1.8390713257   -0.8839149251    1.2603331814
14    H      -2.5534246528   -2.2605039517    2.6193668510
15    Br     -3.1019528971   -2.0664541330   -2.0119051486

 Number of nodes, processes per node used for SCF calculation: 1, 4

Common Options
{
  maxiter       = 100
  basis         = 6-311g* spherical
  geom_units    = angstrom
  ang2au factor = 1.889726126
  debug         = false
  file_prefix   = meta_th54_ph144_qed_ccsd_input
}

SCF Options
{
  charge            = 1
  multiplicity      = 1
  level shift       = 0
  tol_int           = 1e-22
  tol_sch           = 1e-12
  tol_lindep        = 1e-10
  conve             = 1e-07
  convd             = 1e-05
  diis_hist         = 10
  AO_tilesize       = 30
  writem            = 10
  damp              = 100
  n_lindep          = 0
  scf_type          = restricted
  cuscf             = false
  qed_omegas        = [0.06615,]
  qed_lambdas       = [0.1,]
  qed_polvecs       = [[-0.6545084972,0.4755282581,0.5877852523,],]
  direct_df         = false
  restart_size      = 2000
  restart           = false
  debug             = false
}

Number of basis functions = 221

Total number of shells = 105

Total number of electrons = 98
  # of alpha electrons    = 49
  # of beta electons      = 49

Nuclear repulsion energy  = 744.653494321324

# of {all,non-negligible} shell-pairs = {5565,4910}
Number of AO tiles = 105

Time for initial setup: 0.02 secs
HF exch = 1.00

Time for computing 1-e integrals T, V, S: 0.01 secs
Time for computing orthogonalizer: 0.01 secs

Superposition of Atomic Density Guess ...
Time taken for SAD: 0.30 secs
Total Time to compute initial guess: 0.30 secs


 SCF iterations
-----------------------------------------------------------------------------
 Iter     Energy            E-Diff       RMSD        |[F,P]|^2       Time(s)
-----------------------------------------------------------------------------
   1  -3011.8284172240    -3.01e+03     1.67e-02     1.50e+03         0.6 
   2  -3005.8037616873     6.02e+00     6.65e-03     7.77e+00         2.1 
   3  -3006.0198348511    -2.16e-01     2.54e-03     3.27e+00         2.1 
   4  -3006.1131770195    -9.33e-02     1.18e-03     1.23e-01         2.1 
   5  -3006.1206287828    -7.45e-03     2.53e-04     9.44e-03         2.1 
   6  -3006.1212186418    -5.90e-04     1.58e-04     1.70e-03         2.1 
   7  -3006.1213927962    -1.74e-04     6.29e-05     2.61e-04         2.1 
   8  -3006.1214233997    -3.06e-05     2.37e-05     5.14e-05         2.1 
   9  -3006.1214284142    -5.01e-06     1.24e-05     9.07e-06         2.1 
  10  -3006.1214295270    -1.11e-06     5.26e-06     2.03e-06         2.1 
  11  -3006.1214297497    -2.23e-07     3.07e-06     3.86e-07         2.1 
  12  -3006.1214298214    -7.17e-08     1.75e-06     1.10e-07         2.1 

** Total SCF energy = -3006.1214298213999

Nuclear repulsion energy = 744.653494321323933
#electrons        = 98
1e energy kinetic = 3006.2164526304459287
1e energy N-e     = -8642.4968339233000734
1e energy         = -5634.0931642035138793
2e energy         = 1885.3178105246006453
QED energy        = 0.1876466255302602
QED eT energy     = 0.1663603200769944
QED eT energy from matrix = 0.1663603200769984

 Polarizability Matrix (QED energy = 0.5 * lambda.dot(matrix * lambda))
[40.50008034,  2.08919436,  1.17044037]
[ 2.08919436, 43.69551654, -0.45921421]
[ 1.17044037, -0.45921421, 36.92375546]

 Polarizability Matrix (QED eT energy = 0.5 * lambda.dot(matrix * lambda))
[36.76987424,  2.25684364,  1.30123108]
[ 2.25684364, 40.49883929, -0.58663099]
[ 1.30123108, -0.58663099, 32.11832272]


                      Electron        Nuclear        Total  
                  ------------------------------------------
    Monopole         -98.000000     99.000000      1.000000

      Dipole   X      -2.219984      0.060601     -2.159383
      Dipole   Y     -18.534319     19.770938      1.236619
      Dipole   Z     -12.539034     13.917937      1.378902

  Quadrupole  XX   -1311.558845   1261.289695    -50.269149
  Quadrupole  XY    -372.041509    370.327615     -1.713894
  Quadrupole  XZ    -339.387071    336.863375     -2.523695
  Quadrupole  YY    -568.803259    530.950527    -37.852732
  Quadrupole  YZ    -240.842006    244.459452      3.617445
  Quadrupole  ZZ    -310.256209    264.190613    -46.065596

    Octupole XXX   -3050.005007   2910.912108   -139.092899
    Octupole XXY    -639.766770    611.888172    -27.878598
    Octupole XXZ    -518.206650    494.715253    -23.491397
    Octupole XYY     -29.082551      1.323517    -27.759034
    Octupole XYZ     423.720202   -424.315306     -0.595104
    Octupole XZZ     242.202609   -267.409630    -25.207020
    Octupole YYY    -993.254980    964.962412    -28.292568
    Octupole YYZ    -154.640256    151.318122     -3.322133
    Octupole YZZ     147.565197   -176.876238    -29.311041
    Octupole ZZZ      24.583200    -94.053818    -69.470618

writing orbitals and density to disk ... done.

Total Time taken for Hartree-Fock: 25.23 secs

CD Options
{
  debug             = false
  skip_cd           = [false, 100]
  write_cv          = [false, 5000]
  diagtol           = 1e-06
  itilesize         = 1000
  max_cvecs_factor  = 12
}

- #occupied, #virtual = 98, 344

- Tilesize for the MSO space: 40

-----------------------------------------------------
Begin 2-index transformation ... 

nAO, nMO, nelectrons = 221, 442, 98
n_occ_alpha, n_vir_alpha, n_occ_beta, n_vir_beta = 49,172,49,172

Time taken for Fao->Fmo transform: 0.00 secs

-----------------------------------------------------
Number of AO tiles = 105
# of {all,non-negligible} shell-pairs = {5565,4910}

    Begin Cholesky Decomposition
---------------------------------------------
Total # of mpi ranks used for Cholesky decomposition: 4
  --> Number of nodes, mpi ranks per node: 1, 4
- CPU memory required for computing cholesky vectors: 1.93 GiB

- Time for computing the diagonal: 0.01 secs

- Total number of cholesky vectors = 1644

- Time to compute cholesky vectors: 18.61 secs

- CPU memory required for resizing the ao cholesky tensor: 1.56 GiB
- CPU memory required for ao2mo transformation: 1.70 GiB
- CPU memory required for the 2-step contraction: 2.11 GiB

- Time for ao to mo transform: 1.56 secs

   End Cholesky Decomposition
---------------------------------------------

Total Time taken for Cholesky Decomposition: 23.63 secs

scf_type = restricted
Closed-Shell SCF
QED-HF Enabled
nbf = 203
nbf_orig = 221
n_lindep = 0
focc = 1
nmo = 406
nocc = 62
nvir = 344
n_occ_alpha = 31
n_vir_alpha = 172
n_occ_beta = 31
n_vir_beta = 172
nelectrons = 98
nelectrons_alpha = 49
nelectrons_beta = 49
freeze atomic = true
n_frozen_core = 18
n_frozen_virtual = 0
----------------------------
--------- QED-CCSD --------
lambda_x: -0.0655
lambda_y: 0.0476
lambda_z: 0.0588
omega: 0.066150
coupling_factor_x: -0.011903
coupling_factor_y: 0.008648
coupling_factor_z: 0.010690
----------------------------
# of {all,non-negligible} shell-pairs = {5565,4910}
Number of AO tiles = 105
----------------------------
Electronic dipole expectation value using SCF density: 
dipole_x_elec: -2.21973562
dipole_y_elec: -18.53432889
dipole_z_elec: -12.53906693

d_n/N value: d_n is nuclear dipole moment and N is the total number of electrons 
d_nuc_x: 0.00061838
d_nuc_y: 0.20174427
d_nuc_z: 0.14201976

<d_e+d_n> expectation values: 
dipole_total_x: -2.15913449
dipole_total_y: 1.23660958
dipole_total_z: 1.37886969
----------------------------


 CCSD iterations
------------------------------------------------------------
  Iter     Residuum          Correlation          Time(s)
------------------------------------------------------------
   1     1.1843348395359    0.0000000000000         87.54
   2     0.1687361164017   -1.6428773662891         86.38
   3     0.0679311411551   -1.6202511162286         86.22
   4     0.0222972937186   -1.6876748598740         86.15
   5     0.0189612600886   -1.6813215049720         86.17
 MICROCYCLE DIIS UPDATE:                    6
   6     0.0082471092372   -1.6914056159386         84.36
   7     0.0056684560219   -1.6913202556890         84.58
   8     0.0041779915762   -1.6928138227933         84.38
   9     0.0038363321359   -1.6930262153323         84.64
  10     0.0043921664736   -1.6934073610275         84.85
 MICROCYCLE DIIS UPDATE:                   11
  11     0.0006692340529   -1.6939623540560         85.35
  12     0.0005236551652   -1.6939502046780         85.41
  13     0.0004235211092   -1.6940220216504         85.06
  14     0.0004786064041   -1.6939943043848         84.81
  15     0.0005957974881   -1.6940245698124         84.77
 MICROCYCLE DIIS UPDATE:                   16
  16     0.0001002132508   -1.6940325790053         85.71
  17     0.0000682850244   -1.6940268998707         85.80
  18     0.0000580627591   -1.6940403113906         85.71
  19     0.0000517566557   -1.6940414404442         86.01
  20     0.0000577262020   -1.6940433032210         85.65
 MICROCYCLE DIIS UPDATE:                   21
  21     0.0000181410604   -1.6940514269493         85.87
  22     0.0000132377282   -1.6940480773728         85.68
  23     0.0000113619049   -1.6940482497243         85.64
  24     0.0000116894409   -1.6940472038032         85.68
  25     0.0000131710002   -1.6940474450449         85.86
 MICROCYCLE DIIS UPDATE:                   26
  26     0.0000030815381   -1.6940466540991         84.30
  27     0.0000021492118   -1.6940467301233         84.94
  28     0.0000017898343   -1.6940471461217         85.24
  29     0.0000017102794   -1.6940472351403         85.22
  30     0.0000018562161   -1.6940472831511         85.44
 MICROCYCLE DIIS UPDATE:                   31
  31     0.0000006138694   -1.6940475801965         84.64
------------------------------------------------------------------
 Iterations converged
 CCSD correlation energy / hartree =        -1.694047580196548
 CCSD total energy / hartree       =     -3007.815477401596581

Time taken for spin-orbital canonical QED-CCSD: 2728.23 secs
