
ExaChem Git Information
{
 WARNING: Failed to retrieve the current git state.
}


TAMM Git Information
{
 Branch: main
 Commit Hash: e71357ad [e71357ad54f38748b4a7e175aa6760820d5ce96f]
 Commit Date: 2026-02-02 23:14:56 -0800
 Commit Message: add GitHub Actions workflow for releases
}


date: Tue Aug 11 03:50:38 2026
program: "/global/cfs/cdirs/m3196/heindelj/cavity_qed/software/install_gpu/bin/bin/ExaChem"
nnodes: 1, nproc_per_node: 4, nproc_total: 4, ngpus_per_node: 1, ngpus_total: 1

Memory information
{
[AMD EPYC 7763 64-Core Processor                ] : 
  CPU memory per node (GiB): 251
  Total CPU memory (GiB): 251
[NVIDIA A100-SXM4-80GB, CUDA v12.9] : 
  GPU memory per device (GiB): 79
  GPU memory per node (GiB): 79
  Total GPU memory (GiB): 79
}

------------------------------------------------------------

Input file provided: /global/cfs/cdirs/m4262/heindelj/cavity_qed/mlip/lambda_scans/grid_scans_optimized_geoms/runs_grid_no_freq/para_th27_ph252/para_th27_ph252_qed_ccsd_input.json

{
  "geometry": {
    "coordinates": [
      "C    -0.468234601200    1.248622348200    0.464741156800",
      "C     0.886378668900    1.255459846700    0.600785213600",
      "C     1.532918812400    0.022521535400    0.714332882300",
      "H    -1.025482468600    2.171357443400    0.367414019200",
      "H     1.466805056800    2.165783408300    0.618598274800",
      "N     3.019773702300    0.031950007800    0.887150617400",
      "O     3.587050594500   -0.988509153200    0.603190141900",
      "O     3.490397774800    1.056842332100    1.301915757300",
      "C    -0.449198169100   -1.239067025600    0.574150203100",
      "H    -0.994938191500   -2.172560582900    0.560805415100",
      "C     0.906243982600   -1.222829133500    0.679317619200",
      "H     1.501001093500   -2.123073374100    0.725306084200",
      "C    -1.228209394800   -0.000289641400    0.554771536400",
      "H    -1.659801792400    0.063753098100    1.568318562600",
      "Br   -2.798785766100   -0.122440631000   -0.555357801400"
    ],
    "units": "angstrom",
    "noorient": true
  },
  "common": {
    "maxiter": 100,
    "debug": false
  },
  "basis": {
    "basisset": "6-311G*"
  },
  "SCF": {
    "charge": 1,
    "multiplicity": 1,
    "lshift": 0,
    "tol_lindep": 1e-10,
    "conve": 1e-07,
    "convd": 1e-05,
    "diis_hist": 10,
    "writem": 10,
    "restart": false,
    "noscf": false,
    "scf_type": "restricted",
    "debug": false,
    "qed_omegas": [
      0.06615
    ],
    "qed_volumes": [],
    "qed_lambdas": [
      0.1
    ],
    "qed_polvecs": [
      [
        -0.14029077970429515,
        -0.43177062311338915,
        0.8910065241883679
      ]
    ],
    "direct_df": false
  },
  "CD": {
    "debug": false,
    "diagtol": 1e-06
  },
  "CC": {
    "threshold": 1e-06,
    "ndiis": 5,
    "ccsd_maxiter": 200,
    "tilesize": 40,
    "freeze": {
      "atomic": true
    },
    "readt": false,
    "writet": true,
    "writet_iter": 5,
    "debug": false,
    "profile_ccsd": false,
    "balance_tiles": true
  },
  "TASK": {
    "scf": false,
    "ccsd": true
  }
}

Output folder & files prefix: para_th27_ph252_qed_ccsd_input.6-311g*

  C (carbon)
  ----------
          Exponent        Coefficients
      ----------------  --------------------
  1 S  4.56324000E+03      0.778202
  1 S  6.82024000E+02      1.448695
  1 S  1.54973000E+02      2.383089
  1 S  4.44553000E+01      3.200089
  1 S  1.30290000E+01      3.013004
  1 S  1.82773000E+00      0.247599

  2 S  2.09642000E+01      0.800629
  2 S  4.80331000E+00      2.127420
  2 S  1.45933000E+00     -0.002868

  3 P  2.09642000E+01      2.573592
  3 P  4.80331000E+00      2.408248
  3 P  1.45933000E+00      1.865281

  4 S  4.83456000E-01      0.413217

  5 P  4.83456000E-01      0.574627

  6 S  1.45585000E-01      0.167976

  7 P  1.45585000E-01      0.128185

  8 D  6.26000000E-01      0.725128


  H (hydrogen)
  ------------
          Exponent        Coefficients
      ----------------  --------------------
  1 S  3.38650000E+01      0.255069
  1 S  5.09479000E+00      0.460109
  1 S  1.15879000E+00      0.678321

  2 S  3.25840000E-01      0.307371

  3 S  1.02741000E-01      0.129336


  N (nitrogen)
  ------------
          Exponent        Coefficients
      ----------------  --------------------
  1 S  6.29348000E+03      0.991968
  1 S  9.49044000E+02      1.823240
  1 S  2.18776000E+02      2.979891
  1 S  6.36916000E+01      4.000007
  1 S  1.88282000E+01      3.881008
  1 S  2.72023000E+00      0.386764

  2 S  3.06331000E+01      1.038501
  2 S  7.02614000E+00      2.834794
  2 S  2.11205000E+00     -0.003208

  3 P  3.06331000E+01      3.935616
  3 P  7.02614000E+00      3.870994
  3 P  2.11205000E+00      2.967271

  4 S  6.84009000E-01      0.536051

  5 P  6.84009000E-01      0.886681

  6 S  2.00878000E-01      0.213850

  7 P  2.00878000E-01      0.191693

  8 D  9.13000000E-01      1.403568


  O (oxygen)
  ----------
          Exponent        Coefficients
      ----------------  --------------------
  1 S  8.58850000E+03      1.205013
  1 S  1.29723000E+03      2.216205
  1 S  2.99296000E+02      3.627452
  1 S  8.73771000E+01      4.888452
  1 S  2.56789000E+01      4.835721
  1 S  3.74004000E+00      0.538229

  2 S  4.21175000E+01      1.341958
  2 S  9.62837000E+00      3.587114
  2 S  2.85332000E+00     -0.005123

  3 P  4.21175000E+01      5.584018
  3 P  9.62837000E+00      5.733366
  3 P  2.85332000E+00      4.332955

  4 S  9.05661000E-01      0.661659

  5 P  9.05661000E-01      1.259352

  6 S  2.55611000E-01      0.256209

  7 P  2.55611000E-01      0.259068

  8 D  1.29200000E+00      2.577026


  Br (bromine)
  ------------
          Exponent        Coefficients
      ----------------  --------------------
  1 S  4.39700000E+05      9.893706
  1 S  6.60300000E+04     18.450679
  1 S  1.51400000E+04     31.049770
  1 S  4.31700000E+03     48.888138
  1 S  1.41400000E+03     64.847798
  1 S  5.23900000E+02     42.245010

  2 S  5.23900000E+02     14.290679
  2 S  2.07700000E+02     24.083128
  2 S  8.65400000E+01      5.132542

  3 S  3.05200000E+01      9.254405

  4 S  1.29800000E+01      4.873782

  5 S  4.41200000E+00      2.169635

  6 S  1.86200000E+00      1.136043

  7 S  3.93200000E-01      0.353892

  8 S  1.40000000E-01      0.163120

  9 P  2.95700000E+03    691.874478
  9 P  7.00300000E+02    925.332763
  9 P  2.24600000E+02   1068.830732

  10 P  8.25900000E+01    122.079275
  10 P  3.31900000E+01     57.580687
  10 P  1.42000000E+01     10.176170

  11 P  1.42000000E+01      3.129736
  11 P  7.43800000E+00      6.538168
  11 P  3.52600000E+00      4.166276

  12 P  1.59500000E+00      2.555000

  13 P  8.46200000E-01      1.156861

  14 P  3.18600000E-01      0.341191

  15 P  1.09600000E-01      0.089888

  16 D  1.34800000E+02    160.709187
  16 D  3.63900000E+01    119.797406
  16 D  1.21600000E+01     55.531619
  16 D  4.34100000E+00     12.984636

  17 D  1.53500000E+00      3.484168

  18 D  4.51000000E-01      0.408525



Printing Internal Coordinates

------------------------------------------------------------
                Bond Lengths

i      j        Length (Angstroms)     Length (Bohr)
0      1          1.3614447651         2.5727577415
0      3          1.0823298080         2.0453069151
0      12         1.4647348954         2.7679477994
1      2          1.3967978056         2.6395653058
1      4          1.0797689955         2.0404676808
2      5          1.4968942278         2.8287201300
2      10         1.3945772476         2.6353690594
5      6          1.2015712727         2.2706406261
5      7          1.2016328122         2.2707569189
8      9          1.0813974648         2.0435450418
8      10         1.3596129159         2.5692960483
8      12         1.4634901537         2.7655955785
10     11         1.0799493750         2.0408085486
12     13         1.1034722672         2.0852603725
12     14         1.9271788057         3.6418401384

Number of Bonds: 15

------------------------------------------------------------
           Bond Angles

i      j      k      Angle (degrees)
0      1      2        117.6611 
0      1      4        122.7335 
0      12     8        116.5107 
0      12     13       102.1167 
0      12     14       116.1983 
1      0      3        121.1299 
1      0      12       120.9563 
1      2      5        117.6193 
1      2      10       125.3238 
2      1      4        119.6047 
2      5      6        115.8689 
2      5      7        115.7375 
2      10     8        117.4255 
2      10     11       119.7260 
3      0      12       117.7309 
5      2      10       117.0569 
6      5      7        128.3909 
8      10     11       122.8455 
8      12     13       104.1911 
8      12     14       112.8163 
9      8      10       120.9559 
9      8      12       117.5092 
10     8      12       121.4382 
13     12     14       102.3583 

Number of Angles: 24

------------------------------------------------------------
              Torsional Angles

i      j      k      l      Angle (degrees)
3      0      1      2       -179.6948 
4      1      0      3          0.0045 
8      10     2      1         -2.4940 
8      12     0      1         -9.7510 
8      12     0      3        175.1092 
9      8      10     2       -178.8414 
9      8      12     0       -175.2479 
10     2      1      0          1.0479 
10     2      1      4       -178.6612 
10     8      12     0          8.2961 
11     10     2      1        176.8888 
11     10     8      9          1.7965 
12     0      1      2          5.3314 
12     0      1      4       -174.9693 
12     8      10     2         -2.5069 
12     8      10     11       178.1310 
13     12     0      1        103.0353 
13     12     0      3        -72.1045 
13     12     8      9         73.1544 
13     12     8      10      -103.3017 
14     12     0      1       -146.5023 
14     12     0      3         38.3580 
14     12     8      9        -37.0815 
14     12     8      10       146.4625 

Number of Torsional Angles: 24


----------------------------------------------------------------------
                          Center of Mass

         x               y               z              Unit
   -0.2697191936  -0.03629268554    0.2239004065      Angstrom
   -0.5096954069  -0.06858323604    0.4231104478          Bohr

----------------------------------------------------------------------
                Moment of Inertia Tensor

           770.367          -103.534          -1045.46
          -103.534           4671.01            -61.16
          -1045.46            -61.16           4809.26

----------------------------------------------------------------------
                      Principal Moments of Inertia

           x                 y                 z                Unit
       143.5455381        1308.03914       1418.885602       amu * ang^2
       512.6104227       4671.092572       5066.932471      amu * bohr^2
  2.3836313651e-38  2.1720515757e-37  2.3561165806e-37          g * cm^2

 - Molecule is an asymmetric top.

----------------------------------------------------------------------

         Rotational constants (MHz)

    A = 3.5207e+03        B = 3.8636e+02        C = 3.5618e+02

----------------------------------------------------------------------

        Rotational constants (cm-1)

    A = 1.1744e-01        B = 1.2888e-02        C = 1.1881e-02

----------------------------------------------------------------------

                                Z-Matrix
C   
C        1       2.5727577
C        2       2.6395653     1       117.66108
H        3      6.34769823     2     22.23975607     1          0.2224
H        4      4.73361183     3     39.68365791     2          0.3013
N        5      5.01296898     4    126.47043521     3         -0.6274
O        6      2.27064063     5    159.32533516     4         67.5975
O        7      4.08854899     6     25.80524462     5        125.1156
C        8      8.72580065     7     61.12907781     6          7.4747
H        9      2.04354504     8    149.51153370     7         30.8536
C       10      4.02228933     9     33.21493500     8        -12.0908
H       11      2.04080855    10     97.02670466     9       -178.4793
C       12      6.54180572    11     18.65697226    10         -1.3189
H       13      2.08526037    12    107.37930178    11       -101.0150
Br      14      4.56749342    13     51.15660498    12       -138.2907

----------------------------------------------------------------------

             Converted back to Cartesian

C        0.000000      0.000000      0.000000
C        0.000000      0.000000      2.572758
C        0.000000      0.094586     -0.065112
H       -0.000003     -0.175847      6.276823
H       -0.000002      0.082974      1.550292
N        0.000039     -0.383707      6.541491
O       -0.002272     -0.062915      4.293626
O        0.001331     -0.672331      8.336500
C       -0.003910      0.788703     -0.266113
H       -0.004960      0.355192      1.730921
C       -0.001747      1.248178     -2.190989
H       -0.001796      0.736513     -0.215363
C       -0.002599      2.412607     -6.538806
H        0.001515      1.812808     -4.541674
Br      -0.008521      3.194587     -8.895130

----------------------------------------------------------------------
                       Geometry in bohr 

1     C      -0.8848351589    2.3595542728    0.8782335058
2     C       1.6750129281    2.3724752723    1.1353195142
3     C       2.8967967287    0.0425595338    1.3498935103
4     H      -1.9378810126    4.1032708895    0.6943118711
5     H       2.7718598374    4.0927374897    1.1689813213
6     N       5.7065452596    0.0603767645    1.6764716993
7     O       6.7785432234   -1.8680115725    1.1398641700
8     O       6.5958958648    1.9971425659    2.4602642203
9     C      -0.8488615159   -2.3414973300    1.0849866390
10    H      -1.8801606941   -4.1055444936    1.0597686445
11    C       1.7125529304   -2.3108121611    1.2837242528
12    H       2.8364809814   -4.0120272223    1.3706298566
13    C      -2.3209793814   -0.0005473429    1.0483662662
14    H      -3.1365708109    0.1204758951    2.9636925615
15    Br     -5.2889385830   -0.2313792593   -1.0494741465

 Number of nodes, processes per node used for SCF calculation: 1, 4

Common Options
{
  maxiter       = 100
  basis         = 6-311g* spherical
  geom_units    = angstrom
  ang2au factor = 1.889726126
  debug         = false
  file_prefix   = para_th27_ph252_qed_ccsd_input
}

SCF Options
{
  charge            = 1
  multiplicity      = 1
  level shift       = 0
  tol_int           = 1e-22
  tol_sch           = 1e-12
  tol_lindep        = 1e-10
  conve             = 1e-07
  convd             = 1e-05
  diis_hist         = 10
  AO_tilesize       = 30
  writem            = 10
  damp              = 100
  n_lindep          = 0
  scf_type          = restricted
  cuscf             = false
  qed_omegas        = [0.06615,]
  qed_lambdas       = [0.1,]
  qed_polvecs       = [[-0.1402907797,-0.4317706231,0.8910065242,],]
  direct_df         = false
  restart_size      = 2000
  restart           = false
  debug             = false
}

Number of basis functions = 221

Total number of shells = 105

Total number of electrons = 98
  # of alpha electrons    = 49
  # of beta electons      = 49

Nuclear repulsion energy  = 722.145474700872

# of {all,non-negligible} shell-pairs = {5565,4841}
Number of AO tiles = 105

Time for initial setup: 0.12 secs
HF exch = 1.00

Time for computing 1-e integrals T, V, S: 0.01 secs
Time for computing orthogonalizer: 0.01 secs

Superposition of Atomic Density Guess ...
Time taken for SAD: 0.31 secs
Total Time to compute initial guess: 0.32 secs


 SCF iterations
-----------------------------------------------------------------------------
 Iter     Energy            E-Diff       RMSD        |[F,P]|^2       Time(s)
-----------------------------------------------------------------------------
   1  -3011.7214514017    -3.01e+03     1.71e-02     1.50e+03         0.6 
   2  -3005.8328021135     5.89e+00     6.99e-03     7.45e+00         2.0 
   3  -3006.0035200388    -1.71e-01     2.93e-03     3.93e+00         2.0 
   4  -3006.1149542473    -1.11e-01     1.21e-03     1.09e-01         2.0 
   5  -3006.1206373887    -5.68e-03     2.55e-04     1.24e-02         2.0 
   6  -3006.1212355774    -5.98e-04     1.72e-04     1.29e-03         2.0 
   7  -3006.1213749733    -1.39e-04     8.11e-05     2.05e-04         2.0 
   8  -3006.1214038980    -2.89e-05     2.83e-05     3.20e-05         2.0 
   9  -3006.1214082986    -4.40e-06     1.10e-05     4.35e-06         2.0 
  10  -3006.1214088931    -5.94e-07     3.34e-06     4.27e-07         2.1 
  11  -3006.1214089417    -4.86e-08     1.11e-06     4.61e-08         2.1 

** Total SCF energy = -3006.1214089416558

Nuclear repulsion energy = 722.145474700872455
#electrons        = 98
1e energy kinetic = 3006.1593146223522126
1e energy N-e     = -8597.4838197546232550
1e energy         = -5590.7370857957866974
2e energy         = 1862.8805408508819710
QED energy        = 0.1770806388620050
QED eT energy     = 0.1517954308976837
QED eT energy from matrix = 0.1517954308976796

 Polarizability Matrix (QED energy = 0.5 * lambda.dot(matrix * lambda))
[43.90434208, -0.06849531,  1.77395087]
[-0.06849531, 42.92964317,  1.55365284]
[ 1.77395087,  1.55365284, 35.51617176]

 Polarizability Matrix (QED eT energy = 0.5 * lambda.dot(matrix * lambda))
[40.72170502, -0.06944356,  2.27402012]
[-0.06944356, 39.62407471,  1.83097878]
[ 2.27402012,  1.83097878, 30.42776769]


                      Electron        Nuclear        Total  
                  ------------------------------------------
    Monopole         -98.000000     99.000000      1.000000

      Dipole   X      24.923005    -26.139673     -1.216669
      Dipole   Y       5.731088     -5.713283      0.017806
      Dipole   Z     -50.565599     51.745260      1.179661

  Quadrupole  XX   -2130.967658   2081.618616    -49.349042
  Quadrupole  XY     -48.756610     48.926772      0.170162
  Quadrupole  XZ    -472.137255    470.642396     -1.494859
  Quadrupole  YY    -301.316379    260.399817    -40.916562
  Quadrupole  YZ     -26.846951     25.515797     -1.331154
  Quadrupole  ZZ    -225.101392    177.514116    -47.587276

    Octupole XXX   -1162.195206   1030.757669   -131.437537
    Octupole XXY     201.924823   -200.722267      1.202556
    Octupole XXZ    -893.146746    837.844728    -55.302018
    Octupole XYY    -493.966093    471.638751    -22.327342
    Octupole XYZ    -108.791913    101.633399     -7.158513
    Octupole XZZ    -336.167303    312.923597    -23.243706
    Octupole YYY     -17.291712     22.893029      5.601317
    Octupole YYZ    -351.754370    324.153845    -27.600525
    Octupole YZZ     -59.065794     56.382925     -2.682869
    Octupole ZZZ    -312.262233    210.110616   -102.151617

writing orbitals and density to disk ... done.

Total Time taken for Hartree-Fock: 22.74 secs

CD Options
{
  debug             = false
  skip_cd           = [false, 100]
  write_cv          = [false, 5000]
  diagtol           = 1e-06
  itilesize         = 1000
  max_cvecs_factor  = 12
}

- #occupied, #virtual = 98, 344

- Tilesize for the MSO space: 40

Number of cholesky vectors to be read from disk = 1641

Total Time taken for Cholesky Decomposition: 2.87 secs

scf_type = restricted
Closed-Shell SCF
QED-HF Enabled
nbf = 203
nbf_orig = 221
n_lindep = 0
focc = 1
nmo = 406
nocc = 62
nvir = 344
n_occ_alpha = 31
n_vir_alpha = 172
n_occ_beta = 31
n_vir_beta = 172
nelectrons = 98
nelectrons_alpha = 49
nelectrons_beta = 49
freeze atomic = true
n_frozen_core = 18
n_frozen_virtual = 0
----------------------------
--------- QED-CCSD --------
lambda_x: -0.0140
lambda_y: -0.0432
lambda_z: 0.0891
omega: 0.066150
coupling_factor_x: -0.002551
coupling_factor_y: -0.007852
coupling_factor_z: 0.016204
----------------------------
# of {all,non-negligible} shell-pairs = {5565,4841}
Number of AO tiles = 105
----------------------------
Electronic dipole expectation value using SCF density: 
dipole_x_elec: 24.92314936
dipole_y_elec: 5.73096986
dipole_z_elec: -50.56561460

d_n/N value: d_n is nuclear dipole moment and N is the total number of electrons 
d_nuc_x: -0.26673136
d_nuc_y: -0.05829880
d_nuc_z: 0.52801286

<d_e+d_n> expectation values: 
dipole_total_x: -1.21652404
dipole_total_y: 0.01768711
dipole_total_z: 1.17964567
----------------------------


 CCSD iterations
------------------------------------------------------------
  Iter     Residuum          Correlation          Time(s)
------------------------------------------------------------
   1     0.0060792698640   -1.6996492204966         85.89
   2     0.0056581096574   -1.6964523186954         84.66
   3     0.0023890213624   -1.6993834352093         83.95
   4     0.0025260141901   -1.6983803227546         83.90
   5     0.0012515125910   -1.6992891038504         84.05
 MICROCYCLE DIIS UPDATE:                    6
   6     0.0003232681117   -1.6992925043865         83.59
   7     0.0002844008119   -1.6992151588653         83.38
   8     0.0001875190655   -1.6992385713663         83.58
   9     0.0001839668979   -1.6992307563766         83.42
  10     0.0001199145449   -1.6992340436770         83.37
 MICROCYCLE DIIS UPDATE:                   11
  11     0.0000258031100   -1.6992445461154         83.49
  12     0.0000169578869   -1.6992346711047         83.44
  13     0.0000130667177   -1.6992406238569         83.40
  14     0.0000099388940   -1.6992392641217         83.29
  15     0.0000081763708   -1.6992405289400         83.59
 MICROCYCLE DIIS UPDATE:                   16
  16     0.0000031389521   -1.6992414949050         84.26
  17     0.0000021446589   -1.6992406427015         84.12
  18     0.0000017079189   -1.6992405694889         84.09
  19     0.0000013650072   -1.6992405746165         83.19
  20     0.0000011297581   -1.6992404795792         84.09
 MICROCYCLE DIIS UPDATE:                   21
  21     0.0000004320121   -1.6992405415380         84.16
------------------------------------------------------------------
 Iterations converged
 CCSD correlation energy / hartree =        -1.699240541537983
 CCSD total energy / hartree       =     -3007.820649483193847

Time taken for spin-orbital canonical QED-CCSD: 1809.20 secs
