
ExaChem Git Information
{
 WARNING: Failed to retrieve the current git state.
}


TAMM Git Information
{
 Branch: main
 Commit Hash: e71357ad [e71357ad54f38748b4a7e175aa6760820d5ce96f]
 Commit Date: 2026-02-02 23:14:56 -0800
 Commit Message: add GitHub Actions workflow for releases
}


date: Mon Aug 10 01:17:37 2026
program: "/global/cfs/cdirs/m3196/heindelj/cavity_qed/software/install_gpu/bin/bin/ExaChem"
nnodes: 1, nproc_per_node: 4, nproc_total: 4, ngpus_per_node: 1, ngpus_total: 1

Memory information
{
[AMD EPYC 7763 64-Core Processor                ] : 
  CPU memory per node (GiB): 251
  Total CPU memory (GiB): 251
[NVIDIA A100-SXM4-80GB, CUDA v12.9] : 
  GPU memory per device (GiB): 79
  GPU memory per node (GiB): 79
  Total GPU memory (GiB): 79
}

------------------------------------------------------------

Input file provided: /global/cfs/cdirs/m4262/heindelj/cavity_qed/mlip/lambda_scans/grid_scans_optimized_geoms/runs_grid_no_freq/para_th81_ph306/para_th81_ph306_qed_ccsd_input.json

{
  "geometry": {
    "coordinates": [
      "C    -0.469794136800    1.225766104800    0.957238152400",
      "C     0.877700723800    1.225962641200    0.981457237700",
      "C     1.512905055600   -0.002116686400    0.732227031000",
      "H    -1.018465385500    2.140482993900    1.106098777700",
      "H     1.469688685500    2.109669295900    1.168982526000",
      "N     2.980341714700    0.014660336700    0.634434918100",
      "O     3.560658839700    0.435066514300    1.596889694900",
      "O     3.412198381500   -0.371213676800   -0.417183292100",
      "C    -0.484489076300   -1.237836571200    0.586472910200",
      "H    -1.041592415900   -2.157307848800    0.457096626300",
      "C     0.872418749100   -1.224534590600    0.554433341300",
      "H     1.447750348600   -2.117172691800    0.387404612000",
      "C    -1.252337557100    0.008722366600    0.685593524200",
      "H    -2.108906588000   -0.082886082000    1.353839357200",
      "Br   -1.992158022400    0.180258373300   -1.119545716900"
    ],
    "units": "angstrom",
    "noorient": true
  },
  "common": {
    "maxiter": 100,
    "debug": false
  },
  "basis": {
    "basisset": "6-311G*"
  },
  "SCF": {
    "charge": 1,
    "multiplicity": 1,
    "lshift": 0,
    "tol_lindep": 1e-10,
    "conve": 1e-07,
    "convd": 1e-05,
    "diis_hist": 10,
    "writem": 10,
    "restart": false,
    "noscf": false,
    "scf_type": "restricted",
    "debug": false,
    "qed_omegas": [
      0.06615
    ],
    "qed_volumes": [],
    "qed_lambdas": [
      0.1
    ],
    "qed_polvecs": [
      [
        0.580548640463047,
        -0.7990566526874578,
        0.15643446504023092
      ]
    ],
    "direct_df": false
  },
  "CD": {
    "debug": false,
    "diagtol": 1e-06
  },
  "CC": {
    "threshold": 1e-06,
    "ndiis": 5,
    "ccsd_maxiter": 200,
    "tilesize": 40,
    "freeze": {
      "atomic": true
    },
    "readt": false,
    "writet": true,
    "writet_iter": 5,
    "debug": false,
    "profile_ccsd": false,
    "balance_tiles": true
  },
  "TASK": {
    "scf": false,
    "ccsd": true
  }
}

Output folder & files prefix: para_th81_ph306_qed_ccsd_input.6-311g*

  C (carbon)
  ----------
          Exponent        Coefficients
      ----------------  --------------------
  1 S  4.56324000E+03      0.778202
  1 S  6.82024000E+02      1.448695
  1 S  1.54973000E+02      2.383089
  1 S  4.44553000E+01      3.200089
  1 S  1.30290000E+01      3.013004
  1 S  1.82773000E+00      0.247599

  2 S  2.09642000E+01      0.800629
  2 S  4.80331000E+00      2.127420
  2 S  1.45933000E+00     -0.002868

  3 P  2.09642000E+01      2.573592
  3 P  4.80331000E+00      2.408248
  3 P  1.45933000E+00      1.865281

  4 S  4.83456000E-01      0.413217

  5 P  4.83456000E-01      0.574627

  6 S  1.45585000E-01      0.167976

  7 P  1.45585000E-01      0.128185

  8 D  6.26000000E-01      0.725128


  H (hydrogen)
  ------------
          Exponent        Coefficients
      ----------------  --------------------
  1 S  3.38650000E+01      0.255069
  1 S  5.09479000E+00      0.460109
  1 S  1.15879000E+00      0.678321

  2 S  3.25840000E-01      0.307371

  3 S  1.02741000E-01      0.129336


  N (nitrogen)
  ------------
          Exponent        Coefficients
      ----------------  --------------------
  1 S  6.29348000E+03      0.991968
  1 S  9.49044000E+02      1.823240
  1 S  2.18776000E+02      2.979891
  1 S  6.36916000E+01      4.000007
  1 S  1.88282000E+01      3.881008
  1 S  2.72023000E+00      0.386764

  2 S  3.06331000E+01      1.038501
  2 S  7.02614000E+00      2.834794
  2 S  2.11205000E+00     -0.003208

  3 P  3.06331000E+01      3.935616
  3 P  7.02614000E+00      3.870994
  3 P  2.11205000E+00      2.967271

  4 S  6.84009000E-01      0.536051

  5 P  6.84009000E-01      0.886681

  6 S  2.00878000E-01      0.213850

  7 P  2.00878000E-01      0.191693

  8 D  9.13000000E-01      1.403568


  O (oxygen)
  ----------
          Exponent        Coefficients
      ----------------  --------------------
  1 S  8.58850000E+03      1.205013
  1 S  1.29723000E+03      2.216205
  1 S  2.99296000E+02      3.627452
  1 S  8.73771000E+01      4.888452
  1 S  2.56789000E+01      4.835721
  1 S  3.74004000E+00      0.538229

  2 S  4.21175000E+01      1.341958
  2 S  9.62837000E+00      3.587114
  2 S  2.85332000E+00     -0.005123

  3 P  4.21175000E+01      5.584018
  3 P  9.62837000E+00      5.733366
  3 P  2.85332000E+00      4.332955

  4 S  9.05661000E-01      0.661659

  5 P  9.05661000E-01      1.259352

  6 S  2.55611000E-01      0.256209

  7 P  2.55611000E-01      0.259068

  8 D  1.29200000E+00      2.577026


  Br (bromine)
  ------------
          Exponent        Coefficients
      ----------------  --------------------
  1 S  4.39700000E+05      9.893706
  1 S  6.60300000E+04     18.450679
  1 S  1.51400000E+04     31.049770
  1 S  4.31700000E+03     48.888138
  1 S  1.41400000E+03     64.847798
  1 S  5.23900000E+02     42.245010

  2 S  5.23900000E+02     14.290679
  2 S  2.07700000E+02     24.083128
  2 S  8.65400000E+01      5.132542

  3 S  3.05200000E+01      9.254405

  4 S  1.29800000E+01      4.873782

  5 S  4.41200000E+00      2.169635

  6 S  1.86200000E+00      1.136043

  7 S  3.93200000E-01      0.353892

  8 S  1.40000000E-01      0.163120

  9 P  2.95700000E+03    691.874478
  9 P  7.00300000E+02    925.332763
  9 P  2.24600000E+02   1068.830732

  10 P  8.25900000E+01    122.079275
  10 P  3.31900000E+01     57.580687
  10 P  1.42000000E+01     10.176170

  11 P  1.42000000E+01      3.129736
  11 P  7.43800000E+00      6.538168
  11 P  3.52600000E+00      4.166276

  12 P  1.59500000E+00      2.555000

  13 P  8.46200000E-01      1.156861

  14 P  3.18600000E-01      0.341191

  15 P  1.09600000E-01      0.089888

  16 D  1.34800000E+02    160.709187
  16 D  3.63900000E+01    119.797406
  16 D  1.21600000E+01     55.531619
  16 D  4.34100000E+00     12.984636

  17 D  1.53500000E+00      3.484168

  18 D  4.51000000E-01      0.408525



Printing Internal Coordinates

------------------------------------------------------------
                Bond Lengths

i      j        Length (Angstroms)     Length (Bohr)
0      1          1.3477125072         2.5468075351
0      3          1.0769896063         2.0352153964
0      12         1.4721957986         2.7820468630
1      2          1.4049124791         2.6548998164
1      4          1.0800707996         2.0410380078
2      5          1.4707872431         2.7793850788
2      10         1.3914520608         2.6294633122
5      6          1.1999285467         2.2675363239
5      7          1.2005414591         2.2686945605
8      9          1.0828341443         2.0462599726
8      10         1.3573512159         2.5650220547
8      12         1.4674213338         2.7730244323
10     11         1.0750385228         2.0315283829
12     13         1.0902546060         2.0602826128
12     14         1.9583887771         3.7008184368

Number of Bonds: 15

------------------------------------------------------------
           Bond Angles

i      j      k      Angle (degrees)
0      1      2        116.6630 
0      1      4        123.4529 
0      12     8        115.8862 
0      12     13       111.9615 
0      12     14       107.3658 
1      0      3        120.4482 
1      0      12       122.3371 
1      2      5        116.9315 
1      2      10       125.6261 
2      1      4        119.8807 
2      5      6        115.6702 
2      5      7        114.4233 
2      10     8        117.7584 
2      10     11       120.1970 
3      0      12       117.1830 
5      2      10       117.4373 
6      5      7        129.8842 
8      10     11       122.0412 
8      12     13       112.4037 
8      12     14       102.1117 
9      8      10       121.3201 
9      8      12       117.3993 
10     8      12       121.0886 
13     12     14       105.9933 

Number of Angles: 24

------------------------------------------------------------
              Torsional Angles

i      j      k      l      Angle (degrees)
3      0      1      2       -177.8617 
4      1      0      3          1.4766 
8      10     2      1          1.9042 
9      8      10     2       -179.8496 
10     2      1      0         -4.6190 
10     2      1      4        176.0177 
11     10     2      1       -178.7624 
11     10     8      9          0.8301 

Number of Torsional Angles: 8


----------------------------------------------------------------------
                          Center of Mass

         x               y               z              Unit
   0.02696933906   0.07625448399  -0.01596142839      Angstrom
   0.05096466461    0.1441000906  -0.03016272824          Bohr

----------------------------------------------------------------------
                Moment of Inertia Tensor

           1049.91           83.9088          -1003.87
           83.9088           3956.89           -44.605
          -1003.87           -44.605           3602.75

----------------------------------------------------------------------
                      Principal Moments of Inertia

           x                 y                 z                Unit
       196.3439503       1087.770741       1126.805026       amu * ang^2
       701.1569757       3884.499838       4023.893799      amu * bohr^2
  3.2603702252e-38  1.8062870439e-37  1.8711050427e-37          g * cm^2

 - Molecule is an asymmetric top.

----------------------------------------------------------------------

         Rotational constants (MHz)

    A = 2.5739e+03        B = 4.6460e+02        C = 4.4851e+02

----------------------------------------------------------------------

        Rotational constants (cm-1)

    A = 8.5858e-02        B = 1.5497e-02        C = 1.4961e-02

----------------------------------------------------------------------

                                Z-Matrix
C   
C        1       2.5468075
C        2       2.6548998     1       116.66303
H        3      6.30680340     2     22.48295203     1          1.5554
H        4      4.70379160     3     40.24409252     2          1.2764
N        5      4.98432103     4    125.25567857     3          3.7033
O        6      2.26753632     5     80.56951171     4       -137.5029
O        7      4.10928246     6     25.06472587     5       -134.8419
C        8      7.77836023     7     85.23071868     6        -13.0064
H        9      2.04625997     8    129.54644726     7       -131.9382
C       10      4.02781243     9     32.95817038     8         18.8995
H       11      2.03152838    10     96.32170331     9       -179.2920
C       12      6.51854751    11     19.25316387    10          6.9907
H       13      2.06028261    12    128.03765911    11       -121.5244
Br      14      4.70557323    13     49.11583023    12       -125.5105

----------------------------------------------------------------------

             Converted back to Cartesian

C        0.000000      0.000000      0.000000
C        0.000000      0.000000      2.546808
C        0.000000      0.094329     -0.106416
H       -0.000020     -0.172913      6.194723
H       -0.000000      0.083999      1.497953
N       -0.000252     -0.377884      6.460827
O        0.002260     -0.112466      4.208879
O       -0.002356     -0.624608      8.286120
C        0.007582      0.544834      0.596179
H        0.007735      0.157663      2.605477
C        0.005815      0.959399     -1.341736
H        0.012416      0.497053      0.636470
C       -0.012456      2.017603     -5.702202
H        0.006110      1.459964     -3.718908
Br      -0.042984      2.800888     -8.229111

----------------------------------------------------------------------
                       Geometry in bohr 

1     C      -0.8877822541    2.3163622325    1.8089179453
2     C       1.6586139885    2.3167336325    1.8546853835
3     C       2.8589762096   -0.0039999576    1.3837085506
4     H      -1.9246206473    4.0449266356    2.0902237581
5     H       2.7773091059    3.9866971855    2.2090568201
6     N       5.6320296024    0.0277040213    1.1989082399
7     O       6.7286700348    0.8221565586    3.0176841766
8     O       6.4481204283   -0.7014921833   -0.7883621664
9     C      -0.9155516652   -2.3391721082    1.1082731805
10    H      -1.9683244009   -4.0767210035    0.8637874368
11    C       1.6486325029   -2.3140350079    1.0477271701
12    H       2.7358516575   -4.0008765488    0.7320886166
13    C      -2.3665750001    0.0164828840    1.2955839944
14    H      -3.9852558764   -0.1566319946    2.5583856036
15    Br     -3.7646330619    0.3406389574   -2.1156347904

 Number of nodes, processes per node used for SCF calculation: 1, 4

Common Options
{
  maxiter       = 100
  basis         = 6-311g* spherical
  geom_units    = angstrom
  ang2au factor = 1.889726126
  debug         = false
  file_prefix   = para_th81_ph306_qed_ccsd_input
}

SCF Options
{
  charge            = 1
  multiplicity      = 1
  level shift       = 0
  tol_int           = 1e-22
  tol_sch           = 1e-12
  tol_lindep        = 1e-10
  conve             = 1e-07
  convd             = 1e-05
  diis_hist         = 10
  AO_tilesize       = 30
  writem            = 10
  damp              = 100
  n_lindep          = 0
  scf_type          = restricted
  cuscf             = false
  qed_omegas        = [0.06615,]
  qed_lambdas       = [0.1,]
  qed_polvecs       = [[0.5805486405,-0.7990566527,0.156434465,],]
  direct_df         = false
  restart_size      = 2000
  restart           = false
  debug             = false
}

Number of basis functions = 221

Total number of shells = 105

Total number of electrons = 98
  # of alpha electrons    = 49
  # of beta electons      = 49

Nuclear repulsion energy  = 744.293195810229

# of {all,non-negligible} shell-pairs = {5565,4909}
Number of AO tiles = 105

Time for initial setup: 0.01 secs
HF exch = 1.00

Time for computing 1-e integrals T, V, S: 0.01 secs
Time for computing orthogonalizer: 0.01 secs

Superposition of Atomic Density Guess ...
Time taken for SAD: 0.31 secs
Total Time to compute initial guess: 0.31 secs


 SCF iterations
-----------------------------------------------------------------------------
 Iter     Energy            E-Diff       RMSD        |[F,P]|^2       Time(s)
-----------------------------------------------------------------------------
   1  -3011.7761348242    -3.01e+03     1.66e-02     1.51e+03         0.6 
   2  -3005.7630885082     6.01e+00     6.74e-03     8.77e+00         2.1 
   3  -3006.0019951426    -2.39e-01     2.53e-03     3.30e+00         2.1 
   4  -3006.0955356069    -9.35e-02     1.16e-03     1.13e-01         2.1 
   5  -3006.1020461344    -6.51e-03     2.53e-04     1.19e-02         2.1 
   6  -3006.1026734663    -6.27e-04     1.65e-04     1.52e-03         2.1 
   7  -3006.1028233518    -1.50e-04     6.58e-05     2.01e-04         2.1 
   8  -3006.1028462805    -2.29e-05     1.60e-05     1.99e-05         2.1 
   9  -3006.1028486502    -2.37e-06     7.31e-06     4.44e-06         2.1 
  10  -3006.1028491842    -5.34e-07     4.43e-06     9.70e-07         2.2 
  11  -3006.1028493412    -1.57e-07     2.35e-06     2.19e-07         2.2 
  12  -3006.1028493813    -4.01e-08     1.27e-06     6.21e-08         2.2 

** Total SCF energy = -3006.1028493813374

Nuclear repulsion energy = 744.293195810229122
#electrons        = 98
1e energy kinetic = 3006.2168187993302126
1e energy N-e     = -8641.4429654800442222
1e energy         = -5631.1158585447956284
2e energy         = 1884.6355843249316422
QED energy        = 0.1945171642140888
QED eT energy     = 0.1751180410343120
QED eT energy from matrix = 0.1751180410343061

 Polarizability Matrix (QED energy = 0.5 * lambda.dot(matrix * lambda))
[42.25538069,  0.79496175,  1.50505789]
[ 0.79496175, 38.59662169,  2.05816912]
[ 1.50505789,  2.05816912, 40.73773414]

 Polarizability Matrix (QED eT energy = 0.5 * lambda.dot(matrix * lambda))
[38.80067066,  0.80459044,  1.77046176]
[ 0.80459044, 34.59609849,  2.48177617]
[ 1.77046176,  2.48177617, 36.87482982]


                      Electron        Nuclear        Total  
                  ------------------------------------------
    Monopole         -98.000000     99.000000      1.000000

      Dipole   X     -23.978018     22.689216     -1.288801
      Dipole   Y     -13.001101     12.833231     -0.167870
      Dipole   Z     -10.169591     11.626636      1.457045

  Quadrupole  XX   -1625.992589   1576.778419    -49.214170
  Quadrupole  XY      34.100312    -34.357313     -0.257001
  Quadrupole  XZ    -459.128125    458.455047     -0.673078
  Quadrupole  YY    -246.547556    207.674606    -38.872950
  Quadrupole  YZ     -30.309051     30.606880      0.297829
  Quadrupole  ZZ    -385.411790    337.405770    -48.006020

    Octupole XXX   -4198.768544   4035.064208   -163.704336
    Octupole XXY    -243.749958    237.127059     -6.622899
    Octupole XXZ    -318.277553    295.013996    -23.263557
    Octupole XYY    -144.692824    117.885109    -26.807715
    Octupole XYZ    -282.294131    277.348917     -4.945214
    Octupole XZZ     -56.808142     -1.854350    -58.662492
    Octupole YYY     -16.356087     -1.151727    -17.507814
    Octupole YYZ    -292.144002    288.086938     -4.057064
    Octupole YZZ    -203.423263    201.898368     -1.524895
    Octupole ZZZ    -130.013441     52.057583    -77.955858

writing orbitals and density to disk ... done.

Total Time taken for Hartree-Fock: 25.71 secs

CD Options
{
  debug             = false
  skip_cd           = [false, 100]
  write_cv          = [false, 5000]
  diagtol           = 1e-06
  itilesize         = 1000
  max_cvecs_factor  = 12
}

- #occupied, #virtual = 98, 344

- Tilesize for the MSO space: 40

-----------------------------------------------------
Begin 2-index transformation ... 

nAO, nMO, nelectrons = 221, 442, 98
n_occ_alpha, n_vir_alpha, n_occ_beta, n_vir_beta = 49,172,49,172

Time taken for Fao->Fmo transform: 0.00 secs

-----------------------------------------------------
Number of AO tiles = 105
# of {all,non-negligible} shell-pairs = {5565,4909}

    Begin Cholesky Decomposition
---------------------------------------------
Total # of mpi ranks used for Cholesky decomposition: 4
  --> Number of nodes, mpi ranks per node: 1, 4
- CPU memory required for computing cholesky vectors: 1.93 GiB

- Time for computing the diagonal: 0.01 secs

- Total number of cholesky vectors = 1636

- Time to compute cholesky vectors: 17.75 secs

- CPU memory required for resizing the ao cholesky tensor: 1.56 GiB
- CPU memory required for ao2mo transformation: 1.69 GiB
- CPU memory required for the 2-step contraction: 2.10 GiB

- Time for ao to mo transform: 1.59 secs

   End Cholesky Decomposition
---------------------------------------------

Total Time taken for Cholesky Decomposition: 21.43 secs

scf_type = restricted
Closed-Shell SCF
QED-HF Enabled
nbf = 203
nbf_orig = 221
n_lindep = 0
focc = 1
nmo = 406
nocc = 62
nvir = 344
n_occ_alpha = 31
n_vir_alpha = 172
n_occ_beta = 31
n_vir_beta = 172
nelectrons = 98
nelectrons_alpha = 49
nelectrons_beta = 49
freeze atomic = true
n_frozen_core = 18
n_frozen_virtual = 0
----------------------------
--------- QED-CCSD --------
lambda_x: 0.0581
lambda_y: -0.0799
lambda_z: 0.0156
omega: 0.066150
coupling_factor_x: 0.010558
coupling_factor_y: -0.014532
coupling_factor_z: 0.002845
----------------------------
# of {all,non-negligible} shell-pairs = {5565,4909}
Number of AO tiles = 105
----------------------------
Electronic dipole expectation value using SCF density: 
dipole_x_elec: -23.97794358
dipole_y_elec: -13.00125044
dipole_z_elec: -10.16953580

d_n/N value: d_n is nuclear dipole moment and N is the total number of electrons 
d_nuc_x: 0.23152262
d_nuc_y: 0.13095134
d_nuc_z: 0.11863914

<d_e+d_n> expectation values: 
dipole_total_x: -1.28872729
dipole_total_y: -0.16801945
dipole_total_z: 1.45709988
----------------------------


 CCSD iterations
------------------------------------------------------------
  Iter     Residuum          Correlation          Time(s)
------------------------------------------------------------
   1     1.1850991388384    0.0000000000000         84.94
   2     0.1679126039831   -1.6338140489328         84.71
   3     0.0687560454217   -1.6303781543542         84.41
   4     0.0264420232621   -1.6978474699494         84.57
   5     0.0230686669824   -1.6902487234400         84.42
 MICROCYCLE DIIS UPDATE:                    6
   6     0.0087442335531   -1.7020031722214         83.27
   7     0.0059239190852   -1.7015929533674         82.47
   8     0.0039907749777   -1.7033115644107         82.47
   9     0.0030573947147   -1.7035314549684         83.31
  10     0.0030432507388   -1.7039692354826         83.22
 MICROCYCLE DIIS UPDATE:                   11
  11     0.0009023144581   -1.7046717435633         83.43
  12     0.0006611072882   -1.7046725503187         83.64
  13     0.0005772541983   -1.7047145165199         83.81
  14     0.0005362206422   -1.7046813577825         83.65
  15     0.0005615626817   -1.7047129555828         83.09
 MICROCYCLE DIIS UPDATE:                   16
  16     0.0001678786968   -1.7046960886825         83.25
  17     0.0001117124534   -1.7047160055939         83.93
  18     0.0000970959372   -1.7047310047298         83.14
  19     0.0000955918386   -1.7047418316243         83.04
  20     0.0001178711634   -1.7047431195113         83.03
 MICROCYCLE DIIS UPDATE:                   21
  21     0.0000338666900   -1.7047610616171         83.60
  22     0.0000257538732   -1.7047554218369         83.69
  23     0.0000211753457   -1.7047557362070         83.48
  24     0.0000191036162   -1.7047536658724         83.29
  25     0.0000185028694   -1.7047546479154         83.05
 MICROCYCLE DIIS UPDATE:                   26
  26     0.0000075973711   -1.7047522098994         82.43
  27     0.0000050370181   -1.7047534572095         83.82
  28     0.0000042812103   -1.7047539633017         82.36
  29     0.0000041371760   -1.7047545597976         82.56
  30     0.0000049475397   -1.7047545517883         82.95
 MICROCYCLE DIIS UPDATE:                   31
  31     0.0000015350441   -1.7047554087625         83.78
  32     0.0000011451796   -1.7047551202107         83.28
  33     0.0000009273810   -1.7047551189617         83.26
------------------------------------------------------------------
 Iterations converged
 CCSD correlation energy / hartree =        -1.704755118961681
 CCSD total energy / hartree       =     -3007.807604500299021

Time taken for spin-orbital canonical QED-CCSD: 2822.37 secs
