
ExaChem Git Information
{
 WARNING: Failed to retrieve the current git state.
}


TAMM Git Information
{
 Branch: main
 Commit Hash: e71357ad [e71357ad54f38748b4a7e175aa6760820d5ce96f]
 Commit Date: 2026-02-02 23:14:56 -0800
 Commit Message: add GitHub Actions workflow for releases
}


date: Mon Aug 10 03:01:10 2026
program: "/global/cfs/cdirs/m3196/heindelj/cavity_qed/software/install_gpu/bin/bin/ExaChem"
nnodes: 1, nproc_per_node: 4, nproc_total: 4, ngpus_per_node: 1, ngpus_total: 1

Memory information
{
[AMD EPYC 7763 64-Core Processor                ] : 
  CPU memory per node (GiB): 251
  Total CPU memory (GiB): 251
[NVIDIA A100-SXM4-80GB, CUDA v12.9] : 
  GPU memory per device (GiB): 79
  GPU memory per node (GiB): 79
  Total GPU memory (GiB): 79
}

------------------------------------------------------------

Input file provided: /global/cfs/cdirs/m4262/heindelj/cavity_qed/mlip/lambda_scans/grid_scans_optimized_geoms/runs_grid_no_freq/ortho_th72_ph126/ortho_th72_ph126_qed_ccsd_input.json

{
  "geometry": {
    "coordinates": [
      "C    -1.764319838200    1.911570125600    0.753571011100",
      "C    -0.359408676400    1.970433120800    0.738060696300",
      "C     0.303068667800    0.804688031900    0.717719638900",
      "C    -2.495545291500    0.725995233500    0.787163516500",
      "H    -2.301079813200    2.846106228800    0.756573056600",
      "H     0.172392260600    2.910201340400    0.765141892700",
      "H    -3.572386479700    0.743267945500    0.833621774600",
      "N     1.769369481300    0.805869387800    0.820436462800",
      "O     2.182538274400    0.178169783800    1.761774892200",
      "O     2.375838338800    1.451128546500    0.012610960000",
      "C    -1.830203304300   -0.456839464400    0.739379071900",
      "H    -2.364505184700   -1.398461370900    0.716430608500",
      "C    -0.366289854300   -0.497059816200    0.574174530300",
      "H     0.119780031900   -1.280530898200    1.146992481700",
      "Br   -0.222749509300   -0.930061450300   -1.333922611300"
    ],
    "units": "angstrom",
    "noorient": true
  },
  "common": {
    "maxiter": 100,
    "debug": false
  },
  "basis": {
    "basisset": "6-311G*"
  },
  "SCF": {
    "charge": 1,
    "multiplicity": 1,
    "lshift": 0,
    "tol_lindep": 1e-10,
    "conve": 1e-07,
    "convd": 1e-05,
    "diis_hist": 10,
    "writem": 10,
    "restart": false,
    "noscf": false,
    "scf_type": "restricted",
    "debug": false,
    "qed_omegas": [
      0.06615
    ],
    "qed_volumes": [],
    "qed_lambdas": [
      0.1
    ],
    "qed_polvecs": [
      [
        -0.5590169943749475,
        0.7694208842938135,
        0.3090169943749475
      ]
    ],
    "direct_df": false
  },
  "CD": {
    "debug": false,
    "diagtol": 1e-06
  },
  "CC": {
    "threshold": 1e-06,
    "ndiis": 5,
    "ccsd_maxiter": 200,
    "tilesize": 40,
    "freeze": {
      "atomic": true
    },
    "readt": false,
    "writet": true,
    "writet_iter": 5,
    "debug": false,
    "profile_ccsd": false,
    "balance_tiles": true
  },
  "TASK": {
    "scf": false,
    "ccsd": true
  }
}

Output folder & files prefix: ortho_th72_ph126_qed_ccsd_input.6-311g*

  C (carbon)
  ----------
          Exponent        Coefficients
      ----------------  --------------------
  1 S  4.56324000E+03      0.778202
  1 S  6.82024000E+02      1.448695
  1 S  1.54973000E+02      2.383089
  1 S  4.44553000E+01      3.200089
  1 S  1.30290000E+01      3.013004
  1 S  1.82773000E+00      0.247599

  2 S  2.09642000E+01      0.800629
  2 S  4.80331000E+00      2.127420
  2 S  1.45933000E+00     -0.002868

  3 P  2.09642000E+01      2.573592
  3 P  4.80331000E+00      2.408248
  3 P  1.45933000E+00      1.865281

  4 S  4.83456000E-01      0.413217

  5 P  4.83456000E-01      0.574627

  6 S  1.45585000E-01      0.167976

  7 P  1.45585000E-01      0.128185

  8 D  6.26000000E-01      0.725128


  H (hydrogen)
  ------------
          Exponent        Coefficients
      ----------------  --------------------
  1 S  3.38650000E+01      0.255069
  1 S  5.09479000E+00      0.460109
  1 S  1.15879000E+00      0.678321

  2 S  3.25840000E-01      0.307371

  3 S  1.02741000E-01      0.129336


  N (nitrogen)
  ------------
          Exponent        Coefficients
      ----------------  --------------------
  1 S  6.29348000E+03      0.991968
  1 S  9.49044000E+02      1.823240
  1 S  2.18776000E+02      2.979891
  1 S  6.36916000E+01      4.000007
  1 S  1.88282000E+01      3.881008
  1 S  2.72023000E+00      0.386764

  2 S  3.06331000E+01      1.038501
  2 S  7.02614000E+00      2.834794
  2 S  2.11205000E+00     -0.003208

  3 P  3.06331000E+01      3.935616
  3 P  7.02614000E+00      3.870994
  3 P  2.11205000E+00      2.967271

  4 S  6.84009000E-01      0.536051

  5 P  6.84009000E-01      0.886681

  6 S  2.00878000E-01      0.213850

  7 P  2.00878000E-01      0.191693

  8 D  9.13000000E-01      1.403568


  O (oxygen)
  ----------
          Exponent        Coefficients
      ----------------  --------------------
  1 S  8.58850000E+03      1.205013
  1 S  1.29723000E+03      2.216205
  1 S  2.99296000E+02      3.627452
  1 S  8.73771000E+01      4.888452
  1 S  2.56789000E+01      4.835721
  1 S  3.74004000E+00      0.538229

  2 S  4.21175000E+01      1.341958
  2 S  9.62837000E+00      3.587114
  2 S  2.85332000E+00     -0.005123

  3 P  4.21175000E+01      5.584018
  3 P  9.62837000E+00      5.733366
  3 P  2.85332000E+00      4.332955

  4 S  9.05661000E-01      0.661659

  5 P  9.05661000E-01      1.259352

  6 S  2.55611000E-01      0.256209

  7 P  2.55611000E-01      0.259068

  8 D  1.29200000E+00      2.577026


  Br (bromine)
  ------------
          Exponent        Coefficients
      ----------------  --------------------
  1 S  4.39700000E+05      9.893706
  1 S  6.60300000E+04     18.450679
  1 S  1.51400000E+04     31.049770
  1 S  4.31700000E+03     48.888138
  1 S  1.41400000E+03     64.847798
  1 S  5.23900000E+02     42.245010

  2 S  5.23900000E+02     14.290679
  2 S  2.07700000E+02     24.083128
  2 S  8.65400000E+01      5.132542

  3 S  3.05200000E+01      9.254405

  4 S  1.29800000E+01      4.873782

  5 S  4.41200000E+00      2.169635

  6 S  1.86200000E+00      1.136043

  7 S  3.93200000E-01      0.353892

  8 S  1.40000000E-01      0.163120

  9 P  2.95700000E+03    691.874478
  9 P  7.00300000E+02    925.332763
  9 P  2.24600000E+02   1068.830732

  10 P  8.25900000E+01    122.079275
  10 P  3.31900000E+01     57.580687
  10 P  1.42000000E+01     10.176170

  11 P  1.42000000E+01      3.129736
  11 P  7.43800000E+00      6.538168
  11 P  3.52600000E+00      4.166276

  12 P  1.59500000E+00      2.555000

  13 P  8.46200000E-01      1.156861

  14 P  3.18600000E-01      0.341191

  15 P  1.09600000E-01      0.089888

  16 D  1.34800000E+02    160.709187
  16 D  3.63900000E+01    119.797406
  16 D  1.21600000E+01     55.531619
  16 D  4.34100000E+00     12.984636

  17 D  1.53500000E+00      3.484168

  18 D  4.51000000E-01      0.408525



Printing Internal Coordinates

------------------------------------------------------------
                Bond Lengths

i      j        Length (Angstroms)     Length (Bohr)
0      1          1.4062292824         2.6573882139
0      3          1.3933437999         2.6330381811
0      4          1.0777188925         2.0365935475
1      2          1.3409890389         2.5341020214
1      5          1.0801434786         2.0411753512
2      7          1.4698946279         2.7776982807
2      12         1.4707798915         2.7793711865
3      6          1.0779812897         2.0370894064
3      10         1.3579621628         2.5661765771
7      8          1.2045054102         2.2761853424
7      9          1.1986433581         2.2651076695
10     11         1.0828928600         2.0463709290
10     12         1.4737546629         2.7849926896
12     13         1.0854544099         2.0512115569
12     14         1.9618687386         3.7073946110

Number of Bonds: 15

------------------------------------------------------------
           Bond Angles

i      j      k      Angle (degrees)
0      1      2        117.2154 
0      1      5        121.8720 
0      3      6        120.7737 
0      3      10       118.8930 
1      0      3        124.0689 
1      0      4        117.4722 
1      2      7        119.4099 
1      2      12       123.0970 
2      1      5        120.8968 
2      7      8        113.3517 
2      7      9        117.2622 
2      12     10       114.6435 
2      12     13       112.5529 
2      12     14       104.8903 
3      0      4        118.4502 
3      10     11       121.0913 
3      10     12       120.9574 
6      3      10       120.3255 
7      2      12       117.4854 
8      7      9        129.3223 
10     12     13       113.9134 
10     12     14       100.8201 
11     10     12       117.6456 
13     12     14       108.7348 

Number of Angles: 24

------------------------------------------------------------
              Torsional Angles

i      j      k      l      Angle (degrees)
3      0      1      2          1.8927 
4      0      1      2       -179.1989 
5      1      0      3       -176.6746 
5      1      0      4          2.2338 
6      3      0      1        177.7763 
6      3      0      4         -1.1221 
10     3      0      1         -3.2388 
10     3      0      4        177.8628 
11     10     3      0       -177.1047 
11     10     3      6          1.8849 

Number of Torsional Angles: 10


----------------------------------------------------------------------
                          Center of Mass

         x               y               z              Unit
   -0.0309156606    0.1003889868  -0.05301867789      Angstrom
  -0.05842213154    0.1897076911   -0.1001907808          Bohr

----------------------------------------------------------------------
                Moment of Inertia Tensor

           1725.36           -133.41          -145.229
           -133.41           2272.65           -565.64
          -145.229           -565.64           2270.34

----------------------------------------------------------------------
                      Principal Moments of Inertia

           x                 y                 z                Unit
       425.1686956       535.6511493       794.4962197       amu * ang^2
       1518.304976       1912.844981       2837.197508      amu * bohr^2
  7.0600971084e-38  8.8947026654e-38  1.3192929115e-37          g * cm^2

 - Molecule is an asymmetric top.

----------------------------------------------------------------------

         Rotational constants (MHz)

    A = 1.1887e+03        B = 9.4349e+02        C = 6.3610e+02

----------------------------------------------------------------------

        Rotational constants (cm-1)

    A = 3.9649e-02        B = 3.1471e-02        C = 2.1218e-02

----------------------------------------------------------------------

                                Z-Matrix
C   
C        1       2.6573882
C        2        2.534102     1       117.21541
C        3      5.29233148     2     61.99011876     1         -0.8834
H        4      4.02366282     3     83.13087731     2          0.8869
H        5      4.67578190     4     96.72151061     3         -1.6289
H        6      8.17700406     5     28.59200973     4         -1.4071
N        7     10.09517972     6     29.39307386     5        179.2428
O        8      2.27618534     7    109.57005508     6        125.4663
O        9      4.10438917     8     25.27268125     7       -175.0216
C       10      8.83521643     9     63.61333377     8        -10.2653
H       11      2.04637093    10    142.69548325     9        -70.3050
C       12      4.15121952    11     36.46228253    10          8.6076
H       13      2.05121156    12     94.41519856    11        140.5306
Br      14      4.77883866    13     47.28092502    12         93.8682

----------------------------------------------------------------------

             Converted back to Cartesian

C        0.000000      0.000000      0.000000
C        0.000000      0.000000      2.657388
C        0.000000      0.090463      0.124901
C        0.000027     -0.198297      5.409349
H       -0.000048      0.122901      1.398527
H        0.000182     -0.387495      6.046369
H       -0.000264      0.575843     -2.073691
N       -0.004592     -0.703056      7.940152
O       -0.002419     -0.339524      5.693185
O       -0.005151     -1.026192      9.739726
C       -0.005165      0.620354      1.059292
H       -0.000197      0.152120      3.051368
C       -0.012968      1.146714     -0.978923
H       -0.005740      0.598206      0.997578
Br      -0.025611      1.942220     -3.588328

----------------------------------------------------------------------
                       Geometry in bohr 

1     C      -3.3340812927    3.6123440079    1.4240428274
2     C      -0.6791839657    3.7235789477    1.3947325803
3     C       0.5727167795    1.5206399971    1.3562935527
4     C      -4.7158971357    1.3719321600    1.4875234625
5     H      -4.3484106408    5.3783612977    1.4297158712
6     H       0.3257741588    5.4994835046    1.4459086247
7     H      -6.7508320625    1.4045728552    1.5753168466
8     N       3.3436237352    1.5228724362    1.5504002184
9     O       4.1243995979    0.3366920953    3.3292720418
10    O       4.4896837798    2.7422355264    0.0238312606
11    C      -3.4585829999   -0.8633014712    1.3972239491
12    H      -4.4682672224   -2.6427089887    1.3538576383
13    C      -0.6921875073   -0.9393069208    1.0850326107
14    H       0.2263514556   -2.4198526934    2.1675016589
15    Br     -0.4209355673   -1.7575614213   -2.5207484085

 Number of nodes, processes per node used for SCF calculation: 1, 4

Common Options
{
  maxiter       = 100
  basis         = 6-311g* spherical
  geom_units    = angstrom
  ang2au factor = 1.889726126
  debug         = false
  file_prefix   = ortho_th72_ph126_qed_ccsd_input
}

SCF Options
{
  charge            = 1
  multiplicity      = 1
  level shift       = 0
  tol_int           = 1e-22
  tol_sch           = 1e-12
  tol_lindep        = 1e-10
  conve             = 1e-07
  convd             = 1e-05
  diis_hist         = 10
  AO_tilesize       = 30
  writem            = 10
  damp              = 100
  n_lindep          = 0
  scf_type          = restricted
  cuscf             = false
  qed_omegas        = [0.06615,]
  qed_lambdas       = [0.1,]
  qed_polvecs       = [[-0.5590169944,0.7694208843,0.3090169944,],]
  direct_df         = false
  restart_size      = 2000
  restart           = false
  debug             = false
}

Number of basis functions = 221

Total number of shells = 105

Total number of electrons = 98
  # of alpha electrons    = 49
  # of beta electons      = 49

Nuclear repulsion energy  = 782.490775403075

# of {all,non-negligible} shell-pairs = {5565,4991}
Number of AO tiles = 105

Time for initial setup: 0.01 secs
HF exch = 1.00

Time for computing 1-e integrals T, V, S: 0.01 secs
Time for computing orthogonalizer: 0.01 secs

Superposition of Atomic Density Guess ...
Time taken for SAD: 0.39 secs
Total Time to compute initial guess: 0.39 secs


 SCF iterations
-----------------------------------------------------------------------------
 Iter     Energy            E-Diff       RMSD        |[F,P]|^2       Time(s)
-----------------------------------------------------------------------------
   1  -3011.9502481750    -3.01e+03     1.67e-02     1.51e+03         0.7 
   2  -3005.7622287223     6.19e+00     6.82e-03     8.12e+00         2.2 
   3  -3005.9676945233    -2.05e-01     2.92e-03     4.03e+00         2.2 
   4  -3006.0835657020    -1.16e-01     1.26e-03     1.73e-01         2.2 
   5  -3006.0930811908    -9.52e-03     3.14e-04     1.35e-02         2.2 
   6  -3006.0939247957    -8.44e-04     1.84e-04     2.40e-03         2.3 
   7  -3006.0942050564    -2.80e-04     9.69e-05     9.17e-04         2.3 
   8  -3006.0943001185    -9.51e-05     6.48e-05     2.52e-04         2.2 
   9  -3006.0943343492    -3.42e-05     3.56e-05     4.28e-05         2.2 
  10  -3006.0943422898    -7.94e-06     1.41e-05     8.96e-06         2.2 
  11  -3006.0943436295    -1.34e-06     7.67e-06     1.93e-06         2.3 
  12  -3006.0943440290    -3.99e-07     4.62e-06     6.15e-07         2.3 
  13  -3006.0943441536    -1.25e-07     2.54e-06     1.33e-07         2.3 
  14  -3006.0943441828    -2.91e-08     7.86e-07     2.18e-08         2.3 

** Total SCF energy = -3006.0943441827685

Nuclear repulsion energy = 782.490775403074963
#electrons        = 98
1e energy kinetic = 3006.2311631379525352
1e energy N-e     = -8717.9174476052103273
1e energy         = -5708.5621860446399296
2e energy         = 1922.8994380227622969
QED energy        = 0.2017268586515173
QED eT energy     = 0.1831160016760370
QED eT energy from matrix = 0.1831160016760369

 Polarizability Matrix (QED energy = 0.5 * lambda.dot(matrix * lambda))
[40.01909084, -0.01815696, -0.56975550]
[-0.01815696, 41.26565979, -1.27739414]
[-0.56975550, -1.27739414, 39.84392848]

 Polarizability Matrix (QED eT energy = 0.5 * lambda.dot(matrix * lambda))
[36.33516270, -0.04317423, -0.67997304]
[-0.04317423, 37.69122640, -1.54377894]
[-0.67997304, -1.54377894, 35.78309122]


                      Electron        Nuclear        Total  
                  ------------------------------------------
    Monopole         -98.000000     99.000000      1.000000

      Dipole   X       7.841508    -11.273393     -3.431885
      Dipole   Y     -30.426578     31.552055      1.125477
      Dipole   Z      -5.180165      6.292828      1.112663

  Quadrupole  XX    -787.169216    745.924913    -41.244303
  Quadrupole  XY     -57.110477     52.108125     -5.002352
  Quadrupole  XZ     -62.630716     57.090634     -5.540082
  Quadrupole  YY    -492.042820    455.816209    -36.226610
  Quadrupole  YZ    -259.665836    263.403797      3.737961
  Quadrupole  ZZ    -455.973344    407.976337    -47.997007

    Octupole XXX     -28.337856    -37.342341    -65.680197
    Octupole XXY   -1100.157076   1082.348782    -17.808294
    Octupole XXZ   -1099.179194   1092.129656     -7.049538
    Octupole XYY     232.274272   -258.508648    -26.234376
    Octupole XYZ     145.517176   -147.124672     -1.607496
    Octupole XZZ    -145.463899    146.115564      0.651665
    Octupole YYY    -947.032490    912.377565    -34.654925
    Octupole YYZ    -139.416400    142.562842      3.146442
    Octupole YZZ     185.163263   -219.954567    -34.791304
    Octupole ZZZ      41.173828   -124.428149    -83.254321

writing orbitals and density to disk ... done.

Total Time taken for Hartree-Fock: 31.62 secs

CD Options
{
  debug             = false
  skip_cd           = [false, 100]
  write_cv          = [false, 5000]
  diagtol           = 1e-06
  itilesize         = 1000
  max_cvecs_factor  = 12
}

- #occupied, #virtual = 98, 344

- Tilesize for the MSO space: 40

-----------------------------------------------------
Begin 2-index transformation ... 

nAO, nMO, nelectrons = 221, 442, 98
n_occ_alpha, n_vir_alpha, n_occ_beta, n_vir_beta = 49,172,49,172

Time taken for Fao->Fmo transform: 0.00 secs

-----------------------------------------------------
Number of AO tiles = 105
# of {all,non-negligible} shell-pairs = {5565,4991}

    Begin Cholesky Decomposition
---------------------------------------------
Total # of mpi ranks used for Cholesky decomposition: 4
  --> Number of nodes, mpi ranks per node: 1, 4
- CPU memory required for computing cholesky vectors: 1.93 GiB

- Time for computing the diagonal: 0.01 secs

- Total number of cholesky vectors = 1640

- Time to compute cholesky vectors: 18.05 secs

- CPU memory required for resizing the ao cholesky tensor: 1.56 GiB
- CPU memory required for ao2mo transformation: 1.69 GiB
- CPU memory required for the 2-step contraction: 2.10 GiB

- Time for ao to mo transform: 1.59 secs

   End Cholesky Decomposition
---------------------------------------------

Total Time taken for Cholesky Decomposition: 21.85 secs

scf_type = restricted
Closed-Shell SCF
QED-HF Enabled
nbf = 203
nbf_orig = 221
n_lindep = 0
focc = 1
nmo = 406
nocc = 62
nvir = 344
n_occ_alpha = 31
n_vir_alpha = 172
n_occ_beta = 31
n_vir_beta = 172
nelectrons = 98
nelectrons_alpha = 49
nelectrons_beta = 49
freeze atomic = true
n_frozen_core = 18
n_frozen_virtual = 0
----------------------------
--------- QED-CCSD --------
lambda_x: -0.0559
lambda_y: 0.0769
lambda_z: 0.0309
omega: 0.066150
coupling_factor_x: -0.010167
coupling_factor_y: 0.013993
coupling_factor_z: 0.005620
----------------------------
# of {all,non-negligible} shell-pairs = {5565,4991}
Number of AO tiles = 105
----------------------------
Electronic dipole expectation value using SCF density: 
dipole_x_elec: 7.84140453
dipole_y_elec: -30.42671133
dipole_z_elec: -5.18017974

d_n/N value: d_n is nuclear dipole moment and N is the total number of electrons 
d_nuc_x: -0.11503462
d_nuc_y: 0.32195974
d_nuc_z: 0.06421253

<d_e+d_n> expectation values: 
dipole_total_x: -3.43198820
dipole_total_y: 1.12534325
dipole_total_z: 1.11264845
----------------------------


 CCSD iterations
------------------------------------------------------------
  Iter     Residuum          Correlation          Time(s)
------------------------------------------------------------
   1     1.1859849253265    0.0000000000000         87.39
   2     0.1776821213550   -1.6629230515393         86.35
   3     0.0766191422657   -1.6265453958264         86.29
   4     0.0298645378787   -1.7075473184654         86.44
   5     0.0272383791605   -1.6934488151304         86.77
 MICROCYCLE DIIS UPDATE:                    6
   6     0.0096922974715   -1.7070827790792         85.50
   7     0.0060165003662   -1.7065686526671         85.49
   8     0.0044958072187   -1.7084640607803         85.17
   9     0.0034811214294   -1.7085605627460         85.13
  10     0.0040996910944   -1.7090601203101         85.33
 MICROCYCLE DIIS UPDATE:                   11
  11     0.0009104903789   -1.7096365671913         84.79
  12     0.0007450746733   -1.7097484220381         84.89
  13     0.0004850700266   -1.7097318955278         84.98
  14     0.0005076985754   -1.7097163505757         85.33
  15     0.0003331321470   -1.7097429249801         85.84
 MICROCYCLE DIIS UPDATE:                   16
  16     0.0001335556768   -1.7097140522065         84.84
  17     0.0000880010151   -1.7097606167578         84.71
  18     0.0000841357041   -1.7097717766315         84.98
  19     0.0000704666461   -1.7097811047491         86.12
  20     0.0000846185157   -1.7097816219357         85.43
 MICROCYCLE DIIS UPDATE:                   21
  21     0.0000224356800   -1.7097924545794         85.49
  22     0.0000185388531   -1.7097916543399         86.25
  23     0.0000132173782   -1.7097911645117         86.62
  24     0.0000134921189   -1.7097902928839         86.54
  25     0.0000111657072   -1.7097908819348         86.74
 MICROCYCLE DIIS UPDATE:                   26
  26     0.0000040512992   -1.7097893091280         86.47
  27     0.0000021554431   -1.7097906486991         86.63
  28     0.0000018927069   -1.7097908989706         86.66
  29     0.0000014265497   -1.7097912511961         86.62
  30     0.0000016499476   -1.7097912604158         86.65
 MICROCYCLE DIIS UPDATE:                   31
  31     0.0000006182371   -1.7097915897625         86.83
------------------------------------------------------------------
 Iterations converged
 CCSD correlation energy / hartree =        -1.709791589762548
 CCSD total energy / hartree       =     -3007.804135772531026

Time taken for spin-orbital canonical QED-CCSD: 2729.93 secs
