
ExaChem Git Information
{
 WARNING: Failed to retrieve the current git state.
}


TAMM Git Information
{
 Branch: main
 Commit Hash: e71357ad [e71357ad54f38748b4a7e175aa6760820d5ce96f]
 Commit Date: 2026-02-02 23:14:56 -0800
 Commit Message: add GitHub Actions workflow for releases
}


date: Thu Aug  6 09:32:47 2026
program: "/global/cfs/cdirs/m3196/heindelj/cavity_qed/software/install_gpu/bin/bin/ExaChem"
nnodes: 1, nproc_per_node: 4, nproc_total: 4, ngpus_per_node: 1, ngpus_total: 1

Memory information
{
[AMD EPYC 7763 64-Core Processor                ] : 
  CPU memory per node (GiB): 251
  Total CPU memory (GiB): 251
[NVIDIA A100-SXM4-40GB, CUDA v12.9] : 
  GPU memory per device (GiB): 39
  GPU memory per node (GiB): 39
  Total GPU memory (GiB): 39
}

------------------------------------------------------------

Input file provided: /global/cfs/cdirs/m4262/heindelj/cavity_qed/mlip/lambda_scans/grid_scans_optimized_geoms/runs_grid_no_freq/para_th54_ph54/para_th54_ph54_qed_ccsd_input.json

{
  "geometry": {
    "coordinates": [
      "C    -0.505184026500    1.222090591900    0.846725956000",
      "C     0.851547667000    1.235209693400    0.804353162400",
      "C     1.507547745400    0.010804077700    0.728513930300",
      "H    -1.073414343000    2.140996406300    0.910760606800",
      "H     1.418406981800    2.149517538600    0.822816963800",
      "N     2.984253100400    0.046872146300    0.648269981900",
      "O     3.563075876100   -0.771095864400    1.309565637400",
      "O     3.430919412200    0.884259516000   -0.088486436800",
      "C    -0.460602171700   -1.264305480800    0.704813373100",
      "H    -0.997451082700   -2.198994183800    0.670769300400",
      "C     0.890536811900   -1.248110570500    0.720629528500",
      "H     1.494810243800   -2.143110393000    0.727672044400",
      "C    -1.257094732300   -0.026348534200    0.673545778000",
      "H    -2.130256602300   -0.089310341700    1.324283923600",
      "Br   -1.951175637700    0.199045876200   -1.138794140800"
    ],
    "units": "angstrom",
    "noorient": true
  },
  "common": {
    "maxiter": 100,
    "debug": false
  },
  "basis": {
    "basisset": "6-311G*"
  },
  "SCF": {
    "charge": 1,
    "multiplicity": 1,
    "lshift": 0,
    "tol_lindep": 1e-10,
    "conve": 1e-07,
    "convd": 1e-05,
    "diis_hist": 10,
    "writem": 10,
    "restart": false,
    "noscf": false,
    "scf_type": "restricted",
    "debug": false,
    "qed_omegas": [
      0.06615
    ],
    "qed_volumes": [],
    "qed_lambdas": [
      0.1
    ],
    "qed_polvecs": [
      [
        0.4755282581475768,
        0.6545084971874737,
        0.5877852522924731
      ]
    ],
    "direct_df": false
  },
  "CD": {
    "debug": false,
    "diagtol": 1e-06
  },
  "CC": {
    "threshold": 1e-06,
    "ndiis": 5,
    "ccsd_maxiter": 200,
    "tilesize": 40,
    "freeze": {
      "atomic": true
    },
    "readt": false,
    "writet": true,
    "writet_iter": 5,
    "debug": false,
    "profile_ccsd": false,
    "balance_tiles": true
  },
  "TASK": {
    "scf": false,
    "ccsd": true
  }
}

Output folder & files prefix: para_th54_ph54_qed_ccsd_input.6-311g*

  C (carbon)
  ----------
          Exponent        Coefficients
      ----------------  --------------------
  1 S  4.56324000E+03      0.778202
  1 S  6.82024000E+02      1.448695
  1 S  1.54973000E+02      2.383089
  1 S  4.44553000E+01      3.200089
  1 S  1.30290000E+01      3.013004
  1 S  1.82773000E+00      0.247599

  2 S  2.09642000E+01      0.800629
  2 S  4.80331000E+00      2.127420
  2 S  1.45933000E+00     -0.002868

  3 P  2.09642000E+01      2.573592
  3 P  4.80331000E+00      2.408248
  3 P  1.45933000E+00      1.865281

  4 S  4.83456000E-01      0.413217

  5 P  4.83456000E-01      0.574627

  6 S  1.45585000E-01      0.167976

  7 P  1.45585000E-01      0.128185

  8 D  6.26000000E-01      0.725128


  H (hydrogen)
  ------------
          Exponent        Coefficients
      ----------------  --------------------
  1 S  3.38650000E+01      0.255069
  1 S  5.09479000E+00      0.460109
  1 S  1.15879000E+00      0.678321

  2 S  3.25840000E-01      0.307371

  3 S  1.02741000E-01      0.129336


  N (nitrogen)
  ------------
          Exponent        Coefficients
      ----------------  --------------------
  1 S  6.29348000E+03      0.991968
  1 S  9.49044000E+02      1.823240
  1 S  2.18776000E+02      2.979891
  1 S  6.36916000E+01      4.000007
  1 S  1.88282000E+01      3.881008
  1 S  2.72023000E+00      0.386764

  2 S  3.06331000E+01      1.038501
  2 S  7.02614000E+00      2.834794
  2 S  2.11205000E+00     -0.003208

  3 P  3.06331000E+01      3.935616
  3 P  7.02614000E+00      3.870994
  3 P  2.11205000E+00      2.967271

  4 S  6.84009000E-01      0.536051

  5 P  6.84009000E-01      0.886681

  6 S  2.00878000E-01      0.213850

  7 P  2.00878000E-01      0.191693

  8 D  9.13000000E-01      1.403568


  O (oxygen)
  ----------
          Exponent        Coefficients
      ----------------  --------------------
  1 S  8.58850000E+03      1.205013
  1 S  1.29723000E+03      2.216205
  1 S  2.99296000E+02      3.627452
  1 S  8.73771000E+01      4.888452
  1 S  2.56789000E+01      4.835721
  1 S  3.74004000E+00      0.538229

  2 S  4.21175000E+01      1.341958
  2 S  9.62837000E+00      3.587114
  2 S  2.85332000E+00     -0.005123

  3 P  4.21175000E+01      5.584018
  3 P  9.62837000E+00      5.733366
  3 P  2.85332000E+00      4.332955

  4 S  9.05661000E-01      0.661659

  5 P  9.05661000E-01      1.259352

  6 S  2.55611000E-01      0.256209

  7 P  2.55611000E-01      0.259068

  8 D  1.29200000E+00      2.577026


  Br (bromine)
  ------------
          Exponent        Coefficients
      ----------------  --------------------
  1 S  4.39700000E+05      9.893706
  1 S  6.60300000E+04     18.450679
  1 S  1.51400000E+04     31.049770
  1 S  4.31700000E+03     48.888138
  1 S  1.41400000E+03     64.847798
  1 S  5.23900000E+02     42.245010

  2 S  5.23900000E+02     14.290679
  2 S  2.07700000E+02     24.083128
  2 S  8.65400000E+01      5.132542

  3 S  3.05200000E+01      9.254405

  4 S  1.29800000E+01      4.873782

  5 S  4.41200000E+00      2.169635

  6 S  1.86200000E+00      1.136043

  7 S  3.93200000E-01      0.353892

  8 S  1.40000000E-01      0.163120

  9 P  2.95700000E+03    691.874478
  9 P  7.00300000E+02    925.332763
  9 P  2.24600000E+02   1068.830732

  10 P  8.25900000E+01    122.079275
  10 P  3.31900000E+01     57.580687
  10 P  1.42000000E+01     10.176170

  11 P  1.42000000E+01      3.129736
  11 P  7.43800000E+00      6.538168
  11 P  3.52600000E+00      4.166276

  12 P  1.59500000E+00      2.555000

  13 P  8.46200000E-01      1.156861

  14 P  3.18600000E-01      0.341191

  15 P  1.09600000E-01      0.089888

  16 D  1.34800000E+02    160.709187
  16 D  3.63900000E+01    119.797406
  16 D  1.21600000E+01     55.531619
  16 D  4.34100000E+00     12.984636

  17 D  1.53500000E+00      3.484168

  18 D  4.51000000E-01      0.408525



Printing Internal Coordinates

------------------------------------------------------------
                Bond Lengths

i      j        Length (Angstroms)     Length (Bohr)
0      1          1.3574566117         2.5652212239
0      3          1.0823003395         2.0452512276
0      12         1.4676380123         2.7734338952
1      2          1.3911350775         2.6288643005
1      4          1.0759317964         2.0332164254
2      5          1.4793237314         2.7955167039
2      10         1.4020095389         2.6494140545
5      6          1.2005912777         2.2687887041
5      7          1.2014734377         2.2704557448
8      9          1.0784288218         2.0379351194
8      10         1.3513285977         2.5536409557
8      12         1.4723842784         2.7824030382
10     11         1.0799169689         2.0407473100
12     13         1.0907960279         2.0613057520
12     14         1.9537468937         3.6920465485

Number of Bonds: 15

------------------------------------------------------------
           Bond Angles

i      j      k      Angle (degrees)
0      1      2        117.6779 
0      1      4        122.2931 
0      12     8        115.8208 
0      12     13       112.8807 
0      12     14       101.1473 
1      0      3        121.2238 
1      0      12       121.1039 
1      2      5        116.8862 
1      2      10       125.6686 
2      1      4        120.0283 
2      5      6        115.7708 
2      5      7        114.9207 
2      10     8        116.7986 
2      10     11       119.8604 
3      0      12       117.4015 
5      2      10       117.4452 
6      5      7        129.2995 
8      10     11       123.3410 
8      12     13       111.8282 
8      12     14       107.9914 
9      8      10       120.5635 
9      8      12       117.3070 
10     8      12       122.0765 
13     12     14       106.0023 

Number of Angles: 24

------------------------------------------------------------
              Torsional Angles

i      j      k      l      Angle (degrees)
3      0      1      2        179.7086 
4      1      0      3         -0.5874 
8      10     2      1          4.2046 
9      8      10     2        178.3173 
10     2      1      0         -1.4666 
10     2      1      4        178.8224 
11     10     2      1       -175.7681 
11     10     8      9         -1.7110 

Number of Torsional Angles: 8


----------------------------------------------------------------------
                          Center of Mass

         x               y               z              Unit
   0.04310913661   0.08565482699  -0.02052474221      Angstrom
   0.08146446171    0.1618641644  -0.03878614159          Bohr

----------------------------------------------------------------------
                Moment of Inertia Tensor

           1065.13           92.3514          -1008.12
           92.3514           3866.19            112.24
          -1008.12            112.24           3634.02

----------------------------------------------------------------------
                      Principal Moments of Inertia

           x                 y                 z                Unit
       199.3489135       1073.246207       1125.945848       amu * ang^2
       711.8878939       3832.631785        4020.82562      amu * bohr^2
  3.3102688463e-38  1.7821684714e-37  1.8696783439e-37          g * cm^2

 - Molecule is an asymmetric top.

----------------------------------------------------------------------

         Rotational constants (MHz)

    A = 2.5351e+03        B = 4.7089e+02        C = 4.4885e+02

----------------------------------------------------------------------

        Rotational constants (cm-1)

    A = 8.4563e-02        B = 1.5707e-02        C = 1.4972e-02

----------------------------------------------------------------------

                                Z-Matrix
C   
C        1       2.5652212
C        2       2.6288643     1       117.67794
H        3      6.33334558     2     22.25094413     1         -0.2125
H        4      4.71181912     3     39.70332678     2          0.0447
N        5      4.96514827     4    126.52632266     3          0.7979
O        6      2.26878870     5    142.74520240     4        -88.3876
O        7      4.10214945     6     25.36020117     5       -116.4519
C        8      8.53302822     7     64.94259913     6        -13.5110
H        9      2.03793512     8    146.70686557     7        -58.9774
C       10      3.99584990     9     33.38651769     8         21.3218
H       11      2.04074731    10     97.30049586     9        178.5590
C       12      6.56162096    11     18.41281100    10          0.3912
H       13      2.06130575    12    126.15176162    11       -129.8827
Br      14      4.69853443    13     49.05491055    12       -132.9623

----------------------------------------------------------------------

             Converted back to Cartesian

C        0.000000      0.000000      0.000000
C        0.000000      0.000000      2.565221
C        0.000000      0.094216     -0.061954
H        0.000003     -0.175660      6.265639
H       -0.000004      0.082038      1.560872
N       -0.000028     -0.380347      6.504443
O        0.002654     -0.071106      4.256830
O       -0.001929     -0.661614      8.316252
C        0.006877      0.733519     -0.101948
H        0.006805      0.310856      1.891676
C        0.005775      1.179279     -2.008665
H        0.004754      0.676943     -0.030710
C        0.008975      2.327740     -6.381278
H        0.008767      1.732894     -4.407667
Br       0.011093      3.155830     -8.885554

----------------------------------------------------------------------
                       Geometry in bohr 

1     C      -0.9546594533    2.3094165197    1.6000801605
2     C       1.6091918738    2.3342080286    1.5200071854
3     C       2.8488523605    0.0204167479    1.3766918072
4     H      -2.0284591279    4.0458968445    1.7210881131
5     H       2.6804007307    4.0619994508    1.5548987133
6     N       5.6394210501    0.0885755194    1.2250527214
7     O       6.7332375717   -1.4571600005    2.4747203986
8     O       6.4834980491    1.6710083095   -0.1672151314
9     C      -0.8704119575   -2.3891910982    1.3319042450
10    H      -1.8849093703   -4.1554967598    1.2675702714
11    C       1.6828706795   -2.3585871531    1.3617924471
12    H       2.8247819710   -4.0498917004    1.3751008734
13    C      -2.3755647584   -0.0497915135    1.2728170537
14    H      -4.0256015563   -0.1687720860    2.5025339285
15    Br     -3.6871875788    0.3761421925   -2.1520090399

 Number of nodes, processes per node used for SCF calculation: 1, 4

Common Options
{
  maxiter       = 100
  basis         = 6-311g* spherical
  geom_units    = angstrom
  ang2au factor = 1.889726126
  debug         = false
  file_prefix   = para_th54_ph54_qed_ccsd_input
}

SCF Options
{
  charge            = 1
  multiplicity      = 1
  level shift       = 0
  tol_int           = 1e-22
  tol_sch           = 1e-12
  tol_lindep        = 1e-10
  conve             = 1e-07
  convd             = 1e-05
  diis_hist         = 10
  AO_tilesize       = 30
  writem            = 10
  damp              = 100
  n_lindep          = 0
  scf_type          = restricted
  cuscf             = false
  qed_omegas        = [0.06615,]
  qed_lambdas       = [0.1,]
  qed_polvecs       = [[0.4755282581,0.6545084972,0.5877852523,],]
  direct_df         = false
  restart_size      = 2000
  restart           = false
  debug             = false
}

Number of basis functions = 221

Total number of shells = 105

Total number of electrons = 98
  # of alpha electrons    = 49
  # of beta electons      = 49

Nuclear repulsion energy  = 745.472517860902

# of {all,non-negligible} shell-pairs = {5565,4914}
Number of AO tiles = 105

Time for initial setup: 0.02 secs
HF exch = 1.00

Time for computing 1-e integrals T, V, S: 0.01 secs
Time for computing orthogonalizer: 0.01 secs

Superposition of Atomic Density Guess ...
Time taken for SAD: 0.43 secs
Total Time to compute initial guess: 0.43 secs


 SCF iterations
-----------------------------------------------------------------------------
 Iter     Energy            E-Diff       RMSD        |[F,P]|^2       Time(s)
-----------------------------------------------------------------------------
   1  -3011.7604030986    -3.01e+03     1.67e-02     1.51e+03         0.6 
   2  -3005.7765799497     5.98e+00     6.78e-03     8.52e+00         2.1 
   3  -3006.0030413405    -2.26e-01     2.57e-03     3.39e+00         2.1 
   4  -3006.0987972094    -9.58e-02     1.17e-03     1.08e-01         2.1 
   5  -3006.1049758819    -6.18e-03     2.46e-04     1.14e-02         2.1 
   6  -3006.1055666252    -5.91e-04     1.65e-04     1.41e-03         2.1 
   7  -3006.1057063561    -1.40e-04     6.53e-05     1.83e-04         2.1 
   8  -3006.1057282779    -2.19e-05     1.67e-05     1.95e-05         2.1 
   9  -3006.1057305670    -2.29e-06     7.02e-06     3.96e-06         2.2 
  10  -3006.1057310196    -4.53e-07     3.85e-06     8.02e-07         2.2 
  11  -3006.1057311261    -1.07e-07     1.90e-06     1.56e-07         2.2 
  12  -3006.1057311498    -2.36e-08     9.84e-07     3.83e-08         2.2 

** Total SCF energy = -3006.1057311497639

Nuclear repulsion energy = 745.472517860901917
#electrons        = 98
1e energy kinetic = 3006.2148005764229310
1e energy N-e     = -8643.8398837479307986
1e energy         = -5633.6562662961277965
2e energy         = 1885.8546289949022139
QED energy        = 0.1922051659412474
QED eT energy     = 0.1717661457154828
QED eT energy from matrix = 0.1717661457154768

 Polarizability Matrix (QED energy = 0.5 * lambda.dot(matrix * lambda))
[42.31596261, -0.90141140,  1.04953302]
[-0.90141140, 40.98405151, -2.56769610]
[ 1.04953302, -2.56769610, 38.39596567]

 Polarizability Matrix (QED eT energy = 0.5 * lambda.dot(matrix * lambda))
[38.82205747, -0.96269994,  1.27910520]
[-0.96269994, 37.40203486, -3.03663874]
[ 1.27910520, -3.03663874, 34.07563355]


                      Electron        Nuclear        Total  
                  ------------------------------------------
    Monopole         -98.000000     99.000000      1.000000

      Dipole   X     -26.684244     25.366152     -1.318092
      Dipole   Y     -14.360928     14.428357      0.067428
      Dipole   Z      -9.446236     10.916044      1.469808

  Quadrupole  XX   -1611.088682   1561.572506    -49.516176
  Quadrupole  XY      37.848795    -38.081729     -0.232934
  Quadrupole  XZ    -461.281837    460.502873     -0.778964
  Quadrupole  YY    -283.231168    243.234848    -39.996321
  Quadrupole  YZ      53.672425    -51.751342      1.921083
  Quadrupole  ZZ    -355.751273    309.039881    -46.711392

    Octupole XXX   -4355.985304   4187.584255   -168.401049
    Octupole XXY    -230.430186    225.419077     -5.011108
    Octupole XXZ    -358.672156    336.026300    -22.645856
    Octupole XYY    -350.938782    314.331686    -36.607095
    Octupole XYZ     113.898766   -102.627230     11.271535
    Octupole XZZ     152.528632   -203.093001    -50.564369
    Octupole YYY     -16.148367     -0.836707    -16.985075
    Octupole YYZ    -322.407861    318.041395     -4.366466
    Octupole YZZ     -11.366338     13.203364      1.837026
    Octupole ZZZ       9.142400    -82.566525    -73.424126

writing orbitals and density to disk ... done.

Total Time taken for Hartree-Fock: 25.85 secs

CD Options
{
  debug             = false
  skip_cd           = [false, 100]
  write_cv          = [false, 5000]
  diagtol           = 1e-06
  itilesize         = 1000
  max_cvecs_factor  = 12
}

- #occupied, #virtual = 98, 344

- Tilesize for the MSO space: 40

-----------------------------------------------------
Begin 2-index transformation ... 

nAO, nMO, nelectrons = 221, 442, 98
n_occ_alpha, n_vir_alpha, n_occ_beta, n_vir_beta = 49,172,49,172

Time taken for Fao->Fmo transform: 0.00 secs

-----------------------------------------------------
Number of AO tiles = 105
# of {all,non-negligible} shell-pairs = {5565,4914}

    Begin Cholesky Decomposition
---------------------------------------------
Total # of mpi ranks used for Cholesky decomposition: 4
  --> Number of nodes, mpi ranks per node: 1, 4
- CPU memory required for computing cholesky vectors: 1.93 GiB

- Time for computing the diagonal: 0.01 secs

- Total number of cholesky vectors = 1636

- Time to compute cholesky vectors: 13.34 secs

- CPU memory required for resizing the ao cholesky tensor: 1.56 GiB
- CPU memory required for ao2mo transformation: 1.69 GiB
- CPU memory required for the 2-step contraction: 2.10 GiB

- Time for ao to mo transform: 1.58 secs

   End Cholesky Decomposition
---------------------------------------------

Total Time taken for Cholesky Decomposition: 16.88 secs

scf_type = restricted
Closed-Shell SCF
QED-HF Enabled
nbf = 203
nbf_orig = 221
n_lindep = 0
focc = 1
nmo = 406
nocc = 62
nvir = 344
n_occ_alpha = 31
n_vir_alpha = 172
n_occ_beta = 31
n_vir_beta = 172
nelectrons = 98
nelectrons_alpha = 49
nelectrons_beta = 49
freeze atomic = true
n_frozen_core = 18
n_frozen_virtual = 0
----------------------------
--------- QED-CCSD --------
lambda_x: 0.0476
lambda_y: 0.0655
lambda_z: 0.0588
omega: 0.066150
coupling_factor_x: 0.008648
coupling_factor_y: 0.011903
coupling_factor_z: 0.010690
----------------------------
# of {all,non-negligible} shell-pairs = {5565,4914}
Number of AO tiles = 105
----------------------------
Electronic dipole expectation value using SCF density: 
dipole_x_elec: -26.68416431
dipole_y_elec: -14.36085735
dipole_z_elec: -9.44614237

d_n/N value: d_n is nuclear dipole moment and N is the total number of electrons 
d_nuc_x: 0.25883829
d_nuc_y: 0.14722813
d_nuc_z: 0.11138820

<d_e+d_n> expectation values: 
dipole_total_x: -1.31801214
dipole_total_y: 0.06749943
dipole_total_z: 1.46990171
----------------------------


 CCSD iterations
------------------------------------------------------------
  Iter     Residuum          Correlation          Time(s)
------------------------------------------------------------
   1     1.1853233826784    0.0000000000000         86.67
   2     0.1666803367067   -1.6419635880523         85.92
   3     0.0673499465999   -1.6313078306916         86.24
   4     0.0252098582526   -1.6982322406820         86.38
   5     0.0219303624006   -1.6908944502147         85.06
 MICROCYCLE DIIS UPDATE:                    6
   6     0.0084932228596   -1.7019405774300         83.75
   7     0.0057514958760   -1.7014537042933         83.86
   8     0.0037975687427   -1.7031139801756         83.91
   9     0.0029828987148   -1.7033014027869         83.92
  10     0.0029525558505   -1.7037030087296         84.08
 MICROCYCLE DIIS UPDATE:                   11
  11     0.0008379664227   -1.7043082159305         85.03
  12     0.0006376521442   -1.7043160364777         84.27
  13     0.0005662740001   -1.7043490820434         84.31
  14     0.0005675166727   -1.7043237841375         84.46
  15     0.0006317507115   -1.7043478600304         84.32
 MICROCYCLE DIIS UPDATE:                   16
  16     0.0001644573976   -1.7043357430716         85.13
  17     0.0001099060473   -1.7043509984419         84.37
  18     0.0000904507635   -1.7043648680261         84.27
  19     0.0000824763886   -1.7043730690548         84.39
  20     0.0000885918231   -1.7043739265561         85.00
 MICROCYCLE DIIS UPDATE:                   21
  21     0.0000346104607   -1.7043895353277         85.08
  22     0.0000263342361   -1.7043838165590         84.99
  23     0.0000226250878   -1.7043838147563         85.18
  24     0.0000221583132   -1.7043818456282         85.54
  25     0.0000238926654   -1.7043825484499         84.96
 MICROCYCLE DIIS UPDATE:                   26
  26     0.0000076764134   -1.7043800878691         84.85
  27     0.0000051404167   -1.7043812722681         84.66
  28     0.0000041634868   -1.7043818621778         84.63
  29     0.0000036964323   -1.7043823900518         83.92
  30     0.0000038534596   -1.7043823877710         83.92
 MICROCYCLE DIIS UPDATE:                   31
  31     0.0000016405523   -1.7043832283700         83.82
  32     0.0000012326461   -1.7043829177667         83.94
  33     0.0000010611676   -1.7043829155891         83.91
  34     0.0000010377871   -1.7043828180029         84.28
  35     0.0000011225219   -1.7043828523683         84.12
 MICROCYCLE DIIS UPDATE:                   36
  36     0.0000003615352   -1.7043827330537         85.08
------------------------------------------------------------------
 Iterations converged
 CCSD correlation energy / hartree =        -1.704382733053673
 CCSD total energy / hartree       =     -3007.810113882817404

Time taken for spin-orbital canonical QED-CCSD: 3239.92 secs
